
> heypeter-academy-app@0.1.0 test
> jest

FAIL src/lib/services/__tests__/feedback-service.test.ts
  ● FeedbackService › Student Feedback › should create student feedback successfully

    TypeError: Cannot read properties of undefined (reading 'from')

      169 |   async createStudentFeedback(feedback: StudentFeedback): Promise<StudentFeedback> {
      170 |     const { data, error } = await this.supabase
    > 171 |       .from('student_feedback')
          |        ^
      172 |       .insert(feedback)
      173 |       .select()
      174 |       .single();

      at FeedbackService.from [as createStudentFeedback] (src/lib/services/feedback-service.ts:171:8)
      at Object.createStudentFeedback (src/lib/services/__tests__/feedback-service.test.ts:71:44)

  ● FeedbackService › Student Feedback › should handle errors when creating student feedback

    expect(received).rejects.toThrow(expected)

    Expected substring: "Database error"
    Received message:   "Cannot read properties of undefined (reading 'from')"

          169 |   async createStudentFeedback(feedback: StudentFeedback): Promise<StudentFeedback> {
          170 |     const { data, error } = await this.supabase
        > 171 |       .from('student_feedback')
              |        ^
          172 |       .insert(feedback)
          173 |       .select()
          174 |       .single();

      at FeedbackService.from [as createStudentFeedback] (src/lib/services/feedback-service.ts:171:8)
      at Object.createStudentFeedback (src/lib/services/__tests__/feedback-service.test.ts:83:36)
      at Object.toThrow (node_modules/.pnpm/expect@30.0.2/node_modules/expect/build/index.js:2151:20)
      at Object.toThrow (src/lib/services/__tests__/feedback-service.test.ts:84:18)

  ● FeedbackService › Student Feedback › should retrieve student feedback by ID

    TypeError: Cannot read properties of undefined (reading 'from')

      185 |   async getStudentFeedback(id: string): Promise<StudentFeedback | null> {
      186 |     const { data, error } = await this.supabase
    > 187 |       .from('student_feedback')
          |        ^
      188 |       .select(`
      189 |         *,
      190 |         student:students(id, full_name, email),

      at FeedbackService.from [as getStudentFeedback] (src/lib/services/feedback-service.ts:187:8)
      at Object.getStudentFeedback (src/lib/services/__tests__/feedback-service.test.ts:98:44)

  ● FeedbackService › Student Feedback › should update student feedback

    TypeError: Cannot read properties of undefined (reading 'from')

      202 |   async updateStudentFeedback(id: string, updates: Partial<StudentFeedback>): Promise<StudentFeedback> {
      203 |     const { data, error } = await this.supabase
    > 204 |       .from('student_feedback')
          |        ^
      205 |       .update(updates)
      206 |       .eq('id', id)
      207 |       .select()

      at FeedbackService.from [as updateStudentFeedback] (src/lib/services/feedback-service.ts:204:8)
      at Object.updateStudentFeedback (src/lib/services/__tests__/feedback-service.test.ts:111:44)

  ● FeedbackService › Student Feedback › should delete student feedback

    TypeError: Cannot read properties of undefined (reading 'from')

      214 |   async deleteStudentFeedback(id: string): Promise<void> {
      215 |     const { error } = await this.supabase
    > 216 |       .from('student_feedback')
          |        ^
      217 |       .delete()
      218 |       .eq('id', id);
      219 |

      at FeedbackService.from [as deleteStudentFeedback] (src/lib/services/feedback-service.ts:216:8)
      at Object.deleteStudentFeedback (src/lib/services/__tests__/feedback-service.test.ts:121:29)

  ● FeedbackService › Student Feedback › should get student feedback list with filters

    TypeError: Cannot read properties of undefined (reading 'from')

      234 |   } = {}): Promise<{ data: StudentFeedback[]; count: number }> {
      235 |     let query = this.supabase
    > 236 |       .from('student_feedback')
          |        ^
      237 |       .select(`
      238 |         *,
      239 |         student:students(id, full_name, email),

      at FeedbackService.from [as getStudentFeedbackList] (src/lib/services/feedback-service.ts:236:8)
      at Object.getStudentFeedbackList (src/lib/services/__tests__/feedback-service.test.ts:141:44)

  ● FeedbackService › Teacher Feedback › should create teacher feedback successfully

    TypeError: Cannot read properties of undefined (reading 'from')

      265 |   async createTeacherFeedback(feedback: TeacherFeedback): Promise<TeacherFeedback> {
      266 |     const { data, error } = await this.supabase
    > 267 |       .from('teacher_feedback')
          |        ^
      268 |       .insert(feedback)
      269 |       .select()
      270 |       .single();

      at FeedbackService.from [as createTeacherFeedback] (src/lib/services/feedback-service.ts:267:8)
      at Object.createTeacherFeedback (src/lib/services/__tests__/feedback-service.test.ts:180:44)

  ● FeedbackService › Teacher Feedback › should retrieve teacher feedback by ID

    TypeError: Cannot read properties of undefined (reading 'from')

      278 |   async getTeacherFeedback(id: string): Promise<TeacherFeedback | null> {
      279 |     const { data, error } = await this.supabase
    > 280 |       .from('teacher_feedback')
          |        ^
      281 |       .select(`
      282 |         *,
      283 |         teacher:teachers(id, full_name, email),

      at FeedbackService.from [as getTeacherFeedback] (src/lib/services/feedback-service.ts:280:8)
      at Object.getTeacherFeedback (src/lib/services/__tests__/feedback-service.test.ts:198:44)

  ● FeedbackService › Teacher Feedback › should get teacher feedback list with filters

    TypeError: Cannot read properties of undefined (reading 'from')

      315 |   } = {}): Promise<{ data: TeacherFeedback[]; count: number }> {
      316 |     let query = this.supabase
    > 317 |       .from('teacher_feedback')
          |        ^
      318 |       .select(`
      319 |         *,
      320 |         teacher:teachers(id, full_name, email),

      at FeedbackService.from [as getTeacherFeedbackList] (src/lib/services/feedback-service.ts:317:8)
      at Object.getTeacherFeedbackList (src/lib/services/__tests__/feedback-service.test.ts:217:44)

  ● FeedbackService › Course Feedback › should create course feedback successfully

    TypeError: Cannot read properties of undefined (reading 'from')

      344 |   async createCourseFeedback(feedback: CourseFeedback): Promise<CourseFeedback> {
      345 |     const { data, error } = await this.supabase
    > 346 |       .from('course_feedback')
          |        ^
      347 |       .insert(feedback)
      348 |       .select()
      349 |       .single();

      at FeedbackService.from [as createCourseFeedback] (src/lib/services/feedback-service.ts:346:8)
      at Object.createCourseFeedback (src/lib/services/__tests__/feedback-service.test.ts:248:44)

  ● FeedbackService › Course Feedback › should retrieve course feedback by ID

    TypeError: Cannot read properties of undefined (reading 'from')

      356 |   async getCourseFeedback(id: string): Promise<CourseFeedback | null> {
      357 |     const { data, error } = await this.supabase
    > 358 |       .from('course_feedback')
          |        ^
      359 |       .select(`
      360 |         *,
      361 |         student:students(id, full_name, email),

      at FeedbackService.from [as getCourseFeedback] (src/lib/services/feedback-service.ts:358:8)
      at Object.getCourseFeedback (src/lib/services/__tests__/feedback-service.test.ts:266:44)

  ● FeedbackService › Feedback Analytics › should get teacher feedback analytics

    TypeError: Cannot read properties of undefined (reading 'from')

      541 |     
      542 |     const { data: feedbackData, error } = await this.supabase
    > 543 |       .from('student_feedback')
          |        ^
      544 |       .select('overall_rating, positive_feedback, improvement_suggestions, created_at')
      545 |       .eq('teacher_id', teacherId)
      546 |       .gte('created_at', dateFilter);

      at FeedbackService.from [as getTeacherFeedbackAnalytics] (src/lib/services/feedback-service.ts:543:8)
      at Object.getTeacherFeedbackAnalytics (src/lib/services/__tests__/feedback-service.test.ts:296:44)

  ● FeedbackService › Feedback Analytics › should get student progress analytics

    TypeError: Cannot read properties of undefined (reading 'from')

      573 |   }> {
      574 |     const { data: teacherFeedback, error } = await this.supabase
    > 575 |       .from('teacher_feedback')
          |        ^
      576 |       .select('*')
      577 |       .eq('student_id', studentId)
      578 |       .order('created_at', { ascending: false })

      at FeedbackService.from [as getStudentProgressAnalytics] (src/lib/services/feedback-service.ts:575:8)
      at Object.getStudentProgressAnalytics (src/lib/services/__tests__/feedback-service.test.ts:312:44)

  ● FeedbackService › Alert Management › should create feedback alert

    TypeError: Cannot read properties of undefined (reading 'from')

      429 |   async createFeedbackAlert(alert: FeedbackAlert): Promise<FeedbackAlert> {
      430 |     const { data, error } = await this.supabase
    > 431 |       .from('feedback_alerts')
          |        ^
      432 |       .insert(alert)
      433 |       .select()
      434 |       .single();

      at FeedbackService.from [as createFeedbackAlert] (src/lib/services/feedback-service.ts:431:8)
      at Object.createFeedbackAlert (src/lib/services/__tests__/feedback-service.test.ts:334:44)

  ● FeedbackService › Alert Management › should get feedback alerts for user

    TypeError: Cannot read properties of undefined (reading 'from')

      445 |   } = {}): Promise<FeedbackAlert[]> {
      446 |     let query = this.supabase
    > 447 |       .from('feedback_alerts')
          |        ^
      448 |       .select('*')
      449 |       .eq('user_id', userId);
      450 |

      at FeedbackService.from [as getFeedbackAlerts] (src/lib/services/feedback-service.ts:447:8)
      at Object.getFeedbackAlerts (src/lib/services/__tests__/feedback-service.test.ts:349:44)

  ● FeedbackService › Alert Management › should mark alert as read

    TypeError: Cannot read properties of undefined (reading 'from')

      465 |   async markAlertAsRead(alertId: string): Promise<void> {
      466 |     const { error } = await this.supabase
    > 467 |       .from('feedback_alerts')
          |        ^
      468 |       .update({ is_read: true })
      469 |       .eq('id', alertId);
      470 |

      at FeedbackService.from [as markAlertAsRead] (src/lib/services/feedback-service.ts:467:8)
      at Object.markAlertAsRead (src/lib/services/__tests__/feedback-service.test.ts:359:29)

  ● FeedbackService › Recommendations › should get teacher recommendations for student

    TypeError: Cannot read properties of undefined (reading 'from')

      487 |   async getTeacherRecommendations(studentId: string, limit: number = 5): Promise<TeacherRecommendation[]> {
      488 |     const { data, error } = await this.supabase
    > 489 |       .from('teacher_recommendations')
          |        ^
      490 |       .select(`
      491 |         *,
      492 |         recommended_teacher:teachers(id, full_name, email, bio, hourly_rate)

      at FeedbackService.from [as getTeacherRecommendations] (src/lib/services/feedback-service.ts:489:8)
      at Object.getTeacherRecommendations (src/lib/services/__tests__/feedback-service.test.ts:383:44)

  ● FeedbackService › Recommendations › should accept teacher recommendation

    TypeError: Cannot read properties of undefined (reading 'from')

      519 |   async acceptTeacherRecommendation(recommendationId: string): Promise<void> {
      520 |     const { error } = await this.supabase
    > 521 |       .from('teacher_recommendations')
          |        ^
      522 |       .update({ status: 'accepted' })
      523 |       .eq('id', recommendationId);
      524 |

      at FeedbackService.from [as acceptTeacherRecommendation] (src/lib/services/feedback-service.ts:521:8)
      at Object.acceptTeacherRecommendation (src/lib/services/__tests__/feedback-service.test.ts:394:29)

  ● FeedbackService › Error Handling › should handle Supabase errors gracefully

    expect(received).rejects.toThrow(expected)

    Expected substring: "Connection failed"
    Received message:   "Cannot read properties of undefined (reading 'from')"

          185 |   async getStudentFeedback(id: string): Promise<StudentFeedback | null> {
          186 |     const { data, error } = await this.supabase
        > 187 |       .from('student_feedback')
              |        ^
          188 |       .select(`
          189 |         *,
          190 |         student:students(id, full_name, email),

      at FeedbackService.from [as getStudentFeedback] (src/lib/services/feedback-service.ts:187:8)
      at Object.getStudentFeedback (src/lib/services/__tests__/feedback-service.test.ts:407:36)
      at Object.toThrow (node_modules/.pnpm/expect@30.0.2/node_modules/expect/build/index.js:2151:20)
      at Object.toThrow (src/lib/services/__tests__/feedback-service.test.ts:408:18)

  ● FeedbackService › Error Handling › should handle missing data gracefully

    TypeError: Cannot read properties of undefined (reading 'from')

      185 |   async getStudentFeedback(id: string): Promise<StudentFeedback | null> {
      186 |     const { data, error } = await this.supabase
    > 187 |       .from('student_feedback')
          |        ^
      188 |       .select(`
      189 |         *,
      190 |         student:students(id, full_name, email),

      at FeedbackService.from [as getStudentFeedback] (src/lib/services/feedback-service.ts:187:8)
      at Object.getStudentFeedback (src/lib/services/__tests__/feedback-service.test.ts:414:44)

  ● FeedbackService › Utility Methods › should calculate average correctly

    TypeError: Cannot read properties of undefined (reading 'from')

      541 |     
      542 |     const { data: feedbackData, error } = await this.supabase
    > 543 |       .from('student_feedback')
          |        ^
      544 |       .select('overall_rating, positive_feedback, improvement_suggestions, created_at')
      545 |       .eq('teacher_id', teacherId)
      546 |       .gte('created_at', dateFilter);

      at FeedbackService.from [as getTeacherFeedbackAnalytics] (src/lib/services/feedback-service.ts:543:8)
      at Object.getTeacherFeedbackAnalytics (src/lib/services/__tests__/feedback-service.test.ts:430:44)

  ● FeedbackService › Utility Methods › should extract common themes from text

    TypeError: Cannot read properties of undefined (reading 'from')

      573 |   }> {
      574 |     const { data: teacherFeedback, error } = await this.supabase
    > 575 |       .from('teacher_feedback')
          |        ^
      576 |       .select('*')
      577 |       .eq('student_id', studentId)
      578 |       .order('created_at', { ascending: false })

      at FeedbackService.from [as getStudentProgressAnalytics] (src/lib/services/feedback-service.ts:575:8)
      at Object.getStudentProgressAnalytics (src/lib/services/__tests__/feedback-service.test.ts:443:44)

FAIL src/lib/services/__tests__/scheduling-rules-engine.test.ts
  ● Console

    console.error
      Scheduling error: TypeError: _supabase.supabase.from(...).select(...).eq(...).eq is not a function
          at SchedulingRulesEngine.eq [as getContentItems] (/Users/invoture/dev.local/hey-peter/src/lib/services/scheduling-rules-engine.ts:486:8)
          at SchedulingRulesEngine.getContentItems [as createClassCompositions] (/Users/invoture/dev.local/hey-peter/src/lib/services/scheduling-rules-engine.ts:146:39)
          at SchedulingRulesEngine.createClassCompositions [as scheduleClasses] (/Users/invoture/dev.local/hey-peter/src/lib/services/scheduling-rules-engine.ts:76:44)
          at processTicksAndRejections (node:internal/process/task_queues:95:5)
          at Object.<anonymous> (/Users/invoture/dev.local/hey-peter/src/lib/services/__tests__/scheduling-rules-engine.test.ts:125:24)

      115 |
      116 |     } catch (error) {
    > 117 |       console.error('Scheduling error:', error);
          |               ^
      118 |       return {
      119 |         success: false,
      120 |         error: error.message,

      at SchedulingRulesEngine.error [as scheduleClasses] (src/lib/services/scheduling-rules-engine.ts:117:15)
      at Object.<anonymous> (src/lib/services/__tests__/scheduling-rules-engine.test.ts:125:24)

    console.error
      Scheduling error: Error: Analysis failed
          at Object.<anonymous> (/Users/invoture/dev.local/hey-peter/src/lib/services/__tests__/scheduling-rules-engine.test.ts:161:75)
          at Promise.finally.completed (/Users/invoture/dev.local/hey-peter/node_modules/.pnpm/jest-circus@30.0.2/node_modules/jest-circus/build/jestAdapterInit.js:1559:28)
          at new Promise (<anonymous>)
          at callAsyncCircusFn (/Users/invoture/dev.local/hey-peter/node_modules/.pnpm/jest-circus@30.0.2/node_modules/jest-circus/build/jestAdapterInit.js:1499:10)
          at _callCircusTest (/Users/invoture/dev.local/hey-peter/node_modules/.pnpm/jest-circus@30.0.2/node_modules/jest-circus/build/jestAdapterInit.js:1009:40)
          at processTicksAndRejections (node:internal/process/task_queues:95:5)
          at _runTest (/Users/invoture/dev.local/hey-peter/node_modules/.pnpm/jest-circus@30.0.2/node_modules/jest-circus/build/jestAdapterInit.js:949:3)
          at _runTestsForDescribeBlock (/Users/invoture/dev.local/hey-peter/node_modules/.pnpm/jest-circus@30.0.2/node_modules/jest-circus/build/jestAdapterInit.js:839:13)
          at _runTestsForDescribeBlock (/Users/invoture/dev.local/hey-peter/node_modules/.pnpm/jest-circus@30.0.2/node_modules/jest-circus/build/jestAdapterInit.js:829:11)
          at _runTestsForDescribeBlock (/Users/invoture/dev.local/hey-peter/node_modules/.pnpm/jest-circus@30.0.2/node_modules/jest-circus/build/jestAdapterInit.js:829:11)
          at run (/Users/invoture/dev.local/hey-peter/node_modules/.pnpm/jest-circus@30.0.2/node_modules/jest-circus/build/jestAdapterInit.js:757:3)
          at runAndTransformResultsToJestFormat (/Users/invoture/dev.local/hey-peter/node_modules/.pnpm/jest-circus@30.0.2/node_modules/jest-circus/build/jestAdapterInit.js:1920:21)
          at jestAdapter (/Users/invoture/dev.local/hey-peter/node_modules/.pnpm/jest-circus@30.0.2/node_modules/jest-circus/build/runner.js:101:19)
          at runTestInternal (/Users/invoture/dev.local/hey-peter/node_modules/.pnpm/jest-runner@30.0.2/node_modules/jest-runner/build/testWorker.js:272:16)
          at runTest (/Users/invoture/dev.local/hey-peter/node_modules/.pnpm/jest-runner@30.0.2/node_modules/jest-runner/build/testWorker.js:340:7)
          at Object.worker (/Users/invoture/dev.local/hey-peter/node_modules/.pnpm/jest-runner@30.0.2/node_modules/jest-runner/build/testWorker.js:494:12)

      115 |
      116 |     } catch (error) {
    > 117 |       console.error('Scheduling error:', error);
          |               ^
      118 |       return {
      119 |         success: false,
      120 |         error: error.message,

      at SchedulingRulesEngine.error [as scheduleClasses] (src/lib/services/scheduling-rules-engine.ts:117:15)
      at Object.<anonymous> (src/lib/services/__tests__/scheduling-rules-engine.test.ts:163:24)

    console.error
      Scheduling error: TypeError: _supabase.supabase.from(...).select(...).eq(...).eq is not a function
          at SchedulingRulesEngine.eq [as getContentItems] (/Users/invoture/dev.local/hey-peter/src/lib/services/scheduling-rules-engine.ts:486:8)
          at SchedulingRulesEngine.getContentItems [as createClassCompositions] (/Users/invoture/dev.local/hey-peter/src/lib/services/scheduling-rules-engine.ts:146:39)
          at SchedulingRulesEngine.createClassCompositions [as scheduleClasses] (/Users/invoture/dev.local/hey-peter/src/lib/services/scheduling-rules-engine.ts:76:44)
          at processTicksAndRejections (node:internal/process/task_queues:95:5)
          at Object.<anonymous> (/Users/invoture/dev.local/hey-peter/src/lib/services/__tests__/scheduling-rules-engine.test.ts:280:24)

      115 |
      116 |     } catch (error) {
    > 117 |       console.error('Scheduling error:', error);
          |               ^
      118 |       return {
      119 |         success: false,
      120 |         error: error.message,

      at SchedulingRulesEngine.error [as scheduleClasses] (src/lib/services/scheduling-rules-engine.ts:117:15)
      at Object.<anonymous> (src/lib/services/__tests__/scheduling-rules-engine.test.ts:280:24)

    console.error
      Scheduling error: TypeError: _supabase.supabase.from(...).select(...).eq(...).eq is not a function
          at SchedulingRulesEngine.eq [as getContentItems] (/Users/invoture/dev.local/hey-peter/src/lib/services/scheduling-rules-engine.ts:486:8)
          at SchedulingRulesEngine.getContentItems [as createClassCompositions] (/Users/invoture/dev.local/hey-peter/src/lib/services/scheduling-rules-engine.ts:146:39)
          at SchedulingRulesEngine.createClassCompositions [as scheduleClasses] (/Users/invoture/dev.local/hey-peter/src/lib/services/scheduling-rules-engine.ts:76:44)
          at processTicksAndRejections (node:internal/process/task_queues:95:5)
          at Object.<anonymous> (/Users/invoture/dev.local/hey-peter/src/lib/services/__tests__/scheduling-rules-engine.test.ts:424:24)

      115 |
      116 |     } catch (error) {
    > 117 |       console.error('Scheduling error:', error);
          |               ^
      118 |       return {
      119 |         success: false,
      120 |         error: error.message,

      at SchedulingRulesEngine.error [as scheduleClasses] (src/lib/services/scheduling-rules-engine.ts:117:15)
      at Object.<anonymous> (src/lib/services/__tests__/scheduling-rules-engine.test.ts:424:24)

    console.error
      Scheduling error: TypeError: _supabase.supabase.from(...).select(...).eq(...).eq is not a function
          at SchedulingRulesEngine.eq [as getContentItems] (/Users/invoture/dev.local/hey-peter/src/lib/services/scheduling-rules-engine.ts:486:8)
          at SchedulingRulesEngine.getContentItems [as createClassCompositions] (/Users/invoture/dev.local/hey-peter/src/lib/services/scheduling-rules-engine.ts:146:39)
          at SchedulingRulesEngine.createClassCompositions [as scheduleClasses] (/Users/invoture/dev.local/hey-peter/src/lib/services/scheduling-rules-engine.ts:76:44)
          at processTicksAndRejections (node:internal/process/task_queues:95:5)
          at Object.<anonymous> (/Users/invoture/dev.local/hey-peter/src/lib/services/__tests__/scheduling-rules-engine.test.ts:494:24)

      115 |
      116 |     } catch (error) {
    > 117 |       console.error('Scheduling error:', error);
          |               ^
      118 |       return {
      119 |         success: false,
      120 |         error: error.message,

      at SchedulingRulesEngine.error [as scheduleClasses] (src/lib/services/scheduling-rules-engine.ts:117:15)
      at Object.<anonymous> (src/lib/services/__tests__/scheduling-rules-engine.test.ts:494:24)

  ● SchedulingRulesEngine › scheduleClasses › should successfully schedule classes for basic course type

    expect(received).toBe(expected) // Object.is equality

    Expected: true
    Received: false

      125 |       const response = await schedulingRulesEngine.scheduleClasses(request);
      126 |
    > 127 |       expect(response.success).toBe(true);
          |                                ^
      128 |       expect(response.result).toBeDefined();
      129 |       expect(response.result?.scheduled_classes).toBeDefined();
      130 |       expect(response.processing_time_ms).toBeGreaterThan(0);

      at Object.toBe (src/lib/services/__tests__/scheduling-rules-engine.test.ts:127:32)

  ● SchedulingRulesEngine › scheduleClasses › should prioritize urgent content for struggling students

    expect(received).toBe(expected) // Object.is equality

    Expected: true
    Received: false

      224 |         cls.class_type === 'individual' && 
      225 |         cls.student_ids.includes('struggling-student')
    > 226 |       )).toBe(true);
          |          ^
      227 |     });
      228 |
      229 |     it('should create group classes for compatible students', async () => {

      at Object.toBe (src/lib/services/__tests__/scheduling-rules-engine.test.ts:226:10)

  ● SchedulingRulesEngine › scheduleClasses › should create group classes for compatible students

    expect(received).toBe(expected) // Object.is equality

    Expected: true
    Received: false

      280 |       const response = await schedulingRulesEngine.scheduleClasses(request);
      281 |
    > 282 |       expect(response.success).toBe(true);
          |                                ^
      283 |       expect(response.result?.scheduled_classes.some(cls => 
      284 |         cls.class_type === 'group' && 
      285 |         cls.student_ids.length > 1

      at Object.toBe (src/lib/services/__tests__/scheduling-rules-engine.test.ts:282:32)

  ● SchedulingRulesEngine › Content-based grouping logic › should group students with similar unlearned content

    expect(received).toBe(expected) // Object.is equality

    Expected: true
    Received: false

      424 |       const response = await schedulingRulesEngine.scheduleClasses(request);
      425 |
    > 426 |       expect(response.success).toBe(true);
          |                                ^
      427 |       expect(response.result?.scheduled_classes.some(cls => 
      428 |         cls.student_ids.includes('student1') && 
      429 |         cls.student_ids.includes('student2') &&

      at Object.toBe (src/lib/services/__tests__/scheduling-rules-engine.test.ts:426:32)

  ● SchedulingRulesEngine › Content-based grouping logic › should handle different difficulty levels appropriately

    expect(received).toBe(expected) // Object.is equality

    Expected: true
    Received: false

      494 |       const response = await schedulingRulesEngine.scheduleClasses(request);
      495 |
    > 496 |       expect(response.success).toBe(true);
          |                                ^
      497 |       
      498 |       // Should create separate classes due to difficulty mismatch
      499 |       const beginnerClass = response.result?.scheduled_classes.find(cls => 

      at Object.toBe (src/lib/services/__tests__/scheduling-rules-engine.test.ts:496:32)

  ● SchedulingRulesEngine › Error handling and edge cases › should handle missing student data gracefully

    expect(received).toContain(expected) // indexOf

    Expected value: "nonexistent-student"
    Received array: []

      527 |       expect(response.success).toBe(true);
      528 |       expect(response.result?.scheduled_classes).toHaveLength(0);
    > 529 |       expect(response.result?.unscheduled_students).toContain('nonexistent-student');
          |                                                     ^
      530 |     });
      531 |
      532 |     it('should handle invalid time ranges', async () => {

      at Object.toContain (src/lib/services/__tests__/scheduling-rules-engine.test.ts:529:53)

  ● SchedulingRulesEngine › Error handling and edge cases › should handle invalid time ranges

    expect(received).toBe(expected) // Object.is equality

    Expected: false
    Received: true

      542 |       const response = await schedulingRulesEngine.scheduleClasses(request);
      543 |
    > 544 |       expect(response.success).toBe(false);
          |                                ^
      545 |       expect(response.error).toBeDefined();
      546 |     });
      547 |

      at Object.toBe (src/lib/services/__tests__/scheduling-rules-engine.test.ts:544:32)

FAIL src/lib/services/__tests__/content-sync-integration.test.ts
  ● Console

    console.log
      Scheduling integration registered

      at ContentSyncIntegration.log [as registerSchedulingIntegration] (src/lib/services/content-sync-integration.ts:396:13)

    console.log
      Capacity integration registered

      at ContentSyncIntegration.log [as registerCapacityIntegration] (src/lib/services/content-sync-integration.ts:404:13)

    console.log
      Rules integration registered

      at ContentSyncIntegration.log [as registerRulesIntegration] (src/lib/services/content-sync-integration.ts:411:13)

  ● ContentSyncIntegration › scheduleWithContentSync › should integrate scheduling with content synchronization

    TypeError: mockSupabase.from.mockReturnValue is not a function

      27 |     // Setup Supabase mock
      28 |     mockFrom = jest.fn();
    > 29 |     mockSupabase.from.mockReturnValue({
         |                       ^
      30 |       select: jest.fn().mockReturnThis(),
      31 |       eq: jest.fn().mockReturnThis(),
      32 |       single: jest.fn(),

      at Object.mockReturnValue (src/lib/services/__tests__/content-sync-integration.test.ts:29:23)

  ● ContentSyncIntegration › scheduleWithContentSync › should handle scheduling failure gracefully

    TypeError: mockSupabase.from.mockReturnValue is not a function

      27 |     // Setup Supabase mock
      28 |     mockFrom = jest.fn();
    > 29 |     mockSupabase.from.mockReturnValue({
         |                       ^
      30 |       select: jest.fn().mockReturnThis(),
      31 |       eq: jest.fn().mockReturnThis(),
      32 |       single: jest.fn(),

      at Object.mockReturnValue (src/lib/services/__tests__/content-sync-integration.test.ts:29:23)

  ● ContentSyncIntegration › scheduleWithContentSync › should handle sync failures with warnings

    TypeError: mockSupabase.from.mockReturnValue is not a function

      27 |     // Setup Supabase mock
      28 |     mockFrom = jest.fn();
    > 29 |     mockSupabase.from.mockReturnValue({
         |                       ^
      30 |       select: jest.fn().mockReturnThis(),
      31 |       eq: jest.fn().mockReturnThis(),
      32 |       single: jest.fn(),

      at Object.mockReturnValue (src/lib/services/__tests__/content-sync-integration.test.ts:29:23)

  ● ContentSyncIntegration › handleCapacityChange › should handle capacity increase with new student alignment

    TypeError: mockSupabase.from.mockReturnValue is not a function

      27 |     // Setup Supabase mock
      28 |     mockFrom = jest.fn();
    > 29 |     mockSupabase.from.mockReturnValue({
         |                       ^
      30 |       select: jest.fn().mockReturnThis(),
      31 |       eq: jest.fn().mockReturnThis(),
      32 |       single: jest.fn(),

      at Object.mockReturnValue (src/lib/services/__tests__/content-sync-integration.test.ts:29:23)

  ● ContentSyncIntegration › handleCapacityChange › should update content based on capacity changes

    TypeError: mockSupabase.from.mockReturnValue is not a function

      27 |     // Setup Supabase mock
      28 |     mockFrom = jest.fn();
    > 29 |     mockSupabase.from.mockReturnValue({
         |                       ^
      30 |       select: jest.fn().mockReturnThis(),
      31 |       eq: jest.fn().mockReturnThis(),
      32 |       single: jest.fn(),

      at Object.mockReturnValue (src/lib/services/__tests__/content-sync-integration.test.ts:29:23)

  ● ContentSyncIntegration › handleRulesUpdate › should trigger re-synchronization for affected classes

    TypeError: mockSupabase.from.mockReturnValue is not a function

      27 |     // Setup Supabase mock
      28 |     mockFrom = jest.fn();
    > 29 |     mockSupabase.from.mockReturnValue({
         |                       ^
      30 |       select: jest.fn().mockReturnThis(),
      31 |       eq: jest.fn().mockReturnThis(),
      32 |       single: jest.fn(),

      at Object.mockReturnValue (src/lib/services/__tests__/content-sync-integration.test.ts:29:23)

  ● ContentSyncIntegration › handleRulesUpdate › should skip non-impactful rule types

    TypeError: mockSupabase.from.mockReturnValue is not a function

      27 |     // Setup Supabase mock
      28 |     mockFrom = jest.fn();
    > 29 |     mockSupabase.from.mockReturnValue({
         |                       ^
      30 |       select: jest.fn().mockReturnThis(),
      31 |       eq: jest.fn().mockReturnThis(),
      32 |       single: jest.fn(),

      at Object.mockReturnValue (src/lib/services/__tests__/content-sync-integration.test.ts:29:23)

  ● ContentSyncIntegration › getClassSyncStatus › should return comprehensive sync status

    TypeError: mockSupabase.from.mockReturnValue is not a function

      27 |     // Setup Supabase mock
      28 |     mockFrom = jest.fn();
    > 29 |     mockSupabase.from.mockReturnValue({
         |                       ^
      30 |       select: jest.fn().mockReturnThis(),
      31 |       eq: jest.fn().mockReturnThis(),
      32 |       single: jest.fn(),

      at Object.mockReturnValue (src/lib/services/__tests__/content-sync-integration.test.ts:29:23)

  ● ContentSyncIntegration › getClassSyncStatus › should handle non-existent class

    TypeError: mockSupabase.from.mockReturnValue is not a function

      27 |     // Setup Supabase mock
      28 |     mockFrom = jest.fn();
    > 29 |     mockSupabase.from.mockReturnValue({
         |                       ^
      30 |       select: jest.fn().mockReturnThis(),
      31 |       eq: jest.fn().mockReturnThis(),
      32 |       single: jest.fn(),

      at Object.mockReturnValue (src/lib/services/__tests__/content-sync-integration.test.ts:29:23)

  ● ContentSyncIntegration › forceSyncClass › should execute forced synchronization

    TypeError: mockSupabase.from.mockReturnValue is not a function

      27 |     // Setup Supabase mock
      28 |     mockFrom = jest.fn();
    > 29 |     mockSupabase.from.mockReturnValue({
         |                       ^
      30 |       select: jest.fn().mockReturnThis(),
      31 |       eq: jest.fn().mockReturnThis(),
      32 |       single: jest.fn(),

      at Object.mockReturnValue (src/lib/services/__tests__/content-sync-integration.test.ts:29:23)

  ● ContentSyncIntegration › forceSyncClass › should handle forced sync failure

    TypeError: mockSupabase.from.mockReturnValue is not a function

      27 |     // Setup Supabase mock
      28 |     mockFrom = jest.fn();
    > 29 |     mockSupabase.from.mockReturnValue({
         |                       ^
      30 |       select: jest.fn().mockReturnThis(),
      31 |       eq: jest.fn().mockReturnThis(),
      32 |       single: jest.fn(),

      at Object.mockReturnValue (src/lib/services/__tests__/content-sync-integration.test.ts:29:23)

  ● ContentSyncIntegration › getIntegrationStats › should provide comprehensive integration statistics

    TypeError: mockSupabase.from.mockReturnValue is not a function

      27 |     // Setup Supabase mock
      28 |     mockFrom = jest.fn();
    > 29 |     mockSupabase.from.mockReturnValue({
         |                       ^
      30 |       select: jest.fn().mockReturnThis(),
      31 |       eq: jest.fn().mockReturnThis(),
      32 |       single: jest.fn(),

      at Object.mockReturnValue (src/lib/services/__tests__/content-sync-integration.test.ts:29:23)

  ● ContentSyncIntegration › getIntegrationStats › should calculate health status correctly

    TypeError: mockSupabase.from.mockReturnValue is not a function

      27 |     // Setup Supabase mock
      28 |     mockFrom = jest.fn();
    > 29 |     mockSupabase.from.mockReturnValue({
         |                       ^
      30 |       select: jest.fn().mockReturnThis(),
      31 |       eq: jest.fn().mockReturnThis(),
      32 |       single: jest.fn(),

      at Object.mockReturnValue (src/lib/services/__tests__/content-sync-integration.test.ts:29:23)

  ● ContentSyncIntegration › priority determination › should correctly map course types to priorities

    TypeError: mockSupabase.from.mockReturnValue is not a function

      27 |     // Setup Supabase mock
      28 |     mockFrom = jest.fn();
    > 29 |     mockSupabase.from.mockReturnValue({
         |                       ^
      30 |       select: jest.fn().mockReturnThis(),
      31 |       eq: jest.fn().mockReturnThis(),
      32 |       single: jest.fn(),

      at Object.mockReturnValue (src/lib/services/__tests__/content-sync-integration.test.ts:29:23)

  ● ContentSyncIntegration › priority determination › should default to medium priority for unknown types

    TypeError: mockSupabase.from.mockReturnValue is not a function

      27 |     // Setup Supabase mock
      28 |     mockFrom = jest.fn();
    > 29 |     mockSupabase.from.mockReturnValue({
         |                       ^
      30 |       select: jest.fn().mockReturnThis(),
      31 |       eq: jest.fn().mockReturnThis(),
      32 |       single: jest.fn(),

      at Object.mockReturnValue (src/lib/services/__tests__/content-sync-integration.test.ts:29:23)

  ● ContentSyncIntegration › error handling and edge cases › should handle database connection errors

    TypeError: mockSupabase.from.mockReturnValue is not a function

      27 |     // Setup Supabase mock
      28 |     mockFrom = jest.fn();
    > 29 |     mockSupabase.from.mockReturnValue({
         |                       ^
      30 |       select: jest.fn().mockReturnThis(),
      31 |       eq: jest.fn().mockReturnThis(),
      32 |       single: jest.fn(),

      at Object.mockReturnValue (src/lib/services/__tests__/content-sync-integration.test.ts:29:23)

  ● ContentSyncIntegration › error handling and edge cases › should handle malformed class group data

    TypeError: mockSupabase.from.mockReturnValue is not a function

      27 |     // Setup Supabase mock
      28 |     mockFrom = jest.fn();
    > 29 |     mockSupabase.from.mockReturnValue({
         |                       ^
      30 |       select: jest.fn().mockReturnThis(),
      31 |       eq: jest.fn().mockReturnThis(),
      32 |       single: jest.fn(),

      at Object.mockReturnValue (src/lib/services/__tests__/content-sync-integration.test.ts:29:23)

  ● ContentSyncIntegration › error handling and edge cases › should handle concurrent synchronization operations

    TypeError: mockSupabase.from.mockReturnValue is not a function

      27 |     // Setup Supabase mock
      28 |     mockFrom = jest.fn();
    > 29 |     mockSupabase.from.mockReturnValue({
         |                       ^
      30 |       select: jest.fn().mockReturnThis(),
      31 |       eq: jest.fn().mockReturnThis(),
      32 |       single: jest.fn(),

      at Object.mockReturnValue (src/lib/services/__tests__/content-sync-integration.test.ts:29:23)

FAIL src/lib/services/__tests__/attendance-analytics-service.test.ts
  ● Console

    console.error
      Error fetching attendance records: TypeError: query.order is not a function
          at AttendanceAnalyticsService.order [as getAttendanceRecords] (/Users/invoture/dev.local/hey-peter/src/lib/services/attendance-analytics-service.ts:192:10)
          at Object.getAttendanceRecords (/Users/invoture/dev.local/hey-peter/src/lib/services/__tests__/attendance-analytics-service.test.ts:180:56)
          at Promise.finally.completed (/Users/invoture/dev.local/hey-peter/node_modules/.pnpm/jest-circus@30.0.2/node_modules/jest-circus/build/jestAdapterInit.js:1559:28)
          at new Promise (<anonymous>)
          at callAsyncCircusFn (/Users/invoture/dev.local/hey-peter/node_modules/.pnpm/jest-circus@30.0.2/node_modules/jest-circus/build/jestAdapterInit.js:1499:10)
          at _callCircusTest (/Users/invoture/dev.local/hey-peter/node_modules/.pnpm/jest-circus@30.0.2/node_modules/jest-circus/build/jestAdapterInit.js:1009:40)
          at processTicksAndRejections (node:internal/process/task_queues:95:5)
          at _runTest (/Users/invoture/dev.local/hey-peter/node_modules/.pnpm/jest-circus@30.0.2/node_modules/jest-circus/build/jestAdapterInit.js:949:3)
          at _runTestsForDescribeBlock (/Users/invoture/dev.local/hey-peter/node_modules/.pnpm/jest-circus@30.0.2/node_modules/jest-circus/build/jestAdapterInit.js:839:13)
          at _runTestsForDescribeBlock (/Users/invoture/dev.local/hey-peter/node_modules/.pnpm/jest-circus@30.0.2/node_modules/jest-circus/build/jestAdapterInit.js:829:11)
          at _runTestsForDescribeBlock (/Users/invoture/dev.local/hey-peter/node_modules/.pnpm/jest-circus@30.0.2/node_modules/jest-circus/build/jestAdapterInit.js:829:11)
          at run (/Users/invoture/dev.local/hey-peter/node_modules/.pnpm/jest-circus@30.0.2/node_modules/jest-circus/build/jestAdapterInit.js:757:3)
          at runAndTransformResultsToJestFormat (/Users/invoture/dev.local/hey-peter/node_modules/.pnpm/jest-circus@30.0.2/node_modules/jest-circus/build/jestAdapterInit.js:1920:21)
          at jestAdapter (/Users/invoture/dev.local/hey-peter/node_modules/.pnpm/jest-circus@30.0.2/node_modules/jest-circus/build/runner.js:101:19)
          at runTestInternal (/Users/invoture/dev.local/hey-peter/node_modules/.pnpm/jest-runner@30.0.2/node_modules/jest-runner/build/testWorker.js:272:16)
          at runTest (/Users/invoture/dev.local/hey-peter/node_modules/.pnpm/jest-runner@30.0.2/node_modules/jest-runner/build/testWorker.js:340:7)
          at Object.worker (/Users/invoture/dev.local/hey-peter/node_modules/.pnpm/jest-runner@30.0.2/node_modules/jest-runner/build/testWorker.js:494:12)

      225 |       })) || [];
      226 |     } catch (error) {
    > 227 |       console.error('Error fetching attendance records:', error);
          |               ^
      228 |       throw error;
      229 |     }
      230 |   }

      at AttendanceAnalyticsService.error [as getAttendanceRecords] (src/lib/services/attendance-analytics-service.ts:227:15)
      at Object.getAttendanceRecords (src/lib/services/__tests__/attendance-analytics-service.test.ts:180:56)

    console.error
      Error fetching attendance records: TypeError: query.order is not a function
          at AttendanceAnalyticsService.order [as getAttendanceRecords] (/Users/invoture/dev.local/hey-peter/src/lib/services/attendance-analytics-service.ts:192:10)
          at Object.getAttendanceRecords (/Users/invoture/dev.local/hey-peter/src/lib/services/__tests__/attendance-analytics-service.test.ts:202:47)
          at Promise.finally.completed (/Users/invoture/dev.local/hey-peter/node_modules/.pnpm/jest-circus@30.0.2/node_modules/jest-circus/build/jestAdapterInit.js:1559:28)
          at new Promise (<anonymous>)
          at callAsyncCircusFn (/Users/invoture/dev.local/hey-peter/node_modules/.pnpm/jest-circus@30.0.2/node_modules/jest-circus/build/jestAdapterInit.js:1499:10)
          at _callCircusTest (/Users/invoture/dev.local/hey-peter/node_modules/.pnpm/jest-circus@30.0.2/node_modules/jest-circus/build/jestAdapterInit.js:1009:40)
          at processTicksAndRejections (node:internal/process/task_queues:95:5)
          at _runTest (/Users/invoture/dev.local/hey-peter/node_modules/.pnpm/jest-circus@30.0.2/node_modules/jest-circus/build/jestAdapterInit.js:949:3)
          at _runTestsForDescribeBlock (/Users/invoture/dev.local/hey-peter/node_modules/.pnpm/jest-circus@30.0.2/node_modules/jest-circus/build/jestAdapterInit.js:839:13)
          at _runTestsForDescribeBlock (/Users/invoture/dev.local/hey-peter/node_modules/.pnpm/jest-circus@30.0.2/node_modules/jest-circus/build/jestAdapterInit.js:829:11)
          at _runTestsForDescribeBlock (/Users/invoture/dev.local/hey-peter/node_modules/.pnpm/jest-circus@30.0.2/node_modules/jest-circus/build/jestAdapterInit.js:829:11)
          at run (/Users/invoture/dev.local/hey-peter/node_modules/.pnpm/jest-circus@30.0.2/node_modules/jest-circus/build/jestAdapterInit.js:757:3)
          at runAndTransformResultsToJestFormat (/Users/invoture/dev.local/hey-peter/node_modules/.pnpm/jest-circus@30.0.2/node_modules/jest-circus/build/jestAdapterInit.js:1920:21)
          at jestAdapter (/Users/invoture/dev.local/hey-peter/node_modules/.pnpm/jest-circus@30.0.2/node_modules/jest-circus/build/runner.js:101:19)
          at runTestInternal (/Users/invoture/dev.local/hey-peter/node_modules/.pnpm/jest-runner@30.0.2/node_modules/jest-runner/build/testWorker.js:272:16)
          at runTest (/Users/invoture/dev.local/hey-peter/node_modules/.pnpm/jest-runner@30.0.2/node_modules/jest-runner/build/testWorker.js:340:7)
          at Object.worker (/Users/invoture/dev.local/hey-peter/node_modules/.pnpm/jest-runner@30.0.2/node_modules/jest-runner/build/testWorker.js:494:12)

      225 |       })) || [];
      226 |     } catch (error) {
    > 227 |       console.error('Error fetching attendance records:', error);
          |               ^
      228 |       throw error;
      229 |     }
      230 |   }

      at AttendanceAnalyticsService.error [as getAttendanceRecords] (src/lib/services/attendance-analytics-service.ts:227:15)
      at Object.getAttendanceRecords (src/lib/services/__tests__/attendance-analytics-service.test.ts:202:47)

    console.error
      Error fetching attendance records: TypeError: query.order is not a function
          at AttendanceAnalyticsService.order [as getAttendanceRecords] (/Users/invoture/dev.local/hey-peter/src/lib/services/attendance-analytics-service.ts:192:10)
          at AttendanceAnalyticsService.getAttendanceRecords [as getAttendanceStats] (/Users/invoture/dev.local/hey-peter/src/lib/services/attendance-analytics-service.ts:563:34)
          at Object.getAttendanceStats (/Users/invoture/dev.local/hey-peter/src/lib/services/__tests__/attendance-analytics-service.test.ts:208:54)
          at Promise.finally.completed (/Users/invoture/dev.local/hey-peter/node_modules/.pnpm/jest-circus@30.0.2/node_modules/jest-circus/build/jestAdapterInit.js:1559:28)
          at new Promise (<anonymous>)
          at callAsyncCircusFn (/Users/invoture/dev.local/hey-peter/node_modules/.pnpm/jest-circus@30.0.2/node_modules/jest-circus/build/jestAdapterInit.js:1499:10)
          at _callCircusTest (/Users/invoture/dev.local/hey-peter/node_modules/.pnpm/jest-circus@30.0.2/node_modules/jest-circus/build/jestAdapterInit.js:1009:40)
          at processTicksAndRejections (node:internal/process/task_queues:95:5)
          at _runTest (/Users/invoture/dev.local/hey-peter/node_modules/.pnpm/jest-circus@30.0.2/node_modules/jest-circus/build/jestAdapterInit.js:949:3)
          at _runTestsForDescribeBlock (/Users/invoture/dev.local/hey-peter/node_modules/.pnpm/jest-circus@30.0.2/node_modules/jest-circus/build/jestAdapterInit.js:839:13)
          at _runTestsForDescribeBlock (/Users/invoture/dev.local/hey-peter/node_modules/.pnpm/jest-circus@30.0.2/node_modules/jest-circus/build/jestAdapterInit.js:829:11)
          at _runTestsForDescribeBlock (/Users/invoture/dev.local/hey-peter/node_modules/.pnpm/jest-circus@30.0.2/node_modules/jest-circus/build/jestAdapterInit.js:829:11)
          at run (/Users/invoture/dev.local/hey-peter/node_modules/.pnpm/jest-circus@30.0.2/node_modules/jest-circus/build/jestAdapterInit.js:757:3)
          at runAndTransformResultsToJestFormat (/Users/invoture/dev.local/hey-peter/node_modules/.pnpm/jest-circus@30.0.2/node_modules/jest-circus/build/jestAdapterInit.js:1920:21)
          at jestAdapter (/Users/invoture/dev.local/hey-peter/node_modules/.pnpm/jest-circus@30.0.2/node_modules/jest-circus/build/runner.js:101:19)
          at runTestInternal (/Users/invoture/dev.local/hey-peter/node_modules/.pnpm/jest-runner@30.0.2/node_modules/jest-runner/build/testWorker.js:272:16)
          at runTest (/Users/invoture/dev.local/hey-peter/node_modules/.pnpm/jest-runner@30.0.2/node_modules/jest-runner/build/testWorker.js:340:7)
          at Object.worker (/Users/invoture/dev.local/hey-peter/node_modules/.pnpm/jest-runner@30.0.2/node_modules/jest-runner/build/testWorker.js:494:12)

      225 |       })) || [];
      226 |     } catch (error) {
    > 227 |       console.error('Error fetching attendance records:', error);
          |               ^
      228 |       throw error;
      229 |     }
      230 |   }

      at AttendanceAnalyticsService.error [as getAttendanceRecords] (src/lib/services/attendance-analytics-service.ts:227:15)
      at AttendanceAnalyticsService.getAttendanceRecords [as getAttendanceStats] (src/lib/services/attendance-analytics-service.ts:563:34)
      at Object.getAttendanceStats (src/lib/services/__tests__/attendance-analytics-service.test.ts:208:54)

    console.error
      Error generating attendance statistics: TypeError: query.order is not a function
          at AttendanceAnalyticsService.order [as getAttendanceRecords] (/Users/invoture/dev.local/hey-peter/src/lib/services/attendance-analytics-service.ts:192:10)
          at AttendanceAnalyticsService.getAttendanceRecords [as getAttendanceStats] (/Users/invoture/dev.local/hey-peter/src/lib/services/attendance-analytics-service.ts:563:34)
          at Object.getAttendanceStats (/Users/invoture/dev.local/hey-peter/src/lib/services/__tests__/attendance-analytics-service.test.ts:208:54)
          at Promise.finally.completed (/Users/invoture/dev.local/hey-peter/node_modules/.pnpm/jest-circus@30.0.2/node_modules/jest-circus/build/jestAdapterInit.js:1559:28)
          at new Promise (<anonymous>)
          at callAsyncCircusFn (/Users/invoture/dev.local/hey-peter/node_modules/.pnpm/jest-circus@30.0.2/node_modules/jest-circus/build/jestAdapterInit.js:1499:10)
          at _callCircusTest (/Users/invoture/dev.local/hey-peter/node_modules/.pnpm/jest-circus@30.0.2/node_modules/jest-circus/build/jestAdapterInit.js:1009:40)
          at processTicksAndRejections (node:internal/process/task_queues:95:5)
          at _runTest (/Users/invoture/dev.local/hey-peter/node_modules/.pnpm/jest-circus@30.0.2/node_modules/jest-circus/build/jestAdapterInit.js:949:3)
          at _runTestsForDescribeBlock (/Users/invoture/dev.local/hey-peter/node_modules/.pnpm/jest-circus@30.0.2/node_modules/jest-circus/build/jestAdapterInit.js:839:13)
          at _runTestsForDescribeBlock (/Users/invoture/dev.local/hey-peter/node_modules/.pnpm/jest-circus@30.0.2/node_modules/jest-circus/build/jestAdapterInit.js:829:11)
          at _runTestsForDescribeBlock (/Users/invoture/dev.local/hey-peter/node_modules/.pnpm/jest-circus@30.0.2/node_modules/jest-circus/build/jestAdapterInit.js:829:11)
          at run (/Users/invoture/dev.local/hey-peter/node_modules/.pnpm/jest-circus@30.0.2/node_modules/jest-circus/build/jestAdapterInit.js:757:3)
          at runAndTransformResultsToJestFormat (/Users/invoture/dev.local/hey-peter/node_modules/.pnpm/jest-circus@30.0.2/node_modules/jest-circus/build/jestAdapterInit.js:1920:21)
          at jestAdapter (/Users/invoture/dev.local/hey-peter/node_modules/.pnpm/jest-circus@30.0.2/node_modules/jest-circus/build/runner.js:101:19)
          at runTestInternal (/Users/invoture/dev.local/hey-peter/node_modules/.pnpm/jest-runner@30.0.2/node_modules/jest-runner/build/testWorker.js:272:16)
          at runTest (/Users/invoture/dev.local/hey-peter/node_modules/.pnpm/jest-runner@30.0.2/node_modules/jest-runner/build/testWorker.js:340:7)
          at Object.worker (/Users/invoture/dev.local/hey-peter/node_modules/.pnpm/jest-runner@30.0.2/node_modules/jest-runner/build/testWorker.js:494:12)

      598 |       };
      599 |     } catch (error) {
    > 600 |       console.error('Error generating attendance statistics:', error);
          |               ^
      601 |       throw error;
      602 |     }
      603 |   }

      at AttendanceAnalyticsService.error [as getAttendanceStats] (src/lib/services/attendance-analytics-service.ts:600:15)
      at Object.<anonymous> (src/lib/services/__tests__/attendance-analytics-service.test.ts:208:21)

    console.error
      Error fetching attendance records: TypeError: query.order is not a function
          at AttendanceAnalyticsService.order [as getAttendanceRecords] (/Users/invoture/dev.local/hey-peter/src/lib/services/attendance-analytics-service.ts:192:10)
          at AttendanceAnalyticsService.getAttendanceRecords [as getAttendanceStats] (/Users/invoture/dev.local/hey-peter/src/lib/services/attendance-analytics-service.ts:563:34)
          at Object.getAttendanceStats (/Users/invoture/dev.local/hey-peter/src/lib/services/__tests__/attendance-analytics-service.test.ts:252:54)
          at Promise.finally.completed (/Users/invoture/dev.local/hey-peter/node_modules/.pnpm/jest-circus@30.0.2/node_modules/jest-circus/build/jestAdapterInit.js:1559:28)
          at new Promise (<anonymous>)
          at callAsyncCircusFn (/Users/invoture/dev.local/hey-peter/node_modules/.pnpm/jest-circus@30.0.2/node_modules/jest-circus/build/jestAdapterInit.js:1499:10)
          at _callCircusTest (/Users/invoture/dev.local/hey-peter/node_modules/.pnpm/jest-circus@30.0.2/node_modules/jest-circus/build/jestAdapterInit.js:1009:40)
          at processTicksAndRejections (node:internal/process/task_queues:95:5)
          at _runTest (/Users/invoture/dev.local/hey-peter/node_modules/.pnpm/jest-circus@30.0.2/node_modules/jest-circus/build/jestAdapterInit.js:949:3)
          at _runTestsForDescribeBlock (/Users/invoture/dev.local/hey-peter/node_modules/.pnpm/jest-circus@30.0.2/node_modules/jest-circus/build/jestAdapterInit.js:839:13)
          at _runTestsForDescribeBlock (/Users/invoture/dev.local/hey-peter/node_modules/.pnpm/jest-circus@30.0.2/node_modules/jest-circus/build/jestAdapterInit.js:829:11)
          at _runTestsForDescribeBlock (/Users/invoture/dev.local/hey-peter/node_modules/.pnpm/jest-circus@30.0.2/node_modules/jest-circus/build/jestAdapterInit.js:829:11)
          at run (/Users/invoture/dev.local/hey-peter/node_modules/.pnpm/jest-circus@30.0.2/node_modules/jest-circus/build/jestAdapterInit.js:757:3)
          at runAndTransformResultsToJestFormat (/Users/invoture/dev.local/hey-peter/node_modules/.pnpm/jest-circus@30.0.2/node_modules/jest-circus/build/jestAdapterInit.js:1920:21)
          at jestAdapter (/Users/invoture/dev.local/hey-peter/node_modules/.pnpm/jest-circus@30.0.2/node_modules/jest-circus/build/runner.js:101:19)
          at runTestInternal (/Users/invoture/dev.local/hey-peter/node_modules/.pnpm/jest-runner@30.0.2/node_modules/jest-runner/build/testWorker.js:272:16)
          at runTest (/Users/invoture/dev.local/hey-peter/node_modules/.pnpm/jest-runner@30.0.2/node_modules/jest-runner/build/testWorker.js:340:7)
          at Object.worker (/Users/invoture/dev.local/hey-peter/node_modules/.pnpm/jest-runner@30.0.2/node_modules/jest-runner/build/testWorker.js:494:12)

      225 |       })) || [];
      226 |     } catch (error) {
    > 227 |       console.error('Error fetching attendance records:', error);
          |               ^
      228 |       throw error;
      229 |     }
      230 |   }

      at AttendanceAnalyticsService.error [as getAttendanceRecords] (src/lib/services/attendance-analytics-service.ts:227:15)
      at AttendanceAnalyticsService.getAttendanceRecords [as getAttendanceStats] (src/lib/services/attendance-analytics-service.ts:563:34)
      at Object.getAttendanceStats (src/lib/services/__tests__/attendance-analytics-service.test.ts:252:54)

    console.error
      Error generating attendance statistics: TypeError: query.order is not a function
          at AttendanceAnalyticsService.order [as getAttendanceRecords] (/Users/invoture/dev.local/hey-peter/src/lib/services/attendance-analytics-service.ts:192:10)
          at AttendanceAnalyticsService.getAttendanceRecords [as getAttendanceStats] (/Users/invoture/dev.local/hey-peter/src/lib/services/attendance-analytics-service.ts:563:34)
          at Object.getAttendanceStats (/Users/invoture/dev.local/hey-peter/src/lib/services/__tests__/attendance-analytics-service.test.ts:252:54)
          at Promise.finally.completed (/Users/invoture/dev.local/hey-peter/node_modules/.pnpm/jest-circus@30.0.2/node_modules/jest-circus/build/jestAdapterInit.js:1559:28)
          at new Promise (<anonymous>)
          at callAsyncCircusFn (/Users/invoture/dev.local/hey-peter/node_modules/.pnpm/jest-circus@30.0.2/node_modules/jest-circus/build/jestAdapterInit.js:1499:10)
          at _callCircusTest (/Users/invoture/dev.local/hey-peter/node_modules/.pnpm/jest-circus@30.0.2/node_modules/jest-circus/build/jestAdapterInit.js:1009:40)
          at processTicksAndRejections (node:internal/process/task_queues:95:5)
          at _runTest (/Users/invoture/dev.local/hey-peter/node_modules/.pnpm/jest-circus@30.0.2/node_modules/jest-circus/build/jestAdapterInit.js:949:3)
          at _runTestsForDescribeBlock (/Users/invoture/dev.local/hey-peter/node_modules/.pnpm/jest-circus@30.0.2/node_modules/jest-circus/build/jestAdapterInit.js:839:13)
          at _runTestsForDescribeBlock (/Users/invoture/dev.local/hey-peter/node_modules/.pnpm/jest-circus@30.0.2/node_modules/jest-circus/build/jestAdapterInit.js:829:11)
          at _runTestsForDescribeBlock (/Users/invoture/dev.local/hey-peter/node_modules/.pnpm/jest-circus@30.0.2/node_modules/jest-circus/build/jestAdapterInit.js:829:11)
          at run (/Users/invoture/dev.local/hey-peter/node_modules/.pnpm/jest-circus@30.0.2/node_modules/jest-circus/build/jestAdapterInit.js:757:3)
          at runAndTransformResultsToJestFormat (/Users/invoture/dev.local/hey-peter/node_modules/.pnpm/jest-circus@30.0.2/node_modules/jest-circus/build/jestAdapterInit.js:1920:21)
          at jestAdapter (/Users/invoture/dev.local/hey-peter/node_modules/.pnpm/jest-circus@30.0.2/node_modules/jest-circus/build/runner.js:101:19)
          at runTestInternal (/Users/invoture/dev.local/hey-peter/node_modules/.pnpm/jest-runner@30.0.2/node_modules/jest-runner/build/testWorker.js:272:16)
          at runTest (/Users/invoture/dev.local/hey-peter/node_modules/.pnpm/jest-runner@30.0.2/node_modules/jest-runner/build/testWorker.js:340:7)
          at Object.worker (/Users/invoture/dev.local/hey-peter/node_modules/.pnpm/jest-runner@30.0.2/node_modules/jest-runner/build/testWorker.js:494:12)

      598 |       };
      599 |     } catch (error) {
    > 600 |       console.error('Error generating attendance statistics:', error);
          |               ^
      601 |       throw error;
      602 |     }
      603 |   }

      at AttendanceAnalyticsService.error [as getAttendanceStats] (src/lib/services/attendance-analytics-service.ts:600:15)
      at Object.<anonymous> (src/lib/services/__tests__/attendance-analytics-service.test.ts:252:21)

    console.error
      Error fetching attendance records: TypeError: query.order is not a function
          at AttendanceAnalyticsService.order [as getAttendanceRecords] (/Users/invoture/dev.local/hey-peter/src/lib/services/attendance-analytics-service.ts:192:10)
          at Object.getAttendanceRecords (/Users/invoture/dev.local/hey-peter/src/lib/services/__tests__/attendance-analytics-service.test.ts:333:34)
          at Promise.finally.completed (/Users/invoture/dev.local/hey-peter/node_modules/.pnpm/jest-circus@30.0.2/node_modules/jest-circus/build/jestAdapterInit.js:1559:28)
          at new Promise (<anonymous>)
          at callAsyncCircusFn (/Users/invoture/dev.local/hey-peter/node_modules/.pnpm/jest-circus@30.0.2/node_modules/jest-circus/build/jestAdapterInit.js:1499:10)
          at _callCircusTest (/Users/invoture/dev.local/hey-peter/node_modules/.pnpm/jest-circus@30.0.2/node_modules/jest-circus/build/jestAdapterInit.js:1009:40)
          at processTicksAndRejections (node:internal/process/task_queues:95:5)
          at _runTest (/Users/invoture/dev.local/hey-peter/node_modules/.pnpm/jest-circus@30.0.2/node_modules/jest-circus/build/jestAdapterInit.js:949:3)
          at _runTestsForDescribeBlock (/Users/invoture/dev.local/hey-peter/node_modules/.pnpm/jest-circus@30.0.2/node_modules/jest-circus/build/jestAdapterInit.js:839:13)
          at _runTestsForDescribeBlock (/Users/invoture/dev.local/hey-peter/node_modules/.pnpm/jest-circus@30.0.2/node_modules/jest-circus/build/jestAdapterInit.js:829:11)
          at run (/Users/invoture/dev.local/hey-peter/node_modules/.pnpm/jest-circus@30.0.2/node_modules/jest-circus/build/jestAdapterInit.js:757:3)
          at runAndTransformResultsToJestFormat (/Users/invoture/dev.local/hey-peter/node_modules/.pnpm/jest-circus@30.0.2/node_modules/jest-circus/build/jestAdapterInit.js:1920:21)
          at jestAdapter (/Users/invoture/dev.local/hey-peter/node_modules/.pnpm/jest-circus@30.0.2/node_modules/jest-circus/build/runner.js:101:19)
          at runTestInternal (/Users/invoture/dev.local/hey-peter/node_modules/.pnpm/jest-runner@30.0.2/node_modules/jest-runner/build/testWorker.js:272:16)
          at runTest (/Users/invoture/dev.local/hey-peter/node_modules/.pnpm/jest-runner@30.0.2/node_modules/jest-runner/build/testWorker.js:340:7)
          at Object.worker (/Users/invoture/dev.local/hey-peter/node_modules/.pnpm/jest-runner@30.0.2/node_modules/jest-runner/build/testWorker.js:494:12)

      225 |       })) || [];
      226 |     } catch (error) {
    > 227 |       console.error('Error fetching attendance records:', error);
          |               ^
      228 |       throw error;
      229 |     }
      230 |   }

      at AttendanceAnalyticsService.error [as getAttendanceRecords] (src/lib/services/attendance-analytics-service.ts:227:15)
      at Object.getAttendanceRecords (src/lib/services/__tests__/attendance-analytics-service.test.ts:333:34)

    console.error
      Error fetching attendance records: TypeError: query.order is not a function
          at AttendanceAnalyticsService.order [as getAttendanceRecords] (/Users/invoture/dev.local/hey-peter/src/lib/services/attendance-analytics-service.ts:192:10)
          at AttendanceAnalyticsService.getAttendanceRecords [as getAttendanceStats] (/Users/invoture/dev.local/hey-peter/src/lib/services/attendance-analytics-service.ts:563:34)
          at Object.getAttendanceStats (/Users/invoture/dev.local/hey-peter/src/lib/services/__tests__/attendance-analytics-service.test.ts:334:34)
          at Promise.finally.completed (/Users/invoture/dev.local/hey-peter/node_modules/.pnpm/jest-circus@30.0.2/node_modules/jest-circus/build/jestAdapterInit.js:1559:28)
          at new Promise (<anonymous>)
          at callAsyncCircusFn (/Users/invoture/dev.local/hey-peter/node_modules/.pnpm/jest-circus@30.0.2/node_modules/jest-circus/build/jestAdapterInit.js:1499:10)
          at _callCircusTest (/Users/invoture/dev.local/hey-peter/node_modules/.pnpm/jest-circus@30.0.2/node_modules/jest-circus/build/jestAdapterInit.js:1009:40)
          at processTicksAndRejections (node:internal/process/task_queues:95:5)
          at _runTest (/Users/invoture/dev.local/hey-peter/node_modules/.pnpm/jest-circus@30.0.2/node_modules/jest-circus/build/jestAdapterInit.js:949:3)
          at _runTestsForDescribeBlock (/Users/invoture/dev.local/hey-peter/node_modules/.pnpm/jest-circus@30.0.2/node_modules/jest-circus/build/jestAdapterInit.js:839:13)
          at _runTestsForDescribeBlock (/Users/invoture/dev.local/hey-peter/node_modules/.pnpm/jest-circus@30.0.2/node_modules/jest-circus/build/jestAdapterInit.js:829:11)
          at run (/Users/invoture/dev.local/hey-peter/node_modules/.pnpm/jest-circus@30.0.2/node_modules/jest-circus/build/jestAdapterInit.js:757:3)
          at runAndTransformResultsToJestFormat (/Users/invoture/dev.local/hey-peter/node_modules/.pnpm/jest-circus@30.0.2/node_modules/jest-circus/build/jestAdapterInit.js:1920:21)
          at jestAdapter (/Users/invoture/dev.local/hey-peter/node_modules/.pnpm/jest-circus@30.0.2/node_modules/jest-circus/build/runner.js:101:19)
          at runTestInternal (/Users/invoture/dev.local/hey-peter/node_modules/.pnpm/jest-runner@30.0.2/node_modules/jest-runner/build/testWorker.js:272:16)
          at runTest (/Users/invoture/dev.local/hey-peter/node_modules/.pnpm/jest-runner@30.0.2/node_modules/jest-runner/build/testWorker.js:340:7)
          at Object.worker (/Users/invoture/dev.local/hey-peter/node_modules/.pnpm/jest-runner@30.0.2/node_modules/jest-runner/build/testWorker.js:494:12)

      225 |       })) || [];
      226 |     } catch (error) {
    > 227 |       console.error('Error fetching attendance records:', error);
          |               ^
      228 |       throw error;
      229 |     }
      230 |   }

      at AttendanceAnalyticsService.error [as getAttendanceRecords] (src/lib/services/attendance-analytics-service.ts:227:15)
      at AttendanceAnalyticsService.getAttendanceRecords [as getAttendanceStats] (src/lib/services/attendance-analytics-service.ts:563:34)
      at Object.getAttendanceStats (src/lib/services/__tests__/attendance-analytics-service.test.ts:334:34)

    console.error
      Error fetching attendance records: TypeError: query.order is not a function
          at AttendanceAnalyticsService.order [as getAttendanceRecords] (/Users/invoture/dev.local/hey-peter/src/lib/services/attendance-analytics-service.ts:192:10)
          at AttendanceAnalyticsService.getAttendanceRecords (/Users/invoture/dev.local/hey-peter/src/lib/services/attendance-analytics-service.ts:235:34)
          at Object.getAttendanceByClass (/Users/invoture/dev.local/hey-peter/src/lib/services/__tests__/attendance-analytics-service.test.ts:335:34)
          at Promise.finally.completed (/Users/invoture/dev.local/hey-peter/node_modules/.pnpm/jest-circus@30.0.2/node_modules/jest-circus/build/jestAdapterInit.js:1559:28)
          at new Promise (<anonymous>)
          at callAsyncCircusFn (/Users/invoture/dev.local/hey-peter/node_modules/.pnpm/jest-circus@30.0.2/node_modules/jest-circus/build/jestAdapterInit.js:1499:10)
          at _callCircusTest (/Users/invoture/dev.local/hey-peter/node_modules/.pnpm/jest-circus@30.0.2/node_modules/jest-circus/build/jestAdapterInit.js:1009:40)
          at processTicksAndRejections (node:internal/process/task_queues:95:5)
          at _runTest (/Users/invoture/dev.local/hey-peter/node_modules/.pnpm/jest-circus@30.0.2/node_modules/jest-circus/build/jestAdapterInit.js:949:3)
          at _runTestsForDescribeBlock (/Users/invoture/dev.local/hey-peter/node_modules/.pnpm/jest-circus@30.0.2/node_modules/jest-circus/build/jestAdapterInit.js:839:13)
          at _runTestsForDescribeBlock (/Users/invoture/dev.local/hey-peter/node_modules/.pnpm/jest-circus@30.0.2/node_modules/jest-circus/build/jestAdapterInit.js:829:11)
          at run (/Users/invoture/dev.local/hey-peter/node_modules/.pnpm/jest-circus@30.0.2/node_modules/jest-circus/build/jestAdapterInit.js:757:3)
          at runAndTransformResultsToJestFormat (/Users/invoture/dev.local/hey-peter/node_modules/.pnpm/jest-circus@30.0.2/node_modules/jest-circus/build/jestAdapterInit.js:1920:21)
          at jestAdapter (/Users/invoture/dev.local/hey-peter/node_modules/.pnpm/jest-circus@30.0.2/node_modules/jest-circus/build/runner.js:101:19)
          at runTestInternal (/Users/invoture/dev.local/hey-peter/node_modules/.pnpm/jest-runner@30.0.2/node_modules/jest-runner/build/testWorker.js:272:16)
          at runTest (/Users/invoture/dev.local/hey-peter/node_modules/.pnpm/jest-runner@30.0.2/node_modules/jest-runner/build/testWorker.js:340:7)
          at Object.worker (/Users/invoture/dev.local/hey-peter/node_modules/.pnpm/jest-runner@30.0.2/node_modules/jest-runner/build/testWorker.js:494:12)

      225 |       })) || [];
      226 |     } catch (error) {
    > 227 |       console.error('Error fetching attendance records:', error);
          |               ^
      228 |       throw error;
      229 |     }
      230 |   }

      at AttendanceAnalyticsService.error [as getAttendanceRecords] (src/lib/services/attendance-analytics-service.ts:227:15)
      at AttendanceAnalyticsService.getAttendanceRecords (src/lib/services/attendance-analytics-service.ts:235:34)
      at Object.getAttendanceByClass (src/lib/services/__tests__/attendance-analytics-service.test.ts:335:34)

    console.error
      Error fetching attendance records: TypeError: query.order is not a function
          at AttendanceAnalyticsService.order [as getAttendanceRecords] (/Users/invoture/dev.local/hey-peter/src/lib/services/attendance-analytics-service.ts:192:10)
          at AttendanceAnalyticsService.getAttendanceRecords [as getAttendanceByTeacher] (/Users/invoture/dev.local/hey-peter/src/lib/services/attendance-analytics-service.ts:313:34)
          at Object.getAttendanceByTeacher (/Users/invoture/dev.local/hey-peter/src/lib/services/__tests__/attendance-analytics-service.test.ts:336:34)
          at Promise.finally.completed (/Users/invoture/dev.local/hey-peter/node_modules/.pnpm/jest-circus@30.0.2/node_modules/jest-circus/build/jestAdapterInit.js:1559:28)
          at new Promise (<anonymous>)
          at callAsyncCircusFn (/Users/invoture/dev.local/hey-peter/node_modules/.pnpm/jest-circus@30.0.2/node_modules/jest-circus/build/jestAdapterInit.js:1499:10)
          at _callCircusTest (/Users/invoture/dev.local/hey-peter/node_modules/.pnpm/jest-circus@30.0.2/node_modules/jest-circus/build/jestAdapterInit.js:1009:40)
          at processTicksAndRejections (node:internal/process/task_queues:95:5)
          at _runTest (/Users/invoture/dev.local/hey-peter/node_modules/.pnpm/jest-circus@30.0.2/node_modules/jest-circus/build/jestAdapterInit.js:949:3)
          at _runTestsForDescribeBlock (/Users/invoture/dev.local/hey-peter/node_modules/.pnpm/jest-circus@30.0.2/node_modules/jest-circus/build/jestAdapterInit.js:839:13)
          at _runTestsForDescribeBlock (/Users/invoture/dev.local/hey-peter/node_modules/.pnpm/jest-circus@30.0.2/node_modules/jest-circus/build/jestAdapterInit.js:829:11)
          at run (/Users/invoture/dev.local/hey-peter/node_modules/.pnpm/jest-circus@30.0.2/node_modules/jest-circus/build/jestAdapterInit.js:757:3)
          at runAndTransformResultsToJestFormat (/Users/invoture/dev.local/hey-peter/node_modules/.pnpm/jest-circus@30.0.2/node_modules/jest-circus/build/jestAdapterInit.js:1920:21)
          at jestAdapter (/Users/invoture/dev.local/hey-peter/node_modules/.pnpm/jest-circus@30.0.2/node_modules/jest-circus/build/runner.js:101:19)
          at runTestInternal (/Users/invoture/dev.local/hey-peter/node_modules/.pnpm/jest-runner@30.0.2/node_modules/jest-runner/build/testWorker.js:272:16)
          at runTest (/Users/invoture/dev.local/hey-peter/node_modules/.pnpm/jest-runner@30.0.2/node_modules/jest-runner/build/testWorker.js:340:7)
          at Object.worker (/Users/invoture/dev.local/hey-peter/node_modules/.pnpm/jest-runner@30.0.2/node_modules/jest-runner/build/testWorker.js:494:12)

      225 |       })) || [];
      226 |     } catch (error) {
    > 227 |       console.error('Error fetching attendance records:', error);
          |               ^
      228 |       throw error;
      229 |     }
      230 |   }

      at AttendanceAnalyticsService.error [as getAttendanceRecords] (src/lib/services/attendance-analytics-service.ts:227:15)
      at AttendanceAnalyticsService.getAttendanceRecords [as getAttendanceByTeacher] (src/lib/services/attendance-analytics-service.ts:313:34)
      at Object.getAttendanceByTeacher (src/lib/services/__tests__/attendance-analytics-service.test.ts:336:34)

    console.error
      Error fetching attendance records: TypeError: query.order is not a function
          at AttendanceAnalyticsService.order [as getAttendanceRecords] (/Users/invoture/dev.local/hey-peter/src/lib/services/attendance-analytics-service.ts:192:10)
          at AttendanceAnalyticsService.getAttendanceRecords [as getAttendanceByPeriod] (/Users/invoture/dev.local/hey-peter/src/lib/services/attendance-analytics-service.ts:391:34)
          at Object.getAttendanceByPeriod (/Users/invoture/dev.local/hey-peter/src/lib/services/__tests__/attendance-analytics-service.test.ts:337:34)
          at Promise.finally.completed (/Users/invoture/dev.local/hey-peter/node_modules/.pnpm/jest-circus@30.0.2/node_modules/jest-circus/build/jestAdapterInit.js:1559:28)
          at new Promise (<anonymous>)
          at callAsyncCircusFn (/Users/invoture/dev.local/hey-peter/node_modules/.pnpm/jest-circus@30.0.2/node_modules/jest-circus/build/jestAdapterInit.js:1499:10)
          at _callCircusTest (/Users/invoture/dev.local/hey-peter/node_modules/.pnpm/jest-circus@30.0.2/node_modules/jest-circus/build/jestAdapterInit.js:1009:40)
          at processTicksAndRejections (node:internal/process/task_queues:95:5)
          at _runTest (/Users/invoture/dev.local/hey-peter/node_modules/.pnpm/jest-circus@30.0.2/node_modules/jest-circus/build/jestAdapterInit.js:949:3)
          at _runTestsForDescribeBlock (/Users/invoture/dev.local/hey-peter/node_modules/.pnpm/jest-circus@30.0.2/node_modules/jest-circus/build/jestAdapterInit.js:839:13)
          at _runTestsForDescribeBlock (/Users/invoture/dev.local/hey-peter/node_modules/.pnpm/jest-circus@30.0.2/node_modules/jest-circus/build/jestAdapterInit.js:829:11)
          at run (/Users/invoture/dev.local/hey-peter/node_modules/.pnpm/jest-circus@30.0.2/node_modules/jest-circus/build/jestAdapterInit.js:757:3)
          at runAndTransformResultsToJestFormat (/Users/invoture/dev.local/hey-peter/node_modules/.pnpm/jest-circus@30.0.2/node_modules/jest-circus/build/jestAdapterInit.js:1920:21)
          at jestAdapter (/Users/invoture/dev.local/hey-peter/node_modules/.pnpm/jest-circus@30.0.2/node_modules/jest-circus/build/runner.js:101:19)
          at runTestInternal (/Users/invoture/dev.local/hey-peter/node_modules/.pnpm/jest-runner@30.0.2/node_modules/jest-runner/build/testWorker.js:272:16)
          at runTest (/Users/invoture/dev.local/hey-peter/node_modules/.pnpm/jest-runner@30.0.2/node_modules/jest-runner/build/testWorker.js:340:7)
          at Object.worker (/Users/invoture/dev.local/hey-peter/node_modules/.pnpm/jest-runner@30.0.2/node_modules/jest-runner/build/testWorker.js:494:12)

      225 |       })) || [];
      226 |     } catch (error) {
    > 227 |       console.error('Error fetching attendance records:', error);
          |               ^
      228 |       throw error;
      229 |     }
      230 |   }

      at AttendanceAnalyticsService.error [as getAttendanceRecords] (src/lib/services/attendance-analytics-service.ts:227:15)
      at AttendanceAnalyticsService.getAttendanceRecords [as getAttendanceByPeriod] (src/lib/services/attendance-analytics-service.ts:391:34)
      at Object.getAttendanceByPeriod (src/lib/services/__tests__/attendance-analytics-service.test.ts:337:34)

    console.error
      Error fetching attendance records: TypeError: query.order is not a function
          at AttendanceAnalyticsService.order [as getAttendanceRecords] (/Users/invoture/dev.local/hey-peter/src/lib/services/attendance-analytics-service.ts:192:10)
          at AttendanceAnalyticsService.getAttendanceRecords [as getAttendanceTrends] (/Users/invoture/dev.local/hey-peter/src/lib/services/attendance-analytics-service.ts:487:34)
          at Object.getAttendanceTrends (/Users/invoture/dev.local/hey-peter/src/lib/services/__tests__/attendance-analytics-service.test.ts:338:34)
          at Promise.finally.completed (/Users/invoture/dev.local/hey-peter/node_modules/.pnpm/jest-circus@30.0.2/node_modules/jest-circus/build/jestAdapterInit.js:1559:28)
          at new Promise (<anonymous>)
          at callAsyncCircusFn (/Users/invoture/dev.local/hey-peter/node_modules/.pnpm/jest-circus@30.0.2/node_modules/jest-circus/build/jestAdapterInit.js:1499:10)
          at _callCircusTest (/Users/invoture/dev.local/hey-peter/node_modules/.pnpm/jest-circus@30.0.2/node_modules/jest-circus/build/jestAdapterInit.js:1009:40)
          at processTicksAndRejections (node:internal/process/task_queues:95:5)
          at _runTest (/Users/invoture/dev.local/hey-peter/node_modules/.pnpm/jest-circus@30.0.2/node_modules/jest-circus/build/jestAdapterInit.js:949:3)
          at _runTestsForDescribeBlock (/Users/invoture/dev.local/hey-peter/node_modules/.pnpm/jest-circus@30.0.2/node_modules/jest-circus/build/jestAdapterInit.js:839:13)
          at _runTestsForDescribeBlock (/Users/invoture/dev.local/hey-peter/node_modules/.pnpm/jest-circus@30.0.2/node_modules/jest-circus/build/jestAdapterInit.js:829:11)
          at run (/Users/invoture/dev.local/hey-peter/node_modules/.pnpm/jest-circus@30.0.2/node_modules/jest-circus/build/jestAdapterInit.js:757:3)
          at runAndTransformResultsToJestFormat (/Users/invoture/dev.local/hey-peter/node_modules/.pnpm/jest-circus@30.0.2/node_modules/jest-circus/build/jestAdapterInit.js:1920:21)
          at jestAdapter (/Users/invoture/dev.local/hey-peter/node_modules/.pnpm/jest-circus@30.0.2/node_modules/jest-circus/build/runner.js:101:19)
          at runTestInternal (/Users/invoture/dev.local/hey-peter/node_modules/.pnpm/jest-runner@30.0.2/node_modules/jest-runner/build/testWorker.js:272:16)
          at runTest (/Users/invoture/dev.local/hey-peter/node_modules/.pnpm/jest-runner@30.0.2/node_modules/jest-runner/build/testWorker.js:340:7)
          at Object.worker (/Users/invoture/dev.local/hey-peter/node_modules/.pnpm/jest-runner@30.0.2/node_modules/jest-runner/build/testWorker.js:494:12)

      225 |       })) || [];
      226 |     } catch (error) {
    > 227 |       console.error('Error fetching attendance records:', error);
          |               ^
      228 |       throw error;
      229 |     }
      230 |   }

      at AttendanceAnalyticsService.error [as getAttendanceRecords] (src/lib/services/attendance-analytics-service.ts:227:15)
      at AttendanceAnalyticsService.getAttendanceRecords [as getAttendanceTrends] (src/lib/services/attendance-analytics-service.ts:487:34)
      at Object.getAttendanceTrends (src/lib/services/__tests__/attendance-analytics-service.test.ts:338:34)

    console.error
      Error generating attendance statistics: TypeError: query.order is not a function
          at AttendanceAnalyticsService.order [as getAttendanceRecords] (/Users/invoture/dev.local/hey-peter/src/lib/services/attendance-analytics-service.ts:192:10)
          at AttendanceAnalyticsService.getAttendanceRecords [as getAttendanceStats] (/Users/invoture/dev.local/hey-peter/src/lib/services/attendance-analytics-service.ts:563:34)
          at Object.getAttendanceStats (/Users/invoture/dev.local/hey-peter/src/lib/services/__tests__/attendance-analytics-service.test.ts:334:34)
          at Promise.finally.completed (/Users/invoture/dev.local/hey-peter/node_modules/.pnpm/jest-circus@30.0.2/node_modules/jest-circus/build/jestAdapterInit.js:1559:28)
          at new Promise (<anonymous>)
          at callAsyncCircusFn (/Users/invoture/dev.local/hey-peter/node_modules/.pnpm/jest-circus@30.0.2/node_modules/jest-circus/build/jestAdapterInit.js:1499:10)
          at _callCircusTest (/Users/invoture/dev.local/hey-peter/node_modules/.pnpm/jest-circus@30.0.2/node_modules/jest-circus/build/jestAdapterInit.js:1009:40)
          at processTicksAndRejections (node:internal/process/task_queues:95:5)
          at _runTest (/Users/invoture/dev.local/hey-peter/node_modules/.pnpm/jest-circus@30.0.2/node_modules/jest-circus/build/jestAdapterInit.js:949:3)
          at _runTestsForDescribeBlock (/Users/invoture/dev.local/hey-peter/node_modules/.pnpm/jest-circus@30.0.2/node_modules/jest-circus/build/jestAdapterInit.js:839:13)
          at _runTestsForDescribeBlock (/Users/invoture/dev.local/hey-peter/node_modules/.pnpm/jest-circus@30.0.2/node_modules/jest-circus/build/jestAdapterInit.js:829:11)
          at run (/Users/invoture/dev.local/hey-peter/node_modules/.pnpm/jest-circus@30.0.2/node_modules/jest-circus/build/jestAdapterInit.js:757:3)
          at runAndTransformResultsToJestFormat (/Users/invoture/dev.local/hey-peter/node_modules/.pnpm/jest-circus@30.0.2/node_modules/jest-circus/build/jestAdapterInit.js:1920:21)
          at jestAdapter (/Users/invoture/dev.local/hey-peter/node_modules/.pnpm/jest-circus@30.0.2/node_modules/jest-circus/build/runner.js:101:19)
          at runTestInternal (/Users/invoture/dev.local/hey-peter/node_modules/.pnpm/jest-runner@30.0.2/node_modules/jest-runner/build/testWorker.js:272:16)
          at runTest (/Users/invoture/dev.local/hey-peter/node_modules/.pnpm/jest-runner@30.0.2/node_modules/jest-runner/build/testWorker.js:340:7)
          at Object.worker (/Users/invoture/dev.local/hey-peter/node_modules/.pnpm/jest-runner@30.0.2/node_modules/jest-runner/build/testWorker.js:494:12)

      598 |       };
      599 |     } catch (error) {
    > 600 |       console.error('Error generating attendance statistics:', error);
          |               ^
      601 |       throw error;
      602 |     }
      603 |   }

      at AttendanceAnalyticsService.error [as getAttendanceStats] (src/lib/services/attendance-analytics-service.ts:600:15)
          at async Promise.all (index 1)
      at Object.<anonymous> (src/lib/services/__tests__/attendance-analytics-service.test.ts:332:9)

    console.error
      Error generating class attendance summary: TypeError: query.order is not a function
          at AttendanceAnalyticsService.order [as getAttendanceRecords] (/Users/invoture/dev.local/hey-peter/src/lib/services/attendance-analytics-service.ts:192:10)
          at AttendanceAnalyticsService.getAttendanceRecords (/Users/invoture/dev.local/hey-peter/src/lib/services/attendance-analytics-service.ts:235:34)
          at Object.getAttendanceByClass (/Users/invoture/dev.local/hey-peter/src/lib/services/__tests__/attendance-analytics-service.test.ts:335:34)
          at Promise.finally.completed (/Users/invoture/dev.local/hey-peter/node_modules/.pnpm/jest-circus@30.0.2/node_modules/jest-circus/build/jestAdapterInit.js:1559:28)
          at new Promise (<anonymous>)
          at callAsyncCircusFn (/Users/invoture/dev.local/hey-peter/node_modules/.pnpm/jest-circus@30.0.2/node_modules/jest-circus/build/jestAdapterInit.js:1499:10)
          at _callCircusTest (/Users/invoture/dev.local/hey-peter/node_modules/.pnpm/jest-circus@30.0.2/node_modules/jest-circus/build/jestAdapterInit.js:1009:40)
          at processTicksAndRejections (node:internal/process/task_queues:95:5)
          at _runTest (/Users/invoture/dev.local/hey-peter/node_modules/.pnpm/jest-circus@30.0.2/node_modules/jest-circus/build/jestAdapterInit.js:949:3)
          at _runTestsForDescribeBlock (/Users/invoture/dev.local/hey-peter/node_modules/.pnpm/jest-circus@30.0.2/node_modules/jest-circus/build/jestAdapterInit.js:839:13)
          at _runTestsForDescribeBlock (/Users/invoture/dev.local/hey-peter/node_modules/.pnpm/jest-circus@30.0.2/node_modules/jest-circus/build/jestAdapterInit.js:829:11)
          at run (/Users/invoture/dev.local/hey-peter/node_modules/.pnpm/jest-circus@30.0.2/node_modules/jest-circus/build/jestAdapterInit.js:757:3)
          at runAndTransformResultsToJestFormat (/Users/invoture/dev.local/hey-peter/node_modules/.pnpm/jest-circus@30.0.2/node_modules/jest-circus/build/jestAdapterInit.js:1920:21)
          at jestAdapter (/Users/invoture/dev.local/hey-peter/node_modules/.pnpm/jest-circus@30.0.2/node_modules/jest-circus/build/runner.js:101:19)
          at runTestInternal (/Users/invoture/dev.local/hey-peter/node_modules/.pnpm/jest-runner@30.0.2/node_modules/jest-runner/build/testWorker.js:272:16)
          at runTest (/Users/invoture/dev.local/hey-peter/node_modules/.pnpm/jest-runner@30.0.2/node_modules/jest-runner/build/testWorker.js:340:7)
          at Object.worker (/Users/invoture/dev.local/hey-peter/node_modules/.pnpm/jest-runner@30.0.2/node_modules/jest-runner/build/testWorker.js:494:12)

      303 |       return classSummaries.sort((a, b) => b.attendanceRate - a.attendanceRate);
      304 |     } catch (error) {
    > 305 |       console.error('Error generating class attendance summary:', error);
          |               ^
      306 |       throw error;
      307 |     }
      308 |   }

      at AttendanceAnalyticsService.error [as getAttendanceByClass] (src/lib/services/attendance-analytics-service.ts:305:15)
          at async Promise.all (index 2)
      at Object.<anonymous> (src/lib/services/__tests__/attendance-analytics-service.test.ts:332:9)

    console.error
      Error generating teacher attendance summary: TypeError: query.order is not a function
          at AttendanceAnalyticsService.order [as getAttendanceRecords] (/Users/invoture/dev.local/hey-peter/src/lib/services/attendance-analytics-service.ts:192:10)
          at AttendanceAnalyticsService.getAttendanceRecords [as getAttendanceByTeacher] (/Users/invoture/dev.local/hey-peter/src/lib/services/attendance-analytics-service.ts:313:34)
          at Object.getAttendanceByTeacher (/Users/invoture/dev.local/hey-peter/src/lib/services/__tests__/attendance-analytics-service.test.ts:336:34)
          at Promise.finally.completed (/Users/invoture/dev.local/hey-peter/node_modules/.pnpm/jest-circus@30.0.2/node_modules/jest-circus/build/jestAdapterInit.js:1559:28)
          at new Promise (<anonymous>)
          at callAsyncCircusFn (/Users/invoture/dev.local/hey-peter/node_modules/.pnpm/jest-circus@30.0.2/node_modules/jest-circus/build/jestAdapterInit.js:1499:10)
          at _callCircusTest (/Users/invoture/dev.local/hey-peter/node_modules/.pnpm/jest-circus@30.0.2/node_modules/jest-circus/build/jestAdapterInit.js:1009:40)
          at processTicksAndRejections (node:internal/process/task_queues:95:5)
          at _runTest (/Users/invoture/dev.local/hey-peter/node_modules/.pnpm/jest-circus@30.0.2/node_modules/jest-circus/build/jestAdapterInit.js:949:3)
          at _runTestsForDescribeBlock (/Users/invoture/dev.local/hey-peter/node_modules/.pnpm/jest-circus@30.0.2/node_modules/jest-circus/build/jestAdapterInit.js:839:13)
          at _runTestsForDescribeBlock (/Users/invoture/dev.local/hey-peter/node_modules/.pnpm/jest-circus@30.0.2/node_modules/jest-circus/build/jestAdapterInit.js:829:11)
          at run (/Users/invoture/dev.local/hey-peter/node_modules/.pnpm/jest-circus@30.0.2/node_modules/jest-circus/build/jestAdapterInit.js:757:3)
          at runAndTransformResultsToJestFormat (/Users/invoture/dev.local/hey-peter/node_modules/.pnpm/jest-circus@30.0.2/node_modules/jest-circus/build/jestAdapterInit.js:1920:21)
          at jestAdapter (/Users/invoture/dev.local/hey-peter/node_modules/.pnpm/jest-circus@30.0.2/node_modules/jest-circus/build/runner.js:101:19)
          at runTestInternal (/Users/invoture/dev.local/hey-peter/node_modules/.pnpm/jest-runner@30.0.2/node_modules/jest-runner/build/testWorker.js:272:16)
          at runTest (/Users/invoture/dev.local/hey-peter/node_modules/.pnpm/jest-runner@30.0.2/node_modules/jest-runner/build/testWorker.js:340:7)
          at Object.worker (/Users/invoture/dev.local/hey-peter/node_modules/.pnpm/jest-runner@30.0.2/node_modules/jest-runner/build/testWorker.js:494:12)

      381 |       return teacherSummaries.sort((a, b) => b.overallAttendanceRate - a.overallAttendanceRate);
      382 |     } catch (error) {
    > 383 |       console.error('Error generating teacher attendance summary:', error);
          |               ^
      384 |       throw error;
      385 |     }
      386 |   }

      at AttendanceAnalyticsService.error [as getAttendanceByTeacher] (src/lib/services/attendance-analytics-service.ts:383:15)
          at async Promise.all (index 3)
      at Object.<anonymous> (src/lib/services/__tests__/attendance-analytics-service.test.ts:332:9)

    console.error
      Error generating period attendance summary: TypeError: query.order is not a function
          at AttendanceAnalyticsService.order [as getAttendanceRecords] (/Users/invoture/dev.local/hey-peter/src/lib/services/attendance-analytics-service.ts:192:10)
          at AttendanceAnalyticsService.getAttendanceRecords [as getAttendanceByPeriod] (/Users/invoture/dev.local/hey-peter/src/lib/services/attendance-analytics-service.ts:391:34)
          at Object.getAttendanceByPeriod (/Users/invoture/dev.local/hey-peter/src/lib/services/__tests__/attendance-analytics-service.test.ts:337:34)
          at Promise.finally.completed (/Users/invoture/dev.local/hey-peter/node_modules/.pnpm/jest-circus@30.0.2/node_modules/jest-circus/build/jestAdapterInit.js:1559:28)
          at new Promise (<anonymous>)
          at callAsyncCircusFn (/Users/invoture/dev.local/hey-peter/node_modules/.pnpm/jest-circus@30.0.2/node_modules/jest-circus/build/jestAdapterInit.js:1499:10)
          at _callCircusTest (/Users/invoture/dev.local/hey-peter/node_modules/.pnpm/jest-circus@30.0.2/node_modules/jest-circus/build/jestAdapterInit.js:1009:40)
          at processTicksAndRejections (node:internal/process/task_queues:95:5)
          at _runTest (/Users/invoture/dev.local/hey-peter/node_modules/.pnpm/jest-circus@30.0.2/node_modules/jest-circus/build/jestAdapterInit.js:949:3)
          at _runTestsForDescribeBlock (/Users/invoture/dev.local/hey-peter/node_modules/.pnpm/jest-circus@30.0.2/node_modules/jest-circus/build/jestAdapterInit.js:839:13)
          at _runTestsForDescribeBlock (/Users/invoture/dev.local/hey-peter/node_modules/.pnpm/jest-circus@30.0.2/node_modules/jest-circus/build/jestAdapterInit.js:829:11)
          at run (/Users/invoture/dev.local/hey-peter/node_modules/.pnpm/jest-circus@30.0.2/node_modules/jest-circus/build/jestAdapterInit.js:757:3)
          at runAndTransformResultsToJestFormat (/Users/invoture/dev.local/hey-peter/node_modules/.pnpm/jest-circus@30.0.2/node_modules/jest-circus/build/jestAdapterInit.js:1920:21)
          at jestAdapter (/Users/invoture/dev.local/hey-peter/node_modules/.pnpm/jest-circus@30.0.2/node_modules/jest-circus/build/runner.js:101:19)
          at runTestInternal (/Users/invoture/dev.local/hey-peter/node_modules/.pnpm/jest-runner@30.0.2/node_modules/jest-runner/build/testWorker.js:272:16)
          at runTest (/Users/invoture/dev.local/hey-peter/node_modules/.pnpm/jest-runner@30.0.2/node_modules/jest-runner/build/testWorker.js:340:7)
          at Object.worker (/Users/invoture/dev.local/hey-peter/node_modules/.pnpm/jest-runner@30.0.2/node_modules/jest-runner/build/testWorker.js:494:12)

      477 |       return periodSummaries.sort((a, b) => a.period.localeCompare(b.period));
      478 |     } catch (error) {
    > 479 |       console.error('Error generating period attendance summary:', error);
          |               ^
      480 |       throw error;
      481 |     }
      482 |   }

      at AttendanceAnalyticsService.error [as getAttendanceByPeriod] (src/lib/services/attendance-analytics-service.ts:479:15)
          at async Promise.all (index 4)
      at Object.<anonymous> (src/lib/services/__tests__/attendance-analytics-service.test.ts:332:9)

    console.error
      Error generating attendance trends: TypeError: query.order is not a function
          at AttendanceAnalyticsService.order [as getAttendanceRecords] (/Users/invoture/dev.local/hey-peter/src/lib/services/attendance-analytics-service.ts:192:10)
          at AttendanceAnalyticsService.getAttendanceRecords [as getAttendanceTrends] (/Users/invoture/dev.local/hey-peter/src/lib/services/attendance-analytics-service.ts:487:34)
          at Object.getAttendanceTrends (/Users/invoture/dev.local/hey-peter/src/lib/services/__tests__/attendance-analytics-service.test.ts:338:34)
          at Promise.finally.completed (/Users/invoture/dev.local/hey-peter/node_modules/.pnpm/jest-circus@30.0.2/node_modules/jest-circus/build/jestAdapterInit.js:1559:28)
          at new Promise (<anonymous>)
          at callAsyncCircusFn (/Users/invoture/dev.local/hey-peter/node_modules/.pnpm/jest-circus@30.0.2/node_modules/jest-circus/build/jestAdapterInit.js:1499:10)
          at _callCircusTest (/Users/invoture/dev.local/hey-peter/node_modules/.pnpm/jest-circus@30.0.2/node_modules/jest-circus/build/jestAdapterInit.js:1009:40)
          at processTicksAndRejections (node:internal/process/task_queues:95:5)
          at _runTest (/Users/invoture/dev.local/hey-peter/node_modules/.pnpm/jest-circus@30.0.2/node_modules/jest-circus/build/jestAdapterInit.js:949:3)
          at _runTestsForDescribeBlock (/Users/invoture/dev.local/hey-peter/node_modules/.pnpm/jest-circus@30.0.2/node_modules/jest-circus/build/jestAdapterInit.js:839:13)
          at _runTestsForDescribeBlock (/Users/invoture/dev.local/hey-peter/node_modules/.pnpm/jest-circus@30.0.2/node_modules/jest-circus/build/jestAdapterInit.js:829:11)
          at run (/Users/invoture/dev.local/hey-peter/node_modules/.pnpm/jest-circus@30.0.2/node_modules/jest-circus/build/jestAdapterInit.js:757:3)
          at runAndTransformResultsToJestFormat (/Users/invoture/dev.local/hey-peter/node_modules/.pnpm/jest-circus@30.0.2/node_modules/jest-circus/build/jestAdapterInit.js:1920:21)
          at jestAdapter (/Users/invoture/dev.local/hey-peter/node_modules/.pnpm/jest-circus@30.0.2/node_modules/jest-circus/build/runner.js:101:19)
          at runTestInternal (/Users/invoture/dev.local/hey-peter/node_modules/.pnpm/jest-runner@30.0.2/node_modules/jest-runner/build/testWorker.js:272:16)
          at runTest (/Users/invoture/dev.local/hey-peter/node_modules/.pnpm/jest-runner@30.0.2/node_modules/jest-runner/build/testWorker.js:340:7)
          at Object.worker (/Users/invoture/dev.local/hey-peter/node_modules/.pnpm/jest-runner@30.0.2/node_modules/jest-runner/build/testWorker.js:494:12)

      537 |       return trendData.sort((a, b) => a.date.localeCompare(b.date));
      538 |     } catch (error) {
    > 539 |       console.error('Error generating attendance trends:', error);
          |               ^
      540 |       throw error;
      541 |     }
      542 |   }

      at AttendanceAnalyticsService.error [as getAttendanceTrends] (src/lib/services/attendance-analytics-service.ts:539:15)
          at async Promise.all (index 5)
      at Object.<anonymous> (src/lib/services/__tests__/attendance-analytics-service.test.ts:332:9)

    console.error
      Error fetching attendance records: TypeError: query.eq is not a function
          at AttendanceAnalyticsService.eq [as getAttendanceRecords] (/Users/invoture/dev.local/hey-peter/src/lib/services/attendance-analytics-service.ts:182:23)
          at Object.getAttendanceRecords (/Users/invoture/dev.local/hey-peter/src/lib/services/__tests__/attendance-analytics-service.test.ts:364:54)
          at Promise.finally.completed (/Users/invoture/dev.local/hey-peter/node_modules/.pnpm/jest-circus@30.0.2/node_modules/jest-circus/build/jestAdapterInit.js:1559:28)
          at new Promise (<anonymous>)
          at callAsyncCircusFn (/Users/invoture/dev.local/hey-peter/node_modules/.pnpm/jest-circus@30.0.2/node_modules/jest-circus/build/jestAdapterInit.js:1499:10)
          at _callCircusTest (/Users/invoture/dev.local/hey-peter/node_modules/.pnpm/jest-circus@30.0.2/node_modules/jest-circus/build/jestAdapterInit.js:1009:40)
          at processTicksAndRejections (node:internal/process/task_queues:95:5)
          at _runTest (/Users/invoture/dev.local/hey-peter/node_modules/.pnpm/jest-circus@30.0.2/node_modules/jest-circus/build/jestAdapterInit.js:949:3)
          at _runTestsForDescribeBlock (/Users/invoture/dev.local/hey-peter/node_modules/.pnpm/jest-circus@30.0.2/node_modules/jest-circus/build/jestAdapterInit.js:839:13)
          at _runTestsForDescribeBlock (/Users/invoture/dev.local/hey-peter/node_modules/.pnpm/jest-circus@30.0.2/node_modules/jest-circus/build/jestAdapterInit.js:829:11)
          at run (/Users/invoture/dev.local/hey-peter/node_modules/.pnpm/jest-circus@30.0.2/node_modules/jest-circus/build/jestAdapterInit.js:757:3)
          at runAndTransformResultsToJestFormat (/Users/invoture/dev.local/hey-peter/node_modules/.pnpm/jest-circus@30.0.2/node_modules/jest-circus/build/jestAdapterInit.js:1920:21)
          at jestAdapter (/Users/invoture/dev.local/hey-peter/node_modules/.pnpm/jest-circus@30.0.2/node_modules/jest-circus/build/runner.js:101:19)
          at runTestInternal (/Users/invoture/dev.local/hey-peter/node_modules/.pnpm/jest-runner@30.0.2/node_modules/jest-runner/build/testWorker.js:272:16)
          at runTest (/Users/invoture/dev.local/hey-peter/node_modules/.pnpm/jest-runner@30.0.2/node_modules/jest-runner/build/testWorker.js:340:7)
          at Object.worker (/Users/invoture/dev.local/hey-peter/node_modules/.pnpm/jest-runner@30.0.2/node_modules/jest-runner/build/testWorker.js:494:12)

      225 |       })) || [];
      226 |     } catch (error) {
    > 227 |       console.error('Error fetching attendance records:', error);
          |               ^
      228 |       throw error;
      229 |     }
      230 |   }

      at AttendanceAnalyticsService.error [as getAttendanceRecords] (src/lib/services/attendance-analytics-service.ts:227:15)
      at Object.getAttendanceRecords (src/lib/services/__tests__/attendance-analytics-service.test.ts:364:54)

  ● AttendanceAnalyticsService › getAttendanceRecords › should handle empty results

    TypeError: query.order is not a function

      190 |
      191 |       const { data, error } = await query
    > 192 |         .order('attendance_time', { ascending: false });
          |          ^
      193 |
      194 |       if (error) throw error;
      195 |

      at AttendanceAnalyticsService.order [as getAttendanceRecords] (src/lib/services/attendance-analytics-service.ts:192:10)
      at Object.getAttendanceRecords (src/lib/services/__tests__/attendance-analytics-service.test.ts:180:56)

  ● AttendanceAnalyticsService › getAttendanceRecords › should handle database errors

    expect(received).rejects.toThrow(expected)

    Expected substring: "Database error"
    Received message:   "query.order is not a function"

          190 |
          191 |       const { data, error } = await query
        > 192 |         .order('attendance_time', { ascending: false });
              |          ^
          193 |
          194 |       if (error) throw error;
          195 |

      at AttendanceAnalyticsService.order [as getAttendanceRecords] (src/lib/services/attendance-analytics-service.ts:192:10)
      at Object.getAttendanceRecords (src/lib/services/__tests__/attendance-analytics-service.test.ts:202:47)
      at Object.toThrow (node_modules/.pnpm/expect@30.0.2/node_modules/expect/build/index.js:2151:20)
      at Object.toThrow (src/lib/services/__tests__/attendance-analytics-service.test.ts:202:79)

  ● AttendanceAnalyticsService › getAttendanceStats › should calculate attendance statistics correctly

    TypeError: query.order is not a function

      190 |
      191 |       const { data, error } = await query
    > 192 |         .order('attendance_time', { ascending: false });
          |          ^
      193 |
      194 |       if (error) throw error;
      195 |

      at AttendanceAnalyticsService.order [as getAttendanceRecords] (src/lib/services/attendance-analytics-service.ts:192:10)
      at AttendanceAnalyticsService.getAttendanceRecords [as getAttendanceStats] (src/lib/services/attendance-analytics-service.ts:563:34)
      at Object.getAttendanceStats (src/lib/services/__tests__/attendance-analytics-service.test.ts:208:54)

  ● AttendanceAnalyticsService › getAttendanceStats › should handle zero sessions

    TypeError: query.order is not a function

      190 |
      191 |       const { data, error } = await query
    > 192 |         .order('attendance_time', { ascending: false });
          |          ^
      193 |
      194 |       if (error) throw error;
      195 |

      at AttendanceAnalyticsService.order [as getAttendanceRecords] (src/lib/services/attendance-analytics-service.ts:192:10)
      at AttendanceAnalyticsService.getAttendanceRecords [as getAttendanceStats] (src/lib/services/attendance-analytics-service.ts:563:34)
      at Object.getAttendanceStats (src/lib/services/__tests__/attendance-analytics-service.test.ts:252:54)

  ● AttendanceAnalyticsService Integration › should generate complete attendance report

    TypeError: query.order is not a function

      190 |
      191 |       const { data, error } = await query
    > 192 |         .order('attendance_time', { ascending: false });
          |          ^
      193 |
      194 |       if (error) throw error;
      195 |

      at AttendanceAnalyticsService.order [as getAttendanceRecords] (src/lib/services/attendance-analytics-service.ts:192:10)
      at Object.getAttendanceRecords (src/lib/services/__tests__/attendance-analytics-service.test.ts:333:34)

  ● AttendanceAnalyticsService Integration › should handle complex filtering scenarios

    TypeError: query.eq is not a function

      180 |       }
      181 |       if (filters.teacherId) {
    > 182 |         query = query.eq('bookings.teacher_id', filters.teacherId);
          |                       ^
      183 |       }
      184 |       if (filters.classId) {
      185 |         query = query.eq('bookings.class_id', filters.classId);

      at AttendanceAnalyticsService.eq [as getAttendanceRecords] (src/lib/services/attendance-analytics-service.ts:182:23)
      at Object.getAttendanceRecords (src/lib/services/__tests__/attendance-analytics-service.test.ts:364:54)

FAIL src/lib/services/__tests__/class-attendance-analytics-service.test.ts
  ● ClassAttendanceAnalyticsService › getClassAttendanceAnalytics › should return comprehensive analytics for a class

    TypeError: _supabase.supabase.from(...).select(...).eq(...).neq is not a function

      755 |       `)
      756 |       .eq('courses.course_type', courseType)
    > 757 |       .neq('id', classId)
          |        ^
      758 |       .limit(5);
      759 |
      760 |     if (!similarClasses || similarClasses.length === 0) {

      at ClassAttendanceAnalyticsService.neq [as generateClassComparisons] (src/lib/services/class-attendance-analytics-service.ts:757:8)
      at ClassAttendanceAnalyticsService.generateClassComparisons [as calculateClassAttendanceAnalytics] (src/lib/services/class-attendance-analytics-service.ts:101:36)
      at ClassAttendanceAnalyticsService.getClassAttendanceAnalytics (src/lib/services/class-attendance-analytics-service.ts:60:23)
      at Object.<anonymous> (src/lib/services/__tests__/class-attendance-analytics-service.test.ts:115:22)

  ● ClassAttendanceAnalyticsService › getClassAttendanceAnalytics › should calculate correct attendance metrics

    TypeError: _supabase.supabase.from(...).select(...).eq(...).neq is not a function

      755 |       `)
      756 |       .eq('courses.course_type', courseType)
    > 757 |       .neq('id', classId)
          |        ^
      758 |       .limit(5);
      759 |
      760 |     if (!similarClasses || similarClasses.length === 0) {

      at ClassAttendanceAnalyticsService.neq [as generateClassComparisons] (src/lib/services/class-attendance-analytics-service.ts:757:8)
      at ClassAttendanceAnalyticsService.generateClassComparisons [as calculateClassAttendanceAnalytics] (src/lib/services/class-attendance-analytics-service.ts:101:36)
      at ClassAttendanceAnalyticsService.getClassAttendanceAnalytics (src/lib/services/class-attendance-analytics-service.ts:60:23)
      at Object.<anonymous> (src/lib/services/__tests__/class-attendance-analytics-service.test.ts:137:22)

  ● ClassAttendanceAnalyticsService › getClassAttendanceAnalytics › should handle empty attendance records

    TypeError: _supabase.supabase.from(...).select(...).eq(...).neq is not a function

      755 |       `)
      756 |       .eq('courses.course_type', courseType)
    > 757 |       .neq('id', classId)
          |        ^
      758 |       .limit(5);
      759 |
      760 |     if (!similarClasses || similarClasses.length === 0) {

      at ClassAttendanceAnalyticsService.neq [as generateClassComparisons] (src/lib/services/class-attendance-analytics-service.ts:757:8)
      at ClassAttendanceAnalyticsService.generateClassComparisons [as calculateClassAttendanceAnalytics] (src/lib/services/class-attendance-analytics-service.ts:101:36)
      at ClassAttendanceAnalyticsService.getClassAttendanceAnalytics (src/lib/services/class-attendance-analytics-service.ts:60:23)
      at Object.<anonymous> (src/lib/services/__tests__/class-attendance-analytics-service.test.ts:148:22)

  ● ClassAttendanceAnalyticsService › getClassAttendanceAnalytics › should cache results correctly

    TypeError: _supabase.supabase.from(...).select(...).eq(...).neq is not a function

      755 |       `)
      756 |       .eq('courses.course_type', courseType)
    > 757 |       .neq('id', classId)
          |        ^
      758 |       .limit(5);
      759 |
      760 |     if (!similarClasses || similarClasses.length === 0) {

      at ClassAttendanceAnalyticsService.neq [as generateClassComparisons] (src/lib/services/class-attendance-analytics-service.ts:757:8)
      at ClassAttendanceAnalyticsService.generateClassComparisons [as calculateClassAttendanceAnalytics] (src/lib/services/class-attendance-analytics-service.ts:101:36)
      at ClassAttendanceAnalyticsService.getClassAttendanceAnalytics (src/lib/services/class-attendance-analytics-service.ts:60:23)
      at Object.<anonymous> (src/lib/services/__tests__/class-attendance-analytics-service.test.ts:156:7)

  ● ClassAttendanceAnalyticsService › getClassAttendanceAnalytics › should force refresh when requested

    TypeError: _supabase.supabase.from(...).select(...).eq(...).neq is not a function

      755 |       `)
      756 |       .eq('courses.course_type', courseType)
    > 757 |       .neq('id', classId)
          |        ^
      758 |       .limit(5);
      759 |
      760 |     if (!similarClasses || similarClasses.length === 0) {

      at ClassAttendanceAnalyticsService.neq [as generateClassComparisons] (src/lib/services/class-attendance-analytics-service.ts:757:8)
      at ClassAttendanceAnalyticsService.generateClassComparisons [as calculateClassAttendanceAnalytics] (src/lib/services/class-attendance-analytics-service.ts:101:36)
      at ClassAttendanceAnalyticsService.getClassAttendanceAnalytics (src/lib/services/class-attendance-analytics-service.ts:60:23)
      at Object.<anonymous> (src/lib/services/__tests__/class-attendance-analytics-service.test.ts:167:7)

  ● ClassAttendanceAnalyticsService › getClassAttendanceAnalytics › should handle different timeframes

    TypeError: _supabase.supabase.from(...).select(...).eq(...).neq is not a function

      755 |       `)
      756 |       .eq('courses.course_type', courseType)
    > 757 |       .neq('id', classId)
          |        ^
      758 |       .limit(5);
      759 |
      760 |     if (!similarClasses || similarClasses.length === 0) {

      at ClassAttendanceAnalyticsService.neq [as generateClassComparisons] (src/lib/services/class-attendance-analytics-service.ts:757:8)
      at ClassAttendanceAnalyticsService.generateClassComparisons [as calculateClassAttendanceAnalytics] (src/lib/services/class-attendance-analytics-service.ts:101:36)
      at ClassAttendanceAnalyticsService.getClassAttendanceAnalytics (src/lib/services/class-attendance-analytics-service.ts:60:23)
      at Object.<anonymous> (src/lib/services/__tests__/class-attendance-analytics-service.test.ts:177:7)

  ● ClassAttendanceAnalyticsService › getAttendancePatternAnalysis › should detect consistent patterns

    RangeError: Invalid time value

      543 |     records.forEach(record => {
      544 |       const weekStart = startOfWeek(record.attendanceTime);
    > 545 |       const weekKey = format(weekStart, 'yyyy-MM-dd');
          |                             ^
      546 |       
      547 |       if (!weekMap.has(weekKey)) {
      548 |         weekMap.set(weekKey, []);

      at format (node_modules/.pnpm/date-fns@4.1.0/node_modules/date-fns/format.cjs:359:11)
      at src/lib/services/class-attendance-analytics-service.ts:545:29
          at Array.forEach (<anonymous>)
      at ClassAttendanceAnalyticsService.forEach [as groupRecordsByWeek] (src/lib/services/class-attendance-analytics-service.ts:543:13)
      at ClassAttendanceAnalyticsService.groupRecordsByWeek [as detectAttendancePatterns] (src/lib/services/class-attendance-analytics-service.ts:1270:29)
      at ClassAttendanceAnalyticsService.detectAttendancePatterns [as getAttendancePatternAnalysis] (src/lib/services/class-attendance-analytics-service.ts:1256:27)
      at Object.<anonymous> (src/lib/services/__tests__/class-attendance-analytics-service.test.ts:262:22)

  ● ClassAttendanceAnalyticsService › calculateAttendanceMetrics › should calculate day of week attendance correctly

    Failed to fetch class information: Class not found

      153 |
      154 |     if (error || !classData) {
    > 155 |       throw new Error(`Failed to fetch class information: ${error?.message}`);
          |             ^
      156 |     }
      157 |
      158 |     return {

      at ClassAttendanceAnalyticsService.getClassInfo (src/lib/services/class-attendance-analytics-service.ts:155:13)
      at ClassAttendanceAnalyticsService.calculateClassAttendanceAnalytics (src/lib/services/class-attendance-analytics-service.ts:76:23)
      at ClassAttendanceAnalyticsService.getClassAttendanceAnalytics (src/lib/services/class-attendance-analytics-service.ts:60:23)
      at Object.<anonymous> (src/lib/services/__tests__/class-attendance-analytics-service.test.ts:339:22)

  ● ClassAttendanceAnalyticsService › calculateAttendanceMetrics › should calculate time slot attendance correctly

    Failed to fetch class information: Class not found

      153 |
      154 |     if (error || !classData) {
    > 155 |       throw new Error(`Failed to fetch class information: ${error?.message}`);
          |             ^
      156 |     }
      157 |
      158 |     return {

      at ClassAttendanceAnalyticsService.getClassInfo (src/lib/services/class-attendance-analytics-service.ts:155:13)
      at ClassAttendanceAnalyticsService.calculateClassAttendanceAnalytics (src/lib/services/class-attendance-analytics-service.ts:76:23)
      at ClassAttendanceAnalyticsService.getClassAttendanceAnalytics (src/lib/services/class-attendance-analytics-service.ts:60:23)
      at Object.<anonymous> (src/lib/services/__tests__/class-attendance-analytics-service.test.ts:374:22)

  ● ClassAttendanceAnalyticsService › calculateAttendanceMetrics › should calculate consistency score correctly

    Failed to fetch class information: Class not found

      153 |
      154 |     if (error || !classData) {
    > 155 |       throw new Error(`Failed to fetch class information: ${error?.message}`);
          |             ^
      156 |     }
      157 |
      158 |     return {

      at ClassAttendanceAnalyticsService.getClassInfo (src/lib/services/class-attendance-analytics-service.ts:155:13)
      at ClassAttendanceAnalyticsService.calculateClassAttendanceAnalytics (src/lib/services/class-attendance-analytics-service.ts:76:23)
      at ClassAttendanceAnalyticsService.getClassAttendanceAnalytics (src/lib/services/class-attendance-analytics-service.ts:60:23)
      at Object.<anonymous> (src/lib/services/__tests__/class-attendance-analytics-service.test.ts:398:22)

  ● ClassAttendanceAnalyticsService › generateAttendancePredictions › should generate predictions based on trends

    Failed to fetch class information: Class not found

      153 |
      154 |     if (error || !classData) {
    > 155 |       throw new Error(`Failed to fetch class information: ${error?.message}`);
          |             ^
      156 |     }
      157 |
      158 |     return {

      at ClassAttendanceAnalyticsService.getClassInfo (src/lib/services/class-attendance-analytics-service.ts:155:13)
      at ClassAttendanceAnalyticsService.calculateClassAttendanceAnalytics (src/lib/services/class-attendance-analytics-service.ts:76:23)
      at ClassAttendanceAnalyticsService.getClassAttendanceAnalytics (src/lib/services/class-attendance-analytics-service.ts:60:23)
      at Object.<anonymous> (src/lib/services/__tests__/class-attendance-analytics-service.test.ts:406:22)

  ● ClassAttendanceAnalyticsService › generateAttendancePredictions › should set appropriate risk levels

    Failed to fetch class information: Class not found

      153 |
      154 |     if (error || !classData) {
    > 155 |       throw new Error(`Failed to fetch class information: ${error?.message}`);
          |             ^
      156 |     }
      157 |
      158 |     return {

      at ClassAttendanceAnalyticsService.getClassInfo (src/lib/services/class-attendance-analytics-service.ts:155:13)
      at ClassAttendanceAnalyticsService.calculateClassAttendanceAnalytics (src/lib/services/class-attendance-analytics-service.ts:76:23)
      at ClassAttendanceAnalyticsService.getClassAttendanceAnalytics (src/lib/services/class-attendance-analytics-service.ts:60:23)
      at Object.<anonymous> (src/lib/services/__tests__/class-attendance-analytics-service.test.ts:433:22)

  ● ClassAttendanceAnalyticsService › generateAttendanceRecommendations › should generate recommendations for low attendance

    Failed to fetch class information: Class not found

      153 |
      154 |     if (error || !classData) {
    > 155 |       throw new Error(`Failed to fetch class information: ${error?.message}`);
          |             ^
      156 |     }
      157 |
      158 |     return {

      at ClassAttendanceAnalyticsService.getClassInfo (src/lib/services/class-attendance-analytics-service.ts:155:13)
      at ClassAttendanceAnalyticsService.calculateClassAttendanceAnalytics (src/lib/services/class-attendance-analytics-service.ts:76:23)
      at ClassAttendanceAnalyticsService.getClassAttendanceAnalytics (src/lib/services/class-attendance-analytics-service.ts:60:23)
      at Object.<anonymous> (src/lib/services/__tests__/class-attendance-analytics-service.test.ts:452:22)

  ● ClassAttendanceAnalyticsService › generateAttendanceRecommendations › should prioritize recommendations correctly

    Failed to fetch class information: Class not found

      153 |
      154 |     if (error || !classData) {
    > 155 |       throw new Error(`Failed to fetch class information: ${error?.message}`);
          |             ^
      156 |     }
      157 |
      158 |     return {

      at ClassAttendanceAnalyticsService.getClassInfo (src/lib/services/class-attendance-analytics-service.ts:155:13)
      at ClassAttendanceAnalyticsService.calculateClassAttendanceAnalytics (src/lib/services/class-attendance-analytics-service.ts:76:23)
      at ClassAttendanceAnalyticsService.getClassAttendanceAnalytics (src/lib/services/class-attendance-analytics-service.ts:60:23)
      at Object.<anonymous> (src/lib/services/__tests__/class-attendance-analytics-service.test.ts:465:22)

  ● ClassAttendanceAnalyticsService › generateAttendanceRecommendations › should include actionable steps in recommendations

    Failed to fetch class information: Class not found

      153 |
      154 |     if (error || !classData) {
    > 155 |       throw new Error(`Failed to fetch class information: ${error?.message}`);
          |             ^
      156 |     }
      157 |
      158 |     return {

      at ClassAttendanceAnalyticsService.getClassInfo (src/lib/services/class-attendance-analytics-service.ts:155:13)
      at ClassAttendanceAnalyticsService.calculateClassAttendanceAnalytics (src/lib/services/class-attendance-analytics-service.ts:76:23)
      at ClassAttendanceAnalyticsService.getClassAttendanceAnalytics (src/lib/services/class-attendance-analytics-service.ts:60:23)
      at Object.<anonymous> (src/lib/services/__tests__/class-attendance-analytics-service.test.ts:480:22)

  ● ClassAttendanceAnalyticsService › cache management › should clear cache for specific class

    Failed to fetch class information: Class not found

      153 |
      154 |     if (error || !classData) {
    > 155 |       throw new Error(`Failed to fetch class information: ${error?.message}`);
          |             ^
      156 |     }
      157 |
      158 |     return {

      at ClassAttendanceAnalyticsService.getClassInfo (src/lib/services/class-attendance-analytics-service.ts:155:13)
      at ClassAttendanceAnalyticsService.calculateClassAttendanceAnalytics (src/lib/services/class-attendance-analytics-service.ts:76:23)
      at ClassAttendanceAnalyticsService.getClassAttendanceAnalytics (src/lib/services/class-attendance-analytics-service.ts:60:23)
      at Object.<anonymous> (src/lib/services/__tests__/class-attendance-analytics-service.test.ts:501:7)

  ● ClassAttendanceAnalyticsService › cache management › should clear all cache

    Failed to fetch class information: Class not found

      153 |
      154 |     if (error || !classData) {
    > 155 |       throw new Error(`Failed to fetch class information: ${error?.message}`);
          |             ^
      156 |     }
      157 |
      158 |     return {

      at ClassAttendanceAnalyticsService.getClassInfo (src/lib/services/class-attendance-analytics-service.ts:155:13)
      at ClassAttendanceAnalyticsService.calculateClassAttendanceAnalytics (src/lib/services/class-attendance-analytics-service.ts:76:23)
      at ClassAttendanceAnalyticsService.getClassAttendanceAnalytics (src/lib/services/class-attendance-analytics-service.ts:60:23)
      at Object.<anonymous> (src/lib/services/__tests__/class-attendance-analytics-service.test.ts:514:7)

  ● ClassAttendanceAnalyticsService › error handling › should handle service errors gracefully

    expect(received).rejects.toThrow(expected)

    Expected substring: "Service unavailable"
    Received message:   "Failed to fetch class information: Class not found"

          153 |
          154 |     if (error || !classData) {
        > 155 |       throw new Error(`Failed to fetch class information: ${error?.message}`);
              |             ^
          156 |     }
          157 |
          158 |     return {

      at ClassAttendanceAnalyticsService.getClassInfo (src/lib/services/class-attendance-analytics-service.ts:155:13)
      at ClassAttendanceAnalyticsService.calculateClassAttendanceAnalytics (src/lib/services/class-attendance-analytics-service.ts:76:23)
      at ClassAttendanceAnalyticsService.getClassAttendanceAnalytics (src/lib/services/class-attendance-analytics-service.ts:60:23)
      at Object.<anonymous> (src/lib/services/__tests__/class-attendance-analytics-service.test.ts:532:7)
      at Object.toThrow (node_modules/.pnpm/expect@30.0.2/node_modules/expect/build/index.js:2151:20)
      at Object.toThrow (src/lib/services/__tests__/class-attendance-analytics-service.test.ts:533:18)

  ● ClassAttendanceAnalyticsService › edge cases › should handle classes with no students

    Database error

      538 |         select: jest.fn().mockReturnThis(),
      539 |         eq: jest.fn().mockReturnThis(),
    > 540 |         single: jest.fn().mockRejectedValue(new Error('Database error'))
          |                                             ^
      541 |       } as any);
      542 |
      543 |       await expect(service.getClassAttendanceAnalytics('class-1'))

      at Object.<anonymous> (src/lib/services/__tests__/class-attendance-analytics-service.test.ts:540:45)

  ● ClassAttendanceAnalyticsService › edge cases › should handle single session classes

    Database error

      538 |         select: jest.fn().mockReturnThis(),
      539 |         eq: jest.fn().mockReturnThis(),
    > 540 |         single: jest.fn().mockRejectedValue(new Error('Database error'))
          |                                             ^
      541 |       } as any);
      542 |
      543 |       await expect(service.getClassAttendanceAnalytics('class-1'))

      at Object.<anonymous> (src/lib/services/__tests__/class-attendance-analytics-service.test.ts:540:45)

  ● ClassAttendanceAnalyticsService › edge cases › should handle classes with all perfect attendance

    Database error

      538 |         select: jest.fn().mockReturnThis(),
      539 |         eq: jest.fn().mockReturnThis(),
    > 540 |         single: jest.fn().mockRejectedValue(new Error('Database error'))
          |                                             ^
      541 |       } as any);
      542 |
      543 |       await expect(service.getClassAttendanceAnalytics('class-1'))

      at Object.<anonymous> (src/lib/services/__tests__/class-attendance-analytics-service.test.ts:540:45)

  ● ClassAttendanceAnalyticsService › edge cases › should handle missing booking data

    Database error

      538 |         select: jest.fn().mockReturnThis(),
      539 |         eq: jest.fn().mockReturnThis(),
    > 540 |         single: jest.fn().mockRejectedValue(new Error('Database error'))
          |                                             ^
      541 |       } as any);
      542 |
      543 |       await expect(service.getClassAttendanceAnalytics('class-1'))

      at Object.<anonymous> (src/lib/services/__tests__/class-attendance-analytics-service.test.ts:540:45)

FAIL src/lib/services/__tests__/content-synchronization-service.test.ts
  ● ContentSynchronizationService › registerClassGroup › should successfully register a new class group

    TypeError: mockSupabase.from.mockReturnValue is not a function

      31 |     // Setup Supabase mock
      32 |     mockFrom = jest.fn();
    > 33 |     mockSupabase.from.mockReturnValue({
         |                       ^
      34 |       insert: jest.fn().mockReturnThis(),
      35 |       select: jest.fn().mockReturnThis(),
      36 |       eq: jest.fn().mockReturnThis(),

      at Object.mockReturnValue (src/lib/services/__tests__/content-synchronization-service.test.ts:33:23)

  ● ContentSynchronizationService › registerClassGroup › should handle registration failure

    TypeError: mockSupabase.from.mockReturnValue is not a function

      31 |     // Setup Supabase mock
      32 |     mockFrom = jest.fn();
    > 33 |     mockSupabase.from.mockReturnValue({
         |                       ^
      34 |       insert: jest.fn().mockReturnThis(),
      35 |       select: jest.fn().mockReturnThis(),
      36 |       eq: jest.fn().mockReturnThis(),

      at Object.mockReturnValue (src/lib/services/__tests__/content-synchronization-service.test.ts:33:23)

  ● ContentSynchronizationService › registerClassGroup › should validate input data

    TypeError: mockSupabase.from.mockReturnValue is not a function

      31 |     // Setup Supabase mock
      32 |     mockFrom = jest.fn();
    > 33 |     mockSupabase.from.mockReturnValue({
         |                       ^
      34 |       insert: jest.fn().mockReturnThis(),
      35 |       select: jest.fn().mockReturnThis(),
      36 |       eq: jest.fn().mockReturnThis(),

      at Object.mockReturnValue (src/lib/services/__tests__/content-synchronization-service.test.ts:33:23)

  ● ContentSynchronizationService › synchronizeContent › should synchronize content between groups successfully

    TypeError: mockSupabase.from.mockReturnValue is not a function

      31 |     // Setup Supabase mock
      32 |     mockFrom = jest.fn();
    > 33 |     mockSupabase.from.mockReturnValue({
         |                       ^
      34 |       insert: jest.fn().mockReturnThis(),
      35 |       select: jest.fn().mockReturnThis(),
      36 |       eq: jest.fn().mockReturnThis(),

      at Object.mockReturnValue (src/lib/services/__tests__/content-synchronization-service.test.ts:33:23)

  ● ContentSynchronizationService › synchronizeContent › should handle source group not found

    TypeError: mockSupabase.from.mockReturnValue is not a function

      31 |     // Setup Supabase mock
      32 |     mockFrom = jest.fn();
    > 33 |     mockSupabase.from.mockReturnValue({
         |                       ^
      34 |       insert: jest.fn().mockReturnThis(),
      35 |       select: jest.fn().mockReturnThis(),
      36 |       eq: jest.fn().mockReturnThis(),

      at Object.mockReturnValue (src/lib/services/__tests__/content-synchronization-service.test.ts:33:23)

  ● ContentSynchronizationService › synchronizeContent › should detect and handle sync conflicts

    TypeError: mockSupabase.from.mockReturnValue is not a function

      31 |     // Setup Supabase mock
      32 |     mockFrom = jest.fn();
    > 33 |     mockSupabase.from.mockReturnValue({
         |                       ^
      34 |       insert: jest.fn().mockReturnThis(),
      35 |       select: jest.fn().mockReturnThis(),
      36 |       eq: jest.fn().mockReturnThis(),

      at Object.mockReturnValue (src/lib/services/__tests__/content-synchronization-service.test.ts:33:23)

  ● ContentSynchronizationService › batchSynchronize › should handle batch synchronization within limits

    TypeError: mockSupabase.from.mockReturnValue is not a function

      31 |     // Setup Supabase mock
      32 |     mockFrom = jest.fn();
    > 33 |     mockSupabase.from.mockReturnValue({
         |                       ^
      34 |       insert: jest.fn().mockReturnThis(),
      35 |       select: jest.fn().mockReturnThis(),
      36 |       eq: jest.fn().mockReturnThis(),

      at Object.mockReturnValue (src/lib/services/__tests__/content-synchronization-service.test.ts:33:23)

  ● ContentSynchronizationService › batchSynchronize › should reject batch sizes exceeding limits

    TypeError: mockSupabase.from.mockReturnValue is not a function

      31 |     // Setup Supabase mock
      32 |     mockFrom = jest.fn();
    > 33 |     mockSupabase.from.mockReturnValue({
         |                       ^
      34 |       insert: jest.fn().mockReturnThis(),
      35 |       select: jest.fn().mockReturnThis(),
      36 |       eq: jest.fn().mockReturnThis(),

      at Object.mockReturnValue (src/lib/services/__tests__/content-synchronization-service.test.ts:33:23)

  ● ContentSynchronizationService › batchSynchronize › should process batches in chunks

    TypeError: mockSupabase.from.mockReturnValue is not a function

      31 |     // Setup Supabase mock
      32 |     mockFrom = jest.fn();
    > 33 |     mockSupabase.from.mockReturnValue({
         |                       ^
      34 |       insert: jest.fn().mockReturnThis(),
      35 |       select: jest.fn().mockReturnThis(),
      36 |       eq: jest.fn().mockReturnThis(),

      at Object.mockReturnValue (src/lib/services/__tests__/content-synchronization-service.test.ts:33:23)

  ● ContentSynchronizationService › alignStudentProgress › should calculate progress alignment correctly

    TypeError: mockSupabase.from.mockReturnValue is not a function

      31 |     // Setup Supabase mock
      32 |     mockFrom = jest.fn();
    > 33 |     mockSupabase.from.mockReturnValue({
         |                       ^
      34 |       insert: jest.fn().mockReturnThis(),
      35 |       select: jest.fn().mockReturnThis(),
      36 |       eq: jest.fn().mockReturnThis(),

      at Object.mockReturnValue (src/lib/services/__tests__/content-synchronization-service.test.ts:33:23)

  ● ContentSynchronizationService › alignStudentProgress › should handle missing student progress

    TypeError: mockSupabase.from.mockReturnValue is not a function

      31 |     // Setup Supabase mock
      32 |     mockFrom = jest.fn();
    > 33 |     mockSupabase.from.mockReturnValue({
         |                       ^
      34 |       insert: jest.fn().mockReturnThis(),
      35 |       select: jest.fn().mockReturnThis(),
      36 |       eq: jest.fn().mockReturnThis(),

      at Object.mockReturnValue (src/lib/services/__tests__/content-synchronization-service.test.ts:33:23)

  ● ContentSynchronizationService › alignStudentProgress › should generate appropriate alignment actions

    TypeError: mockSupabase.from.mockReturnValue is not a function

      31 |     // Setup Supabase mock
      32 |     mockFrom = jest.fn();
    > 33 |     mockSupabase.from.mockReturnValue({
         |                       ^
      34 |       insert: jest.fn().mockReturnThis(),
      35 |       select: jest.fn().mockReturnThis(),
      36 |       eq: jest.fn().mockReturnThis(),

      at Object.mockReturnValue (src/lib/services/__tests__/content-synchronization-service.test.ts:33:23)

  ● ContentSynchronizationService › createContentVersion › should create content version successfully

    TypeError: mockSupabase.from.mockReturnValue is not a function

      31 |     // Setup Supabase mock
      32 |     mockFrom = jest.fn();
    > 33 |     mockSupabase.from.mockReturnValue({
         |                       ^
      34 |       insert: jest.fn().mockReturnThis(),
      35 |       select: jest.fn().mockReturnThis(),
      36 |       eq: jest.fn().mockReturnThis(),

      at Object.mockReturnValue (src/lib/services/__tests__/content-synchronization-service.test.ts:33:23)

  ● ContentSynchronizationService › createContentVersion › should handle missing content

    TypeError: mockSupabase.from.mockReturnValue is not a function

      31 |     // Setup Supabase mock
      32 |     mockFrom = jest.fn();
    > 33 |     mockSupabase.from.mockReturnValue({
         |                       ^
      34 |       insert: jest.fn().mockReturnThis(),
      35 |       select: jest.fn().mockReturnThis(),
      36 |       eq: jest.fn().mockReturnThis(),

      at Object.mockReturnValue (src/lib/services/__tests__/content-synchronization-service.test.ts:33:23)

  ● ContentSynchronizationService › rollbackContent › should rollback content to specified version

    TypeError: mockSupabase.from.mockReturnValue is not a function

      31 |     // Setup Supabase mock
      32 |     mockFrom = jest.fn();
    > 33 |     mockSupabase.from.mockReturnValue({
         |                       ^
      34 |       insert: jest.fn().mockReturnThis(),
      35 |       select: jest.fn().mockReturnThis(),
      36 |       eq: jest.fn().mockReturnThis(),

      at Object.mockReturnValue (src/lib/services/__tests__/content-synchronization-service.test.ts:33:23)

  ● ContentSynchronizationService › rollbackContent › should handle missing version

    TypeError: mockSupabase.from.mockReturnValue is not a function

      31 |     // Setup Supabase mock
      32 |     mockFrom = jest.fn();
    > 33 |     mockSupabase.from.mockReturnValue({
         |                       ^
      34 |       insert: jest.fn().mockReturnThis(),
      35 |       select: jest.fn().mockReturnThis(),
      36 |       eq: jest.fn().mockReturnThis(),

      at Object.mockReturnValue (src/lib/services/__tests__/content-synchronization-service.test.ts:33:23)

  ● ContentSynchronizationService › getSyncStatus › should return accurate sync status

    TypeError: mockSupabase.from.mockReturnValue is not a function

      31 |     // Setup Supabase mock
      32 |     mockFrom = jest.fn();
    > 33 |     mockSupabase.from.mockReturnValue({
         |                       ^
      34 |       insert: jest.fn().mockReturnThis(),
      35 |       select: jest.fn().mockReturnThis(),
      36 |       eq: jest.fn().mockReturnThis(),

      at Object.mockReturnValue (src/lib/services/__tests__/content-synchronization-service.test.ts:33:23)

  ● ContentSynchronizationService › statistics and monitoring › should provide accurate statistics

    TypeError: mockSupabase.from.mockReturnValue is not a function

      31 |     // Setup Supabase mock
      32 |     mockFrom = jest.fn();
    > 33 |     mockSupabase.from.mockReturnValue({
         |                       ^
      34 |       insert: jest.fn().mockReturnThis(),
      35 |       select: jest.fn().mockReturnThis(),
      36 |       eq: jest.fn().mockReturnThis(),

      at Object.mockReturnValue (src/lib/services/__tests__/content-synchronization-service.test.ts:33:23)

  ● ContentSynchronizationService › statistics and monitoring › should track conflicts correctly

    TypeError: mockSupabase.from.mockReturnValue is not a function

      31 |     // Setup Supabase mock
      32 |     mockFrom = jest.fn();
    > 33 |     mockSupabase.from.mockReturnValue({
         |                       ^
      34 |       insert: jest.fn().mockReturnThis(),
      35 |       select: jest.fn().mockReturnThis(),
      36 |       eq: jest.fn().mockReturnThis(),

      at Object.mockReturnValue (src/lib/services/__tests__/content-synchronization-service.test.ts:33:23)

  ● ContentSynchronizationService › event handling › should register and remove event listeners

    TypeError: mockSupabase.from.mockReturnValue is not a function

      31 |     // Setup Supabase mock
      32 |     mockFrom = jest.fn();
    > 33 |     mockSupabase.from.mockReturnValue({
         |                       ^
      34 |       insert: jest.fn().mockReturnThis(),
      35 |       select: jest.fn().mockReturnThis(),
      36 |       eq: jest.fn().mockReturnThis(),

      at Object.mockReturnValue (src/lib/services/__tests__/content-synchronization-service.test.ts:33:23)

  ● ContentSynchronizationService › error handling and edge cases › should handle network errors gracefully

    TypeError: mockSupabase.from.mockReturnValue is not a function

      31 |     // Setup Supabase mock
      32 |     mockFrom = jest.fn();
    > 33 |     mockSupabase.from.mockReturnValue({
         |                       ^
      34 |       insert: jest.fn().mockReturnThis(),
      35 |       select: jest.fn().mockReturnThis(),
      36 |       eq: jest.fn().mockReturnThis(),

      at Object.mockReturnValue (src/lib/services/__tests__/content-synchronization-service.test.ts:33:23)

  ● ContentSynchronizationService › error handling and edge cases › should handle malformed data

    TypeError: mockSupabase.from.mockReturnValue is not a function

      31 |     // Setup Supabase mock
      32 |     mockFrom = jest.fn();
    > 33 |     mockSupabase.from.mockReturnValue({
         |                       ^
      34 |       insert: jest.fn().mockReturnThis(),
      35 |       select: jest.fn().mockReturnThis(),
      36 |       eq: jest.fn().mockReturnThis(),

      at Object.mockReturnValue (src/lib/services/__tests__/content-synchronization-service.test.ts:33:23)

  ● ContentSynchronizationService › error handling and edge cases › should validate UUID formats

    TypeError: mockSupabase.from.mockReturnValue is not a function

      31 |     // Setup Supabase mock
      32 |     mockFrom = jest.fn();
    > 33 |     mockSupabase.from.mockReturnValue({
         |                       ^
      34 |       insert: jest.fn().mockReturnThis(),
      35 |       select: jest.fn().mockReturnThis(),
      36 |       eq: jest.fn().mockReturnThis(),

      at Object.mockReturnValue (src/lib/services/__tests__/content-synchronization-service.test.ts:33:23)

  ● ContentSynchronizationService Integration › should handle complex synchronization workflow

    thrown: "tried to subscribe multiple times. 'subscribe' can only be called a single time per channel instance"

      562 |   let service: ContentSynchronizationService;
      563 |
    > 564 |   beforeEach(() => {
          |             ^
      565 |     service = new ContentSynchronizationService({
      566 |       enabled: true,
      567 |       syncFrequency: 'real-time',

      at src/lib/services/__tests__/content-synchronization-service.test.ts:564:13
      at Object.<anonymous> (src/lib/services/__tests__/content-synchronization-service.test.ts:561:9)

PASS src/lib/services/__tests__/class-capacity-service.test.ts
  ● Console

    console.error
      Error getting class capacity: Error: Class not found
          at ClassCapacityService.getClassCapacity (/Users/invoture/dev.local/hey-peter/src/lib/services/class-capacity-service.ts:92:15)
          at processTicksAndRejections (node:internal/process/task_queues:95:5)
          at Object.<anonymous> (/Users/invoture/dev.local/hey-peter/src/lib/services/__tests__/class-capacity-service.test.ts:140:22)

      124 |       };
      125 |     } catch (error) {
    > 126 |       console.error('Error getting class capacity:', error);
          |               ^
      127 |       return null;
      128 |     }
      129 |   }

      at ClassCapacityService.error [as getClassCapacity] (src/lib/services/class-capacity-service.ts:126:15)
      at Object.<anonymous> (src/lib/services/__tests__/class-capacity-service.test.ts:140:22)

FAIL src/components/teacher/__tests__/ClassHourTracker.test.tsx
  ● ClassHourTracker › Header and Summary › should display total hours summary

    TestingLibraryElementError: Unable to find an element with the text: 4.5. This could be because the text is broken up by multiple elements. In this case, you can provide a function for your text matcher to make your matcher more flexible.

    Ignored nodes: comments, script, style
    [36m<div[39m
      [33mdata-testid[39m=[32m"hours-summary"[39m
    [36m>[39m
      [36m<div[39m
        [33mclass[39m=[32m"text-2xl font-bold"[39m
      [36m>[39m
        [0m3.5[0m
      [36m</div>[39m
      [36m<div[39m
        [33mclass[39m=[32m"text-xs text-muted-foreground mt-1"[39m
      [36m>[39m
        [36m<span[39m
          [33mclass[39m=[32m"text-green-600"[39m
        [36m>[39m
          [0mCompleted[0m
        [36m</span>[39m
        [0m: [0m
        [0m2.0[0m
        [0m hrs[0m
      [36m</div>[39m
      [36m<div[39m
        [33mclass[39m=[32m"text-xs text-muted-foreground"[39m
      [36m>[39m
        [36m<span[39m
          [33mclass[39m=[32m"text-blue-600"[39m
        [36m>[39m
          [0mScheduled[0m
        [36m</span>[39m
        [0m: [0m
        [0m1.5[0m
        [0m hrs[0m
      [36m</div>[39m
    [36m</div>[39m

      107 |       
      108 |       const summarySection = screen.getByTestId('hours-summary');
    > 109 |       expect(within(summarySection).getByText('4.5')).toBeInTheDocument(); // 60 + 60 + 90 + 60 = 270 minutes = 4.5 hours
          |                                     ^
      110 |     });
      111 |
      112 |     it('should display completed vs scheduled hours breakdown', () => {

      at Object.getElementError (node_modules/.pnpm/@testing-library+dom@10.4.0/node_modules/@testing-library/dom/dist/config.js:37:19)
      at node_modules/.pnpm/@testing-library+dom@10.4.0/node_modules/@testing-library/dom/dist/query-helpers.js:76:38
      at node_modules/.pnpm/@testing-library+dom@10.4.0/node_modules/@testing-library/dom/dist/query-helpers.js:52:17
      at node_modules/.pnpm/@testing-library+dom@10.4.0/node_modules/@testing-library/dom/dist/query-helpers.js:95:19
      at Object.getByText (src/components/teacher/__tests__/ClassHourTracker.test.tsx:109:37)

  ● ClassHourTracker › Header and Summary › should display completed vs scheduled hours breakdown

    TestingLibraryElementError: Unable to find an element with the text: 3.0 hrs. This could be because the text is broken up by multiple elements. In this case, you can provide a function for your text matcher to make your matcher more flexible.

    Ignored nodes: comments, script, style
    [36m<div[39m
      [33mdata-testid[39m=[32m"hours-summary"[39m
    [36m>[39m
      [36m<div[39m
        [33mclass[39m=[32m"text-2xl font-bold"[39m
      [36m>[39m
        [0m3.5[0m
      [36m</div>[39m
      [36m<div[39m
        [33mclass[39m=[32m"text-xs text-muted-foreground mt-1"[39m
      [36m>[39m
        [36m<span[39m
          [33mclass[39m=[32m"text-green-600"[39m
        [36m>[39m
          [0mCompleted[0m
        [36m</span>[39m
        [0m: [0m
        [0m2.0[0m
        [0m hrs[0m
      [36m</div>[39m
      [36m<div[39m
        [33mclass[39m=[32m"text-xs text-muted-foreground"[39m
      [36m>[39m
        [36m<span[39m
          [33mclass[39m=[32m"text-blue-600"[39m
        [36m>[39m
          [0mScheduled[0m
        [36m</span>[39m
        [0m: [0m
        [0m1.5[0m
        [0m hrs[0m
      [36m</div>[39m
    [36m</div>[39m

      115 |       const summarySection = screen.getByTestId('hours-summary');
      116 |       expect(within(summarySection).getByText('Completed')).toBeInTheDocument();
    > 117 |       expect(within(summarySection).getByText('3.0 hrs')).toBeInTheDocument(); // 3 completed classes
          |                                     ^
      118 |       
      119 |       expect(within(summarySection).getByText('Scheduled')).toBeInTheDocument();
      120 |       expect(within(summarySection).getByText('1.5 hrs')).toBeInTheDocument(); // 1 scheduled class

      at Object.getElementError (node_modules/.pnpm/@testing-library+dom@10.4.0/node_modules/@testing-library/dom/dist/config.js:37:19)
      at node_modules/.pnpm/@testing-library+dom@10.4.0/node_modules/@testing-library/dom/dist/query-helpers.js:76:38
      at node_modules/.pnpm/@testing-library+dom@10.4.0/node_modules/@testing-library/dom/dist/query-helpers.js:52:17
      at node_modules/.pnpm/@testing-library+dom@10.4.0/node_modules/@testing-library/dom/dist/query-helpers.js:95:19
      at Object.getByText (src/components/teacher/__tests__/ClassHourTracker.test.tsx:117:37)

  ● ClassHourTracker › Header and Summary › should display attendance statistics

    TestingLibraryElementError: Unable to find an element with the text: 2. This could be because the text is broken up by multiple elements. In this case, you can provide a function for your text matcher to make your matcher more flexible.

    Ignored nodes: comments, script, style
    [36m<div[39m
      [33mdata-testid[39m=[32m"attendance-stats"[39m
    [36m>[39m
      [36m<div[39m
        [33mclass[39m=[32m"text-2xl font-bold"[39m
      [36m>[39m
        [0m100.0[0m
        [0m%[0m
      [36m</div>[39m
      [36m<div[39m
        [33mclass[39m=[32m"text-xs text-muted-foreground mt-1"[39m
      [36m>[39m
        [36m<span[39m
          [33mclass[39m=[32m"text-green-600"[39m
        [36m>[39m
          [0mPresent[0m
        [36m</span>[39m
        [0m: [0m
        [0m2[0m
      [36m</div>[39m
      [36m<div[39m
        [33mclass[39m=[32m"text-xs text-muted-foreground"[39m
      [36m>[39m
        [36m<span[39m
          [33mclass[39m=[32m"text-red-600"[39m
        [36m>[39m
          [0mAbsent[0m
        [36m</span>[39m
        [0m: [0m
        [0m0[0m
      [36m</div>[39m
      [36m<div[39m
        [33mclass[39m=[32m"text-xs text-muted-foreground"[39m
      [36m>[39m
        [0mAttendance Rate[0m
      [36m</div>[39m
    [36m</div>[39m

      126 |       const statsSection = screen.getByTestId('attendance-stats');
      127 |       expect(within(statsSection).getByText('Present')).toBeInTheDocument();
    > 128 |       expect(within(statsSection).getByText('2')).toBeInTheDocument();
          |                                   ^
      129 |       
      130 |       expect(within(statsSection).getByText('Absent')).toBeInTheDocument();
      131 |       expect(within(statsSection).getByText('1')).toBeInTheDocument();

      at Object.getElementError (node_modules/.pnpm/@testing-library+dom@10.4.0/node_modules/@testing-library/dom/dist/config.js:37:19)
      at node_modules/.pnpm/@testing-library+dom@10.4.0/node_modules/@testing-library/dom/dist/query-helpers.js:76:38
      at node_modules/.pnpm/@testing-library+dom@10.4.0/node_modules/@testing-library/dom/dist/query-helpers.js:52:17
      at node_modules/.pnpm/@testing-library+dom@10.4.0/node_modules/@testing-library/dom/dist/query-helpers.js:95:19
      at Object.getByText (src/components/teacher/__tests__/ClassHourTracker.test.tsx:128:35)

  ● ClassHourTracker › Filtering › should clear filters when clear button is clicked

    expect(received).toBe(expected) // Object.is equality

    Expected: true
    Received: false

      234 |       expect(classNames.some(text => text?.includes('Business English'))).toBe(true);
      235 |       expect(classNames.some(text => text?.includes('TOEFL Preparation'))).toBe(true);
    > 236 |       expect(classNames.some(text => text?.includes('Grammar Basics'))).toBe(true);
          |                                                                         ^
      237 |     });
      238 |   });
      239 |

      at Object.toBe (src/components/teacher/__tests__/ClassHourTracker.test.tsx:236:73)

  ● ClassHourTracker › Class Hours Table › should display class hours in a table

    TestingLibraryElementError: Found multiple elements with the text: Status

    Here are the matching elements:

    Ignored nodes: comments, script, style
    [36m<label[39m
      [33mclass[39m=[32m"text-sm font-medium"[39m
      [33mfor[39m=[32m"status"[39m
    [36m>[39m
      [0mStatus[0m
    [36m</label>[39m

    Ignored nodes: comments, script, style
    [36m<th[39m
      [33mclass[39m=[32m"h-12 px-4 text-left align-middle font-medium text-muted-foreground [&:has([role=checkbox])]:pr-0"[39m
    [36m>[39m
      [0mStatus[0m
    [36m</th>[39m

    (If this is intentional, then use the `*AllBy*` variant of the query (like `queryAllByText`, `getAllByText`, or `findAllByText`)).

    Ignored nodes: comments, script, style
    [36m<body[39m
      [33mstyle[39m=[32m""[39m
    [36m>[39m
      [36m<div>[39m
        [36m<div[39m
          [33mclass[39m=[32m"space-y-6"[39m
        [36m>[39m
          [36m<div[39m
            [33mclass[39m=[32m"flex items-center justify-between"[39m
          [36m>[39m
            [36m<div>[39m
              [36m<h2[39m
                [33mclass[39m=[32m"text-2xl font-bold"[39m
              [36m>[39m
                [0mClass Hours[0m
              [36m</h2>[39m
              [36m<p[39m
                [33mclass[39m=[32m"text-muted-foreground"[39m
              [36m>[39m
                [0mJanuary 15[0m
                [0m - [0m
                [0mJanuary 21, 2024[0m
              [36m</p>[39m
            [36m</div>[39m
            [36m<div[39m
              [33mclass[39m=[32m"flex items-center gap-2"[39m
            [36m>[39m
              [36m<button[39m
                [33maria-label[39m=[32m"Previous week"[39m
                [33mclass[39m=[32m"inline-flex items-center justify-center gap-2 whitespace-nowrap rounded-md text-sm font-medium transition-all disabled:pointer-events-none disabled:opacity-50 [&_svg]:pointer-events-none [&_svg:not([class*='size-'])]:size-4 shrink-0 [&_svg]:shrink-0 outline-none focus-visible:border-ring focus-visible:ring-ring/50 focus-visible:ring-[3px] aria-invalid:ring-destructive/20 dark:aria-invalid:ring-destructive/40 aria-invalid:border-destructive border bg-background shadow-xs hover:bg-accent hover:text-accent-foreground dark:bg-input/30 dark:border-input dark:hover:bg-input/50 size-9"[39m
                [33mdata-slot[39m=[32m"button"[39m
              [36m>[39m
                [36m<svg[39m
                  [33maria-hidden[39m=[32m"true"[39m
                  [33mclass[39m=[32m"lucide lucide-chevron-left h-4 w-4"[39m
                  [33mfill[39m=[32m"none"[39m
                  [33mheight[39m=[32m"24"[39m
                  [33mstroke[39m=[32m"currentColor"[39m
                  [33mstroke-linecap[39m=[32m"round"[39m
                  [33mstroke-linejoin[39m=[32m"round"[39m
                  [33mstroke-width[39m=[32m"2"[39m
                  [33mviewBox[39m=[32m"0 0 24 24"[39m
                  [33mwidth[39m=[32m"24"[39m
                  [33mxmlns[39m=[32m"http://www.w3.org/2000/svg"[39m
                [36m>[39m
                  [36m<path[39m
                    [33md[39m=[32m"m15 18-6-6 6-6"[39m
                  [36m/>[39m
                [36m</svg>[39m
              [36m</button>[39m
              [36m<button[39m
                [33maria-label[39m=[32m"This week"[39m
                [33mclass[39m=[32m"inline-flex items-center justify-center gap-2 whitespace-nowrap rounded-md text-sm font-medium transition-all disabled:pointer-events-none disabled:opacity-50 [&_svg]:pointer-events-none [&_svg:not([class*='size-'])]:size-4 shrink-0 [&_svg]:shrink-0 outline-none focus-visible:border-ring focus-visible:ring-ring/50 focus-visible:ring-[3px] aria-invalid:ring-destructive/20 dark:aria-invalid:ring-destructive/40 aria-invalid:border-destructive border bg-background shadow-xs hover:bg-accent hover:text-accent-foreground dark:bg-input/30 dark:border-input dark:hover:bg-input/50 h-9 px-4 py-2 has-[>svg]:px-3"[39m
                [33mdata-slot[39m=[32m"button"[39m
              [36m>[39m
                [0mThis Week[0m
              [36m</button>[39m
              [36m<button[39m
                [33maria-label[39m=[32m"Next week"[39m
                [33mclass[39m=[32m"inline-flex items-center justify-center gap-2 whitespace-nowrap rounded-md text-sm font-medium transition-all disabled:pointer-events-none disabled:opacity-50 [&_svg]:pointer-events-none [&_svg:not([class*='size-'])]:size-4 shrink-0 [&_svg]:shrink-0 outline-none focus-visible:border-ring focus-visible:ring-ring/50 focus-visible:ring-[3px] aria-invalid:ring-destructive/20 dark:aria-invalid:ring-destructive/40 aria-invalid:border-destructive border bg-background shadow-xs hover:bg-accent hover:text-accent-foreground dark:bg-input/30 dark:border-input dark:hover:bg-input/50 size-9"[39m
                [33mdata-slot[39m=[32m"button"[39m
              [36m>[39m
                [36m<svg[39m
                  [33maria-hidden[39m=[32m"true"[39m
                  [33mclass[39m=[32m"lucide lucide-chevron-right h-4 w-4"[39m
                  [33mfill[39m=[32m"none"[39m
                  [33mheight[39m=[32m"24"[39m
                  [33mstroke[39m=[32m"currentColor"[39m
                  [33mstroke-linecap[39m=[32m"round"[39m
                  [33mstroke-linejoin[39m=[32m"round"[39m
                  [33mstroke-width[39m=[32m"2"[39m
                  [33mviewBox[39m=[32m"0 0 24 24"[39m
                  [33mwidth[39m=[32m"24"[39m
                  [33mxmlns[39m=[32m"http://www.w3.org/2000/svg"[39m
                [36m>[39m
                  [36m<path[39m
                    [33md[39m=[32m"m9 18 6-6-6-6"[39m
                  [36m/>[39m
                [36m</svg>[39m
              [36m</button>[39m
            [36m</div>[39m
          [36m</div>[39m
          [36m<div[39m
            [33mclass[39m=[32m"grid gap-4 md:grid-cols-4"[39m
          [36m>[39m
            [36m<div[39m
              [33mclass[39m=[32m"bg-card text-card-foreground flex flex-col gap-6 rounded-xl border py-6 shadow-sm"[39m
              [33mdata-slot[39m=[32m"card"[39m
            [36m>[39m
              [36m<div[39m
                [33mclass[39m=[32m"@container/card-header grid auto-rows-min grid-rows-[auto_auto] items-start gap-1.5 px-6 has-data-[slot=card-action]:grid-cols-[1fr_auto] [.border-b]:pb-6 pb-2"[39m
                [33mdata-slot[39m=[32m"card-header"[39m
              [36m>[39m
                [36m<div[39m
                  [33mclass[39m=[32m"text-sm font-medium"[39m
                  [33mdata-slot[39m=[32m"card-title"[39m
                [36m>[39m
                  [0mTotal Hours[0m
                [36m</div>[39m
              [36m</div>[39m
              [36m<div[39m
                [33mclass[39m=[32m"px-6"[39m
                [33mdata-slot[39m=[32m"card-content"[39m
              [36m>[39m
                [36m<div[39m
                  [33mdata-testid[39m=[32m"hours-summary"[39m
                [36m>[39m
                  [36m<div[39m
                    [33mclass[39m=[32m"text-2xl font-bold"[39m
                  [36m>[39m
                    [0m3.5[0m
                  [36m</div>[39m
                  [36m<div[39m
                    [33mclass[39m=[32m"text-xs text-muted-foreground mt-1"[39m
                  [36m>[39m
                    [36m<span[39m
                      [33mclass[39m=[32m"text-green-600"[39m
                    [36m>[39m
                      [0mCompleted[0m
                    [36m</span>[39m
                    [0m: [0m
                    [0m2.0[0m
                    [0m hrs[0m
                  [36m</div>[39m
                  [36m<div[39m
                    [33mclass[39m=[32m"text-xs text-muted-foreground"[39m
                  [36m>[39m
                    [36m<span[39m
                      [33mclass[39m=[32m"text-blue-600"[39m
                    [36m>[39m
                      [0mScheduled[0m
              ...

      249 |       expect(screen.getByText('Duration')).toBeInTheDocument();
      250 |       expect(screen.getByText('Type')).toBeInTheDocument();
    > 251 |       expect(screen.getByText('Status')).toBeInTheDocument();
          |                     ^
      252 |     });
      253 |
      254 |     it('should display class hour details correctly', () => {

      at Object.getElementError (node_modules/.pnpm/@testing-library+dom@10.4.0/node_modules/@testing-library/dom/dist/config.js:37:19)
      at getElementError (node_modules/.pnpm/@testing-library+dom@10.4.0/node_modules/@testing-library/dom/dist/query-helpers.js:20:35)
      at getMultipleElementsFoundError (node_modules/.pnpm/@testing-library+dom@10.4.0/node_modules/@testing-library/dom/dist/query-helpers.js:23:10)
      at node_modules/.pnpm/@testing-library+dom@10.4.0/node_modules/@testing-library/dom/dist/query-helpers.js:55:13
      at node_modules/.pnpm/@testing-library+dom@10.4.0/node_modules/@testing-library/dom/dist/query-helpers.js:95:19
      at Object.getByText (src/components/teacher/__tests__/ClassHourTracker.test.tsx:251:21)

  ● ClassHourTracker › Class Hours Table › should show appropriate badges for different statuses

    TestingLibraryElementError: Found multiple elements with the text: Present

    Here are the matching elements:

    Ignored nodes: comments, script, style
    [36m<span[39m
      [33mclass[39m=[32m"text-green-600"[39m
    [36m>[39m
      [0mPresent[0m
    [36m</span>[39m

    Ignored nodes: comments, script, style
    [36m<div[39m
      [33mclass[39m=[32m"inline-flex items-center rounded-full border px-2.5 py-0.5 text-xs font-semibold transition-colors focus:outline-none focus:ring-2 focus:ring-ring focus:ring-offset-2 border-transparent hover:bg-primary/80 bg-green-100 text-green-800"[39m
    [36m>[39m
      [0mPresent[0m
    [36m</div>[39m

    Ignored nodes: comments, script, style
    [36m<div[39m
      [33mclass[39m=[32m"inline-flex items-center rounded-full border px-2.5 py-0.5 text-xs font-semibold transition-colors focus:outline-none focus:ring-2 focus:ring-ring focus:ring-offset-2 border-transparent hover:bg-primary/80 bg-green-100 text-green-800"[39m
    [36m>[39m
      [0mPresent[0m
    [36m</div>[39m

    (If this is intentional, then use the `*AllBy*` variant of the query (like `queryAllByText`, `getAllByText`, or `findAllByText`)).

    Ignored nodes: comments, script, style
    [36m<body[39m
      [33mstyle[39m=[32m""[39m
    [36m>[39m
      [36m<div>[39m
        [36m<div[39m
          [33mclass[39m=[32m"space-y-6"[39m
        [36m>[39m
          [36m<div[39m
            [33mclass[39m=[32m"flex items-center justify-between"[39m
          [36m>[39m
            [36m<div>[39m
              [36m<h2[39m
                [33mclass[39m=[32m"text-2xl font-bold"[39m
              [36m>[39m
                [0mClass Hours[0m
              [36m</h2>[39m
              [36m<p[39m
                [33mclass[39m=[32m"text-muted-foreground"[39m
              [36m>[39m
                [0mJanuary 15[0m
                [0m - [0m
                [0mJanuary 21, 2024[0m
              [36m</p>[39m
            [36m</div>[39m
            [36m<div[39m
              [33mclass[39m=[32m"flex items-center gap-2"[39m
            [36m>[39m
              [36m<button[39m
                [33maria-label[39m=[32m"Previous week"[39m
                [33mclass[39m=[32m"inline-flex items-center justify-center gap-2 whitespace-nowrap rounded-md text-sm font-medium transition-all disabled:pointer-events-none disabled:opacity-50 [&_svg]:pointer-events-none [&_svg:not([class*='size-'])]:size-4 shrink-0 [&_svg]:shrink-0 outline-none focus-visible:border-ring focus-visible:ring-ring/50 focus-visible:ring-[3px] aria-invalid:ring-destructive/20 dark:aria-invalid:ring-destructive/40 aria-invalid:border-destructive border bg-background shadow-xs hover:bg-accent hover:text-accent-foreground dark:bg-input/30 dark:border-input dark:hover:bg-input/50 size-9"[39m
                [33mdata-slot[39m=[32m"button"[39m
              [36m>[39m
                [36m<svg[39m
                  [33maria-hidden[39m=[32m"true"[39m
                  [33mclass[39m=[32m"lucide lucide-chevron-left h-4 w-4"[39m
                  [33mfill[39m=[32m"none"[39m
                  [33mheight[39m=[32m"24"[39m
                  [33mstroke[39m=[32m"currentColor"[39m
                  [33mstroke-linecap[39m=[32m"round"[39m
                  [33mstroke-linejoin[39m=[32m"round"[39m
                  [33mstroke-width[39m=[32m"2"[39m
                  [33mviewBox[39m=[32m"0 0 24 24"[39m
                  [33mwidth[39m=[32m"24"[39m
                  [33mxmlns[39m=[32m"http://www.w3.org/2000/svg"[39m
                [36m>[39m
                  [36m<path[39m
                    [33md[39m=[32m"m15 18-6-6 6-6"[39m
                  [36m/>[39m
                [36m</svg>[39m
              [36m</button>[39m
              [36m<button[39m
                [33maria-label[39m=[32m"This week"[39m
                [33mclass[39m=[32m"inline-flex items-center justify-center gap-2 whitespace-nowrap rounded-md text-sm font-medium transition-all disabled:pointer-events-none disabled:opacity-50 [&_svg]:pointer-events-none [&_svg:not([class*='size-'])]:size-4 shrink-0 [&_svg]:shrink-0 outline-none focus-visible:border-ring focus-visible:ring-ring/50 focus-visible:ring-[3px] aria-invalid:ring-destructive/20 dark:aria-invalid:ring-destructive/40 aria-invalid:border-destructive border bg-background shadow-xs hover:bg-accent hover:text-accent-foreground dark:bg-input/30 dark:border-input dark:hover:bg-input/50 h-9 px-4 py-2 has-[>svg]:px-3"[39m
                [33mdata-slot[39m=[32m"button"[39m
              [36m>[39m
                [0mThis Week[0m
              [36m</button>[39m
              [36m<button[39m
                [33maria-label[39m=[32m"Next week"[39m
                [33mclass[39m=[32m"inline-flex items-center justify-center gap-2 whitespace-nowrap rounded-md text-sm font-medium transition-all disabled:pointer-events-none disabled:opacity-50 [&_svg]:pointer-events-none [&_svg:not([class*='size-'])]:size-4 shrink-0 [&_svg]:shrink-0 outline-none focus-visible:border-ring focus-visible:ring-ring/50 focus-visible:ring-[3px] aria-invalid:ring-destructive/20 dark:aria-invalid:ring-destructive/40 aria-invalid:border-destructive border bg-background shadow-xs hover:bg-accent hover:text-accent-foreground dark:bg-input/30 dark:border-input dark:hover:bg-input/50 size-9"[39m
                [33mdata-slot[39m=[32m"button"[39m
              [36m>[39m
                [36m<svg[39m
                  [33maria-hidden[39m=[32m"true"[39m
                  [33mclass[39m=[32m"lucide lucide-chevron-right h-4 w-4"[39m
                  [33mfill[39m=[32m"none"[39m
                  [33mheight[39m=[32m"24"[39m
                  [33mstroke[39m=[32m"currentColor"[39m
                  [33mstroke-linecap[39m=[32m"round"[39m
                  [33mstroke-linejoin[39m=[32m"round"[39m
                  [33mstroke-width[39m=[32m"2"[39m
                  [33mviewBox[39m=[32m"0 0 24 24"[39m
                  [33mwidth[39m=[32m"24"[39m
                  [33mxmlns[39m=[32m"http://www.w3.org/2000/svg"[39m
                [36m>[39m
                  [36m<path[39m
                    [33md[39m=[32m"m9 18 6-6-6-6"[39m
                  [36m/>[39m
                [36m</svg>[39m
              [36m</button>[39m
            [36m</div>[39m
          [36m</div>[39m
          [36m<div[39m
            [33mclass[39m=[32m"grid gap-4 md:grid-cols-4"[39m
          [36m>[39m
            [36m<div[39m
              [33mclass[39m=[32m"bg-card text-card-foreground flex flex-col gap-6 rounded-xl border py-6 shadow-sm"[39m
              [33mdata-slot[39m=[32m"card"[39m
            [36m>[39m
              [36m<div[39m
                [33mclass[39m=[32m"@container/card-header grid auto-rows-min grid-rows-[auto_auto] items-start gap-1.5 px-6 has-data-[slot=card-action]:grid-cols-[1fr_auto] [.border-b]:pb-6 pb-2"[39m
                [33mdata-slot[39m=[32m"card-header"[39m
              [36m>[39m
                [36m<div[39m
                  [33mclass[39m=[32m"text-sm font-medium"[39m
                  [33mdata-slot[39m=[32m"card-title"[39m
                [36m>[39m
                  [0mTotal Hours[0m
                [36m</div>[39m
              [36m</div>[39m
              [36m<div[39m
                [33mclass[39m=[32m"px-6"[39m
                [33mdata-slot[39m=[32m"card-content"[39m
              [36m>[39m
                [36m<div[39m
                  [33mdata-testid[39m=[32m"hours-summary"[39m
                [36m>[39m
                  [36m<div[39m
                    [33mclass[39m=[32m"text-2xl font-bold"[39m
                  [36m>[39m
                    [0m3.5[0m
                  [36m</div>[39m
                  [36m<div[39m
                    [33mclass[39m=[32m"text-xs text-muted-foreground mt-1"[39m
                  [36m>[39m
                    [36m<span[39m
                      [33mclass[39m=[32m"text-green-600"[39m
                    [36m>[39m
                      [0mCompleted[0m
                    [36m</span>[39m
                    [0m: [0m
                    [0m2.0[0m
                    [0m hrs[0m
                  [36m</div>[39m
                  [36m<div[39m
                    [33mclass[39m=[32m"text-xs text-muted-foreground"[39m
                  [36m>[39m
                    [36m<span[39m
                      [33mclass[39m=[32m"text-blue-600"[39m
                    [36m>[39m
                      [0mScheduled[0m
              ...

      274 |       
      275 |       // Check that we have status badges
    > 276 |       expect(screen.getByText('Present')).toBeInTheDocument();
          |                     ^
      277 |       expect(screen.getByText('Absent')).toBeInTheDocument();
      278 |       expect(screen.getByText('Scheduled')).toBeInTheDocument();
      279 |       

      at Object.getElementError (node_modules/.pnpm/@testing-library+dom@10.4.0/node_modules/@testing-library/dom/dist/config.js:37:19)
      at getElementError (node_modules/.pnpm/@testing-library+dom@10.4.0/node_modules/@testing-library/dom/dist/query-helpers.js:20:35)
      at getMultipleElementsFoundError (node_modules/.pnpm/@testing-library+dom@10.4.0/node_modules/@testing-library/dom/dist/query-helpers.js:23:10)
      at node_modules/.pnpm/@testing-library+dom@10.4.0/node_modules/@testing-library/dom/dist/query-helpers.js:55:13
      at node_modules/.pnpm/@testing-library+dom@10.4.0/node_modules/@testing-library/dom/dist/query-helpers.js:95:19
      at Object.getByText (src/components/teacher/__tests__/ClassHourTracker.test.tsx:276:21)

  ● ClassHourTracker › Accessibility › should be keyboard navigable

    expect(element).toHaveFocus()

    Expected element with focus:
      <button aria-autocomplete="none" aria-controls="radix-:rd0:" aria-expanded="false" aria-label="Date range" class="flex h-9 w-full items-center justify-between rounded-md border border-input bg-transparent px-3 py-2 text-sm ring-offset-background placeholder:text-muted-foreground focus:outline-none focus:ring-2 focus:ring-ring focus:ring-offset-2 disabled:cursor-not-allowed disabled:opacity-50 [&>span]:line-clamp-1" data-state="closed" dir="ltr" id="date-range" role="combobox" type="button"><span style="pointer-events: none;">This Week</span><svg aria-hidden="true" class="lucide lucide-chevron-down h-4 w-4 opacity-50" fill="none" height="24" stroke="currentColor" stroke-linecap="round" stroke-linejoin="round" stroke-width="2" viewBox="0 0 24 24" width="24" xmlns="http://www.w3.org/2000/svg"><path d="m6 9 6 6 6-6" /></svg></button>
    Received element with focus:
      <button aria-label="Previous week" class="inline-flex items-center justify-center gap-2 whitespace-nowrap rounded-md text-sm font-medium transition-all disabled:pointer-events-none disabled:opacity-50 [&_svg]:pointer-events-none [&_svg:not([class*='size-'])]:size-4 shrink-0 [&_svg]:shrink-0 outline-none focus-visible:border-ring focus-visible:ring-ring/50 focus-visible:ring-[3px] aria-invalid:ring-destructive/20 dark:aria-invalid:ring-destructive/40 aria-invalid:border-destructive border bg-background shadow-xs hover:bg-accent hover:text-accent-foreground dark:bg-input/30 dark:border-input dark:hover:bg-input/50 size-9" data-slot="button"><svg aria-hidden="true" class="lucide lucide-chevron-left h-4 w-4" fill="none" height="24" stroke="currentColor" stroke-linecap="round" stroke-linejoin="round" stroke-width="2" viewBox="0 0 24 24" width="24" xmlns="http://www.w3.org/2000/svg"><path d="m15 18-6-6 6-6" /></svg></button>

      422 |       // Tab through interactive elements
      423 |       await user.tab();
    > 424 |       expect(screen.getByLabelText(/date range/i)).toHaveFocus();
          |                                                    ^
      425 |       
      426 |       await user.tab();
      427 |       expect(screen.getByLabelText(/class type/i)).toHaveFocus();

      at Object.toHaveFocus (src/components/teacher/__tests__/ClassHourTracker.test.tsx:424:52)

PASS src/components/teacher/__tests__/AvailabilityScheduler.test.tsx
  ● Console

    console.error
      Warning: Encountered two children with the same key, `1`. Keys should be unique so that components maintain their identity across updates. Non-unique keys may cause children to be duplicated and/or omitted — the behavior is unsupported and could change in a future version.
          at div
          at div
          at className (/Users/invoture/dev.local/hey-peter/src/components/ui/card.tsx:64:24)
          at div
          at className (/Users/invoture/dev.local/hey-peter/src/components/ui/card.tsx:5:17)
          at div
          at div
          at teacherId (/Users/invoture/dev.local/hey-peter/src/components/teacher/AvailabilitySchedulerEnhanced.tsx:58:3)

      315 |       
      316 |       const confirmButton = screen.getByRole('button', { name: /copy schedule/i });
    > 317 |       await user.click(confirmButton);
          |       ^
      318 |       
      319 |       // Check that Monday's schedule is copied to Tuesday
      320 |       const tuesdaySection = screen.getByTestId('day-2');

      at printWarning (node_modules/.pnpm/react-dom@18.3.1_react@18.3.1/node_modules/react-dom/cjs/react-dom.development.js:86:30)
      at error (node_modules/.pnpm/react-dom@18.3.1_react@18.3.1/node_modules/react-dom/cjs/react-dom.development.js:60:7)
      at warnOnInvalidKey (node_modules/.pnpm/react-dom@18.3.1_react@18.3.1/node_modules/react-dom/cjs/react-dom.development.js:13529:11)
      at reconcileChildrenArray (node_modules/.pnpm/react-dom@18.3.1_react@18.3.1/node_modules/react-dom/cjs/react-dom.development.js:13566:21)
      at reconcileChildFibers (node_modules/.pnpm/react-dom@18.3.1_react@18.3.1/node_modules/react-dom/cjs/react-dom.development.js:14057:16)
      at reconcileChildren (node_modules/.pnpm/react-dom@18.3.1_react@18.3.1/node_modules/react-dom/cjs/react-dom.development.js:19193:28)
      at updateHostComponent (node_modules/.pnpm/react-dom@18.3.1_react@18.3.1/node_modules/react-dom/cjs/react-dom.development.js:19953:3)
      at beginWork (node_modules/.pnpm/react-dom@18.3.1_react@18.3.1/node_modules/react-dom/cjs/react-dom.development.js:21657:14)
      at beginWork$1 (node_modules/.pnpm/react-dom@18.3.1_react@18.3.1/node_modules/react-dom/cjs/react-dom.development.js:27465:14)
      at performUnitOfWork (node_modules/.pnpm/react-dom@18.3.1_react@18.3.1/node_modules/react-dom/cjs/react-dom.development.js:26599:12)
      at workLoopSync (node_modules/.pnpm/react-dom@18.3.1_react@18.3.1/node_modules/react-dom/cjs/react-dom.development.js:26505:5)
      at renderRootSync (node_modules/.pnpm/react-dom@18.3.1_react@18.3.1/node_modules/react-dom/cjs/react-dom.development.js:26473:7)
      at performSyncWorkOnRoot (node_modules/.pnpm/react-dom@18.3.1_react@18.3.1/node_modules/react-dom/cjs/react-dom.development.js:26124:20)
      at flushSyncCallbacks (node_modules/.pnpm/react-dom@18.3.1_react@18.3.1/node_modules/react-dom/cjs/react-dom.development.js:12042:22)
      at flushActQueue (node_modules/.pnpm/react@18.3.1/node_modules/react/cjs/react.development.js:2667:24)
      at act (node_modules/.pnpm/react@18.3.1/node_modules/react/cjs/react.development.js:2582:11)
      at node_modules/.pnpm/@testing-library+react@16.3.0_@testing-library+dom@10.4.0_@types+react-dom@18.3.7_@type_efee5276f61270375aed4c032a71d5e5/node_modules/@testing-library/react/dist/act-compat.js:47:25
      at Object.eventWrapper (node_modules/.pnpm/@testing-library+react@16.3.0_@testing-library+dom@10.4.0_@types+react-dom@18.3.7_@type_efee5276f61270375aed4c032a71d5e5/node_modules/@testing-library/react/dist/pure.js:107:28)
      at Object.wrapEvent (node_modules/.pnpm/@testing-library+user-event@14.6.1_@testing-library+dom@10.4.0/node_modules/@testing-library/user-event/dist/cjs/event/wrapEvent.js:6:28)
      at Object.dispatchEvent (node_modules/.pnpm/@testing-library+user-event@14.6.1_@testing-library+dom@10.4.0/node_modules/@testing-library/user-event/dist/cjs/event/dispatchEvent.js:45:22)
      at Object.dispatchUIEvent (node_modules/.pnpm/@testing-library+user-event@14.6.1_@testing-library+dom@10.4.0/node_modules/@testing-library/user-event/dist/cjs/event/dispatchEvent.js:22:26)
      at Mouse.up (node_modules/.pnpm/@testing-library+user-event@14.6.1_@testing-library+dom@10.4.0/node_modules/@testing-library/user-event/dist/cjs/system/pointer/mouse.js:100:30)
      at PointerHost.release (node_modules/.pnpm/@testing-library+user-event@14.6.1_@testing-library+dom@10.4.0/node_modules/@testing-library/user-event/dist/cjs/system/pointer/index.js:87:24)
      at pointerAction (node_modules/.pnpm/@testing-library+user-event@14.6.1_@testing-library+dom@10.4.0/node_modules/@testing-library/user-event/dist/cjs/pointer/index.js:54:47)
      at Object.pointer (node_modules/.pnpm/@testing-library+user-event@14.6.1_@testing-library+dom@10.4.0/node_modules/@testing-library/user-event/dist/cjs/pointer/index.js:27:9)
      at Object.asyncWrapper (node_modules/.pnpm/@testing-library+react@16.3.0_@testing-library+dom@10.4.0_@types+react-dom@18.3.7_@type_efee5276f61270375aed4c032a71d5e5/node_modules/@testing-library/react/dist/pure.js:88:22)
      at Object.<anonymous> (src/components/teacher/__tests__/AvailabilityScheduler.test.tsx:317:7)

    console.error
      Warning: Encountered two children with the same key, `2`. Keys should be unique so that components maintain their identity across updates. Non-unique keys may cause children to be duplicated and/or omitted — the behavior is unsupported and could change in a future version.
          at div
          at div
          at className (/Users/invoture/dev.local/hey-peter/src/components/ui/card.tsx:64:24)
          at div
          at className (/Users/invoture/dev.local/hey-peter/src/components/ui/card.tsx:5:17)
          at div
          at div
          at teacherId (/Users/invoture/dev.local/hey-peter/src/components/teacher/AvailabilitySchedulerEnhanced.tsx:58:3)

      315 |       
      316 |       const confirmButton = screen.getByRole('button', { name: /copy schedule/i });
    > 317 |       await user.click(confirmButton);
          |       ^
      318 |       
      319 |       // Check that Monday's schedule is copied to Tuesday
      320 |       const tuesdaySection = screen.getByTestId('day-2');

      at printWarning (node_modules/.pnpm/react-dom@18.3.1_react@18.3.1/node_modules/react-dom/cjs/react-dom.development.js:86:30)
      at error (node_modules/.pnpm/react-dom@18.3.1_react@18.3.1/node_modules/react-dom/cjs/react-dom.development.js:60:7)
      at warnOnInvalidKey (node_modules/.pnpm/react-dom@18.3.1_react@18.3.1/node_modules/react-dom/cjs/react-dom.development.js:13529:11)
      at reconcileChildrenArray (node_modules/.pnpm/react-dom@18.3.1_react@18.3.1/node_modules/react-dom/cjs/react-dom.development.js:13566:21)
      at reconcileChildFibers (node_modules/.pnpm/react-dom@18.3.1_react@18.3.1/node_modules/react-dom/cjs/react-dom.development.js:14057:16)
      at reconcileChildren (node_modules/.pnpm/react-dom@18.3.1_react@18.3.1/node_modules/react-dom/cjs/react-dom.development.js:19193:28)
      at updateHostComponent (node_modules/.pnpm/react-dom@18.3.1_react@18.3.1/node_modules/react-dom/cjs/react-dom.development.js:19953:3)
      at beginWork (node_modules/.pnpm/react-dom@18.3.1_react@18.3.1/node_modules/react-dom/cjs/react-dom.development.js:21657:14)
      at beginWork$1 (node_modules/.pnpm/react-dom@18.3.1_react@18.3.1/node_modules/react-dom/cjs/react-dom.development.js:27465:14)
      at performUnitOfWork (node_modules/.pnpm/react-dom@18.3.1_react@18.3.1/node_modules/react-dom/cjs/react-dom.development.js:26599:12)
      at workLoopSync (node_modules/.pnpm/react-dom@18.3.1_react@18.3.1/node_modules/react-dom/cjs/react-dom.development.js:26505:5)
      at renderRootSync (node_modules/.pnpm/react-dom@18.3.1_react@18.3.1/node_modules/react-dom/cjs/react-dom.development.js:26473:7)
      at performSyncWorkOnRoot (node_modules/.pnpm/react-dom@18.3.1_react@18.3.1/node_modules/react-dom/cjs/react-dom.development.js:26124:20)
      at flushSyncCallbacks (node_modules/.pnpm/react-dom@18.3.1_react@18.3.1/node_modules/react-dom/cjs/react-dom.development.js:12042:22)
      at flushActQueue (node_modules/.pnpm/react@18.3.1/node_modules/react/cjs/react.development.js:2667:24)
      at act (node_modules/.pnpm/react@18.3.1/node_modules/react/cjs/react.development.js:2582:11)
      at node_modules/.pnpm/@testing-library+react@16.3.0_@testing-library+dom@10.4.0_@types+react-dom@18.3.7_@type_efee5276f61270375aed4c032a71d5e5/node_modules/@testing-library/react/dist/act-compat.js:47:25
      at Object.eventWrapper (node_modules/.pnpm/@testing-library+react@16.3.0_@testing-library+dom@10.4.0_@types+react-dom@18.3.7_@type_efee5276f61270375aed4c032a71d5e5/node_modules/@testing-library/react/dist/pure.js:107:28)
      at Object.wrapEvent (node_modules/.pnpm/@testing-library+user-event@14.6.1_@testing-library+dom@10.4.0/node_modules/@testing-library/user-event/dist/cjs/event/wrapEvent.js:6:28)
      at Object.dispatchEvent (node_modules/.pnpm/@testing-library+user-event@14.6.1_@testing-library+dom@10.4.0/node_modules/@testing-library/user-event/dist/cjs/event/dispatchEvent.js:45:22)
      at Object.dispatchUIEvent (node_modules/.pnpm/@testing-library+user-event@14.6.1_@testing-library+dom@10.4.0/node_modules/@testing-library/user-event/dist/cjs/event/dispatchEvent.js:22:26)
      at Mouse.up (node_modules/.pnpm/@testing-library+user-event@14.6.1_@testing-library+dom@10.4.0/node_modules/@testing-library/user-event/dist/cjs/system/pointer/mouse.js:100:30)
      at PointerHost.release (node_modules/.pnpm/@testing-library+user-event@14.6.1_@testing-library+dom@10.4.0/node_modules/@testing-library/user-event/dist/cjs/system/pointer/index.js:87:24)
      at pointerAction (node_modules/.pnpm/@testing-library+user-event@14.6.1_@testing-library+dom@10.4.0/node_modules/@testing-library/user-event/dist/cjs/pointer/index.js:54:47)
      at Object.pointer (node_modules/.pnpm/@testing-library+user-event@14.6.1_@testing-library+dom@10.4.0/node_modules/@testing-library/user-event/dist/cjs/pointer/index.js:27:9)
      at Object.asyncWrapper (node_modules/.pnpm/@testing-library+react@16.3.0_@testing-library+dom@10.4.0_@types+react-dom@18.3.7_@type_efee5276f61270375aed4c032a71d5e5/node_modules/@testing-library/react/dist/pure.js:88:22)
      at Object.<anonymous> (src/components/teacher/__tests__/AvailabilityScheduler.test.tsx:317:7)

    console.error
      Warning: Encountered two children with the same key, `3`. Keys should be unique so that components maintain their identity across updates. Non-unique keys may cause children to be duplicated and/or omitted — the behavior is unsupported and could change in a future version.
          at div
          at div
          at className (/Users/invoture/dev.local/hey-peter/src/components/ui/card.tsx:64:24)
          at div
          at className (/Users/invoture/dev.local/hey-peter/src/components/ui/card.tsx:5:17)
          at div
          at div
          at teacherId (/Users/invoture/dev.local/hey-peter/src/components/teacher/AvailabilitySchedulerEnhanced.tsx:58:3)

      315 |       
      316 |       const confirmButton = screen.getByRole('button', { name: /copy schedule/i });
    > 317 |       await user.click(confirmButton);
          |       ^
      318 |       
      319 |       // Check that Monday's schedule is copied to Tuesday
      320 |       const tuesdaySection = screen.getByTestId('day-2');

      at printWarning (node_modules/.pnpm/react-dom@18.3.1_react@18.3.1/node_modules/react-dom/cjs/react-dom.development.js:86:30)
      at error (node_modules/.pnpm/react-dom@18.3.1_react@18.3.1/node_modules/react-dom/cjs/react-dom.development.js:60:7)
      at warnOnInvalidKey (node_modules/.pnpm/react-dom@18.3.1_react@18.3.1/node_modules/react-dom/cjs/react-dom.development.js:13529:11)
      at reconcileChildrenArray (node_modules/.pnpm/react-dom@18.3.1_react@18.3.1/node_modules/react-dom/cjs/react-dom.development.js:13566:21)
      at reconcileChildFibers (node_modules/.pnpm/react-dom@18.3.1_react@18.3.1/node_modules/react-dom/cjs/react-dom.development.js:14057:16)
      at reconcileChildren (node_modules/.pnpm/react-dom@18.3.1_react@18.3.1/node_modules/react-dom/cjs/react-dom.development.js:19193:28)
      at updateHostComponent (node_modules/.pnpm/react-dom@18.3.1_react@18.3.1/node_modules/react-dom/cjs/react-dom.development.js:19953:3)
      at beginWork (node_modules/.pnpm/react-dom@18.3.1_react@18.3.1/node_modules/react-dom/cjs/react-dom.development.js:21657:14)
      at beginWork$1 (node_modules/.pnpm/react-dom@18.3.1_react@18.3.1/node_modules/react-dom/cjs/react-dom.development.js:27465:14)
      at performUnitOfWork (node_modules/.pnpm/react-dom@18.3.1_react@18.3.1/node_modules/react-dom/cjs/react-dom.development.js:26599:12)
      at workLoopSync (node_modules/.pnpm/react-dom@18.3.1_react@18.3.1/node_modules/react-dom/cjs/react-dom.development.js:26505:5)
      at renderRootSync (node_modules/.pnpm/react-dom@18.3.1_react@18.3.1/node_modules/react-dom/cjs/react-dom.development.js:26473:7)
      at performSyncWorkOnRoot (node_modules/.pnpm/react-dom@18.3.1_react@18.3.1/node_modules/react-dom/cjs/react-dom.development.js:26124:20)
      at flushSyncCallbacks (node_modules/.pnpm/react-dom@18.3.1_react@18.3.1/node_modules/react-dom/cjs/react-dom.development.js:12042:22)
      at flushActQueue (node_modules/.pnpm/react@18.3.1/node_modules/react/cjs/react.development.js:2667:24)
      at act (node_modules/.pnpm/react@18.3.1/node_modules/react/cjs/react.development.js:2582:11)
      at node_modules/.pnpm/@testing-library+react@16.3.0_@testing-library+dom@10.4.0_@types+react-dom@18.3.7_@type_efee5276f61270375aed4c032a71d5e5/node_modules/@testing-library/react/dist/act-compat.js:47:25
      at Object.eventWrapper (node_modules/.pnpm/@testing-library+react@16.3.0_@testing-library+dom@10.4.0_@types+react-dom@18.3.7_@type_efee5276f61270375aed4c032a71d5e5/node_modules/@testing-library/react/dist/pure.js:107:28)
      at Object.wrapEvent (node_modules/.pnpm/@testing-library+user-event@14.6.1_@testing-library+dom@10.4.0/node_modules/@testing-library/user-event/dist/cjs/event/wrapEvent.js:6:28)
      at Object.dispatchEvent (node_modules/.pnpm/@testing-library+user-event@14.6.1_@testing-library+dom@10.4.0/node_modules/@testing-library/user-event/dist/cjs/event/dispatchEvent.js:45:22)
      at Object.dispatchUIEvent (node_modules/.pnpm/@testing-library+user-event@14.6.1_@testing-library+dom@10.4.0/node_modules/@testing-library/user-event/dist/cjs/event/dispatchEvent.js:22:26)
      at Mouse.up (node_modules/.pnpm/@testing-library+user-event@14.6.1_@testing-library+dom@10.4.0/node_modules/@testing-library/user-event/dist/cjs/system/pointer/mouse.js:100:30)
      at PointerHost.release (node_modules/.pnpm/@testing-library+user-event@14.6.1_@testing-library+dom@10.4.0/node_modules/@testing-library/user-event/dist/cjs/system/pointer/index.js:87:24)
      at pointerAction (node_modules/.pnpm/@testing-library+user-event@14.6.1_@testing-library+dom@10.4.0/node_modules/@testing-library/user-event/dist/cjs/pointer/index.js:54:47)
      at Object.pointer (node_modules/.pnpm/@testing-library+user-event@14.6.1_@testing-library+dom@10.4.0/node_modules/@testing-library/user-event/dist/cjs/pointer/index.js:27:9)
      at Object.asyncWrapper (node_modules/.pnpm/@testing-library+react@16.3.0_@testing-library+dom@10.4.0_@types+react-dom@18.3.7_@type_efee5276f61270375aed4c032a71d5e5/node_modules/@testing-library/react/dist/pure.js:88:22)
      at Object.<anonymous> (src/components/teacher/__tests__/AvailabilityScheduler.test.tsx:317:7)

    console.error
      Warning: Encountered two children with the same key, `4`. Keys should be unique so that components maintain their identity across updates. Non-unique keys may cause children to be duplicated and/or omitted — the behavior is unsupported and could change in a future version.
          at div
          at div
          at className (/Users/invoture/dev.local/hey-peter/src/components/ui/card.tsx:64:24)
          at div
          at className (/Users/invoture/dev.local/hey-peter/src/components/ui/card.tsx:5:17)
          at div
          at div
          at teacherId (/Users/invoture/dev.local/hey-peter/src/components/teacher/AvailabilitySchedulerEnhanced.tsx:58:3)

      315 |       
      316 |       const confirmButton = screen.getByRole('button', { name: /copy schedule/i });
    > 317 |       await user.click(confirmButton);
          |       ^
      318 |       
      319 |       // Check that Monday's schedule is copied to Tuesday
      320 |       const tuesdaySection = screen.getByTestId('day-2');

      at printWarning (node_modules/.pnpm/react-dom@18.3.1_react@18.3.1/node_modules/react-dom/cjs/react-dom.development.js:86:30)
      at error (node_modules/.pnpm/react-dom@18.3.1_react@18.3.1/node_modules/react-dom/cjs/react-dom.development.js:60:7)
      at warnOnInvalidKey (node_modules/.pnpm/react-dom@18.3.1_react@18.3.1/node_modules/react-dom/cjs/react-dom.development.js:13529:11)
      at reconcileChildrenArray (node_modules/.pnpm/react-dom@18.3.1_react@18.3.1/node_modules/react-dom/cjs/react-dom.development.js:13566:21)
      at reconcileChildFibers (node_modules/.pnpm/react-dom@18.3.1_react@18.3.1/node_modules/react-dom/cjs/react-dom.development.js:14057:16)
      at reconcileChildren (node_modules/.pnpm/react-dom@18.3.1_react@18.3.1/node_modules/react-dom/cjs/react-dom.development.js:19193:28)
      at updateHostComponent (node_modules/.pnpm/react-dom@18.3.1_react@18.3.1/node_modules/react-dom/cjs/react-dom.development.js:19953:3)
      at beginWork (node_modules/.pnpm/react-dom@18.3.1_react@18.3.1/node_modules/react-dom/cjs/react-dom.development.js:21657:14)
      at beginWork$1 (node_modules/.pnpm/react-dom@18.3.1_react@18.3.1/node_modules/react-dom/cjs/react-dom.development.js:27465:14)
      at performUnitOfWork (node_modules/.pnpm/react-dom@18.3.1_react@18.3.1/node_modules/react-dom/cjs/react-dom.development.js:26599:12)
      at workLoopSync (node_modules/.pnpm/react-dom@18.3.1_react@18.3.1/node_modules/react-dom/cjs/react-dom.development.js:26505:5)
      at renderRootSync (node_modules/.pnpm/react-dom@18.3.1_react@18.3.1/node_modules/react-dom/cjs/react-dom.development.js:26473:7)
      at performSyncWorkOnRoot (node_modules/.pnpm/react-dom@18.3.1_react@18.3.1/node_modules/react-dom/cjs/react-dom.development.js:26124:20)
      at flushSyncCallbacks (node_modules/.pnpm/react-dom@18.3.1_react@18.3.1/node_modules/react-dom/cjs/react-dom.development.js:12042:22)
      at flushActQueue (node_modules/.pnpm/react@18.3.1/node_modules/react/cjs/react.development.js:2667:24)
      at act (node_modules/.pnpm/react@18.3.1/node_modules/react/cjs/react.development.js:2582:11)
      at node_modules/.pnpm/@testing-library+react@16.3.0_@testing-library+dom@10.4.0_@types+react-dom@18.3.7_@type_efee5276f61270375aed4c032a71d5e5/node_modules/@testing-library/react/dist/act-compat.js:47:25
      at Object.eventWrapper (node_modules/.pnpm/@testing-library+react@16.3.0_@testing-library+dom@10.4.0_@types+react-dom@18.3.7_@type_efee5276f61270375aed4c032a71d5e5/node_modules/@testing-library/react/dist/pure.js:107:28)
      at Object.wrapEvent (node_modules/.pnpm/@testing-library+user-event@14.6.1_@testing-library+dom@10.4.0/node_modules/@testing-library/user-event/dist/cjs/event/wrapEvent.js:6:28)
      at Object.dispatchEvent (node_modules/.pnpm/@testing-library+user-event@14.6.1_@testing-library+dom@10.4.0/node_modules/@testing-library/user-event/dist/cjs/event/dispatchEvent.js:45:22)
      at Object.dispatchUIEvent (node_modules/.pnpm/@testing-library+user-event@14.6.1_@testing-library+dom@10.4.0/node_modules/@testing-library/user-event/dist/cjs/event/dispatchEvent.js:22:26)
      at Mouse.up (node_modules/.pnpm/@testing-library+user-event@14.6.1_@testing-library+dom@10.4.0/node_modules/@testing-library/user-event/dist/cjs/system/pointer/mouse.js:100:30)
      at PointerHost.release (node_modules/.pnpm/@testing-library+user-event@14.6.1_@testing-library+dom@10.4.0/node_modules/@testing-library/user-event/dist/cjs/system/pointer/index.js:87:24)
      at pointerAction (node_modules/.pnpm/@testing-library+user-event@14.6.1_@testing-library+dom@10.4.0/node_modules/@testing-library/user-event/dist/cjs/pointer/index.js:54:47)
      at Object.pointer (node_modules/.pnpm/@testing-library+user-event@14.6.1_@testing-library+dom@10.4.0/node_modules/@testing-library/user-event/dist/cjs/pointer/index.js:27:9)
      at Object.asyncWrapper (node_modules/.pnpm/@testing-library+react@16.3.0_@testing-library+dom@10.4.0_@types+react-dom@18.3.7_@type_efee5276f61270375aed4c032a71d5e5/node_modules/@testing-library/react/dist/pure.js:88:22)
      at Object.<anonymous> (src/components/teacher/__tests__/AvailabilityScheduler.test.tsx:317:7)

PASS src/components/teacher/__tests__/WeeklyTimetable.test.tsx
PASS src/components/student/__tests__/StudentAssignmentManagement.test.tsx
FAIL src/components/ui/__tests__/conflict-warning-system.test.tsx
  ● ConflictWarningSystem › expansion and interaction › should expand/collapse issue cards when clicked

    expect(received).toBeInTheDocument()

    received value must be an HTMLElement or an SVGElement.
    Received has value: null

      126 |       
      127 |       const conflictCard = screen.getByText('Teacher is already booked during this time').closest('[role="button"]');
    > 128 |       expect(conflictCard).toBeInTheDocument();
          |                            ^
      129 |       
      130 |       // Initially collapsed - details should not be visible
      131 |       expect(screen.queryByText('Conflicting teacher id:')).not.toBeInTheDocument();

      at __EXTERNAL_MATCHER_TRAP__ (node_modules/.pnpm/expect@30.0.2/node_modules/expect/build/index.js:2236:22)
      at Object.throwingMatcher [as toBeInTheDocument] (node_modules/.pnpm/expect@30.0.2/node_modules/expect/build/index.js:2237:6)
      at Object.toBeInTheDocument (src/components/ui/__tests__/conflict-warning-system.test.tsx:128:28)

  ● ConflictWarningSystem › expansion and interaction › should show suggested alternatives when expanded

    Unable to fire a "click" event - please provide a DOM element.

      148 |       
      149 |       const conflictCard = screen.getByText('Teacher is already booked during this time').closest('[role="button"]');
    > 150 |       fireEvent.click(conflictCard!);
          |                 ^
      151 |       
      152 |       await waitFor(() => {
      153 |         expect(screen.getByText('Suggested Alternative Times:')).toBeInTheDocument();

      at createEvent (node_modules/.pnpm/@testing-library+dom@10.4.0/node_modules/@testing-library/dom/dist/events.js:27:11)
      at Function.createEvent.<computed> [as click] (node_modules/.pnpm/@testing-library+dom@10.4.0/node_modules/@testing-library/dom/dist/events.js:106:38)
      at Function.fireEvent.<computed> [as click] (node_modules/.pnpm/@testing-library+dom@10.4.0/node_modules/@testing-library/dom/dist/events.js:110:68)
      at Function.fireEvent.<computed> [as click] (node_modules/.pnpm/@testing-library+react@16.3.0_@testing-library+dom@10.4.0_@types+react-dom@18.3.7_@type_efee5276f61270375aed4c032a71d5e5/node_modules/@testing-library/react/dist/fire-event.js:15:52)
      at Object.click (src/components/ui/__tests__/conflict-warning-system.test.tsx:150:17)

  ● ConflictWarningSystem › expansion and interaction › should call onAcceptSuggestion when alternative is clicked

    Unable to fire a "click" event - please provide a DOM element.

      169 |       
      170 |       const conflictCard = screen.getByText('Teacher is already booked during this time').closest('[role="button"]');
    > 171 |       fireEvent.click(conflictCard!);
          |                 ^
      172 |       
      173 |       await waitFor(() => {
      174 |         const alternativeButton = screen.getAllByRole('button').find(button => 

      at createEvent (node_modules/.pnpm/@testing-library+dom@10.4.0/node_modules/@testing-library/dom/dist/events.js:27:11)
      at Function.createEvent.<computed> [as click] (node_modules/.pnpm/@testing-library+dom@10.4.0/node_modules/@testing-library/dom/dist/events.js:106:38)
      at Function.fireEvent.<computed> [as click] (node_modules/.pnpm/@testing-library+dom@10.4.0/node_modules/@testing-library/dom/dist/events.js:110:68)
      at Function.fireEvent.<computed> [as click] (node_modules/.pnpm/@testing-library+react@16.3.0_@testing-library+dom@10.4.0_@types+react-dom@18.3.7_@type_efee5276f61270375aed4c032a71d5e5/node_modules/@testing-library/react/dist/fire-event.js:15:52)
      at Object.click (src/components/ui/__tests__/conflict-warning-system.test.tsx:171:17)

  ● ConflictWarningSystem › expansion and interaction › should show suggested action alert when available

    Unable to fire a "click" event - please provide a DOM element.

      191 |       
      192 |       const duplicateCard = screen.getByText('Student is already enrolled in this class').closest('[role="button"]');
    > 193 |       fireEvent.click(duplicateCard!);
          |                 ^
      194 |       
      195 |       await waitFor(() => {
      196 |         expect(screen.getByText('Suggested Action:')).toBeInTheDocument();

      at createEvent (node_modules/.pnpm/@testing-library+dom@10.4.0/node_modules/@testing-library/dom/dist/events.js:27:11)
      at Function.createEvent.<computed> [as click] (node_modules/.pnpm/@testing-library+dom@10.4.0/node_modules/@testing-library/dom/dist/events.js:106:38)
      at Function.fireEvent.<computed> [as click] (node_modules/.pnpm/@testing-library+dom@10.4.0/node_modules/@testing-library/dom/dist/events.js:110:68)
      at Function.fireEvent.<computed> [as click] (node_modules/.pnpm/@testing-library+react@16.3.0_@testing-library+dom@10.4.0_@types+react-dom@18.3.7_@type_efee5276f61270375aed4c032a71d5e5/node_modules/@testing-library/react/dist/fire-event.js:15:52)
      at Object.click (src/components/ui/__tests__/conflict-warning-system.test.tsx:193:17)

  ● ConflictWarningSystem › resolution actions › should show resolution buttons for non-proceedable conflicts

    Unable to fire a "click" event - please provide a DOM element.

      213 |       
      214 |       const conflictCard = screen.getByText('Teacher is already booked during this time').closest('[role="button"]');
    > 215 |       fireEvent.click(conflictCard!);
          |                 ^
      216 |       
      217 |       await waitFor(() => {
      218 |         expect(screen.getByText('Reschedule')).toBeInTheDocument();

      at createEvent (node_modules/.pnpm/@testing-library+dom@10.4.0/node_modules/@testing-library/dom/dist/events.js:27:11)
      at Function.createEvent.<computed> [as click] (node_modules/.pnpm/@testing-library+dom@10.4.0/node_modules/@testing-library/dom/dist/events.js:106:38)
      at Function.fireEvent.<computed> [as click] (node_modules/.pnpm/@testing-library+dom@10.4.0/node_modules/@testing-library/dom/dist/events.js:110:68)
      at Function.fireEvent.<computed> [as click] (node_modules/.pnpm/@testing-library+react@16.3.0_@testing-library+dom@10.4.0_@types+react-dom@18.3.7_@type_efee5276f61270375aed4c032a71d5e5/node_modules/@testing-library/react/dist/fire-event.js:15:52)
      at Object.click (src/components/ui/__tests__/conflict-warning-system.test.tsx:215:17)

  ● ConflictWarningSystem › resolution actions › should call onResolveConflict with correct resolution type

    Unable to fire a "click" event - please provide a DOM element.

      234 |       
      235 |       const conflictCard = screen.getByText('Teacher is already booked during this time').closest('[role="button"]');
    > 236 |       fireEvent.click(conflictCard!);
          |                 ^
      237 |       
      238 |       await waitFor(() => {
      239 |         const rescheduleButton = screen.getByText('Reschedule');

      at createEvent (node_modules/.pnpm/@testing-library+dom@10.4.0/node_modules/@testing-library/dom/dist/events.js:27:11)
      at Function.createEvent.<computed> [as click] (node_modules/.pnpm/@testing-library+dom@10.4.0/node_modules/@testing-library/dom/dist/events.js:106:38)
      at Function.fireEvent.<computed> [as click] (node_modules/.pnpm/@testing-library+dom@10.4.0/node_modules/@testing-library/dom/dist/events.js:110:68)
      at Function.fireEvent.<computed> [as click] (node_modules/.pnpm/@testing-library+react@16.3.0_@testing-library+dom@10.4.0_@types+react-dom@18.3.7_@type_efee5276f61270375aed4c032a71d5e5/node_modules/@testing-library/react/dist/fire-event.js:15:52)
      at Object.click (src/components/ui/__tests__/conflict-warning-system.test.tsx:236:17)

  ● ConflictWarningSystem › resolution actions › should show override button for warning conflicts

    Unable to fire a "click" event - please provide a DOM element.

      261 |       
      262 |       const conflictCard = screen.getByText('Teacher is already booked during this time').closest('[role="button"]');
    > 263 |       fireEvent.click(conflictCard!);
          |                 ^
      264 |       
      265 |       await waitFor(() => {
      266 |         expect(screen.getByText('Override')).toBeInTheDocument();

      at createEvent (node_modules/.pnpm/@testing-library+dom@10.4.0/node_modules/@testing-library/dom/dist/events.js:27:11)
      at Function.createEvent.<computed> [as click] (node_modules/.pnpm/@testing-library+dom@10.4.0/node_modules/@testing-library/dom/dist/events.js:106:38)
      at Function.fireEvent.<computed> [as click] (node_modules/.pnpm/@testing-library+dom@10.4.0/node_modules/@testing-library/dom/dist/events.js:110:68)
      at Function.fireEvent.<computed> [as click] (node_modules/.pnpm/@testing-library+react@16.3.0_@testing-library+dom@10.4.0_@types+react-dom@18.3.7_@type_efee5276f61270375aed4c032a71d5e5/node_modules/@testing-library/react/dist/fire-event.js:15:52)
      at Object.click (src/components/ui/__tests__/conflict-warning-system.test.tsx:263:17)

  ● ConflictWarningSystem › resolution actions › should show acknowledge button for proceedable warnings

    Unable to fire a "click" event - please provide a DOM element.

      280 |       
      281 |       const conflictCard = screen.getByText('Student already has a class booked during this time').closest('[role="button"]');
    > 282 |       fireEvent.click(conflictCard!);
          |                 ^
      283 |       
      284 |       await waitFor(() => {
      285 |         const acknowledgeButton = screen.getByText('Acknowledge & Proceed');

      at createEvent (node_modules/.pnpm/@testing-library+dom@10.4.0/node_modules/@testing-library/dom/dist/events.js:27:11)
      at Function.createEvent.<computed> [as click] (node_modules/.pnpm/@testing-library+dom@10.4.0/node_modules/@testing-library/dom/dist/events.js:106:38)
      at Function.fireEvent.<computed> [as click] (node_modules/.pnpm/@testing-library+dom@10.4.0/node_modules/@testing-library/dom/dist/events.js:110:68)
      at Function.fireEvent.<computed> [as click] (node_modules/.pnpm/@testing-library+react@16.3.0_@testing-library+dom@10.4.0_@types+react-dom@18.3.7_@type_efee5276f61270375aed4c032a71d5e5/node_modules/@testing-library/react/dist/fire-event.js:15:52)
      at Object.click (src/components/ui/__tests__/conflict-warning-system.test.tsx:282:17)

  ● ConflictWarningSystem › dismissal functionality › should call onDismissWarning when dismiss button is clicked

    expect(jest.fn()).toHaveBeenCalledWith(...expected)

    Expected: "conflict_1"
    Received: "conflict_0"

    Number of calls: 1

      317 |       fireEvent.click(dismissButton!);
      318 |       
    > 319 |       expect(onDismissWarning).toHaveBeenCalledWith('conflict_1');
          |                                ^
      320 |     });
      321 |
      322 |     it('should hide dismissed warnings by default', () => {

      at Object.toHaveBeenCalledWith (src/components/ui/__tests__/conflict-warning-system.test.tsx:319:32)

FAIL src/lib/services/__tests__/duplicate-prevention-service.test.ts
  ● DuplicatePreventionService › checkEnrollmentDuplicates › should detect duplicate enrollment in same class

    expect(received).toHaveLength(expected)

    Expected length: 1
    Received length: 0
    Received array:  []

      63 |       const duplicates = await service.checkEnrollmentDuplicates(mockEnrollmentData);
      64 |
    > 65 |       expect(duplicates).toHaveLength(1);
         |                          ^
      66 |       expect(duplicates[0].type).toBe('duplicate_enrollment');
      67 |       expect(duplicates[0].message).toContain('already enrolled');
      68 |     });

      at Object.toHaveLength (src/lib/services/__tests__/duplicate-prevention-service.test.ts:65:26)

  ● DuplicatePreventionService › checkEnrollmentDuplicates › should check course-level duplicates when courseId provided

    TypeError: mockSupabase.from(...).select(...).eq(...).mockResolvedValueOnce is not a function

      78 |
      79 |       // Second call for course enrollment - has duplicate
    > 80 |       mockSupabase.from().select().eq().mockResolvedValueOnce({
         |                                         ^
      81 |         data: [
      82 |           {
      83 |             student_id: 'student-1',

      at Object.mockResolvedValueOnce (src/lib/services/__tests__/duplicate-prevention-service.test.ts:80:41)

  ● DuplicatePreventionService › checkEnrollmentDuplicates › should check similar class duplicates in strict mode

    expect(received).toHaveLength(expected)

    Expected length: 1
    Received length: 0
    Received array:  []

      141 |       );
      142 |
    > 143 |       expect(duplicates).toHaveLength(1);
          |                          ^
      144 |       expect(duplicates[0].type).toBe('duplicate_enrollment');
      145 |       expect(duplicates[0].message).toContain('similar class');
      146 |     });

      at Object.toHaveLength (src/lib/services/__tests__/duplicate-prevention-service.test.ts:143:26)

  ● DuplicatePreventionService › checkEnrollmentDuplicates › should allow duplicates when allowDuplicates is true

    expect(received).toHaveLength(expected)

    Expected length: 1
    Received length: 0
    Received array:  []

      165 |       );
      166 |
    > 167 |       expect(duplicates).toHaveLength(1);
          |                          ^
      168 |       expect(duplicates[0].severity).toBe('warning');
      169 |       expect(duplicates[0].canProceed).toBe(true);
      170 |     });

      at Object.toHaveLength (src/lib/services/__tests__/duplicate-prevention-service.test.ts:167:26)

  ● DuplicatePreventionService › checkBookingDuplicates › should detect exact duplicate booking

    expect(received).toHaveLength(expected)

    Expected length: 1
    Received length: 0
    Received array:  []

      218 |       const duplicates = await service.checkBookingDuplicates(mockBookingData);
      219 |
    > 220 |       expect(duplicates).toHaveLength(1);
          |                          ^
      221 |       expect(duplicates[0].type).toBe('duplicate_booking');
      222 |       expect(duplicates[0].severity).toBe('error');
      223 |       expect(duplicates[0].canProceed).toBe(false);

      at Object.toHaveLength (src/lib/services/__tests__/duplicate-prevention-service.test.ts:220:26)

  ● DuplicatePreventionService › checkBookingDuplicates › should detect near-duplicate bookings within time threshold

    expect(received).toHaveLength(expected)

    Expected length: 1
    Received length: 0
    Received array:  []

      248 |       const duplicates = await service.checkBookingDuplicates(mockBookingData);
      249 |
    > 250 |       expect(duplicates).toHaveLength(1);
          |                          ^
      251 |       expect(duplicates[0].type).toBe('duplicate_booking');
      252 |       expect(duplicates[0].message).toContain('within');
      253 |       expect(duplicates[0].severity).toBe('warning');

      at Object.toHaveLength (src/lib/services/__tests__/duplicate-prevention-service.test.ts:250:26)

  ● DuplicatePreventionService › checkBookingDuplicates › should check recurring booking duplicates

    expect(received).toHaveLength(expected)

    Expected length: 1
    Received length: 0
    Received array:  []

      289 |       const duplicates = await service.checkBookingDuplicates(recurringData);
      290 |
    > 291 |       expect(duplicates).toHaveLength(1);
          |                          ^
      292 |       expect(duplicates[0].type).toBe('duplicate_recurring_booking');
      293 |       expect(duplicates[0].severity).toBe('error');
      294 |     });

      at Object.toHaveLength (src/lib/services/__tests__/duplicate-prevention-service.test.ts:291:26)

  ● DuplicatePreventionService › checkClassCreationDuplicates › should detect duplicate class title by same teacher

    TypeError: mockSupabase.from(...).select(...).eq(...).mockResolvedValueOnce is not a function

      308 |     it('should detect duplicate class title by same teacher', async () => {
      309 |       const mockSupabase = require('@/lib/supabase').supabase;
    > 310 |       mockSupabase.from().select().eq().mockResolvedValueOnce({
          |                                         ^
      311 |         data: [
      312 |           {
      313 |             id: 'existing-class',

      at Object.mockResolvedValueOnce (src/lib/services/__tests__/duplicate-prevention-service.test.ts:310:41)

  ● DuplicatePreventionService › checkClassCreationDuplicates › should detect similar class content in strict mode

    TypeError: mockSupabase.from(...).select(...).eq(...).mockResolvedValueOnce is not a function

      333 |       
      334 |       // Mock title duplicate check - empty
    > 335 |       mockSupabase.from().select().eq().mockResolvedValueOnce({
          |                                         ^
      336 |         data: [],
      337 |         error: null,
      338 |       });

      at Object.mockResolvedValueOnce (src/lib/services/__tests__/duplicate-prevention-service.test.ts:335:41)

  ● DuplicatePreventionService › checkClassCreationDuplicates › should detect schedule time duplicates

    TypeError: mockSupabase.from(...).select(...).eq(...).mockResolvedValueOnce is not a function

      366 |       
      367 |       // Mock title and content checks - empty
    > 368 |       mockSupabase.from().select().eq().mockResolvedValueOnce({
          |                                         ^
      369 |         data: [],
      370 |         error: null,
      371 |       });

      at Object.mockResolvedValueOnce (src/lib/services/__tests__/duplicate-prevention-service.test.ts:368:41)

  ● DuplicatePreventionService › string similarity calculation › should calculate correct similarity scores

    expect(received).toBeGreaterThan(expected)

    Expected: > 0.7
    Received:   0.125

      406 |
      407 |       // Similar strings
    > 408 |       expect(calculateSimilarity('business english', 'english business')).toBeGreaterThan(0.7);
          |                                                                           ^
      409 |
      410 |       // Empty strings
      411 |       expect(calculateSimilarity('', '')).toBe(1);

      at Object.toBeGreaterThan (src/lib/services/__tests__/duplicate-prevention-service.test.ts:408:75)

PASS src/lib/utils/__tests__/import-export.test.ts
FAIL src/lib/services/__tests__/database-optimization.test.ts
  ● Console

    console.warn
      Multiple GoTrueClient instances detected in the same browser context. It is not an error, but this should be avoided as it may produce undefined behavior when used concurrently under the same storage key.

      344 |       const supabaseKey = process.env.NEXT_PUBLIC_SUPABASE_ANON_KEY!;
      345 |       
    > 346 |       const client = createClient(supabaseUrl, supabaseKey, {
          |                                  ^
      347 |         auth: {
      348 |           persistSession: false,
      349 |         },

      at new GoTrueClient (node_modules/.pnpm/@supabase+auth-js@2.70.0/node_modules/@supabase/auth-js/src/GoTrueClient.ts:201:15)
      at new SupabaseAuthClient (node_modules/.pnpm/@supabase+supabase-js@2.50.0/node_modules/@supabase/supabase-js/src/lib/SupabaseAuthClient.ts:6:5)
      at SupabaseClient._initSupabaseAuthClient (node_modules/.pnpm/@supabase+supabase-js@2.50.0/node_modules/@supabase/supabase-js/src/SupabaseClient.ts:299:12)
      at new SupabaseClient (node_modules/.pnpm/@supabase+supabase-js@2.50.0/node_modules/@supabase/supabase-js/src/SupabaseClient.ts:102:24)
      at createClient (node_modules/.pnpm/@supabase+supabase-js@2.50.0/node_modules/@supabase/supabase-js/src/index.ts:40:10)
      at DatabaseConnectionPool.createConnection (src/lib/services/database-connection-pool.ts:346:34)
      at DatabaseConnectionPool.createConnection [as initialize] (src/lib/services/database-connection-pool.ts:105:20)
      at Object.<anonymous> (src/lib/services/__tests__/database-optimization.test.ts:42:7)

    console.log
      [DB Pool] Initialized with 2 connections

      at DatabaseConnectionPool.log [as initialize] (src/lib/services/database-connection-pool.ts:112:15)

    console.log
      [DB Pool] Shutdown completed

      at DatabaseConnectionPool.log [as shutdown] (src/lib/services/database-connection-pool.ts:336:13)

    console.warn
      Multiple GoTrueClient instances detected in the same browser context. It is not an error, but this should be avoided as it may produce undefined behavior when used concurrently under the same storage key.

      344 |       const supabaseKey = process.env.NEXT_PUBLIC_SUPABASE_ANON_KEY!;
      345 |       
    > 346 |       const client = createClient(supabaseUrl, supabaseKey, {
          |                                  ^
      347 |         auth: {
      348 |           persistSession: false,
      349 |         },

      at new GoTrueClient (node_modules/.pnpm/@supabase+auth-js@2.70.0/node_modules/@supabase/auth-js/src/GoTrueClient.ts:201:15)
      at new SupabaseAuthClient (node_modules/.pnpm/@supabase+supabase-js@2.50.0/node_modules/@supabase/supabase-js/src/lib/SupabaseAuthClient.ts:6:5)
      at SupabaseClient._initSupabaseAuthClient (node_modules/.pnpm/@supabase+supabase-js@2.50.0/node_modules/@supabase/supabase-js/src/SupabaseClient.ts:299:12)
      at new SupabaseClient (node_modules/.pnpm/@supabase+supabase-js@2.50.0/node_modules/@supabase/supabase-js/src/SupabaseClient.ts:102:24)
      at createClient (node_modules/.pnpm/@supabase+supabase-js@2.50.0/node_modules/@supabase/supabase-js/src/index.ts:40:10)
      at DatabaseConnectionPool.createConnection (src/lib/services/database-connection-pool.ts:346:34)
      at DatabaseConnectionPool.createConnection [as initialize] (src/lib/services/database-connection-pool.ts:105:20)
      at Object.initialize (src/lib/services/__tests__/database-optimization.test.ts:50:30)

    console.warn
      Multiple GoTrueClient instances detected in the same browser context. It is not an error, but this should be avoided as it may produce undefined behavior when used concurrently under the same storage key.

      344 |       const supabaseKey = process.env.NEXT_PUBLIC_SUPABASE_ANON_KEY!;
      345 |       
    > 346 |       const client = createClient(supabaseUrl, supabaseKey, {
          |                                  ^
      347 |         auth: {
      348 |           persistSession: false,
      349 |         },

      at new GoTrueClient (node_modules/.pnpm/@supabase+auth-js@2.70.0/node_modules/@supabase/auth-js/src/GoTrueClient.ts:201:15)
      at new SupabaseAuthClient (node_modules/.pnpm/@supabase+supabase-js@2.50.0/node_modules/@supabase/supabase-js/src/lib/SupabaseAuthClient.ts:6:5)
      at SupabaseClient._initSupabaseAuthClient (node_modules/.pnpm/@supabase+supabase-js@2.50.0/node_modules/@supabase/supabase-js/src/SupabaseClient.ts:299:12)
      at new SupabaseClient (node_modules/.pnpm/@supabase+supabase-js@2.50.0/node_modules/@supabase/supabase-js/src/SupabaseClient.ts:102:24)
      at createClient (node_modules/.pnpm/@supabase+supabase-js@2.50.0/node_modules/@supabase/supabase-js/src/index.ts:40:10)
      at DatabaseConnectionPool.createConnection (src/lib/services/database-connection-pool.ts:346:34)
      at DatabaseConnectionPool.createConnection [as initialize] (src/lib/services/database-connection-pool.ts:105:20)
      at Object.<anonymous> (src/lib/services/__tests__/database-optimization.test.ts:50:7)

    console.log
      [DB Pool] Initialized with 2 connections

      at DatabaseConnectionPool.log [as initialize] (src/lib/services/database-connection-pool.ts:112:15)

    console.error
      [DB Pool] Query execution failed: TypeError: _performancemonitor.performanceMonitor.trackQuery is not a function
          at DatabaseConnectionPool.trackQuery [as executeQuery] (/Users/invoture/dev.local/hey-peter/src/lib/services/database-connection-pool.ts:144:47)
          at processTicksAndRejections (node:internal/process/task_queues:95:5)
          at Object.<anonymous> (/Users/invoture/dev.local/hey-peter/src/lib/services/__tests__/database-optimization.test.ts:52:22)

      174 |       }
      175 |       this.stats.totalErrors++;
    > 176 |       console.error('[DB Pool] Query execution failed:', error);
          |               ^
      177 |       throw error;
      178 |     } finally {
      179 |       if (connection) {

      at DatabaseConnectionPool.error [as executeQuery] (src/lib/services/database-connection-pool.ts:176:15)
      at Object.<anonymous> (src/lib/services/__tests__/database-optimization.test.ts:52:22)

    console.log
      [DB Pool] Shutdown completed

      at DatabaseConnectionPool.log [as shutdown] (src/lib/services/database-connection-pool.ts:336:13)

    console.warn
      Multiple GoTrueClient instances detected in the same browser context. It is not an error, but this should be avoided as it may produce undefined behavior when used concurrently under the same storage key.

      344 |       const supabaseKey = process.env.NEXT_PUBLIC_SUPABASE_ANON_KEY!;
      345 |       
    > 346 |       const client = createClient(supabaseUrl, supabaseKey, {
          |                                  ^
      347 |         auth: {
      348 |           persistSession: false,
      349 |         },

      at new GoTrueClient (node_modules/.pnpm/@supabase+auth-js@2.70.0/node_modules/@supabase/auth-js/src/GoTrueClient.ts:201:15)
      at new SupabaseAuthClient (node_modules/.pnpm/@supabase+supabase-js@2.50.0/node_modules/@supabase/supabase-js/src/lib/SupabaseAuthClient.ts:6:5)
      at SupabaseClient._initSupabaseAuthClient (node_modules/.pnpm/@supabase+supabase-js@2.50.0/node_modules/@supabase/supabase-js/src/SupabaseClient.ts:299:12)
      at new SupabaseClient (node_modules/.pnpm/@supabase+supabase-js@2.50.0/node_modules/@supabase/supabase-js/src/SupabaseClient.ts:102:24)
      at createClient (node_modules/.pnpm/@supabase+supabase-js@2.50.0/node_modules/@supabase/supabase-js/src/index.ts:40:10)
      at DatabaseConnectionPool.createConnection (src/lib/services/database-connection-pool.ts:346:34)
      at DatabaseConnectionPool.createConnection [as initialize] (src/lib/services/database-connection-pool.ts:105:20)
      at Object.initialize (src/lib/services/__tests__/database-optimization.test.ts:65:30)

    console.warn
      Multiple GoTrueClient instances detected in the same browser context. It is not an error, but this should be avoided as it may produce undefined behavior when used concurrently under the same storage key.

      344 |       const supabaseKey = process.env.NEXT_PUBLIC_SUPABASE_ANON_KEY!;
      345 |       
    > 346 |       const client = createClient(supabaseUrl, supabaseKey, {
          |                                  ^
      347 |         auth: {
      348 |           persistSession: false,
      349 |         },

      at new GoTrueClient (node_modules/.pnpm/@supabase+auth-js@2.70.0/node_modules/@supabase/auth-js/src/GoTrueClient.ts:201:15)
      at new SupabaseAuthClient (node_modules/.pnpm/@supabase+supabase-js@2.50.0/node_modules/@supabase/supabase-js/src/lib/SupabaseAuthClient.ts:6:5)
      at SupabaseClient._initSupabaseAuthClient (node_modules/.pnpm/@supabase+supabase-js@2.50.0/node_modules/@supabase/supabase-js/src/SupabaseClient.ts:299:12)
      at new SupabaseClient (node_modules/.pnpm/@supabase+supabase-js@2.50.0/node_modules/@supabase/supabase-js/src/SupabaseClient.ts:102:24)
      at createClient (node_modules/.pnpm/@supabase+supabase-js@2.50.0/node_modules/@supabase/supabase-js/src/index.ts:40:10)
      at DatabaseConnectionPool.createConnection (src/lib/services/database-connection-pool.ts:346:34)
      at DatabaseConnectionPool.createConnection [as initialize] (src/lib/services/database-connection-pool.ts:105:20)
      at Object.<anonymous> (src/lib/services/__tests__/database-optimization.test.ts:65:7)

    console.log
      [DB Pool] Initialized with 2 connections

      at DatabaseConnectionPool.log [as initialize] (src/lib/services/database-connection-pool.ts:112:15)

    console.warn
      Multiple GoTrueClient instances detected in the same browser context. It is not an error, but this should be avoided as it may produce undefined behavior when used concurrently under the same storage key.

      344 |       const supabaseKey = process.env.NEXT_PUBLIC_SUPABASE_ANON_KEY!;
      345 |       
    > 346 |       const client = createClient(supabaseUrl, supabaseKey, {
          |                                  ^
      347 |         auth: {
      348 |           persistSession: false,
      349 |         },

      at new GoTrueClient (node_modules/.pnpm/@supabase+auth-js@2.70.0/node_modules/@supabase/auth-js/src/GoTrueClient.ts:201:15)
      at new SupabaseAuthClient (node_modules/.pnpm/@supabase+supabase-js@2.50.0/node_modules/@supabase/supabase-js/src/lib/SupabaseAuthClient.ts:6:5)
      at SupabaseClient._initSupabaseAuthClient (node_modules/.pnpm/@supabase+supabase-js@2.50.0/node_modules/@supabase/supabase-js/src/SupabaseClient.ts:299:12)
      at new SupabaseClient (node_modules/.pnpm/@supabase+supabase-js@2.50.0/node_modules/@supabase/supabase-js/src/SupabaseClient.ts:102:24)
      at createClient (node_modules/.pnpm/@supabase+supabase-js@2.50.0/node_modules/@supabase/supabase-js/src/index.ts:40:10)
      at DatabaseConnectionPool.createConnection (src/lib/services/database-connection-pool.ts:346:34)
      at DatabaseConnectionPool.createConnection [as acquireConnection] (src/lib/services/database-connection-pool.ts:398:37)
      at DatabaseConnectionPool.acquireConnection [as executeQuery] (src/lib/services/database-connection-pool.ts:141:31)
      at executeQuery (src/lib/services/database-connection-pool.ts:205:29)
          at Array.map (<anonymous>)
      at DatabaseConnectionPool.map [as executeParallelQueries] (src/lib/services/database-connection-pool.ts:203:35)
      at Object.executeParallelQueries (src/lib/services/__tests__/database-optimization.test.ts:72:46)

    console.error
      [DB Pool] Query execution failed: TypeError: _performancemonitor.performanceMonitor.trackQuery is not a function
          at DatabaseConnectionPool.trackQuery [as executeQuery] (/Users/invoture/dev.local/hey-peter/src/lib/services/database-connection-pool.ts:144:47)
          at processTicksAndRejections (node:internal/process/task_queues:95:5)
          at /Users/invoture/dev.local/hey-peter/src/lib/services/database-connection-pool.ts:205:18
          at async Promise.allSettled (index 0)
          at DatabaseConnectionPool.executeParallelQueries (/Users/invoture/dev.local/hey-peter/src/lib/services/database-connection-pool.ts:212:28)
          at Object.<anonymous> (/Users/invoture/dev.local/hey-peter/src/lib/services/__tests__/database-optimization.test.ts:72:23)

      174 |       }
      175 |       this.stats.totalErrors++;
    > 176 |       console.error('[DB Pool] Query execution failed:', error);
          |               ^
      177 |       throw error;
      178 |     } finally {
      179 |       if (connection) {

      at DatabaseConnectionPool.error [as executeQuery] (src/lib/services/database-connection-pool.ts:176:15)
      at src/lib/services/database-connection-pool.ts:205:18
          at async Promise.allSettled (index 0)
      at DatabaseConnectionPool.executeParallelQueries (src/lib/services/database-connection-pool.ts:212:28)
      at Object.<anonymous> (src/lib/services/__tests__/database-optimization.test.ts:72:23)

    console.error
      [DB Pool] Query execution failed: TypeError: _performancemonitor.performanceMonitor.trackQuery is not a function
          at DatabaseConnectionPool.trackQuery [as executeQuery] (/Users/invoture/dev.local/hey-peter/src/lib/services/database-connection-pool.ts:144:47)
          at processTicksAndRejections (node:internal/process/task_queues:95:5)
          at /Users/invoture/dev.local/hey-peter/src/lib/services/database-connection-pool.ts:205:18
          at async Promise.allSettled (index 1)
          at DatabaseConnectionPool.executeParallelQueries (/Users/invoture/dev.local/hey-peter/src/lib/services/database-connection-pool.ts:212:28)
          at Object.<anonymous> (/Users/invoture/dev.local/hey-peter/src/lib/services/__tests__/database-optimization.test.ts:72:23)

      174 |       }
      175 |       this.stats.totalErrors++;
    > 176 |       console.error('[DB Pool] Query execution failed:', error);
          |               ^
      177 |       throw error;
      178 |     } finally {
      179 |       if (connection) {

      at DatabaseConnectionPool.error [as executeQuery] (src/lib/services/database-connection-pool.ts:176:15)
      at src/lib/services/database-connection-pool.ts:205:18
          at async Promise.allSettled (index 1)
      at DatabaseConnectionPool.executeParallelQueries (src/lib/services/database-connection-pool.ts:212:28)
      at Object.<anonymous> (src/lib/services/__tests__/database-optimization.test.ts:72:23)

    console.error
      [DB Pool] Query execution failed: TypeError: _performancemonitor.performanceMonitor.trackQuery is not a function
          at DatabaseConnectionPool.trackQuery [as executeQuery] (/Users/invoture/dev.local/hey-peter/src/lib/services/database-connection-pool.ts:144:47)
          at processTicksAndRejections (node:internal/process/task_queues:95:5)
          at /Users/invoture/dev.local/hey-peter/src/lib/services/database-connection-pool.ts:205:18
          at async Promise.allSettled (index 2)
          at DatabaseConnectionPool.executeParallelQueries (/Users/invoture/dev.local/hey-peter/src/lib/services/database-connection-pool.ts:212:28)
          at Object.<anonymous> (/Users/invoture/dev.local/hey-peter/src/lib/services/__tests__/database-optimization.test.ts:72:23)

      174 |       }
      175 |       this.stats.totalErrors++;
    > 176 |       console.error('[DB Pool] Query execution failed:', error);
          |               ^
      177 |       throw error;
      178 |     } finally {
      179 |       if (connection) {

      at DatabaseConnectionPool.error [as executeQuery] (src/lib/services/database-connection-pool.ts:176:15)
      at src/lib/services/database-connection-pool.ts:205:18
          at async Promise.allSettled (index 2)
      at DatabaseConnectionPool.executeParallelQueries (src/lib/services/database-connection-pool.ts:212:28)
      at Object.<anonymous> (src/lib/services/__tests__/database-optimization.test.ts:72:23)

    console.error
      [DB Pool] Query execution failed: TypeError: _performancemonitor.performanceMonitor.trackQuery is not a function
          at DatabaseConnectionPool.trackQuery [as executeQuery] (/Users/invoture/dev.local/hey-peter/src/lib/services/database-connection-pool.ts:144:47)
          at processTicksAndRejections (node:internal/process/task_queues:95:5)
          at /Users/invoture/dev.local/hey-peter/src/lib/services/database-connection-pool.ts:205:18
          at async Promise.allSettled (index 0)
          at DatabaseConnectionPool.executeParallelQueries (/Users/invoture/dev.local/hey-peter/src/lib/services/database-connection-pool.ts:212:28)
          at Object.<anonymous> (/Users/invoture/dev.local/hey-peter/src/lib/services/__tests__/database-optimization.test.ts:72:23)

      174 |       }
      175 |       this.stats.totalErrors++;
    > 176 |       console.error('[DB Pool] Query execution failed:', error);
          |               ^
      177 |       throw error;
      178 |     } finally {
      179 |       if (connection) {

      at DatabaseConnectionPool.error [as executeQuery] (src/lib/services/database-connection-pool.ts:176:15)
      at src/lib/services/database-connection-pool.ts:205:18
          at async Promise.allSettled (index 0)
      at DatabaseConnectionPool.executeParallelQueries (src/lib/services/database-connection-pool.ts:212:28)
      at Object.<anonymous> (src/lib/services/__tests__/database-optimization.test.ts:72:23)

    console.error
      [DB Pool] Query execution failed: TypeError: _performancemonitor.performanceMonitor.trackQuery is not a function
          at DatabaseConnectionPool.trackQuery [as executeQuery] (/Users/invoture/dev.local/hey-peter/src/lib/services/database-connection-pool.ts:144:47)
          at processTicksAndRejections (node:internal/process/task_queues:95:5)
          at /Users/invoture/dev.local/hey-peter/src/lib/services/database-connection-pool.ts:205:18
          at async Promise.allSettled (index 1)
          at DatabaseConnectionPool.executeParallelQueries (/Users/invoture/dev.local/hey-peter/src/lib/services/database-connection-pool.ts:212:28)
          at Object.<anonymous> (/Users/invoture/dev.local/hey-peter/src/lib/services/__tests__/database-optimization.test.ts:72:23)

      174 |       }
      175 |       this.stats.totalErrors++;
    > 176 |       console.error('[DB Pool] Query execution failed:', error);
          |               ^
      177 |       throw error;
      178 |     } finally {
      179 |       if (connection) {

      at DatabaseConnectionPool.error [as executeQuery] (src/lib/services/database-connection-pool.ts:176:15)
      at src/lib/services/database-connection-pool.ts:205:18
          at async Promise.allSettled (index 1)
      at DatabaseConnectionPool.executeParallelQueries (src/lib/services/database-connection-pool.ts:212:28)
      at Object.<anonymous> (src/lib/services/__tests__/database-optimization.test.ts:72:23)

    console.warn
      [DB Pool] 5 queries failed in parallel execution

      222 |
      223 |     if (errors.length > 0) {
    > 224 |       console.warn(`[DB Pool] ${errors.length} queries failed in parallel execution`);
          |               ^
      225 |     }
      226 |
      227 |     return results;

      at DatabaseConnectionPool.warn [as executeParallelQueries] (src/lib/services/database-connection-pool.ts:224:15)
      at Object.<anonymous> (src/lib/services/__tests__/database-optimization.test.ts:72:23)

    console.log
      [DB Pool] Shutdown completed

      at DatabaseConnectionPool.log [as shutdown] (src/lib/services/database-connection-pool.ts:336:13)

    console.warn
      Multiple GoTrueClient instances detected in the same browser context. It is not an error, but this should be avoided as it may produce undefined behavior when used concurrently under the same storage key.

      344 |       const supabaseKey = process.env.NEXT_PUBLIC_SUPABASE_ANON_KEY!;
      345 |       
    > 346 |       const client = createClient(supabaseUrl, supabaseKey, {
          |                                  ^
      347 |         auth: {
      348 |           persistSession: false,
      349 |         },

      at new GoTrueClient (node_modules/.pnpm/@supabase+auth-js@2.70.0/node_modules/@supabase/auth-js/src/GoTrueClient.ts:201:15)
      at new SupabaseAuthClient (node_modules/.pnpm/@supabase+supabase-js@2.50.0/node_modules/@supabase/supabase-js/src/lib/SupabaseAuthClient.ts:6:5)
      at SupabaseClient._initSupabaseAuthClient (node_modules/.pnpm/@supabase+supabase-js@2.50.0/node_modules/@supabase/supabase-js/src/SupabaseClient.ts:299:12)
      at new SupabaseClient (node_modules/.pnpm/@supabase+supabase-js@2.50.0/node_modules/@supabase/supabase-js/src/SupabaseClient.ts:102:24)
      at createClient (node_modules/.pnpm/@supabase+supabase-js@2.50.0/node_modules/@supabase/supabase-js/src/index.ts:40:10)
      at DatabaseConnectionPool.createConnection (src/lib/services/database-connection-pool.ts:346:34)
      at DatabaseConnectionPool.createConnection [as initialize] (src/lib/services/database-connection-pool.ts:105:20)
      at Object.initialize (src/lib/services/__tests__/database-optimization.test.ts:83:30)

    console.warn
      Multiple GoTrueClient instances detected in the same browser context. It is not an error, but this should be avoided as it may produce undefined behavior when used concurrently under the same storage key.

      344 |       const supabaseKey = process.env.NEXT_PUBLIC_SUPABASE_ANON_KEY!;
      345 |       
    > 346 |       const client = createClient(supabaseUrl, supabaseKey, {
          |                                  ^
      347 |         auth: {
      348 |           persistSession: false,
      349 |         },

      at new GoTrueClient (node_modules/.pnpm/@supabase+auth-js@2.70.0/node_modules/@supabase/auth-js/src/GoTrueClient.ts:201:15)
      at new SupabaseAuthClient (node_modules/.pnpm/@supabase+supabase-js@2.50.0/node_modules/@supabase/supabase-js/src/lib/SupabaseAuthClient.ts:6:5)
      at SupabaseClient._initSupabaseAuthClient (node_modules/.pnpm/@supabase+supabase-js@2.50.0/node_modules/@supabase/supabase-js/src/SupabaseClient.ts:299:12)
      at new SupabaseClient (node_modules/.pnpm/@supabase+supabase-js@2.50.0/node_modules/@supabase/supabase-js/src/SupabaseClient.ts:102:24)
      at createClient (node_modules/.pnpm/@supabase+supabase-js@2.50.0/node_modules/@supabase/supabase-js/src/index.ts:40:10)
      at DatabaseConnectionPool.createConnection (src/lib/services/database-connection-pool.ts:346:34)
      at DatabaseConnectionPool.createConnection [as initialize] (src/lib/services/database-connection-pool.ts:105:20)
      at Object.<anonymous> (src/lib/services/__tests__/database-optimization.test.ts:83:7)

    console.log
      [DB Pool] Initialized with 2 connections

      at DatabaseConnectionPool.log [as initialize] (src/lib/services/database-connection-pool.ts:112:15)

    console.error
      [DB Pool] Query execution failed: TypeError: _performancemonitor.performanceMonitor.trackQuery is not a function
          at DatabaseConnectionPool.trackQuery [as executeQuery] (/Users/invoture/dev.local/hey-peter/src/lib/services/database-connection-pool.ts:144:47)
          at processTicksAndRejections (node:internal/process/task_queues:95:5)
          at Object.<anonymous> (/Users/invoture/dev.local/hey-peter/src/lib/services/__tests__/database-optimization.test.ts:85:7)

      174 |       }
      175 |       this.stats.totalErrors++;
    > 176 |       console.error('[DB Pool] Query execution failed:', error);
          |               ^
      177 |       throw error;
      178 |     } finally {
      179 |       if (connection) {

      at DatabaseConnectionPool.error [as executeQuery] (src/lib/services/database-connection-pool.ts:176:15)
      at Object.<anonymous> (src/lib/services/__tests__/database-optimization.test.ts:85:7)

    console.log
      [DB Pool] Shutdown completed

      at DatabaseConnectionPool.log [as shutdown] (src/lib/services/database-connection-pool.ts:336:13)

    console.warn
      Multiple GoTrueClient instances detected in the same browser context. It is not an error, but this should be avoided as it may produce undefined behavior when used concurrently under the same storage key.

      344 |       const supabaseKey = process.env.NEXT_PUBLIC_SUPABASE_ANON_KEY!;
      345 |       
    > 346 |       const client = createClient(supabaseUrl, supabaseKey, {
          |                                  ^
      347 |         auth: {
      348 |           persistSession: false,
      349 |         },

      at new GoTrueClient (node_modules/.pnpm/@supabase+auth-js@2.70.0/node_modules/@supabase/auth-js/src/GoTrueClient.ts:201:15)
      at new SupabaseAuthClient (node_modules/.pnpm/@supabase+supabase-js@2.50.0/node_modules/@supabase/supabase-js/src/lib/SupabaseAuthClient.ts:6:5)
      at SupabaseClient._initSupabaseAuthClient (node_modules/.pnpm/@supabase+supabase-js@2.50.0/node_modules/@supabase/supabase-js/src/SupabaseClient.ts:299:12)
      at new SupabaseClient (node_modules/.pnpm/@supabase+supabase-js@2.50.0/node_modules/@supabase/supabase-js/src/SupabaseClient.ts:102:24)
      at createClient (node_modules/.pnpm/@supabase+supabase-js@2.50.0/node_modules/@supabase/supabase-js/src/index.ts:40:10)
      at DatabaseConnectionPool.createConnection (src/lib/services/database-connection-pool.ts:346:34)
      at DatabaseConnectionPool.createConnection [as initialize] (src/lib/services/database-connection-pool.ts:105:20)
      at Object.initialize (src/lib/services/__tests__/database-optimization.test.ts:98:30)

    console.warn
      Multiple GoTrueClient instances detected in the same browser context. It is not an error, but this should be avoided as it may produce undefined behavior when used concurrently under the same storage key.

      344 |       const supabaseKey = process.env.NEXT_PUBLIC_SUPABASE_ANON_KEY!;
      345 |       
    > 346 |       const client = createClient(supabaseUrl, supabaseKey, {
          |                                  ^
      347 |         auth: {
      348 |           persistSession: false,
      349 |         },

      at new GoTrueClient (node_modules/.pnpm/@supabase+auth-js@2.70.0/node_modules/@supabase/auth-js/src/GoTrueClient.ts:201:15)
      at new SupabaseAuthClient (node_modules/.pnpm/@supabase+supabase-js@2.50.0/node_modules/@supabase/supabase-js/src/lib/SupabaseAuthClient.ts:6:5)
      at SupabaseClient._initSupabaseAuthClient (node_modules/.pnpm/@supabase+supabase-js@2.50.0/node_modules/@supabase/supabase-js/src/SupabaseClient.ts:299:12)
      at new SupabaseClient (node_modules/.pnpm/@supabase+supabase-js@2.50.0/node_modules/@supabase/supabase-js/src/SupabaseClient.ts:102:24)
      at createClient (node_modules/.pnpm/@supabase+supabase-js@2.50.0/node_modules/@supabase/supabase-js/src/index.ts:40:10)
      at DatabaseConnectionPool.createConnection (src/lib/services/database-connection-pool.ts:346:34)
      at DatabaseConnectionPool.createConnection [as initialize] (src/lib/services/database-connection-pool.ts:105:20)
      at Object.<anonymous> (src/lib/services/__tests__/database-optimization.test.ts:98:7)

    console.log
      [DB Pool] Initialized with 2 connections

      at DatabaseConnectionPool.log [as initialize] (src/lib/services/database-connection-pool.ts:112:15)

    console.error
      [DB Pool] Query execution failed: TypeError: _performancemonitor.performanceMonitor.trackQuery is not a function
          at DatabaseConnectionPool.trackQuery [as executeQuery] (/Users/invoture/dev.local/hey-peter/src/lib/services/database-connection-pool.ts:144:47)
          at processTicksAndRejections (node:internal/process/task_queues:95:5)
          at Object.<anonymous> (/Users/invoture/dev.local/hey-peter/src/lib/services/__tests__/database-optimization.test.ts:101:7)

      174 |       }
      175 |       this.stats.totalErrors++;
    > 176 |       console.error('[DB Pool] Query execution failed:', error);
          |               ^
      177 |       throw error;
      178 |     } finally {
      179 |       if (connection) {

      at DatabaseConnectionPool.error [as executeQuery] (src/lib/services/database-connection-pool.ts:176:15)
      at Object.<anonymous> (src/lib/services/__tests__/database-optimization.test.ts:101:7)

    console.log
      [DB Pool] Shutdown completed

      at DatabaseConnectionPool.log [as shutdown] (src/lib/services/database-connection-pool.ts:336:13)

    console.warn
      Multiple GoTrueClient instances detected in the same browser context. It is not an error, but this should be avoided as it may produce undefined behavior when used concurrently under the same storage key.

      344 |       const supabaseKey = process.env.NEXT_PUBLIC_SUPABASE_ANON_KEY!;
      345 |       
    > 346 |       const client = createClient(supabaseUrl, supabaseKey, {
          |                                  ^
      347 |         auth: {
      348 |           persistSession: false,
      349 |         },

      at new GoTrueClient (node_modules/.pnpm/@supabase+auth-js@2.70.0/node_modules/@supabase/auth-js/src/GoTrueClient.ts:201:15)
      at new SupabaseAuthClient (node_modules/.pnpm/@supabase+supabase-js@2.50.0/node_modules/@supabase/supabase-js/src/lib/SupabaseAuthClient.ts:6:5)
      at SupabaseClient._initSupabaseAuthClient (node_modules/.pnpm/@supabase+supabase-js@2.50.0/node_modules/@supabase/supabase-js/src/SupabaseClient.ts:299:12)
      at new SupabaseClient (node_modules/.pnpm/@supabase+supabase-js@2.50.0/node_modules/@supabase/supabase-js/src/SupabaseClient.ts:102:24)
      at createClient (node_modules/.pnpm/@supabase+supabase-js@2.50.0/node_modules/@supabase/supabase-js/src/index.ts:40:10)
      at DatabaseConnectionPool.createConnection (src/lib/services/database-connection-pool.ts:346:34)
      at DatabaseConnectionPool.createConnection [as initialize] (src/lib/services/database-connection-pool.ts:105:20)
      at Object.initialize (src/lib/services/__tests__/database-optimization.test.ts:112:30)

    console.warn
      Multiple GoTrueClient instances detected in the same browser context. It is not an error, but this should be avoided as it may produce undefined behavior when used concurrently under the same storage key.

      344 |       const supabaseKey = process.env.NEXT_PUBLIC_SUPABASE_ANON_KEY!;
      345 |       
    > 346 |       const client = createClient(supabaseUrl, supabaseKey, {
          |                                  ^
      347 |         auth: {
      348 |           persistSession: false,
      349 |         },

      at new GoTrueClient (node_modules/.pnpm/@supabase+auth-js@2.70.0/node_modules/@supabase/auth-js/src/GoTrueClient.ts:201:15)
      at new SupabaseAuthClient (node_modules/.pnpm/@supabase+supabase-js@2.50.0/node_modules/@supabase/supabase-js/src/lib/SupabaseAuthClient.ts:6:5)
      at SupabaseClient._initSupabaseAuthClient (node_modules/.pnpm/@supabase+supabase-js@2.50.0/node_modules/@supabase/supabase-js/src/SupabaseClient.ts:299:12)
      at new SupabaseClient (node_modules/.pnpm/@supabase+supabase-js@2.50.0/node_modules/@supabase/supabase-js/src/SupabaseClient.ts:102:24)
      at createClient (node_modules/.pnpm/@supabase+supabase-js@2.50.0/node_modules/@supabase/supabase-js/src/index.ts:40:10)
      at DatabaseConnectionPool.createConnection (src/lib/services/database-connection-pool.ts:346:34)
      at DatabaseConnectionPool.createConnection [as initialize] (src/lib/services/database-connection-pool.ts:105:20)
      at Object.<anonymous> (src/lib/services/__tests__/database-optimization.test.ts:112:7)

    console.log
      [DB Pool] Initialized with 2 connections

      at DatabaseConnectionPool.log [as initialize] (src/lib/services/database-connection-pool.ts:112:15)

    console.log
      [DB Pool] Shutdown completed

      at DatabaseConnectionPool.log [as shutdown] (src/lib/services/database-connection-pool.ts:336:13)

    console.warn
      Multiple GoTrueClient instances detected in the same browser context. It is not an error, but this should be avoided as it may produce undefined behavior when used concurrently under the same storage key.

      344 |       const supabaseKey = process.env.NEXT_PUBLIC_SUPABASE_ANON_KEY!;
      345 |       
    > 346 |       const client = createClient(supabaseUrl, supabaseKey, {
          |                                  ^
      347 |         auth: {
      348 |           persistSession: false,
      349 |         },

      at new GoTrueClient (node_modules/.pnpm/@supabase+auth-js@2.70.0/node_modules/@supabase/auth-js/src/GoTrueClient.ts:201:15)
      at new SupabaseAuthClient (node_modules/.pnpm/@supabase+supabase-js@2.50.0/node_modules/@supabase/supabase-js/src/lib/SupabaseAuthClient.ts:6:5)
      at SupabaseClient._initSupabaseAuthClient (node_modules/.pnpm/@supabase+supabase-js@2.50.0/node_modules/@supabase/supabase-js/src/SupabaseClient.ts:299:12)
      at new SupabaseClient (node_modules/.pnpm/@supabase+supabase-js@2.50.0/node_modules/@supabase/supabase-js/src/SupabaseClient.ts:102:24)
      at createClient (node_modules/.pnpm/@supabase+supabase-js@2.50.0/node_modules/@supabase/supabase-js/src/index.ts:40:10)
      at DatabaseConnectionPool.createConnection (src/lib/services/database-connection-pool.ts:346:34)
      at DatabaseConnectionPool.createConnection [as initialize] (src/lib/services/database-connection-pool.ts:105:20)
      at Object.initialize (src/lib/services/__tests__/database-optimization.test.ts:127:30)

    console.warn
      Multiple GoTrueClient instances detected in the same browser context. It is not an error, but this should be avoided as it may produce undefined behavior when used concurrently under the same storage key.

      344 |       const supabaseKey = process.env.NEXT_PUBLIC_SUPABASE_ANON_KEY!;
      345 |       
    > 346 |       const client = createClient(supabaseUrl, supabaseKey, {
          |                                  ^
      347 |         auth: {
      348 |           persistSession: false,
      349 |         },

      at new GoTrueClient (node_modules/.pnpm/@supabase+auth-js@2.70.0/node_modules/@supabase/auth-js/src/GoTrueClient.ts:201:15)
      at new SupabaseAuthClient (node_modules/.pnpm/@supabase+supabase-js@2.50.0/node_modules/@supabase/supabase-js/src/lib/SupabaseAuthClient.ts:6:5)
      at SupabaseClient._initSupabaseAuthClient (node_modules/.pnpm/@supabase+supabase-js@2.50.0/node_modules/@supabase/supabase-js/src/SupabaseClient.ts:299:12)
      at new SupabaseClient (node_modules/.pnpm/@supabase+supabase-js@2.50.0/node_modules/@supabase/supabase-js/src/SupabaseClient.ts:102:24)
      at createClient (node_modules/.pnpm/@supabase+supabase-js@2.50.0/node_modules/@supabase/supabase-js/src/index.ts:40:10)
      at DatabaseConnectionPool.createConnection (src/lib/services/database-connection-pool.ts:346:34)
      at DatabaseConnectionPool.createConnection [as initialize] (src/lib/services/database-connection-pool.ts:105:20)
      at Object.<anonymous> (src/lib/services/__tests__/database-optimization.test.ts:127:7)

    console.log
      [DB Pool] Initialized with 2 connections

      at DatabaseConnectionPool.log [as initialize] (src/lib/services/database-connection-pool.ts:112:15)

    console.error
      [DB Pool] Query execution failed: TypeError: _performancemonitor.performanceMonitor.trackQuery is not a function
          at DatabaseConnectionPool.trackQuery [as executeQuery] (/Users/invoture/dev.local/hey-peter/src/lib/services/database-connection-pool.ts:144:47)
          at processTicksAndRejections (node:internal/process/task_queues:95:5)
          at Object.<anonymous> (/Users/invoture/dev.local/hey-peter/src/lib/services/__tests__/database-optimization.test.ts:133:23)

      174 |       }
      175 |       this.stats.totalErrors++;
    > 176 |       console.error('[DB Pool] Query execution failed:', error);
          |               ^
      177 |       throw error;
      178 |     } finally {
      179 |       if (connection) {

      at DatabaseConnectionPool.error [as executeQuery] (src/lib/services/database-connection-pool.ts:176:15)
      at Object.<anonymous> (src/lib/services/__tests__/database-optimization.test.ts:133:23)

    console.log
      [DB Pool] Shutdown completed

      at DatabaseConnectionPool.log [as shutdown] (src/lib/services/database-connection-pool.ts:336:13)

    console.warn
      Multiple GoTrueClient instances detected in the same browser context. It is not an error, but this should be avoided as it may produce undefined behavior when used concurrently under the same storage key.

      344 |       const supabaseKey = process.env.NEXT_PUBLIC_SUPABASE_ANON_KEY!;
      345 |       
    > 346 |       const client = createClient(supabaseUrl, supabaseKey, {
          |                                  ^
      347 |         auth: {
      348 |           persistSession: false,
      349 |         },

      at new GoTrueClient (node_modules/.pnpm/@supabase+auth-js@2.70.0/node_modules/@supabase/auth-js/src/GoTrueClient.ts:201:15)
      at new SupabaseAuthClient (node_modules/.pnpm/@supabase+supabase-js@2.50.0/node_modules/@supabase/supabase-js/src/lib/SupabaseAuthClient.ts:6:5)
      at SupabaseClient._initSupabaseAuthClient (node_modules/.pnpm/@supabase+supabase-js@2.50.0/node_modules/@supabase/supabase-js/src/SupabaseClient.ts:299:12)
      at new SupabaseClient (node_modules/.pnpm/@supabase+supabase-js@2.50.0/node_modules/@supabase/supabase-js/src/SupabaseClient.ts:102:24)
      at createClient (node_modules/.pnpm/@supabase+supabase-js@2.50.0/node_modules/@supabase/supabase-js/src/index.ts:40:10)
      at DatabaseConnectionPool.createConnection (src/lib/services/database-connection-pool.ts:346:34)
      at DatabaseConnectionPool.createConnection [as acquireConnection] (src/lib/services/database-connection-pool.ts:398:37)
      at DatabaseConnectionPool.acquireConnection [as executeQuery] (src/lib/services/database-connection-pool.ts:141:31)
      at QueryOptimizationService.executeQuery [as executeOptimizedQuery] (src/lib/services/query-optimization-service.ts:119:45)
      at Object.<anonymous> (src/lib/services/__tests__/database-optimization.test.ts:158:22)

    console.error
      [DB Pool] Query execution failed: TypeError: _performancemonitor.performanceMonitor.trackQuery is not a function
          at DatabaseConnectionPool.trackQuery [as executeQuery] (/Users/invoture/dev.local/hey-peter/src/lib/services/database-connection-pool.ts:144:47)
          at processTicksAndRejections (node:internal/process/task_queues:95:5)
          at QueryOptimizationService.executeOptimizedQuery (/Users/invoture/dev.local/hey-peter/src/lib/services/query-optimization-service.ts:119:22)
          at Object.<anonymous> (/Users/invoture/dev.local/hey-peter/src/lib/services/__tests__/database-optimization.test.ts:158:22)

      174 |       }
      175 |       this.stats.totalErrors++;
    > 176 |       console.error('[DB Pool] Query execution failed:', error);
          |               ^
      177 |       throw error;
      178 |     } finally {
      179 |       if (connection) {

      at DatabaseConnectionPool.error [as executeQuery] (src/lib/services/database-connection-pool.ts:176:15)
      at QueryOptimizationService.executeOptimizedQuery (src/lib/services/query-optimization-service.ts:119:22)
      at Object.<anonymous> (src/lib/services/__tests__/database-optimization.test.ts:158:22)

    console.error
      [DB Pool] Query execution failed: TypeError: _performancemonitor.performanceMonitor.trackQuery is not a function
          at DatabaseConnectionPool.trackQuery [as executeQuery] (/Users/invoture/dev.local/hey-peter/src/lib/services/database-connection-pool.ts:144:47)
          at processTicksAndRejections (node:internal/process/task_queues:95:5)
          at QueryOptimizationService.executeOptimizedQuery (/Users/invoture/dev.local/hey-peter/src/lib/services/query-optimization-service.ts:119:22)
          at Object.<anonymous> (/Users/invoture/dev.local/hey-peter/src/lib/services/__tests__/database-optimization.test.ts:190:22)

      174 |       }
      175 |       this.stats.totalErrors++;
    > 176 |       console.error('[DB Pool] Query execution failed:', error);
          |               ^
      177 |       throw error;
      178 |     } finally {
      179 |       if (connection) {

      at DatabaseConnectionPool.error [as executeQuery] (src/lib/services/database-connection-pool.ts:176:15)
      at QueryOptimizationService.executeOptimizedQuery (src/lib/services/query-optimization-service.ts:119:22)
      at Object.<anonymous> (src/lib/services/__tests__/database-optimization.test.ts:190:22)

    console.warn
      Multiple GoTrueClient instances detected in the same browser context. It is not an error, but this should be avoided as it may produce undefined behavior when used concurrently under the same storage key.

      344 |       const supabaseKey = process.env.NEXT_PUBLIC_SUPABASE_ANON_KEY!;
      345 |       
    > 346 |       const client = createClient(supabaseUrl, supabaseKey, {
          |                                  ^
      347 |         auth: {
      348 |           persistSession: false,
      349 |         },

      at new GoTrueClient (node_modules/.pnpm/@supabase+auth-js@2.70.0/node_modules/@supabase/auth-js/src/GoTrueClient.ts:201:15)
      at new SupabaseAuthClient (node_modules/.pnpm/@supabase+supabase-js@2.50.0/node_modules/@supabase/supabase-js/src/lib/SupabaseAuthClient.ts:6:5)
      at SupabaseClient._initSupabaseAuthClient (node_modules/.pnpm/@supabase+supabase-js@2.50.0/node_modules/@supabase/supabase-js/src/SupabaseClient.ts:299:12)
      at new SupabaseClient (node_modules/.pnpm/@supabase+supabase-js@2.50.0/node_modules/@supabase/supabase-js/src/SupabaseClient.ts:102:24)
      at createClient (node_modules/.pnpm/@supabase+supabase-js@2.50.0/node_modules/@supabase/supabase-js/src/index.ts:40:10)
      at DatabaseConnectionPool.createConnection (src/lib/services/database-connection-pool.ts:346:34)
      at DatabaseConnectionPool.createConnection [as acquireConnection] (src/lib/services/database-connection-pool.ts:398:37)
      at DatabaseConnectionPool.acquireConnection [as executeQuery] (src/lib/services/database-connection-pool.ts:141:31)
      at QueryOptimizationService.executeQuery [as executeOptimizedQuery] (src/lib/services/query-optimization-service.ts:119:45)
          at async Promise.allSettled (index 1)
      at QueryOptimizationService.executeBulkQueries (src/lib/services/query-optimization-service.ts:265:30)
      at Object.<anonymous> (src/lib/services/__tests__/database-optimization.test.ts:213:23)

    console.error
      [DB Pool] Query execution failed: TypeError: _performancemonitor.performanceMonitor.trackQuery is not a function
          at DatabaseConnectionPool.trackQuery [as executeQuery] (/Users/invoture/dev.local/hey-peter/src/lib/services/database-connection-pool.ts:144:47)
          at processTicksAndRejections (node:internal/process/task_queues:95:5)
          at QueryOptimizationService.executeOptimizedQuery (/Users/invoture/dev.local/hey-peter/src/lib/services/query-optimization-service.ts:119:22)
          at async Promise.allSettled (index 0)
          at QueryOptimizationService.executeBulkQueries (/Users/invoture/dev.local/hey-peter/src/lib/services/query-optimization-service.ts:265:30)
          at Object.<anonymous> (/Users/invoture/dev.local/hey-peter/src/lib/services/__tests__/database-optimization.test.ts:213:23)

      174 |       }
      175 |       this.stats.totalErrors++;
    > 176 |       console.error('[DB Pool] Query execution failed:', error);
          |               ^
      177 |       throw error;
      178 |     } finally {
      179 |       if (connection) {

      at DatabaseConnectionPool.error [as executeQuery] (src/lib/services/database-connection-pool.ts:176:15)
      at QueryOptimizationService.executeOptimizedQuery (src/lib/services/query-optimization-service.ts:119:22)
          at async Promise.allSettled (index 0)
      at QueryOptimizationService.executeBulkQueries (src/lib/services/query-optimization-service.ts:265:30)
      at Object.<anonymous> (src/lib/services/__tests__/database-optimization.test.ts:213:23)

    console.error
      [DB Pool] Query execution failed: TypeError: _performancemonitor.performanceMonitor.trackQuery is not a function
          at DatabaseConnectionPool.trackQuery [as executeQuery] (/Users/invoture/dev.local/hey-peter/src/lib/services/database-connection-pool.ts:144:47)
          at processTicksAndRejections (node:internal/process/task_queues:95:5)
          at QueryOptimizationService.executeOptimizedQuery (/Users/invoture/dev.local/hey-peter/src/lib/services/query-optimization-service.ts:119:22)
          at async Promise.allSettled (index 1)
          at QueryOptimizationService.executeBulkQueries (/Users/invoture/dev.local/hey-peter/src/lib/services/query-optimization-service.ts:265:30)
          at Object.<anonymous> (/Users/invoture/dev.local/hey-peter/src/lib/services/__tests__/database-optimization.test.ts:213:23)

      174 |       }
      175 |       this.stats.totalErrors++;
    > 176 |       console.error('[DB Pool] Query execution failed:', error);
          |               ^
      177 |       throw error;
      178 |     } finally {
      179 |       if (connection) {

      at DatabaseConnectionPool.error [as executeQuery] (src/lib/services/database-connection-pool.ts:176:15)
      at QueryOptimizationService.executeOptimizedQuery (src/lib/services/query-optimization-service.ts:119:22)
          at async Promise.allSettled (index 1)
      at QueryOptimizationService.executeBulkQueries (src/lib/services/query-optimization-service.ts:265:30)
      at Object.<anonymous> (src/lib/services/__tests__/database-optimization.test.ts:213:23)

    console.error
      [DB Pool] Query execution failed: TypeError: _performancemonitor.performanceMonitor.trackQuery is not a function
          at DatabaseConnectionPool.trackQuery [as executeQuery] (/Users/invoture/dev.local/hey-peter/src/lib/services/database-connection-pool.ts:144:47)
          at processTicksAndRejections (node:internal/process/task_queues:95:5)
          at QueryOptimizationService.executeOptimizedQuery (/Users/invoture/dev.local/hey-peter/src/lib/services/query-optimization-service.ts:119:22)
          at Object.<anonymous> (/Users/invoture/dev.local/hey-peter/src/lib/services/__tests__/database-optimization.test.ts:227:7)

      174 |       }
      175 |       this.stats.totalErrors++;
    > 176 |       console.error('[DB Pool] Query execution failed:', error);
          |               ^
      177 |       throw error;
      178 |     } finally {
      179 |       if (connection) {

      at DatabaseConnectionPool.error [as executeQuery] (src/lib/services/database-connection-pool.ts:176:15)
      at QueryOptimizationService.executeOptimizedQuery (src/lib/services/query-optimization-service.ts:119:22)
      at Object.<anonymous> (src/lib/services/__tests__/database-optimization.test.ts:227:7)

    console.error
      [DB Pool] Query execution failed: TypeError: _performancemonitor.performanceMonitor.trackQuery is not a function
          at DatabaseConnectionPool.trackQuery [as executeQuery] (/Users/invoture/dev.local/hey-peter/src/lib/services/database-connection-pool.ts:144:47)
          at processTicksAndRejections (node:internal/process/task_queues:95:5)
          at QueryOptimizationService.executeOptimizedQuery (/Users/invoture/dev.local/hey-peter/src/lib/services/query-optimization-service.ts:119:22)
          at Object.<anonymous> (/Users/invoture/dev.local/hey-peter/src/lib/services/__tests__/database-optimization.test.ts:244:7)

      174 |       }
      175 |       this.stats.totalErrors++;
    > 176 |       console.error('[DB Pool] Query execution failed:', error);
          |               ^
      177 |       throw error;
      178 |     } finally {
      179 |       if (connection) {

      at DatabaseConnectionPool.error [as executeQuery] (src/lib/services/database-connection-pool.ts:176:15)
      at QueryOptimizationService.executeOptimizedQuery (src/lib/services/query-optimization-service.ts:119:22)
      at Object.<anonymous> (src/lib/services/__tests__/database-optimization.test.ts:244:7)

    console.error
      [DB Pool] Query execution failed: TypeError: _performancemonitor.performanceMonitor.trackQuery is not a function
          at DatabaseConnectionPool.trackQuery [as executeQuery] (/Users/invoture/dev.local/hey-peter/src/lib/services/database-connection-pool.ts:144:47)
          at processTicksAndRejections (node:internal/process/task_queues:95:5)
          at QueryOptimizationService.executeOptimizedQuery (/Users/invoture/dev.local/hey-peter/src/lib/services/query-optimization-service.ts:119:22)
          at Object.<anonymous> (/Users/invoture/dev.local/hey-peter/src/lib/services/__tests__/database-optimization.test.ts:266:23)

      174 |       }
      175 |       this.stats.totalErrors++;
    > 176 |       console.error('[DB Pool] Query execution failed:', error);
          |               ^
      177 |       throw error;
      178 |     } finally {
      179 |       if (connection) {

      at DatabaseConnectionPool.error [as executeQuery] (src/lib/services/database-connection-pool.ts:176:15)
      at QueryOptimizationService.executeOptimizedQuery (src/lib/services/query-optimization-service.ts:119:22)
      at Object.<anonymous> (src/lib/services/__tests__/database-optimization.test.ts:266:23)

    console.error
      [DB Pool] Query execution failed: TypeError: _performancemonitor.performanceMonitor.trackQuery is not a function
          at DatabaseConnectionPool.trackQuery [as executeQuery] (/Users/invoture/dev.local/hey-peter/src/lib/services/database-connection-pool.ts:144:47)
          at processTicksAndRejections (node:internal/process/task_queues:95:5)
          at QueryOptimizationService.executeOptimizedQuery (/Users/invoture/dev.local/hey-peter/src/lib/services/query-optimization-service.ts:119:22)
          at Object.<anonymous> (/Users/invoture/dev.local/hey-peter/src/lib/services/__tests__/database-optimization.test.ts:277:23)

      174 |       }
      175 |       this.stats.totalErrors++;
    > 176 |       console.error('[DB Pool] Query execution failed:', error);
          |               ^
      177 |       throw error;
      178 |     } finally {
      179 |       if (connection) {

      at DatabaseConnectionPool.error [as executeQuery] (src/lib/services/database-connection-pool.ts:176:15)
      at QueryOptimizationService.executeOptimizedQuery (src/lib/services/query-optimization-service.ts:119:22)
      at Object.<anonymous> (src/lib/services/__tests__/database-optimization.test.ts:277:23)

    console.error
      [DB Pool] Query execution failed: TypeError: _performancemonitor.performanceMonitor.trackQuery is not a function
          at DatabaseConnectionPool.trackQuery [as executeQuery] (/Users/invoture/dev.local/hey-peter/src/lib/services/database-connection-pool.ts:144:47)
          at processTicksAndRejections (node:internal/process/task_queues:95:5)
          at QueryOptimizationService.refreshAnalyticsViews (/Users/invoture/dev.local/hey-peter/src/lib/services/query-optimization-service.ts:441:25)
          at Object.<anonymous> (/Users/invoture/dev.local/hey-peter/src/lib/services/__tests__/database-optimization.test.ts:293:22)

      174 |       }
      175 |       this.stats.totalErrors++;
    > 176 |       console.error('[DB Pool] Query execution failed:', error);
          |               ^
      177 |       throw error;
      178 |     } finally {
      179 |       if (connection) {

      at DatabaseConnectionPool.error [as executeQuery] (src/lib/services/database-connection-pool.ts:176:15)
      at QueryOptimizationService.refreshAnalyticsViews (src/lib/services/query-optimization-service.ts:441:25)
      at Object.<anonymous> (src/lib/services/__tests__/database-optimization.test.ts:293:22)

    console.error
      [Query Optimization] Failed to refresh analytics views: TypeError: _performancemonitor.performanceMonitor.trackQuery is not a function
          at DatabaseConnectionPool.trackQuery [as executeQuery] (/Users/invoture/dev.local/hey-peter/src/lib/services/database-connection-pool.ts:144:47)
          at processTicksAndRejections (node:internal/process/task_queues:95:5)
          at QueryOptimizationService.refreshAnalyticsViews (/Users/invoture/dev.local/hey-peter/src/lib/services/query-optimization-service.ts:441:25)
          at Object.<anonymous> (/Users/invoture/dev.local/hey-peter/src/lib/services/__tests__/database-optimization.test.ts:293:22)

      462 |       return { success: true, refreshedViews };
      463 |     } catch (error) {
    > 464 |       console.error('[Query Optimization] Failed to refresh analytics views:', error);
          |               ^
      465 |       return { success: false, refreshedViews: [], error };
      466 |     }
      467 |   }

      at QueryOptimizationService.error [as refreshAnalyticsViews] (src/lib/services/query-optimization-service.ts:464:15)
      at Object.<anonymous> (src/lib/services/__tests__/database-optimization.test.ts:293:22)

    console.error
      [DB Pool] Query execution failed: TypeError: _performancemonitor.performanceMonitor.trackQuery is not a function
          at DatabaseConnectionPool.trackQuery [as executeQuery] (/Users/invoture/dev.local/hey-peter/src/lib/services/database-connection-pool.ts:144:47)
          at processTicksAndRejections (node:internal/process/task_queues:95:5)
          at QueryOptimizationService.refreshAnalyticsViews (/Users/invoture/dev.local/hey-peter/src/lib/services/query-optimization-service.ts:441:25)
          at Object.<anonymous> (/Users/invoture/dev.local/hey-peter/src/lib/services/__tests__/database-optimization.test.ts:307:22)

      174 |       }
      175 |       this.stats.totalErrors++;
    > 176 |       console.error('[DB Pool] Query execution failed:', error);
          |               ^
      177 |       throw error;
      178 |     } finally {
      179 |       if (connection) {

      at DatabaseConnectionPool.error [as executeQuery] (src/lib/services/database-connection-pool.ts:176:15)
      at QueryOptimizationService.refreshAnalyticsViews (src/lib/services/query-optimization-service.ts:441:25)
      at Object.<anonymous> (src/lib/services/__tests__/database-optimization.test.ts:307:22)

    console.error
      [Query Optimization] Failed to refresh analytics views: TypeError: _performancemonitor.performanceMonitor.trackQuery is not a function
          at DatabaseConnectionPool.trackQuery [as executeQuery] (/Users/invoture/dev.local/hey-peter/src/lib/services/database-connection-pool.ts:144:47)
          at processTicksAndRejections (node:internal/process/task_queues:95:5)
          at QueryOptimizationService.refreshAnalyticsViews (/Users/invoture/dev.local/hey-peter/src/lib/services/query-optimization-service.ts:441:25)
          at Object.<anonymous> (/Users/invoture/dev.local/hey-peter/src/lib/services/__tests__/database-optimization.test.ts:307:22)

      462 |       return { success: true, refreshedViews };
      463 |     } catch (error) {
    > 464 |       console.error('[Query Optimization] Failed to refresh analytics views:', error);
          |               ^
      465 |       return { success: false, refreshedViews: [], error };
      466 |     }
      467 |   }

      at QueryOptimizationService.error [as refreshAnalyticsViews] (src/lib/services/query-optimization-service.ts:464:15)
      at Object.<anonymous> (src/lib/services/__tests__/database-optimization.test.ts:307:22)

    console.error
      [DB Pool] Query execution failed: TypeError: _performancemonitor.performanceMonitor.trackQuery is not a function
          at DatabaseConnectionPool.trackQuery [as executeQuery] (/Users/invoture/dev.local/hey-peter/src/lib/services/database-connection-pool.ts:144:47)
          at processTicksAndRejections (node:internal/process/task_queues:95:5)
          at DatabasePerformanceMonitor.getDatabaseMetrics (/Users/invoture/dev.local/hey-peter/src/lib/services/database-performance-monitor.ts:147:41)
          at Object.<anonymous> (/Users/invoture/dev.local/hey-peter/src/lib/services/__tests__/database-optimization.test.ts:360:23)

      174 |       }
      175 |       this.stats.totalErrors++;
    > 176 |       console.error('[DB Pool] Query execution failed:', error);
          |               ^
      177 |       throw error;
      178 |     } finally {
      179 |       if (connection) {

      at DatabaseConnectionPool.error [as executeQuery] (src/lib/services/database-connection-pool.ts:176:15)
      at DatabasePerformanceMonitor.getDatabaseMetrics (src/lib/services/database-performance-monitor.ts:147:41)
      at Object.<anonymous> (src/lib/services/__tests__/database-optimization.test.ts:360:23)

    console.error
      [DB Performance Monitor] Failed to get database metrics: TypeError: _performancemonitor.performanceMonitor.trackQuery is not a function
          at DatabaseConnectionPool.trackQuery [as executeQuery] (/Users/invoture/dev.local/hey-peter/src/lib/services/database-connection-pool.ts:144:47)
          at processTicksAndRejections (node:internal/process/task_queues:95:5)
          at DatabasePerformanceMonitor.getDatabaseMetrics (/Users/invoture/dev.local/hey-peter/src/lib/services/database-performance-monitor.ts:147:41)
          at Object.<anonymous> (/Users/invoture/dev.local/hey-peter/src/lib/services/__tests__/database-optimization.test.ts:360:23)

      202 |       return metrics;
      203 |     } catch (error) {
    > 204 |       console.error('[DB Performance Monitor] Failed to get database metrics:', error);
          |               ^
      205 |       throw error;
      206 |     }
      207 |   }

      at DatabasePerformanceMonitor.error [as getDatabaseMetrics] (src/lib/services/database-performance-monitor.ts:204:15)
      at Object.<anonymous> (src/lib/services/__tests__/database-optimization.test.ts:360:23)

    console.log
      [DB Performance Monitor] Monitoring stopped

      at DatabasePerformanceMonitor.log [as stopMonitoring] (src/lib/services/database-performance-monitor.ts:138:13)

    console.error
      [DB Pool] Query execution failed: TypeError: _performancemonitor.performanceMonitor.trackQuery is not a function
          at DatabaseConnectionPool.trackQuery [as executeQuery] (/Users/invoture/dev.local/hey-peter/src/lib/services/database-connection-pool.ts:144:47)
          at processTicksAndRejections (node:internal/process/task_queues:95:5)
          at DatabasePerformanceMonitor.getDatabaseMetrics (/Users/invoture/dev.local/hey-peter/src/lib/services/database-performance-monitor.ts:147:41)
          at DatabasePerformanceMonitor.runHealthCheck (/Users/invoture/dev.local/hey-peter/src/lib/services/database-performance-monitor.ts:282:23)
          at Object.<anonymous> (/Users/invoture/dev.local/hey-peter/src/lib/services/__tests__/database-optimization.test.ts:384:27)

      174 |       }
      175 |       this.stats.totalErrors++;
    > 176 |       console.error('[DB Pool] Query execution failed:', error);
          |               ^
      177 |       throw error;
      178 |     } finally {
      179 |       if (connection) {

      at DatabaseConnectionPool.error [as executeQuery] (src/lib/services/database-connection-pool.ts:176:15)
      at DatabasePerformanceMonitor.getDatabaseMetrics (src/lib/services/database-performance-monitor.ts:147:41)
      at DatabasePerformanceMonitor.runHealthCheck (src/lib/services/database-performance-monitor.ts:282:23)
      at Object.<anonymous> (src/lib/services/__tests__/database-optimization.test.ts:384:27)

    console.error
      [DB Performance Monitor] Failed to get database metrics: TypeError: _performancemonitor.performanceMonitor.trackQuery is not a function
          at DatabaseConnectionPool.trackQuery [as executeQuery] (/Users/invoture/dev.local/hey-peter/src/lib/services/database-connection-pool.ts:144:47)
          at processTicksAndRejections (node:internal/process/task_queues:95:5)
          at DatabasePerformanceMonitor.getDatabaseMetrics (/Users/invoture/dev.local/hey-peter/src/lib/services/database-performance-monitor.ts:147:41)
          at DatabasePerformanceMonitor.runHealthCheck (/Users/invoture/dev.local/hey-peter/src/lib/services/database-performance-monitor.ts:282:23)
          at Object.<anonymous> (/Users/invoture/dev.local/hey-peter/src/lib/services/__tests__/database-optimization.test.ts:384:27)

      202 |       return metrics;
      203 |     } catch (error) {
    > 204 |       console.error('[DB Performance Monitor] Failed to get database metrics:', error);
          |               ^
      205 |       throw error;
      206 |     }
      207 |   }

      at DatabasePerformanceMonitor.error [as getDatabaseMetrics] (src/lib/services/database-performance-monitor.ts:204:15)
      at DatabasePerformanceMonitor.runHealthCheck (src/lib/services/database-performance-monitor.ts:282:23)
      at Object.<anonymous> (src/lib/services/__tests__/database-optimization.test.ts:384:27)

    console.error
      [DB Performance Monitor] Health check failed: TypeError: _performancemonitor.performanceMonitor.trackQuery is not a function
          at DatabaseConnectionPool.trackQuery [as executeQuery] (/Users/invoture/dev.local/hey-peter/src/lib/services/database-connection-pool.ts:144:47)
          at processTicksAndRejections (node:internal/process/task_queues:95:5)
          at DatabasePerformanceMonitor.getDatabaseMetrics (/Users/invoture/dev.local/hey-peter/src/lib/services/database-performance-monitor.ts:147:41)
          at DatabasePerformanceMonitor.runHealthCheck (/Users/invoture/dev.local/hey-peter/src/lib/services/database-performance-monitor.ts:282:23)
          at Object.<anonymous> (/Users/invoture/dev.local/hey-peter/src/lib/services/__tests__/database-optimization.test.ts:384:27)

      412 |
      413 |     } catch (error) {
    > 414 |       console.error('[DB Performance Monitor] Health check failed:', error);
          |               ^
      415 |       return {
      416 |         overall: 'critical',
      417 |         checks: [{

      at DatabasePerformanceMonitor.error [as runHealthCheck] (src/lib/services/database-performance-monitor.ts:414:15)
      at Object.<anonymous> (src/lib/services/__tests__/database-optimization.test.ts:384:27)

    console.log
      [DB Performance Monitor] Monitoring stopped

      at DatabasePerformanceMonitor.log [as stopMonitoring] (src/lib/services/database-performance-monitor.ts:138:13)

    console.error
      [DB Pool] Query execution failed: TypeError: _performancemonitor.performanceMonitor.trackQuery is not a function
          at DatabaseConnectionPool.trackQuery [as executeQuery] (/Users/invoture/dev.local/hey-peter/src/lib/services/database-connection-pool.ts:144:47)
          at processTicksAndRejections (node:internal/process/task_queues:95:5)
          at DatabasePerformanceMonitor.getDatabaseMetrics (/Users/invoture/dev.local/hey-peter/src/lib/services/database-performance-monitor.ts:147:41)
          at DatabasePerformanceMonitor.generatePerformanceReport (/Users/invoture/dev.local/hey-peter/src/lib/services/database-performance-monitor.ts:445:21)
          at Object.<anonymous> (/Users/invoture/dev.local/hey-peter/src/lib/services/__tests__/database-optimization.test.ts:402:22)

      174 |       }
      175 |       this.stats.totalErrors++;
    > 176 |       console.error('[DB Pool] Query execution failed:', error);
          |               ^
      177 |       throw error;
      178 |     } finally {
      179 |       if (connection) {

      at DatabaseConnectionPool.error [as executeQuery] (src/lib/services/database-connection-pool.ts:176:15)
      at DatabasePerformanceMonitor.getDatabaseMetrics (src/lib/services/database-performance-monitor.ts:147:41)
      at DatabasePerformanceMonitor.generatePerformanceReport (src/lib/services/database-performance-monitor.ts:445:21)
      at Object.<anonymous> (src/lib/services/__tests__/database-optimization.test.ts:402:22)

    console.error
      [DB Performance Monitor] Failed to get database metrics: TypeError: _performancemonitor.performanceMonitor.trackQuery is not a function
          at DatabaseConnectionPool.trackQuery [as executeQuery] (/Users/invoture/dev.local/hey-peter/src/lib/services/database-connection-pool.ts:144:47)
          at processTicksAndRejections (node:internal/process/task_queues:95:5)
          at DatabasePerformanceMonitor.getDatabaseMetrics (/Users/invoture/dev.local/hey-peter/src/lib/services/database-performance-monitor.ts:147:41)
          at DatabasePerformanceMonitor.generatePerformanceReport (/Users/invoture/dev.local/hey-peter/src/lib/services/database-performance-monitor.ts:445:21)
          at Object.<anonymous> (/Users/invoture/dev.local/hey-peter/src/lib/services/__tests__/database-optimization.test.ts:402:22)

      202 |       return metrics;
      203 |     } catch (error) {
    > 204 |       console.error('[DB Performance Monitor] Failed to get database metrics:', error);
          |               ^
      205 |       throw error;
      206 |     }
      207 |   }

      at DatabasePerformanceMonitor.error [as getDatabaseMetrics] (src/lib/services/database-performance-monitor.ts:204:15)
      at DatabasePerformanceMonitor.generatePerformanceReport (src/lib/services/database-performance-monitor.ts:445:21)
      at Object.<anonymous> (src/lib/services/__tests__/database-optimization.test.ts:402:22)

    console.log
      [DB Performance Monitor] Monitoring stopped

      at DatabasePerformanceMonitor.log [as stopMonitoring] (src/lib/services/database-performance-monitor.ts:138:13)

    console.log
      [DB Performance Monitor] Monitoring stopped

      at DatabasePerformanceMonitor.log [as stopMonitoring] (src/lib/services/database-performance-monitor.ts:138:13)

    console.log
      [DB Performance Monitor] Monitoring stopped

      at DatabasePerformanceMonitor.log [as stopMonitoring] (src/lib/services/database-performance-monitor.ts:138:13)

    console.log
      [DB Performance Monitor] Monitoring stopped

      at DatabasePerformanceMonitor.log [as stopMonitoring] (src/lib/services/database-performance-monitor.ts:138:13)

    console.log
      [DB Performance Monitor] Monitoring stopped

      at DatabasePerformanceMonitor.log [as stopMonitoring] (src/lib/services/database-performance-monitor.ts:138:13)

    console.log
      [DB Performance Monitor] Starting monitoring...

      at DatabasePerformanceMonitor.log [as startMonitoring] (src/lib/services/database-performance-monitor.ts:111:13)

    console.error
      [DB Pool] Query execution failed: TypeError: _performancemonitor.performanceMonitor.trackQuery is not a function
          at DatabaseConnectionPool.trackQuery [as executeQuery] (/Users/invoture/dev.local/hey-peter/src/lib/services/database-connection-pool.ts:144:47)
          at processTicksAndRejections (node:internal/process/task_queues:95:5)
          at DatabasePerformanceMonitor.getDatabaseMetrics (/Users/invoture/dev.local/hey-peter/src/lib/services/database-performance-monitor.ts:147:41)
          at DatabasePerformanceMonitor.collectMetrics (/Users/invoture/dev.local/hey-peter/src/lib/services/database-performance-monitor.ts:502:23)
          at DatabasePerformanceMonitor.startMonitoring (/Users/invoture/dev.local/hey-peter/src/lib/services/database-performance-monitor.ts:114:5)
          at Object.<anonymous> (/Users/invoture/dev.local/hey-peter/src/lib/services/__tests__/database-optimization.test.ts:450:7)

      174 |       }
      175 |       this.stats.totalErrors++;
    > 176 |       console.error('[DB Pool] Query execution failed:', error);
          |               ^
      177 |       throw error;
      178 |     } finally {
      179 |       if (connection) {

      at DatabaseConnectionPool.error [as executeQuery] (src/lib/services/database-connection-pool.ts:176:15)
      at DatabasePerformanceMonitor.getDatabaseMetrics (src/lib/services/database-performance-monitor.ts:147:41)
      at DatabasePerformanceMonitor.collectMetrics (src/lib/services/database-performance-monitor.ts:502:23)
      at DatabasePerformanceMonitor.startMonitoring (src/lib/services/database-performance-monitor.ts:114:5)
      at Object.<anonymous> (src/lib/services/__tests__/database-optimization.test.ts:450:7)

    console.error
      [DB Performance Monitor] Failed to get database metrics: TypeError: _performancemonitor.performanceMonitor.trackQuery is not a function
          at DatabaseConnectionPool.trackQuery [as executeQuery] (/Users/invoture/dev.local/hey-peter/src/lib/services/database-connection-pool.ts:144:47)
          at processTicksAndRejections (node:internal/process/task_queues:95:5)
          at DatabasePerformanceMonitor.getDatabaseMetrics (/Users/invoture/dev.local/hey-peter/src/lib/services/database-performance-monitor.ts:147:41)
          at DatabasePerformanceMonitor.collectMetrics (/Users/invoture/dev.local/hey-peter/src/lib/services/database-performance-monitor.ts:502:23)
          at DatabasePerformanceMonitor.startMonitoring (/Users/invoture/dev.local/hey-peter/src/lib/services/database-performance-monitor.ts:114:5)
          at Object.<anonymous> (/Users/invoture/dev.local/hey-peter/src/lib/services/__tests__/database-optimization.test.ts:450:7)

      202 |       return metrics;
      203 |     } catch (error) {
    > 204 |       console.error('[DB Performance Monitor] Failed to get database metrics:', error);
          |               ^
      205 |       throw error;
      206 |     }
      207 |   }

      at DatabasePerformanceMonitor.error [as getDatabaseMetrics] (src/lib/services/database-performance-monitor.ts:204:15)
      at DatabasePerformanceMonitor.collectMetrics (src/lib/services/database-performance-monitor.ts:502:23)
      at DatabasePerformanceMonitor.startMonitoring (src/lib/services/database-performance-monitor.ts:114:5)
      at Object.<anonymous> (src/lib/services/__tests__/database-optimization.test.ts:450:7)

    console.error
      [DB Performance Monitor] Failed to collect metrics: TypeError: _performancemonitor.performanceMonitor.trackQuery is not a function
          at DatabaseConnectionPool.trackQuery [as executeQuery] (/Users/invoture/dev.local/hey-peter/src/lib/services/database-connection-pool.ts:144:47)
          at processTicksAndRejections (node:internal/process/task_queues:95:5)
          at DatabasePerformanceMonitor.getDatabaseMetrics (/Users/invoture/dev.local/hey-peter/src/lib/services/database-performance-monitor.ts:147:41)
          at DatabasePerformanceMonitor.collectMetrics (/Users/invoture/dev.local/hey-peter/src/lib/services/database-performance-monitor.ts:502:23)
          at DatabasePerformanceMonitor.startMonitoring (/Users/invoture/dev.local/hey-peter/src/lib/services/database-performance-monitor.ts:114:5)
          at Object.<anonymous> (/Users/invoture/dev.local/hey-peter/src/lib/services/__tests__/database-optimization.test.ts:450:7)

      521 |
      522 |     } catch (error) {
    > 523 |       console.error('[DB Performance Monitor] Failed to collect metrics:', error);
          |               ^
      524 |     }
      525 |   }
      526 |

      at DatabasePerformanceMonitor.error [as collectMetrics] (src/lib/services/database-performance-monitor.ts:523:15)
      at DatabasePerformanceMonitor.startMonitoring (src/lib/services/database-performance-monitor.ts:114:5)
      at Object.<anonymous> (src/lib/services/__tests__/database-optimization.test.ts:450:7)

    console.error
      [DB Pool] Query execution failed: TypeError: _performancemonitor.performanceMonitor.trackQuery is not a function
          at DatabaseConnectionPool.trackQuery [as executeQuery] (/Users/invoture/dev.local/hey-peter/src/lib/services/database-connection-pool.ts:144:47)
          at DatabasePerformanceMonitor.getDatabaseMetrics (/Users/invoture/dev.local/hey-peter/src/lib/services/database-performance-monitor.ts:147:41)
          at DatabasePerformanceMonitor.collectMetrics (/Users/invoture/dev.local/hey-peter/src/lib/services/database-performance-monitor.ts:502:23)
          at /Users/invoture/dev.local/hey-peter/src/lib/services/database-performance-monitor.ts:119:9

      174 |       }
      175 |       this.stats.totalErrors++;
    > 176 |       console.error('[DB Pool] Query execution failed:', error);
          |               ^
      177 |       throw error;
      178 |     } finally {
      179 |       if (connection) {

      at DatabaseConnectionPool.error [as executeQuery] (src/lib/services/database-connection-pool.ts:176:15)
      at DatabasePerformanceMonitor.getDatabaseMetrics (src/lib/services/database-performance-monitor.ts:147:41)
      at DatabasePerformanceMonitor.collectMetrics (src/lib/services/database-performance-monitor.ts:502:23)
      at src/lib/services/database-performance-monitor.ts:119:9

    console.error
      [DB Performance Monitor] Failed to get database metrics: TypeError: _performancemonitor.performanceMonitor.trackQuery is not a function
          at DatabaseConnectionPool.trackQuery [as executeQuery] (/Users/invoture/dev.local/hey-peter/src/lib/services/database-connection-pool.ts:144:47)
          at DatabasePerformanceMonitor.getDatabaseMetrics (/Users/invoture/dev.local/hey-peter/src/lib/services/database-performance-monitor.ts:147:41)
          at DatabasePerformanceMonitor.collectMetrics (/Users/invoture/dev.local/hey-peter/src/lib/services/database-performance-monitor.ts:502:23)
          at /Users/invoture/dev.local/hey-peter/src/lib/services/database-performance-monitor.ts:119:9

      202 |       return metrics;
      203 |     } catch (error) {
    > 204 |       console.error('[DB Performance Monitor] Failed to get database metrics:', error);
          |               ^
      205 |       throw error;
      206 |     }
      207 |   }

      at DatabasePerformanceMonitor.error [as getDatabaseMetrics] (src/lib/services/database-performance-monitor.ts:204:15)
      at DatabasePerformanceMonitor.collectMetrics (src/lib/services/database-performance-monitor.ts:502:23)
      at src/lib/services/database-performance-monitor.ts:119:9

    console.error
      [DB Performance Monitor] Failed to collect metrics: TypeError: _performancemonitor.performanceMonitor.trackQuery is not a function
          at DatabaseConnectionPool.trackQuery [as executeQuery] (/Users/invoture/dev.local/hey-peter/src/lib/services/database-connection-pool.ts:144:47)
          at DatabasePerformanceMonitor.getDatabaseMetrics (/Users/invoture/dev.local/hey-peter/src/lib/services/database-performance-monitor.ts:147:41)
          at DatabasePerformanceMonitor.collectMetrics (/Users/invoture/dev.local/hey-peter/src/lib/services/database-performance-monitor.ts:502:23)
          at /Users/invoture/dev.local/hey-peter/src/lib/services/database-performance-monitor.ts:119:9

      521 |
      522 |     } catch (error) {
    > 523 |       console.error('[DB Performance Monitor] Failed to collect metrics:', error);
          |               ^
      524 |     }
      525 |   }
      526 |

      at DatabasePerformanceMonitor.error [as collectMetrics] (src/lib/services/database-performance-monitor.ts:523:15)
      at src/lib/services/database-performance-monitor.ts:119:9

    console.error
      [DB Pool] Query execution failed: TypeError: _performancemonitor.performanceMonitor.trackQuery is not a function
          at DatabaseConnectionPool.trackQuery [as executeQuery] (/Users/invoture/dev.local/hey-peter/src/lib/services/database-connection-pool.ts:144:47)
          at DatabasePerformanceMonitor.getDatabaseMetrics (/Users/invoture/dev.local/hey-peter/src/lib/services/database-performance-monitor.ts:147:41)
          at DatabasePerformanceMonitor.analyzePerformance (/Users/invoture/dev.local/hey-peter/src/lib/services/database-performance-monitor.ts:529:23)
          at /Users/invoture/dev.local/hey-peter/src/lib/services/database-performance-monitor.ts:120:9

      174 |       }
      175 |       this.stats.totalErrors++;
    > 176 |       console.error('[DB Pool] Query execution failed:', error);
          |               ^
      177 |       throw error;
      178 |     } finally {
      179 |       if (connection) {

      at DatabaseConnectionPool.error [as executeQuery] (src/lib/services/database-connection-pool.ts:176:15)
      at DatabasePerformanceMonitor.getDatabaseMetrics (src/lib/services/database-performance-monitor.ts:147:41)
      at DatabasePerformanceMonitor.analyzePerformance (src/lib/services/database-performance-monitor.ts:529:23)
      at src/lib/services/database-performance-monitor.ts:120:9

    console.error
      [DB Performance Monitor] Failed to get database metrics: TypeError: _performancemonitor.performanceMonitor.trackQuery is not a function
          at DatabaseConnectionPool.trackQuery [as executeQuery] (/Users/invoture/dev.local/hey-peter/src/lib/services/database-connection-pool.ts:144:47)
          at DatabasePerformanceMonitor.getDatabaseMetrics (/Users/invoture/dev.local/hey-peter/src/lib/services/database-performance-monitor.ts:147:41)
          at DatabasePerformanceMonitor.analyzePerformance (/Users/invoture/dev.local/hey-peter/src/lib/services/database-performance-monitor.ts:529:23)
          at /Users/invoture/dev.local/hey-peter/src/lib/services/database-performance-monitor.ts:120:9

      202 |       return metrics;
      203 |     } catch (error) {
    > 204 |       console.error('[DB Performance Monitor] Failed to get database metrics:', error);
          |               ^
      205 |       throw error;
      206 |     }
      207 |   }

      at DatabasePerformanceMonitor.error [as getDatabaseMetrics] (src/lib/services/database-performance-monitor.ts:204:15)
      at DatabasePerformanceMonitor.analyzePerformance (src/lib/services/database-performance-monitor.ts:529:23)
      at src/lib/services/database-performance-monitor.ts:120:9

    console.error
      [DB Performance Monitor] Failed to analyze performance: TypeError: _performancemonitor.performanceMonitor.trackQuery is not a function
          at DatabaseConnectionPool.trackQuery [as executeQuery] (/Users/invoture/dev.local/hey-peter/src/lib/services/database-connection-pool.ts:144:47)
          at DatabasePerformanceMonitor.getDatabaseMetrics (/Users/invoture/dev.local/hey-peter/src/lib/services/database-performance-monitor.ts:147:41)
          at DatabasePerformanceMonitor.analyzePerformance (/Users/invoture/dev.local/hey-peter/src/lib/services/database-performance-monitor.ts:529:23)
          at /Users/invoture/dev.local/hey-peter/src/lib/services/database-performance-monitor.ts:120:9

      584 |
      585 |     } catch (error) {
    > 586 |       console.error('[DB Performance Monitor] Failed to analyze performance:', error);
          |               ^
      587 |     }
      588 |   }
      589 |

      at DatabasePerformanceMonitor.error [as analyzePerformance] (src/lib/services/database-performance-monitor.ts:586:15)
      at src/lib/services/database-performance-monitor.ts:120:9

    console.error
      [DB Pool] Query execution failed: TypeError: _performancemonitor.performanceMonitor.trackQuery is not a function
          at DatabaseConnectionPool.trackQuery [as executeQuery] (/Users/invoture/dev.local/hey-peter/src/lib/services/database-connection-pool.ts:144:47)
          at DatabasePerformanceMonitor.getDatabaseMetrics (/Users/invoture/dev.local/hey-peter/src/lib/services/database-performance-monitor.ts:147:41)
          at DatabasePerformanceMonitor.generateRecommendations (/Users/invoture/dev.local/hey-peter/src/lib/services/database-performance-monitor.ts:592:23)
          at /Users/invoture/dev.local/hey-peter/src/lib/services/database-performance-monitor.ts:121:9

      174 |       }
      175 |       this.stats.totalErrors++;
    > 176 |       console.error('[DB Pool] Query execution failed:', error);
          |               ^
      177 |       throw error;
      178 |     } finally {
      179 |       if (connection) {

      at DatabaseConnectionPool.error [as executeQuery] (src/lib/services/database-connection-pool.ts:176:15)
      at DatabasePerformanceMonitor.getDatabaseMetrics (src/lib/services/database-performance-monitor.ts:147:41)
      at DatabasePerformanceMonitor.generateRecommendations (src/lib/services/database-performance-monitor.ts:592:23)
      at src/lib/services/database-performance-monitor.ts:121:9

    console.error
      [DB Performance Monitor] Failed to get database metrics: TypeError: _performancemonitor.performanceMonitor.trackQuery is not a function
          at DatabaseConnectionPool.trackQuery [as executeQuery] (/Users/invoture/dev.local/hey-peter/src/lib/services/database-connection-pool.ts:144:47)
          at DatabasePerformanceMonitor.getDatabaseMetrics (/Users/invoture/dev.local/hey-peter/src/lib/services/database-performance-monitor.ts:147:41)
          at DatabasePerformanceMonitor.generateRecommendations (/Users/invoture/dev.local/hey-peter/src/lib/services/database-performance-monitor.ts:592:23)
          at /Users/invoture/dev.local/hey-peter/src/lib/services/database-performance-monitor.ts:121:9

      202 |       return metrics;
      203 |     } catch (error) {
    > 204 |       console.error('[DB Performance Monitor] Failed to get database metrics:', error);
          |               ^
      205 |       throw error;
      206 |     }
      207 |   }

      at DatabasePerformanceMonitor.error [as getDatabaseMetrics] (src/lib/services/database-performance-monitor.ts:204:15)
      at DatabasePerformanceMonitor.generateRecommendations (src/lib/services/database-performance-monitor.ts:592:23)
      at src/lib/services/database-performance-monitor.ts:121:9

    console.error
      [DB Performance Monitor] Failed to generate recommendations: TypeError: _performancemonitor.performanceMonitor.trackQuery is not a function
          at DatabaseConnectionPool.trackQuery [as executeQuery] (/Users/invoture/dev.local/hey-peter/src/lib/services/database-connection-pool.ts:144:47)
          at DatabasePerformanceMonitor.getDatabaseMetrics (/Users/invoture/dev.local/hey-peter/src/lib/services/database-performance-monitor.ts:147:41)
          at DatabasePerformanceMonitor.generateRecommendations (/Users/invoture/dev.local/hey-peter/src/lib/services/database-performance-monitor.ts:592:23)
          at /Users/invoture/dev.local/hey-peter/src/lib/services/database-performance-monitor.ts:121:9

      638 |
      639 |     } catch (error) {
    > 640 |       console.error('[DB Performance Monitor] Failed to generate recommendations:', error);
          |               ^
      641 |     }
      642 |   }
      643 |

      at DatabasePerformanceMonitor.error [as generateRecommendations] (src/lib/services/database-performance-monitor.ts:640:15)
      at src/lib/services/database-performance-monitor.ts:121:9

    console.log
      [DB Performance Monitor] Monitoring stopped

      at DatabasePerformanceMonitor.log [as stopMonitoring] (src/lib/services/database-performance-monitor.ts:138:13)

    console.log
      [DB Performance Monitor] Monitoring stopped

      at DatabasePerformanceMonitor.log [as stopMonitoring] (src/lib/services/database-performance-monitor.ts:138:13)

    console.warn
      Multiple GoTrueClient instances detected in the same browser context. It is not an error, but this should be avoided as it may produce undefined behavior when used concurrently under the same storage key.

      344 |       const supabaseKey = process.env.NEXT_PUBLIC_SUPABASE_ANON_KEY!;
      345 |       
    > 346 |       const client = createClient(supabaseUrl, supabaseKey, {
          |                                  ^
      347 |         auth: {
      348 |           persistSession: false,
      349 |         },

      at new GoTrueClient (node_modules/.pnpm/@supabase+auth-js@2.70.0/node_modules/@supabase/auth-js/src/GoTrueClient.ts:201:15)
      at new SupabaseAuthClient (node_modules/.pnpm/@supabase+supabase-js@2.50.0/node_modules/@supabase/supabase-js/src/lib/SupabaseAuthClient.ts:6:5)
      at SupabaseClient._initSupabaseAuthClient (node_modules/.pnpm/@supabase+supabase-js@2.50.0/node_modules/@supabase/supabase-js/src/SupabaseClient.ts:299:12)
      at new SupabaseClient (node_modules/.pnpm/@supabase+supabase-js@2.50.0/node_modules/@supabase/supabase-js/src/SupabaseClient.ts:102:24)
      at createClient (node_modules/.pnpm/@supabase+supabase-js@2.50.0/node_modules/@supabase/supabase-js/src/index.ts:40:10)
      at DatabaseConnectionPool.createConnection (src/lib/services/database-connection-pool.ts:346:34)
      at DatabaseConnectionPool.createConnection [as initialize] (src/lib/services/database-connection-pool.ts:105:20)
      at Object.initialize (src/lib/services/__tests__/database-optimization.test.ts:467:28)

    console.warn
      Multiple GoTrueClient instances detected in the same browser context. It is not an error, but this should be avoided as it may produce undefined behavior when used concurrently under the same storage key.

      344 |       const supabaseKey = process.env.NEXT_PUBLIC_SUPABASE_ANON_KEY!;
      345 |       
    > 346 |       const client = createClient(supabaseUrl, supabaseKey, {
          |                                  ^
      347 |         auth: {
      348 |           persistSession: false,
      349 |         },

      at new GoTrueClient (node_modules/.pnpm/@supabase+auth-js@2.70.0/node_modules/@supabase/auth-js/src/GoTrueClient.ts:201:15)
      at new SupabaseAuthClient (node_modules/.pnpm/@supabase+supabase-js@2.50.0/node_modules/@supabase/supabase-js/src/lib/SupabaseAuthClient.ts:6:5)
      at SupabaseClient._initSupabaseAuthClient (node_modules/.pnpm/@supabase+supabase-js@2.50.0/node_modules/@supabase/supabase-js/src/SupabaseClient.ts:299:12)
      at new SupabaseClient (node_modules/.pnpm/@supabase+supabase-js@2.50.0/node_modules/@supabase/supabase-js/src/SupabaseClient.ts:102:24)
      at createClient (node_modules/.pnpm/@supabase+supabase-js@2.50.0/node_modules/@supabase/supabase-js/src/index.ts:40:10)
      at DatabaseConnectionPool.createConnection (src/lib/services/database-connection-pool.ts:346:34)
      at DatabaseConnectionPool.createConnection [as initialize] (src/lib/services/database-connection-pool.ts:105:20)
      at Object.<anonymous> (src/lib/services/__tests__/database-optimization.test.ts:467:5)

    console.log
      [DB Pool] Initialized with 4 connections

      at DatabaseConnectionPool.log [as initialize] (src/lib/services/database-connection-pool.ts:112:15)

    console.error
      [DB Pool] Query execution failed: TypeError: _performancemonitor.performanceMonitor.trackQuery is not a function
          at DatabaseConnectionPool.trackQuery [as executeQuery] (/Users/invoture/dev.local/hey-peter/src/lib/services/database-connection-pool.ts:144:47)
          at QueryOptimizationService.executeOptimizedQuery (/Users/invoture/dev.local/hey-peter/src/lib/services/query-optimization-service.ts:119:22)
          at Object.<anonymous> (/Users/invoture/dev.local/hey-peter/src/lib/services/__tests__/database-optimization.test.ts:485:20)

      174 |       }
      175 |       this.stats.totalErrors++;
    > 176 |       console.error('[DB Pool] Query execution failed:', error);
          |               ^
      177 |       throw error;
      178 |     } finally {
      179 |       if (connection) {

      at DatabaseConnectionPool.error [as executeQuery] (src/lib/services/database-connection-pool.ts:176:15)
      at QueryOptimizationService.executeOptimizedQuery (src/lib/services/query-optimization-service.ts:119:22)
      at Object.<anonymous> (src/lib/services/__tests__/database-optimization.test.ts:485:20)

    console.log
      [DB Pool] Shutdown completed

      at DatabaseConnectionPool.log [as shutdown] (src/lib/services/database-connection-pool.ts:336:13)

    console.log
      [DB Performance Monitor] Monitoring stopped

      at DatabasePerformanceMonitor.log [as stopMonitoring] (src/lib/services/database-performance-monitor.ts:138:13)

    console.warn
      Multiple GoTrueClient instances detected in the same browser context. It is not an error, but this should be avoided as it may produce undefined behavior when used concurrently under the same storage key.

      344 |       const supabaseKey = process.env.NEXT_PUBLIC_SUPABASE_ANON_KEY!;
      345 |       
    > 346 |       const client = createClient(supabaseUrl, supabaseKey, {
          |                                  ^
      347 |         auth: {
      348 |           persistSession: false,
      349 |         },

      at new GoTrueClient (node_modules/.pnpm/@supabase+auth-js@2.70.0/node_modules/@supabase/auth-js/src/GoTrueClient.ts:201:15)
      at new SupabaseAuthClient (node_modules/.pnpm/@supabase+supabase-js@2.50.0/node_modules/@supabase/supabase-js/src/lib/SupabaseAuthClient.ts:6:5)
      at SupabaseClient._initSupabaseAuthClient (node_modules/.pnpm/@supabase+supabase-js@2.50.0/node_modules/@supabase/supabase-js/src/SupabaseClient.ts:299:12)
      at new SupabaseClient (node_modules/.pnpm/@supabase+supabase-js@2.50.0/node_modules/@supabase/supabase-js/src/SupabaseClient.ts:102:24)
      at createClient (node_modules/.pnpm/@supabase+supabase-js@2.50.0/node_modules/@supabase/supabase-js/src/index.ts:40:10)
      at DatabaseConnectionPool.createConnection (src/lib/services/database-connection-pool.ts:346:34)
      at DatabaseConnectionPool.createConnection [as initialize] (src/lib/services/database-connection-pool.ts:105:20)
      at Object.initialize (src/lib/services/__tests__/database-optimization.test.ts:467:28)

    console.warn
      Multiple GoTrueClient instances detected in the same browser context. It is not an error, but this should be avoided as it may produce undefined behavior when used concurrently under the same storage key.

      344 |       const supabaseKey = process.env.NEXT_PUBLIC_SUPABASE_ANON_KEY!;
      345 |       
    > 346 |       const client = createClient(supabaseUrl, supabaseKey, {
          |                                  ^
      347 |         auth: {
      348 |           persistSession: false,
      349 |         },

      at new GoTrueClient (node_modules/.pnpm/@supabase+auth-js@2.70.0/node_modules/@supabase/auth-js/src/GoTrueClient.ts:201:15)
      at new SupabaseAuthClient (node_modules/.pnpm/@supabase+supabase-js@2.50.0/node_modules/@supabase/supabase-js/src/lib/SupabaseAuthClient.ts:6:5)
      at SupabaseClient._initSupabaseAuthClient (node_modules/.pnpm/@supabase+supabase-js@2.50.0/node_modules/@supabase/supabase-js/src/SupabaseClient.ts:299:12)
      at new SupabaseClient (node_modules/.pnpm/@supabase+supabase-js@2.50.0/node_modules/@supabase/supabase-js/src/SupabaseClient.ts:102:24)
      at createClient (node_modules/.pnpm/@supabase+supabase-js@2.50.0/node_modules/@supabase/supabase-js/src/index.ts:40:10)
      at DatabaseConnectionPool.createConnection (src/lib/services/database-connection-pool.ts:346:34)
      at DatabaseConnectionPool.createConnection [as initialize] (src/lib/services/database-connection-pool.ts:105:20)
      at Object.<anonymous> (src/lib/services/__tests__/database-optimization.test.ts:467:5)

    console.log
      [DB Pool] Initialized with 2 connections

      at DatabaseConnectionPool.log [as initialize] (src/lib/services/database-connection-pool.ts:112:15)

    console.error
      [DB Pool] Query execution failed: TypeError: _performancemonitor.performanceMonitor.trackQuery is not a function
          at DatabaseConnectionPool.trackQuery [as executeQuery] (/Users/invoture/dev.local/hey-peter/src/lib/services/database-connection-pool.ts:144:47)
          at QueryOptimizationService.executeOptimizedQuery (/Users/invoture/dev.local/hey-peter/src/lib/services/query-optimization-service.ts:119:22)
          at Object.<anonymous> (/Users/invoture/dev.local/hey-peter/src/lib/services/__tests__/database-optimization.test.ts:503:5)

      174 |       }
      175 |       this.stats.totalErrors++;
    > 176 |       console.error('[DB Pool] Query execution failed:', error);
          |               ^
      177 |       throw error;
      178 |     } finally {
      179 |       if (connection) {

      at DatabaseConnectionPool.error [as executeQuery] (src/lib/services/database-connection-pool.ts:176:15)
      at QueryOptimizationService.executeOptimizedQuery (src/lib/services/query-optimization-service.ts:119:22)
      at Object.<anonymous> (src/lib/services/__tests__/database-optimization.test.ts:503:5)

    console.log
      [DB Pool] Shutdown completed

      at DatabaseConnectionPool.log [as shutdown] (src/lib/services/database-connection-pool.ts:336:13)

    console.log
      [DB Performance Monitor] Monitoring stopped

      at DatabasePerformanceMonitor.log [as stopMonitoring] (src/lib/services/database-performance-monitor.ts:138:13)

  ● Database Connection Pool › Connection Management › should acquire and release connections

    TypeError: _performancemonitor.performanceMonitor.trackQuery is not a function

      142 |       
      143 |       // Execute query with performance tracking
    > 144 |       const result = await performanceMonitor.trackQuery(
          |                                               ^
      145 |         `pool.query.${queryFn.name || 'anonymous'}`,
      146 |         async () => {
      147 |           if (!connection) throw new Error('No connection available');

      at DatabaseConnectionPool.trackQuery [as executeQuery] (src/lib/services/database-connection-pool.ts:144:47)
      at Object.<anonymous> (src/lib/services/__tests__/database-optimization.test.ts:52:22)

  ● Database Connection Pool › Connection Management › should handle parallel queries efficiently

    expect(received).toEqual(expected) // deep equality

    Expected: {"data": "result-0", "id": 0}
    Received: null

      76 |       expect(results).toHaveLength(5);
      77 |       results.forEach((result, i) => {
    > 78 |         expect(result).toEqual({ id: i, data: `result-${i}` });
         |                        ^
      79 |       });
      80 |     });
      81 |

      at toEqual (src/lib/services/__tests__/database-optimization.test.ts:78:24)
          at Array.forEach (<anonymous>)
      at Object.forEach (src/lib/services/__tests__/database-optimization.test.ts:77:15)

  ● Database Connection Pool › Connection Management › should handle connection errors gracefully

    expect(received).rejects.toThrow(expected)

    Expected substring: "Test connection error"
    Received message:   "_performancemonitor.performanceMonitor.trackQuery is not a function"

          142 |       
          143 |       // Execute query with performance tracking
        > 144 |       const result = await performanceMonitor.trackQuery(
              |                                               ^
          145 |         `pool.query.${queryFn.name || 'anonymous'}`,
          146 |         async () => {
          147 |           if (!connection) throw new Error('No connection available');

      at DatabaseConnectionPool.trackQuery [as executeQuery] (src/lib/services/database-connection-pool.ts:144:47)
      at Object.<anonymous> (src/lib/services/__tests__/database-optimization.test.ts:85:7)
      at Object.toThrow (node_modules/.pnpm/expect@30.0.2/node_modules/expect/build/index.js:2151:20)
      at Object.toThrow (src/lib/services/__tests__/database-optimization.test.ts:87:19)

  ● Database Connection Pool › Connection Management › should provide accurate connection statistics

    TypeError: _performancemonitor.performanceMonitor.trackQuery is not a function

      142 |       
      143 |       // Execute query with performance tracking
    > 144 |       const result = await performanceMonitor.trackQuery(
          |                                               ^
      145 |         `pool.query.${queryFn.name || 'anonymous'}`,
      146 |         async () => {
      147 |           if (!connection) throw new Error('No connection available');

      at DatabaseConnectionPool.trackQuery [as executeQuery] (src/lib/services/database-connection-pool.ts:144:47)
      at Object.<anonymous> (src/lib/services/__tests__/database-optimization.test.ts:101:7)

  ● Database Connection Pool › Connection Pool Health › should support cache operations

    TypeError: _performancemonitor.performanceMonitor.trackQuery is not a function

      142 |       
      143 |       // Execute query with performance tracking
    > 144 |       const result = await performanceMonitor.trackQuery(
          |                                               ^
      145 |         `pool.query.${queryFn.name || 'anonymous'}`,
      146 |         async () => {
      147 |           if (!connection) throw new Error('No connection available');

      at DatabaseConnectionPool.trackQuery [as executeQuery] (src/lib/services/database-connection-pool.ts:144:47)
      at Object.<anonymous> (src/lib/services/__tests__/database-optimization.test.ts:133:23)

  ● Query Optimization Service › Query Optimization › should handle cache operations correctly

    expect(received).toBe(expected) // Object.is equality

    Expected: true
    Received: false

      283 |       });
      284 |
    > 285 |       expect(result2.metrics.cacheHit).toBe(true);
          |                                        ^
      286 |     });
      287 |   });
      288 |

      at Object.toBe (src/lib/services/__tests__/database-optimization.test.ts:285:40)

  ● Query Optimization Service › Analytics Views › should refresh materialized views

    expect(received).toBe(expected) // Object.is equality

    Expected: true
    Received: false

      293 |       const result = await queryOptimizationService.refreshAnalyticsViews();
      294 |       
    > 295 |       expect(result.success).toBe(true);
          |                              ^
      296 |       expect(result.refreshedViews).toContain('mv_student_performance_summary');
      297 |       expect(result.refreshedViews).toContain('mv_teacher_utilization_summary');
      298 |       expect(result.refreshedViews).toContain('mv_daily_analytics_summary');

      at Object.toBe (src/lib/services/__tests__/database-optimization.test.ts:295:30)

  ● Database Performance Monitor › Performance Monitoring › should collect database metrics successfully

    TypeError: _performancemonitor.performanceMonitor.trackQuery is not a function

      142 |       
      143 |       // Execute query with performance tracking
    > 144 |       const result = await performanceMonitor.trackQuery(
          |                                               ^
      145 |         `pool.query.${queryFn.name || 'anonymous'}`,
      146 |         async () => {
      147 |           if (!connection) throw new Error('No connection available');

      at DatabaseConnectionPool.trackQuery [as executeQuery] (src/lib/services/database-connection-pool.ts:144:47)
      at DatabasePerformanceMonitor.getDatabaseMetrics (src/lib/services/database-performance-monitor.ts:147:41)
      at Object.<anonymous> (src/lib/services/__tests__/database-optimization.test.ts:360:23)

  ● Database Performance Monitor › Performance Monitoring › should generate comprehensive performance reports

    TypeError: _performancemonitor.performanceMonitor.trackQuery is not a function

      142 |       
      143 |       // Execute query with performance tracking
    > 144 |       const result = await performanceMonitor.trackQuery(
          |                                               ^
      145 |         `pool.query.${queryFn.name || 'anonymous'}`,
      146 |         async () => {
      147 |           if (!connection) throw new Error('No connection available');

      at DatabaseConnectionPool.trackQuery [as executeQuery] (src/lib/services/database-connection-pool.ts:144:47)
      at DatabasePerformanceMonitor.getDatabaseMetrics (src/lib/services/database-performance-monitor.ts:147:41)
      at DatabasePerformanceMonitor.generatePerformanceReport (src/lib/services/database-performance-monitor.ts:445:21)
      at Object.<anonymous> (src/lib/services/__tests__/database-optimization.test.ts:402:22)

PASS src/components/student/__tests__/StudentClassBooking.test.tsx
PASS src/components/student/__tests__/StudentCourseEnrollment.test.tsx
PASS src/lib/services/__tests__/email-service-simple.test.ts
  ● Console

    console.error
      Email sending failed: Error: Template processing failed
          at SimpleEmailService.<anonymous> (/Users/invoture/dev.local/hey-peter/src/lib/services/__tests__/email-service-simple.test.ts:351:15)
          at /Users/invoture/dev.local/hey-peter/node_modules/.pnpm/jest-mock@30.0.2/node_modules/jest-mock/build/index.js:305:39
          at SimpleEmailService.<anonymous> (/Users/invoture/dev.local/hey-peter/node_modules/.pnpm/jest-mock@30.0.2/node_modules/jest-mock/build/index.js:312:13)
          at SimpleEmailService.mockConstructor (/Users/invoture/dev.local/hey-peter/node_modules/.pnpm/jest-mock@30.0.2/node_modules/jest-mock/build/index.js:102:19)
          at SimpleEmailService.processTemplate [as sendEmail] (/Users/invoture/dev.local/hey-peter/src/lib/services/email-service-simple.ts:220:30)
          at Object.sendEmail (/Users/invoture/dev.local/hey-peter/src/lib/services/__tests__/email-service-simple.test.ts:354:41)
          at Promise.finally.completed (/Users/invoture/dev.local/hey-peter/node_modules/.pnpm/jest-circus@30.0.2/node_modules/jest-circus/build/jestAdapterInit.js:1559:28)
          at new Promise (<anonymous>)
          at callAsyncCircusFn (/Users/invoture/dev.local/hey-peter/node_modules/.pnpm/jest-circus@30.0.2/node_modules/jest-circus/build/jestAdapterInit.js:1499:10)
          at _callCircusTest (/Users/invoture/dev.local/hey-peter/node_modules/.pnpm/jest-circus@30.0.2/node_modules/jest-circus/build/jestAdapterInit.js:1009:40)
          at processTicksAndRejections (node:internal/process/task_queues:95:5)
          at _runTest (/Users/invoture/dev.local/hey-peter/node_modules/.pnpm/jest-circus@30.0.2/node_modules/jest-circus/build/jestAdapterInit.js:949:3)
          at _runTestsForDescribeBlock (/Users/invoture/dev.local/hey-peter/node_modules/.pnpm/jest-circus@30.0.2/node_modules/jest-circus/build/jestAdapterInit.js:839:13)
          at _runTestsForDescribeBlock (/Users/invoture/dev.local/hey-peter/node_modules/.pnpm/jest-circus@30.0.2/node_modules/jest-circus/build/jestAdapterInit.js:829:11)
          at _runTestsForDescribeBlock (/Users/invoture/dev.local/hey-peter/node_modules/.pnpm/jest-circus@30.0.2/node_modules/jest-circus/build/jestAdapterInit.js:829:11)
          at run (/Users/invoture/dev.local/hey-peter/node_modules/.pnpm/jest-circus@30.0.2/node_modules/jest-circus/build/jestAdapterInit.js:757:3)
          at runAndTransformResultsToJestFormat (/Users/invoture/dev.local/hey-peter/node_modules/.pnpm/jest-circus@30.0.2/node_modules/jest-circus/build/jestAdapterInit.js:1920:21)
          at jestAdapter (/Users/invoture/dev.local/hey-peter/node_modules/.pnpm/jest-circus@30.0.2/node_modules/jest-circus/build/runner.js:101:19)
          at runTestInternal (/Users/invoture/dev.local/hey-peter/node_modules/.pnpm/jest-runner@30.0.2/node_modules/jest-runner/build/testWorker.js:272:16)
          at runTest (/Users/invoture/dev.local/hey-peter/node_modules/.pnpm/jest-runner@30.0.2/node_modules/jest-runner/build/testWorker.js:340:7)
          at Object.worker (/Users/invoture/dev.local/hey-peter/node_modules/.pnpm/jest-runner@30.0.2/node_modules/jest-runner/build/testWorker.js:494:12)

      245 |       return result;
      246 |     } catch (error) {
    > 247 |       console.error('Email sending failed:', error);
          |               ^
      248 |       const result: EmailResult = {
      249 |         id: crypto.randomUUID(),
      250 |         status: EmailStatus.FAILED,

      at SimpleEmailService.error [as sendEmail] (src/lib/services/email-service-simple.ts:247:15)
      at Object.sendEmail (src/lib/services/__tests__/email-service-simple.test.ts:354:41)

FAIL src/components/admin/__tests__/StudentInformationManager.test.tsx
  ● StudentInformationManager › should display search and filter controls

    TestingLibraryElementError: Unable to find an element with the display value: All Statuses.

    Ignored nodes: comments, script, style
    [36m<body>[39m
      [36m<div>[39m
        [36m<div[39m
          [33mclass[39m=[32m"space-y-6"[39m
        [36m>[39m
          [36m<div[39m
            [33mclass[39m=[32m"flex flex-col gap-4 md:flex-row md:items-center md:justify-between"[39m
          [36m>[39m
            [36m<div>[39m
              [36m<h1[39m
                [33mclass[39m=[32m"text-3xl font-bold"[39m
              [36m>[39m
                [0mStudent Information Management[0m
              [36m</h1>[39m
              [36m<p[39m
                [33mclass[39m=[32m"text-muted-foreground"[39m
              [36m>[39m
                [0mManage student profiles, course information, and tracking data[0m
              [36m</p>[39m
            [36m</div>[39m
            [36m<div[39m
              [33mclass[39m=[32m"flex items-center gap-2"[39m
            [36m>[39m
              [36m<button[39m
                [33mclass[39m=[32m"inline-flex items-center justify-center gap-2 whitespace-nowrap rounded-md text-sm font-medium transition-all disabled:pointer-events-none disabled:opacity-50 [&_svg]:pointer-events-none [&_svg:not([class*='size-'])]:size-4 shrink-0 [&_svg]:shrink-0 outline-none focus-visible:border-ring focus-visible:ring-ring/50 focus-visible:ring-[3px] aria-invalid:ring-destructive/20 dark:aria-invalid:ring-destructive/40 aria-invalid:border-destructive border bg-background shadow-xs hover:bg-accent hover:text-accent-foreground dark:bg-input/30 dark:border-input dark:hover:bg-input/50 h-9 px-4 py-2 has-[>svg]:px-3"[39m
                [33mdata-slot[39m=[32m"button"[39m
              [36m>[39m
                [36m<div[39m
                  [33mdata-testid[39m=[32m"download-icon"[39m
                [36m>[39m
                  [0mDownload[0m
                [36m</div>[39m
                [0mExport[0m
              [36m</button>[39m
              [36m<button[39m
                [33mclass[39m=[32m"inline-flex items-center justify-center gap-2 whitespace-nowrap rounded-md text-sm font-medium transition-all disabled:pointer-events-none disabled:opacity-50 [&_svg]:pointer-events-none [&_svg:not([class*='size-'])]:size-4 shrink-0 [&_svg]:shrink-0 outline-none focus-visible:border-ring focus-visible:ring-ring/50 focus-visible:ring-[3px] aria-invalid:ring-destructive/20 dark:aria-invalid:ring-destructive/40 aria-invalid:border-destructive border bg-background shadow-xs hover:bg-accent hover:text-accent-foreground dark:bg-input/30 dark:border-input dark:hover:bg-input/50 h-9 px-4 py-2 has-[>svg]:px-3"[39m
                [33mdata-slot[39m=[32m"button"[39m
              [36m>[39m
                [36m<div[39m
                  [33mdata-testid[39m=[32m"upload-icon"[39m
                [36m>[39m
                  [0mUpload[0m
                [36m</div>[39m
                [0mImport[0m
              [36m</button>[39m
              [36m<button[39m
                [33mclass[39m=[32m"inline-flex items-center justify-center gap-2 whitespace-nowrap rounded-md text-sm font-medium transition-all disabled:pointer-events-none disabled:opacity-50 [&_svg]:pointer-events-none [&_svg:not([class*='size-'])]:size-4 shrink-0 [&_svg]:shrink-0 outline-none focus-visible:border-ring focus-visible:ring-ring/50 focus-visible:ring-[3px] aria-invalid:ring-destructive/20 dark:aria-invalid:ring-destructive/40 aria-invalid:border-destructive bg-primary text-primary-foreground shadow-xs hover:bg-primary/90 h-9 px-4 py-2 has-[>svg]:px-3"[39m
                [33mdata-slot[39m=[32m"button"[39m
              [36m>[39m
                [36m<div[39m
                  [33mdata-testid[39m=[32m"user-plus-icon"[39m
                [36m>[39m
                  [0mUserPlus[0m
                [36m</div>[39m
                [0mAdd Student[0m
              [36m</button>[39m
            [36m</div>[39m
          [36m</div>[39m
          [36m<div[39m
            [33mclass[39m=[32m"grid gap-4 md:grid-cols-2 lg:grid-cols-4"[39m
          [36m>[39m
            [36m<div[39m
              [33mclass[39m=[32m"bg-card text-card-foreground flex flex-col gap-6 rounded-xl border py-6 shadow-sm"[39m
              [33mdata-slot[39m=[32m"card"[39m
            [36m>[39m
              [36m<div[39m
                [33mclass[39m=[32m"@container/card-header grid auto-rows-min grid-rows-[auto_auto] items-start gap-1.5 px-6 has-data-[slot=card-action]:grid-cols-[1fr_auto] [.border-b]:pb-6 pb-3"[39m
                [33mdata-slot[39m=[32m"card-header"[39m
              [36m>[39m
                [36m<div[39m
                  [33mclass[39m=[32m"text-sm font-medium flex items-center gap-2"[39m
                  [33mdata-slot[39m=[32m"card-title"[39m
                [36m>[39m
                  [36m<div[39m
                    [33mdata-testid[39m=[32m"users-icon"[39m
                  [36m>[39m
                    [0mUsers[0m
                  [36m</div>[39m
                  [0mTotal Students[0m
                [36m</div>[39m
              [36m</div>[39m
              [36m<div[39m
                [33mclass[39m=[32m"px-6"[39m
                [33mdata-slot[39m=[32m"card-content"[39m
              [36m>[39m
                [36m<div[39m
                  [33mclass[39m=[32m"text-2xl font-bold"[39m
                [36m>[39m
                  [0m2[0m
                [36m</div>[39m
                [36m<p[39m
                  [33mclass[39m=[32m"text-xs text-muted-foreground"[39m
                [36m>[39m
                  [0m+12% from last month[0m
                [36m</p>[39m
              [36m</div>[39m
            [36m</div>[39m
            [36m<div[39m
              [33mclass[39m=[32m"bg-card text-card-foreground flex flex-col gap-6 rounded-xl border py-6 shadow-sm"[39m
              [33mdata-slot[39m=[32m"card"[39m
            [36m>[39m
              [36m<div[39m
                [33mclass[39m=[32m"@container/card-header grid auto-rows-min grid-rows-[auto_auto] items-start gap-1.5 px-6 has-data-[slot=card-action]:grid-cols-[1fr_auto] [.border-b]:pb-6 pb-3"[39m
                [33mdata-slot[39m=[32m"card-header"[39m
              [36m>[39m
                [36m<div[39m
                  [33mclass[39m=[32m"text-sm font-medium flex items-center gap-2"[39m
                  [33mdata-slot[39m=[32m"card-title"[39m
                [36m>[39m
                  [36m<div[39m
                    [33mdata-testid[39m=[32m"trending-up-icon"[39m
                  [36m>[39m
                    [0mTrendingUp[0m
                  [36m</div>[39m
                  [0mActive Students[0m
                [36m</div>[39m
              [36m</div>[39m
              [36m<div[39m
                [33mclass[39m=[32m"px-6"[39m
                [33mdata-slot[39m=[32m"card-content"[39m
              [36m>[39m
                [36m<div[39m
                  [33mclass[39m=[32m"text-2xl font-bold"[39m
                [36m>[39m
                  [0m2[0m
                [36m</div>[39m
                [36m<p[39m
                  [33mclass[39m=[32m"text-xs text-muted-foreground"[39m
                [36m>[39m
                  [0m100.0[0m
                  [0m% of total[0m
                [36m</p>[39m
              [36m</div>[39m
            [36m</div>[39m
            [36m<div[39m
              [33mclass[39m=[32m"bg-car...

      77 |     
      78 |     expect(screen.getByPlaceholderText('Search students by name, email, ID...')).toBeInTheDocument();
    > 79 |     expect(screen.getByDisplayValue('All Statuses')).toBeInTheDocument();
         |                   ^
      80 |     expect(screen.getByDisplayValue('All Courses')).toBeInTheDocument();
      81 |   });
      82 |

      at Object.getElementError (node_modules/.pnpm/@testing-library+dom@10.4.0/node_modules/@testing-library/dom/dist/config.js:37:19)
      at node_modules/.pnpm/@testing-library+dom@10.4.0/node_modules/@testing-library/dom/dist/query-helpers.js:76:38
      at node_modules/.pnpm/@testing-library+dom@10.4.0/node_modules/@testing-library/dom/dist/query-helpers.js:52:17
      at node_modules/.pnpm/@testing-library+dom@10.4.0/node_modules/@testing-library/dom/dist/query-helpers.js:95:19
      at Object.getByDisplayValue (src/components/admin/__tests__/StudentInformationManager.test.tsx:79:19)

  ● StudentInformationManager › should display mock students data

    TestingLibraryElementError: Unable to find an element with the text: Ahmad Rahman. This could be because the text is broken up by multiple elements. In this case, you can provide a function for your text matcher to make your matcher more flexible.

    Ignored nodes: comments, script, style
    [36m<body>[39m
      [36m<div>[39m
        [36m<div[39m
          [33mclass[39m=[32m"space-y-6"[39m
        [36m>[39m
          [36m<div[39m
            [33mclass[39m=[32m"flex flex-col gap-4 md:flex-row md:items-center md:justify-between"[39m
          [36m>[39m
            [36m<div>[39m
              [36m<h1[39m
                [33mclass[39m=[32m"text-3xl font-bold"[39m
              [36m>[39m
                [0mStudent Information Management[0m
              [36m</h1>[39m
              [36m<p[39m
                [33mclass[39m=[32m"text-muted-foreground"[39m
              [36m>[39m
                [0mManage student profiles, course information, and tracking data[0m
              [36m</p>[39m
            [36m</div>[39m
            [36m<div[39m
              [33mclass[39m=[32m"flex items-center gap-2"[39m
            [36m>[39m
              [36m<button[39m
                [33mclass[39m=[32m"inline-flex items-center justify-center gap-2 whitespace-nowrap rounded-md text-sm font-medium transition-all disabled:pointer-events-none disabled:opacity-50 [&_svg]:pointer-events-none [&_svg:not([class*='size-'])]:size-4 shrink-0 [&_svg]:shrink-0 outline-none focus-visible:border-ring focus-visible:ring-ring/50 focus-visible:ring-[3px] aria-invalid:ring-destructive/20 dark:aria-invalid:ring-destructive/40 aria-invalid:border-destructive border bg-background shadow-xs hover:bg-accent hover:text-accent-foreground dark:bg-input/30 dark:border-input dark:hover:bg-input/50 h-9 px-4 py-2 has-[>svg]:px-3"[39m
                [33mdata-slot[39m=[32m"button"[39m
              [36m>[39m
                [36m<div[39m
                  [33mdata-testid[39m=[32m"download-icon"[39m
                [36m>[39m
                  [0mDownload[0m
                [36m</div>[39m
                [0mExport[0m
              [36m</button>[39m
              [36m<button[39m
                [33mclass[39m=[32m"inline-flex items-center justify-center gap-2 whitespace-nowrap rounded-md text-sm font-medium transition-all disabled:pointer-events-none disabled:opacity-50 [&_svg]:pointer-events-none [&_svg:not([class*='size-'])]:size-4 shrink-0 [&_svg]:shrink-0 outline-none focus-visible:border-ring focus-visible:ring-ring/50 focus-visible:ring-[3px] aria-invalid:ring-destructive/20 dark:aria-invalid:ring-destructive/40 aria-invalid:border-destructive border bg-background shadow-xs hover:bg-accent hover:text-accent-foreground dark:bg-input/30 dark:border-input dark:hover:bg-input/50 h-9 px-4 py-2 has-[>svg]:px-3"[39m
                [33mdata-slot[39m=[32m"button"[39m
              [36m>[39m
                [36m<div[39m
                  [33mdata-testid[39m=[32m"upload-icon"[39m
                [36m>[39m
                  [0mUpload[0m
                [36m</div>[39m
                [0mImport[0m
              [36m</button>[39m
              [36m<button[39m
                [33mclass[39m=[32m"inline-flex items-center justify-center gap-2 whitespace-nowrap rounded-md text-sm font-medium transition-all disabled:pointer-events-none disabled:opacity-50 [&_svg]:pointer-events-none [&_svg:not([class*='size-'])]:size-4 shrink-0 [&_svg]:shrink-0 outline-none focus-visible:border-ring focus-visible:ring-ring/50 focus-visible:ring-[3px] aria-invalid:ring-destructive/20 dark:aria-invalid:ring-destructive/40 aria-invalid:border-destructive bg-primary text-primary-foreground shadow-xs hover:bg-primary/90 h-9 px-4 py-2 has-[>svg]:px-3"[39m
                [33mdata-slot[39m=[32m"button"[39m
              [36m>[39m
                [36m<div[39m
                  [33mdata-testid[39m=[32m"user-plus-icon"[39m
                [36m>[39m
                  [0mUserPlus[0m
                [36m</div>[39m
                [0mAdd Student[0m
              [36m</button>[39m
            [36m</div>[39m
          [36m</div>[39m
          [36m<div[39m
            [33mclass[39m=[32m"grid gap-4 md:grid-cols-2 lg:grid-cols-4"[39m
          [36m>[39m
            [36m<div[39m
              [33mclass[39m=[32m"bg-card text-card-foreground flex flex-col gap-6 rounded-xl border py-6 shadow-sm"[39m
              [33mdata-slot[39m=[32m"card"[39m
            [36m>[39m
              [36m<div[39m
                [33mclass[39m=[32m"@container/card-header grid auto-rows-min grid-rows-[auto_auto] items-start gap-1.5 px-6 has-data-[slot=card-action]:grid-cols-[1fr_auto] [.border-b]:pb-6 pb-3"[39m
                [33mdata-slot[39m=[32m"card-header"[39m
              [36m>[39m
                [36m<div[39m
                  [33mclass[39m=[32m"text-sm font-medium flex items-center gap-2"[39m
                  [33mdata-slot[39m=[32m"card-title"[39m
                [36m>[39m
                  [36m<div[39m
                    [33mdata-testid[39m=[32m"users-icon"[39m
                  [36m>[39m
                    [0mUsers[0m
                  [36m</div>[39m
                  [0mTotal Students[0m
                [36m</div>[39m
              [36m</div>[39m
              [36m<div[39m
                [33mclass[39m=[32m"px-6"[39m
                [33mdata-slot[39m=[32m"card-content"[39m
              [36m>[39m
                [36m<div[39m
                  [33mclass[39m=[32m"text-2xl font-bold"[39m
                [36m>[39m
                  [0m2[0m
                [36m</div>[39m
                [36m<p[39m
                  [33mclass[39m=[32m"text-xs text-muted-foreground"[39m
                [36m>[39m
                  [0m+12% from last month[0m
                [36m</p>[39m
              [36m</div>[39m
            [36m</div>[39m
            [36m<div[39m
              [33mclass[39m=[32m"bg-card text-card-foreground flex flex-col gap-6 rounded-xl border py-6 shadow-sm"[39m
              [33mdata-slot[39m=[32m"card"[39m
            [36m>[39m
              [36m<div[39m
                [33mclass[39m=[32m"@container/card-header grid auto-rows-min grid-rows-[auto_auto] items-start gap-1.5 px-6 has-data-[slot=card-action]:grid-cols-[1fr_auto] [.border-b]:pb-6 pb-3"[39m
                [33mdata-slot[39m=[32m"card-header"[39m
              [36m>[39m
                [36m<div[39m
                  [33mclass[39m=[32m"text-sm font-medium flex items-center gap-2"[39m
                  [33mdata-slot[39m=[32m"card-title"[39m
                [36m>[39m
                  [36m<div[39m
                    [33mdata-testid[39m=[32m"trending-up-icon"[39m
                  [36m>[39m
                    [0mTrendingUp[0m
                  [36m</div>[39m
                  [0mActive Students[0m
                [36m</div>[39m
              [36m</div>[39m
              [36m<div[39m
                [33mclass[39m=[32m"px-6"[39m
                [33mdata-slot[39m=[32m"card-content"[39m
              [36m>[39m
                [36m<div[39m
                  [33mclass[39m=[32m"text-2xl font-bold"[39m
                [36m>[39m
                  [0m2[0m
                [36m</div>[39m
                [36m<p[39m
                  [33mclass[39m=[32m"text-xs text-muted-foreground"[39m
                [36m>[39m
                  [0m100.0[0m
                  [0m% of total[0m
                [36m</p>[39m
              [36m</div>[39m
            [36m</div>[39m
            [36m<div[39m
              [33mclass[39m=[32m"bg-car...

      104 |     render(<StudentInformationManager {...defaultProps} />);
      105 |     
    > 106 |     expect(screen.getByText('Ahmad Rahman')).toBeInTheDocument();
          |                   ^
      107 |     expect(screen.getByText('Lim Wei Ming')).toBeInTheDocument();
      108 |     expect(screen.getByText('HPA001')).toBeInTheDocument();
      109 |     expect(screen.getByText('HPA002')).toBeInTheDocument();

      at Object.getElementError (node_modules/.pnpm/@testing-library+dom@10.4.0/node_modules/@testing-library/dom/dist/config.js:37:19)
      at node_modules/.pnpm/@testing-library+dom@10.4.0/node_modules/@testing-library/dom/dist/query-helpers.js:76:38
      at node_modules/.pnpm/@testing-library+dom@10.4.0/node_modules/@testing-library/dom/dist/query-helpers.js:52:17
      at node_modules/.pnpm/@testing-library+dom@10.4.0/node_modules/@testing-library/dom/dist/query-helpers.js:95:19
      at Object.getByText (src/components/admin/__tests__/StudentInformationManager.test.tsx:106:19)

  ● StudentInformationManager › should handle search functionality

    TestingLibraryElementError: Unable to find an element with the text: Ahmad Rahman. This could be because the text is broken up by multiple elements. In this case, you can provide a function for your text matcher to make your matcher more flexible.

    Ignored nodes: comments, script, style
    [36m<body>[39m
      [36m<div>[39m
        [36m<div[39m
          [33mclass[39m=[32m"space-y-6"[39m
        [36m>[39m
          [36m<div[39m
            [33mclass[39m=[32m"flex flex-col gap-4 md:flex-row md:items-center md:justify-between"[39m
          [36m>[39m
            [36m<div>[39m
              [36m<h1[39m
                [33mclass[39m=[32m"text-3xl font-bold"[39m
              [36m>[39m
                [0mStudent Information Management[0m
              [36m</h1>[39m
              [36m<p[39m
                [33mclass[39m=[32m"text-muted-foreground"[39m
              [36m>[39m
                [0mManage student profiles, course information, and tracking data[0m
              [36m</p>[39m
            [36m</div>[39m
            [36m<div[39m
              [33mclass[39m=[32m"flex items-center gap-2"[39m
            [36m>[39m
              [36m<button[39m
                [33mclass[39m=[32m"inline-flex items-center justify-center gap-2 whitespace-nowrap rounded-md text-sm font-medium transition-all disabled:pointer-events-none disabled:opacity-50 [&_svg]:pointer-events-none [&_svg:not([class*='size-'])]:size-4 shrink-0 [&_svg]:shrink-0 outline-none focus-visible:border-ring focus-visible:ring-ring/50 focus-visible:ring-[3px] aria-invalid:ring-destructive/20 dark:aria-invalid:ring-destructive/40 aria-invalid:border-destructive border bg-background shadow-xs hover:bg-accent hover:text-accent-foreground dark:bg-input/30 dark:border-input dark:hover:bg-input/50 h-9 px-4 py-2 has-[>svg]:px-3"[39m
                [33mdata-slot[39m=[32m"button"[39m
              [36m>[39m
                [36m<div[39m
                  [33mdata-testid[39m=[32m"download-icon"[39m
                [36m>[39m
                  [0mDownload[0m
                [36m</div>[39m
                [0mExport[0m
              [36m</button>[39m
              [36m<button[39m
                [33mclass[39m=[32m"inline-flex items-center justify-center gap-2 whitespace-nowrap rounded-md text-sm font-medium transition-all disabled:pointer-events-none disabled:opacity-50 [&_svg]:pointer-events-none [&_svg:not([class*='size-'])]:size-4 shrink-0 [&_svg]:shrink-0 outline-none focus-visible:border-ring focus-visible:ring-ring/50 focus-visible:ring-[3px] aria-invalid:ring-destructive/20 dark:aria-invalid:ring-destructive/40 aria-invalid:border-destructive border bg-background shadow-xs hover:bg-accent hover:text-accent-foreground dark:bg-input/30 dark:border-input dark:hover:bg-input/50 h-9 px-4 py-2 has-[>svg]:px-3"[39m
                [33mdata-slot[39m=[32m"button"[39m
              [36m>[39m
                [36m<div[39m
                  [33mdata-testid[39m=[32m"upload-icon"[39m
                [36m>[39m
                  [0mUpload[0m
                [36m</div>[39m
                [0mImport[0m
              [36m</button>[39m
              [36m<button[39m
                [33mclass[39m=[32m"inline-flex items-center justify-center gap-2 whitespace-nowrap rounded-md text-sm font-medium transition-all disabled:pointer-events-none disabled:opacity-50 [&_svg]:pointer-events-none [&_svg:not([class*='size-'])]:size-4 shrink-0 [&_svg]:shrink-0 outline-none focus-visible:border-ring focus-visible:ring-ring/50 focus-visible:ring-[3px] aria-invalid:ring-destructive/20 dark:aria-invalid:ring-destructive/40 aria-invalid:border-destructive bg-primary text-primary-foreground shadow-xs hover:bg-primary/90 h-9 px-4 py-2 has-[>svg]:px-3"[39m
                [33mdata-slot[39m=[32m"button"[39m
              [36m>[39m
                [36m<div[39m
                  [33mdata-testid[39m=[32m"user-plus-icon"[39m
                [36m>[39m
                  [0mUserPlus[0m
                [36m</div>[39m
                [0mAdd Student[0m
              [36m</button>[39m
            [36m</div>[39m
          [36m</div>[39m
          [36m<div[39m
            [33mclass[39m=[32m"grid gap-4 md:grid-cols-2 lg:grid-cols-4"[39m
          [36m>[39m
            [36m<div[39m
              [33mclass[39m=[32m"bg-card text-card-foreground flex flex-col gap-6 rounded-xl border py-6 shadow-sm"[39m
              [33mdata-slot[39m=[32m"card"[39m
            [36m>[39m
              [36m<div[39m
                [33mclass[39m=[32m"@container/card-header grid auto-rows-min grid-rows-[auto_auto] items-start gap-1.5 px-6 has-data-[slot=card-action]:grid-cols-[1fr_auto] [.border-b]:pb-6 pb-3"[39m
                [33mdata-slot[39m=[32m"card-header"[39m
              [36m>[39m
                [36m<div[39m
                  [33mclass[39m=[32m"text-sm font-medium flex items-center gap-2"[39m
                  [33mdata-slot[39m=[32m"card-title"[39m
                [36m>[39m
                  [36m<div[39m
                    [33mdata-testid[39m=[32m"users-icon"[39m
                  [36m>[39m
                    [0mUsers[0m
                  [36m</div>[39m
                  [0mTotal Students[0m
                [36m</div>[39m
              [36m</div>[39m
              [36m<div[39m
                [33mclass[39m=[32m"px-6"[39m
                [33mdata-slot[39m=[32m"card-content"[39m
              [36m>[39m
                [36m<div[39m
                  [33mclass[39m=[32m"text-2xl font-bold"[39m
                [36m>[39m
                  [0m2[0m
                [36m</div>[39m
                [36m<p[39m
                  [33mclass[39m=[32m"text-xs text-muted-foreground"[39m
                [36m>[39m
                  [0m+12% from last month[0m
                [36m</p>[39m
              [36m</div>[39m
            [36m</div>[39m
            [36m<div[39m
              [33mclass[39m=[32m"bg-card text-card-foreground flex flex-col gap-6 rounded-xl border py-6 shadow-sm"[39m
              [33mdata-slot[39m=[32m"card"[39m
            [36m>[39m
              [36m<div[39m
                [33mclass[39m=[32m"@container/card-header grid auto-rows-min grid-rows-[auto_auto] items-start gap-1.5 px-6 has-data-[slot=card-action]:grid-cols-[1fr_auto] [.border-b]:pb-6 pb-3"[39m
                [33mdata-slot[39m=[32m"card-header"[39m
              [36m>[39m
                [36m<div[39m
                  [33mclass[39m=[32m"text-sm font-medium flex items-center gap-2"[39m
                  [33mdata-slot[39m=[32m"card-title"[39m
                [36m>[39m
                  [36m<div[39m
                    [33mdata-testid[39m=[32m"trending-up-icon"[39m
                  [36m>[39m
                    [0mTrendingUp[0m
                  [36m</div>[39m
                  [0mActive Students[0m
                [36m</div>[39m
              [36m</div>[39m
              [36m<div[39m
                [33mclass[39m=[32m"px-6"[39m
                [33mdata-slot[39m=[32m"card-content"[39m
              [36m>[39m
                [36m<div[39m
                  [33mclass[39m=[32m"text-2xl font-bold"[39m
                [36m>[39m
                  [0m2[0m
                [36m</div>[39m
                [36m<p[39m
                  [33mclass[39m=[32m"text-xs text-muted-foreground"[39m
                [36m>[39m
                  [0m100.0[0m
                  [0m% of total[0m
                [36m</p>[39m
              [36m</div>[39m
            [36m</div>[39m
            [36m<div[39m
              [33mclass[39m=[32m"bg-car...

      118 |     fireEvent.change(searchInput, { target: { value: 'Ahmad' } });
      119 |     
    > 120 |     expect(screen.getByText('Ahmad Rahman')).toBeInTheDocument();
          |                   ^
      121 |     expect(screen.queryByText('Lim Wei Ming')).not.toBeInTheDocument();
      122 |   });
      123 |

      at Object.getElementError (node_modules/.pnpm/@testing-library+dom@10.4.0/node_modules/@testing-library/dom/dist/config.js:37:19)
      at node_modules/.pnpm/@testing-library+dom@10.4.0/node_modules/@testing-library/dom/dist/query-helpers.js:76:38
      at node_modules/.pnpm/@testing-library+dom@10.4.0/node_modules/@testing-library/dom/dist/query-helpers.js:52:17
      at node_modules/.pnpm/@testing-library+dom@10.4.0/node_modules/@testing-library/dom/dist/query-helpers.js:95:19
      at Object.getByText (src/components/admin/__tests__/StudentInformationManager.test.tsx:120:19)

  ● StudentInformationManager › should handle status filtering

    TestingLibraryElementError: Unable to find an element with the display value: All Statuses.

    Ignored nodes: comments, script, style
    [36m<body>[39m
      [36m<div>[39m
        [36m<div[39m
          [33mclass[39m=[32m"space-y-6"[39m
        [36m>[39m
          [36m<div[39m
            [33mclass[39m=[32m"flex flex-col gap-4 md:flex-row md:items-center md:justify-between"[39m
          [36m>[39m
            [36m<div>[39m
              [36m<h1[39m
                [33mclass[39m=[32m"text-3xl font-bold"[39m
              [36m>[39m
                [0mStudent Information Management[0m
              [36m</h1>[39m
              [36m<p[39m
                [33mclass[39m=[32m"text-muted-foreground"[39m
              [36m>[39m
                [0mManage student profiles, course information, and tracking data[0m
              [36m</p>[39m
            [36m</div>[39m
            [36m<div[39m
              [33mclass[39m=[32m"flex items-center gap-2"[39m
            [36m>[39m
              [36m<button[39m
                [33mclass[39m=[32m"inline-flex items-center justify-center gap-2 whitespace-nowrap rounded-md text-sm font-medium transition-all disabled:pointer-events-none disabled:opacity-50 [&_svg]:pointer-events-none [&_svg:not([class*='size-'])]:size-4 shrink-0 [&_svg]:shrink-0 outline-none focus-visible:border-ring focus-visible:ring-ring/50 focus-visible:ring-[3px] aria-invalid:ring-destructive/20 dark:aria-invalid:ring-destructive/40 aria-invalid:border-destructive border bg-background shadow-xs hover:bg-accent hover:text-accent-foreground dark:bg-input/30 dark:border-input dark:hover:bg-input/50 h-9 px-4 py-2 has-[>svg]:px-3"[39m
                [33mdata-slot[39m=[32m"button"[39m
              [36m>[39m
                [36m<div[39m
                  [33mdata-testid[39m=[32m"download-icon"[39m
                [36m>[39m
                  [0mDownload[0m
                [36m</div>[39m
                [0mExport[0m
              [36m</button>[39m
              [36m<button[39m
                [33mclass[39m=[32m"inline-flex items-center justify-center gap-2 whitespace-nowrap rounded-md text-sm font-medium transition-all disabled:pointer-events-none disabled:opacity-50 [&_svg]:pointer-events-none [&_svg:not([class*='size-'])]:size-4 shrink-0 [&_svg]:shrink-0 outline-none focus-visible:border-ring focus-visible:ring-ring/50 focus-visible:ring-[3px] aria-invalid:ring-destructive/20 dark:aria-invalid:ring-destructive/40 aria-invalid:border-destructive border bg-background shadow-xs hover:bg-accent hover:text-accent-foreground dark:bg-input/30 dark:border-input dark:hover:bg-input/50 h-9 px-4 py-2 has-[>svg]:px-3"[39m
                [33mdata-slot[39m=[32m"button"[39m
              [36m>[39m
                [36m<div[39m
                  [33mdata-testid[39m=[32m"upload-icon"[39m
                [36m>[39m
                  [0mUpload[0m
                [36m</div>[39m
                [0mImport[0m
              [36m</button>[39m
              [36m<button[39m
                [33mclass[39m=[32m"inline-flex items-center justify-center gap-2 whitespace-nowrap rounded-md text-sm font-medium transition-all disabled:pointer-events-none disabled:opacity-50 [&_svg]:pointer-events-none [&_svg:not([class*='size-'])]:size-4 shrink-0 [&_svg]:shrink-0 outline-none focus-visible:border-ring focus-visible:ring-ring/50 focus-visible:ring-[3px] aria-invalid:ring-destructive/20 dark:aria-invalid:ring-destructive/40 aria-invalid:border-destructive bg-primary text-primary-foreground shadow-xs hover:bg-primary/90 h-9 px-4 py-2 has-[>svg]:px-3"[39m
                [33mdata-slot[39m=[32m"button"[39m
              [36m>[39m
                [36m<div[39m
                  [33mdata-testid[39m=[32m"user-plus-icon"[39m
                [36m>[39m
                  [0mUserPlus[0m
                [36m</div>[39m
                [0mAdd Student[0m
              [36m</button>[39m
            [36m</div>[39m
          [36m</div>[39m
          [36m<div[39m
            [33mclass[39m=[32m"grid gap-4 md:grid-cols-2 lg:grid-cols-4"[39m
          [36m>[39m
            [36m<div[39m
              [33mclass[39m=[32m"bg-card text-card-foreground flex flex-col gap-6 rounded-xl border py-6 shadow-sm"[39m
              [33mdata-slot[39m=[32m"card"[39m
            [36m>[39m
              [36m<div[39m
                [33mclass[39m=[32m"@container/card-header grid auto-rows-min grid-rows-[auto_auto] items-start gap-1.5 px-6 has-data-[slot=card-action]:grid-cols-[1fr_auto] [.border-b]:pb-6 pb-3"[39m
                [33mdata-slot[39m=[32m"card-header"[39m
              [36m>[39m
                [36m<div[39m
                  [33mclass[39m=[32m"text-sm font-medium flex items-center gap-2"[39m
                  [33mdata-slot[39m=[32m"card-title"[39m
                [36m>[39m
                  [36m<div[39m
                    [33mdata-testid[39m=[32m"users-icon"[39m
                  [36m>[39m
                    [0mUsers[0m
                  [36m</div>[39m
                  [0mTotal Students[0m
                [36m</div>[39m
              [36m</div>[39m
              [36m<div[39m
                [33mclass[39m=[32m"px-6"[39m
                [33mdata-slot[39m=[32m"card-content"[39m
              [36m>[39m
                [36m<div[39m
                  [33mclass[39m=[32m"text-2xl font-bold"[39m
                [36m>[39m
                  [0m2[0m
                [36m</div>[39m
                [36m<p[39m
                  [33mclass[39m=[32m"text-xs text-muted-foreground"[39m
                [36m>[39m
                  [0m+12% from last month[0m
                [36m</p>[39m
              [36m</div>[39m
            [36m</div>[39m
            [36m<div[39m
              [33mclass[39m=[32m"bg-card text-card-foreground flex flex-col gap-6 rounded-xl border py-6 shadow-sm"[39m
              [33mdata-slot[39m=[32m"card"[39m
            [36m>[39m
              [36m<div[39m
                [33mclass[39m=[32m"@container/card-header grid auto-rows-min grid-rows-[auto_auto] items-start gap-1.5 px-6 has-data-[slot=card-action]:grid-cols-[1fr_auto] [.border-b]:pb-6 pb-3"[39m
                [33mdata-slot[39m=[32m"card-header"[39m
              [36m>[39m
                [36m<div[39m
                  [33mclass[39m=[32m"text-sm font-medium flex items-center gap-2"[39m
                  [33mdata-slot[39m=[32m"card-title"[39m
                [36m>[39m
                  [36m<div[39m
                    [33mdata-testid[39m=[32m"trending-up-icon"[39m
                  [36m>[39m
                    [0mTrendingUp[0m
                  [36m</div>[39m
                  [0mActive Students[0m
                [36m</div>[39m
              [36m</div>[39m
              [36m<div[39m
                [33mclass[39m=[32m"px-6"[39m
                [33mdata-slot[39m=[32m"card-content"[39m
              [36m>[39m
                [36m<div[39m
                  [33mclass[39m=[32m"text-2xl font-bold"[39m
                [36m>[39m
                  [0m2[0m
                [36m</div>[39m
                [36m<p[39m
                  [33mclass[39m=[32m"text-xs text-muted-foreground"[39m
                [36m>[39m
                  [0m100.0[0m
                  [0m% of total[0m
                [36m</p>[39m
              [36m</div>[39m
            [36m</div>[39m
            [36m<div[39m
              [33mclass[39m=[32m"bg-car...

      125 |     render(<StudentInformationManager {...defaultProps} />);
      126 |     
    > 127 |     const statusFilter = screen.getByDisplayValue('All Statuses');
          |                                 ^
      128 |     fireEvent.click(statusFilter);
      129 |     
      130 |     expect(screen.getByText('Active')).toBeInTheDocument();

      at Object.getElementError (node_modules/.pnpm/@testing-library+dom@10.4.0/node_modules/@testing-library/dom/dist/config.js:37:19)
      at node_modules/.pnpm/@testing-library+dom@10.4.0/node_modules/@testing-library/dom/dist/query-helpers.js:76:38
      at node_modules/.pnpm/@testing-library+dom@10.4.0/node_modules/@testing-library/dom/dist/query-helpers.js:52:17
      at node_modules/.pnpm/@testing-library+dom@10.4.0/node_modules/@testing-library/dom/dist/query-helpers.js:95:19
      at Object.getByDisplayValue (src/components/admin/__tests__/StudentInformationManager.test.tsx:127:33)

  ● StudentInformationManager › should handle course type filtering

    TestingLibraryElementError: Unable to find an element with the display value: All Courses.

    Ignored nodes: comments, script, style
    [36m<body>[39m
      [36m<div>[39m
        [36m<div[39m
          [33mclass[39m=[32m"space-y-6"[39m
        [36m>[39m
          [36m<div[39m
            [33mclass[39m=[32m"flex flex-col gap-4 md:flex-row md:items-center md:justify-between"[39m
          [36m>[39m
            [36m<div>[39m
              [36m<h1[39m
                [33mclass[39m=[32m"text-3xl font-bold"[39m
              [36m>[39m
                [0mStudent Information Management[0m
              [36m</h1>[39m
              [36m<p[39m
                [33mclass[39m=[32m"text-muted-foreground"[39m
              [36m>[39m
                [0mManage student profiles, course information, and tracking data[0m
              [36m</p>[39m
            [36m</div>[39m
            [36m<div[39m
              [33mclass[39m=[32m"flex items-center gap-2"[39m
            [36m>[39m
              [36m<button[39m
                [33mclass[39m=[32m"inline-flex items-center justify-center gap-2 whitespace-nowrap rounded-md text-sm font-medium transition-all disabled:pointer-events-none disabled:opacity-50 [&_svg]:pointer-events-none [&_svg:not([class*='size-'])]:size-4 shrink-0 [&_svg]:shrink-0 outline-none focus-visible:border-ring focus-visible:ring-ring/50 focus-visible:ring-[3px] aria-invalid:ring-destructive/20 dark:aria-invalid:ring-destructive/40 aria-invalid:border-destructive border bg-background shadow-xs hover:bg-accent hover:text-accent-foreground dark:bg-input/30 dark:border-input dark:hover:bg-input/50 h-9 px-4 py-2 has-[>svg]:px-3"[39m
                [33mdata-slot[39m=[32m"button"[39m
              [36m>[39m
                [36m<div[39m
                  [33mdata-testid[39m=[32m"download-icon"[39m
                [36m>[39m
                  [0mDownload[0m
                [36m</div>[39m
                [0mExport[0m
              [36m</button>[39m
              [36m<button[39m
                [33mclass[39m=[32m"inline-flex items-center justify-center gap-2 whitespace-nowrap rounded-md text-sm font-medium transition-all disabled:pointer-events-none disabled:opacity-50 [&_svg]:pointer-events-none [&_svg:not([class*='size-'])]:size-4 shrink-0 [&_svg]:shrink-0 outline-none focus-visible:border-ring focus-visible:ring-ring/50 focus-visible:ring-[3px] aria-invalid:ring-destructive/20 dark:aria-invalid:ring-destructive/40 aria-invalid:border-destructive border bg-background shadow-xs hover:bg-accent hover:text-accent-foreground dark:bg-input/30 dark:border-input dark:hover:bg-input/50 h-9 px-4 py-2 has-[>svg]:px-3"[39m
                [33mdata-slot[39m=[32m"button"[39m
              [36m>[39m
                [36m<div[39m
                  [33mdata-testid[39m=[32m"upload-icon"[39m
                [36m>[39m
                  [0mUpload[0m
                [36m</div>[39m
                [0mImport[0m
              [36m</button>[39m
              [36m<button[39m
                [33mclass[39m=[32m"inline-flex items-center justify-center gap-2 whitespace-nowrap rounded-md text-sm font-medium transition-all disabled:pointer-events-none disabled:opacity-50 [&_svg]:pointer-events-none [&_svg:not([class*='size-'])]:size-4 shrink-0 [&_svg]:shrink-0 outline-none focus-visible:border-ring focus-visible:ring-ring/50 focus-visible:ring-[3px] aria-invalid:ring-destructive/20 dark:aria-invalid:ring-destructive/40 aria-invalid:border-destructive bg-primary text-primary-foreground shadow-xs hover:bg-primary/90 h-9 px-4 py-2 has-[>svg]:px-3"[39m
                [33mdata-slot[39m=[32m"button"[39m
              [36m>[39m
                [36m<div[39m
                  [33mdata-testid[39m=[32m"user-plus-icon"[39m
                [36m>[39m
                  [0mUserPlus[0m
                [36m</div>[39m
                [0mAdd Student[0m
              [36m</button>[39m
            [36m</div>[39m
          [36m</div>[39m
          [36m<div[39m
            [33mclass[39m=[32m"grid gap-4 md:grid-cols-2 lg:grid-cols-4"[39m
          [36m>[39m
            [36m<div[39m
              [33mclass[39m=[32m"bg-card text-card-foreground flex flex-col gap-6 rounded-xl border py-6 shadow-sm"[39m
              [33mdata-slot[39m=[32m"card"[39m
            [36m>[39m
              [36m<div[39m
                [33mclass[39m=[32m"@container/card-header grid auto-rows-min grid-rows-[auto_auto] items-start gap-1.5 px-6 has-data-[slot=card-action]:grid-cols-[1fr_auto] [.border-b]:pb-6 pb-3"[39m
                [33mdata-slot[39m=[32m"card-header"[39m
              [36m>[39m
                [36m<div[39m
                  [33mclass[39m=[32m"text-sm font-medium flex items-center gap-2"[39m
                  [33mdata-slot[39m=[32m"card-title"[39m
                [36m>[39m
                  [36m<div[39m
                    [33mdata-testid[39m=[32m"users-icon"[39m
                  [36m>[39m
                    [0mUsers[0m
                  [36m</div>[39m
                  [0mTotal Students[0m
                [36m</div>[39m
              [36m</div>[39m
              [36m<div[39m
                [33mclass[39m=[32m"px-6"[39m
                [33mdata-slot[39m=[32m"card-content"[39m
              [36m>[39m
                [36m<div[39m
                  [33mclass[39m=[32m"text-2xl font-bold"[39m
                [36m>[39m
                  [0m2[0m
                [36m</div>[39m
                [36m<p[39m
                  [33mclass[39m=[32m"text-xs text-muted-foreground"[39m
                [36m>[39m
                  [0m+12% from last month[0m
                [36m</p>[39m
              [36m</div>[39m
            [36m</div>[39m
            [36m<div[39m
              [33mclass[39m=[32m"bg-card text-card-foreground flex flex-col gap-6 rounded-xl border py-6 shadow-sm"[39m
              [33mdata-slot[39m=[32m"card"[39m
            [36m>[39m
              [36m<div[39m
                [33mclass[39m=[32m"@container/card-header grid auto-rows-min grid-rows-[auto_auto] items-start gap-1.5 px-6 has-data-[slot=card-action]:grid-cols-[1fr_auto] [.border-b]:pb-6 pb-3"[39m
                [33mdata-slot[39m=[32m"card-header"[39m
              [36m>[39m
                [36m<div[39m
                  [33mclass[39m=[32m"text-sm font-medium flex items-center gap-2"[39m
                  [33mdata-slot[39m=[32m"card-title"[39m
                [36m>[39m
                  [36m<div[39m
                    [33mdata-testid[39m=[32m"trending-up-icon"[39m
                  [36m>[39m
                    [0mTrendingUp[0m
                  [36m</div>[39m
                  [0mActive Students[0m
                [36m</div>[39m
              [36m</div>[39m
              [36m<div[39m
                [33mclass[39m=[32m"px-6"[39m
                [33mdata-slot[39m=[32m"card-content"[39m
              [36m>[39m
                [36m<div[39m
                  [33mclass[39m=[32m"text-2xl font-bold"[39m
                [36m>[39m
                  [0m2[0m
                [36m</div>[39m
                [36m<p[39m
                  [33mclass[39m=[32m"text-xs text-muted-foreground"[39m
                [36m>[39m
                  [0m100.0[0m
                  [0m% of total[0m
                [36m</p>[39m
              [36m</div>[39m
            [36m</div>[39m
            [36m<div[39m
              [33mclass[39m=[32m"bg-car...

      136 |     render(<StudentInformationManager {...defaultProps} />);
      137 |     
    > 138 |     const courseFilter = screen.getByDisplayValue('All Courses');
          |                                 ^
      139 |     fireEvent.click(courseFilter);
      140 |     
      141 |     expect(screen.getByText('Basic')).toBeInTheDocument();

      at Object.getElementError (node_modules/.pnpm/@testing-library+dom@10.4.0/node_modules/@testing-library/dom/dist/config.js:37:19)
      at node_modules/.pnpm/@testing-library+dom@10.4.0/node_modules/@testing-library/dom/dist/query-helpers.js:76:38
      at node_modules/.pnpm/@testing-library+dom@10.4.0/node_modules/@testing-library/dom/dist/query-helpers.js:52:17
      at node_modules/.pnpm/@testing-library+dom@10.4.0/node_modules/@testing-library/dom/dist/query-helpers.js:95:19
      at Object.getByDisplayValue (src/components/admin/__tests__/StudentInformationManager.test.tsx:138:33)

  ● StudentInformationManager › should display student progress bars

    TestingLibraryElementError: Unable to find an element with the text: 58%. This could be because the text is broken up by multiple elements. In this case, you can provide a function for your text matcher to make your matcher more flexible.

    Ignored nodes: comments, script, style
    [36m<body>[39m
      [36m<div>[39m
        [36m<div[39m
          [33mclass[39m=[32m"space-y-6"[39m
        [36m>[39m
          [36m<div[39m
            [33mclass[39m=[32m"flex flex-col gap-4 md:flex-row md:items-center md:justify-between"[39m
          [36m>[39m
            [36m<div>[39m
              [36m<h1[39m
                [33mclass[39m=[32m"text-3xl font-bold"[39m
              [36m>[39m
                [0mStudent Information Management[0m
              [36m</h1>[39m
              [36m<p[39m
                [33mclass[39m=[32m"text-muted-foreground"[39m
              [36m>[39m
                [0mManage student profiles, course information, and tracking data[0m
              [36m</p>[39m
            [36m</div>[39m
            [36m<div[39m
              [33mclass[39m=[32m"flex items-center gap-2"[39m
            [36m>[39m
              [36m<button[39m
                [33mclass[39m=[32m"inline-flex items-center justify-center gap-2 whitespace-nowrap rounded-md text-sm font-medium transition-all disabled:pointer-events-none disabled:opacity-50 [&_svg]:pointer-events-none [&_svg:not([class*='size-'])]:size-4 shrink-0 [&_svg]:shrink-0 outline-none focus-visible:border-ring focus-visible:ring-ring/50 focus-visible:ring-[3px] aria-invalid:ring-destructive/20 dark:aria-invalid:ring-destructive/40 aria-invalid:border-destructive border bg-background shadow-xs hover:bg-accent hover:text-accent-foreground dark:bg-input/30 dark:border-input dark:hover:bg-input/50 h-9 px-4 py-2 has-[>svg]:px-3"[39m
                [33mdata-slot[39m=[32m"button"[39m
              [36m>[39m
                [36m<div[39m
                  [33mdata-testid[39m=[32m"download-icon"[39m
                [36m>[39m
                  [0mDownload[0m
                [36m</div>[39m
                [0mExport[0m
              [36m</button>[39m
              [36m<button[39m
                [33mclass[39m=[32m"inline-flex items-center justify-center gap-2 whitespace-nowrap rounded-md text-sm font-medium transition-all disabled:pointer-events-none disabled:opacity-50 [&_svg]:pointer-events-none [&_svg:not([class*='size-'])]:size-4 shrink-0 [&_svg]:shrink-0 outline-none focus-visible:border-ring focus-visible:ring-ring/50 focus-visible:ring-[3px] aria-invalid:ring-destructive/20 dark:aria-invalid:ring-destructive/40 aria-invalid:border-destructive border bg-background shadow-xs hover:bg-accent hover:text-accent-foreground dark:bg-input/30 dark:border-input dark:hover:bg-input/50 h-9 px-4 py-2 has-[>svg]:px-3"[39m
                [33mdata-slot[39m=[32m"button"[39m
              [36m>[39m
                [36m<div[39m
                  [33mdata-testid[39m=[32m"upload-icon"[39m
                [36m>[39m
                  [0mUpload[0m
                [36m</div>[39m
                [0mImport[0m
              [36m</button>[39m
              [36m<button[39m
                [33mclass[39m=[32m"inline-flex items-center justify-center gap-2 whitespace-nowrap rounded-md text-sm font-medium transition-all disabled:pointer-events-none disabled:opacity-50 [&_svg]:pointer-events-none [&_svg:not([class*='size-'])]:size-4 shrink-0 [&_svg]:shrink-0 outline-none focus-visible:border-ring focus-visible:ring-ring/50 focus-visible:ring-[3px] aria-invalid:ring-destructive/20 dark:aria-invalid:ring-destructive/40 aria-invalid:border-destructive bg-primary text-primary-foreground shadow-xs hover:bg-primary/90 h-9 px-4 py-2 has-[>svg]:px-3"[39m
                [33mdata-slot[39m=[32m"button"[39m
              [36m>[39m
                [36m<div[39m
                  [33mdata-testid[39m=[32m"user-plus-icon"[39m
                [36m>[39m
                  [0mUserPlus[0m
                [36m</div>[39m
                [0mAdd Student[0m
              [36m</button>[39m
            [36m</div>[39m
          [36m</div>[39m
          [36m<div[39m
            [33mclass[39m=[32m"grid gap-4 md:grid-cols-2 lg:grid-cols-4"[39m
          [36m>[39m
            [36m<div[39m
              [33mclass[39m=[32m"bg-card text-card-foreground flex flex-col gap-6 rounded-xl border py-6 shadow-sm"[39m
              [33mdata-slot[39m=[32m"card"[39m
            [36m>[39m
              [36m<div[39m
                [33mclass[39m=[32m"@container/card-header grid auto-rows-min grid-rows-[auto_auto] items-start gap-1.5 px-6 has-data-[slot=card-action]:grid-cols-[1fr_auto] [.border-b]:pb-6 pb-3"[39m
                [33mdata-slot[39m=[32m"card-header"[39m
              [36m>[39m
                [36m<div[39m
                  [33mclass[39m=[32m"text-sm font-medium flex items-center gap-2"[39m
                  [33mdata-slot[39m=[32m"card-title"[39m
                [36m>[39m
                  [36m<div[39m
                    [33mdata-testid[39m=[32m"users-icon"[39m
                  [36m>[39m
                    [0mUsers[0m
                  [36m</div>[39m
                  [0mTotal Students[0m
                [36m</div>[39m
              [36m</div>[39m
              [36m<div[39m
                [33mclass[39m=[32m"px-6"[39m
                [33mdata-slot[39m=[32m"card-content"[39m
              [36m>[39m
                [36m<div[39m
                  [33mclass[39m=[32m"text-2xl font-bold"[39m
                [36m>[39m
                  [0m2[0m
                [36m</div>[39m
                [36m<p[39m
                  [33mclass[39m=[32m"text-xs text-muted-foreground"[39m
                [36m>[39m
                  [0m+12% from last month[0m
                [36m</p>[39m
              [36m</div>[39m
            [36m</div>[39m
            [36m<div[39m
              [33mclass[39m=[32m"bg-card text-card-foreground flex flex-col gap-6 rounded-xl border py-6 shadow-sm"[39m
              [33mdata-slot[39m=[32m"card"[39m
            [36m>[39m
              [36m<div[39m
                [33mclass[39m=[32m"@container/card-header grid auto-rows-min grid-rows-[auto_auto] items-start gap-1.5 px-6 has-data-[slot=card-action]:grid-cols-[1fr_auto] [.border-b]:pb-6 pb-3"[39m
                [33mdata-slot[39m=[32m"card-header"[39m
              [36m>[39m
                [36m<div[39m
                  [33mclass[39m=[32m"text-sm font-medium flex items-center gap-2"[39m
                  [33mdata-slot[39m=[32m"card-title"[39m
                [36m>[39m
                  [36m<div[39m
                    [33mdata-testid[39m=[32m"trending-up-icon"[39m
                  [36m>[39m
                    [0mTrendingUp[0m
                  [36m</div>[39m
                  [0mActive Students[0m
                [36m</div>[39m
              [36m</div>[39m
              [36m<div[39m
                [33mclass[39m=[32m"px-6"[39m
                [33mdata-slot[39m=[32m"card-content"[39m
              [36m>[39m
                [36m<div[39m
                  [33mclass[39m=[32m"text-2xl font-bold"[39m
                [36m>[39m
                  [0m2[0m
                [36m</div>[39m
                [36m<p[39m
                  [33mclass[39m=[32m"text-xs text-muted-foreground"[39m
                [36m>[39m
                  [0m100.0[0m
                  [0m% of total[0m
                [36m</p>[39m
              [36m</div>[39m
            [36m</div>[39m
            [36m<div[39m
              [33mclass[39m=[32m"bg-car...

      147 |     render(<StudentInformationManager {...defaultProps} />);
      148 |     
    > 149 |     expect(screen.getByText('58%')).toBeInTheDocument();
          |                   ^
      150 |     expect(screen.getByText('45%')).toBeInTheDocument();
      151 |   });
      152 |

      at Object.getElementError (node_modules/.pnpm/@testing-library+dom@10.4.0/node_modules/@testing-library/dom/dist/config.js:37:19)
      at node_modules/.pnpm/@testing-library+dom@10.4.0/node_modules/@testing-library/dom/dist/query-helpers.js:76:38
      at node_modules/.pnpm/@testing-library+dom@10.4.0/node_modules/@testing-library/dom/dist/query-helpers.js:52:17
      at node_modules/.pnpm/@testing-library+dom@10.4.0/node_modules/@testing-library/dom/dist/query-helpers.js:95:19
      at Object.getByText (src/components/admin/__tests__/StudentInformationManager.test.tsx:149:19)

  ● StudentInformationManager › should show payment status badges

    TestingLibraryElementError: Unable to find an element with the text: Paid. This could be because the text is broken up by multiple elements. In this case, you can provide a function for your text matcher to make your matcher more flexible.

    Ignored nodes: comments, script, style
    [36m<body>[39m
      [36m<div>[39m
        [36m<div[39m
          [33mclass[39m=[32m"space-y-6"[39m
        [36m>[39m
          [36m<div[39m
            [33mclass[39m=[32m"flex flex-col gap-4 md:flex-row md:items-center md:justify-between"[39m
          [36m>[39m
            [36m<div>[39m
              [36m<h1[39m
                [33mclass[39m=[32m"text-3xl font-bold"[39m
              [36m>[39m
                [0mStudent Information Management[0m
              [36m</h1>[39m
              [36m<p[39m
                [33mclass[39m=[32m"text-muted-foreground"[39m
              [36m>[39m
                [0mManage student profiles, course information, and tracking data[0m
              [36m</p>[39m
            [36m</div>[39m
            [36m<div[39m
              [33mclass[39m=[32m"flex items-center gap-2"[39m
            [36m>[39m
              [36m<button[39m
                [33mclass[39m=[32m"inline-flex items-center justify-center gap-2 whitespace-nowrap rounded-md text-sm font-medium transition-all disabled:pointer-events-none disabled:opacity-50 [&_svg]:pointer-events-none [&_svg:not([class*='size-'])]:size-4 shrink-0 [&_svg]:shrink-0 outline-none focus-visible:border-ring focus-visible:ring-ring/50 focus-visible:ring-[3px] aria-invalid:ring-destructive/20 dark:aria-invalid:ring-destructive/40 aria-invalid:border-destructive border bg-background shadow-xs hover:bg-accent hover:text-accent-foreground dark:bg-input/30 dark:border-input dark:hover:bg-input/50 h-9 px-4 py-2 has-[>svg]:px-3"[39m
                [33mdata-slot[39m=[32m"button"[39m
              [36m>[39m
                [36m<div[39m
                  [33mdata-testid[39m=[32m"download-icon"[39m
                [36m>[39m
                  [0mDownload[0m
                [36m</div>[39m
                [0mExport[0m
              [36m</button>[39m
              [36m<button[39m
                [33mclass[39m=[32m"inline-flex items-center justify-center gap-2 whitespace-nowrap rounded-md text-sm font-medium transition-all disabled:pointer-events-none disabled:opacity-50 [&_svg]:pointer-events-none [&_svg:not([class*='size-'])]:size-4 shrink-0 [&_svg]:shrink-0 outline-none focus-visible:border-ring focus-visible:ring-ring/50 focus-visible:ring-[3px] aria-invalid:ring-destructive/20 dark:aria-invalid:ring-destructive/40 aria-invalid:border-destructive border bg-background shadow-xs hover:bg-accent hover:text-accent-foreground dark:bg-input/30 dark:border-input dark:hover:bg-input/50 h-9 px-4 py-2 has-[>svg]:px-3"[39m
                [33mdata-slot[39m=[32m"button"[39m
              [36m>[39m
                [36m<div[39m
                  [33mdata-testid[39m=[32m"upload-icon"[39m
                [36m>[39m
                  [0mUpload[0m
                [36m</div>[39m
                [0mImport[0m
              [36m</button>[39m
              [36m<button[39m
                [33mclass[39m=[32m"inline-flex items-center justify-center gap-2 whitespace-nowrap rounded-md text-sm font-medium transition-all disabled:pointer-events-none disabled:opacity-50 [&_svg]:pointer-events-none [&_svg:not([class*='size-'])]:size-4 shrink-0 [&_svg]:shrink-0 outline-none focus-visible:border-ring focus-visible:ring-ring/50 focus-visible:ring-[3px] aria-invalid:ring-destructive/20 dark:aria-invalid:ring-destructive/40 aria-invalid:border-destructive bg-primary text-primary-foreground shadow-xs hover:bg-primary/90 h-9 px-4 py-2 has-[>svg]:px-3"[39m
                [33mdata-slot[39m=[32m"button"[39m
              [36m>[39m
                [36m<div[39m
                  [33mdata-testid[39m=[32m"user-plus-icon"[39m
                [36m>[39m
                  [0mUserPlus[0m
                [36m</div>[39m
                [0mAdd Student[0m
              [36m</button>[39m
            [36m</div>[39m
          [36m</div>[39m
          [36m<div[39m
            [33mclass[39m=[32m"grid gap-4 md:grid-cols-2 lg:grid-cols-4"[39m
          [36m>[39m
            [36m<div[39m
              [33mclass[39m=[32m"bg-card text-card-foreground flex flex-col gap-6 rounded-xl border py-6 shadow-sm"[39m
              [33mdata-slot[39m=[32m"card"[39m
            [36m>[39m
              [36m<div[39m
                [33mclass[39m=[32m"@container/card-header grid auto-rows-min grid-rows-[auto_auto] items-start gap-1.5 px-6 has-data-[slot=card-action]:grid-cols-[1fr_auto] [.border-b]:pb-6 pb-3"[39m
                [33mdata-slot[39m=[32m"card-header"[39m
              [36m>[39m
                [36m<div[39m
                  [33mclass[39m=[32m"text-sm font-medium flex items-center gap-2"[39m
                  [33mdata-slot[39m=[32m"card-title"[39m
                [36m>[39m
                  [36m<div[39m
                    [33mdata-testid[39m=[32m"users-icon"[39m
                  [36m>[39m
                    [0mUsers[0m
                  [36m</div>[39m
                  [0mTotal Students[0m
                [36m</div>[39m
              [36m</div>[39m
              [36m<div[39m
                [33mclass[39m=[32m"px-6"[39m
                [33mdata-slot[39m=[32m"card-content"[39m
              [36m>[39m
                [36m<div[39m
                  [33mclass[39m=[32m"text-2xl font-bold"[39m
                [36m>[39m
                  [0m2[0m
                [36m</div>[39m
                [36m<p[39m
                  [33mclass[39m=[32m"text-xs text-muted-foreground"[39m
                [36m>[39m
                  [0m+12% from last month[0m
                [36m</p>[39m
              [36m</div>[39m
            [36m</div>[39m
            [36m<div[39m
              [33mclass[39m=[32m"bg-card text-card-foreground flex flex-col gap-6 rounded-xl border py-6 shadow-sm"[39m
              [33mdata-slot[39m=[32m"card"[39m
            [36m>[39m
              [36m<div[39m
                [33mclass[39m=[32m"@container/card-header grid auto-rows-min grid-rows-[auto_auto] items-start gap-1.5 px-6 has-data-[slot=card-action]:grid-cols-[1fr_auto] [.border-b]:pb-6 pb-3"[39m
                [33mdata-slot[39m=[32m"card-header"[39m
              [36m>[39m
                [36m<div[39m
                  [33mclass[39m=[32m"text-sm font-medium flex items-center gap-2"[39m
                  [33mdata-slot[39m=[32m"card-title"[39m
                [36m>[39m
                  [36m<div[39m
                    [33mdata-testid[39m=[32m"trending-up-icon"[39m
                  [36m>[39m
                    [0mTrendingUp[0m
                  [36m</div>[39m
                  [0mActive Students[0m
                [36m</div>[39m
              [36m</div>[39m
              [36m<div[39m
                [33mclass[39m=[32m"px-6"[39m
                [33mdata-slot[39m=[32m"card-content"[39m
              [36m>[39m
                [36m<div[39m
                  [33mclass[39m=[32m"text-2xl font-bold"[39m
                [36m>[39m
                  [0m2[0m
                [36m</div>[39m
                [36m<p[39m
                  [33mclass[39m=[32m"text-xs text-muted-foreground"[39m
                [36m>[39m
                  [0m100.0[0m
                  [0m% of total[0m
                [36m</p>[39m
              [36m</div>[39m
            [36m</div>[39m
            [36m<div[39m
              [33mclass[39m=[32m"bg-car...

      154 |     render(<StudentInformationManager {...defaultProps} />);
      155 |     
    > 156 |     expect(screen.getByText('Paid')).toBeInTheDocument();
          |                   ^
      157 |     expect(screen.getByText('Installment')).toBeInTheDocument();
      158 |   });
      159 |

      at Object.getElementError (node_modules/.pnpm/@testing-library+dom@10.4.0/node_modules/@testing-library/dom/dist/config.js:37:19)
      at node_modules/.pnpm/@testing-library+dom@10.4.0/node_modules/@testing-library/dom/dist/query-helpers.js:76:38
      at node_modules/.pnpm/@testing-library+dom@10.4.0/node_modules/@testing-library/dom/dist/query-helpers.js:52:17
      at node_modules/.pnpm/@testing-library+dom@10.4.0/node_modules/@testing-library/dom/dist/query-helpers.js:95:19
      at Object.getByText (src/components/admin/__tests__/StudentInformationManager.test.tsx:156:19)

  ● StudentInformationManager › should handle view student details

    expect(received).toBeInTheDocument()

    received value must be an HTMLElement or an SVGElement.
    Received has value: null

    Ignored nodes: comments, script, style
    [36m<html>[39m
      [36m<head />[39m
      [36m<body>[39m
        [36m<div>[39m
          [36m<div[39m
            [33mclass[39m=[32m"space-y-6"[39m
          [36m>[39m
            [36m<div[39m
              [33mclass[39m=[32m"flex flex-col gap-4 md:flex-row md:items-center md:justify-between"[39m
            [36m>[39m
              [36m<div>[39m
                [36m<h1[39m
                  [33mclass[39m=[32m"text-3xl font-bold"[39m
                [36m>[39m
                  [0mStudent Information Management[0m
                [36m</h1>[39m
                [36m<p[39m
                  [33mclass[39m=[32m"text-muted-foreground"[39m
                [36m>[39m
                  [0mManage student profiles, course information, and tracking data[0m
                [36m</p>[39m
              [36m</div>[39m
              [36m<div[39m
                [33mclass[39m=[32m"flex items-center gap-2"[39m
              [36m>[39m
                [36m<button[39m
                  [33mclass[39m=[32m"inline-flex items-center justify-center gap-2 whitespace-nowrap rounded-md text-sm font-medium transition-all disabled:pointer-events-none disabled:opacity-50 [&_svg]:pointer-events-none [&_svg:not([class*='size-'])]:size-4 shrink-0 [&_svg]:shrink-0 outline-none focus-visible:border-ring focus-visible:ring-ring/50 focus-visible:ring-[3px] aria-invalid:ring-destructive/20 dark:aria-invalid:ring-destructive/40 aria-invalid:border-destructive border bg-background shadow-xs hover:bg-accent hover:text-accent-foreground dark:bg-input/30 dark:border-input dark:hover:bg-input/50 h-9 px-4 py-2 has-[>svg]:px-3"[39m
                  [33mdata-slot[39m=[32m"button"[39m
                [36m>[39m
                  [36m<div[39m
                    [33mdata-testid[39m=[32m"download-icon"[39m
                  [36m>[39m
                    [0mDownload[0m
                  [36m</div>[39m
                  [0mExport[0m
                [36m</button>[39m
                [36m<button[39m
                  [33mclass[39m=[32m"inline-flex items-center justify-center gap-2 whitespace-nowrap rounded-md text-sm font-medium transition-all disabled:pointer-events-none disabled:opacity-50 [&_svg]:pointer-events-none [&_svg:not([class*='size-'])]:size-4 shrink-0 [&_svg]:shrink-0 outline-none focus-visible:border-ring focus-visible:ring-ring/50 focus-visible:ring-[3px] aria-invalid:ring-destructive/20 dark:aria-invalid:ring-destructive/40 aria-invalid:border-destructive border bg-background shadow-xs hover:bg-accent hover:text-accent-foreground dark:bg-input/30 dark:border-input dark:hover:bg-input/50 h-9 px-4 py-2 has-[>svg]:px-3"[39m
                  [33mdata-slot[39m=[32m"button"[39m
                [36m>[39m
                  [36m<div[39m
                    [33mdata-testid[39m=[32m"upload-icon"[39m
                  [36m>[39m
                    [0mUpload[0m
                  [36m</div>[39m
                  [0mImport[0m
                [36m</button>[39m
                [36m<button[39m
                  [33mclass[39m=[32m"inline-flex items-center justify-center gap-2 whitespace-nowrap rounded-md text-sm font-medium transition-all disabled:pointer-events-none disabled:opacity-50 [&_svg]:pointer-events-none [&_svg:not([class*='size-'])]:size-4 shrink-0 [&_svg]:shrink-0 outline-none focus-visible:border-ring focus-visible:ring-ring/50 focus-visible:ring-[3px] aria-invalid:ring-destructive/20 dark:aria-invalid:ring-destructive/40 aria-invalid:border-destructive bg-primary text-primary-foreground shadow-xs hover:bg-primary/90 h-9 px-4 py-2 has-[>svg]:px-3"[39m
                  [33mdata-slot[39m=[32m"button"[39m
                [36m>[39m
                  [36m<div[39m
                    [33mdata-testid[39m=[32m"user-plus-icon"[39m
                  [36m>[39m
                    [0mUserPlus[0m
                  [36m</div>[39m
                  [0mAdd Student[0m
                [36m</button>[39m
              [36m</div>[39m
            [36m</div>[39m
            [36m<div[39m
              [33mclass[39m=[32m"grid gap-4 md:grid-cols-2 lg:grid-cols-4"[39m
            [36m>[39m
              [36m<div[39m
                [33mclass[39m=[32m"bg-card text-card-foreground flex flex-col gap-6 rounded-xl border py-6 shadow-sm"[39m
                [33mdata-slot[39m=[32m"card"[39m
              [36m>[39m
                [36m<div[39m
                  [33mclass[39m=[32m"@container/card-header grid auto-rows-min grid-rows-[auto_auto] items-start gap-1.5 px-6 has-data-[slot=card-action]:grid-cols-[1fr_auto] [.border-b]:pb-6 pb-3"[39m
                  [33mdata-slot[39m=[32m"card-header"[39m
                [36m>[39m
                  [36m<div[39m
                    [33mclass[39m=[32m"text-sm font-medium flex items-center gap-2"[39m
                    [33mdata-slot[39m=[32m"card-title"[39m
                  [36m>[39m
                    [36m<div[39m
                      [33mdata-testid[39m=[32m"users-icon"[39m
                    [36m>[39m
                      [0mUsers[0m
                    [36m</div>[39m
                    [0mTotal Students[0m
                  [36m</div>[39m
                [36m</div>[39m
                [36m<div[39m
                  [33mclass[39m=[32m"px-6"[39m
                  [33mdata-slot[39m=[32m"card-content"[39m
                [36m>[39m
                  [36m<div[39m
                    [33mclass[39m=[32m"text-2xl font-bold"[39m
                  [36m>[39m
                    [0m2[0m
                  [36m</div>[39m
                  [36m<p[39m
                    [33mclass[39m=[32m"text-xs text-muted-foreground"[39m
                  [36m>[39m
                    [0m+12% from last month[0m
                  [36m</p>[39m
                [36m</div>[39m
              [36m</div>[39m
              [36m<div[39m
                [33mclass[39m=[32m"bg-card text-card-foreground flex flex-col gap-6 rounded-xl border py-6 shadow-sm"[39m
                [33mdata-slot[39m=[32m"card"[39m
              [36m>[39m
                [36m<div[39m
                  [33mclass[39m=[32m"@container/card-header grid auto-rows-min grid-rows-[auto_auto] items-start gap-1.5 px-6 has-data-[slot=card-action]:grid-cols-[1fr_auto] [.border-b]:pb-6 pb-3"[39m
                  [33mdata-slot[39m=[32m"card-header"[39m
                [36m>[39m
                  [36m<div[39m
                    [33mclass[39m=[32m"text-sm font-medium flex items-center gap-2"[39m
                    [33mdata-slot[39m=[32m"card-title"[39m
                  [36m>[39m
                    [36m<div[39m
                      [33mdata-testid[39m=[32m"trending-up-icon"[39m
                    [36m>[39m
                      [0mTrendingUp[0m
                    [36m</div>[39m
                    [0mActive Students[0m
                  [36m</div>[39m
                [36m</div>[39m
                [36m<div[39m
                  [33mclass[39m=[32m"px-6"[39m
                  [33mdata-slot[39m=[32m"card-content"[39m
                [36m>[39m
                  [36m<div[39m
                    [33mclass[39m=[32m"text-2xl font-bold"[39m
                  [36m>[39m
                    [0m2[0m
                  [36m</div>[39m
                  [36m<p[39m
         ...

      198 |     
      199 |     await waitFor(() => {
    > 200 |       expect(screen.queryByText('Student Details')).toBeInTheDocument();
          |                                                     ^
      201 |     });
      202 |   });
      203 |

      at __EXTERNAL_MATCHER_TRAP__ (node_modules/.pnpm/expect@30.0.2/node_modules/expect/build/index.js:2236:22)
      at Object.throwingMatcher [as toBeInTheDocument] (node_modules/.pnpm/expect@30.0.2/node_modules/expect/build/index.js:2237:6)
      at toBeInTheDocument (src/components/admin/__tests__/StudentInformationManager.test.tsx:200:53)
      at runWithExpensiveErrorDiagnosticsDisabled (node_modules/.pnpm/@testing-library+dom@10.4.0/node_modules/@testing-library/dom/dist/config.js:47:12)
      at checkCallback (node_modules/.pnpm/@testing-library+dom@10.4.0/node_modules/@testing-library/dom/dist/wait-for.js:124:77)
      at checkRealTimersCallback (node_modules/.pnpm/@testing-library+dom@10.4.0/node_modules/@testing-library/dom/dist/wait-for.js:118:16)
      at Timeout.task [as _onTimeout] (node_modules/.pnpm/jsdom@26.1.0/node_modules/jsdom/lib/jsdom/browser/Window.js:579:19)

  ● StudentInformationManager › should display student details in modal

    TestingLibraryElementError: Unable to find an element with the text: View Details. This could be because the text is broken up by multiple elements. In this case, you can provide a function for your text matcher to make your matcher more flexible.

    Ignored nodes: comments, script, style
    [36m<body>[39m
      [36m<div>[39m
        [36m<div[39m
          [33mclass[39m=[32m"space-y-6"[39m
        [36m>[39m
          [36m<div[39m
            [33mclass[39m=[32m"flex flex-col gap-4 md:flex-row md:items-center md:justify-between"[39m
          [36m>[39m
            [36m<div>[39m
              [36m<h1[39m
                [33mclass[39m=[32m"text-3xl font-bold"[39m
              [36m>[39m
                [0mStudent Information Management[0m
              [36m</h1>[39m
              [36m<p[39m
                [33mclass[39m=[32m"text-muted-foreground"[39m
              [36m>[39m
                [0mManage student profiles, course information, and tracking data[0m
              [36m</p>[39m
            [36m</div>[39m
            [36m<div[39m
              [33mclass[39m=[32m"flex items-center gap-2"[39m
            [36m>[39m
              [36m<button[39m
                [33mclass[39m=[32m"inline-flex items-center justify-center gap-2 whitespace-nowrap rounded-md text-sm font-medium transition-all disabled:pointer-events-none disabled:opacity-50 [&_svg]:pointer-events-none [&_svg:not([class*='size-'])]:size-4 shrink-0 [&_svg]:shrink-0 outline-none focus-visible:border-ring focus-visible:ring-ring/50 focus-visible:ring-[3px] aria-invalid:ring-destructive/20 dark:aria-invalid:ring-destructive/40 aria-invalid:border-destructive border bg-background shadow-xs hover:bg-accent hover:text-accent-foreground dark:bg-input/30 dark:border-input dark:hover:bg-input/50 h-9 px-4 py-2 has-[>svg]:px-3"[39m
                [33mdata-slot[39m=[32m"button"[39m
              [36m>[39m
                [36m<div[39m
                  [33mdata-testid[39m=[32m"download-icon"[39m
                [36m>[39m
                  [0mDownload[0m
                [36m</div>[39m
                [0mExport[0m
              [36m</button>[39m
              [36m<button[39m
                [33mclass[39m=[32m"inline-flex items-center justify-center gap-2 whitespace-nowrap rounded-md text-sm font-medium transition-all disabled:pointer-events-none disabled:opacity-50 [&_svg]:pointer-events-none [&_svg:not([class*='size-'])]:size-4 shrink-0 [&_svg]:shrink-0 outline-none focus-visible:border-ring focus-visible:ring-ring/50 focus-visible:ring-[3px] aria-invalid:ring-destructive/20 dark:aria-invalid:ring-destructive/40 aria-invalid:border-destructive border bg-background shadow-xs hover:bg-accent hover:text-accent-foreground dark:bg-input/30 dark:border-input dark:hover:bg-input/50 h-9 px-4 py-2 has-[>svg]:px-3"[39m
                [33mdata-slot[39m=[32m"button"[39m
              [36m>[39m
                [36m<div[39m
                  [33mdata-testid[39m=[32m"upload-icon"[39m
                [36m>[39m
                  [0mUpload[0m
                [36m</div>[39m
                [0mImport[0m
              [36m</button>[39m
              [36m<button[39m
                [33mclass[39m=[32m"inline-flex items-center justify-center gap-2 whitespace-nowrap rounded-md text-sm font-medium transition-all disabled:pointer-events-none disabled:opacity-50 [&_svg]:pointer-events-none [&_svg:not([class*='size-'])]:size-4 shrink-0 [&_svg]:shrink-0 outline-none focus-visible:border-ring focus-visible:ring-ring/50 focus-visible:ring-[3px] aria-invalid:ring-destructive/20 dark:aria-invalid:ring-destructive/40 aria-invalid:border-destructive bg-primary text-primary-foreground shadow-xs hover:bg-primary/90 h-9 px-4 py-2 has-[>svg]:px-3"[39m
                [33mdata-slot[39m=[32m"button"[39m
              [36m>[39m
                [36m<div[39m
                  [33mdata-testid[39m=[32m"user-plus-icon"[39m
                [36m>[39m
                  [0mUserPlus[0m
                [36m</div>[39m
                [0mAdd Student[0m
              [36m</button>[39m
            [36m</div>[39m
          [36m</div>[39m
          [36m<div[39m
            [33mclass[39m=[32m"grid gap-4 md:grid-cols-2 lg:grid-cols-4"[39m
          [36m>[39m
            [36m<div[39m
              [33mclass[39m=[32m"bg-card text-card-foreground flex flex-col gap-6 rounded-xl border py-6 shadow-sm"[39m
              [33mdata-slot[39m=[32m"card"[39m
            [36m>[39m
              [36m<div[39m
                [33mclass[39m=[32m"@container/card-header grid auto-rows-min grid-rows-[auto_auto] items-start gap-1.5 px-6 has-data-[slot=card-action]:grid-cols-[1fr_auto] [.border-b]:pb-6 pb-3"[39m
                [33mdata-slot[39m=[32m"card-header"[39m
              [36m>[39m
                [36m<div[39m
                  [33mclass[39m=[32m"text-sm font-medium flex items-center gap-2"[39m
                  [33mdata-slot[39m=[32m"card-title"[39m
                [36m>[39m
                  [36m<div[39m
                    [33mdata-testid[39m=[32m"users-icon"[39m
                  [36m>[39m
                    [0mUsers[0m
                  [36m</div>[39m
                  [0mTotal Students[0m
                [36m</div>[39m
              [36m</div>[39m
              [36m<div[39m
                [33mclass[39m=[32m"px-6"[39m
                [33mdata-slot[39m=[32m"card-content"[39m
              [36m>[39m
                [36m<div[39m
                  [33mclass[39m=[32m"text-2xl font-bold"[39m
                [36m>[39m
                  [0m2[0m
                [36m</div>[39m
                [36m<p[39m
                  [33mclass[39m=[32m"text-xs text-muted-foreground"[39m
                [36m>[39m
                  [0m+12% from last month[0m
                [36m</p>[39m
              [36m</div>[39m
            [36m</div>[39m
            [36m<div[39m
              [33mclass[39m=[32m"bg-card text-card-foreground flex flex-col gap-6 rounded-xl border py-6 shadow-sm"[39m
              [33mdata-slot[39m=[32m"card"[39m
            [36m>[39m
              [36m<div[39m
                [33mclass[39m=[32m"@container/card-header grid auto-rows-min grid-rows-[auto_auto] items-start gap-1.5 px-6 has-data-[slot=card-action]:grid-cols-[1fr_auto] [.border-b]:pb-6 pb-3"[39m
                [33mdata-slot[39m=[32m"card-header"[39m
              [36m>[39m
                [36m<div[39m
                  [33mclass[39m=[32m"text-sm font-medium flex items-center gap-2"[39m
                  [33mdata-slot[39m=[32m"card-title"[39m
                [36m>[39m
                  [36m<div[39m
                    [33mdata-testid[39m=[32m"trending-up-icon"[39m
                  [36m>[39m
                    [0mTrendingUp[0m
                  [36m</div>[39m
                  [0mActive Students[0m
                [36m</div>[39m
              [36m</div>[39m
              [36m<div[39m
                [33mclass[39m=[32m"px-6"[39m
                [33mdata-slot[39m=[32m"card-content"[39m
              [36m>[39m
                [36m<div[39m
                  [33mclass[39m=[32m"text-2xl font-bold"[39m
                [36m>[39m
                  [0m2[0m
                [36m</div>[39m
                [36m<p[39m
                  [33mclass[39m=[32m"text-xs text-muted-foreground"[39m
                [36m>[39m
                  [0m100.0[0m
                  [0m% of total[0m
                [36m</p>[39m
              [36m</div>[39m
            [36m</div>[39m
            [36m<div[39m
              [33mclass[39m=[32m"bg-car...

      207 |     const actionButtons = screen.getAllByTestId('eye-icon');
      208 |     fireEvent.click(actionButtons[0]);
    > 209 |     fireEvent.click(screen.getByText('View Details'));
          |                            ^
      210 |     
      211 |     await waitFor(() => {
      212 |       expect(screen.getByText('Personal Information')).toBeInTheDocument();

      at Object.getElementError (node_modules/.pnpm/@testing-library+dom@10.4.0/node_modules/@testing-library/dom/dist/config.js:37:19)
      at node_modules/.pnpm/@testing-library+dom@10.4.0/node_modules/@testing-library/dom/dist/query-helpers.js:76:38
      at node_modules/.pnpm/@testing-library+dom@10.4.0/node_modules/@testing-library/dom/dist/query-helpers.js:52:17
      at node_modules/.pnpm/@testing-library+dom@10.4.0/node_modules/@testing-library/dom/dist/query-helpers.js:95:19
      at Object.getByText (src/components/admin/__tests__/StudentInformationManager.test.tsx:209:28)

  ● StudentInformationManager › should show student ID and internal code in details

    TestingLibraryElementError: Unable to find an element with the text: View Details. This could be because the text is broken up by multiple elements. In this case, you can provide a function for your text matcher to make your matcher more flexible.

    Ignored nodes: comments, script, style
    [36m<body>[39m
      [36m<div>[39m
        [36m<div[39m
          [33mclass[39m=[32m"space-y-6"[39m
        [36m>[39m
          [36m<div[39m
            [33mclass[39m=[32m"flex flex-col gap-4 md:flex-row md:items-center md:justify-between"[39m
          [36m>[39m
            [36m<div>[39m
              [36m<h1[39m
                [33mclass[39m=[32m"text-3xl font-bold"[39m
              [36m>[39m
                [0mStudent Information Management[0m
              [36m</h1>[39m
              [36m<p[39m
                [33mclass[39m=[32m"text-muted-foreground"[39m
              [36m>[39m
                [0mManage student profiles, course information, and tracking data[0m
              [36m</p>[39m
            [36m</div>[39m
            [36m<div[39m
              [33mclass[39m=[32m"flex items-center gap-2"[39m
            [36m>[39m
              [36m<button[39m
                [33mclass[39m=[32m"inline-flex items-center justify-center gap-2 whitespace-nowrap rounded-md text-sm font-medium transition-all disabled:pointer-events-none disabled:opacity-50 [&_svg]:pointer-events-none [&_svg:not([class*='size-'])]:size-4 shrink-0 [&_svg]:shrink-0 outline-none focus-visible:border-ring focus-visible:ring-ring/50 focus-visible:ring-[3px] aria-invalid:ring-destructive/20 dark:aria-invalid:ring-destructive/40 aria-invalid:border-destructive border bg-background shadow-xs hover:bg-accent hover:text-accent-foreground dark:bg-input/30 dark:border-input dark:hover:bg-input/50 h-9 px-4 py-2 has-[>svg]:px-3"[39m
                [33mdata-slot[39m=[32m"button"[39m
              [36m>[39m
                [36m<div[39m
                  [33mdata-testid[39m=[32m"download-icon"[39m
                [36m>[39m
                  [0mDownload[0m
                [36m</div>[39m
                [0mExport[0m
              [36m</button>[39m
              [36m<button[39m
                [33mclass[39m=[32m"inline-flex items-center justify-center gap-2 whitespace-nowrap rounded-md text-sm font-medium transition-all disabled:pointer-events-none disabled:opacity-50 [&_svg]:pointer-events-none [&_svg:not([class*='size-'])]:size-4 shrink-0 [&_svg]:shrink-0 outline-none focus-visible:border-ring focus-visible:ring-ring/50 focus-visible:ring-[3px] aria-invalid:ring-destructive/20 dark:aria-invalid:ring-destructive/40 aria-invalid:border-destructive border bg-background shadow-xs hover:bg-accent hover:text-accent-foreground dark:bg-input/30 dark:border-input dark:hover:bg-input/50 h-9 px-4 py-2 has-[>svg]:px-3"[39m
                [33mdata-slot[39m=[32m"button"[39m
              [36m>[39m
                [36m<div[39m
                  [33mdata-testid[39m=[32m"upload-icon"[39m
                [36m>[39m
                  [0mUpload[0m
                [36m</div>[39m
                [0mImport[0m
              [36m</button>[39m
              [36m<button[39m
                [33mclass[39m=[32m"inline-flex items-center justify-center gap-2 whitespace-nowrap rounded-md text-sm font-medium transition-all disabled:pointer-events-none disabled:opacity-50 [&_svg]:pointer-events-none [&_svg:not([class*='size-'])]:size-4 shrink-0 [&_svg]:shrink-0 outline-none focus-visible:border-ring focus-visible:ring-ring/50 focus-visible:ring-[3px] aria-invalid:ring-destructive/20 dark:aria-invalid:ring-destructive/40 aria-invalid:border-destructive bg-primary text-primary-foreground shadow-xs hover:bg-primary/90 h-9 px-4 py-2 has-[>svg]:px-3"[39m
                [33mdata-slot[39m=[32m"button"[39m
              [36m>[39m
                [36m<div[39m
                  [33mdata-testid[39m=[32m"user-plus-icon"[39m
                [36m>[39m
                  [0mUserPlus[0m
                [36m</div>[39m
                [0mAdd Student[0m
              [36m</button>[39m
            [36m</div>[39m
          [36m</div>[39m
          [36m<div[39m
            [33mclass[39m=[32m"grid gap-4 md:grid-cols-2 lg:grid-cols-4"[39m
          [36m>[39m
            [36m<div[39m
              [33mclass[39m=[32m"bg-card text-card-foreground flex flex-col gap-6 rounded-xl border py-6 shadow-sm"[39m
              [33mdata-slot[39m=[32m"card"[39m
            [36m>[39m
              [36m<div[39m
                [33mclass[39m=[32m"@container/card-header grid auto-rows-min grid-rows-[auto_auto] items-start gap-1.5 px-6 has-data-[slot=card-action]:grid-cols-[1fr_auto] [.border-b]:pb-6 pb-3"[39m
                [33mdata-slot[39m=[32m"card-header"[39m
              [36m>[39m
                [36m<div[39m
                  [33mclass[39m=[32m"text-sm font-medium flex items-center gap-2"[39m
                  [33mdata-slot[39m=[32m"card-title"[39m
                [36m>[39m
                  [36m<div[39m
                    [33mdata-testid[39m=[32m"users-icon"[39m
                  [36m>[39m
                    [0mUsers[0m
                  [36m</div>[39m
                  [0mTotal Students[0m
                [36m</div>[39m
              [36m</div>[39m
              [36m<div[39m
                [33mclass[39m=[32m"px-6"[39m
                [33mdata-slot[39m=[32m"card-content"[39m
              [36m>[39m
                [36m<div[39m
                  [33mclass[39m=[32m"text-2xl font-bold"[39m
                [36m>[39m
                  [0m2[0m
                [36m</div>[39m
                [36m<p[39m
                  [33mclass[39m=[32m"text-xs text-muted-foreground"[39m
                [36m>[39m
                  [0m+12% from last month[0m
                [36m</p>[39m
              [36m</div>[39m
            [36m</div>[39m
            [36m<div[39m
              [33mclass[39m=[32m"bg-card text-card-foreground flex flex-col gap-6 rounded-xl border py-6 shadow-sm"[39m
              [33mdata-slot[39m=[32m"card"[39m
            [36m>[39m
              [36m<div[39m
                [33mclass[39m=[32m"@container/card-header grid auto-rows-min grid-rows-[auto_auto] items-start gap-1.5 px-6 has-data-[slot=card-action]:grid-cols-[1fr_auto] [.border-b]:pb-6 pb-3"[39m
                [33mdata-slot[39m=[32m"card-header"[39m
              [36m>[39m
                [36m<div[39m
                  [33mclass[39m=[32m"text-sm font-medium flex items-center gap-2"[39m
                  [33mdata-slot[39m=[32m"card-title"[39m
                [36m>[39m
                  [36m<div[39m
                    [33mdata-testid[39m=[32m"trending-up-icon"[39m
                  [36m>[39m
                    [0mTrendingUp[0m
                  [36m</div>[39m
                  [0mActive Students[0m
                [36m</div>[39m
              [36m</div>[39m
              [36m<div[39m
                [33mclass[39m=[32m"px-6"[39m
                [33mdata-slot[39m=[32m"card-content"[39m
              [36m>[39m
                [36m<div[39m
                  [33mclass[39m=[32m"text-2xl font-bold"[39m
                [36m>[39m
                  [0m2[0m
                [36m</div>[39m
                [36m<p[39m
                  [33mclass[39m=[32m"text-xs text-muted-foreground"[39m
                [36m>[39m
                  [0m100.0[0m
                  [0m% of total[0m
                [36m</p>[39m
              [36m</div>[39m
            [36m</div>[39m
            [36m<div[39m
              [33mclass[39m=[32m"bg-car...

      222 |     const actionButtons = screen.getAllByTestId('eye-icon');
      223 |     fireEvent.click(actionButtons[0]);
    > 224 |     fireEvent.click(screen.getByText('View Details'));
          |                            ^
      225 |     
      226 |     await waitFor(() => {
      227 |       expect(screen.getByText('HPA001')).toBeInTheDocument();

      at Object.getElementError (node_modules/.pnpm/@testing-library+dom@10.4.0/node_modules/@testing-library/dom/dist/config.js:37:19)
      at node_modules/.pnpm/@testing-library+dom@10.4.0/node_modules/@testing-library/dom/dist/query-helpers.js:76:38
      at node_modules/.pnpm/@testing-library+dom@10.4.0/node_modules/@testing-library/dom/dist/query-helpers.js:52:17
      at node_modules/.pnpm/@testing-library+dom@10.4.0/node_modules/@testing-library/dom/dist/query-helpers.js:95:19
      at Object.getByText (src/components/admin/__tests__/StudentInformationManager.test.tsx:224:28)

  ● StudentInformationManager › should display proficiency information

    TestingLibraryElementError: Unable to find an element with the text: View Details. This could be because the text is broken up by multiple elements. In this case, you can provide a function for your text matcher to make your matcher more flexible.

    Ignored nodes: comments, script, style
    [36m<body>[39m
      [36m<div>[39m
        [36m<div[39m
          [33mclass[39m=[32m"space-y-6"[39m
        [36m>[39m
          [36m<div[39m
            [33mclass[39m=[32m"flex flex-col gap-4 md:flex-row md:items-center md:justify-between"[39m
          [36m>[39m
            [36m<div>[39m
              [36m<h1[39m
                [33mclass[39m=[32m"text-3xl font-bold"[39m
              [36m>[39m
                [0mStudent Information Management[0m
              [36m</h1>[39m
              [36m<p[39m
                [33mclass[39m=[32m"text-muted-foreground"[39m
              [36m>[39m
                [0mManage student profiles, course information, and tracking data[0m
              [36m</p>[39m
            [36m</div>[39m
            [36m<div[39m
              [33mclass[39m=[32m"flex items-center gap-2"[39m
            [36m>[39m
              [36m<button[39m
                [33mclass[39m=[32m"inline-flex items-center justify-center gap-2 whitespace-nowrap rounded-md text-sm font-medium transition-all disabled:pointer-events-none disabled:opacity-50 [&_svg]:pointer-events-none [&_svg:not([class*='size-'])]:size-4 shrink-0 [&_svg]:shrink-0 outline-none focus-visible:border-ring focus-visible:ring-ring/50 focus-visible:ring-[3px] aria-invalid:ring-destructive/20 dark:aria-invalid:ring-destructive/40 aria-invalid:border-destructive border bg-background shadow-xs hover:bg-accent hover:text-accent-foreground dark:bg-input/30 dark:border-input dark:hover:bg-input/50 h-9 px-4 py-2 has-[>svg]:px-3"[39m
                [33mdata-slot[39m=[32m"button"[39m
              [36m>[39m
                [36m<div[39m
                  [33mdata-testid[39m=[32m"download-icon"[39m
                [36m>[39m
                  [0mDownload[0m
                [36m</div>[39m
                [0mExport[0m
              [36m</button>[39m
              [36m<button[39m
                [33mclass[39m=[32m"inline-flex items-center justify-center gap-2 whitespace-nowrap rounded-md text-sm font-medium transition-all disabled:pointer-events-none disabled:opacity-50 [&_svg]:pointer-events-none [&_svg:not([class*='size-'])]:size-4 shrink-0 [&_svg]:shrink-0 outline-none focus-visible:border-ring focus-visible:ring-ring/50 focus-visible:ring-[3px] aria-invalid:ring-destructive/20 dark:aria-invalid:ring-destructive/40 aria-invalid:border-destructive border bg-background shadow-xs hover:bg-accent hover:text-accent-foreground dark:bg-input/30 dark:border-input dark:hover:bg-input/50 h-9 px-4 py-2 has-[>svg]:px-3"[39m
                [33mdata-slot[39m=[32m"button"[39m
              [36m>[39m
                [36m<div[39m
                  [33mdata-testid[39m=[32m"upload-icon"[39m
                [36m>[39m
                  [0mUpload[0m
                [36m</div>[39m
                [0mImport[0m
              [36m</button>[39m
              [36m<button[39m
                [33mclass[39m=[32m"inline-flex items-center justify-center gap-2 whitespace-nowrap rounded-md text-sm font-medium transition-all disabled:pointer-events-none disabled:opacity-50 [&_svg]:pointer-events-none [&_svg:not([class*='size-'])]:size-4 shrink-0 [&_svg]:shrink-0 outline-none focus-visible:border-ring focus-visible:ring-ring/50 focus-visible:ring-[3px] aria-invalid:ring-destructive/20 dark:aria-invalid:ring-destructive/40 aria-invalid:border-destructive bg-primary text-primary-foreground shadow-xs hover:bg-primary/90 h-9 px-4 py-2 has-[>svg]:px-3"[39m
                [33mdata-slot[39m=[32m"button"[39m
              [36m>[39m
                [36m<div[39m
                  [33mdata-testid[39m=[32m"user-plus-icon"[39m
                [36m>[39m
                  [0mUserPlus[0m
                [36m</div>[39m
                [0mAdd Student[0m
              [36m</button>[39m
            [36m</div>[39m
          [36m</div>[39m
          [36m<div[39m
            [33mclass[39m=[32m"grid gap-4 md:grid-cols-2 lg:grid-cols-4"[39m
          [36m>[39m
            [36m<div[39m
              [33mclass[39m=[32m"bg-card text-card-foreground flex flex-col gap-6 rounded-xl border py-6 shadow-sm"[39m
              [33mdata-slot[39m=[32m"card"[39m
            [36m>[39m
              [36m<div[39m
                [33mclass[39m=[32m"@container/card-header grid auto-rows-min grid-rows-[auto_auto] items-start gap-1.5 px-6 has-data-[slot=card-action]:grid-cols-[1fr_auto] [.border-b]:pb-6 pb-3"[39m
                [33mdata-slot[39m=[32m"card-header"[39m
              [36m>[39m
                [36m<div[39m
                  [33mclass[39m=[32m"text-sm font-medium flex items-center gap-2"[39m
                  [33mdata-slot[39m=[32m"card-title"[39m
                [36m>[39m
                  [36m<div[39m
                    [33mdata-testid[39m=[32m"users-icon"[39m
                  [36m>[39m
                    [0mUsers[0m
                  [36m</div>[39m
                  [0mTotal Students[0m
                [36m</div>[39m
              [36m</div>[39m
              [36m<div[39m
                [33mclass[39m=[32m"px-6"[39m
                [33mdata-slot[39m=[32m"card-content"[39m
              [36m>[39m
                [36m<div[39m
                  [33mclass[39m=[32m"text-2xl font-bold"[39m
                [36m>[39m
                  [0m2[0m
                [36m</div>[39m
                [36m<p[39m
                  [33mclass[39m=[32m"text-xs text-muted-foreground"[39m
                [36m>[39m
                  [0m+12% from last month[0m
                [36m</p>[39m
              [36m</div>[39m
            [36m</div>[39m
            [36m<div[39m
              [33mclass[39m=[32m"bg-card text-card-foreground flex flex-col gap-6 rounded-xl border py-6 shadow-sm"[39m
              [33mdata-slot[39m=[32m"card"[39m
            [36m>[39m
              [36m<div[39m
                [33mclass[39m=[32m"@container/card-header grid auto-rows-min grid-rows-[auto_auto] items-start gap-1.5 px-6 has-data-[slot=card-action]:grid-cols-[1fr_auto] [.border-b]:pb-6 pb-3"[39m
                [33mdata-slot[39m=[32m"card-header"[39m
              [36m>[39m
                [36m<div[39m
                  [33mclass[39m=[32m"text-sm font-medium flex items-center gap-2"[39m
                  [33mdata-slot[39m=[32m"card-title"[39m
                [36m>[39m
                  [36m<div[39m
                    [33mdata-testid[39m=[32m"trending-up-icon"[39m
                  [36m>[39m
                    [0mTrendingUp[0m
                  [36m</div>[39m
                  [0mActive Students[0m
                [36m</div>[39m
              [36m</div>[39m
              [36m<div[39m
                [33mclass[39m=[32m"px-6"[39m
                [33mdata-slot[39m=[32m"card-content"[39m
              [36m>[39m
                [36m<div[39m
                  [33mclass[39m=[32m"text-2xl font-bold"[39m
                [36m>[39m
                  [0m2[0m
                [36m</div>[39m
                [36m<p[39m
                  [33mclass[39m=[32m"text-xs text-muted-foreground"[39m
                [36m>[39m
                  [0m100.0[0m
                  [0m% of total[0m
                [36m</p>[39m
              [36m</div>[39m
            [36m</div>[39m
            [36m<div[39m
              [33mclass[39m=[32m"bg-car...

      235 |     const actionButtons = screen.getAllByTestId('eye-icon');
      236 |     fireEvent.click(actionButtons[0]);
    > 237 |     fireEvent.click(screen.getByText('View Details'));
          |                            ^
      238 |     
      239 |     await waitFor(() => {
      240 |       expect(screen.getByText('Intermediate')).toBeInTheDocument();

      at Object.getElementError (node_modules/.pnpm/@testing-library+dom@10.4.0/node_modules/@testing-library/dom/dist/config.js:37:19)
      at node_modules/.pnpm/@testing-library+dom@10.4.0/node_modules/@testing-library/dom/dist/query-helpers.js:76:38
      at node_modules/.pnpm/@testing-library+dom@10.4.0/node_modules/@testing-library/dom/dist/query-helpers.js:52:17
      at node_modules/.pnpm/@testing-library+dom@10.4.0/node_modules/@testing-library/dom/dist/query-helpers.js:95:19
      at Object.getByText (src/components/admin/__tests__/StudentInformationManager.test.tsx:237:28)

  ● StudentInformationManager › should show payment information correctly

    TestingLibraryElementError: Unable to find an element with the text: View Details. This could be because the text is broken up by multiple elements. In this case, you can provide a function for your text matcher to make your matcher more flexible.

    Ignored nodes: comments, script, style
    [36m<body>[39m
      [36m<div>[39m
        [36m<div[39m
          [33mclass[39m=[32m"space-y-6"[39m
        [36m>[39m
          [36m<div[39m
            [33mclass[39m=[32m"flex flex-col gap-4 md:flex-row md:items-center md:justify-between"[39m
          [36m>[39m
            [36m<div>[39m
              [36m<h1[39m
                [33mclass[39m=[32m"text-3xl font-bold"[39m
              [36m>[39m
                [0mStudent Information Management[0m
              [36m</h1>[39m
              [36m<p[39m
                [33mclass[39m=[32m"text-muted-foreground"[39m
              [36m>[39m
                [0mManage student profiles, course information, and tracking data[0m
              [36m</p>[39m
            [36m</div>[39m
            [36m<div[39m
              [33mclass[39m=[32m"flex items-center gap-2"[39m
            [36m>[39m
              [36m<button[39m
                [33mclass[39m=[32m"inline-flex items-center justify-center gap-2 whitespace-nowrap rounded-md text-sm font-medium transition-all disabled:pointer-events-none disabled:opacity-50 [&_svg]:pointer-events-none [&_svg:not([class*='size-'])]:size-4 shrink-0 [&_svg]:shrink-0 outline-none focus-visible:border-ring focus-visible:ring-ring/50 focus-visible:ring-[3px] aria-invalid:ring-destructive/20 dark:aria-invalid:ring-destructive/40 aria-invalid:border-destructive border bg-background shadow-xs hover:bg-accent hover:text-accent-foreground dark:bg-input/30 dark:border-input dark:hover:bg-input/50 h-9 px-4 py-2 has-[>svg]:px-3"[39m
                [33mdata-slot[39m=[32m"button"[39m
              [36m>[39m
                [36m<div[39m
                  [33mdata-testid[39m=[32m"download-icon"[39m
                [36m>[39m
                  [0mDownload[0m
                [36m</div>[39m
                [0mExport[0m
              [36m</button>[39m
              [36m<button[39m
                [33mclass[39m=[32m"inline-flex items-center justify-center gap-2 whitespace-nowrap rounded-md text-sm font-medium transition-all disabled:pointer-events-none disabled:opacity-50 [&_svg]:pointer-events-none [&_svg:not([class*='size-'])]:size-4 shrink-0 [&_svg]:shrink-0 outline-none focus-visible:border-ring focus-visible:ring-ring/50 focus-visible:ring-[3px] aria-invalid:ring-destructive/20 dark:aria-invalid:ring-destructive/40 aria-invalid:border-destructive border bg-background shadow-xs hover:bg-accent hover:text-accent-foreground dark:bg-input/30 dark:border-input dark:hover:bg-input/50 h-9 px-4 py-2 has-[>svg]:px-3"[39m
                [33mdata-slot[39m=[32m"button"[39m
              [36m>[39m
                [36m<div[39m
                  [33mdata-testid[39m=[32m"upload-icon"[39m
                [36m>[39m
                  [0mUpload[0m
                [36m</div>[39m
                [0mImport[0m
              [36m</button>[39m
              [36m<button[39m
                [33mclass[39m=[32m"inline-flex items-center justify-center gap-2 whitespace-nowrap rounded-md text-sm font-medium transition-all disabled:pointer-events-none disabled:opacity-50 [&_svg]:pointer-events-none [&_svg:not([class*='size-'])]:size-4 shrink-0 [&_svg]:shrink-0 outline-none focus-visible:border-ring focus-visible:ring-ring/50 focus-visible:ring-[3px] aria-invalid:ring-destructive/20 dark:aria-invalid:ring-destructive/40 aria-invalid:border-destructive bg-primary text-primary-foreground shadow-xs hover:bg-primary/90 h-9 px-4 py-2 has-[>svg]:px-3"[39m
                [33mdata-slot[39m=[32m"button"[39m
              [36m>[39m
                [36m<div[39m
                  [33mdata-testid[39m=[32m"user-plus-icon"[39m
                [36m>[39m
                  [0mUserPlus[0m
                [36m</div>[39m
                [0mAdd Student[0m
              [36m</button>[39m
            [36m</div>[39m
          [36m</div>[39m
          [36m<div[39m
            [33mclass[39m=[32m"grid gap-4 md:grid-cols-2 lg:grid-cols-4"[39m
          [36m>[39m
            [36m<div[39m
              [33mclass[39m=[32m"bg-card text-card-foreground flex flex-col gap-6 rounded-xl border py-6 shadow-sm"[39m
              [33mdata-slot[39m=[32m"card"[39m
            [36m>[39m
              [36m<div[39m
                [33mclass[39m=[32m"@container/card-header grid auto-rows-min grid-rows-[auto_auto] items-start gap-1.5 px-6 has-data-[slot=card-action]:grid-cols-[1fr_auto] [.border-b]:pb-6 pb-3"[39m
                [33mdata-slot[39m=[32m"card-header"[39m
              [36m>[39m
                [36m<div[39m
                  [33mclass[39m=[32m"text-sm font-medium flex items-center gap-2"[39m
                  [33mdata-slot[39m=[32m"card-title"[39m
                [36m>[39m
                  [36m<div[39m
                    [33mdata-testid[39m=[32m"users-icon"[39m
                  [36m>[39m
                    [0mUsers[0m
                  [36m</div>[39m
                  [0mTotal Students[0m
                [36m</div>[39m
              [36m</div>[39m
              [36m<div[39m
                [33mclass[39m=[32m"px-6"[39m
                [33mdata-slot[39m=[32m"card-content"[39m
              [36m>[39m
                [36m<div[39m
                  [33mclass[39m=[32m"text-2xl font-bold"[39m
                [36m>[39m
                  [0m2[0m
                [36m</div>[39m
                [36m<p[39m
                  [33mclass[39m=[32m"text-xs text-muted-foreground"[39m
                [36m>[39m
                  [0m+12% from last month[0m
                [36m</p>[39m
              [36m</div>[39m
            [36m</div>[39m
            [36m<div[39m
              [33mclass[39m=[32m"bg-card text-card-foreground flex flex-col gap-6 rounded-xl border py-6 shadow-sm"[39m
              [33mdata-slot[39m=[32m"card"[39m
            [36m>[39m
              [36m<div[39m
                [33mclass[39m=[32m"@container/card-header grid auto-rows-min grid-rows-[auto_auto] items-start gap-1.5 px-6 has-data-[slot=card-action]:grid-cols-[1fr_auto] [.border-b]:pb-6 pb-3"[39m
                [33mdata-slot[39m=[32m"card-header"[39m
              [36m>[39m
                [36m<div[39m
                  [33mclass[39m=[32m"text-sm font-medium flex items-center gap-2"[39m
                  [33mdata-slot[39m=[32m"card-title"[39m
                [36m>[39m
                  [36m<div[39m
                    [33mdata-testid[39m=[32m"trending-up-icon"[39m
                  [36m>[39m
                    [0mTrendingUp[0m
                  [36m</div>[39m
                  [0mActive Students[0m
                [36m</div>[39m
              [36m</div>[39m
              [36m<div[39m
                [33mclass[39m=[32m"px-6"[39m
                [33mdata-slot[39m=[32m"card-content"[39m
              [36m>[39m
                [36m<div[39m
                  [33mclass[39m=[32m"text-2xl font-bold"[39m
                [36m>[39m
                  [0m2[0m
                [36m</div>[39m
                [36m<p[39m
                  [33mclass[39m=[32m"text-xs text-muted-foreground"[39m
                [36m>[39m
                  [0m100.0[0m
                  [0m% of total[0m
                [36m</p>[39m
              [36m</div>[39m
            [36m</div>[39m
            [36m<div[39m
              [33mclass[39m=[32m"bg-car...

      249 |     const actionButtons = screen.getAllByTestId('eye-icon');
      250 |     fireEvent.click(actionButtons[0]);
    > 251 |     fireEvent.click(screen.getByText('View Details'));
          |                            ^
      252 |     
      253 |     await waitFor(() => {
      254 |       expect(screen.getByText('RM 3,600')).toBeInTheDocument();

      at Object.getElementError (node_modules/.pnpm/@testing-library+dom@10.4.0/node_modules/@testing-library/dom/dist/config.js:37:19)
      at node_modules/.pnpm/@testing-library+dom@10.4.0/node_modules/@testing-library/dom/dist/query-helpers.js:76:38
      at node_modules/.pnpm/@testing-library+dom@10.4.0/node_modules/@testing-library/dom/dist/query-helpers.js:52:17
      at node_modules/.pnpm/@testing-library+dom@10.4.0/node_modules/@testing-library/dom/dist/query-helpers.js:95:19
      at Object.getByText (src/components/admin/__tests__/StudentInformationManager.test.tsx:251:28)

  ● StudentInformationManager › should handle edit student

    Unable to find an element with the text: Edit. This could be because the text is broken up by multiple elements. In this case, you can provide a function for your text matcher to make your matcher more flexible.

    Ignored nodes: comments, script, style
    [36m<body>[39m
      [36m<div>[39m
        [36m<div[39m
          [33mclass[39m=[32m"space-y-6"[39m
        [36m>[39m
          [36m<div[39m
            [33mclass[39m=[32m"flex flex-col gap-4 md:flex-row md:items-center md:justify-between"[39m
          [36m>[39m
            [36m<div>[39m
              [36m<h1[39m
                [33mclass[39m=[32m"text-3xl font-bold"[39m
              [36m>[39m
                [0mStudent Information Management[0m
              [36m</h1>[39m
              [36m<p[39m
                [33mclass[39m=[32m"text-muted-foreground"[39m
              [36m>[39m
                [0mManage student profiles, course information, and tracking data[0m
              [36m</p>[39m
            [36m</div>[39m
            [36m<div[39m
              [33mclass[39m=[32m"flex items-center gap-2"[39m
            [36m>[39m
              [36m<button[39m
                [33mclass[39m=[32m"inline-flex items-center justify-center gap-2 whitespace-nowrap rounded-md text-sm font-medium transition-all disabled:pointer-events-none disabled:opacity-50 [&_svg]:pointer-events-none [&_svg:not([class*='size-'])]:size-4 shrink-0 [&_svg]:shrink-0 outline-none focus-visible:border-ring focus-visible:ring-ring/50 focus-visible:ring-[3px] aria-invalid:ring-destructive/20 dark:aria-invalid:ring-destructive/40 aria-invalid:border-destructive border bg-background shadow-xs hover:bg-accent hover:text-accent-foreground dark:bg-input/30 dark:border-input dark:hover:bg-input/50 h-9 px-4 py-2 has-[>svg]:px-3"[39m
                [33mdata-slot[39m=[32m"button"[39m
              [36m>[39m
                [36m<div[39m
                  [33mdata-testid[39m=[32m"download-icon"[39m
                [36m>[39m
                  [0mDownload[0m
                [36m</div>[39m
                [0mExport[0m
              [36m</button>[39m
              [36m<button[39m
                [33mclass[39m=[32m"inline-flex items-center justify-center gap-2 whitespace-nowrap rounded-md text-sm font-medium transition-all disabled:pointer-events-none disabled:opacity-50 [&_svg]:pointer-events-none [&_svg:not([class*='size-'])]:size-4 shrink-0 [&_svg]:shrink-0 outline-none focus-visible:border-ring focus-visible:ring-ring/50 focus-visible:ring-[3px] aria-invalid:ring-destructive/20 dark:aria-invalid:ring-destructive/40 aria-invalid:border-destructive border bg-background shadow-xs hover:bg-accent hover:text-accent-foreground dark:bg-input/30 dark:border-input dark:hover:bg-input/50 h-9 px-4 py-2 has-[>svg]:px-3"[39m
                [33mdata-slot[39m=[32m"button"[39m
              [36m>[39m
                [36m<div[39m
                  [33mdata-testid[39m=[32m"upload-icon"[39m
                [36m>[39m
                  [0mUpload[0m
                [36m</div>[39m
                [0mImport[0m
              [36m</button>[39m
              [36m<button[39m
                [33mclass[39m=[32m"inline-flex items-center justify-center gap-2 whitespace-nowrap rounded-md text-sm font-medium transition-all disabled:pointer-events-none disabled:opacity-50 [&_svg]:pointer-events-none [&_svg:not([class*='size-'])]:size-4 shrink-0 [&_svg]:shrink-0 outline-none focus-visible:border-ring focus-visible:ring-ring/50 focus-visible:ring-[3px] aria-invalid:ring-destructive/20 dark:aria-invalid:ring-destructive/40 aria-invalid:border-destructive bg-primary text-primary-foreground shadow-xs hover:bg-primary/90 h-9 px-4 py-2 has-[>svg]:px-3"[39m
                [33mdata-slot[39m=[32m"button"[39m
              [36m>[39m
                [36m<div[39m
                  [33mdata-testid[39m=[32m"user-plus-icon"[39m
                [36m>[39m
                  [0mUserPlus[0m
                [36m</div>[39m
                [0mAdd Student[0m
              [36m</button>[39m
            [36m</div>[39m
          [36m</div>[39m
          [36m<div[39m
            [33mclass[39m=[32m"grid gap-4 md:grid-cols-2 lg:grid-cols-4"[39m
          [36m>[39m
            [36m<div[39m
              [33mclass[39m=[32m"bg-card text-card-foreground flex flex-col gap-6 rounded-xl border py-6 shadow-sm"[39m
              [33mdata-slot[39m=[32m"card"[39m
            [36m>[39m
              [36m<div[39m
                [33mclass[39m=[32m"@container/card-header grid auto-rows-min grid-rows-[auto_auto] items-start gap-1.5 px-6 has-data-[slot=card-action]:grid-cols-[1fr_auto] [.border-b]:pb-6 pb-3"[39m
                [33mdata-slot[39m=[32m"card-header"[39m
              [36m>[39m
                [36m<div[39m
                  [33mclass[39m=[32m"text-sm font-medium flex items-center gap-2"[39m
                  [33mdata-slot[39m=[32m"card-title"[39m
                [36m>[39m
                  [36m<div[39m
                    [33mdata-testid[39m=[32m"users-icon"[39m
                  [36m>[39m
                    [0mUsers[0m
                  [36m</div>[39m
                  [0mTotal Students[0m
                [36m</div>[39m
              [36m</div>[39m
              [36m<div[39m
                [33mclass[39m=[32m"px-6"[39m
                [33mdata-slot[39m=[32m"card-content"[39m
              [36m>[39m
                [36m<div[39m
                  [33mclass[39m=[32m"text-2xl font-bold"[39m
                [36m>[39m
                  [0m2[0m
                [36m</div>[39m
                [36m<p[39m
                  [33mclass[39m=[32m"text-xs text-muted-foreground"[39m
                [36m>[39m
                  [0m+12% from last month[0m
                [36m</p>[39m
              [36m</div>[39m
            [36m</div>[39m
            [36m<div[39m
              [33mclass[39m=[32m"bg-card text-card-foreground flex flex-col gap-6 rounded-xl border py-6 shadow-sm"[39m
              [33mdata-slot[39m=[32m"card"[39m
            [36m>[39m
              [36m<div[39m
                [33mclass[39m=[32m"@container/card-header grid auto-rows-min grid-rows-[auto_auto] items-start gap-1.5 px-6 has-data-[slot=card-action]:grid-cols-[1fr_auto] [.border-b]:pb-6 pb-3"[39m
                [33mdata-slot[39m=[32m"card-header"[39m
              [36m>[39m
                [36m<div[39m
                  [33mclass[39m=[32m"text-sm font-medium flex items-center gap-2"[39m
                  [33mdata-slot[39m=[32m"card-title"[39m
                [36m>[39m
                  [36m<div[39m
                    [33mdata-testid[39m=[32m"trending-up-icon"[39m
                  [36m>[39m
                    [0mTrendingUp[0m
                  [36m</div>[39m
                  [0mActive Students[0m
                [36m</div>[39m
              [36m</div>[39m
              [36m<div[39m
                [33mclass[39m=[32m"px-6"[39m
                [33mdata-slot[39m=[32m"card-content"[39m
              [36m>[39m
                [36m<div[39m
                  [33mclass[39m=[32m"text-2xl font-bold"[39m
                [36m>[39m
                  [0m2[0m
                [36m</div>[39m
                [36m<p[39m
                  [33mclass[39m=[32m"text-xs text-muted-foreground"[39m
                [36m>[39m
                  [0m100.0[0m
                  [0m% of total[0m
                [36m</p>[39m
              [36m</div>[39m
            [36m</div>[39m
            [36m<div[39m
              [33mclass[39m=[32m"bg-car...

      263 |     fireEvent.click(actionButtons[0]);
      264 |     
    > 265 |     await waitFor(() => {
          |                  ^
      266 |       fireEvent.click(screen.getByText('Edit'));
      267 |     });
      268 |     

      at waitForWrapper (node_modules/.pnpm/@testing-library+dom@10.4.0/node_modules/@testing-library/dom/dist/wait-for.js:163:27)
      at Object.<anonymous> (src/components/admin/__tests__/StudentInformationManager.test.tsx:265:18)

  ● StudentInformationManager › should handle delete student confirmation

    Unable to find an element with the text: Delete. This could be because the text is broken up by multiple elements. In this case, you can provide a function for your text matcher to make your matcher more flexible.

    Ignored nodes: comments, script, style
    [36m<body>[39m
      [36m<div>[39m
        [36m<div[39m
          [33mclass[39m=[32m"space-y-6"[39m
        [36m>[39m
          [36m<div[39m
            [33mclass[39m=[32m"flex flex-col gap-4 md:flex-row md:items-center md:justify-between"[39m
          [36m>[39m
            [36m<div>[39m
              [36m<h1[39m
                [33mclass[39m=[32m"text-3xl font-bold"[39m
              [36m>[39m
                [0mStudent Information Management[0m
              [36m</h1>[39m
              [36m<p[39m
                [33mclass[39m=[32m"text-muted-foreground"[39m
              [36m>[39m
                [0mManage student profiles, course information, and tracking data[0m
              [36m</p>[39m
            [36m</div>[39m
            [36m<div[39m
              [33mclass[39m=[32m"flex items-center gap-2"[39m
            [36m>[39m
              [36m<button[39m
                [33mclass[39m=[32m"inline-flex items-center justify-center gap-2 whitespace-nowrap rounded-md text-sm font-medium transition-all disabled:pointer-events-none disabled:opacity-50 [&_svg]:pointer-events-none [&_svg:not([class*='size-'])]:size-4 shrink-0 [&_svg]:shrink-0 outline-none focus-visible:border-ring focus-visible:ring-ring/50 focus-visible:ring-[3px] aria-invalid:ring-destructive/20 dark:aria-invalid:ring-destructive/40 aria-invalid:border-destructive border bg-background shadow-xs hover:bg-accent hover:text-accent-foreground dark:bg-input/30 dark:border-input dark:hover:bg-input/50 h-9 px-4 py-2 has-[>svg]:px-3"[39m
                [33mdata-slot[39m=[32m"button"[39m
              [36m>[39m
                [36m<div[39m
                  [33mdata-testid[39m=[32m"download-icon"[39m
                [36m>[39m
                  [0mDownload[0m
                [36m</div>[39m
                [0mExport[0m
              [36m</button>[39m
              [36m<button[39m
                [33mclass[39m=[32m"inline-flex items-center justify-center gap-2 whitespace-nowrap rounded-md text-sm font-medium transition-all disabled:pointer-events-none disabled:opacity-50 [&_svg]:pointer-events-none [&_svg:not([class*='size-'])]:size-4 shrink-0 [&_svg]:shrink-0 outline-none focus-visible:border-ring focus-visible:ring-ring/50 focus-visible:ring-[3px] aria-invalid:ring-destructive/20 dark:aria-invalid:ring-destructive/40 aria-invalid:border-destructive border bg-background shadow-xs hover:bg-accent hover:text-accent-foreground dark:bg-input/30 dark:border-input dark:hover:bg-input/50 h-9 px-4 py-2 has-[>svg]:px-3"[39m
                [33mdata-slot[39m=[32m"button"[39m
              [36m>[39m
                [36m<div[39m
                  [33mdata-testid[39m=[32m"upload-icon"[39m
                [36m>[39m
                  [0mUpload[0m
                [36m</div>[39m
                [0mImport[0m
              [36m</button>[39m
              [36m<button[39m
                [33mclass[39m=[32m"inline-flex items-center justify-center gap-2 whitespace-nowrap rounded-md text-sm font-medium transition-all disabled:pointer-events-none disabled:opacity-50 [&_svg]:pointer-events-none [&_svg:not([class*='size-'])]:size-4 shrink-0 [&_svg]:shrink-0 outline-none focus-visible:border-ring focus-visible:ring-ring/50 focus-visible:ring-[3px] aria-invalid:ring-destructive/20 dark:aria-invalid:ring-destructive/40 aria-invalid:border-destructive bg-primary text-primary-foreground shadow-xs hover:bg-primary/90 h-9 px-4 py-2 has-[>svg]:px-3"[39m
                [33mdata-slot[39m=[32m"button"[39m
              [36m>[39m
                [36m<div[39m
                  [33mdata-testid[39m=[32m"user-plus-icon"[39m
                [36m>[39m
                  [0mUserPlus[0m
                [36m</div>[39m
                [0mAdd Student[0m
              [36m</button>[39m
            [36m</div>[39m
          [36m</div>[39m
          [36m<div[39m
            [33mclass[39m=[32m"grid gap-4 md:grid-cols-2 lg:grid-cols-4"[39m
          [36m>[39m
            [36m<div[39m
              [33mclass[39m=[32m"bg-card text-card-foreground flex flex-col gap-6 rounded-xl border py-6 shadow-sm"[39m
              [33mdata-slot[39m=[32m"card"[39m
            [36m>[39m
              [36m<div[39m
                [33mclass[39m=[32m"@container/card-header grid auto-rows-min grid-rows-[auto_auto] items-start gap-1.5 px-6 has-data-[slot=card-action]:grid-cols-[1fr_auto] [.border-b]:pb-6 pb-3"[39m
                [33mdata-slot[39m=[32m"card-header"[39m
              [36m>[39m
                [36m<div[39m
                  [33mclass[39m=[32m"text-sm font-medium flex items-center gap-2"[39m
                  [33mdata-slot[39m=[32m"card-title"[39m
                [36m>[39m
                  [36m<div[39m
                    [33mdata-testid[39m=[32m"users-icon"[39m
                  [36m>[39m
                    [0mUsers[0m
                  [36m</div>[39m
                  [0mTotal Students[0m
                [36m</div>[39m
              [36m</div>[39m
              [36m<div[39m
                [33mclass[39m=[32m"px-6"[39m
                [33mdata-slot[39m=[32m"card-content"[39m
              [36m>[39m
                [36m<div[39m
                  [33mclass[39m=[32m"text-2xl font-bold"[39m
                [36m>[39m
                  [0m2[0m
                [36m</div>[39m
                [36m<p[39m
                  [33mclass[39m=[32m"text-xs text-muted-foreground"[39m
                [36m>[39m
                  [0m+12% from last month[0m
                [36m</p>[39m
              [36m</div>[39m
            [36m</div>[39m
            [36m<div[39m
              [33mclass[39m=[32m"bg-card text-card-foreground flex flex-col gap-6 rounded-xl border py-6 shadow-sm"[39m
              [33mdata-slot[39m=[32m"card"[39m
            [36m>[39m
              [36m<div[39m
                [33mclass[39m=[32m"@container/card-header grid auto-rows-min grid-rows-[auto_auto] items-start gap-1.5 px-6 has-data-[slot=card-action]:grid-cols-[1fr_auto] [.border-b]:pb-6 pb-3"[39m
                [33mdata-slot[39m=[32m"card-header"[39m
              [36m>[39m
                [36m<div[39m
                  [33mclass[39m=[32m"text-sm font-medium flex items-center gap-2"[39m
                  [33mdata-slot[39m=[32m"card-title"[39m
                [36m>[39m
                  [36m<div[39m
                    [33mdata-testid[39m=[32m"trending-up-icon"[39m
                  [36m>[39m
                    [0mTrendingUp[0m
                  [36m</div>[39m
                  [0mActive Students[0m
                [36m</div>[39m
              [36m</div>[39m
              [36m<div[39m
                [33mclass[39m=[32m"px-6"[39m
                [33mdata-slot[39m=[32m"card-content"[39m
              [36m>[39m
                [36m<div[39m
                  [33mclass[39m=[32m"text-2xl font-bold"[39m
                [36m>[39m
                  [0m2[0m
                [36m</div>[39m
                [36m<p[39m
                  [33mclass[39m=[32m"text-xs text-muted-foreground"[39m
                [36m>[39m
                  [0m100.0[0m
                  [0m% of total[0m
                [36m</p>[39m
              [36m</div>[39m
            [36m</div>[39m
            [36m<div[39m
              [33mclass[39m=[32m"bg-car...

      277 |     fireEvent.click(actionButtons[0]);
      278 |     
    > 279 |     await waitFor(() => {
          |                  ^
      280 |       fireEvent.click(screen.getByText('Delete'));
      281 |     });
      282 |     

      at waitForWrapper (node_modules/.pnpm/@testing-library+dom@10.4.0/node_modules/@testing-library/dom/dist/wait-for.js:163:27)
      at Object.<anonymous> (src/components/admin/__tests__/StudentInformationManager.test.tsx:279:18)

  ● StudentInformationManager › should execute delete after confirmation

    TestingLibraryElementError: Unable to find an element with the text: Delete. This could be because the text is broken up by multiple elements. In this case, you can provide a function for your text matcher to make your matcher more flexible.

    Ignored nodes: comments, script, style
    [36m<body>[39m
      [36m<div>[39m
        [36m<div[39m
          [33mclass[39m=[32m"space-y-6"[39m
        [36m>[39m
          [36m<div[39m
            [33mclass[39m=[32m"flex flex-col gap-4 md:flex-row md:items-center md:justify-between"[39m
          [36m>[39m
            [36m<div>[39m
              [36m<h1[39m
                [33mclass[39m=[32m"text-3xl font-bold"[39m
              [36m>[39m
                [0mStudent Information Management[0m
              [36m</h1>[39m
              [36m<p[39m
                [33mclass[39m=[32m"text-muted-foreground"[39m
              [36m>[39m
                [0mManage student profiles, course information, and tracking data[0m
              [36m</p>[39m
            [36m</div>[39m
            [36m<div[39m
              [33mclass[39m=[32m"flex items-center gap-2"[39m
            [36m>[39m
              [36m<button[39m
                [33mclass[39m=[32m"inline-flex items-center justify-center gap-2 whitespace-nowrap rounded-md text-sm font-medium transition-all disabled:pointer-events-none disabled:opacity-50 [&_svg]:pointer-events-none [&_svg:not([class*='size-'])]:size-4 shrink-0 [&_svg]:shrink-0 outline-none focus-visible:border-ring focus-visible:ring-ring/50 focus-visible:ring-[3px] aria-invalid:ring-destructive/20 dark:aria-invalid:ring-destructive/40 aria-invalid:border-destructive border bg-background shadow-xs hover:bg-accent hover:text-accent-foreground dark:bg-input/30 dark:border-input dark:hover:bg-input/50 h-9 px-4 py-2 has-[>svg]:px-3"[39m
                [33mdata-slot[39m=[32m"button"[39m
              [36m>[39m
                [36m<div[39m
                  [33mdata-testid[39m=[32m"download-icon"[39m
                [36m>[39m
                  [0mDownload[0m
                [36m</div>[39m
                [0mExport[0m
              [36m</button>[39m
              [36m<button[39m
                [33mclass[39m=[32m"inline-flex items-center justify-center gap-2 whitespace-nowrap rounded-md text-sm font-medium transition-all disabled:pointer-events-none disabled:opacity-50 [&_svg]:pointer-events-none [&_svg:not([class*='size-'])]:size-4 shrink-0 [&_svg]:shrink-0 outline-none focus-visible:border-ring focus-visible:ring-ring/50 focus-visible:ring-[3px] aria-invalid:ring-destructive/20 dark:aria-invalid:ring-destructive/40 aria-invalid:border-destructive border bg-background shadow-xs hover:bg-accent hover:text-accent-foreground dark:bg-input/30 dark:border-input dark:hover:bg-input/50 h-9 px-4 py-2 has-[>svg]:px-3"[39m
                [33mdata-slot[39m=[32m"button"[39m
              [36m>[39m
                [36m<div[39m
                  [33mdata-testid[39m=[32m"upload-icon"[39m
                [36m>[39m
                  [0mUpload[0m
                [36m</div>[39m
                [0mImport[0m
              [36m</button>[39m
              [36m<button[39m
                [33mclass[39m=[32m"inline-flex items-center justify-center gap-2 whitespace-nowrap rounded-md text-sm font-medium transition-all disabled:pointer-events-none disabled:opacity-50 [&_svg]:pointer-events-none [&_svg:not([class*='size-'])]:size-4 shrink-0 [&_svg]:shrink-0 outline-none focus-visible:border-ring focus-visible:ring-ring/50 focus-visible:ring-[3px] aria-invalid:ring-destructive/20 dark:aria-invalid:ring-destructive/40 aria-invalid:border-destructive bg-primary text-primary-foreground shadow-xs hover:bg-primary/90 h-9 px-4 py-2 has-[>svg]:px-3"[39m
                [33mdata-slot[39m=[32m"button"[39m
              [36m>[39m
                [36m<div[39m
                  [33mdata-testid[39m=[32m"user-plus-icon"[39m
                [36m>[39m
                  [0mUserPlus[0m
                [36m</div>[39m
                [0mAdd Student[0m
              [36m</button>[39m
            [36m</div>[39m
          [36m</div>[39m
          [36m<div[39m
            [33mclass[39m=[32m"grid gap-4 md:grid-cols-2 lg:grid-cols-4"[39m
          [36m>[39m
            [36m<div[39m
              [33mclass[39m=[32m"bg-card text-card-foreground flex flex-col gap-6 rounded-xl border py-6 shadow-sm"[39m
              [33mdata-slot[39m=[32m"card"[39m
            [36m>[39m
              [36m<div[39m
                [33mclass[39m=[32m"@container/card-header grid auto-rows-min grid-rows-[auto_auto] items-start gap-1.5 px-6 has-data-[slot=card-action]:grid-cols-[1fr_auto] [.border-b]:pb-6 pb-3"[39m
                [33mdata-slot[39m=[32m"card-header"[39m
              [36m>[39m
                [36m<div[39m
                  [33mclass[39m=[32m"text-sm font-medium flex items-center gap-2"[39m
                  [33mdata-slot[39m=[32m"card-title"[39m
                [36m>[39m
                  [36m<div[39m
                    [33mdata-testid[39m=[32m"users-icon"[39m
                  [36m>[39m
                    [0mUsers[0m
                  [36m</div>[39m
                  [0mTotal Students[0m
                [36m</div>[39m
              [36m</div>[39m
              [36m<div[39m
                [33mclass[39m=[32m"px-6"[39m
                [33mdata-slot[39m=[32m"card-content"[39m
              [36m>[39m
                [36m<div[39m
                  [33mclass[39m=[32m"text-2xl font-bold"[39m
                [36m>[39m
                  [0m2[0m
                [36m</div>[39m
                [36m<p[39m
                  [33mclass[39m=[32m"text-xs text-muted-foreground"[39m
                [36m>[39m
                  [0m+12% from last month[0m
                [36m</p>[39m
              [36m</div>[39m
            [36m</div>[39m
            [36m<div[39m
              [33mclass[39m=[32m"bg-card text-card-foreground flex flex-col gap-6 rounded-xl border py-6 shadow-sm"[39m
              [33mdata-slot[39m=[32m"card"[39m
            [36m>[39m
              [36m<div[39m
                [33mclass[39m=[32m"@container/card-header grid auto-rows-min grid-rows-[auto_auto] items-start gap-1.5 px-6 has-data-[slot=card-action]:grid-cols-[1fr_auto] [.border-b]:pb-6 pb-3"[39m
                [33mdata-slot[39m=[32m"card-header"[39m
              [36m>[39m
                [36m<div[39m
                  [33mclass[39m=[32m"text-sm font-medium flex items-center gap-2"[39m
                  [33mdata-slot[39m=[32m"card-title"[39m
                [36m>[39m
                  [36m<div[39m
                    [33mdata-testid[39m=[32m"trending-up-icon"[39m
                  [36m>[39m
                    [0mTrendingUp[0m
                  [36m</div>[39m
                  [0mActive Students[0m
                [36m</div>[39m
              [36m</div>[39m
              [36m<div[39m
                [33mclass[39m=[32m"px-6"[39m
                [33mdata-slot[39m=[32m"card-content"[39m
              [36m>[39m
                [36m<div[39m
                  [33mclass[39m=[32m"text-2xl font-bold"[39m
                [36m>[39m
                  [0m2[0m
                [36m</div>[39m
                [36m<p[39m
                  [33mclass[39m=[32m"text-xs text-muted-foreground"[39m
                [36m>[39m
                  [0m100.0[0m
                  [0m% of total[0m
                [36m</p>[39m
              [36m</div>[39m
            [36m</div>[39m
            [36m<div[39m
              [33mclass[39m=[32m"bg-car...

      293 |     const actionButtons = screen.getAllByTestId('eye-icon');
      294 |     fireEvent.click(actionButtons[0]);
    > 295 |     fireEvent.click(screen.getByText('Delete'));
          |                            ^
      296 |     
      297 |     await waitFor(() => {
      298 |       const deleteButton = screen.getByRole('button', { name: 'Delete' });

      at Object.getElementError (node_modules/.pnpm/@testing-library+dom@10.4.0/node_modules/@testing-library/dom/dist/config.js:37:19)
      at node_modules/.pnpm/@testing-library+dom@10.4.0/node_modules/@testing-library/dom/dist/query-helpers.js:76:38
      at node_modules/.pnpm/@testing-library+dom@10.4.0/node_modules/@testing-library/dom/dist/query-helpers.js:52:17
      at node_modules/.pnpm/@testing-library+dom@10.4.0/node_modules/@testing-library/dom/dist/query-helpers.js:95:19
      at Object.getByText (src/components/admin/__tests__/StudentInformationManager.test.tsx:295:28)

  ● StudentInformationManager › should show course type badges

    TestingLibraryElementError: Unable to find an element with the text: Business English. This could be because the text is broken up by multiple elements. In this case, you can provide a function for your text matcher to make your matcher more flexible.

    Ignored nodes: comments, script, style
    [36m<body>[39m
      [36m<div>[39m
        [36m<div[39m
          [33mclass[39m=[32m"space-y-6"[39m
        [36m>[39m
          [36m<div[39m
            [33mclass[39m=[32m"flex flex-col gap-4 md:flex-row md:items-center md:justify-between"[39m
          [36m>[39m
            [36m<div>[39m
              [36m<h1[39m
                [33mclass[39m=[32m"text-3xl font-bold"[39m
              [36m>[39m
                [0mStudent Information Management[0m
              [36m</h1>[39m
              [36m<p[39m
                [33mclass[39m=[32m"text-muted-foreground"[39m
              [36m>[39m
                [0mManage student profiles, course information, and tracking data[0m
              [36m</p>[39m
            [36m</div>[39m
            [36m<div[39m
              [33mclass[39m=[32m"flex items-center gap-2"[39m
            [36m>[39m
              [36m<button[39m
                [33mclass[39m=[32m"inline-flex items-center justify-center gap-2 whitespace-nowrap rounded-md text-sm font-medium transition-all disabled:pointer-events-none disabled:opacity-50 [&_svg]:pointer-events-none [&_svg:not([class*='size-'])]:size-4 shrink-0 [&_svg]:shrink-0 outline-none focus-visible:border-ring focus-visible:ring-ring/50 focus-visible:ring-[3px] aria-invalid:ring-destructive/20 dark:aria-invalid:ring-destructive/40 aria-invalid:border-destructive border bg-background shadow-xs hover:bg-accent hover:text-accent-foreground dark:bg-input/30 dark:border-input dark:hover:bg-input/50 h-9 px-4 py-2 has-[>svg]:px-3"[39m
                [33mdata-slot[39m=[32m"button"[39m
              [36m>[39m
                [36m<div[39m
                  [33mdata-testid[39m=[32m"download-icon"[39m
                [36m>[39m
                  [0mDownload[0m
                [36m</div>[39m
                [0mExport[0m
              [36m</button>[39m
              [36m<button[39m
                [33mclass[39m=[32m"inline-flex items-center justify-center gap-2 whitespace-nowrap rounded-md text-sm font-medium transition-all disabled:pointer-events-none disabled:opacity-50 [&_svg]:pointer-events-none [&_svg:not([class*='size-'])]:size-4 shrink-0 [&_svg]:shrink-0 outline-none focus-visible:border-ring focus-visible:ring-ring/50 focus-visible:ring-[3px] aria-invalid:ring-destructive/20 dark:aria-invalid:ring-destructive/40 aria-invalid:border-destructive border bg-background shadow-xs hover:bg-accent hover:text-accent-foreground dark:bg-input/30 dark:border-input dark:hover:bg-input/50 h-9 px-4 py-2 has-[>svg]:px-3"[39m
                [33mdata-slot[39m=[32m"button"[39m
              [36m>[39m
                [36m<div[39m
                  [33mdata-testid[39m=[32m"upload-icon"[39m
                [36m>[39m
                  [0mUpload[0m
                [36m</div>[39m
                [0mImport[0m
              [36m</button>[39m
              [36m<button[39m
                [33mclass[39m=[32m"inline-flex items-center justify-center gap-2 whitespace-nowrap rounded-md text-sm font-medium transition-all disabled:pointer-events-none disabled:opacity-50 [&_svg]:pointer-events-none [&_svg:not([class*='size-'])]:size-4 shrink-0 [&_svg]:shrink-0 outline-none focus-visible:border-ring focus-visible:ring-ring/50 focus-visible:ring-[3px] aria-invalid:ring-destructive/20 dark:aria-invalid:ring-destructive/40 aria-invalid:border-destructive bg-primary text-primary-foreground shadow-xs hover:bg-primary/90 h-9 px-4 py-2 has-[>svg]:px-3"[39m
                [33mdata-slot[39m=[32m"button"[39m
              [36m>[39m
                [36m<div[39m
                  [33mdata-testid[39m=[32m"user-plus-icon"[39m
                [36m>[39m
                  [0mUserPlus[0m
                [36m</div>[39m
                [0mAdd Student[0m
              [36m</button>[39m
            [36m</div>[39m
          [36m</div>[39m
          [36m<div[39m
            [33mclass[39m=[32m"grid gap-4 md:grid-cols-2 lg:grid-cols-4"[39m
          [36m>[39m
            [36m<div[39m
              [33mclass[39m=[32m"bg-card text-card-foreground flex flex-col gap-6 rounded-xl border py-6 shadow-sm"[39m
              [33mdata-slot[39m=[32m"card"[39m
            [36m>[39m
              [36m<div[39m
                [33mclass[39m=[32m"@container/card-header grid auto-rows-min grid-rows-[auto_auto] items-start gap-1.5 px-6 has-data-[slot=card-action]:grid-cols-[1fr_auto] [.border-b]:pb-6 pb-3"[39m
                [33mdata-slot[39m=[32m"card-header"[39m
              [36m>[39m
                [36m<div[39m
                  [33mclass[39m=[32m"text-sm font-medium flex items-center gap-2"[39m
                  [33mdata-slot[39m=[32m"card-title"[39m
                [36m>[39m
                  [36m<div[39m
                    [33mdata-testid[39m=[32m"users-icon"[39m
                  [36m>[39m
                    [0mUsers[0m
                  [36m</div>[39m
                  [0mTotal Students[0m
                [36m</div>[39m
              [36m</div>[39m
              [36m<div[39m
                [33mclass[39m=[32m"px-6"[39m
                [33mdata-slot[39m=[32m"card-content"[39m
              [36m>[39m
                [36m<div[39m
                  [33mclass[39m=[32m"text-2xl font-bold"[39m
                [36m>[39m
                  [0m2[0m
                [36m</div>[39m
                [36m<p[39m
                  [33mclass[39m=[32m"text-xs text-muted-foreground"[39m
                [36m>[39m
                  [0m+12% from last month[0m
                [36m</p>[39m
              [36m</div>[39m
            [36m</div>[39m
            [36m<div[39m
              [33mclass[39m=[32m"bg-card text-card-foreground flex flex-col gap-6 rounded-xl border py-6 shadow-sm"[39m
              [33mdata-slot[39m=[32m"card"[39m
            [36m>[39m
              [36m<div[39m
                [33mclass[39m=[32m"@container/card-header grid auto-rows-min grid-rows-[auto_auto] items-start gap-1.5 px-6 has-data-[slot=card-action]:grid-cols-[1fr_auto] [.border-b]:pb-6 pb-3"[39m
                [33mdata-slot[39m=[32m"card-header"[39m
              [36m>[39m
                [36m<div[39m
                  [33mclass[39m=[32m"text-sm font-medium flex items-center gap-2"[39m
                  [33mdata-slot[39m=[32m"card-title"[39m
                [36m>[39m
                  [36m<div[39m
                    [33mdata-testid[39m=[32m"trending-up-icon"[39m
                  [36m>[39m
                    [0mTrendingUp[0m
                  [36m</div>[39m
                  [0mActive Students[0m
                [36m</div>[39m
              [36m</div>[39m
              [36m<div[39m
                [33mclass[39m=[32m"px-6"[39m
                [33mdata-slot[39m=[32m"card-content"[39m
              [36m>[39m
                [36m<div[39m
                  [33mclass[39m=[32m"text-2xl font-bold"[39m
                [36m>[39m
                  [0m2[0m
                [36m</div>[39m
                [36m<p[39m
                  [33mclass[39m=[32m"text-xs text-muted-foreground"[39m
                [36m>[39m
                  [0m100.0[0m
                  [0m% of total[0m
                [36m</p>[39m
              [36m</div>[39m
            [36m</div>[39m
            [36m<div[39m
              [33mclass[39m=[32m"bg-car...

      320 |     
      321 |     // Should show course type badges for each student
    > 322 |     const courseTypeBadges = screen.getAllByText('Business English');
          |                                     ^
      323 |     expect(courseTypeBadges.length).toBeGreaterThan(0);
      324 |   });
      325 |

      at Object.getElementError (node_modules/.pnpm/@testing-library+dom@10.4.0/node_modules/@testing-library/dom/dist/config.js:37:19)
      at node_modules/.pnpm/@testing-library+dom@10.4.0/node_modules/@testing-library/dom/dist/query-helpers.js:76:38
      at node_modules/.pnpm/@testing-library+dom@10.4.0/node_modules/@testing-library/dom/dist/query-helpers.js:109:15
      at Object.getAllByText (src/components/admin/__tests__/StudentInformationManager.test.tsx:322:37)

  ● StudentInformationManager › should show emergency contact information in details

    TestingLibraryElementError: Unable to find an element with the text: View Details. This could be because the text is broken up by multiple elements. In this case, you can provide a function for your text matcher to make your matcher more flexible.

    Ignored nodes: comments, script, style
    [36m<body>[39m
      [36m<div>[39m
        [36m<div[39m
          [33mclass[39m=[32m"space-y-6"[39m
        [36m>[39m
          [36m<div[39m
            [33mclass[39m=[32m"flex flex-col gap-4 md:flex-row md:items-center md:justify-between"[39m
          [36m>[39m
            [36m<div>[39m
              [36m<h1[39m
                [33mclass[39m=[32m"text-3xl font-bold"[39m
              [36m>[39m
                [0mStudent Information Management[0m
              [36m</h1>[39m
              [36m<p[39m
                [33mclass[39m=[32m"text-muted-foreground"[39m
              [36m>[39m
                [0mManage student profiles, course information, and tracking data[0m
              [36m</p>[39m
            [36m</div>[39m
            [36m<div[39m
              [33mclass[39m=[32m"flex items-center gap-2"[39m
            [36m>[39m
              [36m<button[39m
                [33mclass[39m=[32m"inline-flex items-center justify-center gap-2 whitespace-nowrap rounded-md text-sm font-medium transition-all disabled:pointer-events-none disabled:opacity-50 [&_svg]:pointer-events-none [&_svg:not([class*='size-'])]:size-4 shrink-0 [&_svg]:shrink-0 outline-none focus-visible:border-ring focus-visible:ring-ring/50 focus-visible:ring-[3px] aria-invalid:ring-destructive/20 dark:aria-invalid:ring-destructive/40 aria-invalid:border-destructive border bg-background shadow-xs hover:bg-accent hover:text-accent-foreground dark:bg-input/30 dark:border-input dark:hover:bg-input/50 h-9 px-4 py-2 has-[>svg]:px-3"[39m
                [33mdata-slot[39m=[32m"button"[39m
              [36m>[39m
                [36m<div[39m
                  [33mdata-testid[39m=[32m"download-icon"[39m
                [36m>[39m
                  [0mDownload[0m
                [36m</div>[39m
                [0mExport[0m
              [36m</button>[39m
              [36m<button[39m
                [33mclass[39m=[32m"inline-flex items-center justify-center gap-2 whitespace-nowrap rounded-md text-sm font-medium transition-all disabled:pointer-events-none disabled:opacity-50 [&_svg]:pointer-events-none [&_svg:not([class*='size-'])]:size-4 shrink-0 [&_svg]:shrink-0 outline-none focus-visible:border-ring focus-visible:ring-ring/50 focus-visible:ring-[3px] aria-invalid:ring-destructive/20 dark:aria-invalid:ring-destructive/40 aria-invalid:border-destructive border bg-background shadow-xs hover:bg-accent hover:text-accent-foreground dark:bg-input/30 dark:border-input dark:hover:bg-input/50 h-9 px-4 py-2 has-[>svg]:px-3"[39m
                [33mdata-slot[39m=[32m"button"[39m
              [36m>[39m
                [36m<div[39m
                  [33mdata-testid[39m=[32m"upload-icon"[39m
                [36m>[39m
                  [0mUpload[0m
                [36m</div>[39m
                [0mImport[0m
              [36m</button>[39m
              [36m<button[39m
                [33mclass[39m=[32m"inline-flex items-center justify-center gap-2 whitespace-nowrap rounded-md text-sm font-medium transition-all disabled:pointer-events-none disabled:opacity-50 [&_svg]:pointer-events-none [&_svg:not([class*='size-'])]:size-4 shrink-0 [&_svg]:shrink-0 outline-none focus-visible:border-ring focus-visible:ring-ring/50 focus-visible:ring-[3px] aria-invalid:ring-destructive/20 dark:aria-invalid:ring-destructive/40 aria-invalid:border-destructive bg-primary text-primary-foreground shadow-xs hover:bg-primary/90 h-9 px-4 py-2 has-[>svg]:px-3"[39m
                [33mdata-slot[39m=[32m"button"[39m
              [36m>[39m
                [36m<div[39m
                  [33mdata-testid[39m=[32m"user-plus-icon"[39m
                [36m>[39m
                  [0mUserPlus[0m
                [36m</div>[39m
                [0mAdd Student[0m
              [36m</button>[39m
            [36m</div>[39m
          [36m</div>[39m
          [36m<div[39m
            [33mclass[39m=[32m"grid gap-4 md:grid-cols-2 lg:grid-cols-4"[39m
          [36m>[39m
            [36m<div[39m
              [33mclass[39m=[32m"bg-card text-card-foreground flex flex-col gap-6 rounded-xl border py-6 shadow-sm"[39m
              [33mdata-slot[39m=[32m"card"[39m
            [36m>[39m
              [36m<div[39m
                [33mclass[39m=[32m"@container/card-header grid auto-rows-min grid-rows-[auto_auto] items-start gap-1.5 px-6 has-data-[slot=card-action]:grid-cols-[1fr_auto] [.border-b]:pb-6 pb-3"[39m
                [33mdata-slot[39m=[32m"card-header"[39m
              [36m>[39m
                [36m<div[39m
                  [33mclass[39m=[32m"text-sm font-medium flex items-center gap-2"[39m
                  [33mdata-slot[39m=[32m"card-title"[39m
                [36m>[39m
                  [36m<div[39m
                    [33mdata-testid[39m=[32m"users-icon"[39m
                  [36m>[39m
                    [0mUsers[0m
                  [36m</div>[39m
                  [0mTotal Students[0m
                [36m</div>[39m
              [36m</div>[39m
              [36m<div[39m
                [33mclass[39m=[32m"px-6"[39m
                [33mdata-slot[39m=[32m"card-content"[39m
              [36m>[39m
                [36m<div[39m
                  [33mclass[39m=[32m"text-2xl font-bold"[39m
                [36m>[39m
                  [0m2[0m
                [36m</div>[39m
                [36m<p[39m
                  [33mclass[39m=[32m"text-xs text-muted-foreground"[39m
                [36m>[39m
                  [0m+12% from last month[0m
                [36m</p>[39m
              [36m</div>[39m
            [36m</div>[39m
            [36m<div[39m
              [33mclass[39m=[32m"bg-card text-card-foreground flex flex-col gap-6 rounded-xl border py-6 shadow-sm"[39m
              [33mdata-slot[39m=[32m"card"[39m
            [36m>[39m
              [36m<div[39m
                [33mclass[39m=[32m"@container/card-header grid auto-rows-min grid-rows-[auto_auto] items-start gap-1.5 px-6 has-data-[slot=card-action]:grid-cols-[1fr_auto] [.border-b]:pb-6 pb-3"[39m
                [33mdata-slot[39m=[32m"card-header"[39m
              [36m>[39m
                [36m<div[39m
                  [33mclass[39m=[32m"text-sm font-medium flex items-center gap-2"[39m
                  [33mdata-slot[39m=[32m"card-title"[39m
                [36m>[39m
                  [36m<div[39m
                    [33mdata-testid[39m=[32m"trending-up-icon"[39m
                  [36m>[39m
                    [0mTrendingUp[0m
                  [36m</div>[39m
                  [0mActive Students[0m
                [36m</div>[39m
              [36m</div>[39m
              [36m<div[39m
                [33mclass[39m=[32m"px-6"[39m
                [33mdata-slot[39m=[32m"card-content"[39m
              [36m>[39m
                [36m<div[39m
                  [33mclass[39m=[32m"text-2xl font-bold"[39m
                [36m>[39m
                  [0m2[0m
                [36m</div>[39m
                [36m<p[39m
                  [33mclass[39m=[32m"text-xs text-muted-foreground"[39m
                [36m>[39m
                  [0m100.0[0m
                  [0m% of total[0m
                [36m</p>[39m
              [36m</div>[39m
            [36m</div>[39m
            [36m<div[39m
              [33mclass[39m=[32m"bg-car...

      346 |     const actionButtons = screen.getAllByTestId('eye-icon');
      347 |     fireEvent.click(actionButtons[0]);
    > 348 |     fireEvent.click(screen.getByText('View Details'));
          |                            ^
      349 |     
      350 |     await waitFor(() => {
      351 |       expect(screen.getByText('ahmad.rahman@email.com')).toBeInTheDocument();

      at Object.getElementError (node_modules/.pnpm/@testing-library+dom@10.4.0/node_modules/@testing-library/dom/dist/config.js:37:19)
      at node_modules/.pnpm/@testing-library+dom@10.4.0/node_modules/@testing-library/dom/dist/query-helpers.js:76:38
      at node_modules/.pnpm/@testing-library+dom@10.4.0/node_modules/@testing-library/dom/dist/query-helpers.js:52:17
      at node_modules/.pnpm/@testing-library+dom@10.4.0/node_modules/@testing-library/dom/dist/query-helpers.js:95:19
      at Object.getByText (src/components/admin/__tests__/StudentInformationManager.test.tsx:348:28)

  ● StudentInformationManager › should display course progress and attendance

    TestingLibraryElementError: Unable to find an element with the text: View Details. This could be because the text is broken up by multiple elements. In this case, you can provide a function for your text matcher to make your matcher more flexible.

    Ignored nodes: comments, script, style
    [36m<body>[39m
      [36m<div>[39m
        [36m<div[39m
          [33mclass[39m=[32m"space-y-6"[39m
        [36m>[39m
          [36m<div[39m
            [33mclass[39m=[32m"flex flex-col gap-4 md:flex-row md:items-center md:justify-between"[39m
          [36m>[39m
            [36m<div>[39m
              [36m<h1[39m
                [33mclass[39m=[32m"text-3xl font-bold"[39m
              [36m>[39m
                [0mStudent Information Management[0m
              [36m</h1>[39m
              [36m<p[39m
                [33mclass[39m=[32m"text-muted-foreground"[39m
              [36m>[39m
                [0mManage student profiles, course information, and tracking data[0m
              [36m</p>[39m
            [36m</div>[39m
            [36m<div[39m
              [33mclass[39m=[32m"flex items-center gap-2"[39m
            [36m>[39m
              [36m<button[39m
                [33mclass[39m=[32m"inline-flex items-center justify-center gap-2 whitespace-nowrap rounded-md text-sm font-medium transition-all disabled:pointer-events-none disabled:opacity-50 [&_svg]:pointer-events-none [&_svg:not([class*='size-'])]:size-4 shrink-0 [&_svg]:shrink-0 outline-none focus-visible:border-ring focus-visible:ring-ring/50 focus-visible:ring-[3px] aria-invalid:ring-destructive/20 dark:aria-invalid:ring-destructive/40 aria-invalid:border-destructive border bg-background shadow-xs hover:bg-accent hover:text-accent-foreground dark:bg-input/30 dark:border-input dark:hover:bg-input/50 h-9 px-4 py-2 has-[>svg]:px-3"[39m
                [33mdata-slot[39m=[32m"button"[39m
              [36m>[39m
                [36m<div[39m
                  [33mdata-testid[39m=[32m"download-icon"[39m
                [36m>[39m
                  [0mDownload[0m
                [36m</div>[39m
                [0mExport[0m
              [36m</button>[39m
              [36m<button[39m
                [33mclass[39m=[32m"inline-flex items-center justify-center gap-2 whitespace-nowrap rounded-md text-sm font-medium transition-all disabled:pointer-events-none disabled:opacity-50 [&_svg]:pointer-events-none [&_svg:not([class*='size-'])]:size-4 shrink-0 [&_svg]:shrink-0 outline-none focus-visible:border-ring focus-visible:ring-ring/50 focus-visible:ring-[3px] aria-invalid:ring-destructive/20 dark:aria-invalid:ring-destructive/40 aria-invalid:border-destructive border bg-background shadow-xs hover:bg-accent hover:text-accent-foreground dark:bg-input/30 dark:border-input dark:hover:bg-input/50 h-9 px-4 py-2 has-[>svg]:px-3"[39m
                [33mdata-slot[39m=[32m"button"[39m
              [36m>[39m
                [36m<div[39m
                  [33mdata-testid[39m=[32m"upload-icon"[39m
                [36m>[39m
                  [0mUpload[0m
                [36m</div>[39m
                [0mImport[0m
              [36m</button>[39m
              [36m<button[39m
                [33mclass[39m=[32m"inline-flex items-center justify-center gap-2 whitespace-nowrap rounded-md text-sm font-medium transition-all disabled:pointer-events-none disabled:opacity-50 [&_svg]:pointer-events-none [&_svg:not([class*='size-'])]:size-4 shrink-0 [&_svg]:shrink-0 outline-none focus-visible:border-ring focus-visible:ring-ring/50 focus-visible:ring-[3px] aria-invalid:ring-destructive/20 dark:aria-invalid:ring-destructive/40 aria-invalid:border-destructive bg-primary text-primary-foreground shadow-xs hover:bg-primary/90 h-9 px-4 py-2 has-[>svg]:px-3"[39m
                [33mdata-slot[39m=[32m"button"[39m
              [36m>[39m
                [36m<div[39m
                  [33mdata-testid[39m=[32m"user-plus-icon"[39m
                [36m>[39m
                  [0mUserPlus[0m
                [36m</div>[39m
                [0mAdd Student[0m
              [36m</button>[39m
            [36m</div>[39m
          [36m</div>[39m
          [36m<div[39m
            [33mclass[39m=[32m"grid gap-4 md:grid-cols-2 lg:grid-cols-4"[39m
          [36m>[39m
            [36m<div[39m
              [33mclass[39m=[32m"bg-card text-card-foreground flex flex-col gap-6 rounded-xl border py-6 shadow-sm"[39m
              [33mdata-slot[39m=[32m"card"[39m
            [36m>[39m
              [36m<div[39m
                [33mclass[39m=[32m"@container/card-header grid auto-rows-min grid-rows-[auto_auto] items-start gap-1.5 px-6 has-data-[slot=card-action]:grid-cols-[1fr_auto] [.border-b]:pb-6 pb-3"[39m
                [33mdata-slot[39m=[32m"card-header"[39m
              [36m>[39m
                [36m<div[39m
                  [33mclass[39m=[32m"text-sm font-medium flex items-center gap-2"[39m
                  [33mdata-slot[39m=[32m"card-title"[39m
                [36m>[39m
                  [36m<div[39m
                    [33mdata-testid[39m=[32m"users-icon"[39m
                  [36m>[39m
                    [0mUsers[0m
                  [36m</div>[39m
                  [0mTotal Students[0m
                [36m</div>[39m
              [36m</div>[39m
              [36m<div[39m
                [33mclass[39m=[32m"px-6"[39m
                [33mdata-slot[39m=[32m"card-content"[39m
              [36m>[39m
                [36m<div[39m
                  [33mclass[39m=[32m"text-2xl font-bold"[39m
                [36m>[39m
                  [0m2[0m
                [36m</div>[39m
                [36m<p[39m
                  [33mclass[39m=[32m"text-xs text-muted-foreground"[39m
                [36m>[39m
                  [0m+12% from last month[0m
                [36m</p>[39m
              [36m</div>[39m
            [36m</div>[39m
            [36m<div[39m
              [33mclass[39m=[32m"bg-card text-card-foreground flex flex-col gap-6 rounded-xl border py-6 shadow-sm"[39m
              [33mdata-slot[39m=[32m"card"[39m
            [36m>[39m
              [36m<div[39m
                [33mclass[39m=[32m"@container/card-header grid auto-rows-min grid-rows-[auto_auto] items-start gap-1.5 px-6 has-data-[slot=card-action]:grid-cols-[1fr_auto] [.border-b]:pb-6 pb-3"[39m
                [33mdata-slot[39m=[32m"card-header"[39m
              [36m>[39m
                [36m<div[39m
                  [33mclass[39m=[32m"text-sm font-medium flex items-center gap-2"[39m
                  [33mdata-slot[39m=[32m"card-title"[39m
                [36m>[39m
                  [36m<div[39m
                    [33mdata-testid[39m=[32m"trending-up-icon"[39m
                  [36m>[39m
                    [0mTrendingUp[0m
                  [36m</div>[39m
                  [0mActive Students[0m
                [36m</div>[39m
              [36m</div>[39m
              [36m<div[39m
                [33mclass[39m=[32m"px-6"[39m
                [33mdata-slot[39m=[32m"card-content"[39m
              [36m>[39m
                [36m<div[39m
                  [33mclass[39m=[32m"text-2xl font-bold"[39m
                [36m>[39m
                  [0m2[0m
                [36m</div>[39m
                [36m<p[39m
                  [33mclass[39m=[32m"text-xs text-muted-foreground"[39m
                [36m>[39m
                  [0m100.0[0m
                  [0m% of total[0m
                [36m</p>[39m
              [36m</div>[39m
            [36m</div>[39m
            [36m<div[39m
              [33mclass[39m=[32m"bg-car...

      359 |     const actionButtons = screen.getAllByTestId('eye-icon');
      360 |     fireEvent.click(actionButtons[0]);
    > 361 |     fireEvent.click(screen.getByText('View Details'));
          |                            ^
      362 |     
      363 |     await waitFor(() => {
      364 |       expect(screen.getByText('92%')).toBeInTheDocument(); // Attendance rate

      at Object.getElementError (node_modules/.pnpm/@testing-library+dom@10.4.0/node_modules/@testing-library/dom/dist/config.js:37:19)
      at node_modules/.pnpm/@testing-library+dom@10.4.0/node_modules/@testing-library/dom/dist/query-helpers.js:76:38
      at node_modules/.pnpm/@testing-library+dom@10.4.0/node_modules/@testing-library/dom/dist/query-helpers.js:52:17
      at node_modules/.pnpm/@testing-library+dom@10.4.0/node_modules/@testing-library/dom/dist/query-helpers.js:95:19
      at Object.getByText (src/components/admin/__tests__/StudentInformationManager.test.tsx:361:28)

  ● StudentInformationManager › should close modals when cancel/close is clicked

    TestingLibraryElementError: Unable to find an element with the text: View Details. This could be because the text is broken up by multiple elements. In this case, you can provide a function for your text matcher to make your matcher more flexible.

    Ignored nodes: comments, script, style
    [36m<body>[39m
      [36m<div>[39m
        [36m<div[39m
          [33mclass[39m=[32m"space-y-6"[39m
        [36m>[39m
          [36m<div[39m
            [33mclass[39m=[32m"flex flex-col gap-4 md:flex-row md:items-center md:justify-between"[39m
          [36m>[39m
            [36m<div>[39m
              [36m<h1[39m
                [33mclass[39m=[32m"text-3xl font-bold"[39m
              [36m>[39m
                [0mStudent Information Management[0m
              [36m</h1>[39m
              [36m<p[39m
                [33mclass[39m=[32m"text-muted-foreground"[39m
              [36m>[39m
                [0mManage student profiles, course information, and tracking data[0m
              [36m</p>[39m
            [36m</div>[39m
            [36m<div[39m
              [33mclass[39m=[32m"flex items-center gap-2"[39m
            [36m>[39m
              [36m<button[39m
                [33mclass[39m=[32m"inline-flex items-center justify-center gap-2 whitespace-nowrap rounded-md text-sm font-medium transition-all disabled:pointer-events-none disabled:opacity-50 [&_svg]:pointer-events-none [&_svg:not([class*='size-'])]:size-4 shrink-0 [&_svg]:shrink-0 outline-none focus-visible:border-ring focus-visible:ring-ring/50 focus-visible:ring-[3px] aria-invalid:ring-destructive/20 dark:aria-invalid:ring-destructive/40 aria-invalid:border-destructive border bg-background shadow-xs hover:bg-accent hover:text-accent-foreground dark:bg-input/30 dark:border-input dark:hover:bg-input/50 h-9 px-4 py-2 has-[>svg]:px-3"[39m
                [33mdata-slot[39m=[32m"button"[39m
              [36m>[39m
                [36m<div[39m
                  [33mdata-testid[39m=[32m"download-icon"[39m
                [36m>[39m
                  [0mDownload[0m
                [36m</div>[39m
                [0mExport[0m
              [36m</button>[39m
              [36m<button[39m
                [33mclass[39m=[32m"inline-flex items-center justify-center gap-2 whitespace-nowrap rounded-md text-sm font-medium transition-all disabled:pointer-events-none disabled:opacity-50 [&_svg]:pointer-events-none [&_svg:not([class*='size-'])]:size-4 shrink-0 [&_svg]:shrink-0 outline-none focus-visible:border-ring focus-visible:ring-ring/50 focus-visible:ring-[3px] aria-invalid:ring-destructive/20 dark:aria-invalid:ring-destructive/40 aria-invalid:border-destructive border bg-background shadow-xs hover:bg-accent hover:text-accent-foreground dark:bg-input/30 dark:border-input dark:hover:bg-input/50 h-9 px-4 py-2 has-[>svg]:px-3"[39m
                [33mdata-slot[39m=[32m"button"[39m
              [36m>[39m
                [36m<div[39m
                  [33mdata-testid[39m=[32m"upload-icon"[39m
                [36m>[39m
                  [0mUpload[0m
                [36m</div>[39m
                [0mImport[0m
              [36m</button>[39m
              [36m<button[39m
                [33mclass[39m=[32m"inline-flex items-center justify-center gap-2 whitespace-nowrap rounded-md text-sm font-medium transition-all disabled:pointer-events-none disabled:opacity-50 [&_svg]:pointer-events-none [&_svg:not([class*='size-'])]:size-4 shrink-0 [&_svg]:shrink-0 outline-none focus-visible:border-ring focus-visible:ring-ring/50 focus-visible:ring-[3px] aria-invalid:ring-destructive/20 dark:aria-invalid:ring-destructive/40 aria-invalid:border-destructive bg-primary text-primary-foreground shadow-xs hover:bg-primary/90 h-9 px-4 py-2 has-[>svg]:px-3"[39m
                [33mdata-slot[39m=[32m"button"[39m
              [36m>[39m
                [36m<div[39m
                  [33mdata-testid[39m=[32m"user-plus-icon"[39m
                [36m>[39m
                  [0mUserPlus[0m
                [36m</div>[39m
                [0mAdd Student[0m
              [36m</button>[39m
            [36m</div>[39m
          [36m</div>[39m
          [36m<div[39m
            [33mclass[39m=[32m"grid gap-4 md:grid-cols-2 lg:grid-cols-4"[39m
          [36m>[39m
            [36m<div[39m
              [33mclass[39m=[32m"bg-card text-card-foreground flex flex-col gap-6 rounded-xl border py-6 shadow-sm"[39m
              [33mdata-slot[39m=[32m"card"[39m
            [36m>[39m
              [36m<div[39m
                [33mclass[39m=[32m"@container/card-header grid auto-rows-min grid-rows-[auto_auto] items-start gap-1.5 px-6 has-data-[slot=card-action]:grid-cols-[1fr_auto] [.border-b]:pb-6 pb-3"[39m
                [33mdata-slot[39m=[32m"card-header"[39m
              [36m>[39m
                [36m<div[39m
                  [33mclass[39m=[32m"text-sm font-medium flex items-center gap-2"[39m
                  [33mdata-slot[39m=[32m"card-title"[39m
                [36m>[39m
                  [36m<div[39m
                    [33mdata-testid[39m=[32m"users-icon"[39m
                  [36m>[39m
                    [0mUsers[0m
                  [36m</div>[39m
                  [0mTotal Students[0m
                [36m</div>[39m
              [36m</div>[39m
              [36m<div[39m
                [33mclass[39m=[32m"px-6"[39m
                [33mdata-slot[39m=[32m"card-content"[39m
              [36m>[39m
                [36m<div[39m
                  [33mclass[39m=[32m"text-2xl font-bold"[39m
                [36m>[39m
                  [0m2[0m
                [36m</div>[39m
                [36m<p[39m
                  [33mclass[39m=[32m"text-xs text-muted-foreground"[39m
                [36m>[39m
                  [0m+12% from last month[0m
                [36m</p>[39m
              [36m</div>[39m
            [36m</div>[39m
            [36m<div[39m
              [33mclass[39m=[32m"bg-card text-card-foreground flex flex-col gap-6 rounded-xl border py-6 shadow-sm"[39m
              [33mdata-slot[39m=[32m"card"[39m
            [36m>[39m
              [36m<div[39m
                [33mclass[39m=[32m"@container/card-header grid auto-rows-min grid-rows-[auto_auto] items-start gap-1.5 px-6 has-data-[slot=card-action]:grid-cols-[1fr_auto] [.border-b]:pb-6 pb-3"[39m
                [33mdata-slot[39m=[32m"card-header"[39m
              [36m>[39m
                [36m<div[39m
                  [33mclass[39m=[32m"text-sm font-medium flex items-center gap-2"[39m
                  [33mdata-slot[39m=[32m"card-title"[39m
                [36m>[39m
                  [36m<div[39m
                    [33mdata-testid[39m=[32m"trending-up-icon"[39m
                  [36m>[39m
                    [0mTrendingUp[0m
                  [36m</div>[39m
                  [0mActive Students[0m
                [36m</div>[39m
              [36m</div>[39m
              [36m<div[39m
                [33mclass[39m=[32m"px-6"[39m
                [33mdata-slot[39m=[32m"card-content"[39m
              [36m>[39m
                [36m<div[39m
                  [33mclass[39m=[32m"text-2xl font-bold"[39m
                [36m>[39m
                  [0m2[0m
                [36m</div>[39m
                [36m<p[39m
                  [33mclass[39m=[32m"text-xs text-muted-foreground"[39m
                [36m>[39m
                  [0m100.0[0m
                  [0m% of total[0m
                [36m</p>[39m
              [36m</div>[39m
            [36m</div>[39m
            [36m<div[39m
              [33mclass[39m=[32m"bg-car...

      371 |     const actionButtons = screen.getAllByTestId('eye-icon');
      372 |     fireEvent.click(actionButtons[0]);
    > 373 |     fireEvent.click(screen.getByText('View Details'));
          |                            ^
      374 |     
      375 |     await waitFor(() => {
      376 |       const closeButton = screen.getByText('Close');

      at Object.getElementError (node_modules/.pnpm/@testing-library+dom@10.4.0/node_modules/@testing-library/dom/dist/config.js:37:19)
      at node_modules/.pnpm/@testing-library+dom@10.4.0/node_modules/@testing-library/dom/dist/query-helpers.js:76:38
      at node_modules/.pnpm/@testing-library+dom@10.4.0/node_modules/@testing-library/dom/dist/query-helpers.js:52:17
      at node_modules/.pnpm/@testing-library+dom@10.4.0/node_modules/@testing-library/dom/dist/query-helpers.js:95:19
      at Object.getByText (src/components/admin/__tests__/StudentInformationManager.test.tsx:373:28)

  ● StudentInformationManager › should handle search by email

    TestingLibraryElementError: Unable to find an element with the text: Ahmad Rahman. This could be because the text is broken up by multiple elements. In this case, you can provide a function for your text matcher to make your matcher more flexible.

    Ignored nodes: comments, script, style
    [36m<body>[39m
      [36m<div>[39m
        [36m<div[39m
          [33mclass[39m=[32m"space-y-6"[39m
        [36m>[39m
          [36m<div[39m
            [33mclass[39m=[32m"flex flex-col gap-4 md:flex-row md:items-center md:justify-between"[39m
          [36m>[39m
            [36m<div>[39m
              [36m<h1[39m
                [33mclass[39m=[32m"text-3xl font-bold"[39m
              [36m>[39m
                [0mStudent Information Management[0m
              [36m</h1>[39m
              [36m<p[39m
                [33mclass[39m=[32m"text-muted-foreground"[39m
              [36m>[39m
                [0mManage student profiles, course information, and tracking data[0m
              [36m</p>[39m
            [36m</div>[39m
            [36m<div[39m
              [33mclass[39m=[32m"flex items-center gap-2"[39m
            [36m>[39m
              [36m<button[39m
                [33mclass[39m=[32m"inline-flex items-center justify-center gap-2 whitespace-nowrap rounded-md text-sm font-medium transition-all disabled:pointer-events-none disabled:opacity-50 [&_svg]:pointer-events-none [&_svg:not([class*='size-'])]:size-4 shrink-0 [&_svg]:shrink-0 outline-none focus-visible:border-ring focus-visible:ring-ring/50 focus-visible:ring-[3px] aria-invalid:ring-destructive/20 dark:aria-invalid:ring-destructive/40 aria-invalid:border-destructive border bg-background shadow-xs hover:bg-accent hover:text-accent-foreground dark:bg-input/30 dark:border-input dark:hover:bg-input/50 h-9 px-4 py-2 has-[>svg]:px-3"[39m
                [33mdata-slot[39m=[32m"button"[39m
              [36m>[39m
                [36m<div[39m
                  [33mdata-testid[39m=[32m"download-icon"[39m
                [36m>[39m
                  [0mDownload[0m
                [36m</div>[39m
                [0mExport[0m
              [36m</button>[39m
              [36m<button[39m
                [33mclass[39m=[32m"inline-flex items-center justify-center gap-2 whitespace-nowrap rounded-md text-sm font-medium transition-all disabled:pointer-events-none disabled:opacity-50 [&_svg]:pointer-events-none [&_svg:not([class*='size-'])]:size-4 shrink-0 [&_svg]:shrink-0 outline-none focus-visible:border-ring focus-visible:ring-ring/50 focus-visible:ring-[3px] aria-invalid:ring-destructive/20 dark:aria-invalid:ring-destructive/40 aria-invalid:border-destructive border bg-background shadow-xs hover:bg-accent hover:text-accent-foreground dark:bg-input/30 dark:border-input dark:hover:bg-input/50 h-9 px-4 py-2 has-[>svg]:px-3"[39m
                [33mdata-slot[39m=[32m"button"[39m
              [36m>[39m
                [36m<div[39m
                  [33mdata-testid[39m=[32m"upload-icon"[39m
                [36m>[39m
                  [0mUpload[0m
                [36m</div>[39m
                [0mImport[0m
              [36m</button>[39m
              [36m<button[39m
                [33mclass[39m=[32m"inline-flex items-center justify-center gap-2 whitespace-nowrap rounded-md text-sm font-medium transition-all disabled:pointer-events-none disabled:opacity-50 [&_svg]:pointer-events-none [&_svg:not([class*='size-'])]:size-4 shrink-0 [&_svg]:shrink-0 outline-none focus-visible:border-ring focus-visible:ring-ring/50 focus-visible:ring-[3px] aria-invalid:ring-destructive/20 dark:aria-invalid:ring-destructive/40 aria-invalid:border-destructive bg-primary text-primary-foreground shadow-xs hover:bg-primary/90 h-9 px-4 py-2 has-[>svg]:px-3"[39m
                [33mdata-slot[39m=[32m"button"[39m
              [36m>[39m
                [36m<div[39m
                  [33mdata-testid[39m=[32m"user-plus-icon"[39m
                [36m>[39m
                  [0mUserPlus[0m
                [36m</div>[39m
                [0mAdd Student[0m
              [36m</button>[39m
            [36m</div>[39m
          [36m</div>[39m
          [36m<div[39m
            [33mclass[39m=[32m"grid gap-4 md:grid-cols-2 lg:grid-cols-4"[39m
          [36m>[39m
            [36m<div[39m
              [33mclass[39m=[32m"bg-card text-card-foreground flex flex-col gap-6 rounded-xl border py-6 shadow-sm"[39m
              [33mdata-slot[39m=[32m"card"[39m
            [36m>[39m
              [36m<div[39m
                [33mclass[39m=[32m"@container/card-header grid auto-rows-min grid-rows-[auto_auto] items-start gap-1.5 px-6 has-data-[slot=card-action]:grid-cols-[1fr_auto] [.border-b]:pb-6 pb-3"[39m
                [33mdata-slot[39m=[32m"card-header"[39m
              [36m>[39m
                [36m<div[39m
                  [33mclass[39m=[32m"text-sm font-medium flex items-center gap-2"[39m
                  [33mdata-slot[39m=[32m"card-title"[39m
                [36m>[39m
                  [36m<div[39m
                    [33mdata-testid[39m=[32m"users-icon"[39m
                  [36m>[39m
                    [0mUsers[0m
                  [36m</div>[39m
                  [0mTotal Students[0m
                [36m</div>[39m
              [36m</div>[39m
              [36m<div[39m
                [33mclass[39m=[32m"px-6"[39m
                [33mdata-slot[39m=[32m"card-content"[39m
              [36m>[39m
                [36m<div[39m
                  [33mclass[39m=[32m"text-2xl font-bold"[39m
                [36m>[39m
                  [0m2[0m
                [36m</div>[39m
                [36m<p[39m
                  [33mclass[39m=[32m"text-xs text-muted-foreground"[39m
                [36m>[39m
                  [0m+12% from last month[0m
                [36m</p>[39m
              [36m</div>[39m
            [36m</div>[39m
            [36m<div[39m
              [33mclass[39m=[32m"bg-card text-card-foreground flex flex-col gap-6 rounded-xl border py-6 shadow-sm"[39m
              [33mdata-slot[39m=[32m"card"[39m
            [36m>[39m
              [36m<div[39m
                [33mclass[39m=[32m"@container/card-header grid auto-rows-min grid-rows-[auto_auto] items-start gap-1.5 px-6 has-data-[slot=card-action]:grid-cols-[1fr_auto] [.border-b]:pb-6 pb-3"[39m
                [33mdata-slot[39m=[32m"card-header"[39m
              [36m>[39m
                [36m<div[39m
                  [33mclass[39m=[32m"text-sm font-medium flex items-center gap-2"[39m
                  [33mdata-slot[39m=[32m"card-title"[39m
                [36m>[39m
                  [36m<div[39m
                    [33mdata-testid[39m=[32m"trending-up-icon"[39m
                  [36m>[39m
                    [0mTrendingUp[0m
                  [36m</div>[39m
                  [0mActive Students[0m
                [36m</div>[39m
              [36m</div>[39m
              [36m<div[39m
                [33mclass[39m=[32m"px-6"[39m
                [33mdata-slot[39m=[32m"card-content"[39m
              [36m>[39m
                [36m<div[39m
                  [33mclass[39m=[32m"text-2xl font-bold"[39m
                [36m>[39m
                  [0m2[0m
                [36m</div>[39m
                [36m<p[39m
                  [33mclass[39m=[32m"text-xs text-muted-foreground"[39m
                [36m>[39m
                  [0m100.0[0m
                  [0m% of total[0m
                [36m</p>[39m
              [36m</div>[39m
            [36m</div>[39m
            [36m<div[39m
              [33mclass[39m=[32m"bg-car...

      389 |     fireEvent.change(searchInput, { target: { value: 'ahmad.rahman@email.com' } });
      390 |     
    > 391 |     expect(screen.getByText('Ahmad Rahman')).toBeInTheDocument();
          |                   ^
      392 |     expect(screen.queryByText('Lim Wei Ming')).not.toBeInTheDocument();
      393 |   });
      394 |

      at Object.getElementError (node_modules/.pnpm/@testing-library+dom@10.4.0/node_modules/@testing-library/dom/dist/config.js:37:19)
      at node_modules/.pnpm/@testing-library+dom@10.4.0/node_modules/@testing-library/dom/dist/query-helpers.js:76:38
      at node_modules/.pnpm/@testing-library+dom@10.4.0/node_modules/@testing-library/dom/dist/query-helpers.js:52:17
      at node_modules/.pnpm/@testing-library+dom@10.4.0/node_modules/@testing-library/dom/dist/query-helpers.js:95:19
      at Object.getByText (src/components/admin/__tests__/StudentInformationManager.test.tsx:391:19)

  ● StudentInformationManager › should handle search by student ID

    TestingLibraryElementError: Unable to find an element with the text: Lim Wei Ming. This could be because the text is broken up by multiple elements. In this case, you can provide a function for your text matcher to make your matcher more flexible.

    Ignored nodes: comments, script, style
    [36m<body>[39m
      [36m<div>[39m
        [36m<div[39m
          [33mclass[39m=[32m"space-y-6"[39m
        [36m>[39m
          [36m<div[39m
            [33mclass[39m=[32m"flex flex-col gap-4 md:flex-row md:items-center md:justify-between"[39m
          [36m>[39m
            [36m<div>[39m
              [36m<h1[39m
                [33mclass[39m=[32m"text-3xl font-bold"[39m
              [36m>[39m
                [0mStudent Information Management[0m
              [36m</h1>[39m
              [36m<p[39m
                [33mclass[39m=[32m"text-muted-foreground"[39m
              [36m>[39m
                [0mManage student profiles, course information, and tracking data[0m
              [36m</p>[39m
            [36m</div>[39m
            [36m<div[39m
              [33mclass[39m=[32m"flex items-center gap-2"[39m
            [36m>[39m
              [36m<button[39m
                [33mclass[39m=[32m"inline-flex items-center justify-center gap-2 whitespace-nowrap rounded-md text-sm font-medium transition-all disabled:pointer-events-none disabled:opacity-50 [&_svg]:pointer-events-none [&_svg:not([class*='size-'])]:size-4 shrink-0 [&_svg]:shrink-0 outline-none focus-visible:border-ring focus-visible:ring-ring/50 focus-visible:ring-[3px] aria-invalid:ring-destructive/20 dark:aria-invalid:ring-destructive/40 aria-invalid:border-destructive border bg-background shadow-xs hover:bg-accent hover:text-accent-foreground dark:bg-input/30 dark:border-input dark:hover:bg-input/50 h-9 px-4 py-2 has-[>svg]:px-3"[39m
                [33mdata-slot[39m=[32m"button"[39m
              [36m>[39m
                [36m<div[39m
                  [33mdata-testid[39m=[32m"download-icon"[39m
                [36m>[39m
                  [0mDownload[0m
                [36m</div>[39m
                [0mExport[0m
              [36m</button>[39m
              [36m<button[39m
                [33mclass[39m=[32m"inline-flex items-center justify-center gap-2 whitespace-nowrap rounded-md text-sm font-medium transition-all disabled:pointer-events-none disabled:opacity-50 [&_svg]:pointer-events-none [&_svg:not([class*='size-'])]:size-4 shrink-0 [&_svg]:shrink-0 outline-none focus-visible:border-ring focus-visible:ring-ring/50 focus-visible:ring-[3px] aria-invalid:ring-destructive/20 dark:aria-invalid:ring-destructive/40 aria-invalid:border-destructive border bg-background shadow-xs hover:bg-accent hover:text-accent-foreground dark:bg-input/30 dark:border-input dark:hover:bg-input/50 h-9 px-4 py-2 has-[>svg]:px-3"[39m
                [33mdata-slot[39m=[32m"button"[39m
              [36m>[39m
                [36m<div[39m
                  [33mdata-testid[39m=[32m"upload-icon"[39m
                [36m>[39m
                  [0mUpload[0m
                [36m</div>[39m
                [0mImport[0m
              [36m</button>[39m
              [36m<button[39m
                [33mclass[39m=[32m"inline-flex items-center justify-center gap-2 whitespace-nowrap rounded-md text-sm font-medium transition-all disabled:pointer-events-none disabled:opacity-50 [&_svg]:pointer-events-none [&_svg:not([class*='size-'])]:size-4 shrink-0 [&_svg]:shrink-0 outline-none focus-visible:border-ring focus-visible:ring-ring/50 focus-visible:ring-[3px] aria-invalid:ring-destructive/20 dark:aria-invalid:ring-destructive/40 aria-invalid:border-destructive bg-primary text-primary-foreground shadow-xs hover:bg-primary/90 h-9 px-4 py-2 has-[>svg]:px-3"[39m
                [33mdata-slot[39m=[32m"button"[39m
              [36m>[39m
                [36m<div[39m
                  [33mdata-testid[39m=[32m"user-plus-icon"[39m
                [36m>[39m
                  [0mUserPlus[0m
                [36m</div>[39m
                [0mAdd Student[0m
              [36m</button>[39m
            [36m</div>[39m
          [36m</div>[39m
          [36m<div[39m
            [33mclass[39m=[32m"grid gap-4 md:grid-cols-2 lg:grid-cols-4"[39m
          [36m>[39m
            [36m<div[39m
              [33mclass[39m=[32m"bg-card text-card-foreground flex flex-col gap-6 rounded-xl border py-6 shadow-sm"[39m
              [33mdata-slot[39m=[32m"card"[39m
            [36m>[39m
              [36m<div[39m
                [33mclass[39m=[32m"@container/card-header grid auto-rows-min grid-rows-[auto_auto] items-start gap-1.5 px-6 has-data-[slot=card-action]:grid-cols-[1fr_auto] [.border-b]:pb-6 pb-3"[39m
                [33mdata-slot[39m=[32m"card-header"[39m
              [36m>[39m
                [36m<div[39m
                  [33mclass[39m=[32m"text-sm font-medium flex items-center gap-2"[39m
                  [33mdata-slot[39m=[32m"card-title"[39m
                [36m>[39m
                  [36m<div[39m
                    [33mdata-testid[39m=[32m"users-icon"[39m
                  [36m>[39m
                    [0mUsers[0m
                  [36m</div>[39m
                  [0mTotal Students[0m
                [36m</div>[39m
              [36m</div>[39m
              [36m<div[39m
                [33mclass[39m=[32m"px-6"[39m
                [33mdata-slot[39m=[32m"card-content"[39m
              [36m>[39m
                [36m<div[39m
                  [33mclass[39m=[32m"text-2xl font-bold"[39m
                [36m>[39m
                  [0m2[0m
                [36m</div>[39m
                [36m<p[39m
                  [33mclass[39m=[32m"text-xs text-muted-foreground"[39m
                [36m>[39m
                  [0m+12% from last month[0m
                [36m</p>[39m
              [36m</div>[39m
            [36m</div>[39m
            [36m<div[39m
              [33mclass[39m=[32m"bg-card text-card-foreground flex flex-col gap-6 rounded-xl border py-6 shadow-sm"[39m
              [33mdata-slot[39m=[32m"card"[39m
            [36m>[39m
              [36m<div[39m
                [33mclass[39m=[32m"@container/card-header grid auto-rows-min grid-rows-[auto_auto] items-start gap-1.5 px-6 has-data-[slot=card-action]:grid-cols-[1fr_auto] [.border-b]:pb-6 pb-3"[39m
                [33mdata-slot[39m=[32m"card-header"[39m
              [36m>[39m
                [36m<div[39m
                  [33mclass[39m=[32m"text-sm font-medium flex items-center gap-2"[39m
                  [33mdata-slot[39m=[32m"card-title"[39m
                [36m>[39m
                  [36m<div[39m
                    [33mdata-testid[39m=[32m"trending-up-icon"[39m
                  [36m>[39m
                    [0mTrendingUp[0m
                  [36m</div>[39m
                  [0mActive Students[0m
                [36m</div>[39m
              [36m</div>[39m
              [36m<div[39m
                [33mclass[39m=[32m"px-6"[39m
                [33mdata-slot[39m=[32m"card-content"[39m
              [36m>[39m
                [36m<div[39m
                  [33mclass[39m=[32m"text-2xl font-bold"[39m
                [36m>[39m
                  [0m2[0m
                [36m</div>[39m
                [36m<p[39m
                  [33mclass[39m=[32m"text-xs text-muted-foreground"[39m
                [36m>[39m
                  [0m100.0[0m
                  [0m% of total[0m
                [36m</p>[39m
              [36m</div>[39m
            [36m</div>[39m
            [36m<div[39m
              [33mclass[39m=[32m"bg-car...

      399 |     fireEvent.change(searchInput, { target: { value: 'HPA002' } });
      400 |     
    > 401 |     expect(screen.getByText('Lim Wei Ming')).toBeInTheDocument();
          |                   ^
      402 |     expect(screen.queryByText('Ahmad Rahman')).not.toBeInTheDocument();
      403 |   });
      404 |

      at Object.getElementError (node_modules/.pnpm/@testing-library+dom@10.4.0/node_modules/@testing-library/dom/dist/config.js:37:19)
      at node_modules/.pnpm/@testing-library+dom@10.4.0/node_modules/@testing-library/dom/dist/query-helpers.js:76:38
      at node_modules/.pnpm/@testing-library+dom@10.4.0/node_modules/@testing-library/dom/dist/query-helpers.js:52:17
      at node_modules/.pnpm/@testing-library+dom@10.4.0/node_modules/@testing-library/dom/dist/query-helpers.js:95:19
      at Object.getByText (src/components/admin/__tests__/StudentInformationManager.test.tsx:401:19)

  ● StudentInformationManager › should handle search by internal code

    TestingLibraryElementError: Unable to find an element with the text: Lim Wei Ming. This could be because the text is broken up by multiple elements. In this case, you can provide a function for your text matcher to make your matcher more flexible.

    Ignored nodes: comments, script, style
    [36m<body>[39m
      [36m<div>[39m
        [36m<div[39m
          [33mclass[39m=[32m"space-y-6"[39m
        [36m>[39m
          [36m<div[39m
            [33mclass[39m=[32m"flex flex-col gap-4 md:flex-row md:items-center md:justify-between"[39m
          [36m>[39m
            [36m<div>[39m
              [36m<h1[39m
                [33mclass[39m=[32m"text-3xl font-bold"[39m
              [36m>[39m
                [0mStudent Information Management[0m
              [36m</h1>[39m
              [36m<p[39m
                [33mclass[39m=[32m"text-muted-foreground"[39m
              [36m>[39m
                [0mManage student profiles, course information, and tracking data[0m
              [36m</p>[39m
            [36m</div>[39m
            [36m<div[39m
              [33mclass[39m=[32m"flex items-center gap-2"[39m
            [36m>[39m
              [36m<button[39m
                [33mclass[39m=[32m"inline-flex items-center justify-center gap-2 whitespace-nowrap rounded-md text-sm font-medium transition-all disabled:pointer-events-none disabled:opacity-50 [&_svg]:pointer-events-none [&_svg:not([class*='size-'])]:size-4 shrink-0 [&_svg]:shrink-0 outline-none focus-visible:border-ring focus-visible:ring-ring/50 focus-visible:ring-[3px] aria-invalid:ring-destructive/20 dark:aria-invalid:ring-destructive/40 aria-invalid:border-destructive border bg-background shadow-xs hover:bg-accent hover:text-accent-foreground dark:bg-input/30 dark:border-input dark:hover:bg-input/50 h-9 px-4 py-2 has-[>svg]:px-3"[39m
                [33mdata-slot[39m=[32m"button"[39m
              [36m>[39m
                [36m<div[39m
                  [33mdata-testid[39m=[32m"download-icon"[39m
                [36m>[39m
                  [0mDownload[0m
                [36m</div>[39m
                [0mExport[0m
              [36m</button>[39m
              [36m<button[39m
                [33mclass[39m=[32m"inline-flex items-center justify-center gap-2 whitespace-nowrap rounded-md text-sm font-medium transition-all disabled:pointer-events-none disabled:opacity-50 [&_svg]:pointer-events-none [&_svg:not([class*='size-'])]:size-4 shrink-0 [&_svg]:shrink-0 outline-none focus-visible:border-ring focus-visible:ring-ring/50 focus-visible:ring-[3px] aria-invalid:ring-destructive/20 dark:aria-invalid:ring-destructive/40 aria-invalid:border-destructive border bg-background shadow-xs hover:bg-accent hover:text-accent-foreground dark:bg-input/30 dark:border-input dark:hover:bg-input/50 h-9 px-4 py-2 has-[>svg]:px-3"[39m
                [33mdata-slot[39m=[32m"button"[39m
              [36m>[39m
                [36m<div[39m
                  [33mdata-testid[39m=[32m"upload-icon"[39m
                [36m>[39m
                  [0mUpload[0m
                [36m</div>[39m
                [0mImport[0m
              [36m</button>[39m
              [36m<button[39m
                [33mclass[39m=[32m"inline-flex items-center justify-center gap-2 whitespace-nowrap rounded-md text-sm font-medium transition-all disabled:pointer-events-none disabled:opacity-50 [&_svg]:pointer-events-none [&_svg:not([class*='size-'])]:size-4 shrink-0 [&_svg]:shrink-0 outline-none focus-visible:border-ring focus-visible:ring-ring/50 focus-visible:ring-[3px] aria-invalid:ring-destructive/20 dark:aria-invalid:ring-destructive/40 aria-invalid:border-destructive bg-primary text-primary-foreground shadow-xs hover:bg-primary/90 h-9 px-4 py-2 has-[>svg]:px-3"[39m
                [33mdata-slot[39m=[32m"button"[39m
              [36m>[39m
                [36m<div[39m
                  [33mdata-testid[39m=[32m"user-plus-icon"[39m
                [36m>[39m
                  [0mUserPlus[0m
                [36m</div>[39m
                [0mAdd Student[0m
              [36m</button>[39m
            [36m</div>[39m
          [36m</div>[39m
          [36m<div[39m
            [33mclass[39m=[32m"grid gap-4 md:grid-cols-2 lg:grid-cols-4"[39m
          [36m>[39m
            [36m<div[39m
              [33mclass[39m=[32m"bg-card text-card-foreground flex flex-col gap-6 rounded-xl border py-6 shadow-sm"[39m
              [33mdata-slot[39m=[32m"card"[39m
            [36m>[39m
              [36m<div[39m
                [33mclass[39m=[32m"@container/card-header grid auto-rows-min grid-rows-[auto_auto] items-start gap-1.5 px-6 has-data-[slot=card-action]:grid-cols-[1fr_auto] [.border-b]:pb-6 pb-3"[39m
                [33mdata-slot[39m=[32m"card-header"[39m
              [36m>[39m
                [36m<div[39m
                  [33mclass[39m=[32m"text-sm font-medium flex items-center gap-2"[39m
                  [33mdata-slot[39m=[32m"card-title"[39m
                [36m>[39m
                  [36m<div[39m
                    [33mdata-testid[39m=[32m"users-icon"[39m
                  [36m>[39m
                    [0mUsers[0m
                  [36m</div>[39m
                  [0mTotal Students[0m
                [36m</div>[39m
              [36m</div>[39m
              [36m<div[39m
                [33mclass[39m=[32m"px-6"[39m
                [33mdata-slot[39m=[32m"card-content"[39m
              [36m>[39m
                [36m<div[39m
                  [33mclass[39m=[32m"text-2xl font-bold"[39m
                [36m>[39m
                  [0m2[0m
                [36m</div>[39m
                [36m<p[39m
                  [33mclass[39m=[32m"text-xs text-muted-foreground"[39m
                [36m>[39m
                  [0m+12% from last month[0m
                [36m</p>[39m
              [36m</div>[39m
            [36m</div>[39m
            [36m<div[39m
              [33mclass[39m=[32m"bg-card text-card-foreground flex flex-col gap-6 rounded-xl border py-6 shadow-sm"[39m
              [33mdata-slot[39m=[32m"card"[39m
            [36m>[39m
              [36m<div[39m
                [33mclass[39m=[32m"@container/card-header grid auto-rows-min grid-rows-[auto_auto] items-start gap-1.5 px-6 has-data-[slot=card-action]:grid-cols-[1fr_auto] [.border-b]:pb-6 pb-3"[39m
                [33mdata-slot[39m=[32m"card-header"[39m
              [36m>[39m
                [36m<div[39m
                  [33mclass[39m=[32m"text-sm font-medium flex items-center gap-2"[39m
                  [33mdata-slot[39m=[32m"card-title"[39m
                [36m>[39m
                  [36m<div[39m
                    [33mdata-testid[39m=[32m"trending-up-icon"[39m
                  [36m>[39m
                    [0mTrendingUp[0m
                  [36m</div>[39m
                  [0mActive Students[0m
                [36m</div>[39m
              [36m</div>[39m
              [36m<div[39m
                [33mclass[39m=[32m"px-6"[39m
                [33mdata-slot[39m=[32m"card-content"[39m
              [36m>[39m
                [36m<div[39m
                  [33mclass[39m=[32m"text-2xl font-bold"[39m
                [36m>[39m
                  [0m2[0m
                [36m</div>[39m
                [36m<p[39m
                  [33mclass[39m=[32m"text-xs text-muted-foreground"[39m
                [36m>[39m
                  [0m100.0[0m
                  [0m% of total[0m
                [36m</p>[39m
              [36m</div>[39m
            [36m</div>[39m
            [36m<div[39m
              [33mclass[39m=[32m"bg-car...

      409 |     fireEvent.change(searchInput, { target: { value: 'SC002-001' } });
      410 |     
    > 411 |     expect(screen.getByText('Lim Wei Ming')).toBeInTheDocument();
          |                   ^
      412 |     expect(screen.queryByText('Ahmad Rahman')).not.toBeInTheDocument();
      413 |   });
      414 |

      at Object.getElementError (node_modules/.pnpm/@testing-library+dom@10.4.0/node_modules/@testing-library/dom/dist/config.js:37:19)
      at node_modules/.pnpm/@testing-library+dom@10.4.0/node_modules/@testing-library/dom/dist/query-helpers.js:76:38
      at node_modules/.pnpm/@testing-library+dom@10.4.0/node_modules/@testing-library/dom/dist/query-helpers.js:52:17
      at node_modules/.pnpm/@testing-library+dom@10.4.0/node_modules/@testing-library/dom/dist/query-helpers.js:95:19
      at Object.getByText (src/components/admin/__tests__/StudentInformationManager.test.tsx:411:19)

  ● StudentInformationManager › should show referrer information for referred students

    TestingLibraryElementError: Unable to find an element with the text: View Details. This could be because the text is broken up by multiple elements. In this case, you can provide a function for your text matcher to make your matcher more flexible.

    Ignored nodes: comments, script, style
    [36m<body>[39m
      [36m<div>[39m
        [36m<div[39m
          [33mclass[39m=[32m"space-y-6"[39m
        [36m>[39m
          [36m<div[39m
            [33mclass[39m=[32m"flex flex-col gap-4 md:flex-row md:items-center md:justify-between"[39m
          [36m>[39m
            [36m<div>[39m
              [36m<h1[39m
                [33mclass[39m=[32m"text-3xl font-bold"[39m
              [36m>[39m
                [0mStudent Information Management[0m
              [36m</h1>[39m
              [36m<p[39m
                [33mclass[39m=[32m"text-muted-foreground"[39m
              [36m>[39m
                [0mManage student profiles, course information, and tracking data[0m
              [36m</p>[39m
            [36m</div>[39m
            [36m<div[39m
              [33mclass[39m=[32m"flex items-center gap-2"[39m
            [36m>[39m
              [36m<button[39m
                [33mclass[39m=[32m"inline-flex items-center justify-center gap-2 whitespace-nowrap rounded-md text-sm font-medium transition-all disabled:pointer-events-none disabled:opacity-50 [&_svg]:pointer-events-none [&_svg:not([class*='size-'])]:size-4 shrink-0 [&_svg]:shrink-0 outline-none focus-visible:border-ring focus-visible:ring-ring/50 focus-visible:ring-[3px] aria-invalid:ring-destructive/20 dark:aria-invalid:ring-destructive/40 aria-invalid:border-destructive border bg-background shadow-xs hover:bg-accent hover:text-accent-foreground dark:bg-input/30 dark:border-input dark:hover:bg-input/50 h-9 px-4 py-2 has-[>svg]:px-3"[39m
                [33mdata-slot[39m=[32m"button"[39m
              [36m>[39m
                [36m<div[39m
                  [33mdata-testid[39m=[32m"download-icon"[39m
                [36m>[39m
                  [0mDownload[0m
                [36m</div>[39m
                [0mExport[0m
              [36m</button>[39m
              [36m<button[39m
                [33mclass[39m=[32m"inline-flex items-center justify-center gap-2 whitespace-nowrap rounded-md text-sm font-medium transition-all disabled:pointer-events-none disabled:opacity-50 [&_svg]:pointer-events-none [&_svg:not([class*='size-'])]:size-4 shrink-0 [&_svg]:shrink-0 outline-none focus-visible:border-ring focus-visible:ring-ring/50 focus-visible:ring-[3px] aria-invalid:ring-destructive/20 dark:aria-invalid:ring-destructive/40 aria-invalid:border-destructive border bg-background shadow-xs hover:bg-accent hover:text-accent-foreground dark:bg-input/30 dark:border-input dark:hover:bg-input/50 h-9 px-4 py-2 has-[>svg]:px-3"[39m
                [33mdata-slot[39m=[32m"button"[39m
              [36m>[39m
                [36m<div[39m
                  [33mdata-testid[39m=[32m"upload-icon"[39m
                [36m>[39m
                  [0mUpload[0m
                [36m</div>[39m
                [0mImport[0m
              [36m</button>[39m
              [36m<button[39m
                [33mclass[39m=[32m"inline-flex items-center justify-center gap-2 whitespace-nowrap rounded-md text-sm font-medium transition-all disabled:pointer-events-none disabled:opacity-50 [&_svg]:pointer-events-none [&_svg:not([class*='size-'])]:size-4 shrink-0 [&_svg]:shrink-0 outline-none focus-visible:border-ring focus-visible:ring-ring/50 focus-visible:ring-[3px] aria-invalid:ring-destructive/20 dark:aria-invalid:ring-destructive/40 aria-invalid:border-destructive bg-primary text-primary-foreground shadow-xs hover:bg-primary/90 h-9 px-4 py-2 has-[>svg]:px-3"[39m
                [33mdata-slot[39m=[32m"button"[39m
              [36m>[39m
                [36m<div[39m
                  [33mdata-testid[39m=[32m"user-plus-icon"[39m
                [36m>[39m
                  [0mUserPlus[0m
                [36m</div>[39m
                [0mAdd Student[0m
              [36m</button>[39m
            [36m</div>[39m
          [36m</div>[39m
          [36m<div[39m
            [33mclass[39m=[32m"grid gap-4 md:grid-cols-2 lg:grid-cols-4"[39m
          [36m>[39m
            [36m<div[39m
              [33mclass[39m=[32m"bg-card text-card-foreground flex flex-col gap-6 rounded-xl border py-6 shadow-sm"[39m
              [33mdata-slot[39m=[32m"card"[39m
            [36m>[39m
              [36m<div[39m
                [33mclass[39m=[32m"@container/card-header grid auto-rows-min grid-rows-[auto_auto] items-start gap-1.5 px-6 has-data-[slot=card-action]:grid-cols-[1fr_auto] [.border-b]:pb-6 pb-3"[39m
                [33mdata-slot[39m=[32m"card-header"[39m
              [36m>[39m
                [36m<div[39m
                  [33mclass[39m=[32m"text-sm font-medium flex items-center gap-2"[39m
                  [33mdata-slot[39m=[32m"card-title"[39m
                [36m>[39m
                  [36m<div[39m
                    [33mdata-testid[39m=[32m"users-icon"[39m
                  [36m>[39m
                    [0mUsers[0m
                  [36m</div>[39m
                  [0mTotal Students[0m
                [36m</div>[39m
              [36m</div>[39m
              [36m<div[39m
                [33mclass[39m=[32m"px-6"[39m
                [33mdata-slot[39m=[32m"card-content"[39m
              [36m>[39m
                [36m<div[39m
                  [33mclass[39m=[32m"text-2xl font-bold"[39m
                [36m>[39m
                  [0m2[0m
                [36m</div>[39m
                [36m<p[39m
                  [33mclass[39m=[32m"text-xs text-muted-foreground"[39m
                [36m>[39m
                  [0m+12% from last month[0m
                [36m</p>[39m
              [36m</div>[39m
            [36m</div>[39m
            [36m<div[39m
              [33mclass[39m=[32m"bg-card text-card-foreground flex flex-col gap-6 rounded-xl border py-6 shadow-sm"[39m
              [33mdata-slot[39m=[32m"card"[39m
            [36m>[39m
              [36m<div[39m
                [33mclass[39m=[32m"@container/card-header grid auto-rows-min grid-rows-[auto_auto] items-start gap-1.5 px-6 has-data-[slot=card-action]:grid-cols-[1fr_auto] [.border-b]:pb-6 pb-3"[39m
                [33mdata-slot[39m=[32m"card-header"[39m
              [36m>[39m
                [36m<div[39m
                  [33mclass[39m=[32m"text-sm font-medium flex items-center gap-2"[39m
                  [33mdata-slot[39m=[32m"card-title"[39m
                [36m>[39m
                  [36m<div[39m
                    [33mdata-testid[39m=[32m"trending-up-icon"[39m
                  [36m>[39m
                    [0mTrendingUp[0m
                  [36m</div>[39m
                  [0mActive Students[0m
                [36m</div>[39m
              [36m</div>[39m
              [36m<div[39m
                [33mclass[39m=[32m"px-6"[39m
                [33mdata-slot[39m=[32m"card-content"[39m
              [36m>[39m
                [36m<div[39m
                  [33mclass[39m=[32m"text-2xl font-bold"[39m
                [36m>[39m
                  [0m2[0m
                [36m</div>[39m
                [36m<p[39m
                  [33mclass[39m=[32m"text-xs text-muted-foreground"[39m
                [36m>[39m
                  [0m100.0[0m
                  [0m% of total[0m
                [36m</p>[39m
              [36m</div>[39m
            [36m</div>[39m
            [36m<div[39m
              [33mclass[39m=[32m"bg-car...

      419 |     const actionButtons = screen.getAllByTestId('eye-icon');
      420 |     fireEvent.click(actionButtons[1]);
    > 421 |     fireEvent.click(screen.getByText('View Details'));
          |                            ^
      422 |     
      423 |     await waitFor(() => {
      424 |       expect(screen.getByText('Lim Wei Ming')).toBeInTheDocument();

      at Object.getElementError (node_modules/.pnpm/@testing-library+dom@10.4.0/node_modules/@testing-library/dom/dist/config.js:37:19)
      at node_modules/.pnpm/@testing-library+dom@10.4.0/node_modules/@testing-library/dom/dist/query-helpers.js:76:38
      at node_modules/.pnpm/@testing-library+dom@10.4.0/node_modules/@testing-library/dom/dist/query-helpers.js:52:17
      at node_modules/.pnpm/@testing-library+dom@10.4.0/node_modules/@testing-library/dom/dist/query-helpers.js:95:19
      at Object.getByText (src/components/admin/__tests__/StudentInformationManager.test.tsx:421:28)

  ● StudentInformationManager › should display material issuance information

    TestingLibraryElementError: Unable to find an element with the text: View Details. This could be because the text is broken up by multiple elements. In this case, you can provide a function for your text matcher to make your matcher more flexible.

    Ignored nodes: comments, script, style
    [36m<body>[39m
      [36m<div>[39m
        [36m<div[39m
          [33mclass[39m=[32m"space-y-6"[39m
        [36m>[39m
          [36m<div[39m
            [33mclass[39m=[32m"flex flex-col gap-4 md:flex-row md:items-center md:justify-between"[39m
          [36m>[39m
            [36m<div>[39m
              [36m<h1[39m
                [33mclass[39m=[32m"text-3xl font-bold"[39m
              [36m>[39m
                [0mStudent Information Management[0m
              [36m</h1>[39m
              [36m<p[39m
                [33mclass[39m=[32m"text-muted-foreground"[39m
              [36m>[39m
                [0mManage student profiles, course information, and tracking data[0m
              [36m</p>[39m
            [36m</div>[39m
            [36m<div[39m
              [33mclass[39m=[32m"flex items-center gap-2"[39m
            [36m>[39m
              [36m<button[39m
                [33mclass[39m=[32m"inline-flex items-center justify-center gap-2 whitespace-nowrap rounded-md text-sm font-medium transition-all disabled:pointer-events-none disabled:opacity-50 [&_svg]:pointer-events-none [&_svg:not([class*='size-'])]:size-4 shrink-0 [&_svg]:shrink-0 outline-none focus-visible:border-ring focus-visible:ring-ring/50 focus-visible:ring-[3px] aria-invalid:ring-destructive/20 dark:aria-invalid:ring-destructive/40 aria-invalid:border-destructive border bg-background shadow-xs hover:bg-accent hover:text-accent-foreground dark:bg-input/30 dark:border-input dark:hover:bg-input/50 h-9 px-4 py-2 has-[>svg]:px-3"[39m
                [33mdata-slot[39m=[32m"button"[39m
              [36m>[39m
                [36m<div[39m
                  [33mdata-testid[39m=[32m"download-icon"[39m
                [36m>[39m
                  [0mDownload[0m
                [36m</div>[39m
                [0mExport[0m
              [36m</button>[39m
              [36m<button[39m
                [33mclass[39m=[32m"inline-flex items-center justify-center gap-2 whitespace-nowrap rounded-md text-sm font-medium transition-all disabled:pointer-events-none disabled:opacity-50 [&_svg]:pointer-events-none [&_svg:not([class*='size-'])]:size-4 shrink-0 [&_svg]:shrink-0 outline-none focus-visible:border-ring focus-visible:ring-ring/50 focus-visible:ring-[3px] aria-invalid:ring-destructive/20 dark:aria-invalid:ring-destructive/40 aria-invalid:border-destructive border bg-background shadow-xs hover:bg-accent hover:text-accent-foreground dark:bg-input/30 dark:border-input dark:hover:bg-input/50 h-9 px-4 py-2 has-[>svg]:px-3"[39m
                [33mdata-slot[39m=[32m"button"[39m
              [36m>[39m
                [36m<div[39m
                  [33mdata-testid[39m=[32m"upload-icon"[39m
                [36m>[39m
                  [0mUpload[0m
                [36m</div>[39m
                [0mImport[0m
              [36m</button>[39m
              [36m<button[39m
                [33mclass[39m=[32m"inline-flex items-center justify-center gap-2 whitespace-nowrap rounded-md text-sm font-medium transition-all disabled:pointer-events-none disabled:opacity-50 [&_svg]:pointer-events-none [&_svg:not([class*='size-'])]:size-4 shrink-0 [&_svg]:shrink-0 outline-none focus-visible:border-ring focus-visible:ring-ring/50 focus-visible:ring-[3px] aria-invalid:ring-destructive/20 dark:aria-invalid:ring-destructive/40 aria-invalid:border-destructive bg-primary text-primary-foreground shadow-xs hover:bg-primary/90 h-9 px-4 py-2 has-[>svg]:px-3"[39m
                [33mdata-slot[39m=[32m"button"[39m
              [36m>[39m
                [36m<div[39m
                  [33mdata-testid[39m=[32m"user-plus-icon"[39m
                [36m>[39m
                  [0mUserPlus[0m
                [36m</div>[39m
                [0mAdd Student[0m
              [36m</button>[39m
            [36m</div>[39m
          [36m</div>[39m
          [36m<div[39m
            [33mclass[39m=[32m"grid gap-4 md:grid-cols-2 lg:grid-cols-4"[39m
          [36m>[39m
            [36m<div[39m
              [33mclass[39m=[32m"bg-card text-card-foreground flex flex-col gap-6 rounded-xl border py-6 shadow-sm"[39m
              [33mdata-slot[39m=[32m"card"[39m
            [36m>[39m
              [36m<div[39m
                [33mclass[39m=[32m"@container/card-header grid auto-rows-min grid-rows-[auto_auto] items-start gap-1.5 px-6 has-data-[slot=card-action]:grid-cols-[1fr_auto] [.border-b]:pb-6 pb-3"[39m
                [33mdata-slot[39m=[32m"card-header"[39m
              [36m>[39m
                [36m<div[39m
                  [33mclass[39m=[32m"text-sm font-medium flex items-center gap-2"[39m
                  [33mdata-slot[39m=[32m"card-title"[39m
                [36m>[39m
                  [36m<div[39m
                    [33mdata-testid[39m=[32m"users-icon"[39m
                  [36m>[39m
                    [0mUsers[0m
                  [36m</div>[39m
                  [0mTotal Students[0m
                [36m</div>[39m
              [36m</div>[39m
              [36m<div[39m
                [33mclass[39m=[32m"px-6"[39m
                [33mdata-slot[39m=[32m"card-content"[39m
              [36m>[39m
                [36m<div[39m
                  [33mclass[39m=[32m"text-2xl font-bold"[39m
                [36m>[39m
                  [0m2[0m
                [36m</div>[39m
                [36m<p[39m
                  [33mclass[39m=[32m"text-xs text-muted-foreground"[39m
                [36m>[39m
                  [0m+12% from last month[0m
                [36m</p>[39m
              [36m</div>[39m
            [36m</div>[39m
            [36m<div[39m
              [33mclass[39m=[32m"bg-card text-card-foreground flex flex-col gap-6 rounded-xl border py-6 shadow-sm"[39m
              [33mdata-slot[39m=[32m"card"[39m
            [36m>[39m
              [36m<div[39m
                [33mclass[39m=[32m"@container/card-header grid auto-rows-min grid-rows-[auto_auto] items-start gap-1.5 px-6 has-data-[slot=card-action]:grid-cols-[1fr_auto] [.border-b]:pb-6 pb-3"[39m
                [33mdata-slot[39m=[32m"card-header"[39m
              [36m>[39m
                [36m<div[39m
                  [33mclass[39m=[32m"text-sm font-medium flex items-center gap-2"[39m
                  [33mdata-slot[39m=[32m"card-title"[39m
                [36m>[39m
                  [36m<div[39m
                    [33mdata-testid[39m=[32m"trending-up-icon"[39m
                  [36m>[39m
                    [0mTrendingUp[0m
                  [36m</div>[39m
                  [0mActive Students[0m
                [36m</div>[39m
              [36m</div>[39m
              [36m<div[39m
                [33mclass[39m=[32m"px-6"[39m
                [33mdata-slot[39m=[32m"card-content"[39m
              [36m>[39m
                [36m<div[39m
                  [33mclass[39m=[32m"text-2xl font-bold"[39m
                [36m>[39m
                  [0m2[0m
                [36m</div>[39m
                [36m<p[39m
                  [33mclass[39m=[32m"text-xs text-muted-foreground"[39m
                [36m>[39m
                  [0m100.0[0m
                  [0m% of total[0m
                [36m</p>[39m
              [36m</div>[39m
            [36m</div>[39m
            [36m<div[39m
              [33mclass[39m=[32m"bg-car...

      431 |     const actionButtons = screen.getAllByTestId('eye-icon');
      432 |     fireEvent.click(actionButtons[0]);
    > 433 |     fireEvent.click(screen.getByText('View Details'));
          |                            ^
      434 |     
      435 |     await waitFor(() => {
      436 |       // Check if business english student details are shown

      at Object.getElementError (node_modules/.pnpm/@testing-library+dom@10.4.0/node_modules/@testing-library/dom/dist/config.js:37:19)
      at node_modules/.pnpm/@testing-library+dom@10.4.0/node_modules/@testing-library/dom/dist/query-helpers.js:76:38
      at node_modules/.pnpm/@testing-library+dom@10.4.0/node_modules/@testing-library/dom/dist/query-helpers.js:52:17
      at node_modules/.pnpm/@testing-library+dom@10.4.0/node_modules/@testing-library/dom/dist/query-helpers.js:95:19
      at Object.getByText (src/components/admin/__tests__/StudentInformationManager.test.tsx:433:28)

  ● StudentInformationManager › should show AI assessment status

    TestingLibraryElementError: Unable to find an element with the text: View Details. This could be because the text is broken up by multiple elements. In this case, you can provide a function for your text matcher to make your matcher more flexible.

    Ignored nodes: comments, script, style
    [36m<body>[39m
      [36m<div>[39m
        [36m<div[39m
          [33mclass[39m=[32m"space-y-6"[39m
        [36m>[39m
          [36m<div[39m
            [33mclass[39m=[32m"flex flex-col gap-4 md:flex-row md:items-center md:justify-between"[39m
          [36m>[39m
            [36m<div>[39m
              [36m<h1[39m
                [33mclass[39m=[32m"text-3xl font-bold"[39m
              [36m>[39m
                [0mStudent Information Management[0m
              [36m</h1>[39m
              [36m<p[39m
                [33mclass[39m=[32m"text-muted-foreground"[39m
              [36m>[39m
                [0mManage student profiles, course information, and tracking data[0m
              [36m</p>[39m
            [36m</div>[39m
            [36m<div[39m
              [33mclass[39m=[32m"flex items-center gap-2"[39m
            [36m>[39m
              [36m<button[39m
                [33mclass[39m=[32m"inline-flex items-center justify-center gap-2 whitespace-nowrap rounded-md text-sm font-medium transition-all disabled:pointer-events-none disabled:opacity-50 [&_svg]:pointer-events-none [&_svg:not([class*='size-'])]:size-4 shrink-0 [&_svg]:shrink-0 outline-none focus-visible:border-ring focus-visible:ring-ring/50 focus-visible:ring-[3px] aria-invalid:ring-destructive/20 dark:aria-invalid:ring-destructive/40 aria-invalid:border-destructive border bg-background shadow-xs hover:bg-accent hover:text-accent-foreground dark:bg-input/30 dark:border-input dark:hover:bg-input/50 h-9 px-4 py-2 has-[>svg]:px-3"[39m
                [33mdata-slot[39m=[32m"button"[39m
              [36m>[39m
                [36m<div[39m
                  [33mdata-testid[39m=[32m"download-icon"[39m
                [36m>[39m
                  [0mDownload[0m
                [36m</div>[39m
                [0mExport[0m
              [36m</button>[39m
              [36m<button[39m
                [33mclass[39m=[32m"inline-flex items-center justify-center gap-2 whitespace-nowrap rounded-md text-sm font-medium transition-all disabled:pointer-events-none disabled:opacity-50 [&_svg]:pointer-events-none [&_svg:not([class*='size-'])]:size-4 shrink-0 [&_svg]:shrink-0 outline-none focus-visible:border-ring focus-visible:ring-ring/50 focus-visible:ring-[3px] aria-invalid:ring-destructive/20 dark:aria-invalid:ring-destructive/40 aria-invalid:border-destructive border bg-background shadow-xs hover:bg-accent hover:text-accent-foreground dark:bg-input/30 dark:border-input dark:hover:bg-input/50 h-9 px-4 py-2 has-[>svg]:px-3"[39m
                [33mdata-slot[39m=[32m"button"[39m
              [36m>[39m
                [36m<div[39m
                  [33mdata-testid[39m=[32m"upload-icon"[39m
                [36m>[39m
                  [0mUpload[0m
                [36m</div>[39m
                [0mImport[0m
              [36m</button>[39m
              [36m<button[39m
                [33mclass[39m=[32m"inline-flex items-center justify-center gap-2 whitespace-nowrap rounded-md text-sm font-medium transition-all disabled:pointer-events-none disabled:opacity-50 [&_svg]:pointer-events-none [&_svg:not([class*='size-'])]:size-4 shrink-0 [&_svg]:shrink-0 outline-none focus-visible:border-ring focus-visible:ring-ring/50 focus-visible:ring-[3px] aria-invalid:ring-destructive/20 dark:aria-invalid:ring-destructive/40 aria-invalid:border-destructive bg-primary text-primary-foreground shadow-xs hover:bg-primary/90 h-9 px-4 py-2 has-[>svg]:px-3"[39m
                [33mdata-slot[39m=[32m"button"[39m
              [36m>[39m
                [36m<div[39m
                  [33mdata-testid[39m=[32m"user-plus-icon"[39m
                [36m>[39m
                  [0mUserPlus[0m
                [36m</div>[39m
                [0mAdd Student[0m
              [36m</button>[39m
            [36m</div>[39m
          [36m</div>[39m
          [36m<div[39m
            [33mclass[39m=[32m"grid gap-4 md:grid-cols-2 lg:grid-cols-4"[39m
          [36m>[39m
            [36m<div[39m
              [33mclass[39m=[32m"bg-card text-card-foreground flex flex-col gap-6 rounded-xl border py-6 shadow-sm"[39m
              [33mdata-slot[39m=[32m"card"[39m
            [36m>[39m
              [36m<div[39m
                [33mclass[39m=[32m"@container/card-header grid auto-rows-min grid-rows-[auto_auto] items-start gap-1.5 px-6 has-data-[slot=card-action]:grid-cols-[1fr_auto] [.border-b]:pb-6 pb-3"[39m
                [33mdata-slot[39m=[32m"card-header"[39m
              [36m>[39m
                [36m<div[39m
                  [33mclass[39m=[32m"text-sm font-medium flex items-center gap-2"[39m
                  [33mdata-slot[39m=[32m"card-title"[39m
                [36m>[39m
                  [36m<div[39m
                    [33mdata-testid[39m=[32m"users-icon"[39m
                  [36m>[39m
                    [0mUsers[0m
                  [36m</div>[39m
                  [0mTotal Students[0m
                [36m</div>[39m
              [36m</div>[39m
              [36m<div[39m
                [33mclass[39m=[32m"px-6"[39m
                [33mdata-slot[39m=[32m"card-content"[39m
              [36m>[39m
                [36m<div[39m
                  [33mclass[39m=[32m"text-2xl font-bold"[39m
                [36m>[39m
                  [0m2[0m
                [36m</div>[39m
                [36m<p[39m
                  [33mclass[39m=[32m"text-xs text-muted-foreground"[39m
                [36m>[39m
                  [0m+12% from last month[0m
                [36m</p>[39m
              [36m</div>[39m
            [36m</div>[39m
            [36m<div[39m
              [33mclass[39m=[32m"bg-card text-card-foreground flex flex-col gap-6 rounded-xl border py-6 shadow-sm"[39m
              [33mdata-slot[39m=[32m"card"[39m
            [36m>[39m
              [36m<div[39m
                [33mclass[39m=[32m"@container/card-header grid auto-rows-min grid-rows-[auto_auto] items-start gap-1.5 px-6 has-data-[slot=card-action]:grid-cols-[1fr_auto] [.border-b]:pb-6 pb-3"[39m
                [33mdata-slot[39m=[32m"card-header"[39m
              [36m>[39m
                [36m<div[39m
                  [33mclass[39m=[32m"text-sm font-medium flex items-center gap-2"[39m
                  [33mdata-slot[39m=[32m"card-title"[39m
                [36m>[39m
                  [36m<div[39m
                    [33mdata-testid[39m=[32m"trending-up-icon"[39m
                  [36m>[39m
                    [0mTrendingUp[0m
                  [36m</div>[39m
                  [0mActive Students[0m
                [36m</div>[39m
              [36m</div>[39m
              [36m<div[39m
                [33mclass[39m=[32m"px-6"[39m
                [33mdata-slot[39m=[32m"card-content"[39m
              [36m>[39m
                [36m<div[39m
                  [33mclass[39m=[32m"text-2xl font-bold"[39m
                [36m>[39m
                  [0m2[0m
                [36m</div>[39m
                [36m<p[39m
                  [33mclass[39m=[32m"text-xs text-muted-foreground"[39m
                [36m>[39m
                  [0m100.0[0m
                  [0m% of total[0m
                [36m</p>[39m
              [36m</div>[39m
            [36m</div>[39m
            [36m<div[39m
              [33mclass[39m=[32m"bg-car...

      461 |     const actionButtons = screen.getAllByTestId('eye-icon');
      462 |     fireEvent.click(actionButtons[0]);
    > 463 |     fireEvent.click(screen.getByText('View Details'));
          |                            ^
      464 |     
      465 |     await waitFor(() => {
      466 |       expect(screen.getByText('78/100')).toBeInTheDocument(); // Current assessment score

      at Object.getElementError (node_modules/.pnpm/@testing-library+dom@10.4.0/node_modules/@testing-library/dom/dist/config.js:37:19)
      at node_modules/.pnpm/@testing-library+dom@10.4.0/node_modules/@testing-library/dom/dist/query-helpers.js:76:38
      at node_modules/.pnpm/@testing-library+dom@10.4.0/node_modules/@testing-library/dom/dist/query-helpers.js:52:17
      at node_modules/.pnpm/@testing-library+dom@10.4.0/node_modules/@testing-library/dom/dist/query-helpers.js:95:19
      at Object.getByText (src/components/admin/__tests__/StudentInformationManager.test.tsx:463:28)

  ● StudentInformationManager › should display attendance percentage in table

    TestingLibraryElementError: Unable to find an element with the text: 58%. This could be because the text is broken up by multiple elements. In this case, you can provide a function for your text matcher to make your matcher more flexible.

    Ignored nodes: comments, script, style
    [36m<body>[39m
      [36m<div>[39m
        [36m<div[39m
          [33mclass[39m=[32m"space-y-6"[39m
        [36m>[39m
          [36m<div[39m
            [33mclass[39m=[32m"flex flex-col gap-4 md:flex-row md:items-center md:justify-between"[39m
          [36m>[39m
            [36m<div>[39m
              [36m<h1[39m
                [33mclass[39m=[32m"text-3xl font-bold"[39m
              [36m>[39m
                [0mStudent Information Management[0m
              [36m</h1>[39m
              [36m<p[39m
                [33mclass[39m=[32m"text-muted-foreground"[39m
              [36m>[39m
                [0mManage student profiles, course information, and tracking data[0m
              [36m</p>[39m
            [36m</div>[39m
            [36m<div[39m
              [33mclass[39m=[32m"flex items-center gap-2"[39m
            [36m>[39m
              [36m<button[39m
                [33mclass[39m=[32m"inline-flex items-center justify-center gap-2 whitespace-nowrap rounded-md text-sm font-medium transition-all disabled:pointer-events-none disabled:opacity-50 [&_svg]:pointer-events-none [&_svg:not([class*='size-'])]:size-4 shrink-0 [&_svg]:shrink-0 outline-none focus-visible:border-ring focus-visible:ring-ring/50 focus-visible:ring-[3px] aria-invalid:ring-destructive/20 dark:aria-invalid:ring-destructive/40 aria-invalid:border-destructive border bg-background shadow-xs hover:bg-accent hover:text-accent-foreground dark:bg-input/30 dark:border-input dark:hover:bg-input/50 h-9 px-4 py-2 has-[>svg]:px-3"[39m
                [33mdata-slot[39m=[32m"button"[39m
              [36m>[39m
                [36m<div[39m
                  [33mdata-testid[39m=[32m"download-icon"[39m
                [36m>[39m
                  [0mDownload[0m
                [36m</div>[39m
                [0mExport[0m
              [36m</button>[39m
              [36m<button[39m
                [33mclass[39m=[32m"inline-flex items-center justify-center gap-2 whitespace-nowrap rounded-md text-sm font-medium transition-all disabled:pointer-events-none disabled:opacity-50 [&_svg]:pointer-events-none [&_svg:not([class*='size-'])]:size-4 shrink-0 [&_svg]:shrink-0 outline-none focus-visible:border-ring focus-visible:ring-ring/50 focus-visible:ring-[3px] aria-invalid:ring-destructive/20 dark:aria-invalid:ring-destructive/40 aria-invalid:border-destructive border bg-background shadow-xs hover:bg-accent hover:text-accent-foreground dark:bg-input/30 dark:border-input dark:hover:bg-input/50 h-9 px-4 py-2 has-[>svg]:px-3"[39m
                [33mdata-slot[39m=[32m"button"[39m
              [36m>[39m
                [36m<div[39m
                  [33mdata-testid[39m=[32m"upload-icon"[39m
                [36m>[39m
                  [0mUpload[0m
                [36m</div>[39m
                [0mImport[0m
              [36m</button>[39m
              [36m<button[39m
                [33mclass[39m=[32m"inline-flex items-center justify-center gap-2 whitespace-nowrap rounded-md text-sm font-medium transition-all disabled:pointer-events-none disabled:opacity-50 [&_svg]:pointer-events-none [&_svg:not([class*='size-'])]:size-4 shrink-0 [&_svg]:shrink-0 outline-none focus-visible:border-ring focus-visible:ring-ring/50 focus-visible:ring-[3px] aria-invalid:ring-destructive/20 dark:aria-invalid:ring-destructive/40 aria-invalid:border-destructive bg-primary text-primary-foreground shadow-xs hover:bg-primary/90 h-9 px-4 py-2 has-[>svg]:px-3"[39m
                [33mdata-slot[39m=[32m"button"[39m
              [36m>[39m
                [36m<div[39m
                  [33mdata-testid[39m=[32m"user-plus-icon"[39m
                [36m>[39m
                  [0mUserPlus[0m
                [36m</div>[39m
                [0mAdd Student[0m
              [36m</button>[39m
            [36m</div>[39m
          [36m</div>[39m
          [36m<div[39m
            [33mclass[39m=[32m"grid gap-4 md:grid-cols-2 lg:grid-cols-4"[39m
          [36m>[39m
            [36m<div[39m
              [33mclass[39m=[32m"bg-card text-card-foreground flex flex-col gap-6 rounded-xl border py-6 shadow-sm"[39m
              [33mdata-slot[39m=[32m"card"[39m
            [36m>[39m
              [36m<div[39m
                [33mclass[39m=[32m"@container/card-header grid auto-rows-min grid-rows-[auto_auto] items-start gap-1.5 px-6 has-data-[slot=card-action]:grid-cols-[1fr_auto] [.border-b]:pb-6 pb-3"[39m
                [33mdata-slot[39m=[32m"card-header"[39m
              [36m>[39m
                [36m<div[39m
                  [33mclass[39m=[32m"text-sm font-medium flex items-center gap-2"[39m
                  [33mdata-slot[39m=[32m"card-title"[39m
                [36m>[39m
                  [36m<div[39m
                    [33mdata-testid[39m=[32m"users-icon"[39m
                  [36m>[39m
                    [0mUsers[0m
                  [36m</div>[39m
                  [0mTotal Students[0m
                [36m</div>[39m
              [36m</div>[39m
              [36m<div[39m
                [33mclass[39m=[32m"px-6"[39m
                [33mdata-slot[39m=[32m"card-content"[39m
              [36m>[39m
                [36m<div[39m
                  [33mclass[39m=[32m"text-2xl font-bold"[39m
                [36m>[39m
                  [0m2[0m
                [36m</div>[39m
                [36m<p[39m
                  [33mclass[39m=[32m"text-xs text-muted-foreground"[39m
                [36m>[39m
                  [0m+12% from last month[0m
                [36m</p>[39m
              [36m</div>[39m
            [36m</div>[39m
            [36m<div[39m
              [33mclass[39m=[32m"bg-card text-card-foreground flex flex-col gap-6 rounded-xl border py-6 shadow-sm"[39m
              [33mdata-slot[39m=[32m"card"[39m
            [36m>[39m
              [36m<div[39m
                [33mclass[39m=[32m"@container/card-header grid auto-rows-min grid-rows-[auto_auto] items-start gap-1.5 px-6 has-data-[slot=card-action]:grid-cols-[1fr_auto] [.border-b]:pb-6 pb-3"[39m
                [33mdata-slot[39m=[32m"card-header"[39m
              [36m>[39m
                [36m<div[39m
                  [33mclass[39m=[32m"text-sm font-medium flex items-center gap-2"[39m
                  [33mdata-slot[39m=[32m"card-title"[39m
                [36m>[39m
                  [36m<div[39m
                    [33mdata-testid[39m=[32m"trending-up-icon"[39m
                  [36m>[39m
                    [0mTrendingUp[0m
                  [36m</div>[39m
                  [0mActive Students[0m
                [36m</div>[39m
              [36m</div>[39m
              [36m<div[39m
                [33mclass[39m=[32m"px-6"[39m
                [33mdata-slot[39m=[32m"card-content"[39m
              [36m>[39m
                [36m<div[39m
                  [33mclass[39m=[32m"text-2xl font-bold"[39m
                [36m>[39m
                  [0m2[0m
                [36m</div>[39m
                [36m<p[39m
                  [33mclass[39m=[32m"text-xs text-muted-foreground"[39m
                [36m>[39m
                  [0m100.0[0m
                  [0m% of total[0m
                [36m</p>[39m
              [36m</div>[39m
            [36m</div>[39m
            [36m<div[39m
              [33mclass[39m=[32m"bg-car...

      472 |     
      473 |     // Both students have different attendance rates in mock data
    > 474 |     expect(screen.getByText('58%')).toBeInTheDocument(); // Progress for Ahmad
          |                   ^
      475 |     expect(screen.getByText('45%')).toBeInTheDocument(); // Progress for Lim
      476 |   });
      477 | });

      at Object.getElementError (node_modules/.pnpm/@testing-library+dom@10.4.0/node_modules/@testing-library/dom/dist/config.js:37:19)
      at node_modules/.pnpm/@testing-library+dom@10.4.0/node_modules/@testing-library/dom/dist/query-helpers.js:76:38
      at node_modules/.pnpm/@testing-library+dom@10.4.0/node_modules/@testing-library/dom/dist/query-helpers.js:52:17
      at node_modules/.pnpm/@testing-library+dom@10.4.0/node_modules/@testing-library/dom/dist/query-helpers.js:95:19
      at Object.getByText (src/components/admin/__tests__/StudentInformationManager.test.tsx:474:19)

FAIL src/components/ui/__tests__/dynamic-form-generator.test.tsx
  ● Console

    console.error
      Warning: A component is changing an uncontrolled input to be controlled. This is likely caused by the value changing from undefined to a defined value, which should not happen. Decide between using a controlled or uncontrolled input element for the lifetime of the component. More info: https://reactjs.org/link/controlled-components
          at input
          at className (/Users/invoture/dev.local/hey-peter/src/components/ui/input.tsx:8:6)
          at div
          at children (/Users/invoture/dev.local/hey-peter/src/components/ui/form-field.tsx:107:6)
          at div
          at className (/Users/invoture/dev.local/hey-peter/src/components/ui/form-field.tsx:76:6)
          at indexB (/Users/invoture/dev.local/hey-peter/node_modules/.pnpm/react-hook-form@7.58.1_react@18.3.1/node_modules/react-hook-form/src/utils/swap.ts:2:23)
          at props (/Users/invoture/dev.local/hey-peter/src/components/ui/form-field.tsx:33:6)
          at field (/Users/invoture/dev.local/hey-peter/src/components/ui/dynamic-form-generator.tsx:184:56)
          at div
          at form
          at encType (/Users/invoture/dev.local/hey-peter/node_modules/.pnpm/react-hook-form@7.58.1_react@18.3.1/node_modules/react-hook-form/src/form.tsx:140:16)
          at sections (/Users/invoture/dev.local/hey-peter/src/components/ui/dynamic-form-generator.tsx:558:3)

      142 |
      143 |       const input = screen.getByLabelText(/username/i);
    > 144 |       await user.type(input, "testuser");
          |       ^
      145 |
      146 |       expect(input).toHaveValue("testuser");
      147 |     });

      at printWarning (node_modules/.pnpm/react-dom@18.3.1_react@18.3.1/node_modules/react-dom/cjs/react-dom.development.js:86:30)
      at error (node_modules/.pnpm/react-dom@18.3.1_react@18.3.1/node_modules/react-dom/cjs/react-dom.development.js:60:7)
      at updateWrapper (node_modules/.pnpm/react-dom@18.3.1_react@18.3.1/node_modules/react-dom/cjs/react-dom.development.js:1813:7)
      at updateProperties (node_modules/.pnpm/react-dom@18.3.1_react@18.3.1/node_modules/react-dom/cjs/react-dom.development.js:10151:7)
      at commitUpdate (node_modules/.pnpm/react-dom@18.3.1_react@18.3.1/node_modules/react-dom/cjs/react-dom.development.js:11047:3)
      at commitMutationEffectsOnFiber (node_modules/.pnpm/react-dom@18.3.1_react@18.3.1/node_modules/react-dom/cjs/react-dom.development.js:24428:19)
      at recursivelyTraverseMutationEffects (node_modules/.pnpm/react-dom@18.3.1_react@18.3.1/node_modules/react-dom/cjs/react-dom.development.js:24312:7)
      at commitMutationEffectsOnFiber (node_modules/.pnpm/react-dom@18.3.1_react@18.3.1/node_modules/react-dom/cjs/react-dom.development.js:24332:9)
      at recursivelyTraverseMutationEffects (node_modules/.pnpm/react-dom@18.3.1_react@18.3.1/node_modules/react-dom/cjs/react-dom.development.js:24312:7)
      at commitMutationEffectsOnFiber (node_modules/.pnpm/react-dom@18.3.1_react@18.3.1/node_modules/react-dom/cjs/react-dom.development.js:24385:9)
      at recursivelyTraverseMutationEffects (node_modules/.pnpm/react-dom@18.3.1_react@18.3.1/node_modules/react-dom/cjs/react-dom.development.js:24312:7)
      at commitMutationEffectsOnFiber (node_modules/.pnpm/react-dom@18.3.1_react@18.3.1/node_modules/react-dom/cjs/react-dom.development.js:24332:9)
      at recursivelyTraverseMutationEffects (node_modules/.pnpm/react-dom@18.3.1_react@18.3.1/node_modules/react-dom/cjs/react-dom.development.js:24312:7)
      at commitMutationEffectsOnFiber (node_modules/.pnpm/react-dom@18.3.1_react@18.3.1/node_modules/react-dom/cjs/react-dom.development.js:24385:9)
      at recursivelyTraverseMutationEffects (node_modules/.pnpm/react-dom@18.3.1_react@18.3.1/node_modules/react-dom/cjs/react-dom.development.js:24312:7)
      at commitMutationEffectsOnFiber (node_modules/.pnpm/react-dom@18.3.1_react@18.3.1/node_modules/react-dom/cjs/react-dom.development.js:24615:9)
      at recursivelyTraverseMutationEffects (node_modules/.pnpm/react-dom@18.3.1_react@18.3.1/node_modules/react-dom/cjs/react-dom.development.js:24312:7)
      at commitMutationEffectsOnFiber (node_modules/.pnpm/react-dom@18.3.1_react@18.3.1/node_modules/react-dom/cjs/react-dom.development.js:24332:9)
      at recursivelyTraverseMutationEffects (node_modules/.pnpm/react-dom@18.3.1_react@18.3.1/node_modules/react-dom/cjs/react-dom.development.js:24312:7)
      at commitMutationEffectsOnFiber (node_modules/.pnpm/react-dom@18.3.1_react@18.3.1/node_modules/react-dom/cjs/react-dom.development.js:24332:9)
      at recursivelyTraverseMutationEffects (node_modules/.pnpm/react-dom@18.3.1_react@18.3.1/node_modules/react-dom/cjs/react-dom.development.js:24312:7)
      at commitMutationEffectsOnFiber (node_modules/.pnpm/react-dom@18.3.1_react@18.3.1/node_modules/react-dom/cjs/react-dom.development.js:24615:9)
      at recursivelyTraverseMutationEffects (node_modules/.pnpm/react-dom@18.3.1_react@18.3.1/node_modules/react-dom/cjs/react-dom.development.js:24312:7)
      at commitMutationEffectsOnFiber (node_modules/.pnpm/react-dom@18.3.1_react@18.3.1/node_modules/react-dom/cjs/react-dom.development.js:24332:9)
      at recursivelyTraverseMutationEffects (node_modules/.pnpm/react-dom@18.3.1_react@18.3.1/node_modules/react-dom/cjs/react-dom.development.js:24312:7)
      at commitMutationEffectsOnFiber (node_modules/.pnpm/react-dom@18.3.1_react@18.3.1/node_modules/react-dom/cjs/react-dom.development.js:24332:9)
      at recursivelyTraverseMutationEffects (node_modules/.pnpm/react-dom@18.3.1_react@18.3.1/node_modules/react-dom/cjs/react-dom.development.js:24312:7)
      at commitMutationEffectsOnFiber (node_modules/.pnpm/react-dom@18.3.1_react@18.3.1/node_modules/react-dom/cjs/react-dom.development.js:24385:9)
      at recursivelyTraverseMutationEffects (node_modules/.pnpm/react-dom@18.3.1_react@18.3.1/node_modules/react-dom/cjs/react-dom.development.js:24312:7)
      at commitMutationEffectsOnFiber (node_modules/.pnpm/react-dom@18.3.1_react@18.3.1/node_modules/react-dom/cjs/react-dom.development.js:24385:9)
      at recursivelyTraverseMutationEffects (node_modules/.pnpm/react-dom@18.3.1_react@18.3.1/node_modules/react-dom/cjs/react-dom.development.js:24312:7)
      at commitMutationEffectsOnFiber (node_modules/.pnpm/react-dom@18.3.1_react@18.3.1/node_modules/react-dom/cjs/react-dom.development.js:24615:9)
      at recursivelyTraverseMutationEffects (node_modules/.pnpm/react-dom@18.3.1_react@18.3.1/node_modules/react-dom/cjs/react-dom.development.js:24312:7)
      at commitMutationEffectsOnFiber (node_modules/.pnpm/react-dom@18.3.1_react@18.3.1/node_modules/react-dom/cjs/react-dom.development.js:24332:9)
      at recursivelyTraverseMutationEffects (node_modules/.pnpm/react-dom@18.3.1_react@18.3.1/node_modules/react-dom/cjs/react-dom.development.js:24312:7)
      at commitMutationEffectsOnFiber (node_modules/.pnpm/react-dom@18.3.1_react@18.3.1/node_modules/react-dom/cjs/react-dom.development.js:24332:9)
      at recursivelyTraverseMutationEffects (node_modules/.pnpm/react-dom@18.3.1_react@18.3.1/node_modules/react-dom/cjs/react-dom.development.js:24312:7)
      at commitMutationEffectsOnFiber (node_modules/.pnpm/react-dom@18.3.1_react@18.3.1/node_modules/react-dom/cjs/react-dom.development.js:24471:9)
      at commitMutationEffects (node_modules/.pnpm/react-dom@18.3.1_react@18.3.1/node_modules/react-dom/cjs/react-dom.development.js:24282:3)
      at commitRootImpl (node_modules/.pnpm/react-dom@18.3.1_react@18.3.1/node_modules/react-dom/cjs/react-dom.development.js:26849:5)
      at commitRoot (node_modules/.pnpm/react-dom@18.3.1_react@18.3.1/node_modules/react-dom/cjs/react-dom.development.js:26721:5)
      at performSyncWorkOnRoot (node_modules/.pnpm/react-dom@18.3.1_react@18.3.1/node_modules/react-dom/cjs/react-dom.development.js:26156:3)
      at flushSyncCallbacks (node_modules/.pnpm/react-dom@18.3.1_react@18.3.1/node_modules/react-dom/cjs/react-dom.development.js:12042:22)
      at flushSync (node_modules/.pnpm/react-dom@18.3.1_react@18.3.1/node_modules/react-dom/cjs/react-dom.development.js:26240:7)
      at finishEventHandler (node_modules/.pnpm/react-dom@18.3.1_react@18.3.1/node_modules/react-dom/cjs/react-dom.development.js:3976:5)
      at batchedUpdates (node_modules/.pnpm/react-dom@18.3.1_react@18.3.1/node_modules/react-dom/cjs/react-dom.development.js:3994:5)
      at dispatchEventForPluginEventSystem (node_modules/.pnpm/react-dom@18.3.1_react@18.3.1/node_modules/react-dom/cjs/react-dom.development.js:9287:3)
      at dispatchEventWithEnableCapturePhaseSelectiveHydrationWithoutDiscreteEventReplay (node_modules/.pnpm/react-dom@18.3.1_react@18.3.1/node_modules/react-dom/cjs/react-dom.development.js:6465:5)
      at dispatchEvent (node_modules/.pnpm/react-dom@18.3.1_react@18.3.1/node_modules/react-dom/cjs/react-dom.development.js:6457:5)
      at dispatchDiscreteEvent (node_modules/.pnpm/react-dom@18.3.1_react@18.3.1/node_modules/react-dom/cjs/react-dom.development.js:6430:5)
      at HTMLDivElement.callTheUserObjectsOperation (node_modules/.pnpm/jsdom@26.1.0/node_modules/jsdom/lib/jsdom/living/generated/EventListener.js:26:30)
      at innerInvokeEventListeners (node_modules/.pnpm/jsdom@26.1.0/node_modules/jsdom/lib/jsdom/living/events/EventTarget-impl.js:350:25)
      at invokeEventListeners (node_modules/.pnpm/jsdom@26.1.0/node_modules/jsdom/lib/jsdom/living/events/EventTarget-impl.js:286:3)
      at HTMLInputElementImpl._dispatch (node_modules/.pnpm/jsdom@26.1.0/node_modules/jsdom/lib/jsdom/living/events/EventTarget-impl.js:233:9)
      at HTMLInputElementImpl.dispatchEvent (node_modules/.pnpm/jsdom@26.1.0/node_modules/jsdom/lib/jsdom/living/events/EventTarget-impl.js:104:17)
      at HTMLInputElement.dispatchEvent (node_modules/.pnpm/jsdom@26.1.0/node_modules/jsdom/lib/jsdom/living/generated/EventTarget.js:241:34)
      at node_modules/.pnpm/@testing-library+user-event@14.6.1_@testing-library+dom@10.4.0/node_modules/@testing-library/user-event/dist/cjs/event/dispatchEvent.js:45:43
      at node_modules/.pnpm/@testing-library+react@16.3.0_@testing-library+dom@10.4.0_@types+react-dom@18.3.7_@type_efee5276f61270375aed4c032a71d5e5/node_modules/@testing-library/react/dist/pure.js:108:16
      at node_modules/.pnpm/@testing-library+react@16.3.0_@testing-library+dom@10.4.0_@types+react-dom@18.3.7_@type_efee5276f61270375aed4c032a71d5e5/node_modules/@testing-library/react/dist/act-compat.js:48:24
      at act (node_modules/.pnpm/react@18.3.1/node_modules/react/cjs/react.development.js:2512:16)
      at node_modules/.pnpm/@testing-library+react@16.3.0_@testing-library+dom@10.4.0_@types+react-dom@18.3.7_@type_efee5276f61270375aed4c032a71d5e5/node_modules/@testing-library/react/dist/act-compat.js:47:25
      at Object.eventWrapper (node_modules/.pnpm/@testing-library+react@16.3.0_@testing-library+dom@10.4.0_@types+react-dom@18.3.7_@type_efee5276f61270375aed4c032a71d5e5/node_modules/@testing-library/react/dist/pure.js:107:28)
      at Object.wrapEvent (node_modules/.pnpm/@testing-library+user-event@14.6.1_@testing-library+dom@10.4.0/node_modules/@testing-library/user-event/dist/cjs/event/wrapEvent.js:6:28)
      at Object.dispatchEvent (node_modules/.pnpm/@testing-library+user-event@14.6.1_@testing-library+dom@10.4.0/node_modules/@testing-library/user-event/dist/cjs/event/dispatchEvent.js:45:22)
      at Object.dispatchUIEvent (node_modules/.pnpm/@testing-library+user-event@14.6.1_@testing-library+dom@10.4.0/node_modules/@testing-library/user-event/dist/cjs/event/dispatchEvent.js:22:26)
      at commitInput (node_modules/.pnpm/@testing-library+user-event@14.6.1_@testing-library+dom@10.4.0/node_modules/@testing-library/user-event/dist/cjs/event/input.js:145:14)
      at editInputElement (node_modules/.pnpm/@testing-library+user-event@14.6.1_@testing-library+dom@10.4.0/node_modules/@testing-library/user-event/dist/cjs/event/input.js:115:9)
      at Object.input (node_modules/.pnpm/@testing-library+user-event@14.6.1_@testing-library+dom@10.4.0/node_modules/@testing-library/user-event/dist/cjs/event/input.js:37:9)
      at node_modules/.pnpm/@testing-library+user-event@14.6.1_@testing-library+dom@10.4.0/node_modules/@testing-library/user-event/dist/cjs/event/behavior/keypress.js:31:26
      at Object.dispatchEvent (node_modules/.pnpm/@testing-library+user-event@14.6.1_@testing-library+dom@10.4.0/node_modules/@testing-library/user-event/dist/cjs/event/dispatchEvent.js:41:13)
      at Object.dispatchUIEvent (node_modules/.pnpm/@testing-library+user-event@14.6.1_@testing-library+dom@10.4.0/node_modules/@testing-library/user-event/dist/cjs/event/dispatchEvent.js:22:26)
      at KeyboardHost.keydown (node_modules/.pnpm/@testing-library+user-event@14.6.1_@testing-library+dom@10.4.0/node_modules/@testing-library/user-event/dist/cjs/system/keyboard.js:76:22)
      at keyboardAction (node_modules/.pnpm/@testing-library+user-event@14.6.1_@testing-library+dom@10.4.0/node_modules/@testing-library/user-event/dist/cjs/keyboard/index.js:22:35)
      at Object.keyboard (node_modules/.pnpm/@testing-library+user-event@14.6.1_@testing-library+dom@10.4.0/node_modules/@testing-library/user-event/dist/cjs/keyboard/index.js:11:15)
      at Object.type (node_modules/.pnpm/@testing-library+user-event@14.6.1_@testing-library+dom@10.4.0/node_modules/@testing-library/user-event/dist/cjs/utility/type.js:17:5)
      at Object.asyncWrapper (node_modules/.pnpm/@testing-library+react@16.3.0_@testing-library+dom@10.4.0_@types+react-dom@18.3.7_@type_efee5276f61270375aed4c032a71d5e5/node_modules/@testing-library/react/dist/pure.js:88:22)
      at Object.<anonymous> (src/components/ui/__tests__/dynamic-form-generator.test.tsx:144:7)

    console.error
      Warning: Function components cannot be given refs. Attempts to access this ref will fail. Did you mean to use React.forwardRef()?
          at Select (/Users/invoture/dev.local/hey-peter/node_modules/.pnpm/@radix-ui+react-select@2.2.5_@types+react-dom@18.3.7_@types+react@18.3.23__@types+react_74ff1e179f6928d61bde19586f0439bf/node_modules/@radix-ui/react-select/src/select.tsx:133:5)
          at div
          at children (/Users/invoture/dev.local/hey-peter/src/components/ui/form-field.tsx:107:6)
          at div
          at className (/Users/invoture/dev.local/hey-peter/src/components/ui/form-field.tsx:76:6)
          at indexB (/Users/invoture/dev.local/hey-peter/node_modules/.pnpm/react-hook-form@7.58.1_react@18.3.1/node_modules/react-hook-form/src/utils/swap.ts:2:23)
          at props (/Users/invoture/dev.local/hey-peter/src/components/ui/form-field.tsx:33:6)
          at field (/Users/invoture/dev.local/hey-peter/src/components/ui/dynamic-form-generator.tsx:184:56)
          at div
          at form
          at encType (/Users/invoture/dev.local/hey-peter/node_modules/.pnpm/react-hook-form@7.58.1_react@18.3.1/node_modules/react-hook-form/src/form.tsx:140:16)
          at sections (/Users/invoture/dev.local/hey-peter/src/components/ui/dynamic-form-generator.tsx:558:3)

      207 |       ];
      208 |
    > 209 |       render(
          |             ^
      210 |         <DynamicFormGenerator
      211 |           fields={fields}
      212 |           onSubmit={onSubmit}

      at printWarning (node_modules/.pnpm/react-dom@18.3.1_react@18.3.1/node_modules/react-dom/cjs/react-dom.development.js:86:30)
      at error (node_modules/.pnpm/react-dom@18.3.1_react@18.3.1/node_modules/react-dom/cjs/react-dom.development.js:60:7)
      at validateFunctionComponentInDev (node_modules/.pnpm/react-dom@18.3.1_react@18.3.1/node_modules/react-dom/cjs/react-dom.development.js:20222:9)
      at mountIndeterminateComponent (node_modules/.pnpm/react-dom@18.3.1_react@18.3.1/node_modules/react-dom/cjs/react-dom.development.js:20189:7)
      at beginWork (node_modules/.pnpm/react-dom@18.3.1_react@18.3.1/node_modules/react-dom/cjs/react-dom.development.js:21626:16)
      at beginWork$1 (node_modules/.pnpm/react-dom@18.3.1_react@18.3.1/node_modules/react-dom/cjs/react-dom.development.js:27465:14)
      at performUnitOfWork (node_modules/.pnpm/react-dom@18.3.1_react@18.3.1/node_modules/react-dom/cjs/react-dom.development.js:26599:12)
      at workLoopSync (node_modules/.pnpm/react-dom@18.3.1_react@18.3.1/node_modules/react-dom/cjs/react-dom.development.js:26505:5)
      at renderRootSync (node_modules/.pnpm/react-dom@18.3.1_react@18.3.1/node_modules/react-dom/cjs/react-dom.development.js:26473:7)
      at performConcurrentWorkOnRoot (node_modules/.pnpm/react-dom@18.3.1_react@18.3.1/node_modules/react-dom/cjs/react-dom.development.js:25777:74)
      at flushActQueue (node_modules/.pnpm/react@18.3.1/node_modules/react/cjs/react.development.js:2667:24)
      at act (node_modules/.pnpm/react@18.3.1/node_modules/react/cjs/react.development.js:2582:11)
      at node_modules/.pnpm/@testing-library+react@16.3.0_@testing-library+dom@10.4.0_@types+react-dom@18.3.7_@type_efee5276f61270375aed4c032a71d5e5/node_modules/@testing-library/react/dist/act-compat.js:47:25
      at renderRoot (node_modules/.pnpm/@testing-library+react@16.3.0_@testing-library+dom@10.4.0_@types+react-dom@18.3.7_@type_efee5276f61270375aed4c032a71d5e5/node_modules/@testing-library/react/dist/pure.js:190:26)
      at render (node_modules/.pnpm/@testing-library+react@16.3.0_@testing-library+dom@10.4.0_@types+react-dom@18.3.7_@type_efee5276f61270375aed4c032a71d5e5/node_modules/@testing-library/react/dist/pure.js:292:10)
      at Object.<anonymous> (src/components/ui/__tests__/dynamic-form-generator.test.tsx:209:13)

    console.error
      Error: Uncaught [TypeError: Cannot read properties of undefined (reading 'includes')]
          at Object.<anonymous> (src/components/ui/__tests__/dynamic-form-generator.test.tsx:250:13)
          at new Promise (<anonymous>) {
        detail: TypeError: Cannot read properties of undefined (reading 'includes')
            at includes (/Users/invoture/dev.local/hey-peter/src/components/ui/multi-select.tsx:94:46)
            at Array.filter (<anonymous>)
            at filter (/Users/invoture/dev.local/hey-peter/src/components/ui/multi-select.tsx:94:21)
            at mountMemo (/Users/invoture/dev.local/hey-peter/node_modules/.pnpm/react-dom@18.3.1_react@18.3.1/node_modules/react-dom/cjs/react-dom.development.js:16406:19)
            at Object.useMemo (/Users/invoture/dev.local/hey-peter/node_modules/.pnpm/react-dom@18.3.1_react@18.3.1/node_modules/react-dom/cjs/react-dom.development.js:16851:16)
            at Object.useMemo (/Users/invoture/dev.local/hey-peter/node_modules/.pnpm/react@18.3.1/node_modules/react/cjs/react.development.js:1650:21)
            at useMemo (/Users/invoture/dev.local/hey-peter/src/components/ui/multi-select.tsx:93:33)
            at renderWithHooks (/Users/invoture/dev.local/hey-peter/node_modules/.pnpm/react-dom@18.3.1_react@18.3.1/node_modules/react-dom/cjs/react-dom.development.js:15486:18)
            at updateForwardRef (/Users/invoture/dev.local/hey-peter/node_modules/.pnpm/react-dom@18.3.1_react@18.3.1/node_modules/react-dom/cjs/react-dom.development.js:19245:20)
            at beginWork (/Users/invoture/dev.local/hey-peter/node_modules/.pnpm/react-dom@18.3.1_react@18.3.1/node_modules/react-dom/cjs/react-dom.development.js:21675:16)
            at HTMLUnknownElement.callCallback (/Users/invoture/dev.local/hey-peter/node_modules/.pnpm/react-dom@18.3.1_react@18.3.1/node_modules/react-dom/cjs/react-dom.development.js:4164:14)
            at HTMLUnknownElement.callTheUserObjectsOperation (/Users/invoture/dev.local/hey-peter/node_modules/.pnpm/jsdom@26.1.0/node_modules/jsdom/lib/jsdom/living/generated/EventListener.js:26:30)
            at innerInvokeEventListeners (/Users/invoture/dev.local/hey-peter/node_modules/.pnpm/jsdom@26.1.0/node_modules/jsdom/lib/jsdom/living/events/EventTarget-impl.js:350:25)
            at invokeEventListeners (/Users/invoture/dev.local/hey-peter/node_modules/.pnpm/jsdom@26.1.0/node_modules/jsdom/lib/jsdom/living/events/EventTarget-impl.js:286:3)
            at HTMLUnknownElementImpl._dispatch (/Users/invoture/dev.local/hey-peter/node_modules/.pnpm/jsdom@26.1.0/node_modules/jsdom/lib/jsdom/living/events/EventTarget-impl.js:233:9)
            at HTMLUnknownElementImpl.dispatchEvent (/Users/invoture/dev.local/hey-peter/node_modules/.pnpm/jsdom@26.1.0/node_modules/jsdom/lib/jsdom/living/events/EventTarget-impl.js:104:17)
            at HTMLUnknownElement.dispatchEvent (/Users/invoture/dev.local/hey-peter/node_modules/.pnpm/jsdom@26.1.0/node_modules/jsdom/lib/jsdom/living/generated/EventTarget.js:241:34)
            at Object.invokeGuardedCallbackDev (/Users/invoture/dev.local/hey-peter/node_modules/.pnpm/react-dom@18.3.1_react@18.3.1/node_modules/react-dom/cjs/react-dom.development.js:4213:16)
            at invokeGuardedCallback (/Users/invoture/dev.local/hey-peter/node_modules/.pnpm/react-dom@18.3.1_react@18.3.1/node_modules/react-dom/cjs/react-dom.development.js:4277:31)
            at beginWork$1 (/Users/invoture/dev.local/hey-peter/node_modules/.pnpm/react-dom@18.3.1_react@18.3.1/node_modules/react-dom/cjs/react-dom.development.js:27490:7)
            at performUnitOfWork (/Users/invoture/dev.local/hey-peter/node_modules/.pnpm/react-dom@18.3.1_react@18.3.1/node_modules/react-dom/cjs/react-dom.development.js:26599:12)
            at workLoopSync (/Users/invoture/dev.local/hey-peter/node_modules/.pnpm/react-dom@18.3.1_react@18.3.1/node_modules/react-dom/cjs/react-dom.development.js:26505:5)
            at renderRootSync (/Users/invoture/dev.local/hey-peter/node_modules/.pnpm/react-dom@18.3.1_react@18.3.1/node_modules/react-dom/cjs/react-dom.development.js:26473:7)
            at performConcurrentWorkOnRoot (/Users/invoture/dev.local/hey-peter/node_modules/.pnpm/react-dom@18.3.1_react@18.3.1/node_modules/react-dom/cjs/react-dom.development.js:25777:74)
            at flushActQueue (/Users/invoture/dev.local/hey-peter/node_modules/.pnpm/react@18.3.1/node_modules/react/cjs/react.development.js:2667:24)
            at act (/Users/invoture/dev.local/hey-peter/node_modules/.pnpm/react@18.3.1/node_modules/react/cjs/react.development.js:2582:11)
            at /Users/invoture/dev.local/hey-peter/node_modules/.pnpm/@testing-library+react@16.3.0_@testing-library+dom@10.4.0_@types+react-dom@18.3.7_@type_efee5276f61270375aed4c032a71d5e5/node_modules/@testing-library/react/dist/act-compat.js:47:25
            at renderRoot (/Users/invoture/dev.local/hey-peter/node_modules/.pnpm/@testing-library+react@16.3.0_@testing-library+dom@10.4.0_@types+react-dom@18.3.7_@type_efee5276f61270375aed4c032a71d5e5/node_modules/@testing-library/react/dist/pure.js:190:26)
            at render (/Users/invoture/dev.local/hey-peter/node_modules/.pnpm/@testing-library+react@16.3.0_@testing-library+dom@10.4.0_@types+react-dom@18.3.7_@type_efee5276f61270375aed4c032a71d5e5/node_modules/@testing-library/react/dist/pure.js:292:10)
            at Object.<anonymous> (/Users/invoture/dev.local/hey-peter/src/components/ui/__tests__/dynamic-form-generator.test.tsx:250:13)
            at Promise.finally.completed (/Users/invoture/dev.local/hey-peter/node_modules/.pnpm/jest-circus@30.0.2/node_modules/jest-circus/build/jestAdapterInit.js:1559:28)
            at new Promise (<anonymous>)
            at callAsyncCircusFn (/Users/invoture/dev.local/hey-peter/node_modules/.pnpm/jest-circus@30.0.2/node_modules/jest-circus/build/jestAdapterInit.js:1499:10)
            at _callCircusTest (/Users/invoture/dev.local/hey-peter/node_modules/.pnpm/jest-circus@30.0.2/node_modules/jest-circus/build/jestAdapterInit.js:1009:40)
            at _runTest (/Users/invoture/dev.local/hey-peter/node_modules/.pnpm/jest-circus@30.0.2/node_modules/jest-circus/build/jestAdapterInit.js:949:3)
            at _runTestsForDescribeBlock (/Users/invoture/dev.local/hey-peter/node_modules/.pnpm/jest-circus@30.0.2/node_modules/jest-circus/build/jestAdapterInit.js:839:13)
            at _runTestsForDescribeBlock (/Users/invoture/dev.local/hey-peter/node_modules/.pnpm/jest-circus@30.0.2/node_modules/jest-circus/build/jestAdapterInit.js:829:11)
            at _runTestsForDescribeBlock (/Users/invoture/dev.local/hey-peter/node_modules/.pnpm/jest-circus@30.0.2/node_modules/jest-circus/build/jestAdapterInit.js:829:11)
            at run (/Users/invoture/dev.local/hey-peter/node_modules/.pnpm/jest-circus@30.0.2/node_modules/jest-circus/build/jestAdapterInit.js:757:3)
            at runAndTransformResultsToJestFormat (/Users/invoture/dev.local/hey-peter/node_modules/.pnpm/jest-circus@30.0.2/node_modules/jest-circus/build/jestAdapterInit.js:1920:21)
            at jestAdapter (/Users/invoture/dev.local/hey-peter/node_modules/.pnpm/jest-circus@30.0.2/node_modules/jest-circus/build/runner.js:101:19)
            at runTestInternal (/Users/invoture/dev.local/hey-peter/node_modules/.pnpm/jest-runner@30.0.2/node_modules/jest-runner/build/testWorker.js:272:16)
            at runTest (/Users/invoture/dev.local/hey-peter/node_modules/.pnpm/jest-runner@30.0.2/node_modules/jest-runner/build/testWorker.js:340:7)
            at Object.worker (/Users/invoture/dev.local/hey-peter/node_modules/.pnpm/jest-runner@30.0.2/node_modules/jest-runner/build/testWorker.js:494:12),
        type: 'unhandled exception'
      }

      248 |       ];
      249 |
    > 250 |       render(
          |             ^
      251 |         <DynamicFormGenerator
      252 |           fields={fields}
      253 |           onSubmit={onSubmit}

      at VirtualConsole.<anonymous> (node_modules/.pnpm/@jest+environment-jsdom-abstract@30.0.4_jsdom@26.1.0/node_modules/@jest/environment-jsdom-abstract/build/index.js:78:23)
      at reportException (node_modules/.pnpm/jsdom@26.1.0/node_modules/jsdom/lib/jsdom/living/helpers/runtime-script-errors.js:70:28)
      at innerInvokeEventListeners (node_modules/.pnpm/jsdom@26.1.0/node_modules/jsdom/lib/jsdom/living/events/EventTarget-impl.js:353:9)
      at invokeEventListeners (node_modules/.pnpm/jsdom@26.1.0/node_modules/jsdom/lib/jsdom/living/events/EventTarget-impl.js:286:3)
      at HTMLUnknownElementImpl._dispatch (node_modules/.pnpm/jsdom@26.1.0/node_modules/jsdom/lib/jsdom/living/events/EventTarget-impl.js:233:9)
      at HTMLUnknownElementImpl.dispatchEvent (node_modules/.pnpm/jsdom@26.1.0/node_modules/jsdom/lib/jsdom/living/events/EventTarget-impl.js:104:17)
      at HTMLUnknownElement.dispatchEvent (node_modules/.pnpm/jsdom@26.1.0/node_modules/jsdom/lib/jsdom/living/generated/EventTarget.js:241:34)
      at Object.invokeGuardedCallbackDev (node_modules/.pnpm/react-dom@18.3.1_react@18.3.1/node_modules/react-dom/cjs/react-dom.development.js:4213:16)
      at invokeGuardedCallback (node_modules/.pnpm/react-dom@18.3.1_react@18.3.1/node_modules/react-dom/cjs/react-dom.development.js:4277:31)
      at beginWork$1 (node_modules/.pnpm/react-dom@18.3.1_react@18.3.1/node_modules/react-dom/cjs/react-dom.development.js:27490:7)
      at performUnitOfWork (node_modules/.pnpm/react-dom@18.3.1_react@18.3.1/node_modules/react-dom/cjs/react-dom.development.js:26599:12)
      at workLoopSync (node_modules/.pnpm/react-dom@18.3.1_react@18.3.1/node_modules/react-dom/cjs/react-dom.development.js:26505:5)
      at renderRootSync (node_modules/.pnpm/react-dom@18.3.1_react@18.3.1/node_modules/react-dom/cjs/react-dom.development.js:26473:7)
      at performConcurrentWorkOnRoot (node_modules/.pnpm/react-dom@18.3.1_react@18.3.1/node_modules/react-dom/cjs/react-dom.development.js:25777:74)
      at flushActQueue (node_modules/.pnpm/react@18.3.1/node_modules/react/cjs/react.development.js:2667:24)
      at act (node_modules/.pnpm/react@18.3.1/node_modules/react/cjs/react.development.js:2582:11)
      at node_modules/.pnpm/@testing-library+react@16.3.0_@testing-library+dom@10.4.0_@types+react-dom@18.3.7_@type_efee5276f61270375aed4c032a71d5e5/node_modules/@testing-library/react/dist/act-compat.js:47:25
      at renderRoot (node_modules/.pnpm/@testing-library+react@16.3.0_@testing-library+dom@10.4.0_@types+react-dom@18.3.7_@type_efee5276f61270375aed4c032a71d5e5/node_modules/@testing-library/react/dist/pure.js:190:26)
      at render (node_modules/.pnpm/@testing-library+react@16.3.0_@testing-library+dom@10.4.0_@types+react-dom@18.3.7_@type_efee5276f61270375aed4c032a71d5e5/node_modules/@testing-library/react/dist/pure.js:292:10)
      at Object.<anonymous> (src/components/ui/__tests__/dynamic-form-generator.test.tsx:250:13)

    console.error
      Error: Uncaught [TypeError: Cannot read properties of undefined (reading 'includes')]
          at Object.<anonymous> (src/components/ui/__tests__/dynamic-form-generator.test.tsx:250:13)
          at new Promise (<anonymous>) {
        detail: TypeError: Cannot read properties of undefined (reading 'includes')
            at includes (/Users/invoture/dev.local/hey-peter/src/components/ui/multi-select.tsx:94:46)
            at Array.filter (<anonymous>)
            at filter (/Users/invoture/dev.local/hey-peter/src/components/ui/multi-select.tsx:94:21)
            at mountMemo (/Users/invoture/dev.local/hey-peter/node_modules/.pnpm/react-dom@18.3.1_react@18.3.1/node_modules/react-dom/cjs/react-dom.development.js:16406:19)
            at Object.useMemo (/Users/invoture/dev.local/hey-peter/node_modules/.pnpm/react-dom@18.3.1_react@18.3.1/node_modules/react-dom/cjs/react-dom.development.js:16851:16)
            at Object.useMemo (/Users/invoture/dev.local/hey-peter/node_modules/.pnpm/react@18.3.1/node_modules/react/cjs/react.development.js:1650:21)
            at useMemo (/Users/invoture/dev.local/hey-peter/src/components/ui/multi-select.tsx:93:33)
            at renderWithHooks (/Users/invoture/dev.local/hey-peter/node_modules/.pnpm/react-dom@18.3.1_react@18.3.1/node_modules/react-dom/cjs/react-dom.development.js:15486:18)
            at updateForwardRef (/Users/invoture/dev.local/hey-peter/node_modules/.pnpm/react-dom@18.3.1_react@18.3.1/node_modules/react-dom/cjs/react-dom.development.js:19245:20)
            at beginWork (/Users/invoture/dev.local/hey-peter/node_modules/.pnpm/react-dom@18.3.1_react@18.3.1/node_modules/react-dom/cjs/react-dom.development.js:21675:16)
            at HTMLUnknownElement.callCallback (/Users/invoture/dev.local/hey-peter/node_modules/.pnpm/react-dom@18.3.1_react@18.3.1/node_modules/react-dom/cjs/react-dom.development.js:4164:14)
            at HTMLUnknownElement.callTheUserObjectsOperation (/Users/invoture/dev.local/hey-peter/node_modules/.pnpm/jsdom@26.1.0/node_modules/jsdom/lib/jsdom/living/generated/EventListener.js:26:30)
            at innerInvokeEventListeners (/Users/invoture/dev.local/hey-peter/node_modules/.pnpm/jsdom@26.1.0/node_modules/jsdom/lib/jsdom/living/events/EventTarget-impl.js:350:25)
            at invokeEventListeners (/Users/invoture/dev.local/hey-peter/node_modules/.pnpm/jsdom@26.1.0/node_modules/jsdom/lib/jsdom/living/events/EventTarget-impl.js:286:3)
            at HTMLUnknownElementImpl._dispatch (/Users/invoture/dev.local/hey-peter/node_modules/.pnpm/jsdom@26.1.0/node_modules/jsdom/lib/jsdom/living/events/EventTarget-impl.js:233:9)
            at HTMLUnknownElementImpl.dispatchEvent (/Users/invoture/dev.local/hey-peter/node_modules/.pnpm/jsdom@26.1.0/node_modules/jsdom/lib/jsdom/living/events/EventTarget-impl.js:104:17)
            at HTMLUnknownElement.dispatchEvent (/Users/invoture/dev.local/hey-peter/node_modules/.pnpm/jsdom@26.1.0/node_modules/jsdom/lib/jsdom/living/generated/EventTarget.js:241:34)
            at Object.invokeGuardedCallbackDev (/Users/invoture/dev.local/hey-peter/node_modules/.pnpm/react-dom@18.3.1_react@18.3.1/node_modules/react-dom/cjs/react-dom.development.js:4213:16)
            at invokeGuardedCallback (/Users/invoture/dev.local/hey-peter/node_modules/.pnpm/react-dom@18.3.1_react@18.3.1/node_modules/react-dom/cjs/react-dom.development.js:4277:31)
            at beginWork$1 (/Users/invoture/dev.local/hey-peter/node_modules/.pnpm/react-dom@18.3.1_react@18.3.1/node_modules/react-dom/cjs/react-dom.development.js:27490:7)
            at performUnitOfWork (/Users/invoture/dev.local/hey-peter/node_modules/.pnpm/react-dom@18.3.1_react@18.3.1/node_modules/react-dom/cjs/react-dom.development.js:26599:12)
            at workLoopSync (/Users/invoture/dev.local/hey-peter/node_modules/.pnpm/react-dom@18.3.1_react@18.3.1/node_modules/react-dom/cjs/react-dom.development.js:26505:5)
            at renderRootSync (/Users/invoture/dev.local/hey-peter/node_modules/.pnpm/react-dom@18.3.1_react@18.3.1/node_modules/react-dom/cjs/react-dom.development.js:26473:7)
            at recoverFromConcurrentError (/Users/invoture/dev.local/hey-peter/node_modules/.pnpm/react-dom@18.3.1_react@18.3.1/node_modules/react-dom/cjs/react-dom.development.js:25889:20)
            at performConcurrentWorkOnRoot (/Users/invoture/dev.local/hey-peter/node_modules/.pnpm/react-dom@18.3.1_react@18.3.1/node_modules/react-dom/cjs/react-dom.development.js:25789:22)
            at flushActQueue (/Users/invoture/dev.local/hey-peter/node_modules/.pnpm/react@18.3.1/node_modules/react/cjs/react.development.js:2667:24)
            at act (/Users/invoture/dev.local/hey-peter/node_modules/.pnpm/react@18.3.1/node_modules/react/cjs/react.development.js:2582:11)
            at /Users/invoture/dev.local/hey-peter/node_modules/.pnpm/@testing-library+react@16.3.0_@testing-library+dom@10.4.0_@types+react-dom@18.3.7_@type_efee5276f61270375aed4c032a71d5e5/node_modules/@testing-library/react/dist/act-compat.js:47:25
            at renderRoot (/Users/invoture/dev.local/hey-peter/node_modules/.pnpm/@testing-library+react@16.3.0_@testing-library+dom@10.4.0_@types+react-dom@18.3.7_@type_efee5276f61270375aed4c032a71d5e5/node_modules/@testing-library/react/dist/pure.js:190:26)
            at render (/Users/invoture/dev.local/hey-peter/node_modules/.pnpm/@testing-library+react@16.3.0_@testing-library+dom@10.4.0_@types+react-dom@18.3.7_@type_efee5276f61270375aed4c032a71d5e5/node_modules/@testing-library/react/dist/pure.js:292:10)
            at Object.<anonymous> (/Users/invoture/dev.local/hey-peter/src/components/ui/__tests__/dynamic-form-generator.test.tsx:250:13)
            at Promise.finally.completed (/Users/invoture/dev.local/hey-peter/node_modules/.pnpm/jest-circus@30.0.2/node_modules/jest-circus/build/jestAdapterInit.js:1559:28)
            at new Promise (<anonymous>)
            at callAsyncCircusFn (/Users/invoture/dev.local/hey-peter/node_modules/.pnpm/jest-circus@30.0.2/node_modules/jest-circus/build/jestAdapterInit.js:1499:10)
            at _callCircusTest (/Users/invoture/dev.local/hey-peter/node_modules/.pnpm/jest-circus@30.0.2/node_modules/jest-circus/build/jestAdapterInit.js:1009:40)
            at _runTest (/Users/invoture/dev.local/hey-peter/node_modules/.pnpm/jest-circus@30.0.2/node_modules/jest-circus/build/jestAdapterInit.js:949:3)
            at _runTestsForDescribeBlock (/Users/invoture/dev.local/hey-peter/node_modules/.pnpm/jest-circus@30.0.2/node_modules/jest-circus/build/jestAdapterInit.js:839:13)
            at _runTestsForDescribeBlock (/Users/invoture/dev.local/hey-peter/node_modules/.pnpm/jest-circus@30.0.2/node_modules/jest-circus/build/jestAdapterInit.js:829:11)
            at _runTestsForDescribeBlock (/Users/invoture/dev.local/hey-peter/node_modules/.pnpm/jest-circus@30.0.2/node_modules/jest-circus/build/jestAdapterInit.js:829:11)
            at run (/Users/invoture/dev.local/hey-peter/node_modules/.pnpm/jest-circus@30.0.2/node_modules/jest-circus/build/jestAdapterInit.js:757:3)
            at runAndTransformResultsToJestFormat (/Users/invoture/dev.local/hey-peter/node_modules/.pnpm/jest-circus@30.0.2/node_modules/jest-circus/build/jestAdapterInit.js:1920:21)
            at jestAdapter (/Users/invoture/dev.local/hey-peter/node_modules/.pnpm/jest-circus@30.0.2/node_modules/jest-circus/build/runner.js:101:19)
            at runTestInternal (/Users/invoture/dev.local/hey-peter/node_modules/.pnpm/jest-runner@30.0.2/node_modules/jest-runner/build/testWorker.js:272:16)
            at runTest (/Users/invoture/dev.local/hey-peter/node_modules/.pnpm/jest-runner@30.0.2/node_modules/jest-runner/build/testWorker.js:340:7)
            at Object.worker (/Users/invoture/dev.local/hey-peter/node_modules/.pnpm/jest-runner@30.0.2/node_modules/jest-runner/build/testWorker.js:494:12),
        type: 'unhandled exception'
      }

      248 |       ];
      249 |
    > 250 |       render(
          |             ^
      251 |         <DynamicFormGenerator
      252 |           fields={fields}
      253 |           onSubmit={onSubmit}

      at VirtualConsole.<anonymous> (node_modules/.pnpm/@jest+environment-jsdom-abstract@30.0.4_jsdom@26.1.0/node_modules/@jest/environment-jsdom-abstract/build/index.js:78:23)
      at reportException (node_modules/.pnpm/jsdom@26.1.0/node_modules/jsdom/lib/jsdom/living/helpers/runtime-script-errors.js:70:28)
      at innerInvokeEventListeners (node_modules/.pnpm/jsdom@26.1.0/node_modules/jsdom/lib/jsdom/living/events/EventTarget-impl.js:353:9)
      at invokeEventListeners (node_modules/.pnpm/jsdom@26.1.0/node_modules/jsdom/lib/jsdom/living/events/EventTarget-impl.js:286:3)
      at HTMLUnknownElementImpl._dispatch (node_modules/.pnpm/jsdom@26.1.0/node_modules/jsdom/lib/jsdom/living/events/EventTarget-impl.js:233:9)
      at HTMLUnknownElementImpl.dispatchEvent (node_modules/.pnpm/jsdom@26.1.0/node_modules/jsdom/lib/jsdom/living/events/EventTarget-impl.js:104:17)
      at HTMLUnknownElement.dispatchEvent (node_modules/.pnpm/jsdom@26.1.0/node_modules/jsdom/lib/jsdom/living/generated/EventTarget.js:241:34)
      at Object.invokeGuardedCallbackDev (node_modules/.pnpm/react-dom@18.3.1_react@18.3.1/node_modules/react-dom/cjs/react-dom.development.js:4213:16)
      at invokeGuardedCallback (node_modules/.pnpm/react-dom@18.3.1_react@18.3.1/node_modules/react-dom/cjs/react-dom.development.js:4277:31)
      at beginWork$1 (node_modules/.pnpm/react-dom@18.3.1_react@18.3.1/node_modules/react-dom/cjs/react-dom.development.js:27490:7)
      at performUnitOfWork (node_modules/.pnpm/react-dom@18.3.1_react@18.3.1/node_modules/react-dom/cjs/react-dom.development.js:26599:12)
      at workLoopSync (node_modules/.pnpm/react-dom@18.3.1_react@18.3.1/node_modules/react-dom/cjs/react-dom.development.js:26505:5)
      at renderRootSync (node_modules/.pnpm/react-dom@18.3.1_react@18.3.1/node_modules/react-dom/cjs/react-dom.development.js:26473:7)
      at recoverFromConcurrentError (node_modules/.pnpm/react-dom@18.3.1_react@18.3.1/node_modules/react-dom/cjs/react-dom.development.js:25889:20)
      at performConcurrentWorkOnRoot (node_modules/.pnpm/react-dom@18.3.1_react@18.3.1/node_modules/react-dom/cjs/react-dom.development.js:25789:22)
      at flushActQueue (node_modules/.pnpm/react@18.3.1/node_modules/react/cjs/react.development.js:2667:24)
      at act (node_modules/.pnpm/react@18.3.1/node_modules/react/cjs/react.development.js:2582:11)
      at node_modules/.pnpm/@testing-library+react@16.3.0_@testing-library+dom@10.4.0_@types+react-dom@18.3.7_@type_efee5276f61270375aed4c032a71d5e5/node_modules/@testing-library/react/dist/act-compat.js:47:25
      at renderRoot (node_modules/.pnpm/@testing-library+react@16.3.0_@testing-library+dom@10.4.0_@types+react-dom@18.3.7_@type_efee5276f61270375aed4c032a71d5e5/node_modules/@testing-library/react/dist/pure.js:190:26)
      at render (node_modules/.pnpm/@testing-library+react@16.3.0_@testing-library+dom@10.4.0_@types+react-dom@18.3.7_@type_efee5276f61270375aed4c032a71d5e5/node_modules/@testing-library/react/dist/pure.js:292:10)
      at Object.<anonymous> (src/components/ui/__tests__/dynamic-form-generator.test.tsx:250:13)

    console.error
      The above error occurred in the <MultiSelect> component:
      
          at options (/Users/invoture/dev.local/hey-peter/src/components/ui/multi-select.tsx:76:7)
          at div
          at children (/Users/invoture/dev.local/hey-peter/src/components/ui/form-field.tsx:107:6)
          at div
          at className (/Users/invoture/dev.local/hey-peter/src/components/ui/form-field.tsx:76:6)
          at indexB (/Users/invoture/dev.local/hey-peter/node_modules/.pnpm/react-hook-form@7.58.1_react@18.3.1/node_modules/react-hook-form/src/utils/swap.ts:2:23)
          at props (/Users/invoture/dev.local/hey-peter/src/components/ui/form-field.tsx:33:6)
          at field (/Users/invoture/dev.local/hey-peter/src/components/ui/dynamic-form-generator.tsx:184:56)
          at div
          at form
          at encType (/Users/invoture/dev.local/hey-peter/node_modules/.pnpm/react-hook-form@7.58.1_react@18.3.1/node_modules/react-hook-form/src/form.tsx:140:16)
          at sections (/Users/invoture/dev.local/hey-peter/src/components/ui/dynamic-form-generator.tsx:558:3)
      
      Consider adding an error boundary to your tree to customize error handling behavior.
      Visit https://reactjs.org/link/error-boundaries to learn more about error boundaries.

      248 |       ];
      249 |
    > 250 |       render(
          |             ^
      251 |         <DynamicFormGenerator
      252 |           fields={fields}
      253 |           onSubmit={onSubmit}

      at logCapturedError (node_modules/.pnpm/react-dom@18.3.1_react@18.3.1/node_modules/react-dom/cjs/react-dom.development.js:18704:23)
      at update.callback (node_modules/.pnpm/react-dom@18.3.1_react@18.3.1/node_modules/react-dom/cjs/react-dom.development.js:18737:5)
      at callCallback (node_modules/.pnpm/react-dom@18.3.1_react@18.3.1/node_modules/react-dom/cjs/react-dom.development.js:15036:12)
      at commitUpdateQueue (node_modules/.pnpm/react-dom@18.3.1_react@18.3.1/node_modules/react-dom/cjs/react-dom.development.js:15057:9)
      at commitLayoutEffectOnFiber (node_modules/.pnpm/react-dom@18.3.1_react@18.3.1/node_modules/react-dom/cjs/react-dom.development.js:23430:13)
      at commitLayoutMountEffects_complete (node_modules/.pnpm/react-dom@18.3.1_react@18.3.1/node_modules/react-dom/cjs/react-dom.development.js:24727:9)
      at commitLayoutEffects_begin (node_modules/.pnpm/react-dom@18.3.1_react@18.3.1/node_modules/react-dom/cjs/react-dom.development.js:24713:7)
      at commitLayoutEffects (node_modules/.pnpm/react-dom@18.3.1_react@18.3.1/node_modules/react-dom/cjs/react-dom.development.js:24651:3)
      at commitRootImpl (node_modules/.pnpm/react-dom@18.3.1_react@18.3.1/node_modules/react-dom/cjs/react-dom.development.js:26862:5)
      at commitRoot (node_modules/.pnpm/react-dom@18.3.1_react@18.3.1/node_modules/react-dom/cjs/react-dom.development.js:26721:5)
      at finishConcurrentRender (node_modules/.pnpm/react-dom@18.3.1_react@18.3.1/node_modules/react-dom/cjs/react-dom.development.js:25931:9)
      at performConcurrentWorkOnRoot (node_modules/.pnpm/react-dom@18.3.1_react@18.3.1/node_modules/react-dom/cjs/react-dom.development.js:25848:7)
      at flushActQueue (node_modules/.pnpm/react@18.3.1/node_modules/react/cjs/react.development.js:2667:24)
      at act (node_modules/.pnpm/react@18.3.1/node_modules/react/cjs/react.development.js:2582:11)
      at node_modules/.pnpm/@testing-library+react@16.3.0_@testing-library+dom@10.4.0_@types+react-dom@18.3.7_@type_efee5276f61270375aed4c032a71d5e5/node_modules/@testing-library/react/dist/act-compat.js:47:25
      at renderRoot (node_modules/.pnpm/@testing-library+react@16.3.0_@testing-library+dom@10.4.0_@types+react-dom@18.3.7_@type_efee5276f61270375aed4c032a71d5e5/node_modules/@testing-library/react/dist/pure.js:190:26)
      at render (node_modules/.pnpm/@testing-library+react@16.3.0_@testing-library+dom@10.4.0_@types+react-dom@18.3.7_@type_efee5276f61270375aed4c032a71d5e5/node_modules/@testing-library/react/dist/pure.js:292:10)
      at Object.<anonymous> (src/components/ui/__tests__/dynamic-form-generator.test.tsx:250:13)

  ● DynamicFormGenerator › Field Type Testing › should render and handle email field with validation

    Unable to find an element with the text: /invalid email address/i. This could be because the text is broken up by multiple elements. In this case, you can provide a function for your text matcher to make your matcher more flexible.

    Ignored nodes: comments, script, style
    [36m<body>[39m
      [36m<div>[39m
        [36m<form[39m
          [33mclass[39m=[32m"space-y-6"[39m
        [36m>[39m
          [36m<div[39m
            [33mclass[39m=[32m"grid gap-4"[39m
          [36m>[39m
            [36m<div[39m
              [33mclass[39m=[32m"space-y-2"[39m
            [36m>[39m
              [36m<label[39m
                [33mclass[39m=[32m"flex items-center gap-2 text-sm leading-none font-medium select-none group-data-[disabled=true]:pointer-events-none group-data-[disabled=true]:opacity-50 peer-disabled:cursor-not-allowed peer-disabled:opacity-50"[39m
                [33mdata-slot[39m=[32m"label"[39m
                [33mfor[39m=[32m":r6:-form-item"[39m
              [36m>[39m
                [0mEmail[0m
              [36m</label>[39m
              [36m<div[39m
                [33maria-describedby[39m=[32m":r6:-form-item-description"[39m
                [33maria-invalid[39m=[32m"false"[39m
              [36m>[39m
                [36m<input[39m
                  [33maria-describedby[39m=[32m":r6:-form-item-description"[39m
                  [33maria-invalid[39m=[32m"false"[39m
                  [33maria-required[39m=[32m"true"[39m
                  [33mclass[39m=[32m"file:text-foreground placeholder:text-muted-foreground selection:bg-primary selection:text-primary-foreground dark:bg-input/30 border-input flex h-9 w-full min-w-0 rounded-md border bg-transparent px-3 py-1 text-base shadow-xs transition-[color,box-shadow] outline-none file:inline-flex file:h-7 file:border-0 file:bg-transparent file:text-sm file:font-medium disabled:pointer-events-none disabled:cursor-not-allowed disabled:opacity-50 md:text-sm focus-visible:border-ring focus-visible:ring-ring/50 focus-visible:ring-[3px] aria-invalid:ring-destructive/20 dark:aria-invalid:ring-destructive/40 aria-invalid:border-destructive"[39m
                  [33mdata-slot[39m=[32m"input"[39m
                  [33mid[39m=[32m":r6:-form-item"[39m
                  [33mname[39m=[32m"email"[39m
                  [33mtype[39m=[32m"email"[39m
                  [33mvalue[39m=[32m"invalid-email"[39m
                [36m/>[39m
              [36m</div>[39m
            [36m</div>[39m
          [36m</div>[39m
          [36m<div[39m
            [33mclass[39m=[32m"flex gap-4 pt-4"[39m
          [36m>[39m
            [36m<button[39m
              [33mclass[39m=[32m"inline-flex items-center justify-center gap-2 whitespace-nowrap rounded-md text-sm font-medium transition-all disabled:pointer-events-none disabled:opacity-50 [&_svg]:pointer-events-none [&_svg:not([class*='size-'])]:size-4 shrink-0 [&_svg]:shrink-0 outline-none focus-visible:border-ring focus-visible:ring-ring/50 focus-visible:ring-[3px] aria-invalid:ring-destructive/20 dark:aria-invalid:ring-destructive/40 aria-invalid:border-destructive bg-primary text-primary-foreground shadow-xs hover:bg-primary/90 h-9 px-4 py-2 has-[>svg]:px-3 min-w-[120px]"[39m
              [33mdata-slot[39m=[32m"button"[39m
              [33mtype[39m=[32m"submit"[39m
            [36m>[39m
              [0mSubmit[0m
            [36m</button>[39m
          [36m</div>[39m
        [36m</form>[39m
      [36m</div>[39m
    [36m</body>[39m

      173 |       await user.click(submitButton);
      174 |
    > 175 |       await waitFor(() => {
          |                    ^
      176 |         expect(screen.getByText(/invalid email address/i)).toBeInTheDocument();
      177 |       });
      178 |

      at waitForWrapper (node_modules/.pnpm/@testing-library+dom@10.4.0/node_modules/@testing-library/dom/dist/wait-for.js:163:27)
      at Object.<anonymous> (src/components/ui/__tests__/dynamic-form-generator.test.tsx:175:20)

  ● DynamicFormGenerator › Field Type Testing › should render and handle select field

    TestingLibraryElementError: Found multiple elements with the text: Malaysia

    Here are the matching elements:

    Ignored nodes: comments, script, style
    [36m<option[39m
      [33mvalue[39m=[32m"my"[39m
    [36m>[39m
      [0mMalaysia[0m
    [36m</option>[39m

    Ignored nodes: comments, script, style
    [36m<span[39m
      [33mid[39m=[32m"radix-:re:"[39m
    [36m>[39m
      [0mMalaysia[0m
    [36m</span>[39m

    (If this is intentional, then use the `*AllBy*` variant of the query (like `queryAllByText`, `getAllByText`, or `findAllByText`)).

    Ignored nodes: comments, script, style
    [36m<body[39m
      [33mdata-scroll-locked[39m=[32m"1"[39m
      [33mstyle[39m=[32m"pointer-events: none;"[39m
    [36m>[39m
      [36m<span[39m
        [33maria-hidden[39m=[32m"true"[39m
        [33mdata-aria-hidden[39m=[32m"true"[39m
        [33mdata-radix-focus-guard[39m=[32m""[39m
        [33mstyle[39m=[32m"outline: none; opacity: 0; position: fixed; pointer-events: none;"[39m
        [33mtabindex[39m=[32m"0"[39m
      [36m/>[39m
      [36m<div[39m
        [33maria-hidden[39m=[32m"true"[39m
        [33mdata-aria-hidden[39m=[32m"true"[39m
      [36m>[39m
        [36m<form[39m
          [33mclass[39m=[32m"space-y-6"[39m
        [36m>[39m
          [36m<div[39m
            [33mclass[39m=[32m"grid gap-4"[39m
          [36m>[39m
            [36m<div[39m
              [33mclass[39m=[32m"space-y-2"[39m
            [36m>[39m
              [36m<label[39m
                [33mclass[39m=[32m"flex items-center gap-2 text-sm leading-none font-medium select-none group-data-[disabled=true]:pointer-events-none group-data-[disabled=true]:opacity-50 peer-disabled:cursor-not-allowed peer-disabled:opacity-50"[39m
                [33mdata-slot[39m=[32m"label"[39m
                [33mfor[39m=[32m":r7:-form-item"[39m
              [36m>[39m
                [0mCountry[0m
              [36m</label>[39m
              [36m<div[39m
                [33maria-describedby[39m=[32m":r7:-form-item-description"[39m
                [33maria-invalid[39m=[32m"false"[39m
              [36m>[39m
                [36m<button[39m
                  [33maria-autocomplete[39m=[32m"none"[39m
                  [33maria-controls[39m=[32m"radix-:r8:"[39m
                  [33maria-expanded[39m=[32m"true"[39m
                  [33mclass[39m=[32m"flex h-9 w-full items-center justify-between rounded-md border border-input bg-transparent px-3 py-2 text-sm ring-offset-background placeholder:text-muted-foreground focus:outline-none focus:ring-2 focus:ring-ring focus:ring-offset-2 disabled:cursor-not-allowed disabled:opacity-50 [&>span]:line-clamp-1"[39m
                  [33mdata-placeholder[39m=[32m""[39m
                  [33mdata-state[39m=[32m"open"[39m
                  [33mdir[39m=[32m"ltr"[39m
                  [33mrole[39m=[32m"combobox"[39m
                  [33mtype[39m=[32m"button"[39m
                [36m>[39m
                  [36m<span[39m
                    [33mstyle[39m=[32m"pointer-events: none;"[39m
                  [36m>[39m
                    [0mSelect a country[0m
                  [36m</span>[39m
                  [36m<svg[39m
                    [33maria-hidden[39m=[32m"true"[39m
                    [33mclass[39m=[32m"lucide lucide-chevron-down h-4 w-4 opacity-50"[39m
                    [33mfill[39m=[32m"none"[39m
                    [33mheight[39m=[32m"24"[39m
                    [33mstroke[39m=[32m"currentColor"[39m
                    [33mstroke-linecap[39m=[32m"round"[39m
                    [33mstroke-linejoin[39m=[32m"round"[39m
                    [33mstroke-width[39m=[32m"2"[39m
                    [33mviewBox[39m=[32m"0 0 24 24"[39m
                    [33mwidth[39m=[32m"24"[39m
                    [33mxmlns[39m=[32m"http://www.w3.org/2000/svg"[39m
                  [36m>[39m
                    [36m<path[39m
                      [33md[39m=[32m"m6 9 6 6 6-6"[39m
                    [36m/>[39m
                  [36m</svg>[39m
                [36m</button>[39m
                [36m<select[39m
                  [33maria-hidden[39m=[32m"true"[39m
                  [33mname[39m=[32m"country"[39m
                  [33mstyle[39m=[32m"position: absolute; border: 0px; width: 1px; height: 1px; padding: 0px; overflow: hidden; clip: rect(0px, 0px, 0px, 0px); white-space: nowrap; word-wrap: normal;"[39m
                  [33mtabindex[39m=[32m"-1"[39m
                [36m>[39m
                  [36m<option[39m
                    [33mvalue[39m=[32m""[39m
                  [36m/>[39m
                  [36m<option[39m
                    [33mvalue[39m=[32m"us"[39m
                  [36m>[39m
                    [0mUnited States[0m
                  [36m</option>[39m
                  [36m<option[39m
                    [33mvalue[39m=[32m"ca"[39m
                  [36m>[39m
                    [0mCanada[0m
                  [36m</option>[39m
                  [36m<option[39m
                    [33mvalue[39m=[32m"my"[39m
                  [36m>[39m
                    [0mMalaysia[0m
                  [36m</option>[39m
                [36m</select>[39m
              [36m</div>[39m
            [36m</div>[39m
          [36m</div>[39m
          [36m<div[39m
            [33mclass[39m=[32m"flex gap-4 pt-4"[39m
          [36m>[39m
            [36m<button[39m
              [33mclass[39m=[32m"inline-flex items-center justify-center gap-2 whitespace-nowrap rounded-md text-sm font-medium transition-all disabled:pointer-events-none disabled:opacity-50 [&_svg]:pointer-events-none [&_svg:not([class*='size-'])]:size-4 shrink-0 [&_svg]:shrink-0 outline-none focus-visible:border-ring focus-visible:ring-ring/50 focus-visible:ring-[3px] aria-invalid:ring-destructive/20 dark:aria-invalid:ring-destructive/40 aria-invalid:border-destructive bg-primary text-primary-foreground shadow-xs hover:bg-primary/90 h-9 px-4 py-2 has-[>svg]:px-3 min-w-[120px]"[39m
              [33mdata-slot[39m=[32m"button"[39m
              [33mtype[39m=[32m"submit"[39m
            [36m>[39m
              [0mSubmit[0m
            [36m</button>[39m
          [36m</div>[39m
        [36m</form>[39m
      [36m</div>[39m
      [36m<div[39m
        [33mdata-radix-popper-content-wrapper[39m=[32m""[39m
        [33mdir[39m=[32m"ltr"[39m
        [33mstyle[39m=[32m"position: fixed; left: 0px; top: 0px; transform: translate(10px, -50px); min-width: max-content; --radix-popper-available-width: -20px; --radix-popper-available-height: -20px; --radix-popper-anchor-width: 120px; --radix-popper-anchor-height: 120px; --radix-popper-transform-origin: 0% 50px;"[39m
      [36m>[39m
        [36m<div[39m
          [33mclass[39m=[32m"relative z-[100] max-h-96 min-w-[8rem] overflow-hidden rounded-md border bg-popover text-popover-foreground shadow-md data-[state=open]:animate-in data-[state=closed]:animate-out data-[state=closed]:fade-out-0 data-[state=open]:fade-in-0 data-[state=closed]:zoom-out-95 data-[state=open]:zoom-in-95 data-[side=bottom]:slide-in-from-top-2 data-[side=left]:slide-in-from-right-2 data-[side=right]:slide-in-from-left-2 data-[side=top]:slide-in-from-bottom-2 data-[side=bottom]:translate-y-1 data-[side=left]:-translate-x-1 data-[side=right]:translate-x-1 data-[side=top]:-translate-y-1"[39m
          [33mdata-align[39m=[32m"start"[39m
          [33mdata-side[39m=[32m"top"[39m
          [33mdata-state[39m=[32m"open"[39m
          [33mdir[39m=[32m"ltr"[39m
          [33mid[39m=[32m"radix-:r8:"[39m
          [33mrole[39m=[32m"listbox"[39m
          [33mstyle[39m=[32m"box-sizing: border-box; display: flex; flex-direction: column; outline: none; --radix-select-content-transform-origin: var(--radix-popper-transform-origin); --radix-select-content-available-width: var(--radix-popper-available-width); --radix-select-content-available-height: var(--radix-popper-available-height); --radix-select-trigger-width: var(--radix-popper-anchor-width); --radix-select-trigger-height: var(--radix-popper-anchor-height); pointer-events: auto;"[39m
          [33mtabindex[39m=[32m"-1"[39m
        [36m>[39m
          [36m<div[39m
            [33mclass[39m=[32m"p-1 h-[var(--radix-select-trigger-height)] w-full min-w-[var(--radix-select-trigger-width)]"[39m
            [33mdata-radix-select-viewport[39m=[32m""[39m
            [33mrole[39m=[32m"presentation"[39m
            [33mstyle[39m=[32m"position: relative; flex: 1 1 0%; overflow: hidden auto;"[39m
          [36m>[39m
            [36m<div[39m
              [33maria-labelledby[39m=[32m"radix-:rc:"[39m
              [33maria-selected[39m=[32m"false"[39m
              [33mclass[39m=[32m"relative flex w-full cursor-pointer select-none items-center rounded-sm py-1.5 pl-8 pr-2 text-sm outline-none focus:bg-accent focus:text-accent-foreground data-[disabled]:pointer-events-none data-[disabled]:opacity-50"[39m
              [33mdata-highlighted[39m=[32m""[39m
              [33mdata-radix-collection-item[39m=[32m""[39m
              [33mdata-state[39m=[32m"unchecked"[39m
              [33mrole[39m=[32m"option"[39m
              [33mtabindex[39m=[32m"-1"[39m
            [36m>[39m
              [36m<span[39m
                [33mclass[39m=[32m"absolute left-2 flex h-3.5 w-3.5 items-center justify-center"[39m
              [36m/>[39m
              [36m<span[39m
                [33mid[39m=[32m"radix-:rc:"[39m
              [36m>[39m
                [0mUnited States[0m
              [36m</span>[39m
            [36m</div>[39m
            [36m<div[39m
              [33maria-labelledby[39m=[32m"radix-:rd:"[39m
              [33maria-selected[39m=[32m"false"[39m
              [33mclass[39m=[32m"relative flex w-full cursor-pointer select-none items-center rounded-sm py-1.5 pl-8 pr-2 text-sm outline-none focus:bg-accent focus:text-accent-foreground data-[disabled]:pointer-events-none data-[disabled]:opacity-50"[39m
              [33mdata-radix-collection-item[39m=[32m""[39m
              [33mdata-state[39m=[32m"unchecked"[39m
              [33mrole[39m=[32m"option"[39m
              [33mtabindex[39m=[32m"-1"[39m
            [36m>[39m
              [36m<span[39m
                [33mclass[39m=[32m"absolute left-2 flex h-3.5 w-3.5 items-center justify-center"[39m
              [36m/>[39m
              [36m<span[39m
                [33mid[39m=[32m"radix-:rd:"[39m
              [36m>[39m
                [0mCanada[0m
              [36m</span>[39m
            [36m</div>[39m
            [36m<div[39m
              [33maria-labelledby[39m=[32m"radix-:re:"[39m
              [33maria-selected[39m=[32m"false"[39m
              [33mclass[39m=[32m"relative flex w-full cursor-pointer select-none items-center rounded-sm py-1.5 pl-8 pr-2 text-sm outline-none focus:bg-accent focus:text-accent-foreground data-[disabled]:pointer-events-none data-[disabled]:opacity-50"[39m
              [33mdata-radix-collection-item[39m=[32m""[39m
              [33mdata-state[39m=[32m"unchecked"[39m
              [33mrole[39m=[32m"option"[39m
              [33mtabindex[39m=[32m"-1"[39m
            [36m>[39m
              [36m<span[39m
                [33mclass[39m=[32m"absolute left-2 flex h-3.5 w-3.5 items-center justify-center"[39m
              [36m/>[39m
              [36m<span[39m
                [33mid[39m=[32m"radix-:re:"[39m
              [36m>[39m
                [0mMalaysia[0m
              [36m</span>[39m
            [36m</div>[39m
          [36m</div>[39m
        [36m</div>[39m
      [36m</div>[39m
      [36m<span[39m
        [33maria-hidden[39m=[32m"true"[39m
        [33mdata-aria-hidden[39m=[32m"true"[39m
        [33mdata-radix-focus-guard[39m=[32m""[39m
        [33mstyle[39m=[32m"outline: none; opacity: 0; position: fixed; pointer-events: none;"[39m
        [33mtabindex[39m=[32m"0"[39m
      [36m/>[39m
    [36m</body>[39m

      218 |       await user.click(selectTrigger);
      219 |
    > 220 |       const option = screen.getByText("Malaysia");
          |                             ^
      221 |       await user.click(option);
      222 |
      223 |       const submitButton = screen.getByRole("button", { name: /submit/i });

      at Object.getElementError (node_modules/.pnpm/@testing-library+dom@10.4.0/node_modules/@testing-library/dom/dist/config.js:37:19)
      at getElementError (node_modules/.pnpm/@testing-library+dom@10.4.0/node_modules/@testing-library/dom/dist/query-helpers.js:20:35)
      at getMultipleElementsFoundError (node_modules/.pnpm/@testing-library+dom@10.4.0/node_modules/@testing-library/dom/dist/query-helpers.js:23:10)
      at node_modules/.pnpm/@testing-library+dom@10.4.0/node_modules/@testing-library/dom/dist/query-helpers.js:55:13
      at node_modules/.pnpm/@testing-library+dom@10.4.0/node_modules/@testing-library/dom/dist/query-helpers.js:95:19
      at Object.getByText (src/components/ui/__tests__/dynamic-form-generator.test.tsx:220:29)

  ● DynamicFormGenerator › Field Type Testing › should render and handle multiselect field

    TypeError: Cannot read properties of undefined (reading 'includes')

      92 |
      93 |     const selectedItems = React.useMemo(
    > 94 |       () => options.filter((option) => value.includes(option.value)),
         |                                              ^
      95 |       [options, value]
      96 |     );
      97 |

      at includes (src/components/ui/multi-select.tsx:94:46)
          at Array.filter (<anonymous>)
      at filter (src/components/ui/multi-select.tsx:94:21)
      at mountMemo (node_modules/.pnpm/react-dom@18.3.1_react@18.3.1/node_modules/react-dom/cjs/react-dom.development.js:16406:19)
      at Object.useMemo (node_modules/.pnpm/react-dom@18.3.1_react@18.3.1/node_modules/react-dom/cjs/react-dom.development.js:16851:16)
      at Object.useMemo (node_modules/.pnpm/react@18.3.1/node_modules/react/cjs/react.development.js:1650:21)
      at useMemo (src/components/ui/multi-select.tsx:93:33)
      at renderWithHooks (node_modules/.pnpm/react-dom@18.3.1_react@18.3.1/node_modules/react-dom/cjs/react-dom.development.js:15486:18)
      at updateForwardRef (node_modules/.pnpm/react-dom@18.3.1_react@18.3.1/node_modules/react-dom/cjs/react-dom.development.js:19245:20)
      at beginWork (node_modules/.pnpm/react-dom@18.3.1_react@18.3.1/node_modules/react-dom/cjs/react-dom.development.js:21675:16)
      at beginWork$1 (node_modules/.pnpm/react-dom@18.3.1_react@18.3.1/node_modules/react-dom/cjs/react-dom.development.js:27465:14)
      at performUnitOfWork (node_modules/.pnpm/react-dom@18.3.1_react@18.3.1/node_modules/react-dom/cjs/react-dom.development.js:26599:12)
      at workLoopSync (node_modules/.pnpm/react-dom@18.3.1_react@18.3.1/node_modules/react-dom/cjs/react-dom.development.js:26505:5)
      at renderRootSync (node_modules/.pnpm/react-dom@18.3.1_react@18.3.1/node_modules/react-dom/cjs/react-dom.development.js:26473:7)
      at recoverFromConcurrentError (node_modules/.pnpm/react-dom@18.3.1_react@18.3.1/node_modules/react-dom/cjs/react-dom.development.js:25889:20)
      at performConcurrentWorkOnRoot (node_modules/.pnpm/react-dom@18.3.1_react@18.3.1/node_modules/react-dom/cjs/react-dom.development.js:25789:22)
      at flushActQueue (node_modules/.pnpm/react@18.3.1/node_modules/react/cjs/react.development.js:2667:24)
      at act (node_modules/.pnpm/react@18.3.1/node_modules/react/cjs/react.development.js:2582:11)
      at node_modules/.pnpm/@testing-library+react@16.3.0_@testing-library+dom@10.4.0_@types+react-dom@18.3.7_@type_efee5276f61270375aed4c032a71d5e5/node_modules/@testing-library/react/dist/act-compat.js:47:25
      at renderRoot (node_modules/.pnpm/@testing-library+react@16.3.0_@testing-library+dom@10.4.0_@types+react-dom@18.3.7_@type_efee5276f61270375aed4c032a71d5e5/node_modules/@testing-library/react/dist/pure.js:190:26)
      at render (node_modules/.pnpm/@testing-library+react@16.3.0_@testing-library+dom@10.4.0_@types+react-dom@18.3.7_@type_efee5276f61270375aed4c032a71d5e5/node_modules/@testing-library/react/dist/pure.js:292:10)
      at Object.<anonymous> (src/components/ui/__tests__/dynamic-form-generator.test.tsx:250:13)

  ● DynamicFormGenerator › Field Type Testing › should render and handle file field

    expect(jest.fn()).toHaveBeenCalledWith(...expected)

    Expected: ObjectContaining {"avatar": ArrayContaining [ObjectContaining {"name": "test.png"}]}, Any<Object>
    Received: {"avatar": undefined}, {"_reactName": "onSubmit", "_targetInst": null, "bubbles": true, "cancelable": true, "currentTarget": null, "defaultPrevented": true, "eventPhase": 3, "isDefaultPrevented": [Function functionThatReturnsTrue], "isPropagationStopped": [Function functionThatReturnsFalse], "isTrusted": true, "nativeEvent": {"isTrusted": true}, "target": <form class="space-y-6"><div class="grid gap-4"><div class="space-y-2"><label class="flex items-center gap-2 text-sm leading-none font-medium select-none group-data-[disabled=true]:pointer-events-none group-data-[disabled=true]:opacity-50 peer-disabled:cursor-not-allowed peer-disabled:opacity-50" data-slot="label" for=":rk:-form-item">Profile Picture</label><div aria-describedby=":rk:-form-item-description" aria-invalid="false"><div class="w-full"><div aria-describedby=":rk:-form-item-description" aria-invalid="false" aria-required="false" class="relative border-2 border-dashed border-gray-300 rounded-lg p-6 transition-colors hover:border-gray-400 focus:border-blue-500 focus:ring-2 focus:ring-blue-500 focus:ring-offset-2 cursor-pointer" name="avatar"><input accept="image/*" class="absolute inset-0 w-full h-full opacity-0 cursor-pointer" id=":rk:-form-item" type="file" /><div class="text-center"><svg aria-hidden="true" class="lucide lucide-upload mx-auto h-12 w-12 text-gray-400" fill="none" height="24" stroke="currentColor" stroke-linecap="round" stroke-linejoin="round" stroke-width="2" viewBox="0 0 24 24" width="24" xmlns="http://www.w3.org/2000/svg"><path d="M12 3v12" /><path d="m17 8-5-5-5 5" /><path d="M21 15v4a2 2 0 0 1-2 2H5a2 2 0 0 1-2-2v-4" /></svg><div class="mt-4"><p class="text-sm text-gray-600"><span … /> or drag and drop</p><p class="text-xs text-gray-500 mt-1">Accepted types: image/* • Max size: 5 MB</p></div></div></div></div></div></div></div><div class="flex gap-4 pt-4"><button class="inline-flex items-center justify-center gap-2 whitespace-nowrap rounded-md text-sm font-medium transition-all disabled:pointer-events-none disabled:opacity-50 [&_svg]:pointer-events-none [&_svg:not([class*='size-'])]:size-4 shrink-0 [&_svg]:shrink-0 outline-none focus-visible:border-ring focus-visible:ring-ring/50 focus-visible:ring-[3px] aria-invalid:ring-destructive/20 dark:aria-invalid:ring-destructive/40 aria-invalid:border-destructive bg-primary text-primary-foreground shadow-xs hover:bg-primary/90 h-9 px-4 py-2 has-[>svg]:px-3 min-w-[120px]" data-slot="button" type="submit">Submit</button></div></form>, "timeStamp": 1752193308229, "type": "submit"}

    Number of calls: 1

    Ignored nodes: comments, script, style
    [36m<html>[39m
      [36m<head />[39m
      [36m<body[39m
        [33mstyle[39m=[32m""[39m
      [36m>[39m
        [36m<div>[39m
          [36m<form[39m
            [33mclass[39m=[32m"space-y-6"[39m
          [36m>[39m
            [36m<div[39m
              [33mclass[39m=[32m"grid gap-4"[39m
            [36m>[39m
              [36m<div[39m
                [33mclass[39m=[32m"space-y-2"[39m
              [36m>[39m
                [36m<label[39m
                  [33mclass[39m=[32m"flex items-center gap-2 text-sm leading-none font-medium select-none group-data-[disabled=true]:pointer-events-none group-data-[disabled=true]:opacity-50 peer-disabled:cursor-not-allowed peer-disabled:opacity-50"[39m
                  [33mdata-slot[39m=[32m"label"[39m
                  [33mfor[39m=[32m":rk:-form-item"[39m
                [36m>[39m
                  [0mProfile Picture[0m
                [36m</label>[39m
                [36m<div[39m
                  [33maria-describedby[39m=[32m":rk:-form-item-description"[39m
                  [33maria-invalid[39m=[32m"false"[39m
                [36m>[39m
                  [36m<div[39m
                    [33mclass[39m=[32m"w-full"[39m
                  [36m>[39m
                    [36m<div[39m
                      [33maria-describedby[39m=[32m":rk:-form-item-description"[39m
                      [33maria-invalid[39m=[32m"false"[39m
                      [33maria-required[39m=[32m"false"[39m
                      [33mclass[39m=[32m"relative border-2 border-dashed border-gray-300 rounded-lg p-6 transition-colors hover:border-gray-400 focus:border-blue-500 focus:ring-2 focus:ring-blue-500 focus:ring-offset-2 cursor-pointer"[39m
                      [33mname[39m=[32m"avatar"[39m
                    [36m>[39m
                      [36m<input[39m
                        [33maccept[39m=[32m"image/*"[39m
                        [33mclass[39m=[32m"absolute inset-0 w-full h-full opacity-0 cursor-pointer"[39m
                        [33mid[39m=[32m":rk:-form-item"[39m
                        [33mtype[39m=[32m"file"[39m
                      [36m/>[39m
                      [36m<div[39m
                        [33mclass[39m=[32m"text-center"[39m
                      [36m>[39m
                        [36m<svg[39m
                          [33maria-hidden[39m=[32m"true"[39m
                          [33mclass[39m=[32m"lucide lucide-upload mx-auto h-12 w-12 text-gray-400"[39m
                          [33mfill[39m=[32m"none"[39m
                          [33mheight[39m=[32m"24"[39m
                          [33mstroke[39m=[32m"currentColor"[39m
                          [33mstroke-linecap[39m=[32m"round"[39m
                          [33mstroke-linejoin[39m=[32m"round"[39m
                          [33mstroke-width[39m=[32m"2"[39m
                          [33mviewBox[39m=[32m"0 0 24 24"[39m
                          [33mwidth[39m=[32m"24"[39m
                          [33mxmlns[39m=[32m"http://www.w3.org/2000/svg"[39m
                        [36m>[39m
                          [36m<path[39m
                            [33md[39m=[32m"M12 3v12"[39m
                          [36m/>[39m
                          [36m<path[39m
                            [33md[39m=[32m"m17 8-5-5-5 5"[39m
                          [36m/>[39m
                          [36m<path[39m
                            [33md[39m=[32m"M21 15v4a2 2 0 0 1-2 2H5a2 2 0 0 1-2-2v-4"[39m
                          [36m/>[39m
                        [36m</svg>[39m
                        [36m<div[39m
                          [33mclass[39m=[32m"mt-4"[39m
                        [36m>[39m
                          [36m<p[39m
                            [33mclass[39m=[32m"text-sm text-gray-600"[39m
                          [36m>[39m
                            [36m<span[39m
                              [33mclass[39m=[32m"font-semibold text-blue-600"[39m
                            [36m>[39m
                              [0mClick to upload[0m
                            [36m</span>[39m
                            [0m or drag and drop[0m
                          [36m</p>[39m
                          [36m<p[39m
                            [33mclass[39m=[32m"text-xs text-gray-500 mt-1"[39m
                          [36m>[39m
                            [0mAccepted types: image/*[0m
                            [0m • Max size: 5 MB[0m
                          [36m</p>[39m
                        [36m</div>[39m
                      [36m</div>[39m
                    [36m</div>[39m
                  [36m</div>[39m
                [36m</div>[39m
              [36m</div>[39m
            [36m</div>[39m
            [36m<div[39m
              [33mclass[39m=[32m"flex gap-4 pt-4"[39m
            [36m>[39m
              [36m<button[39m
                [33mclass[39m=[32m"inline-flex items-center justify-center gap-2 whitespace-nowrap rounded-md text-sm font-medium transition-all disabled:pointer-events-none disabled:opacity-50 [&_svg]:pointer-events-none [&_svg:not([class*='size-'])]:size-4 shrink-0 [&_svg]:shrink-0 outline-none focus-visible:border-ring focus-visible:ring-ring/50 focus-visible:ring-[3px] aria-invalid:ring-destructive/20 dark:aria-invalid:ring-destructive/40 aria-invalid:border-destructive bg-primary text-primary-foreground shadow-xs hover:bg-primary/90 h-9 px-4 py-2 has-[>svg]:px-3 min-w-[120px]"[39m
                [33mdata-slot[39m=[32m"button"[39m
                [33mtype[39m=[32m"submit"[39m
              [36m>[39m
                [0mSubmit[0m
              [36m</button>[39m
            [36m</div>[39m
          [36m</form>[39m
        [36m</div>[39m
      [36m</body>[39m
    [36m</html>[39m

      413 |
      414 |       await waitFor(() => {
    > 415 |         expect(onSubmit).toHaveBeenCalledWith(
          |                          ^
      416 |           expect.objectContaining({
      417 |             avatar: expect.arrayContaining([
      418 |               expect.objectContaining({ name: "test.png" }),

      at toHaveBeenCalledWith (src/components/ui/__tests__/dynamic-form-generator.test.tsx:415:26)
      at runWithExpensiveErrorDiagnosticsDisabled (node_modules/.pnpm/@testing-library+dom@10.4.0/node_modules/@testing-library/dom/dist/config.js:47:12)
      at checkCallback (node_modules/.pnpm/@testing-library+dom@10.4.0/node_modules/@testing-library/dom/dist/wait-for.js:124:77)
      at checkRealTimersCallback (node_modules/.pnpm/@testing-library+dom@10.4.0/node_modules/@testing-library/dom/dist/wait-for.js:118:16)
      at Timeout.task [as _onTimeout] (node_modules/.pnpm/jsdom@26.1.0/node_modules/jsdom/lib/jsdom/browser/Window.js:579:19)

  ● DynamicFormGenerator › Form Actions › should handle form submission with loading state

    TestingLibraryElementError: Unable to find an element with the text: /submitting/i. This could be because the text is broken up by multiple elements. In this case, you can provide a function for your text matcher to make your matcher more flexible.

    Ignored nodes: comments, script, style
    [36m<body[39m
      [33mstyle[39m=[32m""[39m
    [36m>[39m
      [36m<div>[39m
        [36m<form[39m
          [33mclass[39m=[32m"space-y-6"[39m
        [36m>[39m
          [36m<div[39m
            [33mclass[39m=[32m"grid gap-4"[39m
          [36m>[39m
            [36m<div[39m
              [33mclass[39m=[32m"space-y-2"[39m
            [36m>[39m
              [36m<label[39m
                [33mclass[39m=[32m"flex items-center gap-2 text-sm leading-none font-medium select-none group-data-[disabled=true]:pointer-events-none group-data-[disabled=true]:opacity-50 peer-disabled:cursor-not-allowed peer-disabled:opacity-50"[39m
                [33mdata-slot[39m=[32m"label"[39m
                [33mfor[39m=[32m":rp:-form-item"[39m
              [36m>[39m
                [0mName[0m
              [36m</label>[39m
              [36m<div[39m
                [33maria-describedby[39m=[32m":rp:-form-item-description"[39m
                [33maria-invalid[39m=[32m"false"[39m
              [36m>[39m
                [36m<input[39m
                  [33maria-describedby[39m=[32m":rp:-form-item-description"[39m
                  [33maria-invalid[39m=[32m"false"[39m
                  [33maria-required[39m=[32m"true"[39m
                  [33mclass[39m=[32m"file:text-foreground placeholder:text-muted-foreground selection:bg-primary selection:text-primary-foreground dark:bg-input/30 border-input flex h-9 w-full min-w-0 rounded-md border bg-transparent px-3 py-1 text-base shadow-xs transition-[color,box-shadow] outline-none file:inline-flex file:h-7 file:border-0 file:bg-transparent file:text-sm file:font-medium disabled:pointer-events-none disabled:cursor-not-allowed disabled:opacity-50 md:text-sm focus-visible:border-ring focus-visible:ring-ring/50 focus-visible:ring-[3px] aria-invalid:ring-destructive/20 dark:aria-invalid:ring-destructive/40 aria-invalid:border-destructive"[39m
                  [33mdata-slot[39m=[32m"input"[39m
                  [33mid[39m=[32m":rp:-form-item"[39m
                  [33mname[39m=[32m"name"[39m
                  [33mtype[39m=[32m"text"[39m
                  [33mvalue[39m=[32m"Test User"[39m
                [36m/>[39m
              [36m</div>[39m
            [36m</div>[39m
          [36m</div>[39m
          [36m<div[39m
            [33mclass[39m=[32m"flex gap-4 pt-4"[39m
          [36m>[39m
            [36m<button[39m
              [33mclass[39m=[32m"inline-flex items-center justify-center gap-2 whitespace-nowrap rounded-md text-sm font-medium transition-all disabled:pointer-events-none disabled:opacity-50 [&_svg]:pointer-events-none [&_svg:not([class*='size-'])]:size-4 shrink-0 [&_svg]:shrink-0 outline-none focus-visible:border-ring focus-visible:ring-ring/50 focus-visible:ring-[3px] aria-invalid:ring-destructive/20 dark:aria-invalid:ring-destructive/40 aria-invalid:border-destructive bg-primary text-primary-foreground shadow-xs hover:bg-primary/90 h-9 px-4 py-2 has-[>svg]:px-3 min-w-[120px]"[39m
              [33mdata-slot[39m=[32m"button"[39m
              [33mtype[39m=[32m"submit"[39m
            [36m>[39m
              [0mSubmit[0m
            [36m</button>[39m
          [36m</div>[39m
        [36m</form>[39m
      [36m</div>[39m
    [36m</body>[39m

      568 |
      569 |       // Check loading state
    > 570 |       expect(screen.getByText(/submitting/i)).toBeInTheDocument();
          |                     ^
      571 |       expect(submitButton).toBeDisabled();
      572 |
      573 |       // Wait for submission to complete

      at Object.getElementError (node_modules/.pnpm/@testing-library+dom@10.4.0/node_modules/@testing-library/dom/dist/config.js:37:19)
      at node_modules/.pnpm/@testing-library+dom@10.4.0/node_modules/@testing-library/dom/dist/query-helpers.js:76:38
      at node_modules/.pnpm/@testing-library+dom@10.4.0/node_modules/@testing-library/dom/dist/query-helpers.js:52:17
      at node_modules/.pnpm/@testing-library+dom@10.4.0/node_modules/@testing-library/dom/dist/query-helpers.js:95:19
      at Object.getByText (src/components/ui/__tests__/dynamic-form-generator.test.tsx:570:21)

  ● DynamicFormGenerator › Form Actions › should handle form reset when showReset is true

    expect(element).toHaveValue()

    Expected the element to have value:

    Received:
      Test User

      610 |
      611 |       await user.click(resetButton);
    > 612 |       expect(nameInput).toHaveValue("");
          |                         ^
      613 |     });
      614 |
      615 |     it("should populate form with default values", () => {

      at Object.toHaveValue (src/components/ui/__tests__/dynamic-form-generator.test.tsx:612:25)

  ● DynamicFormGenerator › Accessibility › should announce validation errors to screen readers

    Unable to find an element with the text: /invalid email address/i. This could be because the text is broken up by multiple elements. In this case, you can provide a function for your text matcher to make your matcher more flexible.

    Ignored nodes: comments, script, style
    [36m<body[39m
      [33mstyle[39m=[32m""[39m
    [36m>[39m
      [36m<div>[39m
        [36m<form[39m
          [33mclass[39m=[32m"space-y-6"[39m
        [36m>[39m
          [36m<div[39m
            [33mclass[39m=[32m"grid gap-4"[39m
          [36m>[39m
            [36m<div[39m
              [33mclass[39m=[32m"space-y-2"[39m
            [36m>[39m
              [36m<label[39m
                [33mclass[39m=[32m"flex items-center gap-2 text-sm leading-none font-medium select-none group-data-[disabled=true]:pointer-events-none group-data-[disabled=true]:opacity-50 peer-disabled:cursor-not-allowed peer-disabled:opacity-50"[39m
                [33mdata-slot[39m=[32m"label"[39m
                [33mfor[39m=[32m":ru:-form-item"[39m
              [36m>[39m
                [0mEmail[0m
              [36m</label>[39m
              [36m<div[39m
                [33maria-describedby[39m=[32m":ru:-form-item-description"[39m
                [33maria-invalid[39m=[32m"false"[39m
              [36m>[39m
                [36m<input[39m
                  [33maria-describedby[39m=[32m":ru:-form-item-description"[39m
                  [33maria-invalid[39m=[32m"false"[39m
                  [33maria-required[39m=[32m"true"[39m
                  [33mclass[39m=[32m"file:text-foreground placeholder:text-muted-foreground selection:bg-primary selection:text-primary-foreground dark:bg-input/30 border-input flex h-9 w-full min-w-0 rounded-md border bg-transparent px-3 py-1 text-base shadow-xs transition-[color,box-shadow] outline-none file:inline-flex file:h-7 file:border-0 file:bg-transparent file:text-sm file:font-medium disabled:pointer-events-none disabled:cursor-not-allowed disabled:opacity-50 md:text-sm focus-visible:border-ring focus-visible:ring-ring/50 focus-visible:ring-[3px] aria-invalid:ring-destructive/20 dark:aria-invalid:ring-destructive/40 aria-invalid:border-destructive"[39m
                  [33mdata-slot[39m=[32m"input"[39m
                  [33mid[39m=[32m":ru:-form-item"[39m
                  [33mname[39m=[32m"email"[39m
                  [33mtype[39m=[32m"email"[39m
                  [33mvalue[39m=[32m"invalid-email"[39m
                [36m/>[39m
              [36m</div>[39m
            [36m</div>[39m
          [36m</div>[39m
          [36m<div[39m
            [33mclass[39m=[32m"flex gap-4 pt-4"[39m
          [36m>[39m
            [36m<button[39m
              [33mclass[39m=[32m"inline-flex items-center justify-center gap-2 whitespace-nowrap rounded-md text-sm font-medium transition-all disabled:pointer-events-none disabled:opacity-50 [&_svg]:pointer-events-none [&_svg:not([class*='size-'])]:size-4 shrink-0 [&_svg]:shrink-0 outline-none focus-visible:border-ring focus-visible:ring-ring/50 focus-visible:ring-[3px] aria-invalid:ring-destructive/20 dark:aria-invalid:ring-destructive/40 aria-invalid:border-destructive bg-primary text-primary-foreground shadow-xs hover:bg-primary/90 h-9 px-4 py-2 has-[>svg]:px-3 min-w-[120px]"[39m
              [33mdata-slot[39m=[32m"button"[39m
              [33mtype[39m=[32m"submit"[39m
            [36m>[39m
              [0mSubmit[0m
            [36m</button>[39m
          [36m</div>[39m
        [36m</form>[39m
      [36m</div>[39m
    [36m</body>[39m

      695 |       await user.click(submitButton);
      696 |
    > 697 |       await waitFor(() => {
          |                    ^
      698 |         const errorMessage = screen.getByText(/invalid email address/i);
      699 |         expect(errorMessage).toBeInTheDocument();
      700 |         expect(input).toHaveAttribute("aria-invalid", "true");

      at waitForWrapper (node_modules/.pnpm/@testing-library+dom@10.4.0/node_modules/@testing-library/dom/dist/wait-for.js:163:27)
      at Object.<anonymous> (src/components/ui/__tests__/dynamic-form-generator.test.tsx:697:20)

  ● DynamicFormGenerator › Edge Cases › should handle onSubmit errors gracefully

    Submission failed

      744 |       const onSubmit = jest
      745 |         .fn()
    > 746 |         .mockRejectedValue(new Error("Submission failed"));
          |                            ^
      747 |       const fields: TextFieldConfig[] = [
      748 |         {
      749 |           type: "text",

      at Object.<anonymous> (src/components/ui/__tests__/dynamic-form-generator.test.tsx:746:28)

  ● DynamicFormGenerator › Edge Cases › should handle onSubmit errors gracefully

    Submission failed

      744 |       const onSubmit = jest
      745 |         .fn()
    > 746 |         .mockRejectedValue(new Error("Submission failed"));
          |                            ^
      747 |       const fields: TextFieldConfig[] = [
      748 |         {
      749 |           type: "text",

      at Object.<anonymous> (src/components/ui/__tests__/dynamic-form-generator.test.tsx:746:28)

  ● DynamicFormGenerator › Edge Cases › should handle onSubmit errors gracefully

    Submission failed

      744 |       const onSubmit = jest
      745 |         .fn()
    > 746 |         .mockRejectedValue(new Error("Submission failed"));
          |                            ^
      747 |       const fields: TextFieldConfig[] = [
      748 |         {
      749 |           type: "text",

      at Object.<anonymous> (src/components/ui/__tests__/dynamic-form-generator.test.tsx:746:28)

FAIL src/components/student/__tests__/StudentProfileManagement.test.tsx
  ● Console

    console.error
      Warning: An update to StudentProfileManagement inside a test was not wrapped in act(...).
      
      When testing, code that causes React state updates should be wrapped into act(...):
      
      act(() => {
        /* fire events that update state */
      });
      /* assert on the output */
      
      This ensures that you're testing the behavior the user would see in the browser. Learn more at https://reactjs.org/link/wrap-tests-with-act
          at StudentProfileManagement (/Users/invoture/dev.local/hey-peter/src/components/student/StudentProfileManagement.tsx:94:41)

      170 |
      171 |       if (data) {
    > 172 |         setProfile(data);
          |         ^
      173 |         form.reset({
      174 |           first_name: data.first_name,
      175 |           last_name: data.last_name,

      at printWarning (node_modules/.pnpm/react-dom@18.3.1_react@18.3.1/node_modules/react-dom/cjs/react-dom.development.js:86:30)
      at error (node_modules/.pnpm/react-dom@18.3.1_react@18.3.1/node_modules/react-dom/cjs/react-dom.development.js:60:7)
      at warnIfUpdatesNotWrappedWithActDEV (node_modules/.pnpm/react-dom@18.3.1_react@18.3.1/node_modules/react-dom/cjs/react-dom.development.js:27628:9)
      at scheduleUpdateOnFiber (node_modules/.pnpm/react-dom@18.3.1_react@18.3.1/node_modules/react-dom/cjs/react-dom.development.js:25547:5)
      at dispatchSetState (node_modules/.pnpm/react-dom@18.3.1_react@18.3.1/node_modules/react-dom/cjs/react-dom.development.js:16708:7)
      at setProfile (src/components/student/StudentProfileManagement.tsx:172:9)

    console.error
      Warning: An update to StudentProfileManagement inside a test was not wrapped in act(...).
      
      When testing, code that causes React state updates should be wrapped into act(...):
      
      act(() => {
        /* fire events that update state */
      });
      /* assert on the output */
      
      This ensures that you're testing the behavior the user would see in the browser. Learn more at https://reactjs.org/link/wrap-tests-with-act
          at StudentProfileManagement (/Users/invoture/dev.local/hey-peter/src/components/student/StudentProfileManagement.tsx:94:41)

      171 |       if (data) {
      172 |         setProfile(data);
    > 173 |         form.reset({
          |              ^
      174 |           first_name: data.first_name,
      175 |           last_name: data.last_name,
      176 |           email: data.email,

      at printWarning (node_modules/.pnpm/react-dom@18.3.1_react@18.3.1/node_modules/react-dom/cjs/react-dom.development.js:86:30)
      at error (node_modules/.pnpm/react-dom@18.3.1_react@18.3.1/node_modules/react-dom/cjs/react-dom.development.js:60:7)
      at warnIfUpdatesNotWrappedWithActDEV (node_modules/.pnpm/react-dom@18.3.1_react@18.3.1/node_modules/react-dom/cjs/react-dom.development.js:27628:9)
      at scheduleUpdateOnFiber (node_modules/.pnpm/react-dom@18.3.1_react@18.3.1/node_modules/react-dom/cjs/react-dom.development.js:25547:5)
      at dispatchSetState (node_modules/.pnpm/react-dom@18.3.1_react@18.3.1/node_modules/react-dom/cjs/react-dom.development.js:16708:7)
      at Object.callback (node_modules/.pnpm/react-hook-form@7.58.1_react@18.3.1/node_modules/react-hook-form/src/useForm.ts:99:5)
      at Object.find (node_modules/.pnpm/react-hook-form@7.58.1_react@18.3.1/node_modules/react-hook-form/src/logic/shouldRenderFormState.ts:25:28)
      at Object.next (node_modules/.pnpm/react-hook-form@7.58.1_react@18.3.1/node_modules/react-hook-form/src/utils/createSubject.ts:40:5)
      at keepIsValid (node_modules/.pnpm/react-hook-form@7.58.1_react@18.3.1/node_modules/react-hook-form/src/logic/createFormControl.ts:1388:26)
      at Object.keepIsSubmitSuccessful [as reset] (node_modules/.pnpm/react-hook-form@7.58.1_react@18.3.1/node_modules/react-hook-form/src/logic/createFormControl.ts:1423:44)
      at reset (src/components/student/StudentProfileManagement.tsx:173:14)

    console.error
      Warning: An update to StudentProfileManagement inside a test was not wrapped in act(...).
      
      When testing, code that causes React state updates should be wrapped into act(...):
      
      act(() => {
        /* fire events that update state */
      });
      /* assert on the output */
      
      This ensures that you're testing the behavior the user would see in the browser. Learn more at https://reactjs.org/link/wrap-tests-with-act
          at StudentProfileManagement (/Users/invoture/dev.local/hey-peter/src/components/student/StudentProfileManagement.tsx:94:41)

      184 |       toast.error('Failed to load profile. Please check your connection.');
      185 |     } finally {
    > 186 |       setLoading(false);
          |       ^
      187 |     }
      188 |   };
      189 |

      at printWarning (node_modules/.pnpm/react-dom@18.3.1_react@18.3.1/node_modules/react-dom/cjs/react-dom.development.js:86:30)
      at error (node_modules/.pnpm/react-dom@18.3.1_react@18.3.1/node_modules/react-dom/cjs/react-dom.development.js:60:7)
      at warnIfUpdatesNotWrappedWithActDEV (node_modules/.pnpm/react-dom@18.3.1_react@18.3.1/node_modules/react-dom/cjs/react-dom.development.js:27628:9)
      at scheduleUpdateOnFiber (node_modules/.pnpm/react-dom@18.3.1_react@18.3.1/node_modules/react-dom/cjs/react-dom.development.js:25547:5)
      at dispatchSetState (node_modules/.pnpm/react-dom@18.3.1_react@18.3.1/node_modules/react-dom/cjs/react-dom.development.js:16708:7)
      at setLoading (src/components/student/StudentProfileManagement.tsx:186:7)

  ● StudentProfileManagement › Emergency Contacts › should delete emergency contact

    TestingLibraryElementError: Unable to find an accessible element with the role "dialog"

    Here are the accessible roles:

      switch:

      Name "Email notifications display":
      [36m<div[39m
        [33maria-checked[39m=[32m"true"[39m
        [33maria-label[39m=[32m"Email notifications display"[39m
        [33mrole[39m=[32m"switch"[39m
      [36m/>[39m

      Name "SMS notifications display":
      [36m<div[39m
        [33maria-checked[39m=[32m"false"[39m
        [33maria-label[39m=[32m"SMS notifications display"[39m
        [33mrole[39m=[32m"switch"[39m
      [36m/>[39m

      --------------------------------------------------
      button:

      Name "Add Emergency Contact":
      [36m<button[39m
        [33maria-label[39m=[32m"Add Emergency Contact"[39m
      [36m/>[39m

      Name "Edit Contact":
      [36m<button[39m
        [33maria-label[39m=[32m"Edit Contact"[39m
      [36m/>[39m

      Name "Delete Contact":
      [36m<button[39m
        [33maria-label[39m=[32m"Delete Contact"[39m
      [36m/>[39m

      --------------------------------------------------alertdialog:

      Name "Delete Emergency Contact":
      [36m<div[39m
        [33maria-describedby[39m=[32m"radix-:reg:"[39m
        [33maria-labelledby[39m=[32m"radix-:ref:"[39m
        [33mclass[39m=[32m"bg-background data-[state=open]:animate-in data-[state=closed]:animate-out data-[state=closed]:fade-out-0 data-[state=open]:fade-in-0 data-[state=closed]:zoom-out-95 data-[state=open]:zoom-in-95 fixed top-[50%] left-[50%] z-50 grid w-full max-w-[calc(100%-2rem)] translate-x-[-50%] translate-y-[-50%] gap-4 rounded-lg border p-6 shadow-lg duration-200 sm:max-w-lg"[39m
        [33mdata-slot[39m=[32m"alert-dialog-content"[39m
        [33mdata-state[39m=[32m"open"[39m
        [33mid[39m=[32m"radix-:ree:"[39m
        [33mrole[39m=[32m"alertdialog"[39m
        [33mstyle[39m=[32m"pointer-events: auto;"[39m
        [33mtabindex[39m=[32m"-1"[39m
      [36m/>[39m

      --------------------------------------------------
      heading:

      Name "Delete Emergency Contact":
      [36m<h2[39m
        [33mclass[39m=[32m"text-lg font-semibold"[39m
        [33mdata-slot[39m=[32m"alert-dialog-title"[39m
        [33mid[39m=[32m"radix-:ref:"[39m
      [36m/>[39m

      --------------------------------------------------
      paragraph:

      Name "":
      [36m<p[39m
        [33mclass[39m=[32m"text-muted-foreground text-sm"[39m
        [33mdata-slot[39m=[32m"alert-dialog-description"[39m
        [33mid[39m=[32m"radix-:reg:"[39m
      [36m/>[39m

      --------------------------------------------------
      button:

      Name "Cancel":
      [36m<button[39m
        [33mclass[39m=[32m"inline-flex items-center justify-center gap-2 whitespace-nowrap rounded-md text-sm font-medium transition-all disabled:pointer-events-none disabled:opacity-50 [&_svg]:pointer-events-none [&_svg:not([class*='size-'])]:size-4 shrink-0 [&_svg]:shrink-0 outline-none focus-visible:border-ring focus-visible:ring-ring/50 focus-visible:ring-[3px] aria-invalid:ring-destructive/20 dark:aria-invalid:ring-destructive/40 aria-invalid:border-destructive border bg-background shadow-xs hover:bg-accent hover:text-accent-foreground dark:bg-input/30 dark:border-input dark:hover:bg-input/50 h-9 px-4 py-2 has-[>svg]:px-3"[39m
        [33mtype[39m=[32m"button"[39m
      [36m/>[39m

      Name "Confirm":
      [36m<button[39m
        [33mclass[39m=[32m"inline-flex items-center justify-center gap-2 whitespace-nowrap rounded-md text-sm font-medium transition-all disabled:pointer-events-none disabled:opacity-50 [&_svg]:pointer-events-none [&_svg:not([class*='size-'])]:size-4 shrink-0 [&_svg]:shrink-0 outline-none focus-visible:border-ring focus-visible:ring-ring/50 focus-visible:ring-[3px] aria-invalid:ring-destructive/20 dark:aria-invalid:ring-destructive/40 aria-invalid:border-destructive bg-primary text-primary-foreground shadow-xs hover:bg-primary/90 h-9 px-4 py-2 has-[>svg]:px-3"[39m
        [33mtype[39m=[32m"button"[39m
      [36m/>[39m

      --------------------------------------------------

    Ignored nodes: comments, script, style
    [36m<body[39m
      [33mdata-scroll-locked[39m=[32m"1"[39m
      [33mstyle[39m=[32m"pointer-events: none;"[39m
    [36m>[39m
      [36m<span[39m
        [33maria-hidden[39m=[32m"true"[39m
        [33mdata-aria-hidden[39m=[32m"true"[39m
        [33mdata-radix-focus-guard[39m=[32m""[39m
        [33mstyle[39m=[32m"outline: none; opacity: 0; position: fixed; pointer-events: none;"[39m
        [33mtabindex[39m=[32m"0"[39m
      [36m/>[39m
      [36m<div>[39m
        [36m<div[39m
          [33mclass[39m=[32m"container mx-auto p-6 max-w-4xl"[39m
        [36m>[39m
          [36m<div[39m
            [33mclass[39m=[32m"space-y-6"[39m
          [36m>[39m
            [36m<div[39m
              [33maria-hidden[39m=[32m"true"[39m
              [33mclass[39m=[32m"flex items-center justify-between"[39m
              [33mdata-aria-hidden[39m=[32m"true"[39m
            [36m>[39m
              [36m<h1[39m
                [33mclass[39m=[32m"text-3xl font-bold"[39m
              [36m>[39m
                [0mStudent Profile[0m
              [36m</h1>[39m
              [36m<button[39m
                [33mclass[39m=[32m"inline-flex items-center justify-center gap-2 whitespace-nowrap rounded-md text-sm font-medium transition-all disabled:pointer-events-none disabled:opacity-50 [&_svg]:pointer-events-none [&_svg:not([class*='size-'])]:size-4 shrink-0 [&_svg]:shrink-0 outline-none focus-visible:border-ring focus-visible:ring-ring/50 focus-visible:ring-[3px] aria-invalid:ring-destructive/20 dark:aria-invalid:ring-destructive/40 aria-invalid:border-destructive bg-primary text-primary-foreground shadow-xs hover:bg-primary/90 h-9 px-4 py-2 has-[>svg]:px-3"[39m
                [33mdata-slot[39m=[32m"button"[39m
              [36m>[39m
                [36m<svg[39m
                  [33maria-hidden[39m=[32m"true"[39m
                  [33mclass[39m=[32m"lucide lucide-square-pen mr-2 h-4 w-4"[39m
                  [33mfill[39m=[32m"none"[39m
                  [33mheight[39m=[32m"24"[39m
                  [33mstroke[39m=[32m"currentColor"[39m
                  [33mstroke-linecap[39m=[32m"round"[39m
                  [33mstroke-linejoin[39m=[32m"round"[39m
                  [33mstroke-width[39m=[32m"2"[39m
                  [33mviewBox[39m=[32m"0 0 24 24"[39m
                  [33mwidth[39m=[32m"24"[39m
                  [33mxmlns[39m=[32m"http://www.w3.org/2000/svg"[39m
                [36m>[39m
                  [36m<path[39m
                    [33md[39m=[32m"M12 3H5a2 2 0 0 0-2 2v14a2 2 0 0 0 2 2h14a2 2 0 0 0 2-2v-7"[39m
                  [36m/>[39m
                  [36m<path[39m
                    [33md[39m=[32m"M18.375 2.625a1 1 0 0 1 3 3l-9.013 9.014a2 2 0 0 1-.853.505l-2.873.84a.5.5 0 0 1-.62-.62l.84-2.873a2 2 0 0 1 .506-.852z"[39m
                  [36m/>[39m
                [36m</svg>[39m
                [0mEdit Profile[0m
              [36m</button>[39m
            [36m</div>[39m
            [36m<div[39m
              [33maria-hidden[39m=[32m"true"[39m
              [33mclass[39m=[32m"bg-card text-card-foreground flex flex-col gap-6 rounded-xl border py-6 shadow-sm"[39m
              [33mdata-aria-hidden[39m=[32m"true"[39m
              [33mdata-slot[39m=[32m"card"[39m
            [36m>[39m
              [36m<div[39m
                [33mclass[39m=[32m"px-6 pt-6"[39m
                [33mdata-slot[39m=[32m"card-content"[39m
              [36m>[39m
                [36m<div[39m
                  [33mclass[39m=[32m"flex items-center space-x-4"[39m
                [36m>[39m
                  [36m<div[39m
                    [33mclass[39m=[32m"relative"[39m
                    [33mdata-testid[39m=[32m"profile-photo-container"[39m
                  [36m>[39m
                    [36m<span[39m
                      [33mclass[39m=[32m"relative flex size-8 shrink-0 overflow-hidden rounded-full h-24 w-24"[39m
                      [33mdata-slot[39m=[32m"avatar"[39m
                    [36m>[39m
                      [36m<img[39m
                        [33malt[39m=[32m"Profile photo"[39m
                        [33mclass[39m=[32m"aspect-square size-full object-cover"[39m
                        [33msrc[39m=[32m"https://example.com/photo.jpg"[39m
                      [36m/>[39m
                    [36m</span>[39m
                    [36m<input[39m
                      [33maccept[39m=[32m"image/jpeg,image/png,image/gif"[39m
                      [33maria-label[39m=[32m"Upload photo"[39m
                      [33mclass[39m=[32m"hidden"[39m
                      [33mtype[39m=[32m"file"[39m
                    [36m/>[39m
                  [36m</div>[39m
                  [36m<div[39m
                    [33mclass[39m=[32m"flex-1"[39m
                  [36m>[39m
                    [36m<h2[39m
                      [33mclass[39m=[32m"text-2xl font-semibold"[39m
                    [36m>[39m
                      [0mJohn[0m
                      [0m [0m
                      [0mDoe[0m
                    [36m</h2>[39m
                    [36m<p[39m
                      [33mclass[39m=[32m"text-muted-foreground"[39m
                    [36m>[39m
                      [0mjohn.doe@example.com[0m
                    [36m</p>[39m
                    [36m<p[39m
                      [33mclass[39m=[32m"text-muted-foreground"[39m
                    [36m>[39m
                      [0m+1234567890[0m
                    [36m</p>[39m
                    [36m<div[39m
                      [33mclass[39m=[32m"hidden"[39m
                    [36m>[39m
                      [36m<div>[39m
                        [36m<span>[39m
                          [0mJane Doe[0m
                        [36m</span>[39m
                        [36m<span>[39m
                          [0mspouse[0m
                        [36m</span>[39m
                        [36m<span>[39m
                          [0m+0987654321[0m
                        [36m</span>[39m
                      [36m</div>[39m
                      [36m<span>[39m
                        [0mmorning[0m
                      [36m</span>[39m
                      [36m<span>[39m
                        [0mNo Preference[0m
                      [36m</span>[39m
                      [36m<span>[39m
                        [0mEnglish[0m
                      [36m</span>[39m
                      [36m<span>[39m
                        [0mSpanish[0m
                      [36m</span>[39m
                      [36m<span>[39m
                        [0mintermediate[0m
                      [36m</span>[39m
                    [36m</div>[39m
                  [36m</div>[39m
                [36m</div>[39m
              [36m</div>[39m
            [36m</div>[39m
            [36m<div[39m
              [33maria-live[39m=[32m"polite"[39m
              [33mclass[39m=[32m"sr-only"[39m
            [36m>[39m
              [36m<div[39m
                [33maria-checked[39m=[32m"true"[39m
                [33maria-label[39m=[32m"Email notifications display"[39m
                [33mrole[39m=[32m"switch"[39m
              [36m/>[39m
              [36m<div[39m
                [33maria-checked[39m=[32m"false"[39m
                [33maria-label[39m=[32m"SMS notifications display"[39m
              ...

      429 |       });
      430 |
    > 431 |       const confirmDialog = screen.getByRole('dialog');
          |                                    ^
      432 |       fireEvent.click(within(confirmDialog).getByRole('button', { name: /confirm/i }));
      433 |
      434 |       await waitFor(() => {

      at Object.getElementError (node_modules/.pnpm/@testing-library+dom@10.4.0/node_modules/@testing-library/dom/dist/config.js:37:19)
      at node_modules/.pnpm/@testing-library+dom@10.4.0/node_modules/@testing-library/dom/dist/query-helpers.js:76:38
      at node_modules/.pnpm/@testing-library+dom@10.4.0/node_modules/@testing-library/dom/dist/query-helpers.js:52:17
      at node_modules/.pnpm/@testing-library+dom@10.4.0/node_modules/@testing-library/dom/dist/query-helpers.js:95:19
      at Object.getByRole (src/components/student/__tests__/StudentProfileManagement.test.tsx:431:36)

  ● StudentProfileManagement › Emergency Contacts › should validate emergency contact form

    Unable to find an element with the text: /phone number is required/i. This could be because the text is broken up by multiple elements. In this case, you can provide a function for your text matcher to make your matcher more flexible.

    Ignored nodes: comments, script, style
    [36m<body[39m
      [33mdata-scroll-locked[39m=[32m"1"[39m
      [33mstyle[39m=[32m"pointer-events: none;"[39m
    [36m>[39m
      [36m<span[39m
        [33maria-hidden[39m=[32m"true"[39m
        [33mdata-aria-hidden[39m=[32m"true"[39m
        [33mdata-radix-focus-guard[39m=[32m""[39m
        [33mstyle[39m=[32m"outline: none; opacity: 0; position: fixed; pointer-events: none;"[39m
        [33mtabindex[39m=[32m"0"[39m
      [36m/>[39m
      [36m<div>[39m
        [36m<div[39m
          [33mclass[39m=[32m"container mx-auto p-6 max-w-4xl"[39m
        [36m>[39m
          [36m<div[39m
            [33mclass[39m=[32m"space-y-6"[39m
          [36m>[39m
            [36m<div[39m
              [33maria-hidden[39m=[32m"true"[39m
              [33mclass[39m=[32m"flex items-center justify-between"[39m
              [33mdata-aria-hidden[39m=[32m"true"[39m
            [36m>[39m
              [36m<h1[39m
                [33mclass[39m=[32m"text-3xl font-bold"[39m
              [36m>[39m
                [0mStudent Profile[0m
              [36m</h1>[39m
              [36m<button[39m
                [33mclass[39m=[32m"inline-flex items-center justify-center gap-2 whitespace-nowrap rounded-md text-sm font-medium transition-all disabled:pointer-events-none disabled:opacity-50 [&_svg]:pointer-events-none [&_svg:not([class*='size-'])]:size-4 shrink-0 [&_svg]:shrink-0 outline-none focus-visible:border-ring focus-visible:ring-ring/50 focus-visible:ring-[3px] aria-invalid:ring-destructive/20 dark:aria-invalid:ring-destructive/40 aria-invalid:border-destructive bg-primary text-primary-foreground shadow-xs hover:bg-primary/90 h-9 px-4 py-2 has-[>svg]:px-3"[39m
                [33mdata-slot[39m=[32m"button"[39m
              [36m>[39m
                [36m<svg[39m
                  [33maria-hidden[39m=[32m"true"[39m
                  [33mclass[39m=[32m"lucide lucide-square-pen mr-2 h-4 w-4"[39m
                  [33mfill[39m=[32m"none"[39m
                  [33mheight[39m=[32m"24"[39m
                  [33mstroke[39m=[32m"currentColor"[39m
                  [33mstroke-linecap[39m=[32m"round"[39m
                  [33mstroke-linejoin[39m=[32m"round"[39m
                  [33mstroke-width[39m=[32m"2"[39m
                  [33mviewBox[39m=[32m"0 0 24 24"[39m
                  [33mwidth[39m=[32m"24"[39m
                  [33mxmlns[39m=[32m"http://www.w3.org/2000/svg"[39m
                [36m>[39m
                  [36m<path[39m
                    [33md[39m=[32m"M12 3H5a2 2 0 0 0-2 2v14a2 2 0 0 0 2 2h14a2 2 0 0 0 2-2v-7"[39m
                  [36m/>[39m
                  [36m<path[39m
                    [33md[39m=[32m"M18.375 2.625a1 1 0 0 1 3 3l-9.013 9.014a2 2 0 0 1-.853.505l-2.873.84a.5.5 0 0 1-.62-.62l.84-2.873a2 2 0 0 1 .506-.852z"[39m
                  [36m/>[39m
                [36m</svg>[39m
                [0mEdit Profile[0m
              [36m</button>[39m
            [36m</div>[39m
            [36m<div[39m
              [33maria-hidden[39m=[32m"true"[39m
              [33mclass[39m=[32m"bg-card text-card-foreground flex flex-col gap-6 rounded-xl border py-6 shadow-sm"[39m
              [33mdata-aria-hidden[39m=[32m"true"[39m
              [33mdata-slot[39m=[32m"card"[39m
            [36m>[39m
              [36m<div[39m
                [33mclass[39m=[32m"px-6 pt-6"[39m
                [33mdata-slot[39m=[32m"card-content"[39m
              [36m>[39m
                [36m<div[39m
                  [33mclass[39m=[32m"flex items-center space-x-4"[39m
                [36m>[39m
                  [36m<div[39m
                    [33mclass[39m=[32m"relative"[39m
                    [33mdata-testid[39m=[32m"profile-photo-container"[39m
                  [36m>[39m
                    [36m<span[39m
                      [33mclass[39m=[32m"relative flex size-8 shrink-0 overflow-hidden rounded-full h-24 w-24"[39m
                      [33mdata-slot[39m=[32m"avatar"[39m
                    [36m>[39m
                      [36m<img[39m
                        [33malt[39m=[32m"Profile photo"[39m
                        [33mclass[39m=[32m"aspect-square size-full object-cover"[39m
                        [33msrc[39m=[32m"https://example.com/photo.jpg"[39m
                      [36m/>[39m
                    [36m</span>[39m
                    [36m<input[39m
                      [33maccept[39m=[32m"image/jpeg,image/png,image/gif"[39m
                      [33maria-label[39m=[32m"Upload photo"[39m
                      [33mclass[39m=[32m"hidden"[39m
                      [33mtype[39m=[32m"file"[39m
                    [36m/>[39m
                  [36m</div>[39m
                  [36m<div[39m
                    [33mclass[39m=[32m"flex-1"[39m
                  [36m>[39m
                    [36m<h2[39m
                      [33mclass[39m=[32m"text-2xl font-semibold"[39m
                    [36m>[39m
                      [0mJohn[0m
                      [0m [0m
                      [0mDoe[0m
                    [36m</h2>[39m
                    [36m<p[39m
                      [33mclass[39m=[32m"text-muted-foreground"[39m
                    [36m>[39m
                      [0mjohn.doe@example.com[0m
                    [36m</p>[39m
                    [36m<p[39m
                      [33mclass[39m=[32m"text-muted-foreground"[39m
                    [36m>[39m
                      [0m+1234567890[0m
                    [36m</p>[39m
                    [36m<div[39m
                      [33mclass[39m=[32m"hidden"[39m
                    [36m>[39m
                      [36m<div>[39m
                        [36m<span>[39m
                          [0mJane Doe[0m
                        [36m</span>[39m
                        [36m<span>[39m
                          [0mspouse[0m
                        [36m</span>[39m
                        [36m<span>[39m
                          [0m+0987654321[0m
                        [36m</span>[39m
                      [36m</div>[39m
                      [36m<span>[39m
                        [0mmorning[0m
                      [36m</span>[39m
                      [36m<span>[39m
                        [0mNo Preference[0m
                      [36m</span>[39m
                      [36m<span>[39m
                        [0mEnglish[0m
                      [36m</span>[39m
                      [36m<span>[39m
                        [0mSpanish[0m
                      [36m</span>[39m
                      [36m<span>[39m
                        [0mintermediate[0m
                      [36m</span>[39m
                    [36m</div>[39m
                  [36m</div>[39m
                [36m</div>[39m
              [36m</div>[39m
            [36m</div>[39m
            [36m<div[39m
              [33maria-live[39m=[32m"polite"[39m
              [33mclass[39m=[32m"sr-only"[39m
            [36m>[39m
              [36m<div[39m
                [33maria-checked[39m=[32m"true"[39m
                [33maria-label[39m=[32m"Email notifications display"[39m
                [33mrole[39m=[32m"switch"[39m
              [36m/>[39m
              [36m<div[39m
                [33maria-checked[39m=[32m"false"[39m
                [33maria-label[39m=[32m"SMS notifications display"[39m
              ...

      452 |       fireEvent.click(within(modal).getByRole('button', { name: /save contact/i }));
      453 |
    > 454 |       await waitFor(() => {
          |                    ^
      455 |         expect(screen.getByText(/contact name is required/i)).toBeInTheDocument();
      456 |         expect(screen.getByText(/relationship is required/i)).toBeInTheDocument();
      457 |         expect(screen.getByText(/phone number is required/i)).toBeInTheDocument();

      at waitForWrapper (node_modules/.pnpm/@testing-library+dom@10.4.0/node_modules/@testing-library/dom/dist/wait-for.js:163:27)
      at Object.<anonymous> (src/components/student/__tests__/StudentProfileManagement.test.tsx:454:20)

  ● StudentProfileManagement › Language Preferences › should update language preferences

    expect(jest.fn()).toHaveBeenCalledWith(...expected)

    Expected: ObjectContaining {"language_preferences": ObjectContaining {"native_language": "Portuguese", "proficiency_level": "advanced", "target_language": "English"}}
    Received: {"course_preferences": {"learning_goals": ["conversational", "business"], "preferred_class_time": "morning", "preferred_teacher_gender": "no_preference"}, "date_of_birth": "1990-01-01", "email": "john.doe@example.com", "emergency_contacts": [{"email": "jane.doe@example.com", "name": "Jane Doe", "phone": "+0987654321", "relationship": "spouse"}], "first_name": "John", "gender": "male", "language_preferences": {"native_language": "EnglishPortuguese", "proficiency_level": "advanced", "target_language": "SpanishEnglish"}, "last_name": "Doe", "nationality": "US", "notification_settings": {"class_reminders": true, "email_notifications": true, "promotional_emails": false, "sms_notifications": false}, "phone": "+1234567890"}

    Number of calls: 1

    Ignored nodes: comments, script, style
    [36m<html>[39m
      [36m<head />[39m
      [36m<body[39m
        [33mstyle[39m=[32m""[39m
      [36m>[39m
        [36m<div>[39m
          [36m<div[39m
            [33mclass[39m=[32m"container mx-auto p-6 max-w-4xl"[39m
          [36m>[39m
            [36m<div[39m
              [33mclass[39m=[32m"space-y-6"[39m
            [36m>[39m
              [36m<div[39m
                [33mclass[39m=[32m"flex items-center justify-between"[39m
              [36m>[39m
                [36m<h1[39m
                  [33mclass[39m=[32m"text-3xl font-bold"[39m
                [36m>[39m
                  [0mStudent Profile[0m
                [36m</h1>[39m
                [36m<button[39m
                  [33mclass[39m=[32m"inline-flex items-center justify-center gap-2 whitespace-nowrap rounded-md text-sm font-medium transition-all disabled:pointer-events-none disabled:opacity-50 [&_svg]:pointer-events-none [&_svg:not([class*='size-'])]:size-4 shrink-0 [&_svg]:shrink-0 outline-none focus-visible:border-ring focus-visible:ring-ring/50 focus-visible:ring-[3px] aria-invalid:ring-destructive/20 dark:aria-invalid:ring-destructive/40 aria-invalid:border-destructive bg-primary text-primary-foreground shadow-xs hover:bg-primary/90 h-9 px-4 py-2 has-[>svg]:px-3"[39m
                  [33mdata-slot[39m=[32m"button"[39m
                [36m>[39m
                  [36m<svg[39m
                    [33maria-hidden[39m=[32m"true"[39m
                    [33mclass[39m=[32m"lucide lucide-square-pen mr-2 h-4 w-4"[39m
                    [33mfill[39m=[32m"none"[39m
                    [33mheight[39m=[32m"24"[39m
                    [33mstroke[39m=[32m"currentColor"[39m
                    [33mstroke-linecap[39m=[32m"round"[39m
                    [33mstroke-linejoin[39m=[32m"round"[39m
                    [33mstroke-width[39m=[32m"2"[39m
                    [33mviewBox[39m=[32m"0 0 24 24"[39m
                    [33mwidth[39m=[32m"24"[39m
                    [33mxmlns[39m=[32m"http://www.w3.org/2000/svg"[39m
                  [36m>[39m
                    [36m<path[39m
                      [33md[39m=[32m"M12 3H5a2 2 0 0 0-2 2v14a2 2 0 0 0 2 2h14a2 2 0 0 0 2-2v-7"[39m
                    [36m/>[39m
                    [36m<path[39m
                      [33md[39m=[32m"M18.375 2.625a1 1 0 0 1 3 3l-9.013 9.014a2 2 0 0 1-.853.505l-2.873.84a.5.5 0 0 1-.62-.62l.84-2.873a2 2 0 0 1 .506-.852z"[39m
                    [36m/>[39m
                  [36m</svg>[39m
                  [0mEdit Profile[0m
                [36m</button>[39m
              [36m</div>[39m
              [36m<div[39m
                [33mclass[39m=[32m"bg-card text-card-foreground flex flex-col gap-6 rounded-xl border py-6 shadow-sm"[39m
                [33mdata-slot[39m=[32m"card"[39m
              [36m>[39m
                [36m<div[39m
                  [33mclass[39m=[32m"px-6 pt-6"[39m
                  [33mdata-slot[39m=[32m"card-content"[39m
                [36m>[39m
                  [36m<div[39m
                    [33mclass[39m=[32m"flex items-center space-x-4"[39m
                  [36m>[39m
                    [36m<div[39m
                      [33mclass[39m=[32m"relative"[39m
                      [33mdata-testid[39m=[32m"profile-photo-container"[39m
                    [36m>[39m
                      [36m<span[39m
                        [33mclass[39m=[32m"relative flex size-8 shrink-0 overflow-hidden rounded-full h-24 w-24"[39m
                        [33mdata-slot[39m=[32m"avatar"[39m
                      [36m>[39m
                        [36m<img[39m
                          [33malt[39m=[32m"Profile photo"[39m
                          [33mclass[39m=[32m"aspect-square size-full object-cover"[39m
                          [33msrc[39m=[32m"https://example.com/photo.jpg"[39m
                        [36m/>[39m
                      [36m</span>[39m
                      [36m<input[39m
                        [33maccept[39m=[32m"image/jpeg,image/png,image/gif"[39m
                        [33maria-label[39m=[32m"Upload photo"[39m
                        [33mclass[39m=[32m"hidden"[39m
                        [33mtype[39m=[32m"file"[39m
                      [36m/>[39m
                    [36m</div>[39m
                    [36m<div[39m
                      [33mclass[39m=[32m"flex-1"[39m
                    [36m>[39m
                      [36m<h2[39m
                        [33mclass[39m=[32m"text-2xl font-semibold"[39m
                      [36m>[39m
                        [0mJohn[0m
                        [0m [0m
                        [0mDoe[0m
                      [36m</h2>[39m
                      [36m<p[39m
                        [33mclass[39m=[32m"text-muted-foreground"[39m
                      [36m>[39m
                        [0mjohn.doe@example.com[0m
                      [36m</p>[39m
                      [36m<p[39m
                        [33mclass[39m=[32m"text-muted-foreground"[39m
                      [36m>[39m
                        [0m+1234567890[0m
                      [36m</p>[39m
                      [36m<div[39m
                        [33mclass[39m=[32m"hidden"[39m
                      [36m>[39m
                        [36m<div>[39m
                          [36m<span>[39m
                            [0mJane Doe[0m
                          [36m</span>[39m
                          [36m<span>[39m
                            [0mspouse[0m
                          [36m</span>[39m
                          [36m<span>[39m
                            [0m+0987654321[0m
                          [36m</span>[39m
                        [36m</div>[39m
                        [36m<span>[39m
                          [0mmorning[0m
                        [36m</span>[39m
                        [36m<span>[39m
                          [0mNo Preference[0m
                        [36m</span>[39m
                        [36m<span>[39m
                          [0mEnglish[0m
                        [36m</span>[39m
                        [36m<span>[39m
                          [0mSpanish[0m
                        [36m</span>[39m
                        [36m<span>[39m
                          [0mintermediate[0m
                        [36m</span>[39m
                      [36m</div>[39m
                    [36m</div>[39m
                  [36m</div>[39m
                [36m</div>[39m
              [36m</div>[39m
              [36m<div[39m
                [33maria-live[39m=[32m"polite"[39m
                [33mclass[39m=[32m"sr-only"[39m
              [36m>[39m
                [36m<div[39m
                  [33maria-checked[39m=[32m"true"[39m
                  [33maria-label[39m=[32m"Email notifications display"[39m
                  [33mrole[39m=[32m"switch"[39m
                [36m/>[39m
                [36m<div[39m
                  [33maria-checked[39m=[32m"false"[39m
                  [33maria-label[39m=[32m"SMS notifications display"[39m
                  [33mrole[39m=[32m"switch"[39m
                [36m/>[39m
                [36m<button[39m
                  [33maria-label[39m=[32m"Add Emergency Contact"[39m
                [36m>[39m
                  [0mAdd Emergency Contact[0m
                [36m</button>...

      557 |
      558 |       await waitFor(() => {
    > 559 |         expect(mockSupabase.from().update).toHaveBeenCalledWith(
          |                                            ^
      560 |           expect.objectContaining({
      561 |             language_preferences: expect.objectContaining({
      562 |               native_language: 'Portuguese',

      at toHaveBeenCalledWith (src/components/student/__tests__/StudentProfileManagement.test.tsx:559:44)
      at runWithExpensiveErrorDiagnosticsDisabled (node_modules/.pnpm/@testing-library+dom@10.4.0/node_modules/@testing-library/dom/dist/config.js:47:12)
      at checkCallback (node_modules/.pnpm/@testing-library+dom@10.4.0/node_modules/@testing-library/dom/dist/wait-for.js:124:77)
      at checkRealTimersCallback (node_modules/.pnpm/@testing-library+dom@10.4.0/node_modules/@testing-library/dom/dist/wait-for.js:118:16)
      at Timeout.task [as _onTimeout] (node_modules/.pnpm/jsdom@26.1.0/node_modules/jsdom/lib/jsdom/browser/Window.js:579:19)

  ● StudentProfileManagement › Notification Settings › should toggle email notifications

    TestingLibraryElementError: Found multiple elements with the role "switch" and name `/email notifications/i`

    Here are the matching elements:

    Ignored nodes: comments, script, style
    [36m<div[39m
      [33maria-checked[39m=[32m"true"[39m
      [33maria-label[39m=[32m"Email notifications display"[39m
      [33mrole[39m=[32m"switch"[39m
    [36m/>[39m

    Ignored nodes: comments, script, style
    [36m<button[39m
      [33maria-checked[39m=[32m"true"[39m
      [33maria-label[39m=[32m"Email notifications"[39m
      [33mclass[39m=[32m"peer inline-flex h-6 w-11 shrink-0 cursor-pointer items-center rounded-full border-2 border-transparent transition-colors focus-visible:outline-none focus-visible:ring-2 focus-visible:ring-ring focus-visible:ring-offset-2 focus-visible:ring-offset-background disabled:cursor-not-allowed disabled:opacity-50 data-[state=checked]:bg-primary data-[state=unchecked]:bg-input"[39m
      [33mdata-state[39m=[32m"checked"[39m
      [33mid[39m=[32m"email-notifications"[39m
      [33mrole[39m=[32m"switch"[39m
      [33mtype[39m=[32m"button"[39m
      [33mvalue[39m=[32m"on"[39m
    [36m>[39m
      [36m<span[39m
        [33mclass[39m=[32m"pointer-events-none block h-5 w-5 rounded-full bg-background shadow-lg ring-0 transition-transform data-[state=checked]:translate-x-5 data-[state=unchecked]:translate-x-0"[39m
        [33mdata-state[39m=[32m"checked"[39m
      [36m/>[39m
    [36m</button>[39m

    (If this is intentional, then use the `*AllBy*` variant of the query (like `queryAllByText`, `getAllByText`, or `findAllByText`)).

    Ignored nodes: comments, script, style
    [36m<body[39m
      [33mstyle[39m=[32m""[39m
    [36m>[39m
      [36m<div>[39m
        [36m<div[39m
          [33mclass[39m=[32m"container mx-auto p-6 max-w-4xl"[39m
        [36m>[39m
          [36m<div[39m
            [33mclass[39m=[32m"space-y-6"[39m
          [36m>[39m
            [36m<div[39m
              [33mclass[39m=[32m"flex items-center justify-between"[39m
            [36m>[39m
              [36m<h1[39m
                [33mclass[39m=[32m"text-3xl font-bold"[39m
              [36m>[39m
                [0mStudent Profile[0m
              [36m</h1>[39m
              [36m<div[39m
                [33mclass[39m=[32m"space-x-2"[39m
              [36m>[39m
                [36m<button[39m
                  [33mclass[39m=[32m"inline-flex items-center justify-center gap-2 whitespace-nowrap rounded-md text-sm font-medium transition-all disabled:pointer-events-none disabled:opacity-50 [&_svg]:pointer-events-none [&_svg:not([class*='size-'])]:size-4 shrink-0 [&_svg]:shrink-0 outline-none focus-visible:border-ring focus-visible:ring-ring/50 focus-visible:ring-[3px] aria-invalid:ring-destructive/20 dark:aria-invalid:ring-destructive/40 aria-invalid:border-destructive border bg-background shadow-xs hover:bg-accent hover:text-accent-foreground dark:bg-input/30 dark:border-input dark:hover:bg-input/50 h-9 px-4 py-2 has-[>svg]:px-3"[39m
                  [33mdata-slot[39m=[32m"button"[39m
                [36m>[39m
                  [0mCancel[0m
                [36m</button>[39m
                [36m<button[39m
                  [33mclass[39m=[32m"inline-flex items-center justify-center gap-2 whitespace-nowrap rounded-md text-sm font-medium transition-all disabled:pointer-events-none disabled:opacity-50 [&_svg]:pointer-events-none [&_svg:not([class*='size-'])]:size-4 shrink-0 [&_svg]:shrink-0 outline-none focus-visible:border-ring focus-visible:ring-ring/50 focus-visible:ring-[3px] aria-invalid:ring-destructive/20 dark:aria-invalid:ring-destructive/40 aria-invalid:border-destructive bg-primary text-primary-foreground shadow-xs hover:bg-primary/90 h-9 px-4 py-2 has-[>svg]:px-3"[39m
                  [33mdata-slot[39m=[32m"button"[39m
                [36m>[39m
                  [0mSave Changes[0m
                [36m</button>[39m
              [36m</div>[39m
            [36m</div>[39m
            [36m<div[39m
              [33mclass[39m=[32m"bg-card text-card-foreground flex flex-col gap-6 rounded-xl border py-6 shadow-sm"[39m
              [33mdata-slot[39m=[32m"card"[39m
            [36m>[39m
              [36m<div[39m
                [33mclass[39m=[32m"px-6 pt-6"[39m
                [33mdata-slot[39m=[32m"card-content"[39m
              [36m>[39m
                [36m<div[39m
                  [33mclass[39m=[32m"flex items-center space-x-4"[39m
                [36m>[39m
                  [36m<div[39m
                    [33mclass[39m=[32m"relative"[39m
                    [33mdata-testid[39m=[32m"profile-photo-container"[39m
                  [36m>[39m
                    [36m<span[39m
                      [33mclass[39m=[32m"relative flex size-8 shrink-0 overflow-hidden rounded-full h-24 w-24"[39m
                      [33mdata-slot[39m=[32m"avatar"[39m
                    [36m>[39m
                      [36m<img[39m
                        [33malt[39m=[32m"Profile photo"[39m
                        [33mclass[39m=[32m"aspect-square size-full object-cover"[39m
                        [33msrc[39m=[32m"https://example.com/photo.jpg"[39m
                      [36m/>[39m
                    [36m</span>[39m
                    [36m<input[39m
                      [33maccept[39m=[32m"image/jpeg,image/png,image/gif"[39m
                      [33maria-label[39m=[32m"Upload photo"[39m
                      [33mclass[39m=[32m"hidden"[39m
                      [33mtype[39m=[32m"file"[39m
                    [36m/>[39m
                  [36m</div>[39m
                  [36m<div[39m
                    [33mclass[39m=[32m"flex-1"[39m
                  [36m>[39m
                    [36m<h2[39m
                      [33mclass[39m=[32m"text-2xl font-semibold"[39m
                    [36m>[39m
                      [0mJohn[0m
                      [0m [0m
                      [0mDoe[0m
                    [36m</h2>[39m
                    [36m<p[39m
                      [33mclass[39m=[32m"text-muted-foreground"[39m
                    [36m>[39m
                      [0mjohn.doe@example.com[0m
                    [36m</p>[39m
                    [36m<p[39m
                      [33mclass[39m=[32m"text-muted-foreground"[39m
                    [36m>[39m
                      [0m+1234567890[0m
                    [36m</p>[39m
                    [36m<div[39m
                      [33mclass[39m=[32m"hidden"[39m
                    [36m>[39m
                      [36m<div>[39m
                        [36m<span>[39m
                          [0mJane Doe[0m
                        [36m</span>[39m
                        [36m<span>[39m
                          [0mspouse[0m
                        [36m</span>[39m
                        [36m<span>[39m
                          [0m+0987654321[0m
                        [36m</span>[39m
                      [36m</div>[39m
                      [36m<span>[39m
                        [0mmorning[0m
                      [36m</span>[39m
                      [36m<span>[39m
                        [0mNo Preference[0m
                      [36m</span>[39m
                      [36m<span>[39m
                        [0mEnglish[0m
                      [36m</span>[39m
                      [36m<span>[39m
                        [0mSpanish[0m
                      [36m</span>[39m
                      [36m<span>[39m
                        [0mintermediate[0m
                      [36m</span>[39m
                    [36m</div>[39m
                  [36m</div>[39m
                [36m</div>[39m
              [36m</div>[39m
            [36m</div>[39m
            [36m<div[39m
              [33maria-live[39m=[32m"polite"[39m
              [33mclass[39m=[32m"sr-only"[39m
            [36m>[39m
              [36m<div[39m
                [33maria-checked[39m=[32m"true"[39m
                [33maria-label[39m=[32m"Email notifications display"[39m
                [33mrole[39m=[32m"switch"[39m
              [36m/>[39m
              [36m<div[39m
                [33maria-checked[39m=[32m"false"[39m
                [33maria-label[39m=[32m"SMS notifications display"[39m
                [33mrole[39m=[32m"switch"[39m
              [36m/>[39m
              [36m<button[39m
                [33maria-label[39m=[32m"Add Emergency Contact"[39m
              [36m>[39m
                [0mAdd Emergency Contact[0m
              [36m</button>[39m
              [36m<div>[39m
                [36m<button[39m
                  [33maria-label[39m=[32m"Edit Contact"[39m
                [36m>[39m
                  [0mEdit Contact[0m
                [36m</button>[39m
                [36m<button[39m
                  [33maria-label[39m=[32m"Delete Contact"[39m
                [36m>[39m
                  [0mDelete Contact[0m
                [36m</button>[39m
              [36m</div>[39m
            [36m</div>[39m
       ...

      578 |       });
      579 |
    > 580 |       const emailToggle = screen.getByRole('switch', { name: /email notifications/i });
          |                                  ^
      581 |       fireEvent.click(emailToggle);
      582 |
      583 |       fireEvent.click(screen.getByRole('button', { name: /save changes/i }));

      at Object.getElementError (node_modules/.pnpm/@testing-library+dom@10.4.0/node_modules/@testing-library/dom/dist/config.js:37:19)
      at getElementError (node_modules/.pnpm/@testing-library+dom@10.4.0/node_modules/@testing-library/dom/dist/query-helpers.js:20:35)
      at getMultipleElementsFoundError (node_modules/.pnpm/@testing-library+dom@10.4.0/node_modules/@testing-library/dom/dist/query-helpers.js:23:10)
      at node_modules/.pnpm/@testing-library+dom@10.4.0/node_modules/@testing-library/dom/dist/query-helpers.js:55:13
      at node_modules/.pnpm/@testing-library+dom@10.4.0/node_modules/@testing-library/dom/dist/query-helpers.js:95:19
      at Object.getByRole (src/components/student/__tests__/StudentProfileManagement.test.tsx:580:34)

  ● StudentProfileManagement › Notification Settings › should toggle SMS notifications

    TestingLibraryElementError: Found multiple elements with the role "switch" and name `/sms notifications/i`

    Here are the matching elements:

    Ignored nodes: comments, script, style
    [36m<div[39m
      [33maria-checked[39m=[32m"false"[39m
      [33maria-label[39m=[32m"SMS notifications display"[39m
      [33mrole[39m=[32m"switch"[39m
    [36m/>[39m

    Ignored nodes: comments, script, style
    [36m<button[39m
      [33maria-checked[39m=[32m"false"[39m
      [33maria-label[39m=[32m"SMS notifications"[39m
      [33mclass[39m=[32m"peer inline-flex h-6 w-11 shrink-0 cursor-pointer items-center rounded-full border-2 border-transparent transition-colors focus-visible:outline-none focus-visible:ring-2 focus-visible:ring-ring focus-visible:ring-offset-2 focus-visible:ring-offset-background disabled:cursor-not-allowed disabled:opacity-50 data-[state=checked]:bg-primary data-[state=unchecked]:bg-input"[39m
      [33mdata-state[39m=[32m"unchecked"[39m
      [33mid[39m=[32m"sms-notifications"[39m
      [33mrole[39m=[32m"switch"[39m
      [33mtype[39m=[32m"button"[39m
      [33mvalue[39m=[32m"on"[39m
    [36m>[39m
      [36m<span[39m
        [33mclass[39m=[32m"pointer-events-none block h-5 w-5 rounded-full bg-background shadow-lg ring-0 transition-transform data-[state=checked]:translate-x-5 data-[state=unchecked]:translate-x-0"[39m
        [33mdata-state[39m=[32m"unchecked"[39m
      [36m/>[39m
    [36m</button>[39m

    (If this is intentional, then use the `*AllBy*` variant of the query (like `queryAllByText`, `getAllByText`, or `findAllByText`)).

    Ignored nodes: comments, script, style
    [36m<body[39m
      [33mstyle[39m=[32m""[39m
    [36m>[39m
      [36m<div>[39m
        [36m<div[39m
          [33mclass[39m=[32m"container mx-auto p-6 max-w-4xl"[39m
        [36m>[39m
          [36m<div[39m
            [33mclass[39m=[32m"space-y-6"[39m
          [36m>[39m
            [36m<div[39m
              [33mclass[39m=[32m"flex items-center justify-between"[39m
            [36m>[39m
              [36m<h1[39m
                [33mclass[39m=[32m"text-3xl font-bold"[39m
              [36m>[39m
                [0mStudent Profile[0m
              [36m</h1>[39m
              [36m<div[39m
                [33mclass[39m=[32m"space-x-2"[39m
              [36m>[39m
                [36m<button[39m
                  [33mclass[39m=[32m"inline-flex items-center justify-center gap-2 whitespace-nowrap rounded-md text-sm font-medium transition-all disabled:pointer-events-none disabled:opacity-50 [&_svg]:pointer-events-none [&_svg:not([class*='size-'])]:size-4 shrink-0 [&_svg]:shrink-0 outline-none focus-visible:border-ring focus-visible:ring-ring/50 focus-visible:ring-[3px] aria-invalid:ring-destructive/20 dark:aria-invalid:ring-destructive/40 aria-invalid:border-destructive border bg-background shadow-xs hover:bg-accent hover:text-accent-foreground dark:bg-input/30 dark:border-input dark:hover:bg-input/50 h-9 px-4 py-2 has-[>svg]:px-3"[39m
                  [33mdata-slot[39m=[32m"button"[39m
                [36m>[39m
                  [0mCancel[0m
                [36m</button>[39m
                [36m<button[39m
                  [33mclass[39m=[32m"inline-flex items-center justify-center gap-2 whitespace-nowrap rounded-md text-sm font-medium transition-all disabled:pointer-events-none disabled:opacity-50 [&_svg]:pointer-events-none [&_svg:not([class*='size-'])]:size-4 shrink-0 [&_svg]:shrink-0 outline-none focus-visible:border-ring focus-visible:ring-ring/50 focus-visible:ring-[3px] aria-invalid:ring-destructive/20 dark:aria-invalid:ring-destructive/40 aria-invalid:border-destructive bg-primary text-primary-foreground shadow-xs hover:bg-primary/90 h-9 px-4 py-2 has-[>svg]:px-3"[39m
                  [33mdata-slot[39m=[32m"button"[39m
                [36m>[39m
                  [0mSave Changes[0m
                [36m</button>[39m
              [36m</div>[39m
            [36m</div>[39m
            [36m<div[39m
              [33mclass[39m=[32m"bg-card text-card-foreground flex flex-col gap-6 rounded-xl border py-6 shadow-sm"[39m
              [33mdata-slot[39m=[32m"card"[39m
            [36m>[39m
              [36m<div[39m
                [33mclass[39m=[32m"px-6 pt-6"[39m
                [33mdata-slot[39m=[32m"card-content"[39m
              [36m>[39m
                [36m<div[39m
                  [33mclass[39m=[32m"flex items-center space-x-4"[39m
                [36m>[39m
                  [36m<div[39m
                    [33mclass[39m=[32m"relative"[39m
                    [33mdata-testid[39m=[32m"profile-photo-container"[39m
                  [36m>[39m
                    [36m<span[39m
                      [33mclass[39m=[32m"relative flex size-8 shrink-0 overflow-hidden rounded-full h-24 w-24"[39m
                      [33mdata-slot[39m=[32m"avatar"[39m
                    [36m>[39m
                      [36m<img[39m
                        [33malt[39m=[32m"Profile photo"[39m
                        [33mclass[39m=[32m"aspect-square size-full object-cover"[39m
                        [33msrc[39m=[32m"https://example.com/photo.jpg"[39m
                      [36m/>[39m
                    [36m</span>[39m
                    [36m<input[39m
                      [33maccept[39m=[32m"image/jpeg,image/png,image/gif"[39m
                      [33maria-label[39m=[32m"Upload photo"[39m
                      [33mclass[39m=[32m"hidden"[39m
                      [33mtype[39m=[32m"file"[39m
                    [36m/>[39m
                  [36m</div>[39m
                  [36m<div[39m
                    [33mclass[39m=[32m"flex-1"[39m
                  [36m>[39m
                    [36m<h2[39m
                      [33mclass[39m=[32m"text-2xl font-semibold"[39m
                    [36m>[39m
                      [0mJohn[0m
                      [0m [0m
                      [0mDoe[0m
                    [36m</h2>[39m
                    [36m<p[39m
                      [33mclass[39m=[32m"text-muted-foreground"[39m
                    [36m>[39m
                      [0mjohn.doe@example.com[0m
                    [36m</p>[39m
                    [36m<p[39m
                      [33mclass[39m=[32m"text-muted-foreground"[39m
                    [36m>[39m
                      [0m+1234567890[0m
                    [36m</p>[39m
                    [36m<div[39m
                      [33mclass[39m=[32m"hidden"[39m
                    [36m>[39m
                      [36m<div>[39m
                        [36m<span>[39m
                          [0mJane Doe[0m
                        [36m</span>[39m
                        [36m<span>[39m
                          [0mspouse[0m
                        [36m</span>[39m
                        [36m<span>[39m
                          [0m+0987654321[0m
                        [36m</span>[39m
                      [36m</div>[39m
                      [36m<span>[39m
                        [0mmorning[0m
                      [36m</span>[39m
                      [36m<span>[39m
                        [0mNo Preference[0m
                      [36m</span>[39m
                      [36m<span>[39m
                        [0mEnglish[0m
                      [36m</span>[39m
                      [36m<span>[39m
                        [0mSpanish[0m
                      [36m</span>[39m
                      [36m<span>[39m
                        [0mintermediate[0m
                      [36m</span>[39m
                    [36m</div>[39m
                  [36m</div>[39m
                [36m</div>[39m
              [36m</div>[39m
            [36m</div>[39m
            [36m<div[39m
              [33maria-live[39m=[32m"polite"[39m
              [33mclass[39m=[32m"sr-only"[39m
            [36m>[39m
              [36m<div[39m
                [33maria-checked[39m=[32m"true"[39m
                [33maria-label[39m=[32m"Email notifications display"[39m
                [33mrole[39m=[32m"switch"[39m
              [36m/>[39m
              [36m<div[39m
                [33maria-checked[39m=[32m"false"[39m
                [33maria-label[39m=[32m"SMS notifications display"[39m
                [33mrole[39m=[32m"switch"[39m
              [36m/>[39m
              [36m<button[39m
                [33maria-label[39m=[32m"Add Emergency Contact"[39m
              [36m>[39m
                [0mAdd Emergency Contact[0m
              [36m</button>[39m
              [36m<div>[39m
                [36m<button[39m
                  [33maria-label[39m=[32m"Edit Contact"[39m
                [36m>[39m
                  [0mEdit Contact[0m
                [36m</button>[39m
                [36m<button[39m
                  [33maria-label[39m=[32m"Delete Contact"[39m
                [36m>[39m
                  [0mDelete Contact[0m
                [36m</button>[39m
              [36m</div>[39m
            [36m</div>[39m
       ...

      601 |       });
      602 |
    > 603 |       const smsToggle = screen.getByRole('switch', { name: /sms notifications/i });
          |                                ^
      604 |       fireEvent.click(smsToggle);
      605 |
      606 |       fireEvent.click(screen.getByRole('button', { name: /save changes/i }));

      at Object.getElementError (node_modules/.pnpm/@testing-library+dom@10.4.0/node_modules/@testing-library/dom/dist/config.js:37:19)
      at getElementError (node_modules/.pnpm/@testing-library+dom@10.4.0/node_modules/@testing-library/dom/dist/query-helpers.js:20:35)
      at getMultipleElementsFoundError (node_modules/.pnpm/@testing-library+dom@10.4.0/node_modules/@testing-library/dom/dist/query-helpers.js:23:10)
      at node_modules/.pnpm/@testing-library+dom@10.4.0/node_modules/@testing-library/dom/dist/query-helpers.js:55:13
      at node_modules/.pnpm/@testing-library+dom@10.4.0/node_modules/@testing-library/dom/dist/query-helpers.js:95:19
      at Object.getByRole (src/components/student/__tests__/StudentProfileManagement.test.tsx:603:32)

  ● StudentProfileManagement › Accessibility › should have proper focus management

    expect(received).toBe(expected) // Object.is equality

    - Expected  -  7
    + Received  + 35

    - <input
    -   aria-describedby=":r13e:-form-item-description"
    + <select
    +   aria-describedby=":r13f:-form-item-description"
        aria-invalid="false"
    -   class="file:text-foreground placeholder:text-muted-foreground selection:bg-primary selection:text-primary-foreground dark:bg-input/30 border-input flex h-9 w-full min-w-0 rounded-md border bg-transparent px-3 py-1 text-base shadow-xs transition-[color,box-shadow] outline-none file:inline-flex file:h-7 file:border-0 file:bg-transparent file:text-sm file:font-medium disabled:pointer-events-none disabled:cursor-not-allowed disabled:opacity-50 md:text-sm focus-visible:border-ring focus-visible:ring-ring/50 focus-visible:ring-[3px] aria-invalid:ring-destructive/20 dark:aria-invalid:ring-destructive/40 aria-invalid:border-destructive"
    -   data-slot="input"
    -   id=":r13e:-form-item"
    -   name="name"
    +   class="flex h-9 w-full rounded-md border border-input bg-transparent px-3 py-1 text-sm shadow-sm transition-colors file:border-0 file:bg-transparent file:text-sm file:font-medium file:text-foreground placeholder:text-muted-foreground focus-visible:outline-none focus-visible:ring-1 focus-visible:ring-ring disabled:cursor-not-allowed disabled:opacity-50"
    +   id="relationship-select"
    + >
    +   <option
          value=""
    - />
    +   >
    +     Select relationship
    +   </option>
    +   <option
    +     value="parent"
    +   >
    +     Parent
    +   </option>
    +   <option
    +     value="spouse"
    +   >
    +     Spouse
    +   </option>
    +   <option
    +     value="sibling"
    +   >
    +     Sibling
    +   </option>
    +   <option
    +     value="friend"
    +   >
    +     Friend
    +   </option>
    +   <option
    +     value="other"
    +   >
    +     Other
    +   </option>
    + </select>

      801 |       const firstInput = within(modal).getByLabelText(/contact name/i);
      802 |       
    > 803 |       expect(document.activeElement).toBe(firstInput);
          |                                      ^
      804 |     });
      805 |   });
      806 |

      at Object.toBe (src/components/student/__tests__/StudentProfileManagement.test.tsx:803:38)

PASS src/components/ui/charts/__tests__/chart-config.test.ts
FAIL src/lib/services/__tests__/crud-service.test.ts
  ● CRUDService › getAll › should fetch all records

    TypeError: _performancemonitor.performanceMonitor.trackQuery is not a function

      91 |     if (cached) return { data: cached, error: null };
      92 |
    > 93 |     return performanceMonitor.trackQuery(
         |                               ^
      94 |       `${this.table}.getAll`,
      95 |       async () => {
      96 |         try {

      at CRUDService.trackQuery [as getAll] (src/lib/services/crud-service.ts:93:31)
      at Object.getAll (src/lib/services/__tests__/crud-service.test.ts:114:36)

  ● CRUDService › getAll › should apply filters

    TypeError: _performancemonitor.performanceMonitor.trackQuery is not a function

      91 |     if (cached) return { data: cached, error: null };
      92 |
    > 93 |     return performanceMonitor.trackQuery(
         |                               ^
      94 |       `${this.table}.getAll`,
      95 |       async () => {
      96 |         try {

      at CRUDService.trackQuery [as getAll] (src/lib/services/crud-service.ts:93:31)
      at Object.getAll (src/lib/services/__tests__/crud-service.test.ts:122:21)

  ● CRUDService › getAll › should apply pagination

    TypeError: _performancemonitor.performanceMonitor.trackQuery is not a function

      91 |     if (cached) return { data: cached, error: null };
      92 |
    > 93 |     return performanceMonitor.trackQuery(
         |                               ^
      94 |       `${this.table}.getAll`,
      95 |       async () => {
      96 |         try {

      at CRUDService.trackQuery [as getAll] (src/lib/services/crud-service.ts:93:31)
      at Object.getAll (src/lib/services/__tests__/crud-service.test.ts:135:21)

  ● CRUDService › getAll › should handle errors

    TypeError: _performancemonitor.performanceMonitor.trackQuery is not a function

      91 |     if (cached) return { data: cached, error: null };
      92 |
    > 93 |     return performanceMonitor.trackQuery(
         |                               ^
      94 |       `${this.table}.getAll`,
      95 |       async () => {
      96 |         try {

      at CRUDService.trackQuery [as getAll] (src/lib/services/crud-service.ts:93:31)
      at Object.getAll (src/lib/services/__tests__/crud-service.test.ts:147:36)

  ● CRUDService › getById › should fetch a single record by ID

    TypeError: _performancemonitor.performanceMonitor.trackQuery is not a function

      138 |     if (cached) return { data: cached, error: null };
      139 |
    > 140 |     return performanceMonitor.trackQuery(
          |                               ^
      141 |       `${this.table}.getById`,
      142 |       async () => {
      143 |         try {

      at CRUDService.trackQuery [as getById] (src/lib/services/crud-service.ts:140:31)
      at Object.getById (src/lib/services/__tests__/crud-service.test.ts:158:36)

  ● CRUDService › getById › should handle not found

    TypeError: _performancemonitor.performanceMonitor.trackQuery is not a function

      138 |     if (cached) return { data: cached, error: null };
      139 |
    > 140 |     return performanceMonitor.trackQuery(
          |                               ^
      141 |       `${this.table}.getById`,
      142 |       async () => {
      143 |         try {

      at CRUDService.trackQuery [as getById] (src/lib/services/crud-service.ts:140:31)
      at Object.getById (src/lib/services/__tests__/crud-service.test.ts:172:36)

  ● CRUDService › create › should create a new record

    TypeError: _performancemonitor.performanceMonitor.trackQuery is not a function

      161 |
      162 |   async create(payload: Partial<T>): Promise<{ data: T | null; error: any }> {
    > 163 |     return performanceMonitor.trackQuery(
          |                               ^
      164 |       `${this.table}.create`,
      165 |       async () => {
      166 |         try {

      at CRUDService.trackQuery [as create] (src/lib/services/crud-service.ts:163:31)
      at Object.create (src/lib/services/__tests__/crud-service.test.ts:193:36)

  ● CRUDService › create › should handle validation errors

    TypeError: _performancemonitor.performanceMonitor.trackQuery is not a function

      161 |
      162 |   async create(payload: Partial<T>): Promise<{ data: T | null; error: any }> {
    > 163 |     return performanceMonitor.trackQuery(
          |                               ^
      164 |       `${this.table}.create`,
      165 |       async () => {
      166 |         try {

      at CRUDService.trackQuery [as create] (src/lib/services/crud-service.ts:163:31)
      at Object.create (src/lib/services/__tests__/crud-service.test.ts:204:36)

  ● CRUDService › update › should update an existing record

    TypeError: _performancemonitor.performanceMonitor.trackQuery is not a function

      183 |
      184 |   async update(id: string | number, payload: Partial<T>): Promise<{ data: T | null; error: any }> {
    > 185 |     return performanceMonitor.trackQuery(
          |                               ^
      186 |       `${this.table}.update`,
      187 |       async () => {
      188 |         try {

      at CRUDService.trackQuery [as update] (src/lib/services/crud-service.ts:185:31)
      at Object.update (src/lib/services/__tests__/crud-service.test.ts:227:36)

  ● CRUDService › caching › should cache results when enabled

    TypeError: _performancemonitor.performanceMonitor.trackQuery is not a function

      91 |     if (cached) return { data: cached, error: null };
      92 |
    > 93 |     return performanceMonitor.trackQuery(
         |                               ^
      94 |       `${this.table}.getAll`,
      95 |       async () => {
      96 |         try {

      at CRUDService.trackQuery [as getAll] (src/lib/services/crud-service.ts:93:31)
      at Object.getAll (src/lib/services/__tests__/crud-service.test.ts:287:43)

  ● CRUDService › caching › should invalidate cache after TTL

    TypeError: _performancemonitor.performanceMonitor.trackQuery is not a function

      91 |     if (cached) return { data: cached, error: null };
      92 |
    > 93 |     return performanceMonitor.trackQuery(
         |                               ^
      94 |       `${this.table}.getAll`,
      95 |       async () => {
      96 |         try {

      at CRUDService.trackQuery [as getAll] (src/lib/services/crud-service.ts:93:31)
      at Object.getAll (src/lib/services/__tests__/crud-service.test.ts:319:27)

  ● CRUDService › caching › should clear cache on mutations

    TypeError: _performancemonitor.performanceMonitor.trackQuery is not a function

      91 |     if (cached) return { data: cached, error: null };
      92 |
    > 93 |     return performanceMonitor.trackQuery(
         |                               ^
      94 |       `${this.table}.getAll`,
      95 |       async () => {
      96 |         try {

      at CRUDService.trackQuery [as getAll] (src/lib/services/crud-service.ts:93:31)
      at Object.getAll (src/lib/services/__tests__/crud-service.test.ts:350:27)

PASS src/lib/services/__tests__/analytics-integration-service.test.ts
  ● Console

    console.error
      Failed to calculate comprehensive analytics: Error: Service unavailable
          at Object.<anonymous> (/Users/invoture/dev.local/hey-peter/src/lib/services/__tests__/analytics-integration-service.test.ts:293:9)
          at Promise.finally.completed (/Users/invoture/dev.local/hey-peter/node_modules/.pnpm/jest-circus@30.0.2/node_modules/jest-circus/build/jestAdapterInit.js:1559:28)
          at new Promise (<anonymous>)
          at callAsyncCircusFn (/Users/invoture/dev.local/hey-peter/node_modules/.pnpm/jest-circus@30.0.2/node_modules/jest-circus/build/jestAdapterInit.js:1499:10)
          at _callCircusTest (/Users/invoture/dev.local/hey-peter/node_modules/.pnpm/jest-circus@30.0.2/node_modules/jest-circus/build/jestAdapterInit.js:1009:40)
          at processTicksAndRejections (node:internal/process/task_queues:95:5)
          at _runTest (/Users/invoture/dev.local/hey-peter/node_modules/.pnpm/jest-circus@30.0.2/node_modules/jest-circus/build/jestAdapterInit.js:949:3)
          at _runTestsForDescribeBlock (/Users/invoture/dev.local/hey-peter/node_modules/.pnpm/jest-circus@30.0.2/node_modules/jest-circus/build/jestAdapterInit.js:839:13)
          at _runTestsForDescribeBlock (/Users/invoture/dev.local/hey-peter/node_modules/.pnpm/jest-circus@30.0.2/node_modules/jest-circus/build/jestAdapterInit.js:829:11)
          at _runTestsForDescribeBlock (/Users/invoture/dev.local/hey-peter/node_modules/.pnpm/jest-circus@30.0.2/node_modules/jest-circus/build/jestAdapterInit.js:829:11)
          at run (/Users/invoture/dev.local/hey-peter/node_modules/.pnpm/jest-circus@30.0.2/node_modules/jest-circus/build/jestAdapterInit.js:757:3)
          at runAndTransformResultsToJestFormat (/Users/invoture/dev.local/hey-peter/node_modules/.pnpm/jest-circus@30.0.2/node_modules/jest-circus/build/jestAdapterInit.js:1920:21)
          at jestAdapter (/Users/invoture/dev.local/hey-peter/node_modules/.pnpm/jest-circus@30.0.2/node_modules/jest-circus/build/runner.js:101:19)
          at runTestInternal (/Users/invoture/dev.local/hey-peter/node_modules/.pnpm/jest-runner@30.0.2/node_modules/jest-runner/build/testWorker.js:272:16)
          at runTest (/Users/invoture/dev.local/hey-peter/node_modules/.pnpm/jest-runner@30.0.2/node_modules/jest-runner/build/testWorker.js:340:7)
          at Object.worker (/Users/invoture/dev.local/hey-peter/node_modules/.pnpm/jest-runner@30.0.2/node_modules/jest-runner/build/testWorker.js:494:12)

      228 |
      229 |     } catch (error) {
    > 230 |       console.error('Failed to calculate comprehensive analytics:', error);
          |               ^
      231 |       throw new Error('Failed to load analytics data');
      232 |     }
      233 |   }

      at AnalyticsIntegrationService.error [as calculateComprehensiveAnalytics] (src/lib/services/analytics-integration-service.ts:230:15)
      at AnalyticsIntegrationService.getComprehensiveAnalytics (src/lib/services/analytics-integration-service.ts:115:23)
      at Object.<anonymous> (src/lib/services/__tests__/analytics-integration-service.test.ts:296:7)

FAIL src/components/admin/attendance/__tests__/ClassAttendanceAnalyticsDashboard.test.tsx
  ● Console

    console.error
      Warning: An update to ClassAttendanceAnalyticsDashboard inside a test was not wrapped in act(...).
      
      When testing, code that causes React state updates should be wrapped into act(...):
      
      act(() => {
        /* fire events that update state */
      });
      /* assert on the output */
      
      This ensures that you're testing the behavior the user would see in the browser. Learn more at https://reactjs.org/link/wrap-tests-with-act
          at classId (/Users/invoture/dev.local/hey-peter/src/components/admin/attendance/ClassAttendanceAnalyticsDashboard.tsx:55:3)

      75 |       );
      76 |       
    > 77 |       setAnalytics(data);
         |       ^
      78 |     } catch (err) {
      79 |       setError(err instanceof Error ? err.message : 'Failed to load analytics');
      80 |     } finally {

      at printWarning (node_modules/.pnpm/react-dom@18.3.1_react@18.3.1/node_modules/react-dom/cjs/react-dom.development.js:86:30)
      at error (node_modules/.pnpm/react-dom@18.3.1_react@18.3.1/node_modules/react-dom/cjs/react-dom.development.js:60:7)
      at warnIfUpdatesNotWrappedWithActDEV (node_modules/.pnpm/react-dom@18.3.1_react@18.3.1/node_modules/react-dom/cjs/react-dom.development.js:27628:9)
      at scheduleUpdateOnFiber (node_modules/.pnpm/react-dom@18.3.1_react@18.3.1/node_modules/react-dom/cjs/react-dom.development.js:25547:5)
      at dispatchSetState (node_modules/.pnpm/react-dom@18.3.1_react@18.3.1/node_modules/react-dom/cjs/react-dom.development.js:16708:7)
      at setAnalytics (src/components/admin/attendance/ClassAttendanceAnalyticsDashboard.tsx:77:7)

    console.error
      Warning: An update to ClassAttendanceAnalyticsDashboard inside a test was not wrapped in act(...).
      
      When testing, code that causes React state updates should be wrapped into act(...):
      
      act(() => {
        /* fire events that update state */
      });
      /* assert on the output */
      
      This ensures that you're testing the behavior the user would see in the browser. Learn more at https://reactjs.org/link/wrap-tests-with-act
          at classId (/Users/invoture/dev.local/hey-peter/src/components/admin/attendance/ClassAttendanceAnalyticsDashboard.tsx:55:3)

      79 |       setError(err instanceof Error ? err.message : 'Failed to load analytics');
      80 |     } finally {
    > 81 |       setLoading(false);
         |       ^
      82 |     }
      83 |   };
      84 |

      at printWarning (node_modules/.pnpm/react-dom@18.3.1_react@18.3.1/node_modules/react-dom/cjs/react-dom.development.js:86:30)
      at error (node_modules/.pnpm/react-dom@18.3.1_react@18.3.1/node_modules/react-dom/cjs/react-dom.development.js:60:7)
      at warnIfUpdatesNotWrappedWithActDEV (node_modules/.pnpm/react-dom@18.3.1_react@18.3.1/node_modules/react-dom/cjs/react-dom.development.js:27628:9)
      at scheduleUpdateOnFiber (node_modules/.pnpm/react-dom@18.3.1_react@18.3.1/node_modules/react-dom/cjs/react-dom.development.js:25547:5)
      at dispatchSetState (node_modules/.pnpm/react-dom@18.3.1_react@18.3.1/node_modules/react-dom/cjs/react-dom.development.js:16708:7)
      at setLoading (src/components/admin/attendance/ClassAttendanceAnalyticsDashboard.tsx:81:7)

    console.error
      Warning: An update to ClassAttendanceAnalyticsDashboard inside a test was not wrapped in act(...).
      
      When testing, code that causes React state updates should be wrapped into act(...):
      
      act(() => {
        /* fire events that update state */
      });
      /* assert on the output */
      
      This ensures that you're testing the behavior the user would see in the browser. Learn more at https://reactjs.org/link/wrap-tests-with-act
          at classId (/Users/invoture/dev.local/hey-peter/src/components/admin/attendance/ClassAttendanceAnalyticsDashboard.tsx:55:3)

      75 |       );
      76 |       
    > 77 |       setAnalytics(data);
         |       ^
      78 |     } catch (err) {
      79 |       setError(err instanceof Error ? err.message : 'Failed to load analytics');
      80 |     } finally {

      at printWarning (node_modules/.pnpm/react-dom@18.3.1_react@18.3.1/node_modules/react-dom/cjs/react-dom.development.js:86:30)
      at error (node_modules/.pnpm/react-dom@18.3.1_react@18.3.1/node_modules/react-dom/cjs/react-dom.development.js:60:7)
      at warnIfUpdatesNotWrappedWithActDEV (node_modules/.pnpm/react-dom@18.3.1_react@18.3.1/node_modules/react-dom/cjs/react-dom.development.js:27628:9)
      at scheduleUpdateOnFiber (node_modules/.pnpm/react-dom@18.3.1_react@18.3.1/node_modules/react-dom/cjs/react-dom.development.js:25547:5)
      at dispatchSetState (node_modules/.pnpm/react-dom@18.3.1_react@18.3.1/node_modules/react-dom/cjs/react-dom.development.js:16708:7)
      at setAnalytics (src/components/admin/attendance/ClassAttendanceAnalyticsDashboard.tsx:77:7)

    console.error
      Warning: An update to ClassAttendanceAnalyticsDashboard inside a test was not wrapped in act(...).
      
      When testing, code that causes React state updates should be wrapped into act(...):
      
      act(() => {
        /* fire events that update state */
      });
      /* assert on the output */
      
      This ensures that you're testing the behavior the user would see in the browser. Learn more at https://reactjs.org/link/wrap-tests-with-act
          at classId (/Users/invoture/dev.local/hey-peter/src/components/admin/attendance/ClassAttendanceAnalyticsDashboard.tsx:55:3)

      79 |       setError(err instanceof Error ? err.message : 'Failed to load analytics');
      80 |     } finally {
    > 81 |       setLoading(false);
         |       ^
      82 |     }
      83 |   };
      84 |

      at printWarning (node_modules/.pnpm/react-dom@18.3.1_react@18.3.1/node_modules/react-dom/cjs/react-dom.development.js:86:30)
      at error (node_modules/.pnpm/react-dom@18.3.1_react@18.3.1/node_modules/react-dom/cjs/react-dom.development.js:60:7)
      at warnIfUpdatesNotWrappedWithActDEV (node_modules/.pnpm/react-dom@18.3.1_react@18.3.1/node_modules/react-dom/cjs/react-dom.development.js:27628:9)
      at scheduleUpdateOnFiber (node_modules/.pnpm/react-dom@18.3.1_react@18.3.1/node_modules/react-dom/cjs/react-dom.development.js:25547:5)
      at dispatchSetState (node_modules/.pnpm/react-dom@18.3.1_react@18.3.1/node_modules/react-dom/cjs/react-dom.development.js:16708:7)
      at setLoading (src/components/admin/attendance/ClassAttendanceAnalyticsDashboard.tsx:81:7)

    console.error
      Warning: An update to ClassAttendanceAnalyticsDashboard inside a test was not wrapped in act(...).
      
      When testing, code that causes React state updates should be wrapped into act(...):
      
      act(() => {
        /* fire events that update state */
      });
      /* assert on the output */
      
      This ensures that you're testing the behavior the user would see in the browser. Learn more at https://reactjs.org/link/wrap-tests-with-act
          at classId (/Users/invoture/dev.local/hey-peter/src/components/admin/attendance/ClassAttendanceAnalyticsDashboard.tsx:55:3)

      75 |       );
      76 |       
    > 77 |       setAnalytics(data);
         |       ^
      78 |     } catch (err) {
      79 |       setError(err instanceof Error ? err.message : 'Failed to load analytics');
      80 |     } finally {

      at printWarning (node_modules/.pnpm/react-dom@18.3.1_react@18.3.1/node_modules/react-dom/cjs/react-dom.development.js:86:30)
      at error (node_modules/.pnpm/react-dom@18.3.1_react@18.3.1/node_modules/react-dom/cjs/react-dom.development.js:60:7)
      at warnIfUpdatesNotWrappedWithActDEV (node_modules/.pnpm/react-dom@18.3.1_react@18.3.1/node_modules/react-dom/cjs/react-dom.development.js:27628:9)
      at scheduleUpdateOnFiber (node_modules/.pnpm/react-dom@18.3.1_react@18.3.1/node_modules/react-dom/cjs/react-dom.development.js:25547:5)
      at dispatchSetState (node_modules/.pnpm/react-dom@18.3.1_react@18.3.1/node_modules/react-dom/cjs/react-dom.development.js:16708:7)
      at setAnalytics (src/components/admin/attendance/ClassAttendanceAnalyticsDashboard.tsx:77:7)

    console.error
      Warning: An update to ClassAttendanceAnalyticsDashboard inside a test was not wrapped in act(...).
      
      When testing, code that causes React state updates should be wrapped into act(...):
      
      act(() => {
        /* fire events that update state */
      });
      /* assert on the output */
      
      This ensures that you're testing the behavior the user would see in the browser. Learn more at https://reactjs.org/link/wrap-tests-with-act
          at classId (/Users/invoture/dev.local/hey-peter/src/components/admin/attendance/ClassAttendanceAnalyticsDashboard.tsx:55:3)

      79 |       setError(err instanceof Error ? err.message : 'Failed to load analytics');
      80 |     } finally {
    > 81 |       setLoading(false);
         |       ^
      82 |     }
      83 |   };
      84 |

      at printWarning (node_modules/.pnpm/react-dom@18.3.1_react@18.3.1/node_modules/react-dom/cjs/react-dom.development.js:86:30)
      at error (node_modules/.pnpm/react-dom@18.3.1_react@18.3.1/node_modules/react-dom/cjs/react-dom.development.js:60:7)
      at warnIfUpdatesNotWrappedWithActDEV (node_modules/.pnpm/react-dom@18.3.1_react@18.3.1/node_modules/react-dom/cjs/react-dom.development.js:27628:9)
      at scheduleUpdateOnFiber (node_modules/.pnpm/react-dom@18.3.1_react@18.3.1/node_modules/react-dom/cjs/react-dom.development.js:25547:5)
      at dispatchSetState (node_modules/.pnpm/react-dom@18.3.1_react@18.3.1/node_modules/react-dom/cjs/react-dom.development.js:16708:7)
      at setLoading (src/components/admin/attendance/ClassAttendanceAnalyticsDashboard.tsx:81:7)

    console.error
      Warning: An update to ClassAttendanceAnalyticsDashboard inside a test was not wrapped in act(...).
      
      When testing, code that causes React state updates should be wrapped into act(...):
      
      act(() => {
        /* fire events that update state */
      });
      /* assert on the output */
      
      This ensures that you're testing the behavior the user would see in the browser. Learn more at https://reactjs.org/link/wrap-tests-with-act
          at classId (/Users/invoture/dev.local/hey-peter/src/components/admin/attendance/ClassAttendanceAnalyticsDashboard.tsx:55:3)

      75 |       );
      76 |       
    > 77 |       setAnalytics(data);
         |       ^
      78 |     } catch (err) {
      79 |       setError(err instanceof Error ? err.message : 'Failed to load analytics');
      80 |     } finally {

      at printWarning (node_modules/.pnpm/react-dom@18.3.1_react@18.3.1/node_modules/react-dom/cjs/react-dom.development.js:86:30)
      at error (node_modules/.pnpm/react-dom@18.3.1_react@18.3.1/node_modules/react-dom/cjs/react-dom.development.js:60:7)
      at warnIfUpdatesNotWrappedWithActDEV (node_modules/.pnpm/react-dom@18.3.1_react@18.3.1/node_modules/react-dom/cjs/react-dom.development.js:27628:9)
      at scheduleUpdateOnFiber (node_modules/.pnpm/react-dom@18.3.1_react@18.3.1/node_modules/react-dom/cjs/react-dom.development.js:25547:5)
      at dispatchSetState (node_modules/.pnpm/react-dom@18.3.1_react@18.3.1/node_modules/react-dom/cjs/react-dom.development.js:16708:7)
      at setAnalytics (src/components/admin/attendance/ClassAttendanceAnalyticsDashboard.tsx:77:7)

    console.error
      Warning: An update to ClassAttendanceAnalyticsDashboard inside a test was not wrapped in act(...).
      
      When testing, code that causes React state updates should be wrapped into act(...):
      
      act(() => {
        /* fire events that update state */
      });
      /* assert on the output */
      
      This ensures that you're testing the behavior the user would see in the browser. Learn more at https://reactjs.org/link/wrap-tests-with-act
          at classId (/Users/invoture/dev.local/hey-peter/src/components/admin/attendance/ClassAttendanceAnalyticsDashboard.tsx:55:3)

      79 |       setError(err instanceof Error ? err.message : 'Failed to load analytics');
      80 |     } finally {
    > 81 |       setLoading(false);
         |       ^
      82 |     }
      83 |   };
      84 |

      at printWarning (node_modules/.pnpm/react-dom@18.3.1_react@18.3.1/node_modules/react-dom/cjs/react-dom.development.js:86:30)
      at error (node_modules/.pnpm/react-dom@18.3.1_react@18.3.1/node_modules/react-dom/cjs/react-dom.development.js:60:7)
      at warnIfUpdatesNotWrappedWithActDEV (node_modules/.pnpm/react-dom@18.3.1_react@18.3.1/node_modules/react-dom/cjs/react-dom.development.js:27628:9)
      at scheduleUpdateOnFiber (node_modules/.pnpm/react-dom@18.3.1_react@18.3.1/node_modules/react-dom/cjs/react-dom.development.js:25547:5)
      at dispatchSetState (node_modules/.pnpm/react-dom@18.3.1_react@18.3.1/node_modules/react-dom/cjs/react-dom.development.js:16708:7)
      at setLoading (src/components/admin/attendance/ClassAttendanceAnalyticsDashboard.tsx:81:7)

    console.error
      Warning: An update to ClassAttendanceAnalyticsDashboard inside a test was not wrapped in act(...).
      
      When testing, code that causes React state updates should be wrapped into act(...):
      
      act(() => {
        /* fire events that update state */
      });
      /* assert on the output */
      
      This ensures that you're testing the behavior the user would see in the browser. Learn more at https://reactjs.org/link/wrap-tests-with-act
          at classId (/Users/invoture/dev.local/hey-peter/src/components/admin/attendance/ClassAttendanceAnalyticsDashboard.tsx:55:3)

      75 |       );
      76 |       
    > 77 |       setAnalytics(data);
         |       ^
      78 |     } catch (err) {
      79 |       setError(err instanceof Error ? err.message : 'Failed to load analytics');
      80 |     } finally {

      at printWarning (node_modules/.pnpm/react-dom@18.3.1_react@18.3.1/node_modules/react-dom/cjs/react-dom.development.js:86:30)
      at error (node_modules/.pnpm/react-dom@18.3.1_react@18.3.1/node_modules/react-dom/cjs/react-dom.development.js:60:7)
      at warnIfUpdatesNotWrappedWithActDEV (node_modules/.pnpm/react-dom@18.3.1_react@18.3.1/node_modules/react-dom/cjs/react-dom.development.js:27628:9)
      at scheduleUpdateOnFiber (node_modules/.pnpm/react-dom@18.3.1_react@18.3.1/node_modules/react-dom/cjs/react-dom.development.js:25547:5)
      at dispatchSetState (node_modules/.pnpm/react-dom@18.3.1_react@18.3.1/node_modules/react-dom/cjs/react-dom.development.js:16708:7)
      at setAnalytics (src/components/admin/attendance/ClassAttendanceAnalyticsDashboard.tsx:77:7)

    console.error
      Warning: An update to ClassAttendanceAnalyticsDashboard inside a test was not wrapped in act(...).
      
      When testing, code that causes React state updates should be wrapped into act(...):
      
      act(() => {
        /* fire events that update state */
      });
      /* assert on the output */
      
      This ensures that you're testing the behavior the user would see in the browser. Learn more at https://reactjs.org/link/wrap-tests-with-act
          at classId (/Users/invoture/dev.local/hey-peter/src/components/admin/attendance/ClassAttendanceAnalyticsDashboard.tsx:55:3)

      79 |       setError(err instanceof Error ? err.message : 'Failed to load analytics');
      80 |     } finally {
    > 81 |       setLoading(false);
         |       ^
      82 |     }
      83 |   };
      84 |

      at printWarning (node_modules/.pnpm/react-dom@18.3.1_react@18.3.1/node_modules/react-dom/cjs/react-dom.development.js:86:30)
      at error (node_modules/.pnpm/react-dom@18.3.1_react@18.3.1/node_modules/react-dom/cjs/react-dom.development.js:60:7)
      at warnIfUpdatesNotWrappedWithActDEV (node_modules/.pnpm/react-dom@18.3.1_react@18.3.1/node_modules/react-dom/cjs/react-dom.development.js:27628:9)
      at scheduleUpdateOnFiber (node_modules/.pnpm/react-dom@18.3.1_react@18.3.1/node_modules/react-dom/cjs/react-dom.development.js:25547:5)
      at dispatchSetState (node_modules/.pnpm/react-dom@18.3.1_react@18.3.1/node_modules/react-dom/cjs/react-dom.development.js:16708:7)
      at setLoading (src/components/admin/attendance/ClassAttendanceAnalyticsDashboard.tsx:81:7)

    console.error
      Warning: An update to ClassAttendanceAnalyticsDashboard inside a test was not wrapped in act(...).
      
      When testing, code that causes React state updates should be wrapped into act(...):
      
      act(() => {
        /* fire events that update state */
      });
      /* assert on the output */
      
      This ensures that you're testing the behavior the user would see in the browser. Learn more at https://reactjs.org/link/wrap-tests-with-act
          at classId (/Users/invoture/dev.local/hey-peter/src/components/admin/attendance/ClassAttendanceAnalyticsDashboard.tsx:55:3)

      75 |       );
      76 |       
    > 77 |       setAnalytics(data);
         |       ^
      78 |     } catch (err) {
      79 |       setError(err instanceof Error ? err.message : 'Failed to load analytics');
      80 |     } finally {

      at printWarning (node_modules/.pnpm/react-dom@18.3.1_react@18.3.1/node_modules/react-dom/cjs/react-dom.development.js:86:30)
      at error (node_modules/.pnpm/react-dom@18.3.1_react@18.3.1/node_modules/react-dom/cjs/react-dom.development.js:60:7)
      at warnIfUpdatesNotWrappedWithActDEV (node_modules/.pnpm/react-dom@18.3.1_react@18.3.1/node_modules/react-dom/cjs/react-dom.development.js:27628:9)
      at scheduleUpdateOnFiber (node_modules/.pnpm/react-dom@18.3.1_react@18.3.1/node_modules/react-dom/cjs/react-dom.development.js:25547:5)
      at dispatchSetState (node_modules/.pnpm/react-dom@18.3.1_react@18.3.1/node_modules/react-dom/cjs/react-dom.development.js:16708:7)
      at setAnalytics (src/components/admin/attendance/ClassAttendanceAnalyticsDashboard.tsx:77:7)

    console.error
      Warning: An update to ClassAttendanceAnalyticsDashboard inside a test was not wrapped in act(...).
      
      When testing, code that causes React state updates should be wrapped into act(...):
      
      act(() => {
        /* fire events that update state */
      });
      /* assert on the output */
      
      This ensures that you're testing the behavior the user would see in the browser. Learn more at https://reactjs.org/link/wrap-tests-with-act
          at classId (/Users/invoture/dev.local/hey-peter/src/components/admin/attendance/ClassAttendanceAnalyticsDashboard.tsx:55:3)

      79 |       setError(err instanceof Error ? err.message : 'Failed to load analytics');
      80 |     } finally {
    > 81 |       setLoading(false);
         |       ^
      82 |     }
      83 |   };
      84 |

      at printWarning (node_modules/.pnpm/react-dom@18.3.1_react@18.3.1/node_modules/react-dom/cjs/react-dom.development.js:86:30)
      at error (node_modules/.pnpm/react-dom@18.3.1_react@18.3.1/node_modules/react-dom/cjs/react-dom.development.js:60:7)
      at warnIfUpdatesNotWrappedWithActDEV (node_modules/.pnpm/react-dom@18.3.1_react@18.3.1/node_modules/react-dom/cjs/react-dom.development.js:27628:9)
      at scheduleUpdateOnFiber (node_modules/.pnpm/react-dom@18.3.1_react@18.3.1/node_modules/react-dom/cjs/react-dom.development.js:25547:5)
      at dispatchSetState (node_modules/.pnpm/react-dom@18.3.1_react@18.3.1/node_modules/react-dom/cjs/react-dom.development.js:16708:7)
      at setLoading (src/components/admin/attendance/ClassAttendanceAnalyticsDashboard.tsx:81:7)

  ● ClassAttendanceAnalyticsDashboard › switches between tabs correctly

    Unable to find an element with the text: Attendance Trends Over Time. This could be because the text is broken up by multiple elements. In this case, you can provide a function for your text matcher to make your matcher more flexible.

    Ignored nodes: comments, script, style
    [36m<body>[39m
      [36m<div>[39m
        [36m<div[39m
          [33mclass[39m=[32m"space-y-6"[39m
        [36m>[39m
          [36m<div[39m
            [33mclass[39m=[32m"flex items-center justify-between"[39m
          [36m>[39m
            [36m<div[39m
              [33mclass[39m=[32m"space-y-1"[39m
            [36m>[39m
              [36m<h2[39m
                [33mclass[39m=[32m"text-2xl font-bold tracking-tight"[39m
              [36m>[39m
                [0mEnglish Basic A1[0m
                [0m - Attendance Analytics[0m
              [36m</h2>[39m
              [36m<p[39m
                [33mclass[39m=[32m"text-muted-foreground"[39m
              [36m>[39m
                [0mBasic[0m
                [0m • Last updated [0m
                [0mJan 15, 2024 18:00[0m
              [36m</p>[39m
            [36m</div>[39m
            [36m<div[39m
              [33mclass[39m=[32m"flex items-center gap-2"[39m
            [36m>[39m
              [36m<button[39m
                [33maria-autocomplete[39m=[32m"none"[39m
                [33maria-controls[39m=[32m"radix-:ru:"[39m
                [33maria-expanded[39m=[32m"false"[39m
                [33mclass[39m=[32m"flex h-9 items-center justify-between rounded-md border border-input bg-transparent px-3 py-2 text-sm ring-offset-background placeholder:text-muted-foreground focus:outline-none focus:ring-2 focus:ring-ring focus:ring-offset-2 disabled:cursor-not-allowed disabled:opacity-50 [&>span]:line-clamp-1 w-[140px]"[39m
                [33mdata-state[39m=[32m"closed"[39m
                [33mdir[39m=[32m"ltr"[39m
                [33mrole[39m=[32m"combobox"[39m
                [33mtype[39m=[32m"button"[39m
              [36m>[39m
                [36m<span[39m
                  [33mstyle[39m=[32m"pointer-events: none;"[39m
                [36m>[39m
                  [0mLast 90 days[0m
                [36m</span>[39m
                [36m<svg[39m
                  [33maria-hidden[39m=[32m"true"[39m
                  [33mclass[39m=[32m"lucide lucide-chevron-down h-4 w-4 opacity-50"[39m
                  [33mfill[39m=[32m"none"[39m
                  [33mheight[39m=[32m"24"[39m
                  [33mstroke[39m=[32m"currentColor"[39m
                  [33mstroke-linecap[39m=[32m"round"[39m
                  [33mstroke-linejoin[39m=[32m"round"[39m
                  [33mstroke-width[39m=[32m"2"[39m
                  [33mviewBox[39m=[32m"0 0 24 24"[39m
                  [33mwidth[39m=[32m"24"[39m
                  [33mxmlns[39m=[32m"http://www.w3.org/2000/svg"[39m
                [36m>[39m
                  [36m<path[39m
                    [33md[39m=[32m"m6 9 6 6 6-6"[39m
                  [36m/>[39m
                [36m</svg>[39m
              [36m</button>[39m
              [36m<button[39m
                [33mclass[39m=[32m"inline-flex items-center justify-center whitespace-nowrap text-sm font-medium transition-all disabled:pointer-events-none disabled:opacity-50 [&_svg]:pointer-events-none [&_svg:not([class*='size-'])]:size-4 shrink-0 [&_svg]:shrink-0 outline-none focus-visible:border-ring focus-visible:ring-ring/50 focus-visible:ring-[3px] aria-invalid:ring-destructive/20 dark:aria-invalid:ring-destructive/40 aria-invalid:border-destructive border bg-background shadow-xs hover:bg-accent hover:text-accent-foreground dark:bg-input/30 dark:border-input dark:hover:bg-input/50 h-8 rounded-md gap-1.5 px-3 has-[>svg]:px-2.5"[39m
                [33mdata-slot[39m=[32m"button"[39m
              [36m>[39m
                [36m<svg[39m
                  [33maria-hidden[39m=[32m"true"[39m
                  [33mclass[39m=[32m"lucide lucide-refresh-cw h-4 w-4"[39m
                  [33mfill[39m=[32m"none"[39m
                  [33mheight[39m=[32m"24"[39m
                  [33mstroke[39m=[32m"currentColor"[39m
                  [33mstroke-linecap[39m=[32m"round"[39m
                  [33mstroke-linejoin[39m=[32m"round"[39m
                  [33mstroke-width[39m=[32m"2"[39m
                  [33mviewBox[39m=[32m"0 0 24 24"[39m
                  [33mwidth[39m=[32m"24"[39m
                  [33mxmlns[39m=[32m"http://www.w3.org/2000/svg"[39m
                [36m>[39m
                  [36m<path[39m
                    [33md[39m=[32m"M3 12a9 9 0 0 1 9-9 9.75 9.75 0 0 1 6.74 2.74L21 8"[39m
                  [36m/>[39m
                  [36m<path[39m
                    [33md[39m=[32m"M21 3v5h-5"[39m
                  [36m/>[39m
                  [36m<path[39m
                    [33md[39m=[32m"M21 12a9 9 0 0 1-9 9 9.75 9.75 0 0 1-6.74-2.74L3 16"[39m
                  [36m/>[39m
                  [36m<path[39m
                    [33md[39m=[32m"M8 16H3v5"[39m
                  [36m/>[39m
                [36m</svg>[39m
              [36m</button>[39m
              [36m<button[39m
                [33mclass[39m=[32m"inline-flex items-center justify-center whitespace-nowrap text-sm font-medium transition-all disabled:pointer-events-none disabled:opacity-50 [&_svg]:pointer-events-none [&_svg:not([class*='size-'])]:size-4 shrink-0 [&_svg]:shrink-0 outline-none focus-visible:border-ring focus-visible:ring-ring/50 focus-visible:ring-[3px] aria-invalid:ring-destructive/20 dark:aria-invalid:ring-destructive/40 aria-invalid:border-destructive border bg-background shadow-xs hover:bg-accent hover:text-accent-foreground dark:bg-input/30 dark:border-input dark:hover:bg-input/50 h-8 rounded-md gap-1.5 px-3 has-[>svg]:px-2.5"[39m
                [33mdata-slot[39m=[32m"button"[39m
              [36m>[39m
                [36m<svg[39m
                  [33maria-hidden[39m=[32m"true"[39m
                  [33mclass[39m=[32m"lucide lucide-download h-4 w-4"[39m
                  [33mfill[39m=[32m"none"[39m
                  [33mheight[39m=[32m"24"[39m
                  [33mstroke[39m=[32m"currentColor"[39m
                  [33mstroke-linecap[39m=[32m"round"[39m
                  [33mstroke-linejoin[39m=[32m"round"[39m
                  [33mstroke-width[39m=[32m"2"[39m
                  [33mviewBox[39m=[32m"0 0 24 24"[39m
                  [33mwidth[39m=[32m"24"[39m
                  [33mxmlns[39m=[32m"http://www.w3.org/2000/svg"[39m
                [36m>[39m
                  [36m<path[39m
                    [33md[39m=[32m"M12 15V3"[39m
                  [36m/>[39m
                  [36m<path[39m
                    [33md[39m=[32m"M21 15v4a2 2 0 0 1-2 2H5a2 2 0 0 1-2-2v-4"[39m
                  [36m/>[39m
                  [36m<path[39m
                    [33md[39m=[32m"m7 10 5 5 5-5"[39m
                  [36m/>[39m
                [36m</svg>[39m
              [36m</button>[39m
            [36m</div>[39m
          [36m</div>[39m
          [36m<div[39m
            [33mclass[39m=[32m"grid gap-4 md:grid-cols-2 lg:grid-cols-4"[39m
          [36m>[39m
            [36m<div[39m
              [33mclass[39m=[32m"bg-card text-card-foreground flex flex-col gap-6 rounded-xl border py-6 shadow-sm"[39m
              [33mdata-slot[39m=[32m"card"[39m
            [36m>[39m
              [36m<div[39m
                [33mclass[39m=[32m"p-6"[39m
                [33mdata-slot[39m=[32m"card-content"[39m
              [36...

      226 |     fireEvent.click(screen.getByText('Trends'));
      227 |
    > 228 |     await waitFor(() => {
          |                  ^
      229 |       expect(screen.getByText('Attendance Trends Over Time')).toBeInTheDocument();
      230 |     });
      231 |

      at waitForWrapper (node_modules/.pnpm/@testing-library+dom@10.4.0/node_modules/@testing-library/dom/dist/wait-for.js:163:27)
      at Object.<anonymous> (src/components/admin/attendance/__tests__/ClassAttendanceAnalyticsDashboard.test.tsx:228:18)

  ● ClassAttendanceAnalyticsDashboard › displays trends with correct trend indicators

    TestingLibraryElementError: Unable to find an element with the text: Trends. This could be because the text is broken up by multiple elements. In this case, you can provide a function for your text matcher to make your matcher more flexible.

    Ignored nodes: comments, script, style
    [36m<body>[39m
      [36m<div>[39m
        [36m<div[39m
          [33mclass[39m=[32m"space-y-6"[39m
        [36m>[39m
          [36m<div[39m
            [33mclass[39m=[32m"flex items-center justify-between"[39m
          [36m>[39m
            [36m<div[39m
              [33mclass[39m=[32m"space-y-2"[39m
            [36m>[39m
              [36m<div[39m
                [33mclass[39m=[32m"h-6 w-48 bg-muted animate-pulse rounded"[39m
              [36m/>[39m
              [36m<div[39m
                [33mclass[39m=[32m"h-4 w-32 bg-muted animate-pulse rounded"[39m
              [36m/>[39m
            [36m</div>[39m
          [36m</div>[39m
          [36m<div[39m
            [33mclass[39m=[32m"grid gap-4 md:grid-cols-2 lg:grid-cols-4"[39m
          [36m>[39m
            [36m<div[39m
              [33mclass[39m=[32m"bg-card text-card-foreground flex flex-col gap-6 rounded-xl border py-6 shadow-sm"[39m
              [33mdata-slot[39m=[32m"card"[39m
            [36m>[39m
              [36m<div[39m
                [33mclass[39m=[32m"p-6"[39m
                [33mdata-slot[39m=[32m"card-content"[39m
              [36m>[39m
                [36m<div[39m
                  [33mclass[39m=[32m"space-y-2"[39m
                [36m>[39m
                  [36m<div[39m
                    [33mclass[39m=[32m"h-4 w-24 bg-muted animate-pulse rounded"[39m
                  [36m/>[39m
                  [36m<div[39m
                    [33mclass[39m=[32m"h-8 w-16 bg-muted animate-pulse rounded"[39m
                  [36m/>[39m
                [36m</div>[39m
              [36m</div>[39m
            [36m</div>[39m
            [36m<div[39m
              [33mclass[39m=[32m"bg-card text-card-foreground flex flex-col gap-6 rounded-xl border py-6 shadow-sm"[39m
              [33mdata-slot[39m=[32m"card"[39m
            [36m>[39m
              [36m<div[39m
                [33mclass[39m=[32m"p-6"[39m
                [33mdata-slot[39m=[32m"card-content"[39m
              [36m>[39m
                [36m<div[39m
                  [33mclass[39m=[32m"space-y-2"[39m
                [36m>[39m
                  [36m<div[39m
                    [33mclass[39m=[32m"h-4 w-24 bg-muted animate-pulse rounded"[39m
                  [36m/>[39m
                  [36m<div[39m
                    [33mclass[39m=[32m"h-8 w-16 bg-muted animate-pulse rounded"[39m
                  [36m/>[39m
                [36m</div>[39m
              [36m</div>[39m
            [36m</div>[39m
            [36m<div[39m
              [33mclass[39m=[32m"bg-card text-card-foreground flex flex-col gap-6 rounded-xl border py-6 shadow-sm"[39m
              [33mdata-slot[39m=[32m"card"[39m
            [36m>[39m
              [36m<div[39m
                [33mclass[39m=[32m"p-6"[39m
                [33mdata-slot[39m=[32m"card-content"[39m
              [36m>[39m
                [36m<div[39m
                  [33mclass[39m=[32m"space-y-2"[39m
                [36m>[39m
                  [36m<div[39m
                    [33mclass[39m=[32m"h-4 w-24 bg-muted animate-pulse rounded"[39m
                  [36m/>[39m
                  [36m<div[39m
                    [33mclass[39m=[32m"h-8 w-16 bg-muted animate-pulse rounded"[39m
                  [36m/>[39m
                [36m</div>[39m
              [36m</div>[39m
            [36m</div>[39m
            [36m<div[39m
              [33mclass[39m=[32m"bg-card text-card-foreground flex flex-col gap-6 rounded-xl border py-6 shadow-sm"[39m
              [33mdata-slot[39m=[32m"card"[39m
            [36m>[39m
              [36m<div[39m
                [33mclass[39m=[32m"p-6"[39m
                [33mdata-slot[39m=[32m"card-content"[39m
              [36m>[39m
                [36m<div[39m
                  [33mclass[39m=[32m"space-y-2"[39m
                [36m>[39m
                  [36m<div[39m
                    [33mclass[39m=[32m"h-4 w-24 bg-muted animate-pulse rounded"[39m
                  [36m/>[39m
                  [36m<div[39m
                    [33mclass[39m=[32m"h-8 w-16 bg-muted animate-pulse rounded"[39m
                  [36m/>[39m
                [36m</div>[39m
              [36m</div>[39m
            [36m</div>[39m
          [36m</div>[39m
        [36m</div>[39m
      [36m</div>[39m
    [36m</body>[39m

      242 |     render(<ClassAttendanceAnalyticsDashboard classId="class-1" />);
      243 |
    > 244 |     fireEvent.click(screen.getByText('Trends'));
          |                            ^
      245 |
      246 |     await waitFor(() => {
      247 |       expect(screen.getByText('Attendance Rate')).toBeInTheDocument();

      at Object.getElementError (node_modules/.pnpm/@testing-library+dom@10.4.0/node_modules/@testing-library/dom/dist/config.js:37:19)
      at node_modules/.pnpm/@testing-library+dom@10.4.0/node_modules/@testing-library/dom/dist/query-helpers.js:76:38
      at node_modules/.pnpm/@testing-library+dom@10.4.0/node_modules/@testing-library/dom/dist/query-helpers.js:52:17
      at node_modules/.pnpm/@testing-library+dom@10.4.0/node_modules/@testing-library/dom/dist/query-helpers.js:95:19
      at Object.getByText (src/components/admin/attendance/__tests__/ClassAttendanceAnalyticsDashboard.test.tsx:244:28)

  ● ClassAttendanceAnalyticsDashboard › shows predictions with risk levels

    TestingLibraryElementError: Unable to find an element with the text: Predictions. This could be because the text is broken up by multiple elements. In this case, you can provide a function for your text matcher to make your matcher more flexible.

    Ignored nodes: comments, script, style
    [36m<body>[39m
      [36m<div>[39m
        [36m<div[39m
          [33mclass[39m=[32m"space-y-6"[39m
        [36m>[39m
          [36m<div[39m
            [33mclass[39m=[32m"flex items-center justify-between"[39m
          [36m>[39m
            [36m<div[39m
              [33mclass[39m=[32m"space-y-2"[39m
            [36m>[39m
              [36m<div[39m
                [33mclass[39m=[32m"h-6 w-48 bg-muted animate-pulse rounded"[39m
              [36m/>[39m
              [36m<div[39m
                [33mclass[39m=[32m"h-4 w-32 bg-muted animate-pulse rounded"[39m
              [36m/>[39m
            [36m</div>[39m
          [36m</div>[39m
          [36m<div[39m
            [33mclass[39m=[32m"grid gap-4 md:grid-cols-2 lg:grid-cols-4"[39m
          [36m>[39m
            [36m<div[39m
              [33mclass[39m=[32m"bg-card text-card-foreground flex flex-col gap-6 rounded-xl border py-6 shadow-sm"[39m
              [33mdata-slot[39m=[32m"card"[39m
            [36m>[39m
              [36m<div[39m
                [33mclass[39m=[32m"p-6"[39m
                [33mdata-slot[39m=[32m"card-content"[39m
              [36m>[39m
                [36m<div[39m
                  [33mclass[39m=[32m"space-y-2"[39m
                [36m>[39m
                  [36m<div[39m
                    [33mclass[39m=[32m"h-4 w-24 bg-muted animate-pulse rounded"[39m
                  [36m/>[39m
                  [36m<div[39m
                    [33mclass[39m=[32m"h-8 w-16 bg-muted animate-pulse rounded"[39m
                  [36m/>[39m
                [36m</div>[39m
              [36m</div>[39m
            [36m</div>[39m
            [36m<div[39m
              [33mclass[39m=[32m"bg-card text-card-foreground flex flex-col gap-6 rounded-xl border py-6 shadow-sm"[39m
              [33mdata-slot[39m=[32m"card"[39m
            [36m>[39m
              [36m<div[39m
                [33mclass[39m=[32m"p-6"[39m
                [33mdata-slot[39m=[32m"card-content"[39m
              [36m>[39m
                [36m<div[39m
                  [33mclass[39m=[32m"space-y-2"[39m
                [36m>[39m
                  [36m<div[39m
                    [33mclass[39m=[32m"h-4 w-24 bg-muted animate-pulse rounded"[39m
                  [36m/>[39m
                  [36m<div[39m
                    [33mclass[39m=[32m"h-8 w-16 bg-muted animate-pulse rounded"[39m
                  [36m/>[39m
                [36m</div>[39m
              [36m</div>[39m
            [36m</div>[39m
            [36m<div[39m
              [33mclass[39m=[32m"bg-card text-card-foreground flex flex-col gap-6 rounded-xl border py-6 shadow-sm"[39m
              [33mdata-slot[39m=[32m"card"[39m
            [36m>[39m
              [36m<div[39m
                [33mclass[39m=[32m"p-6"[39m
                [33mdata-slot[39m=[32m"card-content"[39m
              [36m>[39m
                [36m<div[39m
                  [33mclass[39m=[32m"space-y-2"[39m
                [36m>[39m
                  [36m<div[39m
                    [33mclass[39m=[32m"h-4 w-24 bg-muted animate-pulse rounded"[39m
                  [36m/>[39m
                  [36m<div[39m
                    [33mclass[39m=[32m"h-8 w-16 bg-muted animate-pulse rounded"[39m
                  [36m/>[39m
                [36m</div>[39m
              [36m</div>[39m
            [36m</div>[39m
            [36m<div[39m
              [33mclass[39m=[32m"bg-card text-card-foreground flex flex-col gap-6 rounded-xl border py-6 shadow-sm"[39m
              [33mdata-slot[39m=[32m"card"[39m
            [36m>[39m
              [36m<div[39m
                [33mclass[39m=[32m"p-6"[39m
                [33mdata-slot[39m=[32m"card-content"[39m
              [36m>[39m
                [36m<div[39m
                  [33mclass[39m=[32m"space-y-2"[39m
                [36m>[39m
                  [36m<div[39m
                    [33mclass[39m=[32m"h-4 w-24 bg-muted animate-pulse rounded"[39m
                  [36m/>[39m
                  [36m<div[39m
                    [33mclass[39m=[32m"h-8 w-16 bg-muted animate-pulse rounded"[39m
                  [36m/>[39m
                [36m</div>[39m
              [36m</div>[39m
            [36m</div>[39m
          [36m</div>[39m
        [36m</div>[39m
      [36m</div>[39m
    [36m</body>[39m

      254 |     render(<ClassAttendanceAnalyticsDashboard classId="class-1" />);
      255 |
    > 256 |     fireEvent.click(screen.getByText('Predictions'));
          |                            ^
      257 |
      258 |     await waitFor(() => {
      259 |       expect(screen.getByText('87.5%')).toBeInTheDocument();

      at Object.getElementError (node_modules/.pnpm/@testing-library+dom@10.4.0/node_modules/@testing-library/dom/dist/config.js:37:19)
      at node_modules/.pnpm/@testing-library+dom@10.4.0/node_modules/@testing-library/dom/dist/query-helpers.js:76:38
      at node_modules/.pnpm/@testing-library+dom@10.4.0/node_modules/@testing-library/dom/dist/query-helpers.js:52:17
      at node_modules/.pnpm/@testing-library+dom@10.4.0/node_modules/@testing-library/dom/dist/query-helpers.js:95:19
      at Object.getByText (src/components/admin/attendance/__tests__/ClassAttendanceAnalyticsDashboard.test.tsx:256:28)

  ● ClassAttendanceAnalyticsDashboard › displays class comparisons

    TestingLibraryElementError: Unable to find an element with the text: Comparisons. This could be because the text is broken up by multiple elements. In this case, you can provide a function for your text matcher to make your matcher more flexible.

    Ignored nodes: comments, script, style
    [36m<body>[39m
      [36m<div>[39m
        [36m<div[39m
          [33mclass[39m=[32m"space-y-6"[39m
        [36m>[39m
          [36m<div[39m
            [33mclass[39m=[32m"flex items-center justify-between"[39m
          [36m>[39m
            [36m<div[39m
              [33mclass[39m=[32m"space-y-2"[39m
            [36m>[39m
              [36m<div[39m
                [33mclass[39m=[32m"h-6 w-48 bg-muted animate-pulse rounded"[39m
              [36m/>[39m
              [36m<div[39m
                [33mclass[39m=[32m"h-4 w-32 bg-muted animate-pulse rounded"[39m
              [36m/>[39m
            [36m</div>[39m
          [36m</div>[39m
          [36m<div[39m
            [33mclass[39m=[32m"grid gap-4 md:grid-cols-2 lg:grid-cols-4"[39m
          [36m>[39m
            [36m<div[39m
              [33mclass[39m=[32m"bg-card text-card-foreground flex flex-col gap-6 rounded-xl border py-6 shadow-sm"[39m
              [33mdata-slot[39m=[32m"card"[39m
            [36m>[39m
              [36m<div[39m
                [33mclass[39m=[32m"p-6"[39m
                [33mdata-slot[39m=[32m"card-content"[39m
              [36m>[39m
                [36m<div[39m
                  [33mclass[39m=[32m"space-y-2"[39m
                [36m>[39m
                  [36m<div[39m
                    [33mclass[39m=[32m"h-4 w-24 bg-muted animate-pulse rounded"[39m
                  [36m/>[39m
                  [36m<div[39m
                    [33mclass[39m=[32m"h-8 w-16 bg-muted animate-pulse rounded"[39m
                  [36m/>[39m
                [36m</div>[39m
              [36m</div>[39m
            [36m</div>[39m
            [36m<div[39m
              [33mclass[39m=[32m"bg-card text-card-foreground flex flex-col gap-6 rounded-xl border py-6 shadow-sm"[39m
              [33mdata-slot[39m=[32m"card"[39m
            [36m>[39m
              [36m<div[39m
                [33mclass[39m=[32m"p-6"[39m
                [33mdata-slot[39m=[32m"card-content"[39m
              [36m>[39m
                [36m<div[39m
                  [33mclass[39m=[32m"space-y-2"[39m
                [36m>[39m
                  [36m<div[39m
                    [33mclass[39m=[32m"h-4 w-24 bg-muted animate-pulse rounded"[39m
                  [36m/>[39m
                  [36m<div[39m
                    [33mclass[39m=[32m"h-8 w-16 bg-muted animate-pulse rounded"[39m
                  [36m/>[39m
                [36m</div>[39m
              [36m</div>[39m
            [36m</div>[39m
            [36m<div[39m
              [33mclass[39m=[32m"bg-card text-card-foreground flex flex-col gap-6 rounded-xl border py-6 shadow-sm"[39m
              [33mdata-slot[39m=[32m"card"[39m
            [36m>[39m
              [36m<div[39m
                [33mclass[39m=[32m"p-6"[39m
                [33mdata-slot[39m=[32m"card-content"[39m
              [36m>[39m
                [36m<div[39m
                  [33mclass[39m=[32m"space-y-2"[39m
                [36m>[39m
                  [36m<div[39m
                    [33mclass[39m=[32m"h-4 w-24 bg-muted animate-pulse rounded"[39m
                  [36m/>[39m
                  [36m<div[39m
                    [33mclass[39m=[32m"h-8 w-16 bg-muted animate-pulse rounded"[39m
                  [36m/>[39m
                [36m</div>[39m
              [36m</div>[39m
            [36m</div>[39m
            [36m<div[39m
              [33mclass[39m=[32m"bg-card text-card-foreground flex flex-col gap-6 rounded-xl border py-6 shadow-sm"[39m
              [33mdata-slot[39m=[32m"card"[39m
            [36m>[39m
              [36m<div[39m
                [33mclass[39m=[32m"p-6"[39m
                [33mdata-slot[39m=[32m"card-content"[39m
              [36m>[39m
                [36m<div[39m
                  [33mclass[39m=[32m"space-y-2"[39m
                [36m>[39m
                  [36m<div[39m
                    [33mclass[39m=[32m"h-4 w-24 bg-muted animate-pulse rounded"[39m
                  [36m/>[39m
                  [36m<div[39m
                    [33mclass[39m=[32m"h-8 w-16 bg-muted animate-pulse rounded"[39m
                  [36m/>[39m
                [36m</div>[39m
              [36m</div>[39m
            [36m</div>[39m
          [36m</div>[39m
        [36m</div>[39m
      [36m</div>[39m
    [36m</body>[39m

      267 |     render(<ClassAttendanceAnalyticsDashboard classId="class-1" />);
      268 |
    > 269 |     fireEvent.click(screen.getByText('Comparisons'));
          |                            ^
      270 |
      271 |     await waitFor(() => {
      272 |       expect(screen.getByText('Comparison with English Basic A2')).toBeInTheDocument();

      at Object.getElementError (node_modules/.pnpm/@testing-library+dom@10.4.0/node_modules/@testing-library/dom/dist/config.js:37:19)
      at node_modules/.pnpm/@testing-library+dom@10.4.0/node_modules/@testing-library/dom/dist/query-helpers.js:76:38
      at node_modules/.pnpm/@testing-library+dom@10.4.0/node_modules/@testing-library/dom/dist/query-helpers.js:52:17
      at node_modules/.pnpm/@testing-library+dom@10.4.0/node_modules/@testing-library/dom/dist/query-helpers.js:95:19
      at Object.getByText (src/components/admin/attendance/__tests__/ClassAttendanceAnalyticsDashboard.test.tsx:269:28)

  ● ClassAttendanceAnalyticsDashboard › shows recommendations with priority levels

    TestingLibraryElementError: Unable to find an element with the text: Actions. This could be because the text is broken up by multiple elements. In this case, you can provide a function for your text matcher to make your matcher more flexible.

    Ignored nodes: comments, script, style
    [36m<body>[39m
      [36m<div>[39m
        [36m<div[39m
          [33mclass[39m=[32m"space-y-6"[39m
        [36m>[39m
          [36m<div[39m
            [33mclass[39m=[32m"flex items-center justify-between"[39m
          [36m>[39m
            [36m<div[39m
              [33mclass[39m=[32m"space-y-2"[39m
            [36m>[39m
              [36m<div[39m
                [33mclass[39m=[32m"h-6 w-48 bg-muted animate-pulse rounded"[39m
              [36m/>[39m
              [36m<div[39m
                [33mclass[39m=[32m"h-4 w-32 bg-muted animate-pulse rounded"[39m
              [36m/>[39m
            [36m</div>[39m
          [36m</div>[39m
          [36m<div[39m
            [33mclass[39m=[32m"grid gap-4 md:grid-cols-2 lg:grid-cols-4"[39m
          [36m>[39m
            [36m<div[39m
              [33mclass[39m=[32m"bg-card text-card-foreground flex flex-col gap-6 rounded-xl border py-6 shadow-sm"[39m
              [33mdata-slot[39m=[32m"card"[39m
            [36m>[39m
              [36m<div[39m
                [33mclass[39m=[32m"p-6"[39m
                [33mdata-slot[39m=[32m"card-content"[39m
              [36m>[39m
                [36m<div[39m
                  [33mclass[39m=[32m"space-y-2"[39m
                [36m>[39m
                  [36m<div[39m
                    [33mclass[39m=[32m"h-4 w-24 bg-muted animate-pulse rounded"[39m
                  [36m/>[39m
                  [36m<div[39m
                    [33mclass[39m=[32m"h-8 w-16 bg-muted animate-pulse rounded"[39m
                  [36m/>[39m
                [36m</div>[39m
              [36m</div>[39m
            [36m</div>[39m
            [36m<div[39m
              [33mclass[39m=[32m"bg-card text-card-foreground flex flex-col gap-6 rounded-xl border py-6 shadow-sm"[39m
              [33mdata-slot[39m=[32m"card"[39m
            [36m>[39m
              [36m<div[39m
                [33mclass[39m=[32m"p-6"[39m
                [33mdata-slot[39m=[32m"card-content"[39m
              [36m>[39m
                [36m<div[39m
                  [33mclass[39m=[32m"space-y-2"[39m
                [36m>[39m
                  [36m<div[39m
                    [33mclass[39m=[32m"h-4 w-24 bg-muted animate-pulse rounded"[39m
                  [36m/>[39m
                  [36m<div[39m
                    [33mclass[39m=[32m"h-8 w-16 bg-muted animate-pulse rounded"[39m
                  [36m/>[39m
                [36m</div>[39m
              [36m</div>[39m
            [36m</div>[39m
            [36m<div[39m
              [33mclass[39m=[32m"bg-card text-card-foreground flex flex-col gap-6 rounded-xl border py-6 shadow-sm"[39m
              [33mdata-slot[39m=[32m"card"[39m
            [36m>[39m
              [36m<div[39m
                [33mclass[39m=[32m"p-6"[39m
                [33mdata-slot[39m=[32m"card-content"[39m
              [36m>[39m
                [36m<div[39m
                  [33mclass[39m=[32m"space-y-2"[39m
                [36m>[39m
                  [36m<div[39m
                    [33mclass[39m=[32m"h-4 w-24 bg-muted animate-pulse rounded"[39m
                  [36m/>[39m
                  [36m<div[39m
                    [33mclass[39m=[32m"h-8 w-16 bg-muted animate-pulse rounded"[39m
                  [36m/>[39m
                [36m</div>[39m
              [36m</div>[39m
            [36m</div>[39m
            [36m<div[39m
              [33mclass[39m=[32m"bg-card text-card-foreground flex flex-col gap-6 rounded-xl border py-6 shadow-sm"[39m
              [33mdata-slot[39m=[32m"card"[39m
            [36m>[39m
              [36m<div[39m
                [33mclass[39m=[32m"p-6"[39m
                [33mdata-slot[39m=[32m"card-content"[39m
              [36m>[39m
                [36m<div[39m
                  [33mclass[39m=[32m"space-y-2"[39m
                [36m>[39m
                  [36m<div[39m
                    [33mclass[39m=[32m"h-4 w-24 bg-muted animate-pulse rounded"[39m
                  [36m/>[39m
                  [36m<div[39m
                    [33mclass[39m=[32m"h-8 w-16 bg-muted animate-pulse rounded"[39m
                  [36m/>[39m
                [36m</div>[39m
              [36m</div>[39m
            [36m</div>[39m
          [36m</div>[39m
        [36m</div>[39m
      [36m</div>[39m
    [36m</body>[39m

      280 |     render(<ClassAttendanceAnalyticsDashboard classId="class-1" />);
      281 |
    > 282 |     fireEvent.click(screen.getByText('Actions'));
          |                            ^
      283 |
      284 |     await waitFor(() => {
      285 |       expect(screen.getByText('Enhance Friday Engagement')).toBeInTheDocument();

      at Object.getElementError (node_modules/.pnpm/@testing-library+dom@10.4.0/node_modules/@testing-library/dom/dist/config.js:37:19)
      at node_modules/.pnpm/@testing-library+dom@10.4.0/node_modules/@testing-library/dom/dist/query-helpers.js:76:38
      at node_modules/.pnpm/@testing-library+dom@10.4.0/node_modules/@testing-library/dom/dist/query-helpers.js:52:17
      at node_modules/.pnpm/@testing-library+dom@10.4.0/node_modules/@testing-library/dom/dist/query-helpers.js:95:19
      at Object.getByText (src/components/admin/attendance/__tests__/ClassAttendanceAnalyticsDashboard.test.tsx:282:28)

  ● ClassAttendanceAnalyticsDashboard › handles timeframe changes

    Unable to find an element with the display value: Last 90 days.

    Ignored nodes: comments, script, style
    [36m<body>[39m
      [36m<div>[39m
        [36m<div[39m
          [33mclass[39m=[32m"space-y-6"[39m
        [36m>[39m
          [36m<div[39m
            [33mclass[39m=[32m"flex items-center justify-between"[39m
          [36m>[39m
            [36m<div[39m
              [33mclass[39m=[32m"space-y-1"[39m
            [36m>[39m
              [36m<h2[39m
                [33mclass[39m=[32m"text-2xl font-bold tracking-tight"[39m
              [36m>[39m
                [0mEnglish Basic A1[0m
                [0m - Attendance Analytics[0m
              [36m</h2>[39m
              [36m<p[39m
                [33mclass[39m=[32m"text-muted-foreground"[39m
              [36m>[39m
                [0mBasic[0m
                [0m • Last updated [0m
                [0mJan 15, 2024 18:00[0m
              [36m</p>[39m
            [36m</div>[39m
            [36m<div[39m
              [33mclass[39m=[32m"flex items-center gap-2"[39m
            [36m>[39m
              [36m<button[39m
                [33maria-autocomplete[39m=[32m"none"[39m
                [33maria-controls[39m=[32m"radix-:r18:"[39m
                [33maria-expanded[39m=[32m"false"[39m
                [33mclass[39m=[32m"flex h-9 items-center justify-between rounded-md border border-input bg-transparent px-3 py-2 text-sm ring-offset-background placeholder:text-muted-foreground focus:outline-none focus:ring-2 focus:ring-ring focus:ring-offset-2 disabled:cursor-not-allowed disabled:opacity-50 [&>span]:line-clamp-1 w-[140px]"[39m
                [33mdata-state[39m=[32m"closed"[39m
                [33mdir[39m=[32m"ltr"[39m
                [33mrole[39m=[32m"combobox"[39m
                [33mtype[39m=[32m"button"[39m
              [36m>[39m
                [36m<span[39m
                  [33mstyle[39m=[32m"pointer-events: none;"[39m
                [36m>[39m
                  [0mLast 90 days[0m
                [36m</span>[39m
                [36m<svg[39m
                  [33maria-hidden[39m=[32m"true"[39m
                  [33mclass[39m=[32m"lucide lucide-chevron-down h-4 w-4 opacity-50"[39m
                  [33mfill[39m=[32m"none"[39m
                  [33mheight[39m=[32m"24"[39m
                  [33mstroke[39m=[32m"currentColor"[39m
                  [33mstroke-linecap[39m=[32m"round"[39m
                  [33mstroke-linejoin[39m=[32m"round"[39m
                  [33mstroke-width[39m=[32m"2"[39m
                  [33mviewBox[39m=[32m"0 0 24 24"[39m
                  [33mwidth[39m=[32m"24"[39m
                  [33mxmlns[39m=[32m"http://www.w3.org/2000/svg"[39m
                [36m>[39m
                  [36m<path[39m
                    [33md[39m=[32m"m6 9 6 6 6-6"[39m
                  [36m/>[39m
                [36m</svg>[39m
              [36m</button>[39m
              [36m<button[39m
                [33mclass[39m=[32m"inline-flex items-center justify-center whitespace-nowrap text-sm font-medium transition-all disabled:pointer-events-none disabled:opacity-50 [&_svg]:pointer-events-none [&_svg:not([class*='size-'])]:size-4 shrink-0 [&_svg]:shrink-0 outline-none focus-visible:border-ring focus-visible:ring-ring/50 focus-visible:ring-[3px] aria-invalid:ring-destructive/20 dark:aria-invalid:ring-destructive/40 aria-invalid:border-destructive border bg-background shadow-xs hover:bg-accent hover:text-accent-foreground dark:bg-input/30 dark:border-input dark:hover:bg-input/50 h-8 rounded-md gap-1.5 px-3 has-[>svg]:px-2.5"[39m
                [33mdata-slot[39m=[32m"button"[39m
              [36m>[39m
                [36m<svg[39m
                  [33maria-hidden[39m=[32m"true"[39m
                  [33mclass[39m=[32m"lucide lucide-refresh-cw h-4 w-4"[39m
                  [33mfill[39m=[32m"none"[39m
                  [33mheight[39m=[32m"24"[39m
                  [33mstroke[39m=[32m"currentColor"[39m
                  [33mstroke-linecap[39m=[32m"round"[39m
                  [33mstroke-linejoin[39m=[32m"round"[39m
                  [33mstroke-width[39m=[32m"2"[39m
                  [33mviewBox[39m=[32m"0 0 24 24"[39m
                  [33mwidth[39m=[32m"24"[39m
                  [33mxmlns[39m=[32m"http://www.w3.org/2000/svg"[39m
                [36m>[39m
                  [36m<path[39m
                    [33md[39m=[32m"M3 12a9 9 0 0 1 9-9 9.75 9.75 0 0 1 6.74 2.74L21 8"[39m
                  [36m/>[39m
                  [36m<path[39m
                    [33md[39m=[32m"M21 3v5h-5"[39m
                  [36m/>[39m
                  [36m<path[39m
                    [33md[39m=[32m"M21 12a9 9 0 0 1-9 9 9.75 9.75 0 0 1-6.74-2.74L3 16"[39m
                  [36m/>[39m
                  [36m<path[39m
                    [33md[39m=[32m"M8 16H3v5"[39m
                  [36m/>[39m
                [36m</svg>[39m
              [36m</button>[39m
              [36m<button[39m
                [33mclass[39m=[32m"inline-flex items-center justify-center whitespace-nowrap text-sm font-medium transition-all disabled:pointer-events-none disabled:opacity-50 [&_svg]:pointer-events-none [&_svg:not([class*='size-'])]:size-4 shrink-0 [&_svg]:shrink-0 outline-none focus-visible:border-ring focus-visible:ring-ring/50 focus-visible:ring-[3px] aria-invalid:ring-destructive/20 dark:aria-invalid:ring-destructive/40 aria-invalid:border-destructive border bg-background shadow-xs hover:bg-accent hover:text-accent-foreground dark:bg-input/30 dark:border-input dark:hover:bg-input/50 h-8 rounded-md gap-1.5 px-3 has-[>svg]:px-2.5"[39m
                [33mdata-slot[39m=[32m"button"[39m
              [36m>[39m
                [36m<svg[39m
                  [33maria-hidden[39m=[32m"true"[39m
                  [33mclass[39m=[32m"lucide lucide-download h-4 w-4"[39m
                  [33mfill[39m=[32m"none"[39m
                  [33mheight[39m=[32m"24"[39m
                  [33mstroke[39m=[32m"currentColor"[39m
                  [33mstroke-linecap[39m=[32m"round"[39m
                  [33mstroke-linejoin[39m=[32m"round"[39m
                  [33mstroke-width[39m=[32m"2"[39m
                  [33mviewBox[39m=[32m"0 0 24 24"[39m
                  [33mwidth[39m=[32m"24"[39m
                  [33mxmlns[39m=[32m"http://www.w3.org/2000/svg"[39m
                [36m>[39m
                  [36m<path[39m
                    [33md[39m=[32m"M12 15V3"[39m
                  [36m/>[39m
                  [36m<path[39m
                    [33md[39m=[32m"M21 15v4a2 2 0 0 1-2 2H5a2 2 0 0 1-2-2v-4"[39m
                  [36m/>[39m
                  [36m<path[39m
                    [33md[39m=[32m"m7 10 5 5 5-5"[39m
                  [36m/>[39m
                [36m</svg>[39m
              [36m</button>[39m
            [36m</div>[39m
          [36m</div>[39m
          [36m<div[39m
            [33mclass[39m=[32m"grid gap-4 md:grid-cols-2 lg:grid-cols-4"[39m
          [36m>[39m
            [36m<div[39m
              [33mclass[39m=[32m"bg-card text-card-foreground flex flex-col gap-6 rounded-xl border py-6 shadow-sm"[39m
              [33mdata-slot[39m=[32m"card"[39m
            [36m>[39m
              [36m<div[39m
                [33mclass[39m=[32m"p-6"[39m
                [33mdata-slot[39m=[32m"card-content"[39m
              [3...

      293 |     render(<ClassAttendanceAnalyticsDashboard classId="class-1" />);
      294 |
    > 295 |     await waitFor(() => {
          |                  ^
      296 |       expect(screen.getByDisplayValue('Last 90 days')).toBeInTheDocument();
      297 |     });
      298 |

      at waitForWrapper (node_modules/.pnpm/@testing-library+dom@10.4.0/node_modules/@testing-library/dom/dist/wait-for.js:163:27)
      at Object.<anonymous> (src/components/admin/attendance/__tests__/ClassAttendanceAnalyticsDashboard.test.tsx:295:18)

  ● ClassAttendanceAnalyticsDashboard › handles refresh action

    TestingLibraryElementError: Unable to find an accessible element with the role "button" and name `/refresh/i`

    Here are the accessible roles:

      heading:

      Name "English Basic A1 - Attendance Analytics":
      [36m<h2[39m
        [33mclass[39m=[32m"text-2xl font-bold tracking-tight"[39m
      [36m/>[39m

      Name "Performance Thresholds":
      [36m<h4[39m
        [33mclass[39m=[32m"font-medium"[39m
      [36m/>[39m

      --------------------------------------------------
      paragraph:

      Name "":
      [36m<p[39m
        [33mclass[39m=[32m"text-muted-foreground"[39m
      [36m/>[39m

      Name "":
      [36m<p[39m
        [33mclass[39m=[32m"text-sm font-medium text-muted-foreground"[39m
      [36m/>[39m

      Name "":
      [36m<p[39m
        [33mclass[39m=[32m"text-2xl font-bold"[39m
      [36m/>[39m

      Name "":
      [36m<p[39m
        [33mclass[39m=[32m"text-sm font-medium text-muted-foreground"[39m
      [36m/>[39m

      Name "":
      [36m<p[39m
        [33mclass[39m=[32m"text-2xl font-bold"[39m
      [36m/>[39m

      Name "":
      [36m<p[39m
        [33mclass[39m=[32m"text-sm font-medium text-muted-foreground"[39m
      [36m/>[39m

      Name "":
      [36m<p[39m
        [33mclass[39m=[32m"text-2xl font-bold"[39m
      [36m/>[39m

      Name "":
      [36m<p[39m
        [33mclass[39m=[32m"text-sm font-medium text-muted-foreground"[39m
      [36m/>[39m

      Name "":
      [36m<p[39m
        [33mclass[39m=[32m"text-2xl font-bold"[39m
      [36m/>[39m

      --------------------------------------------------
      combobox:

      Name "":
      [36m<button[39m
        [33maria-autocomplete[39m=[32m"none"[39m
        [33maria-controls[39m=[32m"radix-:r1i:"[39m
        [33maria-expanded[39m=[32m"false"[39m
        [33mclass[39m=[32m"flex h-9 items-center justify-between rounded-md border border-input bg-transparent px-3 py-2 text-sm ring-offset-background placeholder:text-muted-foreground focus:outline-none focus:ring-2 focus:ring-ring focus:ring-offset-2 disabled:cursor-not-allowed disabled:opacity-50 [&>span]:line-clamp-1 w-[140px]"[39m
        [33mdata-state[39m=[32m"closed"[39m
        [33mdir[39m=[32m"ltr"[39m
        [33mrole[39m=[32m"combobox"[39m
        [33mtype[39m=[32m"button"[39m
      [36m/>[39m

      --------------------------------------------------
      button:

      Name "":
      [36m<button[39m
        [33mclass[39m=[32m"inline-flex items-center justify-center whitespace-nowrap text-sm font-medium transition-all disabled:pointer-events-none disabled:opacity-50 [&_svg]:pointer-events-none [&_svg:not([class*='size-'])]:size-4 shrink-0 [&_svg]:shrink-0 outline-none focus-visible:border-ring focus-visible:ring-ring/50 focus-visible:ring-[3px] aria-invalid:ring-destructive/20 dark:aria-invalid:ring-destructive/40 aria-invalid:border-destructive border bg-background shadow-xs hover:bg-accent hover:text-accent-foreground dark:bg-input/30 dark:border-input dark:hover:bg-input/50 h-8 rounded-md gap-1.5 px-3 has-[>svg]:px-2.5"[39m
        [33mdata-slot[39m=[32m"button"[39m
      [36m/>[39m

      Name "":
      [36m<button[39m
        [33mclass[39m=[32m"inline-flex items-center justify-center whitespace-nowrap text-sm font-medium transition-all disabled:pointer-events-none disabled:opacity-50 [&_svg]:pointer-events-none [&_svg:not([class*='size-'])]:size-4 shrink-0 [&_svg]:shrink-0 outline-none focus-visible:border-ring focus-visible:ring-ring/50 focus-visible:ring-[3px] aria-invalid:ring-destructive/20 dark:aria-invalid:ring-destructive/40 aria-invalid:border-destructive border bg-background shadow-xs hover:bg-accent hover:text-accent-foreground dark:bg-input/30 dark:border-input dark:hover:bg-input/50 h-8 rounded-md gap-1.5 px-3 has-[>svg]:px-2.5"[39m
        [33mdata-slot[39m=[32m"button"[39m
      [36m/>[39m

      --------------------------------------------------
      progressbar:

      Name "":
      [36m<div[39m
        [33maria-valuemax[39m=[32m"100"[39m
        [33maria-valuemin[39m=[32m"0"[39m
        [33mclass[39m=[32m"bg-primary/20 relative h-2 w-full overflow-hidden rounded-full mt-3"[39m
        [33mdata-max[39m=[32m"100"[39m
        [33mdata-slot[39m=[32m"progress"[39m
        [33mdata-state[39m=[32m"indeterminate"[39m
        [33mrole[39m=[32m"progressbar"[39m
      [36m/>[39m

      Name "":
      [36m<div[39m
        [33maria-valuemax[39m=[32m"100"[39m
        [33maria-valuemin[39m=[32m"0"[39m
        [33mclass[39m=[32m"bg-primary/20 relative h-2 w-full overflow-hidden rounded-full mt-3"[39m
        [33mdata-max[39m=[32m"100"[39m
        [33mdata-slot[39m=[32m"progress"[39m
        [33mdata-state[39m=[32m"indeterminate"[39m
        [33mrole[39m=[32m"progressbar"[39m
      [36m/>[39m

      Name "":
      [36m<div[39m
        [33maria-valuemax[39m=[32m"100"[39m
        [33maria-valuemin[39m=[32m"0"[39m
        [33mclass[39m=[32m"bg-primary/20 relative h-2 w-full overflow-hidden rounded-full"[39m
        [33mdata-max[39m=[32m"100"[39m
        [33mdata-slot[39m=[32m"progress"[39m
        [33mdata-state[39m=[32m"indeterminate"[39m
        [33mrole[39m=[32m"progressbar"[39m
      [36m/>[39m

      Name "":
      [36m<div[39m
        [33maria-valuemax[39m=[32m"100"[39m
        [33maria-valuemin[39m=[32m"0"[39m
        [33mclass[39m=[32m"bg-primary/20 relative h-2 w-full overflow-hidden rounded-full"[39m
        [33mdata-max[39m=[32m"100"[39m
        [33mdata-slot[39m=[32m"progress"[39m
        [33mdata-state[39m=[32m"indeterminate"[39m
        [33mrole[39m=[32m"progressbar"[39m
      [36m/>[39m

      Name "":
      [36m<div[39m
        [33maria-valuemax[39m=[32m"100"[39m
        [33maria-valuemin[39m=[32m"0"[39m
        [33mclass[39m=[32m"bg-primary/20 relative h-2 w-full overflow-hidden rounded-full"[39m
        [33mdata-max[39m=[32m"100"[39m
        [33mdata-slot[39m=[32m"progress"[39m
        [33mdata-state[39m=[32m"indeterminate"[39m
        [33mrole[39m=[32m"progressbar"[39m
      [36m/>[39m

      --------------------------------------------------
      tablist:

      Name "":
      [36m<div[39m
        [33maria-orientation[39m=[32m"horizontal"[39m
        [33mclass[39m=[32m"h-10 items-center justify-center rounded-md bg-muted p-1 text-muted-foreground grid w-full grid-cols-5"[39m
        [33mdata-orientation[39m=[32m"horizontal"[39m
        [33mrole[39m=[32m"tablist"[39m
        [33mstyle[39m=[32m"outline: none;"[39m
        [33mtabindex[39m=[32m"0"[39m
      [36m/>[39m

      --------------------------------------------------
      tab:

      Name "Overview":
      [36m<button[39m
        [33maria-controls[39m=[32m"radix-:r1j:-content-overview"[39m
        [33maria-selected[39m=[32m"true"[39m
        [33mclass[39m=[32m"inline-flex items-center justify-center whitespace-nowrap rounded-sm px-3 py-1.5 text-sm font-medium ring-offset-background transition-all focus-visible:outline-none focus-visible:ring-2 focus-visible:ring-ring focus-visible:ring-offset-2 disabled:pointer-events-none disabled:opacity-50 data-[state=active]:bg-background data-[state=active]:text-foreground data-[state=active]:shadow-sm"[39m
        [33mdata-orientation[39m=[32m"horizontal"[39m
        [33mdata-radix-collection-item[39m=[32m""[39m
        [33mdata-state[39m=[32m"active"[39m
        [33mid[39m=[32m"radix-:r1j:-trigger-overview"[39m
        [33mrole[39m=[32m"tab"[39m
        [33mtabindex[39m=[32m"-1"[39m
        [33mtype[39m=[32m"button"[39m
      [36m/>[39m

      Name "Trends":
      [36m<button[39m
        [33maria-controls[39m=[32m"radix-:r1j:-content-trends"[39m
        [33maria-selected[39m=[32m"false"[39m
        [33mclass[39m=[32m"inline-flex items-center justify-center whitespace-nowrap rounded-sm px-3 py-1.5 text-sm font-medium ring-offset-background transition-all focus-visible:outline-none focus-visible:ring-2 focus-visible:ring-ring focus-visible:ring-offset-2 disabled:pointer-events-none disabled:opacity-50 data-[state=active]:bg-background data-[state=active]:text-foreground data-[state=active]:shadow-sm"[39m
        [33mdata-orientation[39m=[32m"horizontal"[39m
        [33mdata-radix-collection-item[39m=[32m""[39m
        [33mdata-state[39m=[32m"inactive"[39m
        [33mid[39m=[32m"radix-:r1j:-trigger-trends"[39m
        [33mrole[39m=[32m"tab"[39m
        [33mtabindex[39m=[32m"-1"[39m
        [33mtype[39m=[32m"button"[39m
      [36m/>[39m

      Name "Predictions":
      [36m<button[39m
        [33maria-controls[39m=[32m"radix-:r1j:-content-predictions"[39m
        [33maria-selected[39m=[32m"false"[39m
        [33mclass[39m=[32m"inline-flex items-center justify-center whitespace-nowrap rounded-sm px-3 py-1.5 text-sm font-medium ring-offset-background transition-all focus-visible:outline-none focus-visible:ring-2 focus-visible:ring-ring focus-visible:ring-offset-2 disabled:pointer-events-none disabled:opacity-50 data-[state=active]:bg-background data-[state=active]:text-foreground data-[state=active]:shadow-sm"[39m
        [33mdata-orientation[39m=[32m"horizontal"[39m
        [33mdata-radix-collection-item[39m=[32m""[39m
        [33mdata-state[39m=[32m"inactive"[39m
        [33mid[39m=[32m"radix-:r1j:-trigger-predictions"[39m
        [33mrole[39m=[32m"tab"[39m
        [33mtabindex[39m=[32m"-1"[39m
        [33mtype[39m=[32m"button"[39m
      [36m/>[39m

      Name "Comparisons":
      [36m<button[39m
        [33maria-controls[39m=[32m"radix-:r1j:-content-comparisons"[39m
        [33maria-selected[39m=[32m"false"[39m
        [33mclass[39m=[32m"inline-flex items-center justify-center whitespace-nowrap rounded-sm px-3 py-1.5 text-sm font-medium ring-offset-background transition-all focus-visible:outline-none focus-visible:ring-2 focus-visible:ring-ring focus-visible:ring-offset-2 disabled:pointer-events-none disabled:opacity-50 data-[state=active]:bg-background data-[state=active]:text-foreground data-[state=active]:shadow-sm"[39m
        [33mdata-orientation[39m=[32m"horizontal"[39m
        [33mdata-radix-collection-item[39m=[32m""[39m
        [33mdata-state[39m=[32m"inactive"[39m
        [33mid[39m=[32m"radix-:r1j:-trigger-comparisons"[39m
        [33mrole[39m=[32m"tab"[39m
        [33mtabindex[39m=[32m"-1"[39m
        [33mtype[39m=[32m"button"[39m
      [36m/>[39m

      Name "Actions":
      [36m<button[39m
        [33maria-controls[39m=[32m"radix-:r1j:-content-recommendations"[39m
        [33maria-selected[39m=[32m"false"[39m
        [33mclass[39m=[32m"inline-flex items-center justify-center whitespace-nowrap rounded-sm px-3 py-1.5 text-sm font-medium ring-offset-background transition-all focus-visible:outline-none focus-visible:ring-2 focus-visible:ring-ring focus-visible:ring-offset-2 disabled:pointer-events-none disabled:opacity-50 data-[state=active]:bg-background data-[state=active]:text-foreground data-[state=active]:shadow-sm"[39m
        [33mdata-orientation[39m=[32m"horizontal"[39m
        [33mdata-radix-collection-item[39m=[32m""[39m
        [33mdata-state[39m=[32m"inactive"[39m
        [33mid[39m=[32m"radix-:r1j:-trigger-recommendations"[39m
        [33mrole[39m=[32m"tab"[39m
        [33mtabindex[39m=[32m"-1"[39m
        [33mtype[39m=[32m"button"[39m
      [36m/>[39m

      --------------------------------------------------
      tabpanel:

      Name "Overview":
      [36m<div[39m
        [33maria-labelledby[39m=[32m"radix-:r1j:-trigger-overview"[39m
        [33mclass[39m=[32m"mt-2 ring-offset-background focus-visible:outline-none focus-visible:ring-2 focus-visible:ring-ring focus-visible:ring-offset-2 space-y-6"[39m
        [33mdata-orientation[39m=[32m"horizontal"[39m
        [33mdata-state[39m=[32m"active"[39m
        [33mid[39m=[32m"radix-:r1j:-content-overview"[39m
        [33mrole[39m=[32m"tabpanel"[39m
        [33mstyle[39m=[32m"animation-duration: 0s;"[39m
        [33mtabindex[39m=[32m"0"[39m
      [36m/>[39m

      --------------------------------------------------
      none:

      Name "":
      [36m<div[39m
        [33mclass[39m=[32m"shrink-0 bg-border h-[1px] w-full"[39m
        [33mdata-orientation[39m=[32m"horizontal"[39m
        [33mrole[39m=[32m"none"[39m
      [36m/>[39m

      --------------------------------------------------

    Ignored nodes: comments, script, style
    [36m<body>[39m
      [36m<div>[39m
        [36m<div[39m
          [33mclass[39m=[32m"space-y-6"[39m
        [36m>[39m
          [36m<div[39m
            [33mclass[39m=[32m"flex items-center justify-between"[39m
          [36m>[39m
            [36m<div[39m
              [33mclass[39m=[32m"space-y-1"[39m
            [36m>[39m
              [36m<h2[39m
                [33mclass[39m=[32m"text-2xl font-bold tracking-tight"[39m
              [36m>[39m
                [0mEnglish Basic A1[0m
                [0m - Attendance Analytics[0m
              [36m</h2>[39m
              [36m<p[39m
                [33mclass[39m=[32m"text-muted-foreground"[39m
              [36m>[39m
                [0mBasic[0m
                [0m • Last updated [0m
                [0mJan 15, 2024 18:00[0m
              [36m</p>[39m
            [36m</div>[39m
            [36m<div[39m
              [33mclass[39m=[32m"flex items-center gap-2"[39m
            [36m>[39m
              [36m<button[39m
                [33maria-autocomplete[39m=[32m"none"[39m
                [33maria-controls[39m=[32m"radix-:r1i:"[39m
                [33maria-expanded[39m=[32m"false"[39m
                [33mclass[39m=[32m"flex h-9 items-center justify-between rounded-md border border-input bg-transparent px-3 py-2 text-sm ring-offset-background placeholder:text-muted-foreground focus:outline-none focus:ring-2 focus:ring-ring focus:ring-offset-2 disabled:cursor-not-allowed disabled:opacity-50 [&>span]:line-clamp-1 w-[140px]"[39m
                [33mdata-state[39m=[32m"closed"[39m
                [33mdir[39m=[32m"ltr"[39m
                [33mrole[39m=[32m"combobox"[39m
                [33mtype[39m=[32m"button"[39m
              [36m>[39m
                [36m<span[39m
                  [33mstyle[39m=[32m"pointer-events: none;"[39m
                [36m>[39m
                  [0mLast 90 days[0m
                [36m</span>[39m
                [36m<svg[39m
                  [33maria-hidden[39m=[32m"true"[39m
                  [33mclass[39m=[32m"lucide lucide-chevron-down h-4 w-4 opacity-50"[39m
                  [33mfill[39m=[32m"none"[39m
                  [33mheight[39m=[32m"24"[39m
                  [33mstroke[39m=[32m"currentColor"[39m
                  [33mstroke-linecap[39m=[32m"round"[39m
                  [33mstroke-linejoin[39m=[32m"round"[39m
                  [33mstroke-width[39m=[32m"2"[39m
                  [33mviewBox[39m=[32m"0 0 24 24"[39m
                  [33mwidth[39m=[32m"24"[39m
                  [33mxmlns[39m=[32m"http://www.w3.org/2000/svg"[39m
                [36m>[39m
                  [36m<path[39m
                    [33md[39m=[32m"m6 9 6 6 6-6"[39m
                  [36m/>[39m
                [36m</svg>[39m
              [36m</button>[39m
              [36m<button[39m
                [33mclass[39m=[32m"inline-flex items-center justify-center whitespace-nowrap text-sm font-medium transition-all disabled:pointer-events-none disabled:opacity-50 [&_svg]:pointer-events-none [&_svg:not([class*='size-'])]:size-4 shrink-0 [&_svg]:shrink-0 outline-none focus-visible:border-ring focus-visible:ring-ring/50 focus-visible:ring-[3px] aria-invalid:ring-destructive/20 dark:aria-invalid:ring-destructive/40 aria-invalid:border-destructive border bg-background shadow-xs hover:bg-accent hover:text-accent-foreground dark:bg-input/30 dark:border-input dark:hover:bg-input/50 h-8 rounded-md gap-1.5 px-3 has-[>svg]:px-2.5"[39m
                [33mdata-slot[39m=[32m"button"[39m
              [36m>[39m
                [36m<svg[39m
                  [33maria-hidden[39m=[32m"true"[39m
                  [33mclass[39m=[32m"lucide lucide-refresh-cw h-4 w-4"[39m
                  [33mfill[39m=[32m"none"[39m
                  [33mheight[39m=[32m"24"[39m
                  [33mstroke[39m=[32m"currentColor"[39m
                  [33mstroke-linecap[39m=[32m"round"[39m
                  [33mstroke-linejoin[39m=[32m"round"[39m
                  [33mstroke-width[39m=[32m"2"[39m
                  [33mviewBox[39m=[32m"0 0 24 24"[39m
                  [33mwidth[39m=[32m"24"[39m
                  [33mxmlns[39m=[32m"http://www.w3.org/2000/svg"[39m
                [36m>[39m
                  [36m<path[39m
                    [33md[39m=[32m"M3 12a9 9 0 0 1 9-9 9.75 9.75 0 0 1 6.74 2.74L21 8"[39m
                  [36m/>[39m
                  [36m<path[39m
                    [33md[39m=[32m"M21 3v5h-5"[39m
                  [36m/>[39m
                  [36m<path[39m
                    [33md[39m=[32m"M21 12a9 9 0 0 1-9 9 9.75 9.75 0 0 1-6.74-2.74L3 16"[39m
                  [36m/>[39m
                  [36m<path[39m
                    [33md[39m=[32m"M8 16H3v5"[39m
                  [36m/>[39m
                [36m</svg>[39m
              [36m</button>[39m
              [36m<button[39m
                [33mclass[39m=[32m"inline-flex items-center justify-center whitespace-nowrap text-sm font-medium transition-all disabled:pointer-events-none disabled:opacity-50 [&_svg]:pointer-events-none [&_svg:not([class*='size-'])]:size-4 shrink-0 [&_svg]:shrink-0 outline-none focus-visible:border-ring focus-visible:ring-ring/50 focus-visible:ring-[3px] aria-invalid:ring-destructive/20 dark:aria-invalid:ring-destructive/40 aria-invalid:border-destructive border bg-background shadow-xs hover:bg-accent hover:text-accent-foreground dark:bg-input/30 dark:border-input dark:hover:bg-input/50 h-8 rounded-md gap-1.5 px-3 has-[>svg]:px-2.5"[39m
                [33mdata-slot[39m=[32m"button"[39m
              [36m>[39m
                [36m<svg[39m
                  [33maria-hidden[39m=[32m"true"[39m
                  [33mclass[39m=[32m"lucide lucide-download h-4 w-4"[39m
                  [33mfill[39m=[32m"none"[39m
                  [33mheight[39m=[32m"24"[39m
                  [33mstroke[39m=[32m"currentColor"[39m
                  [33mstroke-linecap[39m=[32m"round"[39m
                  [33mstroke-linejoin[39m=[32m"round"[39m
                  [33mstroke-width[39m=[32m"2"[39m
                  [33mviewBox[39m=[32m"0 0 24 24"[39m
                  [33mwidth[39m=[32m"24"[39m
                  [33mxmlns[39m=[32m"http://www.w3.org/2000/svg"[39m
                [36m>[39m
                  [36m<path[39m
                    [33md[39m=[32m"M12 15V3"[39m
                  [36m/>[39m
                  [36m<path[39m
                    [33md[39m=[32m"M21 15v4a2 2 0 0 1-2 2H5a2 2 0 0 1-2-2v-4"[39m
                  [36m/>[39m
                  [36m<path[39m
                    [33md[39m=[32m"m7 10 5 5 5-5"[39m
                  [36m/>[39m
                [36m</svg>[39m
              [36m</button>[39m
            [36m</div>[39m
          [36m</div>[39m
          [36m<div[39m
            [33mclass[39m=[32m"grid gap-4 md:grid-cols-2 lg:grid-cols-4"[39m
          [36m>[39m
            [36m<div[39m
              [33mclass[39m=[32m"bg-card text-card-foreground flex flex-col gap-6 rounded-xl border py-6 shadow-sm"[39m
              [33mdata-slot[39m=[32m"card"[39m
            [36m>[39m
              [36m<div[39m
                [33mclass[39m=[32m"p-6"[39m
                [33mdata-slot[39m=[32m"card-content"[39m
              [3...

      319 |
      320 |     // Click refresh button
    > 321 |     const refreshButton = screen.getByRole('button', { name: /refresh/i });
          |                                  ^
      322 |     fireEvent.click(refreshButton);
      323 |
      324 |     await waitFor(() => {

      at Object.getElementError (node_modules/.pnpm/@testing-library+dom@10.4.0/node_modules/@testing-library/dom/dist/config.js:37:19)
      at node_modules/.pnpm/@testing-library+dom@10.4.0/node_modules/@testing-library/dom/dist/query-helpers.js:76:38
      at node_modules/.pnpm/@testing-library+dom@10.4.0/node_modules/@testing-library/dom/dist/query-helpers.js:52:17
      at node_modules/.pnpm/@testing-library+dom@10.4.0/node_modules/@testing-library/dom/dist/query-helpers.js:95:19
      at Object.getByRole (src/components/admin/attendance/__tests__/ClassAttendanceAnalyticsDashboard.test.tsx:321:34)

  ● ClassAttendanceAnalyticsDashboard › displays loading state

    TestingLibraryElementError: Unable to find an accessible element with the role "progressbar"

    There are no accessible roles. But there might be some inaccessible roles. If you wish to access them, then set the `hidden` option to `true`. Learn more about this here: https://testing-library.com/docs/dom-testing-library/api-queries#byrole

    Ignored nodes: comments, script, style
    [36m<body>[39m
      [36m<div>[39m
        [36m<div[39m
          [33mclass[39m=[32m"space-y-6"[39m
        [36m>[39m
          [36m<div[39m
            [33mclass[39m=[32m"flex items-center justify-between"[39m
          [36m>[39m
            [36m<div[39m
              [33mclass[39m=[32m"space-y-2"[39m
            [36m>[39m
              [36m<div[39m
                [33mclass[39m=[32m"h-6 w-48 bg-muted animate-pulse rounded"[39m
              [36m/>[39m
              [36m<div[39m
                [33mclass[39m=[32m"h-4 w-32 bg-muted animate-pulse rounded"[39m
              [36m/>[39m
            [36m</div>[39m
          [36m</div>[39m
          [36m<div[39m
            [33mclass[39m=[32m"grid gap-4 md:grid-cols-2 lg:grid-cols-4"[39m
          [36m>[39m
            [36m<div[39m
              [33mclass[39m=[32m"bg-card text-card-foreground flex flex-col gap-6 rounded-xl border py-6 shadow-sm"[39m
              [33mdata-slot[39m=[32m"card"[39m
            [36m>[39m
              [36m<div[39m
                [33mclass[39m=[32m"p-6"[39m
                [33mdata-slot[39m=[32m"card-content"[39m
              [36m>[39m
                [36m<div[39m
                  [33mclass[39m=[32m"space-y-2"[39m
                [36m>[39m
                  [36m<div[39m
                    [33mclass[39m=[32m"h-4 w-24 bg-muted animate-pulse rounded"[39m
                  [36m/>[39m
                  [36m<div[39m
                    [33mclass[39m=[32m"h-8 w-16 bg-muted animate-pulse rounded"[39m
                  [36m/>[39m
                [36m</div>[39m
              [36m</div>[39m
            [36m</div>[39m
            [36m<div[39m
              [33mclass[39m=[32m"bg-card text-card-foreground flex flex-col gap-6 rounded-xl border py-6 shadow-sm"[39m
              [33mdata-slot[39m=[32m"card"[39m
            [36m>[39m
              [36m<div[39m
                [33mclass[39m=[32m"p-6"[39m
                [33mdata-slot[39m=[32m"card-content"[39m
              [36m>[39m
                [36m<div[39m
                  [33mclass[39m=[32m"space-y-2"[39m
                [36m>[39m
                  [36m<div[39m
                    [33mclass[39m=[32m"h-4 w-24 bg-muted animate-pulse rounded"[39m
                  [36m/>[39m
                  [36m<div[39m
                    [33mclass[39m=[32m"h-8 w-16 bg-muted animate-pulse rounded"[39m
                  [36m/>[39m
                [36m</div>[39m
              [36m</div>[39m
            [36m</div>[39m
            [36m<div[39m
              [33mclass[39m=[32m"bg-card text-card-foreground flex flex-col gap-6 rounded-xl border py-6 shadow-sm"[39m
              [33mdata-slot[39m=[32m"card"[39m
            [36m>[39m
              [36m<div[39m
                [33mclass[39m=[32m"p-6"[39m
                [33mdata-slot[39m=[32m"card-content"[39m
              [36m>[39m
                [36m<div[39m
                  [33mclass[39m=[32m"space-y-2"[39m
                [36m>[39m
                  [36m<div[39m
                    [33mclass[39m=[32m"h-4 w-24 bg-muted animate-pulse rounded"[39m
                  [36m/>[39m
                  [36m<div[39m
                    [33mclass[39m=[32m"h-8 w-16 bg-muted animate-pulse rounded"[39m
                  [36m/>[39m
                [36m</div>[39m
              [36m</div>[39m
            [36m</div>[39m
            [36m<div[39m
              [33mclass[39m=[32m"bg-card text-card-foreground flex flex-col gap-6 rounded-xl border py-6 shadow-sm"[39m
              [33mdata-slot[39m=[32m"card"[39m
            [36m>[39m
              [36m<div[39m
                [33mclass[39m=[32m"p-6"[39m
                [33mdata-slot[39m=[32m"card-content"[39m
              [36m>[39m
                [36m<div[39m
                  [33mclass[39m=[32m"space-y-2"[39m
                [36m>[39m
                  [36m<div[39m
                    [33mclass[39m=[32m"h-4 w-24 bg-muted animate-pulse rounded"[39m
                  [36m/>[39m
                  [36m<div[39m
                    [33mclass[39m=[32m"h-8 w-16 bg-muted animate-pulse rounded"[39m
                  [36m/>[39m
                [36m</div>[39m
              [36m</div>[39m
            [36m</div>[39m
          [36m</div>[39m
        [36m</div>[39m
      [36m</div>[39m
    [36m</body>[39m

      338 |     render(<ClassAttendanceAnalyticsDashboard classId="class-1" />);
      339 |
    > 340 |     expect(screen.getByRole('progressbar')).toBeInTheDocument();
          |                   ^
      341 |   });
      342 |
      343 |   it('handles service errors', async () => {

      at Object.getElementError (node_modules/.pnpm/@testing-library+dom@10.4.0/node_modules/@testing-library/dom/dist/config.js:37:19)
      at node_modules/.pnpm/@testing-library+dom@10.4.0/node_modules/@testing-library/dom/dist/query-helpers.js:76:38
      at node_modules/.pnpm/@testing-library+dom@10.4.0/node_modules/@testing-library/dom/dist/query-helpers.js:52:17
      at node_modules/.pnpm/@testing-library+dom@10.4.0/node_modules/@testing-library/dom/dist/query-helpers.js:95:19
      at Object.getByRole (src/components/admin/attendance/__tests__/ClassAttendanceAnalyticsDashboard.test.tsx:340:19)

  ● ClassAttendanceAnalyticsDashboard › handles empty comparisons gracefully

    TestingLibraryElementError: Unable to find an element with the text: Comparisons. This could be because the text is broken up by multiple elements. In this case, you can provide a function for your text matcher to make your matcher more flexible.

    Ignored nodes: comments, script, style
    [36m<body>[39m
      [36m<div>[39m
        [36m<div[39m
          [33mclass[39m=[32m"space-y-6"[39m
        [36m>[39m
          [36m<div[39m
            [33mclass[39m=[32m"flex items-center justify-between"[39m
          [36m>[39m
            [36m<div[39m
              [33mclass[39m=[32m"space-y-2"[39m
            [36m>[39m
              [36m<div[39m
                [33mclass[39m=[32m"h-6 w-48 bg-muted animate-pulse rounded"[39m
              [36m/>[39m
              [36m<div[39m
                [33mclass[39m=[32m"h-4 w-32 bg-muted animate-pulse rounded"[39m
              [36m/>[39m
            [36m</div>[39m
          [36m</div>[39m
          [36m<div[39m
            [33mclass[39m=[32m"grid gap-4 md:grid-cols-2 lg:grid-cols-4"[39m
          [36m>[39m
            [36m<div[39m
              [33mclass[39m=[32m"bg-card text-card-foreground flex flex-col gap-6 rounded-xl border py-6 shadow-sm"[39m
              [33mdata-slot[39m=[32m"card"[39m
            [36m>[39m
              [36m<div[39m
                [33mclass[39m=[32m"p-6"[39m
                [33mdata-slot[39m=[32m"card-content"[39m
              [36m>[39m
                [36m<div[39m
                  [33mclass[39m=[32m"space-y-2"[39m
                [36m>[39m
                  [36m<div[39m
                    [33mclass[39m=[32m"h-4 w-24 bg-muted animate-pulse rounded"[39m
                  [36m/>[39m
                  [36m<div[39m
                    [33mclass[39m=[32m"h-8 w-16 bg-muted animate-pulse rounded"[39m
                  [36m/>[39m
                [36m</div>[39m
              [36m</div>[39m
            [36m</div>[39m
            [36m<div[39m
              [33mclass[39m=[32m"bg-card text-card-foreground flex flex-col gap-6 rounded-xl border py-6 shadow-sm"[39m
              [33mdata-slot[39m=[32m"card"[39m
            [36m>[39m
              [36m<div[39m
                [33mclass[39m=[32m"p-6"[39m
                [33mdata-slot[39m=[32m"card-content"[39m
              [36m>[39m
                [36m<div[39m
                  [33mclass[39m=[32m"space-y-2"[39m
                [36m>[39m
                  [36m<div[39m
                    [33mclass[39m=[32m"h-4 w-24 bg-muted animate-pulse rounded"[39m
                  [36m/>[39m
                  [36m<div[39m
                    [33mclass[39m=[32m"h-8 w-16 bg-muted animate-pulse rounded"[39m
                  [36m/>[39m
                [36m</div>[39m
              [36m</div>[39m
            [36m</div>[39m
            [36m<div[39m
              [33mclass[39m=[32m"bg-card text-card-foreground flex flex-col gap-6 rounded-xl border py-6 shadow-sm"[39m
              [33mdata-slot[39m=[32m"card"[39m
            [36m>[39m
              [36m<div[39m
                [33mclass[39m=[32m"p-6"[39m
                [33mdata-slot[39m=[32m"card-content"[39m
              [36m>[39m
                [36m<div[39m
                  [33mclass[39m=[32m"space-y-2"[39m
                [36m>[39m
                  [36m<div[39m
                    [33mclass[39m=[32m"h-4 w-24 bg-muted animate-pulse rounded"[39m
                  [36m/>[39m
                  [36m<div[39m
                    [33mclass[39m=[32m"h-8 w-16 bg-muted animate-pulse rounded"[39m
                  [36m/>[39m
                [36m</div>[39m
              [36m</div>[39m
            [36m</div>[39m
            [36m<div[39m
              [33mclass[39m=[32m"bg-card text-card-foreground flex flex-col gap-6 rounded-xl border py-6 shadow-sm"[39m
              [33mdata-slot[39m=[32m"card"[39m
            [36m>[39m
              [36m<div[39m
                [33mclass[39m=[32m"p-6"[39m
                [33mdata-slot[39m=[32m"card-content"[39m
              [36m>[39m
                [36m<div[39m
                  [33mclass[39m=[32m"space-y-2"[39m
                [36m>[39m
                  [36m<div[39m
                    [33mclass[39m=[32m"h-4 w-24 bg-muted animate-pulse rounded"[39m
                  [36m/>[39m
                  [36m<div[39m
                    [33mclass[39m=[32m"h-8 w-16 bg-muted animate-pulse rounded"[39m
                  [36m/>[39m
                [36m</div>[39m
              [36m</div>[39m
            [36m</div>[39m
          [36m</div>[39m
        [36m</div>[39m
      [36m</div>[39m
    [36m</body>[39m

      384 |     render(<ClassAttendanceAnalyticsDashboard classId="class-1" />);
      385 |
    > 386 |     fireEvent.click(screen.getByText('Comparisons'));
          |                            ^
      387 |
      388 |     await waitFor(() => {
      389 |       expect(screen.getByText('No Comparison Data Available')).toBeInTheDocument();

      at Object.getElementError (node_modules/.pnpm/@testing-library+dom@10.4.0/node_modules/@testing-library/dom/dist/config.js:37:19)
      at node_modules/.pnpm/@testing-library+dom@10.4.0/node_modules/@testing-library/dom/dist/query-helpers.js:76:38
      at node_modules/.pnpm/@testing-library+dom@10.4.0/node_modules/@testing-library/dom/dist/query-helpers.js:52:17
      at node_modules/.pnpm/@testing-library+dom@10.4.0/node_modules/@testing-library/dom/dist/query-helpers.js:95:19
      at Object.getByText (src/components/admin/attendance/__tests__/ClassAttendanceAnalyticsDashboard.test.tsx:386:28)

  ● ClassAttendanceAnalyticsDashboard › handles empty recommendations gracefully

    TestingLibraryElementError: Unable to find an element with the text: Actions. This could be because the text is broken up by multiple elements. In this case, you can provide a function for your text matcher to make your matcher more flexible.

    Ignored nodes: comments, script, style
    [36m<body>[39m
      [36m<div>[39m
        [36m<div[39m
          [33mclass[39m=[32m"space-y-6"[39m
        [36m>[39m
          [36m<div[39m
            [33mclass[39m=[32m"flex items-center justify-between"[39m
          [36m>[39m
            [36m<div[39m
              [33mclass[39m=[32m"space-y-2"[39m
            [36m>[39m
              [36m<div[39m
                [33mclass[39m=[32m"h-6 w-48 bg-muted animate-pulse rounded"[39m
              [36m/>[39m
              [36m<div[39m
                [33mclass[39m=[32m"h-4 w-32 bg-muted animate-pulse rounded"[39m
              [36m/>[39m
            [36m</div>[39m
          [36m</div>[39m
          [36m<div[39m
            [33mclass[39m=[32m"grid gap-4 md:grid-cols-2 lg:grid-cols-4"[39m
          [36m>[39m
            [36m<div[39m
              [33mclass[39m=[32m"bg-card text-card-foreground flex flex-col gap-6 rounded-xl border py-6 shadow-sm"[39m
              [33mdata-slot[39m=[32m"card"[39m
            [36m>[39m
              [36m<div[39m
                [33mclass[39m=[32m"p-6"[39m
                [33mdata-slot[39m=[32m"card-content"[39m
              [36m>[39m
                [36m<div[39m
                  [33mclass[39m=[32m"space-y-2"[39m
                [36m>[39m
                  [36m<div[39m
                    [33mclass[39m=[32m"h-4 w-24 bg-muted animate-pulse rounded"[39m
                  [36m/>[39m
                  [36m<div[39m
                    [33mclass[39m=[32m"h-8 w-16 bg-muted animate-pulse rounded"[39m
                  [36m/>[39m
                [36m</div>[39m
              [36m</div>[39m
            [36m</div>[39m
            [36m<div[39m
              [33mclass[39m=[32m"bg-card text-card-foreground flex flex-col gap-6 rounded-xl border py-6 shadow-sm"[39m
              [33mdata-slot[39m=[32m"card"[39m
            [36m>[39m
              [36m<div[39m
                [33mclass[39m=[32m"p-6"[39m
                [33mdata-slot[39m=[32m"card-content"[39m
              [36m>[39m
                [36m<div[39m
                  [33mclass[39m=[32m"space-y-2"[39m
                [36m>[39m
                  [36m<div[39m
                    [33mclass[39m=[32m"h-4 w-24 bg-muted animate-pulse rounded"[39m
                  [36m/>[39m
                  [36m<div[39m
                    [33mclass[39m=[32m"h-8 w-16 bg-muted animate-pulse rounded"[39m
                  [36m/>[39m
                [36m</div>[39m
              [36m</div>[39m
            [36m</div>[39m
            [36m<div[39m
              [33mclass[39m=[32m"bg-card text-card-foreground flex flex-col gap-6 rounded-xl border py-6 shadow-sm"[39m
              [33mdata-slot[39m=[32m"card"[39m
            [36m>[39m
              [36m<div[39m
                [33mclass[39m=[32m"p-6"[39m
                [33mdata-slot[39m=[32m"card-content"[39m
              [36m>[39m
                [36m<div[39m
                  [33mclass[39m=[32m"space-y-2"[39m
                [36m>[39m
                  [36m<div[39m
                    [33mclass[39m=[32m"h-4 w-24 bg-muted animate-pulse rounded"[39m
                  [36m/>[39m
                  [36m<div[39m
                    [33mclass[39m=[32m"h-8 w-16 bg-muted animate-pulse rounded"[39m
                  [36m/>[39m
                [36m</div>[39m
              [36m</div>[39m
            [36m</div>[39m
            [36m<div[39m
              [33mclass[39m=[32m"bg-card text-card-foreground flex flex-col gap-6 rounded-xl border py-6 shadow-sm"[39m
              [33mdata-slot[39m=[32m"card"[39m
            [36m>[39m
              [36m<div[39m
                [33mclass[39m=[32m"p-6"[39m
                [33mdata-slot[39m=[32m"card-content"[39m
              [36m>[39m
                [36m<div[39m
                  [33mclass[39m=[32m"space-y-2"[39m
                [36m>[39m
                  [36m<div[39m
                    [33mclass[39m=[32m"h-4 w-24 bg-muted animate-pulse rounded"[39m
                  [36m/>[39m
                  [36m<div[39m
                    [33mclass[39m=[32m"h-8 w-16 bg-muted animate-pulse rounded"[39m
                  [36m/>[39m
                [36m</div>[39m
              [36m</div>[39m
            [36m</div>[39m
          [36m</div>[39m
        [36m</div>[39m
      [36m</div>[39m
    [36m</body>[39m

      402 |     render(<ClassAttendanceAnalyticsDashboard classId="class-1" />);
      403 |
    > 404 |     fireEvent.click(screen.getByText('Actions'));
          |                            ^
      405 |
      406 |     await waitFor(() => {
      407 |       expect(screen.getByText('No Action Items Required')).toBeInTheDocument();

      at Object.getElementError (node_modules/.pnpm/@testing-library+dom@10.4.0/node_modules/@testing-library/dom/dist/config.js:37:19)
      at node_modules/.pnpm/@testing-library+dom@10.4.0/node_modules/@testing-library/dom/dist/query-helpers.js:76:38
      at node_modules/.pnpm/@testing-library+dom@10.4.0/node_modules/@testing-library/dom/dist/query-helpers.js:52:17
      at node_modules/.pnpm/@testing-library+dom@10.4.0/node_modules/@testing-library/dom/dist/query-helpers.js:95:19
      at Object.getByText (src/components/admin/attendance/__tests__/ClassAttendanceAnalyticsDashboard.test.tsx:404:28)

  ● ClassAttendanceAnalyticsDashboard › exports data when export button is clicked

    createRoot(...): Target container is not a DOM element.

      429 |     jest.spyOn(document.body, 'removeChild').mockImplementation(mockRemoveChild);
      430 |
    > 431 |     render(<ClassAttendanceAnalyticsDashboard classId="class-1" />);
          |           ^
      432 |
      433 |     await waitFor(() => {
      434 |       expect(screen.getByText('English Basic A1 - Attendance Analytics')).toBeInTheDocument();

      at createRoot (node_modules/.pnpm/react-dom@18.3.1_react@18.3.1/node_modules/react-dom/cjs/react-dom.development.js:29384:11)
      at Object.createRoot$1 [as createRoot] (node_modules/.pnpm/react-dom@18.3.1_react@18.3.1/node_modules/react-dom/cjs/react-dom.development.js:29855:10)
      at Object.exports.createRoot (node_modules/.pnpm/react-dom@18.3.1_react@18.3.1/node_modules/react-dom/client.js:12:16)
      at createConcurrentRoot (node_modules/.pnpm/@testing-library+react@16.3.0_@testing-library+dom@10.4.0_@types+react-dom@18.3.7_@type_efee5276f61270375aed4c032a71d5e5/node_modules/@testing-library/react/dist/pure.js:147:27)
      at render (node_modules/.pnpm/@testing-library+react@16.3.0_@testing-library+dom@10.4.0_@types+react-dom@18.3.7_@type_efee5276f61270375aed4c032a71d5e5/node_modules/@testing-library/react/dist/pure.js:266:12)
      at Object.<anonymous> (src/components/admin/attendance/__tests__/ClassAttendanceAnalyticsDashboard.test.tsx:431:11)

  ● ClassAttendanceAnalyticsDashboard › calculates chart data correctly

    createRoot(...): Target container is not a DOM element.

      446 |
      447 |   it('calculates chart data correctly', async () => {
    > 448 |     render(<ClassAttendanceAnalyticsDashboard classId="class-1" />);
          |           ^
      449 |
      450 |     await waitFor(() => {
      451 |       // Check that charts receive the correct data structure

      at createRoot (node_modules/.pnpm/react-dom@18.3.1_react@18.3.1/node_modules/react-dom/cjs/react-dom.development.js:29384:11)
      at Object.createRoot$1 [as createRoot] (node_modules/.pnpm/react-dom@18.3.1_react@18.3.1/node_modules/react-dom/cjs/react-dom.development.js:29855:10)
      at Object.exports.createRoot (node_modules/.pnpm/react-dom@18.3.1_react@18.3.1/node_modules/react-dom/client.js:12:16)
      at createConcurrentRoot (node_modules/.pnpm/@testing-library+react@16.3.0_@testing-library+dom@10.4.0_@types+react-dom@18.3.7_@type_efee5276f61270375aed4c032a71d5e5/node_modules/@testing-library/react/dist/pure.js:147:27)
      at render (node_modules/.pnpm/@testing-library+react@16.3.0_@testing-library+dom@10.4.0_@types+react-dom@18.3.7_@type_efee5276f61270375aed4c032a71d5e5/node_modules/@testing-library/react/dist/pure.js:266:12)
      at Object.<anonymous> (src/components/admin/attendance/__tests__/ClassAttendanceAnalyticsDashboard.test.tsx:448:11)

  ● ClassAttendanceAnalyticsDashboard › shows correct student analytics

    createRoot(...): Target container is not a DOM element.

      461 |
      462 |   it('shows correct student analytics', async () => {
    > 463 |     render(<ClassAttendanceAnalyticsDashboard classId="class-1" />);
          |           ^
      464 |
      465 |     await waitFor(() => {
      466 |       expect(screen.getByText('↗ 5 improving')).toBeInTheDocument();

      at createRoot (node_modules/.pnpm/react-dom@18.3.1_react@18.3.1/node_modules/react-dom/cjs/react-dom.development.js:29384:11)
      at Object.createRoot$1 [as createRoot] (node_modules/.pnpm/react-dom@18.3.1_react@18.3.1/node_modules/react-dom/cjs/react-dom.development.js:29855:10)
      at Object.exports.createRoot (node_modules/.pnpm/react-dom@18.3.1_react@18.3.1/node_modules/react-dom/client.js:12:16)
      at createConcurrentRoot (node_modules/.pnpm/@testing-library+react@16.3.0_@testing-library+dom@10.4.0_@types+react-dom@18.3.7_@type_efee5276f61270375aed4c032a71d5e5/node_modules/@testing-library/react/dist/pure.js:147:27)
      at render (node_modules/.pnpm/@testing-library+react@16.3.0_@testing-library+dom@10.4.0_@types+react-dom@18.3.7_@type_efee5276f61270375aed4c032a71d5e5/node_modules/@testing-library/react/dist/pure.js:266:12)
      at Object.<anonymous> (src/components/admin/attendance/__tests__/ClassAttendanceAnalyticsDashboard.test.tsx:463:11)

  ● ClassAttendanceAnalyticsDashboard › displays peak and low attendance rates

    createRoot(...): Target container is not a DOM element.

      470 |
      471 |   it('displays peak and low attendance rates', async () => {
    > 472 |     render(<ClassAttendanceAnalyticsDashboard classId="class-1" />);
          |           ^
      473 |
      474 |     await waitFor(() => {
      475 |       expect(screen.getByText('Peak: 95.0% • Low: 65.0%')).toBeInTheDocument();

      at createRoot (node_modules/.pnpm/react-dom@18.3.1_react@18.3.1/node_modules/react-dom/cjs/react-dom.development.js:29384:11)
      at Object.createRoot$1 [as createRoot] (node_modules/.pnpm/react-dom@18.3.1_react@18.3.1/node_modules/react-dom/cjs/react-dom.development.js:29855:10)
      at Object.exports.createRoot (node_modules/.pnpm/react-dom@18.3.1_react@18.3.1/node_modules/react-dom/client.js:12:16)
      at createConcurrentRoot (node_modules/.pnpm/@testing-library+react@16.3.0_@testing-library+dom@10.4.0_@types+react-dom@18.3.7_@type_efee5276f61270375aed4c032a71d5e5/node_modules/@testing-library/react/dist/pure.js:147:27)
      at render (node_modules/.pnpm/@testing-library+react@16.3.0_@testing-library+dom@10.4.0_@types+react-dom@18.3.7_@type_efee5276f61270375aed4c032a71d5e5/node_modules/@testing-library/react/dist/pure.js:266:12)
      at Object.<anonymous> (src/components/admin/attendance/__tests__/ClassAttendanceAnalyticsDashboard.test.tsx:472:11)

  ● ClassAttendanceAnalyticsDashboard › handles different course types in display

    createRoot(...): Target container is not a DOM element.

      486 |     mockService.getClassAttendanceAnalytics.mockResolvedValue(businessEnglishData);
      487 |
    > 488 |     render(<ClassAttendanceAnalyticsDashboard classId="class-1" />);
          |           ^
      489 |
      490 |     await waitFor(() => {
      491 |       expect(screen.getByText('Business English Advanced - Attendance Analytics')).toBeInTheDocument();

      at createRoot (node_modules/.pnpm/react-dom@18.3.1_react@18.3.1/node_modules/react-dom/cjs/react-dom.development.js:29384:11)
      at Object.createRoot$1 [as createRoot] (node_modules/.pnpm/react-dom@18.3.1_react@18.3.1/node_modules/react-dom/cjs/react-dom.development.js:29855:10)
      at Object.exports.createRoot (node_modules/.pnpm/react-dom@18.3.1_react@18.3.1/node_modules/react-dom/client.js:12:16)
      at createConcurrentRoot (node_modules/.pnpm/@testing-library+react@16.3.0_@testing-library+dom@10.4.0_@types+react-dom@18.3.7_@type_efee5276f61270375aed4c032a71d5e5/node_modules/@testing-library/react/dist/pure.js:147:27)
      at render (node_modules/.pnpm/@testing-library+react@16.3.0_@testing-library+dom@10.4.0_@types+react-dom@18.3.7_@type_efee5276f61270375aed4c032a71d5e5/node_modules/@testing-library/react/dist/pure.js:266:12)
      at Object.<anonymous> (src/components/admin/attendance/__tests__/ClassAttendanceAnalyticsDashboard.test.tsx:488:11)

PASS src/lib/services/__tests__/hour-tracking-service.test.ts
  ● Console

    console.error
      Error getting student hour balance: Error: Database error
          at Object.<anonymous> (/Users/invoture/dev.local/hey-peter/src/lib/services/__tests__/hour-tracking-service.test.ts:33:16)
          at Promise.finally.completed (/Users/invoture/dev.local/hey-peter/node_modules/.pnpm/jest-circus@30.0.2/node_modules/jest-circus/build/jestAdapterInit.js:1559:28)
          at new Promise (<anonymous>)
          at callAsyncCircusFn (/Users/invoture/dev.local/hey-peter/node_modules/.pnpm/jest-circus@30.0.2/node_modules/jest-circus/build/jestAdapterInit.js:1499:10)
          at _callCircusTest (/Users/invoture/dev.local/hey-peter/node_modules/.pnpm/jest-circus@30.0.2/node_modules/jest-circus/build/jestAdapterInit.js:1009:40)
          at processTicksAndRejections (node:internal/process/task_queues:95:5)
          at _runTest (/Users/invoture/dev.local/hey-peter/node_modules/.pnpm/jest-circus@30.0.2/node_modules/jest-circus/build/jestAdapterInit.js:949:3)
          at _runTestsForDescribeBlock (/Users/invoture/dev.local/hey-peter/node_modules/.pnpm/jest-circus@30.0.2/node_modules/jest-circus/build/jestAdapterInit.js:839:13)
          at _runTestsForDescribeBlock (/Users/invoture/dev.local/hey-peter/node_modules/.pnpm/jest-circus@30.0.2/node_modules/jest-circus/build/jestAdapterInit.js:829:11)
          at _runTestsForDescribeBlock (/Users/invoture/dev.local/hey-peter/node_modules/.pnpm/jest-circus@30.0.2/node_modules/jest-circus/build/jestAdapterInit.js:829:11)
          at run (/Users/invoture/dev.local/hey-peter/node_modules/.pnpm/jest-circus@30.0.2/node_modules/jest-circus/build/jestAdapterInit.js:757:3)
          at runAndTransformResultsToJestFormat (/Users/invoture/dev.local/hey-peter/node_modules/.pnpm/jest-circus@30.0.2/node_modules/jest-circus/build/jestAdapterInit.js:1920:21)
          at jestAdapter (/Users/invoture/dev.local/hey-peter/node_modules/.pnpm/jest-circus@30.0.2/node_modules/jest-circus/build/runner.js:101:19)
          at runTestInternal (/Users/invoture/dev.local/hey-peter/node_modules/.pnpm/jest-runner@30.0.2/node_modules/jest-runner/build/testWorker.js:272:16)
          at runTest (/Users/invoture/dev.local/hey-peter/node_modules/.pnpm/jest-runner@30.0.2/node_modules/jest-runner/build/testWorker.js:340:7)
          at Object.worker (/Users/invoture/dev.local/hey-peter/node_modules/.pnpm/jest-runner@30.0.2/node_modules/jest-runner/build/testWorker.js:494:12)

      36 |       };
      37 |     } catch (error) {
    > 38 |       console.error('Error getting student hour balance:', error);
         |               ^
      39 |       return {
      40 |         success: false,
      41 |         error: error instanceof Error ? error.message : 'Failed to get hour balance'

      at HourTrackingService.error [as getStudentHourBalance] (src/lib/services/hour-tracking-service.ts:38:15)
      at Object.<anonymous> (src/lib/services/__tests__/hour-tracking-service.test.ts:36:22)

    console.error
      Error purchasing hours: Error: Purchase failed
          at Object.<anonymous> (/Users/invoture/dev.local/hey-peter/src/lib/services/__tests__/hour-tracking-service.test.ts:100:22)
          at Promise.finally.completed (/Users/invoture/dev.local/hey-peter/node_modules/.pnpm/jest-circus@30.0.2/node_modules/jest-circus/build/jestAdapterInit.js:1559:28)
          at new Promise (<anonymous>)
          at callAsyncCircusFn (/Users/invoture/dev.local/hey-peter/node_modules/.pnpm/jest-circus@30.0.2/node_modules/jest-circus/build/jestAdapterInit.js:1499:10)
          at _callCircusTest (/Users/invoture/dev.local/hey-peter/node_modules/.pnpm/jest-circus@30.0.2/node_modules/jest-circus/build/jestAdapterInit.js:1009:40)
          at processTicksAndRejections (node:internal/process/task_queues:95:5)
          at _runTest (/Users/invoture/dev.local/hey-peter/node_modules/.pnpm/jest-circus@30.0.2/node_modules/jest-circus/build/jestAdapterInit.js:949:3)
          at _runTestsForDescribeBlock (/Users/invoture/dev.local/hey-peter/node_modules/.pnpm/jest-circus@30.0.2/node_modules/jest-circus/build/jestAdapterInit.js:839:13)
          at _runTestsForDescribeBlock (/Users/invoture/dev.local/hey-peter/node_modules/.pnpm/jest-circus@30.0.2/node_modules/jest-circus/build/jestAdapterInit.js:829:11)
          at _runTestsForDescribeBlock (/Users/invoture/dev.local/hey-peter/node_modules/.pnpm/jest-circus@30.0.2/node_modules/jest-circus/build/jestAdapterInit.js:829:11)
          at run (/Users/invoture/dev.local/hey-peter/node_modules/.pnpm/jest-circus@30.0.2/node_modules/jest-circus/build/jestAdapterInit.js:757:3)
          at runAndTransformResultsToJestFormat (/Users/invoture/dev.local/hey-peter/node_modules/.pnpm/jest-circus@30.0.2/node_modules/jest-circus/build/jestAdapterInit.js:1920:21)
          at jestAdapter (/Users/invoture/dev.local/hey-peter/node_modules/.pnpm/jest-circus@30.0.2/node_modules/jest-circus/build/runner.js:101:19)
          at runTestInternal (/Users/invoture/dev.local/hey-peter/node_modules/.pnpm/jest-runner@30.0.2/node_modules/jest-runner/build/testWorker.js:272:16)
          at runTest (/Users/invoture/dev.local/hey-peter/node_modules/.pnpm/jest-runner@30.0.2/node_modules/jest-runner/build/testWorker.js:340:7)
          at Object.worker (/Users/invoture/dev.local/hey-peter/node_modules/.pnpm/jest-runner@30.0.2/node_modules/jest-runner/build/testWorker.js:494:12)

      182 |       };
      183 |     } catch (error) {
    > 184 |       console.error('Error purchasing hours:', error);
          |               ^
      185 |       return {
      186 |         success: false,
      187 |         error: error instanceof Error ? error.message : 'Failed to purchase hours'

      at HourTrackingService.error [as purchaseHours] (src/lib/services/hour-tracking-service.ts:184:15)
      at Object.<anonymous> (src/lib/services/__tests__/hour-tracking-service.test.ts:106:22)

FAIL src/lib/services/__tests__/email-queue-service.test.ts
  ● Console

    console.warn
      Email job test-uuid-123 failed, retrying in 100ms: Cannot read properties of undefined (reading 'status')

      169 |         job.status = 'pending';
      170 |         job.scheduledAt = new Date(Date.now() + job.retryDelay * job.attempts);
    > 171 |         console.warn(`Email job ${job.id} failed, retrying in ${job.retryDelay * job.attempts}ms:`, errorMessage);
          |                 ^
      172 |       }
      173 |     } finally {
      174 |       this.processing.delete(job.id);

      at EmailQueueService.warn [as processJob] (src/lib/services/email-queue-service.ts:171:17)
          at async Promise.all (index 0)
      at EmailQueueService.processQueue (src/lib/services/email-queue-service.ts:111:5)

    console.warn
      Email job test-uuid-123 failed, retrying in 200ms: Cannot read properties of undefined (reading 'status')

      169 |         job.status = 'pending';
      170 |         job.scheduledAt = new Date(Date.now() + job.retryDelay * job.attempts);
    > 171 |         console.warn(`Email job ${job.id} failed, retrying in ${job.retryDelay * job.attempts}ms:`, errorMessage);
          |                 ^
      172 |       }
      173 |     } finally {
      174 |       this.processing.delete(job.id);

      at EmailQueueService.warn [as processJob] (src/lib/services/email-queue-service.ts:171:17)
          at async Promise.all (index 0)
      at EmailQueueService.processQueue (src/lib/services/email-queue-service.ts:111:5)

    console.warn
      Email job test-uuid-123 failed, retrying in 100ms: Cannot read properties of undefined (reading 'status')

      169 |         job.status = 'pending';
      170 |         job.scheduledAt = new Date(Date.now() + job.retryDelay * job.attempts);
    > 171 |         console.warn(`Email job ${job.id} failed, retrying in ${job.retryDelay * job.attempts}ms:`, errorMessage);
          |                 ^
      172 |       }
      173 |     } finally {
      174 |       this.processing.delete(job.id);

      at EmailQueueService.warn [as processJob] (src/lib/services/email-queue-service.ts:171:17)
          at async Promise.all (index 0)
      at EmailQueueService.processQueue (src/lib/services/email-queue-service.ts:111:5)

    console.warn
      Email job test-uuid-123 failed, retrying in 200ms: Cannot read properties of undefined (reading 'status')

      169 |         job.status = 'pending';
      170 |         job.scheduledAt = new Date(Date.now() + job.retryDelay * job.attempts);
    > 171 |         console.warn(`Email job ${job.id} failed, retrying in ${job.retryDelay * job.attempts}ms:`, errorMessage);
          |                 ^
      172 |       }
      173 |     } finally {
      174 |       this.processing.delete(job.id);

      at EmailQueueService.warn [as processJob] (src/lib/services/email-queue-service.ts:171:17)
          at async Promise.all (index 0)
      at EmailQueueService.processQueue (src/lib/services/email-queue-service.ts:111:5)

    console.error
      Email job test-uuid-123 failed after 1 attempts: Cannot read properties of undefined (reading 'status')

      165 |       if (job.attempts >= job.maxAttempts) {
      166 |         job.status = 'failed';
    > 167 |         console.error(`Email job ${job.id} failed after ${job.attempts} attempts:`, errorMessage);
          |                 ^
      168 |       } else {
      169 |         job.status = 'pending';
      170 |         job.scheduledAt = new Date(Date.now() + job.retryDelay * job.attempts);

      at EmailQueueService.error [as processJob] (src/lib/services/email-queue-service.ts:167:17)
          at async Promise.all (index 0)
      at EmailQueueService.processQueue (src/lib/services/email-queue-service.ts:111:5)

    console.warn
      Email job test-uuid-123 failed, retrying in 100ms: Cannot read properties of undefined (reading 'status')

      169 |         job.status = 'pending';
      170 |         job.scheduledAt = new Date(Date.now() + job.retryDelay * job.attempts);
    > 171 |         console.warn(`Email job ${job.id} failed, retrying in ${job.retryDelay * job.attempts}ms:`, errorMessage);
          |                 ^
      172 |       }
      173 |     } finally {
      174 |       this.processing.delete(job.id);

      at EmailQueueService.warn [as processJob] (src/lib/services/email-queue-service.ts:171:17)
          at async Promise.all (index 0)
      at EmailQueueService.processQueue (src/lib/services/email-queue-service.ts:111:5)

    console.warn
      Email job test-uuid-123 failed, retrying in 200ms: Cannot read properties of undefined (reading 'status')

      169 |         job.status = 'pending';
      170 |         job.scheduledAt = new Date(Date.now() + job.retryDelay * job.attempts);
    > 171 |         console.warn(`Email job ${job.id} failed, retrying in ${job.retryDelay * job.attempts}ms:`, errorMessage);
          |                 ^
      172 |       }
      173 |     } finally {
      174 |       this.processing.delete(job.id);

      at EmailQueueService.warn [as processJob] (src/lib/services/email-queue-service.ts:171:17)
          at async Promise.all (index 0)
      at EmailQueueService.processQueue (src/lib/services/email-queue-service.ts:111:5)

    console.error
      Email job test-uuid-123 failed after 1 attempts: Cannot read properties of undefined (reading 'status')

      165 |       if (job.attempts >= job.maxAttempts) {
      166 |         job.status = 'failed';
    > 167 |         console.error(`Email job ${job.id} failed after ${job.attempts} attempts:`, errorMessage);
          |                 ^
      168 |       } else {
      169 |         job.status = 'pending';
      170 |         job.scheduledAt = new Date(Date.now() + job.retryDelay * job.attempts);

      at EmailQueueService.error [as processJob] (src/lib/services/email-queue-service.ts:167:17)
          at async Promise.all (index 0)
      at EmailQueueService.processQueue (src/lib/services/email-queue-service.ts:111:5)

    console.warn
      Email job test-uuid-123 failed, retrying in 100ms: Cannot read properties of undefined (reading 'status')

      169 |         job.status = 'pending';
      170 |         job.scheduledAt = new Date(Date.now() + job.retryDelay * job.attempts);
    > 171 |         console.warn(`Email job ${job.id} failed, retrying in ${job.retryDelay * job.attempts}ms:`, errorMessage);
          |                 ^
      172 |       }
      173 |     } finally {
      174 |       this.processing.delete(job.id);

      at EmailQueueService.warn [as processJob] (src/lib/services/email-queue-service.ts:171:17)
          at async Promise.all (index 0)
      at EmailQueueService.processQueue (src/lib/services/email-queue-service.ts:111:5)

    console.warn
      Email job test-uuid-123 failed, retrying in 200ms: Cannot read properties of undefined (reading 'status')

      169 |         job.status = 'pending';
      170 |         job.scheduledAt = new Date(Date.now() + job.retryDelay * job.attempts);
    > 171 |         console.warn(`Email job ${job.id} failed, retrying in ${job.retryDelay * job.attempts}ms:`, errorMessage);
          |                 ^
      172 |       }
      173 |     } finally {
      174 |       this.processing.delete(job.id);

      at EmailQueueService.warn [as processJob] (src/lib/services/email-queue-service.ts:171:17)
          at async Promise.all (index 0)
      at EmailQueueService.processQueue (src/lib/services/email-queue-service.ts:111:5)

    console.error
      Email job test-uuid-123 failed after 1 attempts: Cannot read properties of undefined (reading 'status')

      165 |       if (job.attempts >= job.maxAttempts) {
      166 |         job.status = 'failed';
    > 167 |         console.error(`Email job ${job.id} failed after ${job.attempts} attempts:`, errorMessage);
          |                 ^
      168 |       } else {
      169 |         job.status = 'pending';
      170 |         job.scheduledAt = new Date(Date.now() + job.retryDelay * job.attempts);

      at EmailQueueService.error [as processJob] (src/lib/services/email-queue-service.ts:167:17)
          at async Promise.all (index 0)
      at EmailQueueService.processQueue (src/lib/services/email-queue-service.ts:111:5)

  ● EmailQueueService › processQueue › should process pending jobs

    expect(received).toBe(expected) // Object.is equality

    Expected: 1
    Received: 2

      116 |
      117 |       const job = queueService.getJobStatus(jobId);
    > 118 |       expect(job?.attempts).toBe(1);
          |                             ^
      119 |     });
      120 |
      121 |     it('should retry failed jobs', async () => {

      at Object.toBe (src/lib/services/__tests__/email-queue-service.test.ts:118:29)

  ● EmailQueueService › processQueue › should retry failed jobs

    expect(received).toBe(expected) // Object.is equality

    Expected: 1
    Received: 2

      135 |
      136 |       const job = queueService.getJobStatus(jobId);
    > 137 |       expect(job?.attempts).toBe(1);
          |                             ^
      138 |       expect(job?.status).toBe('pending'); // Should be pending for retry
      139 |       expect(job?.lastError).toBe('Send failed');
      140 |     });

      at Object.toBe (src/lib/services/__tests__/email-queue-service.test.ts:137:29)

  ● EmailQueueService › processQueue › should process jobs by priority

    expect(received).toBe(expected) // Object.is equality

    Expected: "Urgent Priority"
    Received: undefined

      196 |
      197 |       // High priority jobs should be processed first
    > 198 |       expect(processedJobs[0]).toBe('Urgent Priority');
          |                                ^
      199 |       expect(processedJobs[1]).toBe('High Priority');
      200 |       expect(processedJobs[2]).toBe('Low Priority');
      201 |     });

      at Object.toBe (src/lib/services/__tests__/email-queue-service.test.ts:198:32)

  ● EmailQueueService › queue management › should get queue statistics

    expect(received).toBe(expected) // Object.is equality

    Expected: 3
    Received: 1

      215 |
      216 |       const stats = queueService.getQueueStats();
    > 217 |       expect(stats.total).toBe(3);
          |                           ^
      218 |       expect(stats.pending).toBe(3);
      219 |       expect(stats.processing).toBe(0);
      220 |       expect(stats.completed).toBe(0);

      at Object.toBe (src/lib/services/__tests__/email-queue-service.test.ts:217:27)

  ● EmailQueueService › queue management › should get jobs by status

    expect(received).toBe(expected) // Object.is equality

    Expected: 2
    Received: 1

      331 |
      332 |       const pendingJobs = queueService.getJobsByStatus('pending');
    > 333 |       expect(pendingJobs.length).toBe(2);
          |                                  ^
      334 |       expect(pendingJobs[0].status).toBe('pending');
      335 |     });
      336 |   });

      at Object.toBe (src/lib/services/__tests__/email-queue-service.test.ts:333:34)

PASS src/components/teacher/__tests__/TeacherAnalyticsDashboard.test.tsx
PASS src/components/student/__tests__/StudentLearningMaterials.test.tsx
  ● Console

    console.warn
      Warning: Missing `Description` or `aria-describedby={undefined}` for {DialogContent}.

      313 |
      314 |     const previewButton = screen.getAllByText('Preview')[0];
    > 315 |     await user.click(previewButton);
          |     ^
      316 |
      317 |     await waitFor(() => {
      318 |       expect(screen.getByRole('dialog')).toBeInTheDocument();

      at node_modules/@radix-ui/react-dialog/src/dialog.tsx:543:36
      at commitHookEffectListMount (node_modules/.pnpm/react-dom@18.3.1_react@18.3.1/node_modules/react-dom/cjs/react-dom.development.js:23189:26)
      at commitPassiveMountOnFiber (node_modules/.pnpm/react-dom@18.3.1_react@18.3.1/node_modules/react-dom/cjs/react-dom.development.js:24970:11)
      at commitPassiveMountEffects_complete (node_modules/.pnpm/react-dom@18.3.1_react@18.3.1/node_modules/react-dom/cjs/react-dom.development.js:24930:9)
      at commitPassiveMountEffects_begin (node_modules/.pnpm/react-dom@18.3.1_react@18.3.1/node_modules/react-dom/cjs/react-dom.development.js:24917:7)
      at commitPassiveMountEffects (node_modules/.pnpm/react-dom@18.3.1_react@18.3.1/node_modules/react-dom/cjs/react-dom.development.js:24905:3)
      at flushPassiveEffectsImpl (node_modules/.pnpm/react-dom@18.3.1_react@18.3.1/node_modules/react-dom/cjs/react-dom.development.js:27078:3)
      at flushPassiveEffects (node_modules/.pnpm/react-dom@18.3.1_react@18.3.1/node_modules/react-dom/cjs/react-dom.development.js:27023:14)
      at commitRootImpl (node_modules/.pnpm/react-dom@18.3.1_react@18.3.1/node_modules/react-dom/cjs/react-dom.development.js:26974:5)
      at commitRoot (node_modules/.pnpm/react-dom@18.3.1_react@18.3.1/node_modules/react-dom/cjs/react-dom.development.js:26721:5)
      at performSyncWorkOnRoot (node_modules/.pnpm/react-dom@18.3.1_react@18.3.1/node_modules/react-dom/cjs/react-dom.development.js:26156:3)
      at flushSyncCallbacks (node_modules/.pnpm/react-dom@18.3.1_react@18.3.1/node_modules/react-dom/cjs/react-dom.development.js:12042:22)
      at flushActQueue (node_modules/.pnpm/react@18.3.1/node_modules/react/cjs/react.development.js:2667:24)
      at act (node_modules/.pnpm/react@18.3.1/node_modules/react/cjs/react.development.js:2582:11)
      at node_modules/.pnpm/@testing-library+react@16.3.0_@testing-library+dom@10.4.0_@types+react-dom@18.3.7_@type_efee5276f61270375aed4c032a71d5e5/node_modules/@testing-library/react/dist/act-compat.js:47:25
      at Object.eventWrapper (node_modules/.pnpm/@testing-library+react@16.3.0_@testing-library+dom@10.4.0_@types+react-dom@18.3.7_@type_efee5276f61270375aed4c032a71d5e5/node_modules/@testing-library/react/dist/pure.js:107:28)
      at Object.wrapEvent (node_modules/.pnpm/@testing-library+user-event@14.6.1_@testing-library+dom@10.4.0/node_modules/@testing-library/user-event/dist/cjs/event/wrapEvent.js:6:28)
      at Object.dispatchEvent (node_modules/.pnpm/@testing-library+user-event@14.6.1_@testing-library+dom@10.4.0/node_modules/@testing-library/user-event/dist/cjs/event/dispatchEvent.js:45:22)
      at Object.dispatchUIEvent (node_modules/.pnpm/@testing-library+user-event@14.6.1_@testing-library+dom@10.4.0/node_modules/@testing-library/user-event/dist/cjs/event/dispatchEvent.js:22:26)
      at Mouse.up (node_modules/.pnpm/@testing-library+user-event@14.6.1_@testing-library+dom@10.4.0/node_modules/@testing-library/user-event/dist/cjs/system/pointer/mouse.js:100:30)
      at PointerHost.release (node_modules/.pnpm/@testing-library+user-event@14.6.1_@testing-library+dom@10.4.0/node_modules/@testing-library/user-event/dist/cjs/system/pointer/index.js:87:24)
      at pointerAction (node_modules/.pnpm/@testing-library+user-event@14.6.1_@testing-library+dom@10.4.0/node_modules/@testing-library/user-event/dist/cjs/pointer/index.js:54:47)
      at Object.pointer (node_modules/.pnpm/@testing-library+user-event@14.6.1_@testing-library+dom@10.4.0/node_modules/@testing-library/user-event/dist/cjs/pointer/index.js:27:9)
      at Object.asyncWrapper (node_modules/.pnpm/@testing-library+react@16.3.0_@testing-library+dom@10.4.0_@types+react-dom@18.3.7_@type_efee5276f61270375aed4c032a71d5e5/node_modules/@testing-library/react/dist/pure.js:88:22)
      at Object.<anonymous> (src/components/student/__tests__/StudentLearningMaterials.test.tsx:315:5)

    console.warn
      Warning: Missing `Description` or `aria-describedby={undefined}` for {DialogContent}.

      329 |
      330 |     const uploadButton = screen.getByText('Upload Study Notes');
    > 331 |     await user.click(uploadButton);
          |     ^
      332 |
      333 |     await waitFor(() => {
      334 |       expect(screen.getByRole('dialog')).toBeInTheDocument();

      at node_modules/@radix-ui/react-dialog/src/dialog.tsx:543:36
      at commitHookEffectListMount (node_modules/.pnpm/react-dom@18.3.1_react@18.3.1/node_modules/react-dom/cjs/react-dom.development.js:23189:26)
      at commitPassiveMountOnFiber (node_modules/.pnpm/react-dom@18.3.1_react@18.3.1/node_modules/react-dom/cjs/react-dom.development.js:24970:11)
      at commitPassiveMountEffects_complete (node_modules/.pnpm/react-dom@18.3.1_react@18.3.1/node_modules/react-dom/cjs/react-dom.development.js:24930:9)
      at commitPassiveMountEffects_begin (node_modules/.pnpm/react-dom@18.3.1_react@18.3.1/node_modules/react-dom/cjs/react-dom.development.js:24917:7)
      at commitPassiveMountEffects (node_modules/.pnpm/react-dom@18.3.1_react@18.3.1/node_modules/react-dom/cjs/react-dom.development.js:24905:3)
      at flushPassiveEffectsImpl (node_modules/.pnpm/react-dom@18.3.1_react@18.3.1/node_modules/react-dom/cjs/react-dom.development.js:27078:3)
      at flushPassiveEffects (node_modules/.pnpm/react-dom@18.3.1_react@18.3.1/node_modules/react-dom/cjs/react-dom.development.js:27023:14)
      at commitRootImpl (node_modules/.pnpm/react-dom@18.3.1_react@18.3.1/node_modules/react-dom/cjs/react-dom.development.js:26974:5)
      at commitRoot (node_modules/.pnpm/react-dom@18.3.1_react@18.3.1/node_modules/react-dom/cjs/react-dom.development.js:26721:5)
      at performSyncWorkOnRoot (node_modules/.pnpm/react-dom@18.3.1_react@18.3.1/node_modules/react-dom/cjs/react-dom.development.js:26156:3)
      at flushSyncCallbacks (node_modules/.pnpm/react-dom@18.3.1_react@18.3.1/node_modules/react-dom/cjs/react-dom.development.js:12042:22)
      at flushActQueue (node_modules/.pnpm/react@18.3.1/node_modules/react/cjs/react.development.js:2667:24)
      at act (node_modules/.pnpm/react@18.3.1/node_modules/react/cjs/react.development.js:2582:11)
      at node_modules/.pnpm/@testing-library+react@16.3.0_@testing-library+dom@10.4.0_@types+react-dom@18.3.7_@type_efee5276f61270375aed4c032a71d5e5/node_modules/@testing-library/react/dist/act-compat.js:47:25
      at Object.eventWrapper (node_modules/.pnpm/@testing-library+react@16.3.0_@testing-library+dom@10.4.0_@types+react-dom@18.3.7_@type_efee5276f61270375aed4c032a71d5e5/node_modules/@testing-library/react/dist/pure.js:107:28)
      at Object.wrapEvent (node_modules/.pnpm/@testing-library+user-event@14.6.1_@testing-library+dom@10.4.0/node_modules/@testing-library/user-event/dist/cjs/event/wrapEvent.js:6:28)
      at Object.dispatchEvent (node_modules/.pnpm/@testing-library+user-event@14.6.1_@testing-library+dom@10.4.0/node_modules/@testing-library/user-event/dist/cjs/event/dispatchEvent.js:45:22)
      at Object.dispatchUIEvent (node_modules/.pnpm/@testing-library+user-event@14.6.1_@testing-library+dom@10.4.0/node_modules/@testing-library/user-event/dist/cjs/event/dispatchEvent.js:22:26)
      at Mouse.up (node_modules/.pnpm/@testing-library+user-event@14.6.1_@testing-library+dom@10.4.0/node_modules/@testing-library/user-event/dist/cjs/system/pointer/mouse.js:100:30)
      at PointerHost.release (node_modules/.pnpm/@testing-library+user-event@14.6.1_@testing-library+dom@10.4.0/node_modules/@testing-library/user-event/dist/cjs/system/pointer/index.js:87:24)
      at pointerAction (node_modules/.pnpm/@testing-library+user-event@14.6.1_@testing-library+dom@10.4.0/node_modules/@testing-library/user-event/dist/cjs/pointer/index.js:54:47)
      at Object.pointer (node_modules/.pnpm/@testing-library+user-event@14.6.1_@testing-library+dom@10.4.0/node_modules/@testing-library/user-event/dist/cjs/pointer/index.js:27:9)
      at Object.asyncWrapper (node_modules/.pnpm/@testing-library+react@16.3.0_@testing-library+dom@10.4.0_@types+react-dom@18.3.7_@type_efee5276f61270375aed4c032a71d5e5/node_modules/@testing-library/react/dist/pure.js:88:22)
      at Object.<anonymous> (src/components/student/__tests__/StudentLearningMaterials.test.tsx:331:5)

    console.warn
      Warning: Missing `Description` or `aria-describedby={undefined}` for {DialogContent}.

      346 |
      347 |     const analyticsButton = screen.getByText('Analytics');
    > 348 |     await user.click(analyticsButton);
          |     ^
      349 |
      350 |     await waitFor(() => {
      351 |       expect(screen.getByRole('dialog')).toBeInTheDocument();

      at node_modules/@radix-ui/react-dialog/src/dialog.tsx:543:36
      at commitHookEffectListMount (node_modules/.pnpm/react-dom@18.3.1_react@18.3.1/node_modules/react-dom/cjs/react-dom.development.js:23189:26)
      at commitPassiveMountOnFiber (node_modules/.pnpm/react-dom@18.3.1_react@18.3.1/node_modules/react-dom/cjs/react-dom.development.js:24970:11)
      at commitPassiveMountEffects_complete (node_modules/.pnpm/react-dom@18.3.1_react@18.3.1/node_modules/react-dom/cjs/react-dom.development.js:24930:9)
      at commitPassiveMountEffects_begin (node_modules/.pnpm/react-dom@18.3.1_react@18.3.1/node_modules/react-dom/cjs/react-dom.development.js:24917:7)
      at commitPassiveMountEffects (node_modules/.pnpm/react-dom@18.3.1_react@18.3.1/node_modules/react-dom/cjs/react-dom.development.js:24905:3)
      at flushPassiveEffectsImpl (node_modules/.pnpm/react-dom@18.3.1_react@18.3.1/node_modules/react-dom/cjs/react-dom.development.js:27078:3)
      at flushPassiveEffects (node_modules/.pnpm/react-dom@18.3.1_react@18.3.1/node_modules/react-dom/cjs/react-dom.development.js:27023:14)
      at commitRootImpl (node_modules/.pnpm/react-dom@18.3.1_react@18.3.1/node_modules/react-dom/cjs/react-dom.development.js:26974:5)
      at commitRoot (node_modules/.pnpm/react-dom@18.3.1_react@18.3.1/node_modules/react-dom/cjs/react-dom.development.js:26721:5)
      at performSyncWorkOnRoot (node_modules/.pnpm/react-dom@18.3.1_react@18.3.1/node_modules/react-dom/cjs/react-dom.development.js:26156:3)
      at flushSyncCallbacks (node_modules/.pnpm/react-dom@18.3.1_react@18.3.1/node_modules/react-dom/cjs/react-dom.development.js:12042:22)
      at flushActQueue (node_modules/.pnpm/react@18.3.1/node_modules/react/cjs/react.development.js:2667:24)
      at act (node_modules/.pnpm/react@18.3.1/node_modules/react/cjs/react.development.js:2582:11)
      at node_modules/.pnpm/@testing-library+react@16.3.0_@testing-library+dom@10.4.0_@types+react-dom@18.3.7_@type_efee5276f61270375aed4c032a71d5e5/node_modules/@testing-library/react/dist/act-compat.js:47:25
      at Object.eventWrapper (node_modules/.pnpm/@testing-library+react@16.3.0_@testing-library+dom@10.4.0_@types+react-dom@18.3.7_@type_efee5276f61270375aed4c032a71d5e5/node_modules/@testing-library/react/dist/pure.js:107:28)
      at Object.wrapEvent (node_modules/.pnpm/@testing-library+user-event@14.6.1_@testing-library+dom@10.4.0/node_modules/@testing-library/user-event/dist/cjs/event/wrapEvent.js:6:28)
      at Object.dispatchEvent (node_modules/.pnpm/@testing-library+user-event@14.6.1_@testing-library+dom@10.4.0/node_modules/@testing-library/user-event/dist/cjs/event/dispatchEvent.js:45:22)
      at Object.dispatchUIEvent (node_modules/.pnpm/@testing-library+user-event@14.6.1_@testing-library+dom@10.4.0/node_modules/@testing-library/user-event/dist/cjs/event/dispatchEvent.js:22:26)
      at Mouse.up (node_modules/.pnpm/@testing-library+user-event@14.6.1_@testing-library+dom@10.4.0/node_modules/@testing-library/user-event/dist/cjs/system/pointer/mouse.js:100:30)
      at PointerHost.release (node_modules/.pnpm/@testing-library+user-event@14.6.1_@testing-library+dom@10.4.0/node_modules/@testing-library/user-event/dist/cjs/system/pointer/index.js:87:24)
      at pointerAction (node_modules/.pnpm/@testing-library+user-event@14.6.1_@testing-library+dom@10.4.0/node_modules/@testing-library/user-event/dist/cjs/pointer/index.js:54:47)
      at Object.pointer (node_modules/.pnpm/@testing-library+user-event@14.6.1_@testing-library+dom@10.4.0/node_modules/@testing-library/user-event/dist/cjs/pointer/index.js:27:9)
      at Object.asyncWrapper (node_modules/.pnpm/@testing-library+react@16.3.0_@testing-library+dom@10.4.0_@types+react-dom@18.3.7_@type_efee5276f61270375aed4c032a71d5e5/node_modules/@testing-library/react/dist/pure.js:88:22)
      at Object.<anonymous> (src/components/student/__tests__/StudentLearningMaterials.test.tsx:348:5)

PASS src/components/student/__tests__/StudentDashboardLayout.test.tsx
FAIL src/components/ui/__tests__/dynamic-form-generator-extended.test.tsx
  ● Console

    console.error
      Warning: Function components cannot be given refs. Attempts to access this ref will fail. Did you mean to use React.forwardRef()?
          at placeholder (/Users/invoture/dev.local/hey-peter/src/components/ui/__tests__/dynamic-form-generator-extended.test.tsx:18:18)
          at div
          at children (/Users/invoture/dev.local/hey-peter/src/components/ui/form-field.tsx:107:6)
          at div
          at className (/Users/invoture/dev.local/hey-peter/src/components/ui/form-field.tsx:76:6)
          at indexB (/Users/invoture/dev.local/hey-peter/node_modules/.pnpm/react-hook-form@7.58.1_react@18.3.1/node_modules/react-hook-form/src/utils/swap.ts:2:23)
          at props (/Users/invoture/dev.local/hey-peter/src/components/ui/form-field.tsx:33:6)
          at field (/Users/invoture/dev.local/hey-peter/src/components/ui/dynamic-form-generator.tsx:184:56)
          at div
          at form
          at encType (/Users/invoture/dev.local/hey-peter/node_modules/.pnpm/react-hook-form@7.58.1_react@18.3.1/node_modules/react-hook-form/src/form.tsx:140:16)
          at sections (/Users/invoture/dev.local/hey-peter/src/components/ui/dynamic-form-generator.tsx:558:3)

      90 |       ];
      91 |
    > 92 |       render(<DynamicFormGenerator fields={fields} />);
         |             ^
      93 |       
      94 |       const datePicker = screen.getByTestId("date-picker");
      95 |       expect(datePicker).toBeInTheDocument();

      at printWarning (node_modules/.pnpm/react-dom@18.3.1_react@18.3.1/node_modules/react-dom/cjs/react-dom.development.js:86:30)
      at error (node_modules/.pnpm/react-dom@18.3.1_react@18.3.1/node_modules/react-dom/cjs/react-dom.development.js:60:7)
      at validateFunctionComponentInDev (node_modules/.pnpm/react-dom@18.3.1_react@18.3.1/node_modules/react-dom/cjs/react-dom.development.js:20222:9)
      at mountIndeterminateComponent (node_modules/.pnpm/react-dom@18.3.1_react@18.3.1/node_modules/react-dom/cjs/react-dom.development.js:20189:7)
      at beginWork (node_modules/.pnpm/react-dom@18.3.1_react@18.3.1/node_modules/react-dom/cjs/react-dom.development.js:21626:16)
      at beginWork$1 (node_modules/.pnpm/react-dom@18.3.1_react@18.3.1/node_modules/react-dom/cjs/react-dom.development.js:27465:14)
      at performUnitOfWork (node_modules/.pnpm/react-dom@18.3.1_react@18.3.1/node_modules/react-dom/cjs/react-dom.development.js:26599:12)
      at workLoopSync (node_modules/.pnpm/react-dom@18.3.1_react@18.3.1/node_modules/react-dom/cjs/react-dom.development.js:26505:5)
      at renderRootSync (node_modules/.pnpm/react-dom@18.3.1_react@18.3.1/node_modules/react-dom/cjs/react-dom.development.js:26473:7)
      at performConcurrentWorkOnRoot (node_modules/.pnpm/react-dom@18.3.1_react@18.3.1/node_modules/react-dom/cjs/react-dom.development.js:25777:74)
      at flushActQueue (node_modules/.pnpm/react@18.3.1/node_modules/react/cjs/react.development.js:2667:24)
      at act (node_modules/.pnpm/react@18.3.1/node_modules/react/cjs/react.development.js:2582:11)
      at node_modules/.pnpm/@testing-library+react@16.3.0_@testing-library+dom@10.4.0_@types+react-dom@18.3.7_@type_efee5276f61270375aed4c032a71d5e5/node_modules/@testing-library/react/dist/act-compat.js:47:25
      at renderRoot (node_modules/.pnpm/@testing-library+react@16.3.0_@testing-library+dom@10.4.0_@types+react-dom@18.3.7_@type_efee5276f61270375aed4c032a71d5e5/node_modules/@testing-library/react/dist/pure.js:190:26)
      at render (node_modules/.pnpm/@testing-library+react@16.3.0_@testing-library+dom@10.4.0_@types+react-dom@18.3.7_@type_efee5276f61270375aed4c032a71d5e5/node_modules/@testing-library/react/dist/pure.js:292:10)
      at Object.<anonymous> (src/components/ui/__tests__/dynamic-form-generator-extended.test.tsx:92:13)

    console.error
      Warning: A component is changing an uncontrolled input to be controlled. This is likely caused by the value changing from undefined to a defined value, which should not happen. Decide between using a controlled or uncontrolled input element for the lifetime of the component. More info: https://reactjs.org/link/controlled-components
          at input
          at className (/Users/invoture/dev.local/hey-peter/src/components/ui/input.tsx:8:6)
          at div
          at children (/Users/invoture/dev.local/hey-peter/src/components/ui/form-field.tsx:107:6)
          at div
          at className (/Users/invoture/dev.local/hey-peter/src/components/ui/form-field.tsx:76:6)
          at indexB (/Users/invoture/dev.local/hey-peter/node_modules/.pnpm/react-hook-form@7.58.1_react@18.3.1/node_modules/react-hook-form/src/utils/swap.ts:2:23)
          at props (/Users/invoture/dev.local/hey-peter/src/components/ui/form-field.tsx:33:6)
          at field (/Users/invoture/dev.local/hey-peter/src/components/ui/dynamic-form-generator.tsx:184:56)
          at div
          at form
          at encType (/Users/invoture/dev.local/hey-peter/node_modules/.pnpm/react-hook-form@7.58.1_react@18.3.1/node_modules/react-hook-form/src/form.tsx:140:16)
          at sections (/Users/invoture/dev.local/hey-peter/src/components/ui/dynamic-form-generator.tsx:558:3)

      401 |       // Fill in the form
      402 |       const nameInput = screen.getByLabelText("Name");
    > 403 |       await user.type(nameInput, "John Doe");
          |       ^
      404 |       
      405 |       // Select multiple options
      406 |       const multiSelect = screen.getByTestId("multi-select");

      at printWarning (node_modules/.pnpm/react-dom@18.3.1_react@18.3.1/node_modules/react-dom/cjs/react-dom.development.js:86:30)
      at error (node_modules/.pnpm/react-dom@18.3.1_react@18.3.1/node_modules/react-dom/cjs/react-dom.development.js:60:7)
      at updateWrapper (node_modules/.pnpm/react-dom@18.3.1_react@18.3.1/node_modules/react-dom/cjs/react-dom.development.js:1813:7)
      at updateProperties (node_modules/.pnpm/react-dom@18.3.1_react@18.3.1/node_modules/react-dom/cjs/react-dom.development.js:10151:7)
      at commitUpdate (node_modules/.pnpm/react-dom@18.3.1_react@18.3.1/node_modules/react-dom/cjs/react-dom.development.js:11047:3)
      at commitMutationEffectsOnFiber (node_modules/.pnpm/react-dom@18.3.1_react@18.3.1/node_modules/react-dom/cjs/react-dom.development.js:24428:19)
      at recursivelyTraverseMutationEffects (node_modules/.pnpm/react-dom@18.3.1_react@18.3.1/node_modules/react-dom/cjs/react-dom.development.js:24312:7)
      at commitMutationEffectsOnFiber (node_modules/.pnpm/react-dom@18.3.1_react@18.3.1/node_modules/react-dom/cjs/react-dom.development.js:24332:9)
      at recursivelyTraverseMutationEffects (node_modules/.pnpm/react-dom@18.3.1_react@18.3.1/node_modules/react-dom/cjs/react-dom.development.js:24312:7)
      at commitMutationEffectsOnFiber (node_modules/.pnpm/react-dom@18.3.1_react@18.3.1/node_modules/react-dom/cjs/react-dom.development.js:24385:9)
      at recursivelyTraverseMutationEffects (node_modules/.pnpm/react-dom@18.3.1_react@18.3.1/node_modules/react-dom/cjs/react-dom.development.js:24312:7)
      at commitMutationEffectsOnFiber (node_modules/.pnpm/react-dom@18.3.1_react@18.3.1/node_modules/react-dom/cjs/react-dom.development.js:24332:9)
      at recursivelyTraverseMutationEffects (node_modules/.pnpm/react-dom@18.3.1_react@18.3.1/node_modules/react-dom/cjs/react-dom.development.js:24312:7)
      at commitMutationEffectsOnFiber (node_modules/.pnpm/react-dom@18.3.1_react@18.3.1/node_modules/react-dom/cjs/react-dom.development.js:24385:9)
      at recursivelyTraverseMutationEffects (node_modules/.pnpm/react-dom@18.3.1_react@18.3.1/node_modules/react-dom/cjs/react-dom.development.js:24312:7)
      at commitMutationEffectsOnFiber (node_modules/.pnpm/react-dom@18.3.1_react@18.3.1/node_modules/react-dom/cjs/react-dom.development.js:24615:9)
      at recursivelyTraverseMutationEffects (node_modules/.pnpm/react-dom@18.3.1_react@18.3.1/node_modules/react-dom/cjs/react-dom.development.js:24312:7)
      at commitMutationEffectsOnFiber (node_modules/.pnpm/react-dom@18.3.1_react@18.3.1/node_modules/react-dom/cjs/react-dom.development.js:24332:9)
      at recursivelyTraverseMutationEffects (node_modules/.pnpm/react-dom@18.3.1_react@18.3.1/node_modules/react-dom/cjs/react-dom.development.js:24312:7)
      at commitMutationEffectsOnFiber (node_modules/.pnpm/react-dom@18.3.1_react@18.3.1/node_modules/react-dom/cjs/react-dom.development.js:24332:9)
      at recursivelyTraverseMutationEffects (node_modules/.pnpm/react-dom@18.3.1_react@18.3.1/node_modules/react-dom/cjs/react-dom.development.js:24312:7)
      at commitMutationEffectsOnFiber (node_modules/.pnpm/react-dom@18.3.1_react@18.3.1/node_modules/react-dom/cjs/react-dom.development.js:24615:9)
      at recursivelyTraverseMutationEffects (node_modules/.pnpm/react-dom@18.3.1_react@18.3.1/node_modules/react-dom/cjs/react-dom.development.js:24312:7)
      at commitMutationEffectsOnFiber (node_modules/.pnpm/react-dom@18.3.1_react@18.3.1/node_modules/react-dom/cjs/react-dom.development.js:24332:9)
      at recursivelyTraverseMutationEffects (node_modules/.pnpm/react-dom@18.3.1_react@18.3.1/node_modules/react-dom/cjs/react-dom.development.js:24312:7)
      at commitMutationEffectsOnFiber (node_modules/.pnpm/react-dom@18.3.1_react@18.3.1/node_modules/react-dom/cjs/react-dom.development.js:24332:9)
      at recursivelyTraverseMutationEffects (node_modules/.pnpm/react-dom@18.3.1_react@18.3.1/node_modules/react-dom/cjs/react-dom.development.js:24312:7)
      at commitMutationEffectsOnFiber (node_modules/.pnpm/react-dom@18.3.1_react@18.3.1/node_modules/react-dom/cjs/react-dom.development.js:24385:9)
      at recursivelyTraverseMutationEffects (node_modules/.pnpm/react-dom@18.3.1_react@18.3.1/node_modules/react-dom/cjs/react-dom.development.js:24312:7)
      at commitMutationEffectsOnFiber (node_modules/.pnpm/react-dom@18.3.1_react@18.3.1/node_modules/react-dom/cjs/react-dom.development.js:24385:9)
      at recursivelyTraverseMutationEffects (node_modules/.pnpm/react-dom@18.3.1_react@18.3.1/node_modules/react-dom/cjs/react-dom.development.js:24312:7)
      at commitMutationEffectsOnFiber (node_modules/.pnpm/react-dom@18.3.1_react@18.3.1/node_modules/react-dom/cjs/react-dom.development.js:24615:9)
      at recursivelyTraverseMutationEffects (node_modules/.pnpm/react-dom@18.3.1_react@18.3.1/node_modules/react-dom/cjs/react-dom.development.js:24312:7)
      at commitMutationEffectsOnFiber (node_modules/.pnpm/react-dom@18.3.1_react@18.3.1/node_modules/react-dom/cjs/react-dom.development.js:24332:9)
      at recursivelyTraverseMutationEffects (node_modules/.pnpm/react-dom@18.3.1_react@18.3.1/node_modules/react-dom/cjs/react-dom.development.js:24312:7)
      at commitMutationEffectsOnFiber (node_modules/.pnpm/react-dom@18.3.1_react@18.3.1/node_modules/react-dom/cjs/react-dom.development.js:24332:9)
      at recursivelyTraverseMutationEffects (node_modules/.pnpm/react-dom@18.3.1_react@18.3.1/node_modules/react-dom/cjs/react-dom.development.js:24312:7)
      at commitMutationEffectsOnFiber (node_modules/.pnpm/react-dom@18.3.1_react@18.3.1/node_modules/react-dom/cjs/react-dom.development.js:24471:9)
      at commitMutationEffects (node_modules/.pnpm/react-dom@18.3.1_react@18.3.1/node_modules/react-dom/cjs/react-dom.development.js:24282:3)
      at commitRootImpl (node_modules/.pnpm/react-dom@18.3.1_react@18.3.1/node_modules/react-dom/cjs/react-dom.development.js:26849:5)
      at commitRoot (node_modules/.pnpm/react-dom@18.3.1_react@18.3.1/node_modules/react-dom/cjs/react-dom.development.js:26721:5)
      at performSyncWorkOnRoot (node_modules/.pnpm/react-dom@18.3.1_react@18.3.1/node_modules/react-dom/cjs/react-dom.development.js:26156:3)
      at flushSyncCallbacks (node_modules/.pnpm/react-dom@18.3.1_react@18.3.1/node_modules/react-dom/cjs/react-dom.development.js:12042:22)
      at flushSync (node_modules/.pnpm/react-dom@18.3.1_react@18.3.1/node_modules/react-dom/cjs/react-dom.development.js:26240:7)
      at finishEventHandler (node_modules/.pnpm/react-dom@18.3.1_react@18.3.1/node_modules/react-dom/cjs/react-dom.development.js:3976:5)
      at batchedUpdates (node_modules/.pnpm/react-dom@18.3.1_react@18.3.1/node_modules/react-dom/cjs/react-dom.development.js:3994:5)
      at dispatchEventForPluginEventSystem (node_modules/.pnpm/react-dom@18.3.1_react@18.3.1/node_modules/react-dom/cjs/react-dom.development.js:9287:3)
      at dispatchEventWithEnableCapturePhaseSelectiveHydrationWithoutDiscreteEventReplay (node_modules/.pnpm/react-dom@18.3.1_react@18.3.1/node_modules/react-dom/cjs/react-dom.development.js:6465:5)
      at dispatchEvent (node_modules/.pnpm/react-dom@18.3.1_react@18.3.1/node_modules/react-dom/cjs/react-dom.development.js:6457:5)
      at dispatchDiscreteEvent (node_modules/.pnpm/react-dom@18.3.1_react@18.3.1/node_modules/react-dom/cjs/react-dom.development.js:6430:5)
      at HTMLDivElement.callTheUserObjectsOperation (node_modules/.pnpm/jsdom@26.1.0/node_modules/jsdom/lib/jsdom/living/generated/EventListener.js:26:30)
      at innerInvokeEventListeners (node_modules/.pnpm/jsdom@26.1.0/node_modules/jsdom/lib/jsdom/living/events/EventTarget-impl.js:350:25)
      at invokeEventListeners (node_modules/.pnpm/jsdom@26.1.0/node_modules/jsdom/lib/jsdom/living/events/EventTarget-impl.js:286:3)
      at HTMLInputElementImpl._dispatch (node_modules/.pnpm/jsdom@26.1.0/node_modules/jsdom/lib/jsdom/living/events/EventTarget-impl.js:233:9)
      at HTMLInputElementImpl.dispatchEvent (node_modules/.pnpm/jsdom@26.1.0/node_modules/jsdom/lib/jsdom/living/events/EventTarget-impl.js:104:17)
      at HTMLInputElement.dispatchEvent (node_modules/.pnpm/jsdom@26.1.0/node_modules/jsdom/lib/jsdom/living/generated/EventTarget.js:241:34)
      at node_modules/.pnpm/@testing-library+user-event@14.6.1_@testing-library+dom@10.4.0/node_modules/@testing-library/user-event/dist/cjs/event/dispatchEvent.js:45:43
      at node_modules/.pnpm/@testing-library+react@16.3.0_@testing-library+dom@10.4.0_@types+react-dom@18.3.7_@type_efee5276f61270375aed4c032a71d5e5/node_modules/@testing-library/react/dist/pure.js:108:16
      at node_modules/.pnpm/@testing-library+react@16.3.0_@testing-library+dom@10.4.0_@types+react-dom@18.3.7_@type_efee5276f61270375aed4c032a71d5e5/node_modules/@testing-library/react/dist/act-compat.js:48:24
      at act (node_modules/.pnpm/react@18.3.1/node_modules/react/cjs/react.development.js:2512:16)
      at node_modules/.pnpm/@testing-library+react@16.3.0_@testing-library+dom@10.4.0_@types+react-dom@18.3.7_@type_efee5276f61270375aed4c032a71d5e5/node_modules/@testing-library/react/dist/act-compat.js:47:25
      at Object.eventWrapper (node_modules/.pnpm/@testing-library+react@16.3.0_@testing-library+dom@10.4.0_@types+react-dom@18.3.7_@type_efee5276f61270375aed4c032a71d5e5/node_modules/@testing-library/react/dist/pure.js:107:28)
      at Object.wrapEvent (node_modules/.pnpm/@testing-library+user-event@14.6.1_@testing-library+dom@10.4.0/node_modules/@testing-library/user-event/dist/cjs/event/wrapEvent.js:6:28)
      at Object.dispatchEvent (node_modules/.pnpm/@testing-library+user-event@14.6.1_@testing-library+dom@10.4.0/node_modules/@testing-library/user-event/dist/cjs/event/dispatchEvent.js:45:22)
      at Object.dispatchUIEvent (node_modules/.pnpm/@testing-library+user-event@14.6.1_@testing-library+dom@10.4.0/node_modules/@testing-library/user-event/dist/cjs/event/dispatchEvent.js:22:26)
      at commitInput (node_modules/.pnpm/@testing-library+user-event@14.6.1_@testing-library+dom@10.4.0/node_modules/@testing-library/user-event/dist/cjs/event/input.js:145:14)
      at editInputElement (node_modules/.pnpm/@testing-library+user-event@14.6.1_@testing-library+dom@10.4.0/node_modules/@testing-library/user-event/dist/cjs/event/input.js:115:9)
      at Object.input (node_modules/.pnpm/@testing-library+user-event@14.6.1_@testing-library+dom@10.4.0/node_modules/@testing-library/user-event/dist/cjs/event/input.js:37:9)
      at node_modules/.pnpm/@testing-library+user-event@14.6.1_@testing-library+dom@10.4.0/node_modules/@testing-library/user-event/dist/cjs/event/behavior/keypress.js:31:26
      at Object.dispatchEvent (node_modules/.pnpm/@testing-library+user-event@14.6.1_@testing-library+dom@10.4.0/node_modules/@testing-library/user-event/dist/cjs/event/dispatchEvent.js:41:13)
      at Object.dispatchUIEvent (node_modules/.pnpm/@testing-library+user-event@14.6.1_@testing-library+dom@10.4.0/node_modules/@testing-library/user-event/dist/cjs/event/dispatchEvent.js:22:26)
      at KeyboardHost.keydown (node_modules/.pnpm/@testing-library+user-event@14.6.1_@testing-library+dom@10.4.0/node_modules/@testing-library/user-event/dist/cjs/system/keyboard.js:76:22)
      at keyboardAction (node_modules/.pnpm/@testing-library+user-event@14.6.1_@testing-library+dom@10.4.0/node_modules/@testing-library/user-event/dist/cjs/keyboard/index.js:22:35)
      at Object.keyboard (node_modules/.pnpm/@testing-library+user-event@14.6.1_@testing-library+dom@10.4.0/node_modules/@testing-library/user-event/dist/cjs/keyboard/index.js:11:15)
      at Object.type (node_modules/.pnpm/@testing-library+user-event@14.6.1_@testing-library+dom@10.4.0/node_modules/@testing-library/user-event/dist/cjs/utility/type.js:17:5)
      at Object.asyncWrapper (node_modules/.pnpm/@testing-library+react@16.3.0_@testing-library+dom@10.4.0_@types+react-dom@18.3.7_@type_efee5276f61270375aed4c032a71d5e5/node_modules/@testing-library/react/dist/pure.js:88:22)
      at Object.<anonymous> (src/components/ui/__tests__/dynamic-form-generator-extended.test.tsx:403:7)

  ● DynamicFormGenerator Extended Tests › Field Type Rendering › renders date picker field

    expect(element).toHaveAttribute("placeholder", "Select date") // element.getAttribute("placeholder") === "Select date"

    Expected the element to have attribute:
      placeholder="Select date"
    Received:
      null

      94 |       const datePicker = screen.getByTestId("date-picker");
      95 |       expect(datePicker).toBeInTheDocument();
    > 96 |       expect(datePicker).toHaveAttribute("placeholder", "Select date");
         |                          ^
      97 |     });
      98 |
      99 |     it("renders datetime picker field", () => {

      at Object.toHaveAttribute (src/components/ui/__tests__/dynamic-form-generator-extended.test.tsx:96:26)

  ● DynamicFormGenerator Extended Tests › Form Submission with Complex Fields › handles form submission with all field types

    expect(jest.fn()).toHaveBeenCalled()

    Expected number of calls: >= 1
    Received number of calls:    0

    Ignored nodes: comments, script, style
    [36m<html>[39m
      [36m<head />[39m
      [36m<body>[39m
        [36m<div>[39m
          [36m<form[39m
            [33mclass[39m=[32m"space-y-6"[39m
          [36m>[39m
            [36m<div[39m
              [33mclass[39m=[32m"grid gap-4"[39m
            [36m>[39m
              [36m<div[39m
                [33mclass[39m=[32m"space-y-2"[39m
              [36m>[39m
                [36m<label[39m
                  [33mclass[39m=[32m"flex items-center gap-2 text-sm leading-none font-medium select-none group-data-[disabled=true]:pointer-events-none group-data-[disabled=true]:opacity-50 peer-disabled:cursor-not-allowed peer-disabled:opacity-50"[39m
                  [33mdata-slot[39m=[32m"label"[39m
                  [33mfor[39m=[32m":r8:-form-item"[39m
                [36m>[39m
                  [0mName[0m
                [36m</label>[39m
                [36m<div[39m
                  [33maria-describedby[39m=[32m":r8:-form-item-description"[39m
                  [33maria-invalid[39m=[32m"false"[39m
                [36m>[39m
                  [36m<input[39m
                    [33maria-describedby[39m=[32m":r8:-form-item-description"[39m
                    [33maria-invalid[39m=[32m"false"[39m
                    [33maria-required[39m=[32m"true"[39m
                    [33mclass[39m=[32m"file:text-foreground placeholder:text-muted-foreground selection:bg-primary selection:text-primary-foreground dark:bg-input/30 border-input flex h-9 w-full min-w-0 rounded-md border bg-transparent px-3 py-1 text-base shadow-xs transition-[color,box-shadow] outline-none file:inline-flex file:h-7 file:border-0 file:bg-transparent file:text-sm file:font-medium disabled:pointer-events-none disabled:cursor-not-allowed disabled:opacity-50 md:text-sm focus-visible:border-ring focus-visible:ring-ring/50 focus-visible:ring-[3px] aria-invalid:ring-destructive/20 dark:aria-invalid:ring-destructive/40 aria-invalid:border-destructive"[39m
                    [33mdata-slot[39m=[32m"input"[39m
                    [33mid[39m=[32m":r8:-form-item"[39m
                    [33mname[39m=[32m"name"[39m
                    [33mtype[39m=[32m"text"[39m
                    [33mvalue[39m=[32m"John Doe"[39m
                  [36m/>[39m
                [36m</div>[39m
              [36m</div>[39m
              [36m<div[39m
                [33mclass[39m=[32m"space-y-2"[39m
              [36m>[39m
                [36m<label[39m
                  [33mclass[39m=[32m"flex items-center gap-2 text-sm leading-none font-medium select-none group-data-[disabled=true]:pointer-events-none group-data-[disabled=true]:opacity-50 peer-disabled:cursor-not-allowed peer-disabled:opacity-50"[39m
                  [33mdata-slot[39m=[32m"label"[39m
                  [33mfor[39m=[32m":r9:-form-item"[39m
                [36m>[39m
                  [0mSkills[0m
                [36m</label>[39m
                [36m<div[39m
                  [33maria-describedby[39m=[32m":r9:-form-item-description"[39m
                  [33maria-invalid[39m=[32m"false"[39m
                [36m>[39m
                  [36m<select[39m
                    [33mdata-testid[39m=[32m"multi-select"[39m
                    [33mmultiple[39m=[32m""[39m
                  [36m>[39m
                    [36m<option[39m
                      [33mdisabled[39m=[32m""[39m
                      [33mvalue[39m=[32m""[39m
                    [36m/>[39m
                    [36m<option[39m
                      [33mvalue[39m=[32m"js"[39m
                    [36m>[39m
                      [0mJavaScript[0m
                    [36m</option>[39m
                    [36m<option[39m
                      [33mvalue[39m=[32m"ts"[39m
                    [36m>[39m
                      [0mTypeScript[0m
                    [36m</option>[39m
                  [36m</select>[39m
                [36m</div>[39m
              [36m</div>[39m
              [36m<div[39m
                [33mclass[39m=[32m"space-y-2"[39m
              [36m>[39m
                [36m<label[39m
                  [33mclass[39m=[32m"flex items-center gap-2 text-sm leading-none font-medium select-none group-data-[disabled=true]:pointer-events-none group-data-[disabled=true]:opacity-50 peer-disabled:cursor-not-allowed peer-disabled:opacity-50 text-destructive"[39m
                  [33mdata-slot[39m=[32m"label"[39m
                  [33mfor[39m=[32m":ra:-form-item"[39m
                [36m>[39m
                  [0mStart Date[0m
                [36m</label>[39m
                [36m<div[39m
                  [33maria-describedby[39m=[32m":ra:-form-item-description :ra:-form-item-message"[39m
                  [33maria-invalid[39m=[32m"true"[39m
                [36m>[39m
                  [36m<input[39m
                    [33mdata-testid[39m=[32m"date-picker"[39m
                    [33mtype[39m=[32m"date"[39m
                  [36m/>[39m
                [36m</div>[39m
                [36m<p[39m
                  [33maria-live[39m=[32m"polite"[39m
                  [33mclass[39m=[32m"text-sm font-medium text-destructive"[39m
                  [33mid[39m=[32m":ra:-form-item-message"[39m
                [36m>[39m
                  [0mInvalid date[0m
                [36m</p>[39m
              [36m</div>[39m
            [36m</div>[39m
            [36m<div[39m
              [33mclass[39m=[32m"flex gap-4 pt-4"[39m
            [36m>[39m
              [36m<button[39m
                [33mclass[39m=[32m"inline-flex items-center justify-center gap-2 whitespace-nowrap rounded-md text-sm font-medium transition-all disabled:pointer-events-none disabled:opacity-50 [&_svg]:pointer-events-none [&_svg:not([class*='size-'])]:size-4 shrink-0 [&_svg]:shrink-0 outline-none focus-visible:border-ring focus-visible:ring-ring/50 focus-visible:ring-[3px] aria-invalid:ring-destructive/20 dark:aria-invalid:ring-destructive/40 aria-invalid:border-destructive bg-primary text-primary-foreground shadow-xs hover:bg-primary/90 h-9 px-4 py-2 has-[>svg]:px-3 min-w-[120px]"[39m
                [33mdata-slot[39m=[32m"button"[39m
                [33mtype[39m=[32m"submit"[39m
              [36m>[39m
                [0mSubmit[0m
              [36m</button>[39m
            [36m</div>[39m
          [36m</form>[39m
        [36m</div>[39m
      [36m</body>[39m
    [36m</html>[39m

      416 |       
      417 |       await waitFor(() => {
    > 418 |         expect(mockSubmit).toHaveBeenCalled();
          |                            ^
      419 |       });
      420 |     });
      421 |   });

      at toHaveBeenCalled (src/components/ui/__tests__/dynamic-form-generator-extended.test.tsx:418:28)
      at runWithExpensiveErrorDiagnosticsDisabled (node_modules/.pnpm/@testing-library+dom@10.4.0/node_modules/@testing-library/dom/dist/config.js:47:12)
      at checkCallback (node_modules/.pnpm/@testing-library+dom@10.4.0/node_modules/@testing-library/dom/dist/wait-for.js:124:77)
      at checkRealTimersCallback (node_modules/.pnpm/@testing-library+dom@10.4.0/node_modules/@testing-library/dom/dist/wait-for.js:118:16)
      at Timeout.task [as _onTimeout] (node_modules/.pnpm/jsdom@26.1.0/node_modules/jsdom/lib/jsdom/browser/Window.js:579:19)

FAIL src/lib/services/__tests__/analytics-export-service.test.ts
  ● Test suite failed to run

    Cannot find module 'file-saver' from 'src/lib/services/__tests__/analytics-export-service.test.ts'

      13 | }));
      14 |
    > 15 | jest.mock('file-saver', () => ({
         |      ^
      16 |   saveAs: jest.fn(),
      17 | }));
      18 |

      at Resolver._throwModNotFoundError (node_modules/.pnpm/jest-resolve@30.0.2/node_modules/jest-resolve/build/index.js:863:11)
      at Object.mock (src/lib/services/__tests__/analytics-export-service.test.ts:15:6)

PASS src/components/teacher/__tests__/BonusRulesDisplay.test.tsx
  ● Console

    console.warn
      Collapsible is changing from uncontrolled to controlled. Components should not switch from controlled to uncontrolled (or vice versa). Decide between using a controlled or uncontrolled value for the lifetime of the component.

      135 |     // First expand a bonus to see the criteria
      136 |     const expandButton = screen.getAllByRole('button')[0];
    > 137 |     fireEvent.click(expandButton);
          |               ^
      138 |     
      139 |     expect(screen.getByText('Average rating ≥ 4.5/5.0')).toBeInTheDocument();
      140 |     expect(screen.getByText('Minimum 20 student reviews')).toBeInTheDocument();

      at node_modules/.pnpm/@radix-ui+react-use-controllable-state@1.2.2_@types+react@18.3.23_react@18.3.1/node_modules/@radix-ui/react-use-controllable-state/src/use-controllable-state.tsx:42:17
      at commitHookEffectListMount (node_modules/.pnpm/react-dom@18.3.1_react@18.3.1/node_modules/react-dom/cjs/react-dom.development.js:23189:26)
      at commitPassiveMountOnFiber (node_modules/.pnpm/react-dom@18.3.1_react@18.3.1/node_modules/react-dom/cjs/react-dom.development.js:24970:11)
      at commitPassiveMountEffects_complete (node_modules/.pnpm/react-dom@18.3.1_react@18.3.1/node_modules/react-dom/cjs/react-dom.development.js:24930:9)
      at commitPassiveMountEffects_begin (node_modules/.pnpm/react-dom@18.3.1_react@18.3.1/node_modules/react-dom/cjs/react-dom.development.js:24917:7)
      at commitPassiveMountEffects (node_modules/.pnpm/react-dom@18.3.1_react@18.3.1/node_modules/react-dom/cjs/react-dom.development.js:24905:3)
      at flushPassiveEffectsImpl (node_modules/.pnpm/react-dom@18.3.1_react@18.3.1/node_modules/react-dom/cjs/react-dom.development.js:27078:3)
      at flushPassiveEffects (node_modules/.pnpm/react-dom@18.3.1_react@18.3.1/node_modules/react-dom/cjs/react-dom.development.js:27023:14)
      at performSyncWorkOnRoot (node_modules/.pnpm/react-dom@18.3.1_react@18.3.1/node_modules/react-dom/cjs/react-dom.development.js:26115:3)
      at flushSyncCallbacks (node_modules/.pnpm/react-dom@18.3.1_react@18.3.1/node_modules/react-dom/cjs/react-dom.development.js:12042:22)
      at commitRootImpl (node_modules/.pnpm/react-dom@18.3.1_react@18.3.1/node_modules/react-dom/cjs/react-dom.development.js:26998:3)
      at commitRoot (node_modules/.pnpm/react-dom@18.3.1_react@18.3.1/node_modules/react-dom/cjs/react-dom.development.js:26721:5)
      at finishConcurrentRender (node_modules/.pnpm/react-dom@18.3.1_react@18.3.1/node_modules/react-dom/cjs/react-dom.development.js:26020:9)
      at performConcurrentWorkOnRoot (node_modules/.pnpm/react-dom@18.3.1_react@18.3.1/node_modules/react-dom/cjs/react-dom.development.js:25848:7)
      at flushActQueue (node_modules/.pnpm/react@18.3.1/node_modules/react/cjs/react.development.js:2667:24)
      at act (node_modules/.pnpm/react@18.3.1/node_modules/react/cjs/react.development.js:2582:11)
      at node_modules/.pnpm/@testing-library+react@16.3.0_@testing-library+dom@10.4.0_@types+react-dom@18.3.7_@type_efee5276f61270375aed4c032a71d5e5/node_modules/@testing-library/react/dist/act-compat.js:47:25
      at Object.eventWrapper (node_modules/.pnpm/@testing-library+react@16.3.0_@testing-library+dom@10.4.0_@types+react-dom@18.3.7_@type_efee5276f61270375aed4c032a71d5e5/node_modules/@testing-library/react/dist/pure.js:107:28)
      at fireEvent (node_modules/.pnpm/@testing-library+dom@10.4.0/node_modules/@testing-library/dom/dist/events.js:12:35)
      at Function.fireEvent.<computed> [as click] (node_modules/.pnpm/@testing-library+dom@10.4.0/node_modules/@testing-library/dom/dist/events.js:110:36)
      at Function.fireEvent.<computed> [as click] (node_modules/.pnpm/@testing-library+react@16.3.0_@testing-library+dom@10.4.0_@types+react-dom@18.3.7_@type_efee5276f61270375aed4c032a71d5e5/node_modules/@testing-library/react/dist/fire-event.js:15:52)
      at Object.click (src/components/teacher/__tests__/BonusRulesDisplay.test.tsx:137:15)

    console.warn
      Collapsible is changing from uncontrolled to controlled. Components should not switch from controlled to uncontrolled (or vice versa). Decide between using a controlled or uncontrolled value for the lifetime of the component.

      151 |     );
      152 |     if (attendanceButton) {
    > 153 |       fireEvent.click(attendanceButton);
          |                 ^
      154 |     }
      155 |     
      156 |     const checkIcons = screen.getAllByTestId('check-circle-icon');

      at node_modules/.pnpm/@radix-ui+react-use-controllable-state@1.2.2_@types+react@18.3.23_react@18.3.1/node_modules/@radix-ui/react-use-controllable-state/src/use-controllable-state.tsx:42:17
      at commitHookEffectListMount (node_modules/.pnpm/react-dom@18.3.1_react@18.3.1/node_modules/react-dom/cjs/react-dom.development.js:23189:26)
      at commitPassiveMountOnFiber (node_modules/.pnpm/react-dom@18.3.1_react@18.3.1/node_modules/react-dom/cjs/react-dom.development.js:24970:11)
      at commitPassiveMountEffects_complete (node_modules/.pnpm/react-dom@18.3.1_react@18.3.1/node_modules/react-dom/cjs/react-dom.development.js:24930:9)
      at commitPassiveMountEffects_begin (node_modules/.pnpm/react-dom@18.3.1_react@18.3.1/node_modules/react-dom/cjs/react-dom.development.js:24917:7)
      at commitPassiveMountEffects (node_modules/.pnpm/react-dom@18.3.1_react@18.3.1/node_modules/react-dom/cjs/react-dom.development.js:24905:3)
      at flushPassiveEffectsImpl (node_modules/.pnpm/react-dom@18.3.1_react@18.3.1/node_modules/react-dom/cjs/react-dom.development.js:27078:3)
      at flushPassiveEffects (node_modules/.pnpm/react-dom@18.3.1_react@18.3.1/node_modules/react-dom/cjs/react-dom.development.js:27023:14)
      at performSyncWorkOnRoot (node_modules/.pnpm/react-dom@18.3.1_react@18.3.1/node_modules/react-dom/cjs/react-dom.development.js:26115:3)
      at flushSyncCallbacks (node_modules/.pnpm/react-dom@18.3.1_react@18.3.1/node_modules/react-dom/cjs/react-dom.development.js:12042:22)
      at commitRootImpl (node_modules/.pnpm/react-dom@18.3.1_react@18.3.1/node_modules/react-dom/cjs/react-dom.development.js:26998:3)
      at commitRoot (node_modules/.pnpm/react-dom@18.3.1_react@18.3.1/node_modules/react-dom/cjs/react-dom.development.js:26721:5)
      at finishConcurrentRender (node_modules/.pnpm/react-dom@18.3.1_react@18.3.1/node_modules/react-dom/cjs/react-dom.development.js:26020:9)
      at performConcurrentWorkOnRoot (node_modules/.pnpm/react-dom@18.3.1_react@18.3.1/node_modules/react-dom/cjs/react-dom.development.js:25848:7)
      at flushActQueue (node_modules/.pnpm/react@18.3.1/node_modules/react/cjs/react.development.js:2667:24)
      at act (node_modules/.pnpm/react@18.3.1/node_modules/react/cjs/react.development.js:2582:11)
      at node_modules/.pnpm/@testing-library+react@16.3.0_@testing-library+dom@10.4.0_@types+react-dom@18.3.7_@type_efee5276f61270375aed4c032a71d5e5/node_modules/@testing-library/react/dist/act-compat.js:47:25
      at Object.eventWrapper (node_modules/.pnpm/@testing-library+react@16.3.0_@testing-library+dom@10.4.0_@types+react-dom@18.3.7_@type_efee5276f61270375aed4c032a71d5e5/node_modules/@testing-library/react/dist/pure.js:107:28)
      at fireEvent (node_modules/.pnpm/@testing-library+dom@10.4.0/node_modules/@testing-library/dom/dist/events.js:12:35)
      at Function.fireEvent.<computed> [as click] (node_modules/.pnpm/@testing-library+dom@10.4.0/node_modules/@testing-library/dom/dist/events.js:110:36)
      at Function.fireEvent.<computed> [as click] (node_modules/.pnpm/@testing-library+react@16.3.0_@testing-library+dom@10.4.0_@types+react-dom@18.3.7_@type_efee5276f61270375aed4c032a71d5e5/node_modules/@testing-library/react/dist/fire-event.js:15:52)
      at Object.click (src/components/teacher/__tests__/BonusRulesDisplay.test.tsx:153:17)

    console.warn
      Collapsible is changing from uncontrolled to controlled. Components should not switch from controlled to uncontrolled (or vice versa). Decide between using a controlled or uncontrolled value for the lifetime of the component.

      165 |     
      166 |     const expandButton = screen.getAllByRole('button')[0];
    > 167 |     fireEvent.click(expandButton);
          |               ^
      168 |     
      169 |     // Should show more details
      170 |     expect(screen.getByText(/Awarded for maintaining high student satisfaction/)).toBeInTheDocument();

      at node_modules/.pnpm/@radix-ui+react-use-controllable-state@1.2.2_@types+react@18.3.23_react@18.3.1/node_modules/@radix-ui/react-use-controllable-state/src/use-controllable-state.tsx:42:17
      at commitHookEffectListMount (node_modules/.pnpm/react-dom@18.3.1_react@18.3.1/node_modules/react-dom/cjs/react-dom.development.js:23189:26)
      at commitPassiveMountOnFiber (node_modules/.pnpm/react-dom@18.3.1_react@18.3.1/node_modules/react-dom/cjs/react-dom.development.js:24970:11)
      at commitPassiveMountEffects_complete (node_modules/.pnpm/react-dom@18.3.1_react@18.3.1/node_modules/react-dom/cjs/react-dom.development.js:24930:9)
      at commitPassiveMountEffects_begin (node_modules/.pnpm/react-dom@18.3.1_react@18.3.1/node_modules/react-dom/cjs/react-dom.development.js:24917:7)
      at commitPassiveMountEffects (node_modules/.pnpm/react-dom@18.3.1_react@18.3.1/node_modules/react-dom/cjs/react-dom.development.js:24905:3)
      at flushPassiveEffectsImpl (node_modules/.pnpm/react-dom@18.3.1_react@18.3.1/node_modules/react-dom/cjs/react-dom.development.js:27078:3)
      at flushPassiveEffects (node_modules/.pnpm/react-dom@18.3.1_react@18.3.1/node_modules/react-dom/cjs/react-dom.development.js:27023:14)
      at performSyncWorkOnRoot (node_modules/.pnpm/react-dom@18.3.1_react@18.3.1/node_modules/react-dom/cjs/react-dom.development.js:26115:3)
      at flushSyncCallbacks (node_modules/.pnpm/react-dom@18.3.1_react@18.3.1/node_modules/react-dom/cjs/react-dom.development.js:12042:22)
      at commitRootImpl (node_modules/.pnpm/react-dom@18.3.1_react@18.3.1/node_modules/react-dom/cjs/react-dom.development.js:26998:3)
      at commitRoot (node_modules/.pnpm/react-dom@18.3.1_react@18.3.1/node_modules/react-dom/cjs/react-dom.development.js:26721:5)
      at finishConcurrentRender (node_modules/.pnpm/react-dom@18.3.1_react@18.3.1/node_modules/react-dom/cjs/react-dom.development.js:26020:9)
      at performConcurrentWorkOnRoot (node_modules/.pnpm/react-dom@18.3.1_react@18.3.1/node_modules/react-dom/cjs/react-dom.development.js:25848:7)
      at flushActQueue (node_modules/.pnpm/react@18.3.1/node_modules/react/cjs/react.development.js:2667:24)
      at act (node_modules/.pnpm/react@18.3.1/node_modules/react/cjs/react.development.js:2582:11)
      at node_modules/.pnpm/@testing-library+react@16.3.0_@testing-library+dom@10.4.0_@types+react-dom@18.3.7_@type_efee5276f61270375aed4c032a71d5e5/node_modules/@testing-library/react/dist/act-compat.js:47:25
      at Object.eventWrapper (node_modules/.pnpm/@testing-library+react@16.3.0_@testing-library+dom@10.4.0_@types+react-dom@18.3.7_@type_efee5276f61270375aed4c032a71d5e5/node_modules/@testing-library/react/dist/pure.js:107:28)
      at fireEvent (node_modules/.pnpm/@testing-library+dom@10.4.0/node_modules/@testing-library/dom/dist/events.js:12:35)
      at Function.fireEvent.<computed> [as click] (node_modules/.pnpm/@testing-library+dom@10.4.0/node_modules/@testing-library/dom/dist/events.js:110:36)
      at Function.fireEvent.<computed> [as click] (node_modules/.pnpm/@testing-library+react@16.3.0_@testing-library+dom@10.4.0_@types+react-dom@18.3.7_@type_efee5276f61270375aed4c032a71d5e5/node_modules/@testing-library/react/dist/fire-event.js:15:52)
      at Object.click (src/components/teacher/__tests__/BonusRulesDisplay.test.tsx:167:15)

    console.warn
      Collapsible is changing from uncontrolled to controlled. Components should not switch from controlled to uncontrolled (or vice versa). Decide between using a controlled or uncontrolled value for the lifetime of the component.

      233 |     );
      234 |     if (attendanceButton) {
    > 235 |       fireEvent.click(attendanceButton);
          |                 ^
      236 |     }
      237 |     
      238 |     expect(screen.getByText(/Tips to improve/i)).toBeInTheDocument();

      at node_modules/.pnpm/@radix-ui+react-use-controllable-state@1.2.2_@types+react@18.3.23_react@18.3.1/node_modules/@radix-ui/react-use-controllable-state/src/use-controllable-state.tsx:42:17
      at commitHookEffectListMount (node_modules/.pnpm/react-dom@18.3.1_react@18.3.1/node_modules/react-dom/cjs/react-dom.development.js:23189:26)
      at commitPassiveMountOnFiber (node_modules/.pnpm/react-dom@18.3.1_react@18.3.1/node_modules/react-dom/cjs/react-dom.development.js:24970:11)
      at commitPassiveMountEffects_complete (node_modules/.pnpm/react-dom@18.3.1_react@18.3.1/node_modules/react-dom/cjs/react-dom.development.js:24930:9)
      at commitPassiveMountEffects_begin (node_modules/.pnpm/react-dom@18.3.1_react@18.3.1/node_modules/react-dom/cjs/react-dom.development.js:24917:7)
      at commitPassiveMountEffects (node_modules/.pnpm/react-dom@18.3.1_react@18.3.1/node_modules/react-dom/cjs/react-dom.development.js:24905:3)
      at flushPassiveEffectsImpl (node_modules/.pnpm/react-dom@18.3.1_react@18.3.1/node_modules/react-dom/cjs/react-dom.development.js:27078:3)
      at flushPassiveEffects (node_modules/.pnpm/react-dom@18.3.1_react@18.3.1/node_modules/react-dom/cjs/react-dom.development.js:27023:14)
      at performSyncWorkOnRoot (node_modules/.pnpm/react-dom@18.3.1_react@18.3.1/node_modules/react-dom/cjs/react-dom.development.js:26115:3)
      at flushSyncCallbacks (node_modules/.pnpm/react-dom@18.3.1_react@18.3.1/node_modules/react-dom/cjs/react-dom.development.js:12042:22)
      at commitRootImpl (node_modules/.pnpm/react-dom@18.3.1_react@18.3.1/node_modules/react-dom/cjs/react-dom.development.js:26998:3)
      at commitRoot (node_modules/.pnpm/react-dom@18.3.1_react@18.3.1/node_modules/react-dom/cjs/react-dom.development.js:26721:5)
      at finishConcurrentRender (node_modules/.pnpm/react-dom@18.3.1_react@18.3.1/node_modules/react-dom/cjs/react-dom.development.js:26020:9)
      at performConcurrentWorkOnRoot (node_modules/.pnpm/react-dom@18.3.1_react@18.3.1/node_modules/react-dom/cjs/react-dom.development.js:25848:7)
      at flushActQueue (node_modules/.pnpm/react@18.3.1/node_modules/react/cjs/react.development.js:2667:24)
      at act (node_modules/.pnpm/react@18.3.1/node_modules/react/cjs/react.development.js:2582:11)
      at node_modules/.pnpm/@testing-library+react@16.3.0_@testing-library+dom@10.4.0_@types+react-dom@18.3.7_@type_efee5276f61270375aed4c032a71d5e5/node_modules/@testing-library/react/dist/act-compat.js:47:25
      at Object.eventWrapper (node_modules/.pnpm/@testing-library+react@16.3.0_@testing-library+dom@10.4.0_@types+react-dom@18.3.7_@type_efee5276f61270375aed4c032a71d5e5/node_modules/@testing-library/react/dist/pure.js:107:28)
      at fireEvent (node_modules/.pnpm/@testing-library+dom@10.4.0/node_modules/@testing-library/dom/dist/events.js:12:35)
      at Function.fireEvent.<computed> [as click] (node_modules/.pnpm/@testing-library+dom@10.4.0/node_modules/@testing-library/dom/dist/events.js:110:36)
      at Function.fireEvent.<computed> [as click] (node_modules/.pnpm/@testing-library+react@16.3.0_@testing-library+dom@10.4.0_@types+react-dom@18.3.7_@type_efee5276f61270375aed4c032a71d5e5/node_modules/@testing-library/react/dist/fire-event.js:15:52)
      at Object.click (src/components/teacher/__tests__/BonusRulesDisplay.test.tsx:235:17)

FAIL src/lib/services/__tests__/hour-usage-analytics-service.test.ts
  ● Test suite failed to run

    Cannot find module '../supabase/client' from 'src/lib/services/hour-usage-analytics-service.ts'

    Require stack:
      src/lib/services/hour-usage-analytics-service.ts
      src/lib/services/__tests__/hour-usage-analytics-service.test.ts

      23 |   analysisDate: string;
      24 |   
    > 25 |   // Balance analytics
         |                 ^
      26 |   currentBalance: number;
      27 |   balanceHistory: Array<{
      28 |     date: string;

      at Resolver._throwModNotFoundError (node_modules/.pnpm/jest-resolve@30.0.2/node_modules/jest-resolve/build/index.js:863:11)
      at Object.<anonymous> (src/lib/services/hour-usage-analytics-service.ts:25:17)
      at Object.<anonymous> (src/lib/services/__tests__/hour-usage-analytics-service.test.ts:10:36)

PASS src/components/teacher/__tests__/ClassCapacityManagement.test.tsx
  ● Console

    console.error
      Warning: An update to ClassCapacityManagement inside a test was not wrapped in act(...).
      
      When testing, code that causes React state updates should be wrapped into act(...):
      
      act(() => {
        /* fire events that update state */
      });
      /* assert on the output */
      
      This ensures that you're testing the behavior the user would see in the browser. Learn more at https://reactjs.org/link/wrap-tests-with-act
          at classId (/Users/invoture/dev.local/hey-peter/src/components/teacher/ClassCapacityManagement.tsx:78:3)

      108 |     try {
      109 |       const list = await classCapacityService.getWaitingList(classId);
    > 110 |       setWaitingList(list);
          |       ^
      111 |     } catch (err) {
      112 |       setError('Failed to load waiting list');
      113 |     }

      at printWarning (node_modules/.pnpm/react-dom@18.3.1_react@18.3.1/node_modules/react-dom/cjs/react-dom.development.js:86:30)
      at error (node_modules/.pnpm/react-dom@18.3.1_react@18.3.1/node_modules/react-dom/cjs/react-dom.development.js:60:7)
      at warnIfUpdatesNotWrappedWithActDEV (node_modules/.pnpm/react-dom@18.3.1_react@18.3.1/node_modules/react-dom/cjs/react-dom.development.js:27628:9)
      at scheduleUpdateOnFiber (node_modules/.pnpm/react-dom@18.3.1_react@18.3.1/node_modules/react-dom/cjs/react-dom.development.js:25547:5)
      at dispatchSetState (node_modules/.pnpm/react-dom@18.3.1_react@18.3.1/node_modules/react-dom/cjs/react-dom.development.js:16708:7)
      at setWaitingList (src/components/teacher/ClassCapacityManagement.tsx:110:7)

    console.error
      Warning: An update to ClassCapacityManagement inside a test was not wrapped in act(...).
      
      When testing, code that causes React state updates should be wrapped into act(...):
      
      act(() => {
        /* fire events that update state */
      });
      /* assert on the output */
      
      This ensures that you're testing the behavior the user would see in the browser. Learn more at https://reactjs.org/link/wrap-tests-with-act
          at classId (/Users/invoture/dev.local/hey-peter/src/components/teacher/ClassCapacityManagement.tsx:78:3)

      117 |     try {
      118 |       const recs = await classCapacityService.getClassesThatNeedAttention();
    > 119 |       setRecommendations(recs.filter(r => r.class_id === classId));
          |       ^
      120 |     } catch (err) {
      121 |       console.error('Failed to load recommendations:', err);
      122 |     } finally {

      at printWarning (node_modules/.pnpm/react-dom@18.3.1_react@18.3.1/node_modules/react-dom/cjs/react-dom.development.js:86:30)
      at error (node_modules/.pnpm/react-dom@18.3.1_react@18.3.1/node_modules/react-dom/cjs/react-dom.development.js:60:7)
      at warnIfUpdatesNotWrappedWithActDEV (node_modules/.pnpm/react-dom@18.3.1_react@18.3.1/node_modules/react-dom/cjs/react-dom.development.js:27628:9)
      at scheduleUpdateOnFiber (node_modules/.pnpm/react-dom@18.3.1_react@18.3.1/node_modules/react-dom/cjs/react-dom.development.js:25547:5)
      at dispatchSetState (node_modules/.pnpm/react-dom@18.3.1_react@18.3.1/node_modules/react-dom/cjs/react-dom.development.js:16708:7)
      at setRecommendations (src/components/teacher/ClassCapacityManagement.tsx:119:7)

    console.error
      Warning: An update to ClassCapacityManagement inside a test was not wrapped in act(...).
      
      When testing, code that causes React state updates should be wrapped into act(...):
      
      act(() => {
        /* fire events that update state */
      });
      /* assert on the output */
      
      This ensures that you're testing the behavior the user would see in the browser. Learn more at https://reactjs.org/link/wrap-tests-with-act
          at classId (/Users/invoture/dev.local/hey-peter/src/components/teacher/ClassCapacityManagement.tsx:78:3)

      121 |       console.error('Failed to load recommendations:', err);
      122 |     } finally {
    > 123 |       setLoading(false);
          |       ^
      124 |     }
      125 |   };
      126 |

      at printWarning (node_modules/.pnpm/react-dom@18.3.1_react@18.3.1/node_modules/react-dom/cjs/react-dom.development.js:86:30)
      at error (node_modules/.pnpm/react-dom@18.3.1_react@18.3.1/node_modules/react-dom/cjs/react-dom.development.js:60:7)
      at warnIfUpdatesNotWrappedWithActDEV (node_modules/.pnpm/react-dom@18.3.1_react@18.3.1/node_modules/react-dom/cjs/react-dom.development.js:27628:9)
      at scheduleUpdateOnFiber (node_modules/.pnpm/react-dom@18.3.1_react@18.3.1/node_modules/react-dom/cjs/react-dom.development.js:25547:5)
      at dispatchSetState (node_modules/.pnpm/react-dom@18.3.1_react@18.3.1/node_modules/react-dom/cjs/react-dom.development.js:16708:7)
      at setLoading (src/components/teacher/ClassCapacityManagement.tsx:123:7)

PASS src/components/teacher/__tests__/CompensationDisplay.test.tsx
PASS src/components/teacher/__tests__/TeacherDashboardLayout.test.tsx
FAIL src/components/admin/content/__tests__/ContentManagementClient.test.tsx
  ● ContentManagementClient › displays content in status-based workflow view

    TestingLibraryElementError: Unable to find an element with the text: All Content. This could be because the text is broken up by multiple elements. In this case, you can provide a function for your text matcher to make your matcher more flexible.

    Ignored nodes: comments, script, style
    [36m<body>[39m
      [36m<div>[39m
        [36m<div[39m
          [33mclass[39m=[32m"container mx-auto py-10 space-y-6"[39m
        [36m>[39m
          [36m<div[39m
            [33mclass[39m=[32m"flex items-center justify-between"[39m
          [36m>[39m
            [36m<h1[39m
              [33mclass[39m=[32m"text-3xl font-bold"[39m
            [36m>[39m
              [0mContent Management[0m
            [36m</h1>[39m
            [36m<button[39m
              [33mclass[39m=[32m"inline-flex items-center justify-center gap-2 whitespace-nowrap rounded-md text-sm font-medium transition-all disabled:pointer-events-none disabled:opacity-50 [&_svg]:pointer-events-none [&_svg:not([class*='size-'])]:size-4 shrink-0 [&_svg]:shrink-0 outline-none focus-visible:border-ring focus-visible:ring-ring/50 focus-visible:ring-[3px] aria-invalid:ring-destructive/20 dark:aria-invalid:ring-destructive/40 aria-invalid:border-destructive bg-primary text-primary-foreground shadow-xs hover:bg-primary/90 h-9 px-4 py-2 has-[>svg]:px-3"[39m
              [33mdata-slot[39m=[32m"button"[39m
            [36m>[39m
              [36m<svg[39m
                [33maria-hidden[39m=[32m"true"[39m
                [33mclass[39m=[32m"lucide lucide-plus mr-2 h-4 w-4"[39m
                [33mfill[39m=[32m"none"[39m
                [33mheight[39m=[32m"24"[39m
                [33mstroke[39m=[32m"currentColor"[39m
                [33mstroke-linecap[39m=[32m"round"[39m
                [33mstroke-linejoin[39m=[32m"round"[39m
                [33mstroke-width[39m=[32m"2"[39m
                [33mviewBox[39m=[32m"0 0 24 24"[39m
                [33mwidth[39m=[32m"24"[39m
                [33mxmlns[39m=[32m"http://www.w3.org/2000/svg"[39m
              [36m>[39m
                [36m<path[39m
                  [33md[39m=[32m"M5 12h14"[39m
                [36m/>[39m
                [36m<path[39m
                  [33md[39m=[32m"M12 5v14"[39m
                [36m/>[39m
              [36m</svg>[39m
              [0mCreate Content[0m
            [36m</button>[39m
          [36m</div>[39m
          [36m<div[39m
            [33mclass[39m=[32m"grid gap-4 md:grid-cols-2 lg:grid-cols-5"[39m
          [36m>[39m
            [36m<div[39m
              [33mclass[39m=[32m"bg-card text-card-foreground flex flex-col gap-6 rounded-xl border py-6 shadow-sm"[39m
              [33mdata-slot[39m=[32m"card"[39m
            [36m>[39m
              [36m<div[39m
                [33mclass[39m=[32m"@container/card-header auto-rows-min grid-rows-[auto_auto] gap-1.5 px-6 has-data-[slot=card-action]:grid-cols-[1fr_auto] [.border-b]:pb-6 flex flex-row items-center justify-between space-y-0 pb-2"[39m
                [33mdata-slot[39m=[32m"card-header"[39m
              [36m>[39m
                [36m<div[39m
                  [33mclass[39m=[32m"text-sm font-medium"[39m
                  [33mdata-slot[39m=[32m"card-title"[39m
                [36m>[39m
                  [0mDraft[0m
                [36m</div>[39m
                [36m<svg[39m
                  [33maria-hidden[39m=[32m"true"[39m
                  [33mclass[39m=[32m"lucide lucide-file-text h-4 w-4 text-muted-foreground"[39m
                  [33mfill[39m=[32m"none"[39m
                  [33mheight[39m=[32m"24"[39m
                  [33mstroke[39m=[32m"currentColor"[39m
                  [33mstroke-linecap[39m=[32m"round"[39m
                  [33mstroke-linejoin[39m=[32m"round"[39m
                  [33mstroke-width[39m=[32m"2"[39m
                  [33mviewBox[39m=[32m"0 0 24 24"[39m
                  [33mwidth[39m=[32m"24"[39m
                  [33mxmlns[39m=[32m"http://www.w3.org/2000/svg"[39m
                [36m>[39m
                  [36m<path[39m
                    [33md[39m=[32m"M15 2H6a2 2 0 0 0-2 2v16a2 2 0 0 0 2 2h12a2 2 0 0 0 2-2V7Z"[39m
                  [36m/>[39m
                  [36m<path[39m
                    [33md[39m=[32m"M14 2v4a2 2 0 0 0 2 2h4"[39m
                  [36m/>[39m
                  [36m<path[39m
                    [33md[39m=[32m"M10 9H8"[39m
                  [36m/>[39m
                  [36m<path[39m
                    [33md[39m=[32m"M16 13H8"[39m
                  [36m/>[39m
                  [36m<path[39m
                    [33md[39m=[32m"M16 17H8"[39m
                  [36m/>[39m
                [36m</svg>[39m
              [36m</div>[39m
              [36m<div[39m
                [33mclass[39m=[32m"px-6"[39m
                [33mdata-slot[39m=[32m"card-content"[39m
              [36m>[39m
                [36m<div[39m
                  [33mclass[39m=[32m"text-2xl font-bold"[39m
                [36m>[39m
                  [0m1[0m
                [36m</div>[39m
                [36m<p[39m
                  [33mclass[39m=[32m"text-xs text-muted-foreground"[39m
                [36m>[39m
                  [0mitem[0m
                [36m</p>[39m
              [36m</div>[39m
            [36m</div>[39m
            [36m<div[39m
              [33mclass[39m=[32m"bg-card text-card-foreground flex flex-col gap-6 rounded-xl border py-6 shadow-sm"[39m
              [33mdata-slot[39m=[32m"card"[39m
            [36m>[39m
              [36m<div[39m
                [33mclass[39m=[32m"@container/card-header auto-rows-min grid-rows-[auto_auto] gap-1.5 px-6 has-data-[slot=card-action]:grid-cols-[1fr_auto] [.border-b]:pb-6 flex flex-row items-center justify-between space-y-0 pb-2"[39m
                [33mdata-slot[39m=[32m"card-header"[39m
              [36m>[39m
                [36m<div[39m
                  [33mclass[39m=[32m"text-sm font-medium"[39m
                  [33mdata-slot[39m=[32m"card-title"[39m
                [36m>[39m
                  [0mPending Review[0m
                [36m</div>[39m
                [36m<svg[39m
                  [33maria-hidden[39m=[32m"true"[39m
                  [33mclass[39m=[32m"lucide lucide-clock h-4 w-4 text-muted-foreground"[39m
                  [33mfill[39m=[32m"none"[39m
                  [33mheight[39m=[32m"24"[39m
                  [33mstroke[39m=[32m"currentColor"[39m
                  [33mstroke-linecap[39m=[32m"round"[39m
                  [33mstroke-linejoin[39m=[32m"round"[39m
                  [33mstroke-width[39m=[32m"2"[39m
                  [33mviewBox[39m=[32m"0 0 24 24"[39m
                  [33mwidth[39m=[32m"24"[39m
                  [33mxmlns[39m=[32m"http://www.w3.org/2000/svg"[39m
                [36m>[39m
                  [36m<circle[39m
                    [33mcx[39m=[32m"12"[39m
                    [33mcy[39m=[32m"12"[39m
                    [33mr[39m=[32m"10"[39m
                  [36m/>[39m
                  [36m<polyline[39m
                    [33mpoints[39m=[32m"12 6 12 12 16 14"[39m
                  [36m/>[39m
                [36m</svg>[39m
              [36m</div>[39m
              [36m<div[39m
                [33mclass[39m=[32m"px-6"[39m
                [33mdata-slot[39m=[32m"card-content"[39m
              [36m>[39m
                [36m<div[39m
                  [33mclass[39m=[32m"text-2xl font-bold"[39m
                [36m>[39m
                  [0m1[0m
                [36m</div>[39m
                [36m<p[39m
                  [33mclass[39m=[32m"text...

      128 |     
      129 |     // Verify tabs exist
    > 130 |     expect(screen.getByText('All Content')).toBeInTheDocument();
          |                   ^
      131 |     expect(screen.getByText('By Status')).toBeInTheDocument();
      132 |     
      133 |     // Switch to workflow view

      at Object.getElementError (node_modules/.pnpm/@testing-library+dom@10.4.0/node_modules/@testing-library/dom/dist/config.js:37:19)
      at node_modules/.pnpm/@testing-library+dom@10.4.0/node_modules/@testing-library/dom/dist/query-helpers.js:76:38
      at node_modules/.pnpm/@testing-library+dom@10.4.0/node_modules/@testing-library/dom/dist/query-helpers.js:52:17
      at node_modules/.pnpm/@testing-library+dom@10.4.0/node_modules/@testing-library/dom/dist/query-helpers.js:95:19
      at Object.getByText (src/components/admin/content/__tests__/ContentManagementClient.test.tsx:130:19)

  ● ContentManagementClient › changes content status correctly

    TestingLibraryElementError: Unable to find an element with the text: All Content. This could be because the text is broken up by multiple elements. In this case, you can provide a function for your text matcher to make your matcher more flexible.

    Ignored nodes: comments, script, style
    [36m<body[39m
      [33mstyle[39m=[32m""[39m
    [36m>[39m
      [36m<div>[39m
        [36m<div[39m
          [33mclass[39m=[32m"container mx-auto py-10 space-y-6"[39m
        [36m>[39m
          [36m<div[39m
            [33mclass[39m=[32m"flex items-center justify-between"[39m
          [36m>[39m
            [36m<h1[39m
              [33mclass[39m=[32m"text-3xl font-bold"[39m
            [36m>[39m
              [0mContent Management[0m
            [36m</h1>[39m
            [36m<button[39m
              [33mclass[39m=[32m"inline-flex items-center justify-center gap-2 whitespace-nowrap rounded-md text-sm font-medium transition-all disabled:pointer-events-none disabled:opacity-50 [&_svg]:pointer-events-none [&_svg:not([class*='size-'])]:size-4 shrink-0 [&_svg]:shrink-0 outline-none focus-visible:border-ring focus-visible:ring-ring/50 focus-visible:ring-[3px] aria-invalid:ring-destructive/20 dark:aria-invalid:ring-destructive/40 aria-invalid:border-destructive bg-primary text-primary-foreground shadow-xs hover:bg-primary/90 h-9 px-4 py-2 has-[>svg]:px-3"[39m
              [33mdata-slot[39m=[32m"button"[39m
            [36m>[39m
              [36m<svg[39m
                [33maria-hidden[39m=[32m"true"[39m
                [33mclass[39m=[32m"lucide lucide-plus mr-2 h-4 w-4"[39m
                [33mfill[39m=[32m"none"[39m
                [33mheight[39m=[32m"24"[39m
                [33mstroke[39m=[32m"currentColor"[39m
                [33mstroke-linecap[39m=[32m"round"[39m
                [33mstroke-linejoin[39m=[32m"round"[39m
                [33mstroke-width[39m=[32m"2"[39m
                [33mviewBox[39m=[32m"0 0 24 24"[39m
                [33mwidth[39m=[32m"24"[39m
                [33mxmlns[39m=[32m"http://www.w3.org/2000/svg"[39m
              [36m>[39m
                [36m<path[39m
                  [33md[39m=[32m"M5 12h14"[39m
                [36m/>[39m
                [36m<path[39m
                  [33md[39m=[32m"M12 5v14"[39m
                [36m/>[39m
              [36m</svg>[39m
              [0mCreate Content[0m
            [36m</button>[39m
          [36m</div>[39m
          [36m<div[39m
            [33mclass[39m=[32m"grid gap-4 md:grid-cols-2 lg:grid-cols-5"[39m
          [36m>[39m
            [36m<div[39m
              [33mclass[39m=[32m"bg-card text-card-foreground flex flex-col gap-6 rounded-xl border py-6 shadow-sm"[39m
              [33mdata-slot[39m=[32m"card"[39m
            [36m>[39m
              [36m<div[39m
                [33mclass[39m=[32m"@container/card-header auto-rows-min grid-rows-[auto_auto] gap-1.5 px-6 has-data-[slot=card-action]:grid-cols-[1fr_auto] [.border-b]:pb-6 flex flex-row items-center justify-between space-y-0 pb-2"[39m
                [33mdata-slot[39m=[32m"card-header"[39m
              [36m>[39m
                [36m<div[39m
                  [33mclass[39m=[32m"text-sm font-medium"[39m
                  [33mdata-slot[39m=[32m"card-title"[39m
                [36m>[39m
                  [0mDraft[0m
                [36m</div>[39m
                [36m<svg[39m
                  [33maria-hidden[39m=[32m"true"[39m
                  [33mclass[39m=[32m"lucide lucide-file-text h-4 w-4 text-muted-foreground"[39m
                  [33mfill[39m=[32m"none"[39m
                  [33mheight[39m=[32m"24"[39m
                  [33mstroke[39m=[32m"currentColor"[39m
                  [33mstroke-linecap[39m=[32m"round"[39m
                  [33mstroke-linejoin[39m=[32m"round"[39m
                  [33mstroke-width[39m=[32m"2"[39m
                  [33mviewBox[39m=[32m"0 0 24 24"[39m
                  [33mwidth[39m=[32m"24"[39m
                  [33mxmlns[39m=[32m"http://www.w3.org/2000/svg"[39m
                [36m>[39m
                  [36m<path[39m
                    [33md[39m=[32m"M15 2H6a2 2 0 0 0-2 2v16a2 2 0 0 0 2 2h12a2 2 0 0 0 2-2V7Z"[39m
                  [36m/>[39m
                  [36m<path[39m
                    [33md[39m=[32m"M14 2v4a2 2 0 0 0 2 2h4"[39m
                  [36m/>[39m
                  [36m<path[39m
                    [33md[39m=[32m"M10 9H8"[39m
                  [36m/>[39m
                  [36m<path[39m
                    [33md[39m=[32m"M16 13H8"[39m
                  [36m/>[39m
                  [36m<path[39m
                    [33md[39m=[32m"M16 17H8"[39m
                  [36m/>[39m
                [36m</svg>[39m
              [36m</div>[39m
              [36m<div[39m
                [33mclass[39m=[32m"px-6"[39m
                [33mdata-slot[39m=[32m"card-content"[39m
              [36m>[39m
                [36m<div[39m
                  [33mclass[39m=[32m"text-2xl font-bold"[39m
                [36m>[39m
                  [0m1[0m
                [36m</div>[39m
                [36m<p[39m
                  [33mclass[39m=[32m"text-xs text-muted-foreground"[39m
                [36m>[39m
                  [0mitem[0m
                [36m</p>[39m
              [36m</div>[39m
            [36m</div>[39m
            [36m<div[39m
              [33mclass[39m=[32m"bg-card text-card-foreground flex flex-col gap-6 rounded-xl border py-6 shadow-sm"[39m
              [33mdata-slot[39m=[32m"card"[39m
            [36m>[39m
              [36m<div[39m
                [33mclass[39m=[32m"@container/card-header auto-rows-min grid-rows-[auto_auto] gap-1.5 px-6 has-data-[slot=card-action]:grid-cols-[1fr_auto] [.border-b]:pb-6 flex flex-row items-center justify-between space-y-0 pb-2"[39m
                [33mdata-slot[39m=[32m"card-header"[39m
              [36m>[39m
                [36m<div[39m
                  [33mclass[39m=[32m"text-sm font-medium"[39m
                  [33mdata-slot[39m=[32m"card-title"[39m
                [36m>[39m
                  [0mPending Review[0m
                [36m</div>[39m
                [36m<svg[39m
                  [33maria-hidden[39m=[32m"true"[39m
                  [33mclass[39m=[32m"lucide lucide-clock h-4 w-4 text-muted-foreground"[39m
                  [33mfill[39m=[32m"none"[39m
                  [33mheight[39m=[32m"24"[39m
                  [33mstroke[39m=[32m"currentColor"[39m
                  [33mstroke-linecap[39m=[32m"round"[39m
                  [33mstroke-linejoin[39m=[32m"round"[39m
                  [33mstroke-width[39m=[32m"2"[39m
                  [33mviewBox[39m=[32m"0 0 24 24"[39m
                  [33mwidth[39m=[32m"24"[39m
                  [33mxmlns[39m=[32m"http://www.w3.org/2000/svg"[39m
                [36m>[39m
                  [36m<circle[39m
                    [33mcx[39m=[32m"12"[39m
                    [33mcy[39m=[32m"12"[39m
                    [33mr[39m=[32m"10"[39m
                  [36m/>[39m
                  [36m<polyline[39m
                    [33mpoints[39m=[32m"12 6 12 12 16 14"[39m
                  [36m/>[39m
                [36m</svg>[39m
              [36m</div>[39m
              [36m<div[39m
                [33mclass[39m=[32m"px-6"[39m
                [33mdata-slot[39m=[32m"card-content"[39m
              [36m>[39m
                [36m<div[39m
                  [33mclass[39m=[32m"text-2xl font-bold"[39m
                [36m>[39m
                  [0m1[0m
                [36m</div>[39m
                [36m<p[39...

      185 |     
      186 |     // Verify workflow functionality exists (the UI renders properly)
    > 187 |     expect(screen.getByText('All Content')).toBeInTheDocument();
          |                   ^
      188 |     expect(screen.getByText('By Status')).toBeInTheDocument();
      189 |   });
      190 |

      at Object.getElementError (node_modules/.pnpm/@testing-library+dom@10.4.0/node_modules/@testing-library/dom/dist/config.js:37:19)
      at node_modules/.pnpm/@testing-library+dom@10.4.0/node_modules/@testing-library/dom/dist/query-helpers.js:76:38
      at node_modules/.pnpm/@testing-library+dom@10.4.0/node_modules/@testing-library/dom/dist/query-helpers.js:52:17
      at node_modules/.pnpm/@testing-library+dom@10.4.0/node_modules/@testing-library/dom/dist/query-helpers.js:95:19
      at Object.getByText (src/components/admin/content/__tests__/ContentManagementClient.test.tsx:187:19)

  ● ContentManagementClient › displays content metadata correctly

    TestingLibraryElementError: Found multiple elements with the text: /Updated: /

    Here are the matching elements:

    Ignored nodes: comments, script, style
    [36m<span>[39m
      [0mUpdated: [0m
      [0mJan 15, 2024[0m
    [36m</span>[39m

    Ignored nodes: comments, script, style
    [36m<span>[39m
      [0mUpdated: [0m
      [0mFeb 10, 2024[0m
    [36m</span>[39m

    Ignored nodes: comments, script, style
    [36m<span>[39m
      [0mUpdated: [0m
      [0mFeb 20, 2024[0m
    [36m</span>[39m

    (If this is intentional, then use the `*AllBy*` variant of the query (like `queryAllByText`, `getAllByText`, or `findAllByText`)).

    Ignored nodes: comments, script, style
    [36m<body[39m
      [33mstyle[39m=[32m""[39m
    [36m>[39m
      [36m<div>[39m
        [36m<div[39m
          [33mclass[39m=[32m"container mx-auto py-10 space-y-6"[39m
        [36m>[39m
          [36m<div[39m
            [33mclass[39m=[32m"flex items-center justify-between"[39m
          [36m>[39m
            [36m<h1[39m
              [33mclass[39m=[32m"text-3xl font-bold"[39m
            [36m>[39m
              [0mContent Management[0m
            [36m</h1>[39m
            [36m<button[39m
              [33mclass[39m=[32m"inline-flex items-center justify-center gap-2 whitespace-nowrap rounded-md text-sm font-medium transition-all disabled:pointer-events-none disabled:opacity-50 [&_svg]:pointer-events-none [&_svg:not([class*='size-'])]:size-4 shrink-0 [&_svg]:shrink-0 outline-none focus-visible:border-ring focus-visible:ring-ring/50 focus-visible:ring-[3px] aria-invalid:ring-destructive/20 dark:aria-invalid:ring-destructive/40 aria-invalid:border-destructive bg-primary text-primary-foreground shadow-xs hover:bg-primary/90 h-9 px-4 py-2 has-[>svg]:px-3"[39m
              [33mdata-slot[39m=[32m"button"[39m
            [36m>[39m
              [36m<svg[39m
                [33maria-hidden[39m=[32m"true"[39m
                [33mclass[39m=[32m"lucide lucide-plus mr-2 h-4 w-4"[39m
                [33mfill[39m=[32m"none"[39m
                [33mheight[39m=[32m"24"[39m
                [33mstroke[39m=[32m"currentColor"[39m
                [33mstroke-linecap[39m=[32m"round"[39m
                [33mstroke-linejoin[39m=[32m"round"[39m
                [33mstroke-width[39m=[32m"2"[39m
                [33mviewBox[39m=[32m"0 0 24 24"[39m
                [33mwidth[39m=[32m"24"[39m
                [33mxmlns[39m=[32m"http://www.w3.org/2000/svg"[39m
              [36m>[39m
                [36m<path[39m
                  [33md[39m=[32m"M5 12h14"[39m
                [36m/>[39m
                [36m<path[39m
                  [33md[39m=[32m"M12 5v14"[39m
                [36m/>[39m
              [36m</svg>[39m
              [0mCreate Content[0m
            [36m</button>[39m
          [36m</div>[39m
          [36m<div[39m
            [33mclass[39m=[32m"grid gap-4 md:grid-cols-2 lg:grid-cols-5"[39m
          [36m>[39m
            [36m<div[39m
              [33mclass[39m=[32m"bg-card text-card-foreground flex flex-col gap-6 rounded-xl border py-6 shadow-sm"[39m
              [33mdata-slot[39m=[32m"card"[39m
            [36m>[39m
              [36m<div[39m
                [33mclass[39m=[32m"@container/card-header auto-rows-min grid-rows-[auto_auto] gap-1.5 px-6 has-data-[slot=card-action]:grid-cols-[1fr_auto] [.border-b]:pb-6 flex flex-row items-center justify-between space-y-0 pb-2"[39m
                [33mdata-slot[39m=[32m"card-header"[39m
              [36m>[39m
                [36m<div[39m
                  [33mclass[39m=[32m"text-sm font-medium"[39m
                  [33mdata-slot[39m=[32m"card-title"[39m
                [36m>[39m
                  [0mDraft[0m
                [36m</div>[39m
                [36m<svg[39m
                  [33maria-hidden[39m=[32m"true"[39m
                  [33mclass[39m=[32m"lucide lucide-file-text h-4 w-4 text-muted-foreground"[39m
                  [33mfill[39m=[32m"none"[39m
                  [33mheight[39m=[32m"24"[39m
                  [33mstroke[39m=[32m"currentColor"[39m
                  [33mstroke-linecap[39m=[32m"round"[39m
                  [33mstroke-linejoin[39m=[32m"round"[39m
                  [33mstroke-width[39m=[32m"2"[39m
                  [33mviewBox[39m=[32m"0 0 24 24"[39m
                  [33mwidth[39m=[32m"24"[39m
                  [33mxmlns[39m=[32m"http://www.w3.org/2000/svg"[39m
                [36m>[39m
                  [36m<path[39m
                    [33md[39m=[32m"M15 2H6a2 2 0 0 0-2 2v16a2 2 0 0 0 2 2h12a2 2 0 0 0 2-2V7Z"[39m
                  [36m/>[39m
                  [36m<path[39m
                    [33md[39m=[32m"M14 2v4a2 2 0 0 0 2 2h4"[39m
                  [36m/>[39m
                  [36m<path[39m
                    [33md[39m=[32m"M10 9H8"[39m
                  [36m/>[39m
                  [36m<path[39m
                    [33md[39m=[32m"M16 13H8"[39m
                  [36m/>[39m
                  [36m<path[39m
                    [33md[39m=[32m"M16 17H8"[39m
                  [36m/>[39m
                [36m</svg>[39m
              [36m</div>[39m
              [36m<div[39m
                [33mclass[39m=[32m"px-6"[39m
                [33mdata-slot[39m=[32m"card-content"[39m
              [36m>[39m
                [36m<div[39m
                  [33mclass[39m=[32m"text-2xl font-bold"[39m
                [36m>[39m
                  [0m1[0m
                [36m</div>[39m
                [36m<p[39m
                  [33mclass[39m=[32m"text-xs text-muted-foreground"[39m
                [36m>[39m
                  [0mitem[0m
                [36m</p>[39m
              [36m</div>[39m
            [36m</div>[39m
            [36m<div[39m
              [33mclass[39m=[32m"bg-card text-card-foreground flex flex-col gap-6 rounded-xl border py-6 shadow-sm"[39m
              [33mdata-slot[39m=[32m"card"[39m
            [36m>[39m
              [36m<div[39m
                [33mclass[39m=[32m"@container/card-header auto-rows-min grid-rows-[auto_auto] gap-1.5 px-6 has-data-[slot=card-action]:grid-cols-[1fr_auto] [.border-b]:pb-6 flex flex-row items-center justify-between space-y-0 pb-2"[39m
                [33mdata-slot[39m=[32m"card-header"[39m
              [36m>[39m
                [36m<div[39m
                  [33mclass[39m=[32m"text-sm font-medium"[39m
                  [33mdata-slot[39m=[32m"card-title"[39m
                [36m>[39m
                  [0mPending Review[0m
                [36m</div>[39m
                [36m<svg[39m
                  [33maria-hidden[39m=[32m"true"[39m
                  [33mclass[39m=[32m"lucide lucide-clock h-4 w-4 text-muted-foreground"[39m
                  [33mfill[39m=[32m"none"[39m
                  [33mheight[39m=[32m"24"[39m
                  [33mstroke[39m=[32m"currentColor"[39m
                  [33mstroke-linecap[39m=[32m"round"[39m
                  [33mstroke-linejoin[39m=[32m"round"[39m
                  [33mstroke-width[39m=[32m"2"[39m
                  [33mviewBox[39m=[32m"0 0 24 24"[39m
                  [33mwidth[39m=[32m"24"[39m
                  [33mxmlns[39m=[32m"http://www.w3.org/2000/svg"[39m
                [36m>[39m
                  [36m<circle[39m
                    [33mcx[39m=[32m"12"[39m
                    [33mcy[39m=[32m"12"[39m
                    [33mr[39m=[32m"10"[39m
                  [36m/>[39m
                  [36m<polyline[39m
                    [33mpoints[39m=[32m"12 6 12 12 16 14"[39m
                  [36m/>[39m
                [36m</svg>[39m
              [36m</div>[39m
              [36m<div[39m
                [33mclass[39m=[32m"px-6"[39m
                [33mdata-slot[39m=[32m"card-content"[39m
              [36m>[39m
                [36m<div[39m
                  [33mclass[39m=[32m"text-2xl font-bold"[39m
                [36m>[39m
                  [0m1[0m
                [36m</div>[39m
                [36m<p[39...

      203 |     
      204 |     expect(screen.getByText('Tags: business, beginner')).toBeInTheDocument();
    > 205 |     expect(screen.getByText(/Updated: /)).toBeInTheDocument();
          |                   ^
      206 |   });
      207 |
      208 |   it('shows correct status badges', () => {

      at Object.getElementError (node_modules/.pnpm/@testing-library+dom@10.4.0/node_modules/@testing-library/dom/dist/config.js:37:19)
      at getElementError (node_modules/.pnpm/@testing-library+dom@10.4.0/node_modules/@testing-library/dom/dist/query-helpers.js:20:35)
      at getMultipleElementsFoundError (node_modules/.pnpm/@testing-library+dom@10.4.0/node_modules/@testing-library/dom/dist/query-helpers.js:23:10)
      at node_modules/.pnpm/@testing-library+dom@10.4.0/node_modules/@testing-library/dom/dist/query-helpers.js:55:13
      at node_modules/.pnpm/@testing-library+dom@10.4.0/node_modules/@testing-library/dom/dist/query-helpers.js:95:19
      at Object.getByText (src/components/admin/content/__tests__/ContentManagementClient.test.tsx:205:19)

PASS src/components/teacher/__tests__/ExportFunctionality.test.tsx
  ● Console

    console.error
      Warning: An update to ExportFunctionality inside a test was not wrapped in act(...).
      
      When testing, code that causes React state updates should be wrapped into act(...):
      
      act(() => {
        /* fire events that update state */
      });
      /* assert on the output */
      
      This ensures that you're testing the behavior the user would see in the browser. Learn more at https://reactjs.org/link/wrap-tests-with-act
          at data (/Users/invoture/dev.local/hey-peter/src/components/teacher/ExportFunctionality.tsx:60:3)

      146 |       setIsOpen(false);
      147 |     } catch (error) {
    > 148 |       setExportStatus({
          |       ^
      149 |         type: 'error',
      150 |         message: 'Export failed',
      151 |       });

      at printWarning (node_modules/.pnpm/react-dom@18.3.1_react@18.3.1/node_modules/react-dom/cjs/react-dom.development.js:86:30)
      at error (node_modules/.pnpm/react-dom@18.3.1_react@18.3.1/node_modules/react-dom/cjs/react-dom.development.js:60:7)
      at warnIfUpdatesNotWrappedWithActDEV (node_modules/.pnpm/react-dom@18.3.1_react@18.3.1/node_modules/react-dom/cjs/react-dom.development.js:27628:9)
      at scheduleUpdateOnFiber (node_modules/.pnpm/react-dom@18.3.1_react@18.3.1/node_modules/react-dom/cjs/react-dom.development.js:25547:5)
      at dispatchSetState (node_modules/.pnpm/react-dom@18.3.1_react@18.3.1/node_modules/react-dom/cjs/react-dom.development.js:16708:7)
      at setExportStatus (src/components/teacher/ExportFunctionality.tsx:148:7)

    console.error
      Warning: An update to ExportFunctionality inside a test was not wrapped in act(...).
      
      When testing, code that causes React state updates should be wrapped into act(...):
      
      act(() => {
        /* fire events that update state */
      });
      /* assert on the output */
      
      This ensures that you're testing the behavior the user would see in the browser. Learn more at https://reactjs.org/link/wrap-tests-with-act
          at data (/Users/invoture/dev.local/hey-peter/src/components/teacher/ExportFunctionality.tsx:60:3)

      151 |       });
      152 |     } finally {
    > 153 |       setIsExporting(false);
          |       ^
      154 |     }
      155 |   };
      156 |

      at printWarning (node_modules/.pnpm/react-dom@18.3.1_react@18.3.1/node_modules/react-dom/cjs/react-dom.development.js:86:30)
      at error (node_modules/.pnpm/react-dom@18.3.1_react@18.3.1/node_modules/react-dom/cjs/react-dom.development.js:60:7)
      at warnIfUpdatesNotWrappedWithActDEV (node_modules/.pnpm/react-dom@18.3.1_react@18.3.1/node_modules/react-dom/cjs/react-dom.development.js:27628:9)
      at scheduleUpdateOnFiber (node_modules/.pnpm/react-dom@18.3.1_react@18.3.1/node_modules/react-dom/cjs/react-dom.development.js:25547:5)
      at dispatchSetState (node_modules/.pnpm/react-dom@18.3.1_react@18.3.1/node_modules/react-dom/cjs/react-dom.development.js:16708:7)
      at setIsExporting (src/components/teacher/ExportFunctionality.tsx:153:7)

    console.error
      Warning: An update to ExportFunctionality inside a test was not wrapped in act(...).
      
      When testing, code that causes React state updates should be wrapped into act(...):
      
      act(() => {
        /* fire events that update state */
      });
      /* assert on the output */
      
      This ensures that you're testing the behavior the user would see in the browser. Learn more at https://reactjs.org/link/wrap-tests-with-act
          at data (/Users/invoture/dev.local/hey-peter/src/components/teacher/ExportFunctionality.tsx:60:3)

      146 |       setIsOpen(false);
      147 |     } catch (error) {
    > 148 |       setExportStatus({
          |       ^
      149 |         type: 'error',
      150 |         message: 'Export failed',
      151 |       });

      at printWarning (node_modules/.pnpm/react-dom@18.3.1_react@18.3.1/node_modules/react-dom/cjs/react-dom.development.js:86:30)
      at error (node_modules/.pnpm/react-dom@18.3.1_react@18.3.1/node_modules/react-dom/cjs/react-dom.development.js:60:7)
      at warnIfUpdatesNotWrappedWithActDEV (node_modules/.pnpm/react-dom@18.3.1_react@18.3.1/node_modules/react-dom/cjs/react-dom.development.js:27628:9)
      at scheduleUpdateOnFiber (node_modules/.pnpm/react-dom@18.3.1_react@18.3.1/node_modules/react-dom/cjs/react-dom.development.js:25547:5)
      at dispatchSetState (node_modules/.pnpm/react-dom@18.3.1_react@18.3.1/node_modules/react-dom/cjs/react-dom.development.js:16708:7)
      at setExportStatus (src/components/teacher/ExportFunctionality.tsx:148:7)

    console.error
      Warning: An update to ExportFunctionality inside a test was not wrapped in act(...).
      
      When testing, code that causes React state updates should be wrapped into act(...):
      
      act(() => {
        /* fire events that update state */
      });
      /* assert on the output */
      
      This ensures that you're testing the behavior the user would see in the browser. Learn more at https://reactjs.org/link/wrap-tests-with-act
          at data (/Users/invoture/dev.local/hey-peter/src/components/teacher/ExportFunctionality.tsx:60:3)

      151 |       });
      152 |     } finally {
    > 153 |       setIsExporting(false);
          |       ^
      154 |     }
      155 |   };
      156 |

      at printWarning (node_modules/.pnpm/react-dom@18.3.1_react@18.3.1/node_modules/react-dom/cjs/react-dom.development.js:86:30)
      at error (node_modules/.pnpm/react-dom@18.3.1_react@18.3.1/node_modules/react-dom/cjs/react-dom.development.js:60:7)
      at warnIfUpdatesNotWrappedWithActDEV (node_modules/.pnpm/react-dom@18.3.1_react@18.3.1/node_modules/react-dom/cjs/react-dom.development.js:27628:9)
      at scheduleUpdateOnFiber (node_modules/.pnpm/react-dom@18.3.1_react@18.3.1/node_modules/react-dom/cjs/react-dom.development.js:25547:5)
      at dispatchSetState (node_modules/.pnpm/react-dom@18.3.1_react@18.3.1/node_modules/react-dom/cjs/react-dom.development.js:16708:7)
      at setIsExporting (src/components/teacher/ExportFunctionality.tsx:153:7)

PASS src/components/admin/settings/__tests__/GeneralSettings.test.tsx
FAIL src/components/ui/charts/__tests__/BarChart.test.tsx
  ● BarChart › renders with data labels

    TestingLibraryElementError: Unable to find an element by: [data-testid="label-list"]

    Ignored nodes: comments, script, style
    [36m<body>[39m
      [36m<div>[39m
        [36m<div[39m
          [33mclass[39m=[32m"bg-card text-card-foreground flex flex-col gap-6 rounded-xl border py-6 shadow-sm w-full"[39m
          [33mdata-slot[39m=[32m"card"[39m
        [36m>[39m
          [36m<div[39m
            [33mclass[39m=[32m"@container/card-header grid auto-rows-min grid-rows-[auto_auto] items-start gap-1.5 px-6 has-data-[slot=card-action]:grid-cols-[1fr_auto] [.border-b]:pb-6"[39m
            [33mdata-slot[39m=[32m"card-header"[39m
          [36m>[39m
            [36m<div[39m
              [33mclass[39m=[32m"flex items-start justify-between"[39m
            [36m>[39m
              [36m<div[39m
                [33mclass[39m=[32m"flex-1"[39m
              [36m>[39m
                [36m<div[39m
                  [33mclass[39m=[32m"flex items-center gap-2"[39m
                [36m>[39m
                  [36m<div[39m
                    [33mclass[39m=[32m"leading-none font-semibold"[39m
                    [33mdata-slot[39m=[32m"card-title"[39m
                  [36m>[39m
                    [0mBar Chart with Labels[0m
                  [36m</div>[39m
                [36m</div>[39m
              [36m</div>[39m
              [36m<div[39m
                [33mclass[39m=[32m"flex items-center gap-2"[39m
              [36m>[39m
                [36m<div[39m
                  [33mclass[39m=[32m"flex items-center gap-2"[39m
                [36m>[39m
                  [36m<div[39m
                    [33mclass[39m=[32m"inline-flex items-center rounded-full border px-2.5 py-0.5 font-semibold transition-colors focus:outline-none focus:ring-2 focus:ring-ring focus:ring-offset-2 border-transparent bg-secondary text-secondary-foreground hover:bg-secondary/80 text-xs"[39m
                  [36m>[39m
                    [36m<svg[39m
                      [33maria-hidden[39m=[32m"true"[39m
                      [33mclass[39m=[32m"lucide lucide-chart-column h-3 w-3 mr-1"[39m
                      [33mfill[39m=[32m"none"[39m
                      [33mheight[39m=[32m"24"[39m
                      [33mstroke[39m=[32m"currentColor"[39m
                      [33mstroke-linecap[39m=[32m"round"[39m
                      [33mstroke-linejoin[39m=[32m"round"[39m
                      [33mstroke-width[39m=[32m"2"[39m
                      [33mviewBox[39m=[32m"0 0 24 24"[39m
                      [33mwidth[39m=[32m"24"[39m
                      [33mxmlns[39m=[32m"http://www.w3.org/2000/svg"[39m
                    [36m>[39m
                      [36m<path[39m
                        [33md[39m=[32m"M3 3v16a2 2 0 0 0 2 2h16"[39m
                      [36m/>[39m
                      [36m<path[39m
                        [33md[39m=[32m"M18 17V9"[39m
                      [36m/>[39m
                      [36m<path[39m
                        [33md[39m=[32m"M13 17V5"[39m
                      [36m/>[39m
                      [36m<path[39m
                        [33md[39m=[32m"M8 17v-3"[39m
                      [36m/>[39m
                    [36m</svg>[39m
                    [0mVertical[0m
                  [36m</div>[39m
                [36m</div>[39m
                [36m<button[39m
                  [33maria-expanded[39m=[32m"false"[39m
                  [33maria-haspopup[39m=[32m"menu"[39m
                  [33mclass[39m=[32m"inline-flex items-center justify-center whitespace-nowrap text-sm font-medium transition-all disabled:pointer-events-none disabled:opacity-50 [&_svg]:pointer-events-none [&_svg:not([class*='size-'])]:size-4 shrink-0 [&_svg]:shrink-0 outline-none focus-visible:border-ring focus-visible:ring-ring/50 focus-visible:ring-[3px] aria-invalid:ring-destructive/20 dark:aria-invalid:ring-destructive/40 aria-invalid:border-destructive border bg-background shadow-xs hover:bg-accent hover:text-accent-foreground dark:bg-input/30 dark:border-input dark:hover:bg-input/50 h-8 rounded-md gap-1.5 px-3 has-[>svg]:px-2.5"[39m
                  [33mdata-slot[39m=[32m"dropdown-menu-trigger"[39m
                  [33mdata-state[39m=[32m"closed"[39m
                  [33mid[39m=[32m"radix-:ra:"[39m
                  [33mtype[39m=[32m"button"[39m
                [36m>[39m
                  [36m<svg[39m
                    [33maria-hidden[39m=[32m"true"[39m
                    [33mclass[39m=[32m"lucide lucide-download h-4 w-4 mr-2"[39m
                    [33mfill[39m=[32m"none"[39m
                    [33mheight[39m=[32m"24"[39m
                    [33mstroke[39m=[32m"currentColor"[39m
                    [33mstroke-linecap[39m=[32m"round"[39m
                    [33mstroke-linejoin[39m=[32m"round"[39m
                    [33mstroke-width[39m=[32m"2"[39m
                    [33mviewBox[39m=[32m"0 0 24 24"[39m
                    [33mwidth[39m=[32m"24"[39m
                    [33mxmlns[39m=[32m"http://www.w3.org/2000/svg"[39m
                  [36m>[39m
                    [36m<path[39m
                      [33md[39m=[32m"M12 15V3"[39m
                    [36m/>[39m
                    [36m<path[39m
                      [33md[39m=[32m"M21 15v4a2 2 0 0 1-2 2H5a2 2 0 0 1-2-2v-4"[39m
                    [36m/>[39m
                    [36m<path[39m
                      [33md[39m=[32m"m7 10 5 5 5-5"[39m
                    [36m/>[39m
                  [36m</svg>[39m
                  [0mExport[0m
                [36m</button>[39m
              [36m</div>[39m
            [36m</div>[39m
            [36m<div[39m
              [33mclass[39m=[32m"mt-4 p-3 bg-muted/50 rounded-lg"[39m
            [36m>[39m
              [36m<h4[39m
                [33mclass[39m=[32m"text-sm font-medium mb-2"[39m
              [36m>[39m
                [0mKey Insights[0m
              [36m</h4>[39m
              [36m<ul[39m
                [33mclass[39m=[32m"text-sm text-muted-foreground space-y-1"[39m
              [36m>[39m
                [36m<li[39m
                  [33mclass[39m=[32m"flex items-start gap-2"[39m
                [36m>[39m
                  [36m<span[39m
                    [33mclass[39m=[32m"text-primary mt-1"[39m
                  [36m>[39m
                    [0m•[0m
                  [36m</span>[39m
                  [0mTest Series: Max 200, Min 100, Avg 150[0m
                [36m</li>[39m
              [36m</ul>[39m
            [36m</div>[39m
          [36m</div>[39m
          [36m<div[39m
            [33mclass[39m=[32m"px-6 pb-6"[39m
            [33mdata-slot[39m=[32m"card-content"[39m
          [36m>[39m
            [36m<div[39m
              [33maria-label[39m=[32m"bar chart with 3 data points showing value, value2"[39m
              [33mclass[39m=[32m"w-full"[39m
              [33mrole[39m=[32m"img"[39m
            [36m>[39m
              [36m<div[39m
                [33mdata-testid[39m=[32m"responsive-container"[39m
              [36m>[39m
                [36m<div[39m
                  [33mstyle[39m=[32m"position: relative;"[39m
                [36m>[39m
                  [36m<div[39m
                    [33mdata-testid[39m=[32m"bar-chart-vertical"[39m
                  [36m>[39m
                    [36m<div[39m
                      [33mdata-testid[39m=[32m"x-axis-category"[39m
                    [36m/>[39m
                    [36m<div[39m
                      [33mdata-testid[39m=[32m"y-axis-number"[39m
                    [36m/>[39m
                    [36m<div[39m
                      [33mdata-testid[39m=[32m"bar-value"[39m
                      [33mstyle[39m=[32m"background-color: rgb(136, 132, 216);"[39m
                    [36m/>[39m
                  [36m</div>[39m
                [36m</div>[39m
              [36m</div>[39m
            [36m</div>[39m
          [36m</div>[39m
        [36m</div>[39m
      [36m</div>[39m
    [36m</body>[39m

      122 |     );
      123 |
    > 124 |     expect(screen.getByTestId('label-list')).toBeInTheDocument();
          |                   ^
      125 |   });
      126 |
      127 |   it('handles conditional coloring', () => {

      at Object.getElementError (node_modules/.pnpm/@testing-library+dom@10.4.0/node_modules/@testing-library/dom/dist/config.js:37:19)
      at node_modules/.pnpm/@testing-library+dom@10.4.0/node_modules/@testing-library/dom/dist/query-helpers.js:76:38
      at node_modules/.pnpm/@testing-library+dom@10.4.0/node_modules/@testing-library/dom/dist/query-helpers.js:52:17
      at node_modules/.pnpm/@testing-library+dom@10.4.0/node_modules/@testing-library/dom/dist/query-helpers.js:95:19
      at Object.getByTestId (src/components/ui/charts/__tests__/BarChart.test.tsx:124:19)

PASS src/components/admin/settings/__tests__/SecuritySettings.test.tsx
FAIL src/components/ui/charts/__tests__/PieChart.test.tsx
  ● Console

    console.error
      Warning: React.jsx: type is invalid -- expected a string (for built-in components) or a class/function (for composite components) but got: undefined. You likely forgot to export your component from the file it's defined in, or you might have mixed up default and named imports.
      
      Check the render method of `PieChartComponent`.
          at data (/Users/invoture/dev.local/hey-peter/src/components/ui/charts/PieChart.tsx:84:3)
          at innerRadius (/Users/invoture/dev.local/hey-peter/src/components/ui/charts/PieChart.tsx:564:26)

      383 |       <Badge variant="secondary" className="text-xs">
      384 |         {variant === 'pie' && <PieChartIcon className="h-3 w-3 mr-1" />}
    > 385 |         {variant === 'donut' && <Doughnut className="h-3 w-3 mr-1" />}
          |                                 ^
      386 |         {variant.charAt(0).toUpperCase() + variant.slice(1)}
      387 |       </Badge>
      388 |       

      at printWarning (node_modules/.pnpm/react@18.3.1/node_modules/react/cjs/react-jsx-runtime.development.js:87:30)
      at error (node_modules/.pnpm/react@18.3.1/node_modules/react/cjs/react-jsx-runtime.development.js:61:7)
      at jsxWithValidation (node_modules/.pnpm/react@18.3.1/node_modules/react/cjs/react-jsx-runtime.development.js:1245:7)
      at jsxWithValidationDynamic (node_modules/.pnpm/react@18.3.1/node_modules/react/cjs/react-jsx-runtime.development.js:1320:12)
      at PieChartComponent (src/components/ui/charts/PieChart.tsx:385:33)
      at renderWithHooks (node_modules/.pnpm/react-dom@18.3.1_react@18.3.1/node_modules/react-dom/cjs/react-dom.development.js:15486:18)
      at mountIndeterminateComponent (node_modules/.pnpm/react-dom@18.3.1_react@18.3.1/node_modules/react-dom/cjs/react-dom.development.js:20103:13)
      at beginWork (node_modules/.pnpm/react-dom@18.3.1_react@18.3.1/node_modules/react-dom/cjs/react-dom.development.js:21626:16)
      at beginWork$1 (node_modules/.pnpm/react-dom@18.3.1_react@18.3.1/node_modules/react-dom/cjs/react-dom.development.js:27465:14)
      at performUnitOfWork (node_modules/.pnpm/react-dom@18.3.1_react@18.3.1/node_modules/react-dom/cjs/react-dom.development.js:26599:12)
      at workLoopSync (node_modules/.pnpm/react-dom@18.3.1_react@18.3.1/node_modules/react-dom/cjs/react-dom.development.js:26505:5)
      at renderRootSync (node_modules/.pnpm/react-dom@18.3.1_react@18.3.1/node_modules/react-dom/cjs/react-dom.development.js:26473:7)
      at performConcurrentWorkOnRoot (node_modules/.pnpm/react-dom@18.3.1_react@18.3.1/node_modules/react-dom/cjs/react-dom.development.js:25777:74)
      at flushActQueue (node_modules/.pnpm/react@18.3.1/node_modules/react/cjs/react.development.js:2667:24)
      at act (node_modules/.pnpm/react@18.3.1/node_modules/react/cjs/react.development.js:2582:11)
      at node_modules/.pnpm/@testing-library+react@16.3.0_@testing-library+dom@10.4.0_@types+react-dom@18.3.7_@type_efee5276f61270375aed4c032a71d5e5/node_modules/@testing-library/react/dist/act-compat.js:47:25
      at renderRoot (node_modules/.pnpm/@testing-library+react@16.3.0_@testing-library+dom@10.4.0_@types+react-dom@18.3.7_@type_efee5276f61270375aed4c032a71d5e5/node_modules/@testing-library/react/dist/pure.js:190:26)
      at render (node_modules/.pnpm/@testing-library+react@16.3.0_@testing-library+dom@10.4.0_@types+react-dom@18.3.7_@type_efee5276f61270375aed4c032a71d5e5/node_modules/@testing-library/react/dist/pure.js:292:10)
      at Object.<anonymous> (src/components/ui/charts/__tests__/PieChart.test.tsx:302:11)

    console.error
      Error: Uncaught [Error: Element type is invalid: expected a string (for built-in components) or a class/function (for composite components) but got: undefined. You likely forgot to export your component from the file it's defined in, or you might have mixed up default and named imports.
      
      Check the render method of `PieChartComponent`.]
          at Object.<anonymous> (src/components/ui/charts/__tests__/PieChart.test.tsx:302:11)
          at new Promise (<anonymous>) {
        detail: Error: Element type is invalid: expected a string (for built-in components) or a class/function (for composite components) but got: undefined. You likely forgot to export your component from the file it's defined in, or you might have mixed up default and named imports.
        
        Check the render method of `PieChartComponent`.
            at createFiberFromTypeAndProps (/Users/invoture/dev.local/hey-peter/node_modules/.pnpm/react-dom@18.3.1_react@18.3.1/node_modules/react-dom/cjs/react-dom.development.js:28478:17)
            at createFiberFromElement (/Users/invoture/dev.local/hey-peter/node_modules/.pnpm/react-dom@18.3.1_react@18.3.1/node_modules/react-dom/cjs/react-dom.development.js:28504:15)
            at createChild (/Users/invoture/dev.local/hey-peter/node_modules/.pnpm/react-dom@18.3.1_react@18.3.1/node_modules/react-dom/cjs/react-dom.development.js:13345:28)
            at reconcileChildrenArray (/Users/invoture/dev.local/hey-peter/node_modules/.pnpm/react-dom@18.3.1_react@18.3.1/node_modules/react-dom/cjs/react-dom.development.js:13640:25)
            at reconcileChildFibers (/Users/invoture/dev.local/hey-peter/node_modules/.pnpm/react-dom@18.3.1_react@18.3.1/node_modules/react-dom/cjs/react-dom.development.js:14057:16)
            at reconcileChildren (/Users/invoture/dev.local/hey-peter/node_modules/.pnpm/react-dom@18.3.1_react@18.3.1/node_modules/react-dom/cjs/react-dom.development.js:19186:28)
            at updateHostComponent (/Users/invoture/dev.local/hey-peter/node_modules/.pnpm/react-dom@18.3.1_react@18.3.1/node_modules/react-dom/cjs/react-dom.development.js:19953:3)
            at beginWork (/Users/invoture/dev.local/hey-peter/node_modules/.pnpm/react-dom@18.3.1_react@18.3.1/node_modules/react-dom/cjs/react-dom.development.js:21657:14)
            at HTMLUnknownElement.callCallback (/Users/invoture/dev.local/hey-peter/node_modules/.pnpm/react-dom@18.3.1_react@18.3.1/node_modules/react-dom/cjs/react-dom.development.js:4164:14)
            at HTMLUnknownElement.callTheUserObjectsOperation (/Users/invoture/dev.local/hey-peter/node_modules/.pnpm/jsdom@26.1.0/node_modules/jsdom/lib/jsdom/living/generated/EventListener.js:26:30)
            at innerInvokeEventListeners (/Users/invoture/dev.local/hey-peter/node_modules/.pnpm/jsdom@26.1.0/node_modules/jsdom/lib/jsdom/living/events/EventTarget-impl.js:350:25)
            at invokeEventListeners (/Users/invoture/dev.local/hey-peter/node_modules/.pnpm/jsdom@26.1.0/node_modules/jsdom/lib/jsdom/living/events/EventTarget-impl.js:286:3)
            at HTMLUnknownElementImpl._dispatch (/Users/invoture/dev.local/hey-peter/node_modules/.pnpm/jsdom@26.1.0/node_modules/jsdom/lib/jsdom/living/events/EventTarget-impl.js:233:9)
            at HTMLUnknownElementImpl.dispatchEvent (/Users/invoture/dev.local/hey-peter/node_modules/.pnpm/jsdom@26.1.0/node_modules/jsdom/lib/jsdom/living/events/EventTarget-impl.js:104:17)
            at HTMLUnknownElement.dispatchEvent (/Users/invoture/dev.local/hey-peter/node_modules/.pnpm/jsdom@26.1.0/node_modules/jsdom/lib/jsdom/living/generated/EventTarget.js:241:34)
            at Object.invokeGuardedCallbackDev (/Users/invoture/dev.local/hey-peter/node_modules/.pnpm/react-dom@18.3.1_react@18.3.1/node_modules/react-dom/cjs/react-dom.development.js:4213:16)
            at invokeGuardedCallback (/Users/invoture/dev.local/hey-peter/node_modules/.pnpm/react-dom@18.3.1_react@18.3.1/node_modules/react-dom/cjs/react-dom.development.js:4277:31)
            at beginWork$1 (/Users/invoture/dev.local/hey-peter/node_modules/.pnpm/react-dom@18.3.1_react@18.3.1/node_modules/react-dom/cjs/react-dom.development.js:27490:7)
            at performUnitOfWork (/Users/invoture/dev.local/hey-peter/node_modules/.pnpm/react-dom@18.3.1_react@18.3.1/node_modules/react-dom/cjs/react-dom.development.js:26599:12)
            at workLoopSync (/Users/invoture/dev.local/hey-peter/node_modules/.pnpm/react-dom@18.3.1_react@18.3.1/node_modules/react-dom/cjs/react-dom.development.js:26505:5)
            at renderRootSync (/Users/invoture/dev.local/hey-peter/node_modules/.pnpm/react-dom@18.3.1_react@18.3.1/node_modules/react-dom/cjs/react-dom.development.js:26473:7)
            at performConcurrentWorkOnRoot (/Users/invoture/dev.local/hey-peter/node_modules/.pnpm/react-dom@18.3.1_react@18.3.1/node_modules/react-dom/cjs/react-dom.development.js:25777:74)
            at flushActQueue (/Users/invoture/dev.local/hey-peter/node_modules/.pnpm/react@18.3.1/node_modules/react/cjs/react.development.js:2667:24)
            at act (/Users/invoture/dev.local/hey-peter/node_modules/.pnpm/react@18.3.1/node_modules/react/cjs/react.development.js:2582:11)
            at /Users/invoture/dev.local/hey-peter/node_modules/.pnpm/@testing-library+react@16.3.0_@testing-library+dom@10.4.0_@types+react-dom@18.3.7_@type_efee5276f61270375aed4c032a71d5e5/node_modules/@testing-library/react/dist/act-compat.js:47:25
            at renderRoot (/Users/invoture/dev.local/hey-peter/node_modules/.pnpm/@testing-library+react@16.3.0_@testing-library+dom@10.4.0_@types+react-dom@18.3.7_@type_efee5276f61270375aed4c032a71d5e5/node_modules/@testing-library/react/dist/pure.js:190:26)
            at render (/Users/invoture/dev.local/hey-peter/node_modules/.pnpm/@testing-library+react@16.3.0_@testing-library+dom@10.4.0_@types+react-dom@18.3.7_@type_efee5276f61270375aed4c032a71d5e5/node_modules/@testing-library/react/dist/pure.js:292:10)
            at Object.<anonymous> (/Users/invoture/dev.local/hey-peter/src/components/ui/charts/__tests__/PieChart.test.tsx:302:11)
            at Promise.finally.completed (/Users/invoture/dev.local/hey-peter/node_modules/.pnpm/jest-circus@30.0.2/node_modules/jest-circus/build/jestAdapterInit.js:1559:28)
            at new Promise (<anonymous>)
            at callAsyncCircusFn (/Users/invoture/dev.local/hey-peter/node_modules/.pnpm/jest-circus@30.0.2/node_modules/jest-circus/build/jestAdapterInit.js:1499:10)
            at _callCircusTest (/Users/invoture/dev.local/hey-peter/node_modules/.pnpm/jest-circus@30.0.2/node_modules/jest-circus/build/jestAdapterInit.js:1009:40)
            at processTicksAndRejections (node:internal/process/task_queues:95:5)
            at _runTest (/Users/invoture/dev.local/hey-peter/node_modules/.pnpm/jest-circus@30.0.2/node_modules/jest-circus/build/jestAdapterInit.js:949:3)
            at _runTestsForDescribeBlock (/Users/invoture/dev.local/hey-peter/node_modules/.pnpm/jest-circus@30.0.2/node_modules/jest-circus/build/jestAdapterInit.js:839:13)
            at _runTestsForDescribeBlock (/Users/invoture/dev.local/hey-peter/node_modules/.pnpm/jest-circus@30.0.2/node_modules/jest-circus/build/jestAdapterInit.js:829:11)
            at run (/Users/invoture/dev.local/hey-peter/node_modules/.pnpm/jest-circus@30.0.2/node_modules/jest-circus/build/jestAdapterInit.js:757:3)
            at runAndTransformResultsToJestFormat (/Users/invoture/dev.local/hey-peter/node_modules/.pnpm/jest-circus@30.0.2/node_modules/jest-circus/build/jestAdapterInit.js:1920:21)
            at jestAdapter (/Users/invoture/dev.local/hey-peter/node_modules/.pnpm/jest-circus@30.0.2/node_modules/jest-circus/build/runner.js:101:19)
            at runTestInternal (/Users/invoture/dev.local/hey-peter/node_modules/.pnpm/jest-runner@30.0.2/node_modules/jest-runner/build/testWorker.js:272:16)
            at runTest (/Users/invoture/dev.local/hey-peter/node_modules/.pnpm/jest-runner@30.0.2/node_modules/jest-runner/build/testWorker.js:340:7)
            at Object.worker (/Users/invoture/dev.local/hey-peter/node_modules/.pnpm/jest-runner@30.0.2/node_modules/jest-runner/build/testWorker.js:494:12),
        type: 'unhandled exception'
      }

      300 | describe('DonutChart', () => {
      301 |   it('renders donut chart', () => {
    > 302 |     render(
          |           ^
      303 |       <DonutChart
      304 |         data={mockData}
      305 |         dataKey="value"

      at VirtualConsole.<anonymous> (node_modules/.pnpm/@jest+environment-jsdom-abstract@30.0.4_jsdom@26.1.0/node_modules/@jest/environment-jsdom-abstract/build/index.js:78:23)
      at reportException (node_modules/.pnpm/jsdom@26.1.0/node_modules/jsdom/lib/jsdom/living/helpers/runtime-script-errors.js:70:28)
      at innerInvokeEventListeners (node_modules/.pnpm/jsdom@26.1.0/node_modules/jsdom/lib/jsdom/living/events/EventTarget-impl.js:353:9)
      at invokeEventListeners (node_modules/.pnpm/jsdom@26.1.0/node_modules/jsdom/lib/jsdom/living/events/EventTarget-impl.js:286:3)
      at HTMLUnknownElementImpl._dispatch (node_modules/.pnpm/jsdom@26.1.0/node_modules/jsdom/lib/jsdom/living/events/EventTarget-impl.js:233:9)
      at HTMLUnknownElementImpl.dispatchEvent (node_modules/.pnpm/jsdom@26.1.0/node_modules/jsdom/lib/jsdom/living/events/EventTarget-impl.js:104:17)
      at HTMLUnknownElement.dispatchEvent (node_modules/.pnpm/jsdom@26.1.0/node_modules/jsdom/lib/jsdom/living/generated/EventTarget.js:241:34)
      at Object.invokeGuardedCallbackDev (node_modules/.pnpm/react-dom@18.3.1_react@18.3.1/node_modules/react-dom/cjs/react-dom.development.js:4213:16)
      at invokeGuardedCallback (node_modules/.pnpm/react-dom@18.3.1_react@18.3.1/node_modules/react-dom/cjs/react-dom.development.js:4277:31)
      at beginWork$1 (node_modules/.pnpm/react-dom@18.3.1_react@18.3.1/node_modules/react-dom/cjs/react-dom.development.js:27490:7)
      at performUnitOfWork (node_modules/.pnpm/react-dom@18.3.1_react@18.3.1/node_modules/react-dom/cjs/react-dom.development.js:26599:12)
      at workLoopSync (node_modules/.pnpm/react-dom@18.3.1_react@18.3.1/node_modules/react-dom/cjs/react-dom.development.js:26505:5)
      at renderRootSync (node_modules/.pnpm/react-dom@18.3.1_react@18.3.1/node_modules/react-dom/cjs/react-dom.development.js:26473:7)
      at performConcurrentWorkOnRoot (node_modules/.pnpm/react-dom@18.3.1_react@18.3.1/node_modules/react-dom/cjs/react-dom.development.js:25777:74)
      at flushActQueue (node_modules/.pnpm/react@18.3.1/node_modules/react/cjs/react.development.js:2667:24)
      at act (node_modules/.pnpm/react@18.3.1/node_modules/react/cjs/react.development.js:2582:11)
      at node_modules/.pnpm/@testing-library+react@16.3.0_@testing-library+dom@10.4.0_@types+react-dom@18.3.7_@type_efee5276f61270375aed4c032a71d5e5/node_modules/@testing-library/react/dist/act-compat.js:47:25
      at renderRoot (node_modules/.pnpm/@testing-library+react@16.3.0_@testing-library+dom@10.4.0_@types+react-dom@18.3.7_@type_efee5276f61270375aed4c032a71d5e5/node_modules/@testing-library/react/dist/pure.js:190:26)
      at render (node_modules/.pnpm/@testing-library+react@16.3.0_@testing-library+dom@10.4.0_@types+react-dom@18.3.7_@type_efee5276f61270375aed4c032a71d5e5/node_modules/@testing-library/react/dist/pure.js:292:10)
      at Object.<anonymous> (src/components/ui/charts/__tests__/PieChart.test.tsx:302:11)

    console.error
      Warning: React.jsx: type is invalid -- expected a string (for built-in components) or a class/function (for composite components) but got: undefined. You likely forgot to export your component from the file it's defined in, or you might have mixed up default and named imports.
      
      Check the render method of `PieChartComponent`.
          at data (/Users/invoture/dev.local/hey-peter/src/components/ui/charts/PieChart.tsx:84:3)
          at innerRadius (/Users/invoture/dev.local/hey-peter/src/components/ui/charts/PieChart.tsx:564:26)

      383 |       <Badge variant="secondary" className="text-xs">
      384 |         {variant === 'pie' && <PieChartIcon className="h-3 w-3 mr-1" />}
    > 385 |         {variant === 'donut' && <Doughnut className="h-3 w-3 mr-1" />}
          |                                 ^
      386 |         {variant.charAt(0).toUpperCase() + variant.slice(1)}
      387 |       </Badge>
      388 |       

      at printWarning (node_modules/.pnpm/react@18.3.1/node_modules/react/cjs/react-jsx-runtime.development.js:87:30)
      at error (node_modules/.pnpm/react@18.3.1/node_modules/react/cjs/react-jsx-runtime.development.js:61:7)
      at jsxWithValidation (node_modules/.pnpm/react@18.3.1/node_modules/react/cjs/react-jsx-runtime.development.js:1245:7)
      at jsxWithValidationDynamic (node_modules/.pnpm/react@18.3.1/node_modules/react/cjs/react-jsx-runtime.development.js:1320:12)
      at PieChartComponent (src/components/ui/charts/PieChart.tsx:385:33)
      at renderWithHooks (node_modules/.pnpm/react-dom@18.3.1_react@18.3.1/node_modules/react-dom/cjs/react-dom.development.js:15486:18)
      at mountIndeterminateComponent (node_modules/.pnpm/react-dom@18.3.1_react@18.3.1/node_modules/react-dom/cjs/react-dom.development.js:20103:13)
      at beginWork (node_modules/.pnpm/react-dom@18.3.1_react@18.3.1/node_modules/react-dom/cjs/react-dom.development.js:21626:16)
      at beginWork$1 (node_modules/.pnpm/react-dom@18.3.1_react@18.3.1/node_modules/react-dom/cjs/react-dom.development.js:27465:14)
      at performUnitOfWork (node_modules/.pnpm/react-dom@18.3.1_react@18.3.1/node_modules/react-dom/cjs/react-dom.development.js:26599:12)
      at workLoopSync (node_modules/.pnpm/react-dom@18.3.1_react@18.3.1/node_modules/react-dom/cjs/react-dom.development.js:26505:5)
      at renderRootSync (node_modules/.pnpm/react-dom@18.3.1_react@18.3.1/node_modules/react-dom/cjs/react-dom.development.js:26473:7)
      at recoverFromConcurrentError (node_modules/.pnpm/react-dom@18.3.1_react@18.3.1/node_modules/react-dom/cjs/react-dom.development.js:25889:20)
      at performConcurrentWorkOnRoot (node_modules/.pnpm/react-dom@18.3.1_react@18.3.1/node_modules/react-dom/cjs/react-dom.development.js:25789:22)
      at flushActQueue (node_modules/.pnpm/react@18.3.1/node_modules/react/cjs/react.development.js:2667:24)
      at act (node_modules/.pnpm/react@18.3.1/node_modules/react/cjs/react.development.js:2582:11)
      at node_modules/.pnpm/@testing-library+react@16.3.0_@testing-library+dom@10.4.0_@types+react-dom@18.3.7_@type_efee5276f61270375aed4c032a71d5e5/node_modules/@testing-library/react/dist/act-compat.js:47:25
      at renderRoot (node_modules/.pnpm/@testing-library+react@16.3.0_@testing-library+dom@10.4.0_@types+react-dom@18.3.7_@type_efee5276f61270375aed4c032a71d5e5/node_modules/@testing-library/react/dist/pure.js:190:26)
      at render (node_modules/.pnpm/@testing-library+react@16.3.0_@testing-library+dom@10.4.0_@types+react-dom@18.3.7_@type_efee5276f61270375aed4c032a71d5e5/node_modules/@testing-library/react/dist/pure.js:292:10)
      at Object.<anonymous> (src/components/ui/charts/__tests__/PieChart.test.tsx:302:11)

    console.error
      Error: Uncaught [Error: Element type is invalid: expected a string (for built-in components) or a class/function (for composite components) but got: undefined. You likely forgot to export your component from the file it's defined in, or you might have mixed up default and named imports.
      
      Check the render method of `PieChartComponent`.]
          at Object.<anonymous> (src/components/ui/charts/__tests__/PieChart.test.tsx:302:11)
          at new Promise (<anonymous>) {
        detail: Error: Element type is invalid: expected a string (for built-in components) or a class/function (for composite components) but got: undefined. You likely forgot to export your component from the file it's defined in, or you might have mixed up default and named imports.
        
        Check the render method of `PieChartComponent`.
            at createFiberFromTypeAndProps (/Users/invoture/dev.local/hey-peter/node_modules/.pnpm/react-dom@18.3.1_react@18.3.1/node_modules/react-dom/cjs/react-dom.development.js:28478:17)
            at createFiberFromElement (/Users/invoture/dev.local/hey-peter/node_modules/.pnpm/react-dom@18.3.1_react@18.3.1/node_modules/react-dom/cjs/react-dom.development.js:28504:15)
            at createChild (/Users/invoture/dev.local/hey-peter/node_modules/.pnpm/react-dom@18.3.1_react@18.3.1/node_modules/react-dom/cjs/react-dom.development.js:13345:28)
            at reconcileChildrenArray (/Users/invoture/dev.local/hey-peter/node_modules/.pnpm/react-dom@18.3.1_react@18.3.1/node_modules/react-dom/cjs/react-dom.development.js:13640:25)
            at reconcileChildFibers (/Users/invoture/dev.local/hey-peter/node_modules/.pnpm/react-dom@18.3.1_react@18.3.1/node_modules/react-dom/cjs/react-dom.development.js:14057:16)
            at reconcileChildren (/Users/invoture/dev.local/hey-peter/node_modules/.pnpm/react-dom@18.3.1_react@18.3.1/node_modules/react-dom/cjs/react-dom.development.js:19186:28)
            at updateHostComponent (/Users/invoture/dev.local/hey-peter/node_modules/.pnpm/react-dom@18.3.1_react@18.3.1/node_modules/react-dom/cjs/react-dom.development.js:19953:3)
            at beginWork (/Users/invoture/dev.local/hey-peter/node_modules/.pnpm/react-dom@18.3.1_react@18.3.1/node_modules/react-dom/cjs/react-dom.development.js:21657:14)
            at HTMLUnknownElement.callCallback (/Users/invoture/dev.local/hey-peter/node_modules/.pnpm/react-dom@18.3.1_react@18.3.1/node_modules/react-dom/cjs/react-dom.development.js:4164:14)
            at HTMLUnknownElement.callTheUserObjectsOperation (/Users/invoture/dev.local/hey-peter/node_modules/.pnpm/jsdom@26.1.0/node_modules/jsdom/lib/jsdom/living/generated/EventListener.js:26:30)
            at innerInvokeEventListeners (/Users/invoture/dev.local/hey-peter/node_modules/.pnpm/jsdom@26.1.0/node_modules/jsdom/lib/jsdom/living/events/EventTarget-impl.js:350:25)
            at invokeEventListeners (/Users/invoture/dev.local/hey-peter/node_modules/.pnpm/jsdom@26.1.0/node_modules/jsdom/lib/jsdom/living/events/EventTarget-impl.js:286:3)
            at HTMLUnknownElementImpl._dispatch (/Users/invoture/dev.local/hey-peter/node_modules/.pnpm/jsdom@26.1.0/node_modules/jsdom/lib/jsdom/living/events/EventTarget-impl.js:233:9)
            at HTMLUnknownElementImpl.dispatchEvent (/Users/invoture/dev.local/hey-peter/node_modules/.pnpm/jsdom@26.1.0/node_modules/jsdom/lib/jsdom/living/events/EventTarget-impl.js:104:17)
            at HTMLUnknownElement.dispatchEvent (/Users/invoture/dev.local/hey-peter/node_modules/.pnpm/jsdom@26.1.0/node_modules/jsdom/lib/jsdom/living/generated/EventTarget.js:241:34)
            at Object.invokeGuardedCallbackDev (/Users/invoture/dev.local/hey-peter/node_modules/.pnpm/react-dom@18.3.1_react@18.3.1/node_modules/react-dom/cjs/react-dom.development.js:4213:16)
            at invokeGuardedCallback (/Users/invoture/dev.local/hey-peter/node_modules/.pnpm/react-dom@18.3.1_react@18.3.1/node_modules/react-dom/cjs/react-dom.development.js:4277:31)
            at beginWork$1 (/Users/invoture/dev.local/hey-peter/node_modules/.pnpm/react-dom@18.3.1_react@18.3.1/node_modules/react-dom/cjs/react-dom.development.js:27490:7)
            at performUnitOfWork (/Users/invoture/dev.local/hey-peter/node_modules/.pnpm/react-dom@18.3.1_react@18.3.1/node_modules/react-dom/cjs/react-dom.development.js:26599:12)
            at workLoopSync (/Users/invoture/dev.local/hey-peter/node_modules/.pnpm/react-dom@18.3.1_react@18.3.1/node_modules/react-dom/cjs/react-dom.development.js:26505:5)
            at renderRootSync (/Users/invoture/dev.local/hey-peter/node_modules/.pnpm/react-dom@18.3.1_react@18.3.1/node_modules/react-dom/cjs/react-dom.development.js:26473:7)
            at recoverFromConcurrentError (/Users/invoture/dev.local/hey-peter/node_modules/.pnpm/react-dom@18.3.1_react@18.3.1/node_modules/react-dom/cjs/react-dom.development.js:25889:20)
            at performConcurrentWorkOnRoot (/Users/invoture/dev.local/hey-peter/node_modules/.pnpm/react-dom@18.3.1_react@18.3.1/node_modules/react-dom/cjs/react-dom.development.js:25789:22)
            at flushActQueue (/Users/invoture/dev.local/hey-peter/node_modules/.pnpm/react@18.3.1/node_modules/react/cjs/react.development.js:2667:24)
            at act (/Users/invoture/dev.local/hey-peter/node_modules/.pnpm/react@18.3.1/node_modules/react/cjs/react.development.js:2582:11)
            at /Users/invoture/dev.local/hey-peter/node_modules/.pnpm/@testing-library+react@16.3.0_@testing-library+dom@10.4.0_@types+react-dom@18.3.7_@type_efee5276f61270375aed4c032a71d5e5/node_modules/@testing-library/react/dist/act-compat.js:47:25
            at renderRoot (/Users/invoture/dev.local/hey-peter/node_modules/.pnpm/@testing-library+react@16.3.0_@testing-library+dom@10.4.0_@types+react-dom@18.3.7_@type_efee5276f61270375aed4c032a71d5e5/node_modules/@testing-library/react/dist/pure.js:190:26)
            at render (/Users/invoture/dev.local/hey-peter/node_modules/.pnpm/@testing-library+react@16.3.0_@testing-library+dom@10.4.0_@types+react-dom@18.3.7_@type_efee5276f61270375aed4c032a71d5e5/node_modules/@testing-library/react/dist/pure.js:292:10)
            at Object.<anonymous> (/Users/invoture/dev.local/hey-peter/src/components/ui/charts/__tests__/PieChart.test.tsx:302:11)
            at Promise.finally.completed (/Users/invoture/dev.local/hey-peter/node_modules/.pnpm/jest-circus@30.0.2/node_modules/jest-circus/build/jestAdapterInit.js:1559:28)
            at new Promise (<anonymous>)
            at callAsyncCircusFn (/Users/invoture/dev.local/hey-peter/node_modules/.pnpm/jest-circus@30.0.2/node_modules/jest-circus/build/jestAdapterInit.js:1499:10)
            at _callCircusTest (/Users/invoture/dev.local/hey-peter/node_modules/.pnpm/jest-circus@30.0.2/node_modules/jest-circus/build/jestAdapterInit.js:1009:40)
            at processTicksAndRejections (node:internal/process/task_queues:95:5)
            at _runTest (/Users/invoture/dev.local/hey-peter/node_modules/.pnpm/jest-circus@30.0.2/node_modules/jest-circus/build/jestAdapterInit.js:949:3)
            at _runTestsForDescribeBlock (/Users/invoture/dev.local/hey-peter/node_modules/.pnpm/jest-circus@30.0.2/node_modules/jest-circus/build/jestAdapterInit.js:839:13)
            at _runTestsForDescribeBlock (/Users/invoture/dev.local/hey-peter/node_modules/.pnpm/jest-circus@30.0.2/node_modules/jest-circus/build/jestAdapterInit.js:829:11)
            at run (/Users/invoture/dev.local/hey-peter/node_modules/.pnpm/jest-circus@30.0.2/node_modules/jest-circus/build/jestAdapterInit.js:757:3)
            at runAndTransformResultsToJestFormat (/Users/invoture/dev.local/hey-peter/node_modules/.pnpm/jest-circus@30.0.2/node_modules/jest-circus/build/jestAdapterInit.js:1920:21)
            at jestAdapter (/Users/invoture/dev.local/hey-peter/node_modules/.pnpm/jest-circus@30.0.2/node_modules/jest-circus/build/runner.js:101:19)
            at runTestInternal (/Users/invoture/dev.local/hey-peter/node_modules/.pnpm/jest-runner@30.0.2/node_modules/jest-runner/build/testWorker.js:272:16)
            at runTest (/Users/invoture/dev.local/hey-peter/node_modules/.pnpm/jest-runner@30.0.2/node_modules/jest-runner/build/testWorker.js:340:7)
            at Object.worker (/Users/invoture/dev.local/hey-peter/node_modules/.pnpm/jest-runner@30.0.2/node_modules/jest-runner/build/testWorker.js:494:12),
        type: 'unhandled exception'
      }

      300 | describe('DonutChart', () => {
      301 |   it('renders donut chart', () => {
    > 302 |     render(
          |           ^
      303 |       <DonutChart
      304 |         data={mockData}
      305 |         dataKey="value"

      at VirtualConsole.<anonymous> (node_modules/.pnpm/@jest+environment-jsdom-abstract@30.0.4_jsdom@26.1.0/node_modules/@jest/environment-jsdom-abstract/build/index.js:78:23)
      at reportException (node_modules/.pnpm/jsdom@26.1.0/node_modules/jsdom/lib/jsdom/living/helpers/runtime-script-errors.js:70:28)
      at innerInvokeEventListeners (node_modules/.pnpm/jsdom@26.1.0/node_modules/jsdom/lib/jsdom/living/events/EventTarget-impl.js:353:9)
      at invokeEventListeners (node_modules/.pnpm/jsdom@26.1.0/node_modules/jsdom/lib/jsdom/living/events/EventTarget-impl.js:286:3)
      at HTMLUnknownElementImpl._dispatch (node_modules/.pnpm/jsdom@26.1.0/node_modules/jsdom/lib/jsdom/living/events/EventTarget-impl.js:233:9)
      at HTMLUnknownElementImpl.dispatchEvent (node_modules/.pnpm/jsdom@26.1.0/node_modules/jsdom/lib/jsdom/living/events/EventTarget-impl.js:104:17)
      at HTMLUnknownElement.dispatchEvent (node_modules/.pnpm/jsdom@26.1.0/node_modules/jsdom/lib/jsdom/living/generated/EventTarget.js:241:34)
      at Object.invokeGuardedCallbackDev (node_modules/.pnpm/react-dom@18.3.1_react@18.3.1/node_modules/react-dom/cjs/react-dom.development.js:4213:16)
      at invokeGuardedCallback (node_modules/.pnpm/react-dom@18.3.1_react@18.3.1/node_modules/react-dom/cjs/react-dom.development.js:4277:31)
      at beginWork$1 (node_modules/.pnpm/react-dom@18.3.1_react@18.3.1/node_modules/react-dom/cjs/react-dom.development.js:27490:7)
      at performUnitOfWork (node_modules/.pnpm/react-dom@18.3.1_react@18.3.1/node_modules/react-dom/cjs/react-dom.development.js:26599:12)
      at workLoopSync (node_modules/.pnpm/react-dom@18.3.1_react@18.3.1/node_modules/react-dom/cjs/react-dom.development.js:26505:5)
      at renderRootSync (node_modules/.pnpm/react-dom@18.3.1_react@18.3.1/node_modules/react-dom/cjs/react-dom.development.js:26473:7)
      at recoverFromConcurrentError (node_modules/.pnpm/react-dom@18.3.1_react@18.3.1/node_modules/react-dom/cjs/react-dom.development.js:25889:20)
      at performConcurrentWorkOnRoot (node_modules/.pnpm/react-dom@18.3.1_react@18.3.1/node_modules/react-dom/cjs/react-dom.development.js:25789:22)
      at flushActQueue (node_modules/.pnpm/react@18.3.1/node_modules/react/cjs/react.development.js:2667:24)
      at act (node_modules/.pnpm/react@18.3.1/node_modules/react/cjs/react.development.js:2582:11)
      at node_modules/.pnpm/@testing-library+react@16.3.0_@testing-library+dom@10.4.0_@types+react-dom@18.3.7_@type_efee5276f61270375aed4c032a71d5e5/node_modules/@testing-library/react/dist/act-compat.js:47:25
      at renderRoot (node_modules/.pnpm/@testing-library+react@16.3.0_@testing-library+dom@10.4.0_@types+react-dom@18.3.7_@type_efee5276f61270375aed4c032a71d5e5/node_modules/@testing-library/react/dist/pure.js:190:26)
      at render (node_modules/.pnpm/@testing-library+react@16.3.0_@testing-library+dom@10.4.0_@types+react-dom@18.3.7_@type_efee5276f61270375aed4c032a71d5e5/node_modules/@testing-library/react/dist/pure.js:292:10)
      at Object.<anonymous> (src/components/ui/charts/__tests__/PieChart.test.tsx:302:11)

    console.error
      The above error occurred in the <div> component:
      
          at div
          at className (/Users/invoture/dev.local/hey-peter/src/components/ui/badge.tsx:32:18)
          at div
          at div
          at div
          at div
          at className (/Users/invoture/dev.local/hey-peter/src/components/ui/card.tsx:18:23)
          at div
          at className (/Users/invoture/dev.local/hey-peter/src/components/ui/card.tsx:5:17)
          at data (/Users/invoture/dev.local/hey-peter/src/components/ui/charts/BaseChart.tsx:62:3)
          at data (/Users/invoture/dev.local/hey-peter/src/components/ui/charts/PieChart.tsx:84:3)
          at innerRadius (/Users/invoture/dev.local/hey-peter/src/components/ui/charts/PieChart.tsx:564:26)
      
      Consider adding an error boundary to your tree to customize error handling behavior.
      Visit https://reactjs.org/link/error-boundaries to learn more about error boundaries.

      300 | describe('DonutChart', () => {
      301 |   it('renders donut chart', () => {
    > 302 |     render(
          |           ^
      303 |       <DonutChart
      304 |         data={mockData}
      305 |         dataKey="value"

      at logCapturedError (node_modules/.pnpm/react-dom@18.3.1_react@18.3.1/node_modules/react-dom/cjs/react-dom.development.js:18704:23)
      at update.callback (node_modules/.pnpm/react-dom@18.3.1_react@18.3.1/node_modules/react-dom/cjs/react-dom.development.js:18737:5)
      at callCallback (node_modules/.pnpm/react-dom@18.3.1_react@18.3.1/node_modules/react-dom/cjs/react-dom.development.js:15036:12)
      at commitUpdateQueue (node_modules/.pnpm/react-dom@18.3.1_react@18.3.1/node_modules/react-dom/cjs/react-dom.development.js:15057:9)
      at commitLayoutEffectOnFiber (node_modules/.pnpm/react-dom@18.3.1_react@18.3.1/node_modules/react-dom/cjs/react-dom.development.js:23430:13)
      at commitLayoutMountEffects_complete (node_modules/.pnpm/react-dom@18.3.1_react@18.3.1/node_modules/react-dom/cjs/react-dom.development.js:24727:9)
      at commitLayoutEffects_begin (node_modules/.pnpm/react-dom@18.3.1_react@18.3.1/node_modules/react-dom/cjs/react-dom.development.js:24713:7)
      at commitLayoutEffects (node_modules/.pnpm/react-dom@18.3.1_react@18.3.1/node_modules/react-dom/cjs/react-dom.development.js:24651:3)
      at commitRootImpl (node_modules/.pnpm/react-dom@18.3.1_react@18.3.1/node_modules/react-dom/cjs/react-dom.development.js:26862:5)
      at commitRoot (node_modules/.pnpm/react-dom@18.3.1_react@18.3.1/node_modules/react-dom/cjs/react-dom.development.js:26721:5)
      at finishConcurrentRender (node_modules/.pnpm/react-dom@18.3.1_react@18.3.1/node_modules/react-dom/cjs/react-dom.development.js:25931:9)
      at performConcurrentWorkOnRoot (node_modules/.pnpm/react-dom@18.3.1_react@18.3.1/node_modules/react-dom/cjs/react-dom.development.js:25848:7)
      at flushActQueue (node_modules/.pnpm/react@18.3.1/node_modules/react/cjs/react.development.js:2667:24)
      at act (node_modules/.pnpm/react@18.3.1/node_modules/react/cjs/react.development.js:2582:11)
      at node_modules/.pnpm/@testing-library+react@16.3.0_@testing-library+dom@10.4.0_@types+react-dom@18.3.7_@type_efee5276f61270375aed4c032a71d5e5/node_modules/@testing-library/react/dist/act-compat.js:47:25
      at renderRoot (node_modules/.pnpm/@testing-library+react@16.3.0_@testing-library+dom@10.4.0_@types+react-dom@18.3.7_@type_efee5276f61270375aed4c032a71d5e5/node_modules/@testing-library/react/dist/pure.js:190:26)
      at render (node_modules/.pnpm/@testing-library+react@16.3.0_@testing-library+dom@10.4.0_@types+react-dom@18.3.7_@type_efee5276f61270375aed4c032a71d5e5/node_modules/@testing-library/react/dist/pure.js:292:10)
      at Object.<anonymous> (src/components/ui/charts/__tests__/PieChart.test.tsx:302:11)

    console.error
      Warning: React.jsx: type is invalid -- expected a string (for built-in components) or a class/function (for composite components) but got: undefined. You likely forgot to export your component from the file it's defined in, or you might have mixed up default and named imports.
      
      Check the render method of `PieChartComponent`.
          at data (/Users/invoture/dev.local/hey-peter/src/components/ui/charts/PieChart.tsx:84:3)
          at innerRadius (/Users/invoture/dev.local/hey-peter/src/components/ui/charts/PieChart.tsx:564:26)

      383 |       <Badge variant="secondary" className="text-xs">
      384 |         {variant === 'pie' && <PieChartIcon className="h-3 w-3 mr-1" />}
    > 385 |         {variant === 'donut' && <Doughnut className="h-3 w-3 mr-1" />}
          |                                 ^
      386 |         {variant.charAt(0).toUpperCase() + variant.slice(1)}
      387 |       </Badge>
      388 |       

      at printWarning (node_modules/.pnpm/react@18.3.1/node_modules/react/cjs/react-jsx-runtime.development.js:87:30)
      at error (node_modules/.pnpm/react@18.3.1/node_modules/react/cjs/react-jsx-runtime.development.js:61:7)
      at jsxWithValidation (node_modules/.pnpm/react@18.3.1/node_modules/react/cjs/react-jsx-runtime.development.js:1245:7)
      at jsxWithValidationDynamic (node_modules/.pnpm/react@18.3.1/node_modules/react/cjs/react-jsx-runtime.development.js:1320:12)
      at PieChartComponent (src/components/ui/charts/PieChart.tsx:385:33)
      at renderWithHooks (node_modules/.pnpm/react-dom@18.3.1_react@18.3.1/node_modules/react-dom/cjs/react-dom.development.js:15486:18)
      at mountIndeterminateComponent (node_modules/.pnpm/react-dom@18.3.1_react@18.3.1/node_modules/react-dom/cjs/react-dom.development.js:20103:13)
      at beginWork (node_modules/.pnpm/react-dom@18.3.1_react@18.3.1/node_modules/react-dom/cjs/react-dom.development.js:21626:16)
      at beginWork$1 (node_modules/.pnpm/react-dom@18.3.1_react@18.3.1/node_modules/react-dom/cjs/react-dom.development.js:27465:14)
      at performUnitOfWork (node_modules/.pnpm/react-dom@18.3.1_react@18.3.1/node_modules/react-dom/cjs/react-dom.development.js:26599:12)
      at workLoopSync (node_modules/.pnpm/react-dom@18.3.1_react@18.3.1/node_modules/react-dom/cjs/react-dom.development.js:26505:5)
      at renderRootSync (node_modules/.pnpm/react-dom@18.3.1_react@18.3.1/node_modules/react-dom/cjs/react-dom.development.js:26473:7)
      at performConcurrentWorkOnRoot (node_modules/.pnpm/react-dom@18.3.1_react@18.3.1/node_modules/react-dom/cjs/react-dom.development.js:25777:74)
      at flushActQueue (node_modules/.pnpm/react@18.3.1/node_modules/react/cjs/react.development.js:2667:24)
      at act (node_modules/.pnpm/react@18.3.1/node_modules/react/cjs/react.development.js:2582:11)
      at node_modules/.pnpm/@testing-library+react@16.3.0_@testing-library+dom@10.4.0_@types+react-dom@18.3.7_@type_efee5276f61270375aed4c032a71d5e5/node_modules/@testing-library/react/dist/act-compat.js:47:25
      at renderRoot (node_modules/.pnpm/@testing-library+react@16.3.0_@testing-library+dom@10.4.0_@types+react-dom@18.3.7_@type_efee5276f61270375aed4c032a71d5e5/node_modules/@testing-library/react/dist/pure.js:190:26)
      at render (node_modules/.pnpm/@testing-library+react@16.3.0_@testing-library+dom@10.4.0_@types+react-dom@18.3.7_@type_efee5276f61270375aed4c032a71d5e5/node_modules/@testing-library/react/dist/pure.js:292:10)
      at Object.<anonymous> (src/components/ui/charts/__tests__/PieChart.test.tsx:316:11)

    console.error
      Error: Uncaught [Error: Element type is invalid: expected a string (for built-in components) or a class/function (for composite components) but got: undefined. You likely forgot to export your component from the file it's defined in, or you might have mixed up default and named imports.
      
      Check the render method of `PieChartComponent`.]
          at Object.<anonymous> (src/components/ui/charts/__tests__/PieChart.test.tsx:316:11)
          at new Promise (<anonymous>) {
        detail: Error: Element type is invalid: expected a string (for built-in components) or a class/function (for composite components) but got: undefined. You likely forgot to export your component from the file it's defined in, or you might have mixed up default and named imports.
        
        Check the render method of `PieChartComponent`.
            at createFiberFromTypeAndProps (/Users/invoture/dev.local/hey-peter/node_modules/.pnpm/react-dom@18.3.1_react@18.3.1/node_modules/react-dom/cjs/react-dom.development.js:28478:17)
            at createFiberFromElement (/Users/invoture/dev.local/hey-peter/node_modules/.pnpm/react-dom@18.3.1_react@18.3.1/node_modules/react-dom/cjs/react-dom.development.js:28504:15)
            at createChild (/Users/invoture/dev.local/hey-peter/node_modules/.pnpm/react-dom@18.3.1_react@18.3.1/node_modules/react-dom/cjs/react-dom.development.js:13345:28)
            at reconcileChildrenArray (/Users/invoture/dev.local/hey-peter/node_modules/.pnpm/react-dom@18.3.1_react@18.3.1/node_modules/react-dom/cjs/react-dom.development.js:13640:25)
            at reconcileChildFibers (/Users/invoture/dev.local/hey-peter/node_modules/.pnpm/react-dom@18.3.1_react@18.3.1/node_modules/react-dom/cjs/react-dom.development.js:14057:16)
            at reconcileChildren (/Users/invoture/dev.local/hey-peter/node_modules/.pnpm/react-dom@18.3.1_react@18.3.1/node_modules/react-dom/cjs/react-dom.development.js:19186:28)
            at updateHostComponent (/Users/invoture/dev.local/hey-peter/node_modules/.pnpm/react-dom@18.3.1_react@18.3.1/node_modules/react-dom/cjs/react-dom.development.js:19953:3)
            at beginWork (/Users/invoture/dev.local/hey-peter/node_modules/.pnpm/react-dom@18.3.1_react@18.3.1/node_modules/react-dom/cjs/react-dom.development.js:21657:14)
            at HTMLUnknownElement.callCallback (/Users/invoture/dev.local/hey-peter/node_modules/.pnpm/react-dom@18.3.1_react@18.3.1/node_modules/react-dom/cjs/react-dom.development.js:4164:14)
            at HTMLUnknownElement.callTheUserObjectsOperation (/Users/invoture/dev.local/hey-peter/node_modules/.pnpm/jsdom@26.1.0/node_modules/jsdom/lib/jsdom/living/generated/EventListener.js:26:30)
            at innerInvokeEventListeners (/Users/invoture/dev.local/hey-peter/node_modules/.pnpm/jsdom@26.1.0/node_modules/jsdom/lib/jsdom/living/events/EventTarget-impl.js:350:25)
            at invokeEventListeners (/Users/invoture/dev.local/hey-peter/node_modules/.pnpm/jsdom@26.1.0/node_modules/jsdom/lib/jsdom/living/events/EventTarget-impl.js:286:3)
            at HTMLUnknownElementImpl._dispatch (/Users/invoture/dev.local/hey-peter/node_modules/.pnpm/jsdom@26.1.0/node_modules/jsdom/lib/jsdom/living/events/EventTarget-impl.js:233:9)
            at HTMLUnknownElementImpl.dispatchEvent (/Users/invoture/dev.local/hey-peter/node_modules/.pnpm/jsdom@26.1.0/node_modules/jsdom/lib/jsdom/living/events/EventTarget-impl.js:104:17)
            at HTMLUnknownElement.dispatchEvent (/Users/invoture/dev.local/hey-peter/node_modules/.pnpm/jsdom@26.1.0/node_modules/jsdom/lib/jsdom/living/generated/EventTarget.js:241:34)
            at Object.invokeGuardedCallbackDev (/Users/invoture/dev.local/hey-peter/node_modules/.pnpm/react-dom@18.3.1_react@18.3.1/node_modules/react-dom/cjs/react-dom.development.js:4213:16)
            at invokeGuardedCallback (/Users/invoture/dev.local/hey-peter/node_modules/.pnpm/react-dom@18.3.1_react@18.3.1/node_modules/react-dom/cjs/react-dom.development.js:4277:31)
            at beginWork$1 (/Users/invoture/dev.local/hey-peter/node_modules/.pnpm/react-dom@18.3.1_react@18.3.1/node_modules/react-dom/cjs/react-dom.development.js:27490:7)
            at performUnitOfWork (/Users/invoture/dev.local/hey-peter/node_modules/.pnpm/react-dom@18.3.1_react@18.3.1/node_modules/react-dom/cjs/react-dom.development.js:26599:12)
            at workLoopSync (/Users/invoture/dev.local/hey-peter/node_modules/.pnpm/react-dom@18.3.1_react@18.3.1/node_modules/react-dom/cjs/react-dom.development.js:26505:5)
            at renderRootSync (/Users/invoture/dev.local/hey-peter/node_modules/.pnpm/react-dom@18.3.1_react@18.3.1/node_modules/react-dom/cjs/react-dom.development.js:26473:7)
            at performConcurrentWorkOnRoot (/Users/invoture/dev.local/hey-peter/node_modules/.pnpm/react-dom@18.3.1_react@18.3.1/node_modules/react-dom/cjs/react-dom.development.js:25777:74)
            at flushActQueue (/Users/invoture/dev.local/hey-peter/node_modules/.pnpm/react@18.3.1/node_modules/react/cjs/react.development.js:2667:24)
            at act (/Users/invoture/dev.local/hey-peter/node_modules/.pnpm/react@18.3.1/node_modules/react/cjs/react.development.js:2582:11)
            at /Users/invoture/dev.local/hey-peter/node_modules/.pnpm/@testing-library+react@16.3.0_@testing-library+dom@10.4.0_@types+react-dom@18.3.7_@type_efee5276f61270375aed4c032a71d5e5/node_modules/@testing-library/react/dist/act-compat.js:47:25
            at renderRoot (/Users/invoture/dev.local/hey-peter/node_modules/.pnpm/@testing-library+react@16.3.0_@testing-library+dom@10.4.0_@types+react-dom@18.3.7_@type_efee5276f61270375aed4c032a71d5e5/node_modules/@testing-library/react/dist/pure.js:190:26)
            at render (/Users/invoture/dev.local/hey-peter/node_modules/.pnpm/@testing-library+react@16.3.0_@testing-library+dom@10.4.0_@types+react-dom@18.3.7_@type_efee5276f61270375aed4c032a71d5e5/node_modules/@testing-library/react/dist/pure.js:292:10)
            at Object.<anonymous> (/Users/invoture/dev.local/hey-peter/src/components/ui/charts/__tests__/PieChart.test.tsx:316:11)
            at Promise.finally.completed (/Users/invoture/dev.local/hey-peter/node_modules/.pnpm/jest-circus@30.0.2/node_modules/jest-circus/build/jestAdapterInit.js:1559:28)
            at new Promise (<anonymous>)
            at callAsyncCircusFn (/Users/invoture/dev.local/hey-peter/node_modules/.pnpm/jest-circus@30.0.2/node_modules/jest-circus/build/jestAdapterInit.js:1499:10)
            at _callCircusTest (/Users/invoture/dev.local/hey-peter/node_modules/.pnpm/jest-circus@30.0.2/node_modules/jest-circus/build/jestAdapterInit.js:1009:40)
            at processTicksAndRejections (node:internal/process/task_queues:95:5)
            at _runTest (/Users/invoture/dev.local/hey-peter/node_modules/.pnpm/jest-circus@30.0.2/node_modules/jest-circus/build/jestAdapterInit.js:949:3)
            at _runTestsForDescribeBlock (/Users/invoture/dev.local/hey-peter/node_modules/.pnpm/jest-circus@30.0.2/node_modules/jest-circus/build/jestAdapterInit.js:839:13)
            at _runTestsForDescribeBlock (/Users/invoture/dev.local/hey-peter/node_modules/.pnpm/jest-circus@30.0.2/node_modules/jest-circus/build/jestAdapterInit.js:829:11)
            at run (/Users/invoture/dev.local/hey-peter/node_modules/.pnpm/jest-circus@30.0.2/node_modules/jest-circus/build/jestAdapterInit.js:757:3)
            at runAndTransformResultsToJestFormat (/Users/invoture/dev.local/hey-peter/node_modules/.pnpm/jest-circus@30.0.2/node_modules/jest-circus/build/jestAdapterInit.js:1920:21)
            at jestAdapter (/Users/invoture/dev.local/hey-peter/node_modules/.pnpm/jest-circus@30.0.2/node_modules/jest-circus/build/runner.js:101:19)
            at runTestInternal (/Users/invoture/dev.local/hey-peter/node_modules/.pnpm/jest-runner@30.0.2/node_modules/jest-runner/build/testWorker.js:272:16)
            at runTest (/Users/invoture/dev.local/hey-peter/node_modules/.pnpm/jest-runner@30.0.2/node_modules/jest-runner/build/testWorker.js:340:7)
            at Object.worker (/Users/invoture/dev.local/hey-peter/node_modules/.pnpm/jest-runner@30.0.2/node_modules/jest-runner/build/testWorker.js:494:12),
        type: 'unhandled exception'
      }

      314 |
      315 |   it('renders donut chart with center label', () => {
    > 316 |     render(
          |           ^
      317 |       <DonutChart
      318 |         data={mockData}
      319 |         dataKey="value"

      at VirtualConsole.<anonymous> (node_modules/.pnpm/@jest+environment-jsdom-abstract@30.0.4_jsdom@26.1.0/node_modules/@jest/environment-jsdom-abstract/build/index.js:78:23)
      at reportException (node_modules/.pnpm/jsdom@26.1.0/node_modules/jsdom/lib/jsdom/living/helpers/runtime-script-errors.js:70:28)
      at innerInvokeEventListeners (node_modules/.pnpm/jsdom@26.1.0/node_modules/jsdom/lib/jsdom/living/events/EventTarget-impl.js:353:9)
      at invokeEventListeners (node_modules/.pnpm/jsdom@26.1.0/node_modules/jsdom/lib/jsdom/living/events/EventTarget-impl.js:286:3)
      at HTMLUnknownElementImpl._dispatch (node_modules/.pnpm/jsdom@26.1.0/node_modules/jsdom/lib/jsdom/living/events/EventTarget-impl.js:233:9)
      at HTMLUnknownElementImpl.dispatchEvent (node_modules/.pnpm/jsdom@26.1.0/node_modules/jsdom/lib/jsdom/living/events/EventTarget-impl.js:104:17)
      at HTMLUnknownElement.dispatchEvent (node_modules/.pnpm/jsdom@26.1.0/node_modules/jsdom/lib/jsdom/living/generated/EventTarget.js:241:34)
      at Object.invokeGuardedCallbackDev (node_modules/.pnpm/react-dom@18.3.1_react@18.3.1/node_modules/react-dom/cjs/react-dom.development.js:4213:16)
      at invokeGuardedCallback (node_modules/.pnpm/react-dom@18.3.1_react@18.3.1/node_modules/react-dom/cjs/react-dom.development.js:4277:31)
      at beginWork$1 (node_modules/.pnpm/react-dom@18.3.1_react@18.3.1/node_modules/react-dom/cjs/react-dom.development.js:27490:7)
      at performUnitOfWork (node_modules/.pnpm/react-dom@18.3.1_react@18.3.1/node_modules/react-dom/cjs/react-dom.development.js:26599:12)
      at workLoopSync (node_modules/.pnpm/react-dom@18.3.1_react@18.3.1/node_modules/react-dom/cjs/react-dom.development.js:26505:5)
      at renderRootSync (node_modules/.pnpm/react-dom@18.3.1_react@18.3.1/node_modules/react-dom/cjs/react-dom.development.js:26473:7)
      at performConcurrentWorkOnRoot (node_modules/.pnpm/react-dom@18.3.1_react@18.3.1/node_modules/react-dom/cjs/react-dom.development.js:25777:74)
      at flushActQueue (node_modules/.pnpm/react@18.3.1/node_modules/react/cjs/react.development.js:2667:24)
      at act (node_modules/.pnpm/react@18.3.1/node_modules/react/cjs/react.development.js:2582:11)
      at node_modules/.pnpm/@testing-library+react@16.3.0_@testing-library+dom@10.4.0_@types+react-dom@18.3.7_@type_efee5276f61270375aed4c032a71d5e5/node_modules/@testing-library/react/dist/act-compat.js:47:25
      at renderRoot (node_modules/.pnpm/@testing-library+react@16.3.0_@testing-library+dom@10.4.0_@types+react-dom@18.3.7_@type_efee5276f61270375aed4c032a71d5e5/node_modules/@testing-library/react/dist/pure.js:190:26)
      at render (node_modules/.pnpm/@testing-library+react@16.3.0_@testing-library+dom@10.4.0_@types+react-dom@18.3.7_@type_efee5276f61270375aed4c032a71d5e5/node_modules/@testing-library/react/dist/pure.js:292:10)
      at Object.<anonymous> (src/components/ui/charts/__tests__/PieChart.test.tsx:316:11)

    console.error
      Warning: React.jsx: type is invalid -- expected a string (for built-in components) or a class/function (for composite components) but got: undefined. You likely forgot to export your component from the file it's defined in, or you might have mixed up default and named imports.
      
      Check the render method of `PieChartComponent`.
          at data (/Users/invoture/dev.local/hey-peter/src/components/ui/charts/PieChart.tsx:84:3)
          at innerRadius (/Users/invoture/dev.local/hey-peter/src/components/ui/charts/PieChart.tsx:564:26)

      383 |       <Badge variant="secondary" className="text-xs">
      384 |         {variant === 'pie' && <PieChartIcon className="h-3 w-3 mr-1" />}
    > 385 |         {variant === 'donut' && <Doughnut className="h-3 w-3 mr-1" />}
          |                                 ^
      386 |         {variant.charAt(0).toUpperCase() + variant.slice(1)}
      387 |       </Badge>
      388 |       

      at printWarning (node_modules/.pnpm/react@18.3.1/node_modules/react/cjs/react-jsx-runtime.development.js:87:30)
      at error (node_modules/.pnpm/react@18.3.1/node_modules/react/cjs/react-jsx-runtime.development.js:61:7)
      at jsxWithValidation (node_modules/.pnpm/react@18.3.1/node_modules/react/cjs/react-jsx-runtime.development.js:1245:7)
      at jsxWithValidationDynamic (node_modules/.pnpm/react@18.3.1/node_modules/react/cjs/react-jsx-runtime.development.js:1320:12)
      at PieChartComponent (src/components/ui/charts/PieChart.tsx:385:33)
      at renderWithHooks (node_modules/.pnpm/react-dom@18.3.1_react@18.3.1/node_modules/react-dom/cjs/react-dom.development.js:15486:18)
      at mountIndeterminateComponent (node_modules/.pnpm/react-dom@18.3.1_react@18.3.1/node_modules/react-dom/cjs/react-dom.development.js:20103:13)
      at beginWork (node_modules/.pnpm/react-dom@18.3.1_react@18.3.1/node_modules/react-dom/cjs/react-dom.development.js:21626:16)
      at beginWork$1 (node_modules/.pnpm/react-dom@18.3.1_react@18.3.1/node_modules/react-dom/cjs/react-dom.development.js:27465:14)
      at performUnitOfWork (node_modules/.pnpm/react-dom@18.3.1_react@18.3.1/node_modules/react-dom/cjs/react-dom.development.js:26599:12)
      at workLoopSync (node_modules/.pnpm/react-dom@18.3.1_react@18.3.1/node_modules/react-dom/cjs/react-dom.development.js:26505:5)
      at renderRootSync (node_modules/.pnpm/react-dom@18.3.1_react@18.3.1/node_modules/react-dom/cjs/react-dom.development.js:26473:7)
      at recoverFromConcurrentError (node_modules/.pnpm/react-dom@18.3.1_react@18.3.1/node_modules/react-dom/cjs/react-dom.development.js:25889:20)
      at performConcurrentWorkOnRoot (node_modules/.pnpm/react-dom@18.3.1_react@18.3.1/node_modules/react-dom/cjs/react-dom.development.js:25789:22)
      at flushActQueue (node_modules/.pnpm/react@18.3.1/node_modules/react/cjs/react.development.js:2667:24)
      at act (node_modules/.pnpm/react@18.3.1/node_modules/react/cjs/react.development.js:2582:11)
      at node_modules/.pnpm/@testing-library+react@16.3.0_@testing-library+dom@10.4.0_@types+react-dom@18.3.7_@type_efee5276f61270375aed4c032a71d5e5/node_modules/@testing-library/react/dist/act-compat.js:47:25
      at renderRoot (node_modules/.pnpm/@testing-library+react@16.3.0_@testing-library+dom@10.4.0_@types+react-dom@18.3.7_@type_efee5276f61270375aed4c032a71d5e5/node_modules/@testing-library/react/dist/pure.js:190:26)
      at render (node_modules/.pnpm/@testing-library+react@16.3.0_@testing-library+dom@10.4.0_@types+react-dom@18.3.7_@type_efee5276f61270375aed4c032a71d5e5/node_modules/@testing-library/react/dist/pure.js:292:10)
      at Object.<anonymous> (src/components/ui/charts/__tests__/PieChart.test.tsx:316:11)

    console.error
      Error: Uncaught [Error: Element type is invalid: expected a string (for built-in components) or a class/function (for composite components) but got: undefined. You likely forgot to export your component from the file it's defined in, or you might have mixed up default and named imports.
      
      Check the render method of `PieChartComponent`.]
          at Object.<anonymous> (src/components/ui/charts/__tests__/PieChart.test.tsx:316:11)
          at new Promise (<anonymous>) {
        detail: Error: Element type is invalid: expected a string (for built-in components) or a class/function (for composite components) but got: undefined. You likely forgot to export your component from the file it's defined in, or you might have mixed up default and named imports.
        
        Check the render method of `PieChartComponent`.
            at createFiberFromTypeAndProps (/Users/invoture/dev.local/hey-peter/node_modules/.pnpm/react-dom@18.3.1_react@18.3.1/node_modules/react-dom/cjs/react-dom.development.js:28478:17)
            at createFiberFromElement (/Users/invoture/dev.local/hey-peter/node_modules/.pnpm/react-dom@18.3.1_react@18.3.1/node_modules/react-dom/cjs/react-dom.development.js:28504:15)
            at createChild (/Users/invoture/dev.local/hey-peter/node_modules/.pnpm/react-dom@18.3.1_react@18.3.1/node_modules/react-dom/cjs/react-dom.development.js:13345:28)
            at reconcileChildrenArray (/Users/invoture/dev.local/hey-peter/node_modules/.pnpm/react-dom@18.3.1_react@18.3.1/node_modules/react-dom/cjs/react-dom.development.js:13640:25)
            at reconcileChildFibers (/Users/invoture/dev.local/hey-peter/node_modules/.pnpm/react-dom@18.3.1_react@18.3.1/node_modules/react-dom/cjs/react-dom.development.js:14057:16)
            at reconcileChildren (/Users/invoture/dev.local/hey-peter/node_modules/.pnpm/react-dom@18.3.1_react@18.3.1/node_modules/react-dom/cjs/react-dom.development.js:19186:28)
            at updateHostComponent (/Users/invoture/dev.local/hey-peter/node_modules/.pnpm/react-dom@18.3.1_react@18.3.1/node_modules/react-dom/cjs/react-dom.development.js:19953:3)
            at beginWork (/Users/invoture/dev.local/hey-peter/node_modules/.pnpm/react-dom@18.3.1_react@18.3.1/node_modules/react-dom/cjs/react-dom.development.js:21657:14)
            at HTMLUnknownElement.callCallback (/Users/invoture/dev.local/hey-peter/node_modules/.pnpm/react-dom@18.3.1_react@18.3.1/node_modules/react-dom/cjs/react-dom.development.js:4164:14)
            at HTMLUnknownElement.callTheUserObjectsOperation (/Users/invoture/dev.local/hey-peter/node_modules/.pnpm/jsdom@26.1.0/node_modules/jsdom/lib/jsdom/living/generated/EventListener.js:26:30)
            at innerInvokeEventListeners (/Users/invoture/dev.local/hey-peter/node_modules/.pnpm/jsdom@26.1.0/node_modules/jsdom/lib/jsdom/living/events/EventTarget-impl.js:350:25)
            at invokeEventListeners (/Users/invoture/dev.local/hey-peter/node_modules/.pnpm/jsdom@26.1.0/node_modules/jsdom/lib/jsdom/living/events/EventTarget-impl.js:286:3)
            at HTMLUnknownElementImpl._dispatch (/Users/invoture/dev.local/hey-peter/node_modules/.pnpm/jsdom@26.1.0/node_modules/jsdom/lib/jsdom/living/events/EventTarget-impl.js:233:9)
            at HTMLUnknownElementImpl.dispatchEvent (/Users/invoture/dev.local/hey-peter/node_modules/.pnpm/jsdom@26.1.0/node_modules/jsdom/lib/jsdom/living/events/EventTarget-impl.js:104:17)
            at HTMLUnknownElement.dispatchEvent (/Users/invoture/dev.local/hey-peter/node_modules/.pnpm/jsdom@26.1.0/node_modules/jsdom/lib/jsdom/living/generated/EventTarget.js:241:34)
            at Object.invokeGuardedCallbackDev (/Users/invoture/dev.local/hey-peter/node_modules/.pnpm/react-dom@18.3.1_react@18.3.1/node_modules/react-dom/cjs/react-dom.development.js:4213:16)
            at invokeGuardedCallback (/Users/invoture/dev.local/hey-peter/node_modules/.pnpm/react-dom@18.3.1_react@18.3.1/node_modules/react-dom/cjs/react-dom.development.js:4277:31)
            at beginWork$1 (/Users/invoture/dev.local/hey-peter/node_modules/.pnpm/react-dom@18.3.1_react@18.3.1/node_modules/react-dom/cjs/react-dom.development.js:27490:7)
            at performUnitOfWork (/Users/invoture/dev.local/hey-peter/node_modules/.pnpm/react-dom@18.3.1_react@18.3.1/node_modules/react-dom/cjs/react-dom.development.js:26599:12)
            at workLoopSync (/Users/invoture/dev.local/hey-peter/node_modules/.pnpm/react-dom@18.3.1_react@18.3.1/node_modules/react-dom/cjs/react-dom.development.js:26505:5)
            at renderRootSync (/Users/invoture/dev.local/hey-peter/node_modules/.pnpm/react-dom@18.3.1_react@18.3.1/node_modules/react-dom/cjs/react-dom.development.js:26473:7)
            at recoverFromConcurrentError (/Users/invoture/dev.local/hey-peter/node_modules/.pnpm/react-dom@18.3.1_react@18.3.1/node_modules/react-dom/cjs/react-dom.development.js:25889:20)
            at performConcurrentWorkOnRoot (/Users/invoture/dev.local/hey-peter/node_modules/.pnpm/react-dom@18.3.1_react@18.3.1/node_modules/react-dom/cjs/react-dom.development.js:25789:22)
            at flushActQueue (/Users/invoture/dev.local/hey-peter/node_modules/.pnpm/react@18.3.1/node_modules/react/cjs/react.development.js:2667:24)
            at act (/Users/invoture/dev.local/hey-peter/node_modules/.pnpm/react@18.3.1/node_modules/react/cjs/react.development.js:2582:11)
            at /Users/invoture/dev.local/hey-peter/node_modules/.pnpm/@testing-library+react@16.3.0_@testing-library+dom@10.4.0_@types+react-dom@18.3.7_@type_efee5276f61270375aed4c032a71d5e5/node_modules/@testing-library/react/dist/act-compat.js:47:25
            at renderRoot (/Users/invoture/dev.local/hey-peter/node_modules/.pnpm/@testing-library+react@16.3.0_@testing-library+dom@10.4.0_@types+react-dom@18.3.7_@type_efee5276f61270375aed4c032a71d5e5/node_modules/@testing-library/react/dist/pure.js:190:26)
            at render (/Users/invoture/dev.local/hey-peter/node_modules/.pnpm/@testing-library+react@16.3.0_@testing-library+dom@10.4.0_@types+react-dom@18.3.7_@type_efee5276f61270375aed4c032a71d5e5/node_modules/@testing-library/react/dist/pure.js:292:10)
            at Object.<anonymous> (/Users/invoture/dev.local/hey-peter/src/components/ui/charts/__tests__/PieChart.test.tsx:316:11)
            at Promise.finally.completed (/Users/invoture/dev.local/hey-peter/node_modules/.pnpm/jest-circus@30.0.2/node_modules/jest-circus/build/jestAdapterInit.js:1559:28)
            at new Promise (<anonymous>)
            at callAsyncCircusFn (/Users/invoture/dev.local/hey-peter/node_modules/.pnpm/jest-circus@30.0.2/node_modules/jest-circus/build/jestAdapterInit.js:1499:10)
            at _callCircusTest (/Users/invoture/dev.local/hey-peter/node_modules/.pnpm/jest-circus@30.0.2/node_modules/jest-circus/build/jestAdapterInit.js:1009:40)
            at processTicksAndRejections (node:internal/process/task_queues:95:5)
            at _runTest (/Users/invoture/dev.local/hey-peter/node_modules/.pnpm/jest-circus@30.0.2/node_modules/jest-circus/build/jestAdapterInit.js:949:3)
            at _runTestsForDescribeBlock (/Users/invoture/dev.local/hey-peter/node_modules/.pnpm/jest-circus@30.0.2/node_modules/jest-circus/build/jestAdapterInit.js:839:13)
            at _runTestsForDescribeBlock (/Users/invoture/dev.local/hey-peter/node_modules/.pnpm/jest-circus@30.0.2/node_modules/jest-circus/build/jestAdapterInit.js:829:11)
            at run (/Users/invoture/dev.local/hey-peter/node_modules/.pnpm/jest-circus@30.0.2/node_modules/jest-circus/build/jestAdapterInit.js:757:3)
            at runAndTransformResultsToJestFormat (/Users/invoture/dev.local/hey-peter/node_modules/.pnpm/jest-circus@30.0.2/node_modules/jest-circus/build/jestAdapterInit.js:1920:21)
            at jestAdapter (/Users/invoture/dev.local/hey-peter/node_modules/.pnpm/jest-circus@30.0.2/node_modules/jest-circus/build/runner.js:101:19)
            at runTestInternal (/Users/invoture/dev.local/hey-peter/node_modules/.pnpm/jest-runner@30.0.2/node_modules/jest-runner/build/testWorker.js:272:16)
            at runTest (/Users/invoture/dev.local/hey-peter/node_modules/.pnpm/jest-runner@30.0.2/node_modules/jest-runner/build/testWorker.js:340:7)
            at Object.worker (/Users/invoture/dev.local/hey-peter/node_modules/.pnpm/jest-runner@30.0.2/node_modules/jest-runner/build/testWorker.js:494:12),
        type: 'unhandled exception'
      }

      314 |
      315 |   it('renders donut chart with center label', () => {
    > 316 |     render(
          |           ^
      317 |       <DonutChart
      318 |         data={mockData}
      319 |         dataKey="value"

      at VirtualConsole.<anonymous> (node_modules/.pnpm/@jest+environment-jsdom-abstract@30.0.4_jsdom@26.1.0/node_modules/@jest/environment-jsdom-abstract/build/index.js:78:23)
      at reportException (node_modules/.pnpm/jsdom@26.1.0/node_modules/jsdom/lib/jsdom/living/helpers/runtime-script-errors.js:70:28)
      at innerInvokeEventListeners (node_modules/.pnpm/jsdom@26.1.0/node_modules/jsdom/lib/jsdom/living/events/EventTarget-impl.js:353:9)
      at invokeEventListeners (node_modules/.pnpm/jsdom@26.1.0/node_modules/jsdom/lib/jsdom/living/events/EventTarget-impl.js:286:3)
      at HTMLUnknownElementImpl._dispatch (node_modules/.pnpm/jsdom@26.1.0/node_modules/jsdom/lib/jsdom/living/events/EventTarget-impl.js:233:9)
      at HTMLUnknownElementImpl.dispatchEvent (node_modules/.pnpm/jsdom@26.1.0/node_modules/jsdom/lib/jsdom/living/events/EventTarget-impl.js:104:17)
      at HTMLUnknownElement.dispatchEvent (node_modules/.pnpm/jsdom@26.1.0/node_modules/jsdom/lib/jsdom/living/generated/EventTarget.js:241:34)
      at Object.invokeGuardedCallbackDev (node_modules/.pnpm/react-dom@18.3.1_react@18.3.1/node_modules/react-dom/cjs/react-dom.development.js:4213:16)
      at invokeGuardedCallback (node_modules/.pnpm/react-dom@18.3.1_react@18.3.1/node_modules/react-dom/cjs/react-dom.development.js:4277:31)
      at beginWork$1 (node_modules/.pnpm/react-dom@18.3.1_react@18.3.1/node_modules/react-dom/cjs/react-dom.development.js:27490:7)
      at performUnitOfWork (node_modules/.pnpm/react-dom@18.3.1_react@18.3.1/node_modules/react-dom/cjs/react-dom.development.js:26599:12)
      at workLoopSync (node_modules/.pnpm/react-dom@18.3.1_react@18.3.1/node_modules/react-dom/cjs/react-dom.development.js:26505:5)
      at renderRootSync (node_modules/.pnpm/react-dom@18.3.1_react@18.3.1/node_modules/react-dom/cjs/react-dom.development.js:26473:7)
      at recoverFromConcurrentError (node_modules/.pnpm/react-dom@18.3.1_react@18.3.1/node_modules/react-dom/cjs/react-dom.development.js:25889:20)
      at performConcurrentWorkOnRoot (node_modules/.pnpm/react-dom@18.3.1_react@18.3.1/node_modules/react-dom/cjs/react-dom.development.js:25789:22)
      at flushActQueue (node_modules/.pnpm/react@18.3.1/node_modules/react/cjs/react.development.js:2667:24)
      at act (node_modules/.pnpm/react@18.3.1/node_modules/react/cjs/react.development.js:2582:11)
      at node_modules/.pnpm/@testing-library+react@16.3.0_@testing-library+dom@10.4.0_@types+react-dom@18.3.7_@type_efee5276f61270375aed4c032a71d5e5/node_modules/@testing-library/react/dist/act-compat.js:47:25
      at renderRoot (node_modules/.pnpm/@testing-library+react@16.3.0_@testing-library+dom@10.4.0_@types+react-dom@18.3.7_@type_efee5276f61270375aed4c032a71d5e5/node_modules/@testing-library/react/dist/pure.js:190:26)
      at render (node_modules/.pnpm/@testing-library+react@16.3.0_@testing-library+dom@10.4.0_@types+react-dom@18.3.7_@type_efee5276f61270375aed4c032a71d5e5/node_modules/@testing-library/react/dist/pure.js:292:10)
      at Object.<anonymous> (src/components/ui/charts/__tests__/PieChart.test.tsx:316:11)

    console.error
      The above error occurred in the <div> component:
      
          at div
          at className (/Users/invoture/dev.local/hey-peter/src/components/ui/badge.tsx:32:18)
          at div
          at div
          at div
          at div
          at className (/Users/invoture/dev.local/hey-peter/src/components/ui/card.tsx:18:23)
          at div
          at className (/Users/invoture/dev.local/hey-peter/src/components/ui/card.tsx:5:17)
          at data (/Users/invoture/dev.local/hey-peter/src/components/ui/charts/BaseChart.tsx:62:3)
          at data (/Users/invoture/dev.local/hey-peter/src/components/ui/charts/PieChart.tsx:84:3)
          at innerRadius (/Users/invoture/dev.local/hey-peter/src/components/ui/charts/PieChart.tsx:564:26)
      
      Consider adding an error boundary to your tree to customize error handling behavior.
      Visit https://reactjs.org/link/error-boundaries to learn more about error boundaries.

      314 |
      315 |   it('renders donut chart with center label', () => {
    > 316 |     render(
          |           ^
      317 |       <DonutChart
      318 |         data={mockData}
      319 |         dataKey="value"

      at logCapturedError (node_modules/.pnpm/react-dom@18.3.1_react@18.3.1/node_modules/react-dom/cjs/react-dom.development.js:18704:23)
      at update.callback (node_modules/.pnpm/react-dom@18.3.1_react@18.3.1/node_modules/react-dom/cjs/react-dom.development.js:18737:5)
      at callCallback (node_modules/.pnpm/react-dom@18.3.1_react@18.3.1/node_modules/react-dom/cjs/react-dom.development.js:15036:12)
      at commitUpdateQueue (node_modules/.pnpm/react-dom@18.3.1_react@18.3.1/node_modules/react-dom/cjs/react-dom.development.js:15057:9)
      at commitLayoutEffectOnFiber (node_modules/.pnpm/react-dom@18.3.1_react@18.3.1/node_modules/react-dom/cjs/react-dom.development.js:23430:13)
      at commitLayoutMountEffects_complete (node_modules/.pnpm/react-dom@18.3.1_react@18.3.1/node_modules/react-dom/cjs/react-dom.development.js:24727:9)
      at commitLayoutEffects_begin (node_modules/.pnpm/react-dom@18.3.1_react@18.3.1/node_modules/react-dom/cjs/react-dom.development.js:24713:7)
      at commitLayoutEffects (node_modules/.pnpm/react-dom@18.3.1_react@18.3.1/node_modules/react-dom/cjs/react-dom.development.js:24651:3)
      at commitRootImpl (node_modules/.pnpm/react-dom@18.3.1_react@18.3.1/node_modules/react-dom/cjs/react-dom.development.js:26862:5)
      at commitRoot (node_modules/.pnpm/react-dom@18.3.1_react@18.3.1/node_modules/react-dom/cjs/react-dom.development.js:26721:5)
      at finishConcurrentRender (node_modules/.pnpm/react-dom@18.3.1_react@18.3.1/node_modules/react-dom/cjs/react-dom.development.js:25931:9)
      at performConcurrentWorkOnRoot (node_modules/.pnpm/react-dom@18.3.1_react@18.3.1/node_modules/react-dom/cjs/react-dom.development.js:25848:7)
      at flushActQueue (node_modules/.pnpm/react@18.3.1/node_modules/react/cjs/react.development.js:2667:24)
      at act (node_modules/.pnpm/react@18.3.1/node_modules/react/cjs/react.development.js:2582:11)
      at node_modules/.pnpm/@testing-library+react@16.3.0_@testing-library+dom@10.4.0_@types+react-dom@18.3.7_@type_efee5276f61270375aed4c032a71d5e5/node_modules/@testing-library/react/dist/act-compat.js:47:25
      at renderRoot (node_modules/.pnpm/@testing-library+react@16.3.0_@testing-library+dom@10.4.0_@types+react-dom@18.3.7_@type_efee5276f61270375aed4c032a71d5e5/node_modules/@testing-library/react/dist/pure.js:190:26)
      at render (node_modules/.pnpm/@testing-library+react@16.3.0_@testing-library+dom@10.4.0_@types+react-dom@18.3.7_@type_efee5276f61270375aed4c032a71d5e5/node_modules/@testing-library/react/dist/pure.js:292:10)
      at Object.<anonymous> (src/components/ui/charts/__tests__/PieChart.test.tsx:316:11)

  ● PieChart › toggles slice visibility

    expect(element).toBeInTheDocument()

    element could not be found in the document

      221 |     fireEvent.click(categoryAButton);
      222 |
    > 223 |     expect(categoryAButton).toBeInTheDocument();
          |                             ^
      224 |   });
      225 |
      226 |   it('renders with gradient fill', () => {

      at Object.toBeInTheDocument (src/components/ui/charts/__tests__/PieChart.test.tsx:223:29)

  ● DonutChart › renders donut chart

    Element type is invalid: expected a string (for built-in components) or a class/function (for composite components) but got: undefined. You likely forgot to export your component from the file it's defined in, or you might have mixed up default and named imports.

    Check the render method of `PieChartComponent`.

      300 | describe('DonutChart', () => {
      301 |   it('renders donut chart', () => {
    > 302 |     render(
          |           ^
      303 |       <DonutChart
      304 |         data={mockData}
      305 |         dataKey="value"

      at createFiberFromTypeAndProps (node_modules/.pnpm/react-dom@18.3.1_react@18.3.1/node_modules/react-dom/cjs/react-dom.development.js:28478:17)
      at createFiberFromElement (node_modules/.pnpm/react-dom@18.3.1_react@18.3.1/node_modules/react-dom/cjs/react-dom.development.js:28504:15)
      at createChild (node_modules/.pnpm/react-dom@18.3.1_react@18.3.1/node_modules/react-dom/cjs/react-dom.development.js:13345:28)
      at reconcileChildrenArray (node_modules/.pnpm/react-dom@18.3.1_react@18.3.1/node_modules/react-dom/cjs/react-dom.development.js:13640:25)
      at reconcileChildFibers (node_modules/.pnpm/react-dom@18.3.1_react@18.3.1/node_modules/react-dom/cjs/react-dom.development.js:14057:16)
      at reconcileChildren (node_modules/.pnpm/react-dom@18.3.1_react@18.3.1/node_modules/react-dom/cjs/react-dom.development.js:19186:28)
      at updateHostComponent (node_modules/.pnpm/react-dom@18.3.1_react@18.3.1/node_modules/react-dom/cjs/react-dom.development.js:19953:3)
      at beginWork (node_modules/.pnpm/react-dom@18.3.1_react@18.3.1/node_modules/react-dom/cjs/react-dom.development.js:21657:14)
      at beginWork$1 (node_modules/.pnpm/react-dom@18.3.1_react@18.3.1/node_modules/react-dom/cjs/react-dom.development.js:27465:14)
      at performUnitOfWork (node_modules/.pnpm/react-dom@18.3.1_react@18.3.1/node_modules/react-dom/cjs/react-dom.development.js:26599:12)
      at workLoopSync (node_modules/.pnpm/react-dom@18.3.1_react@18.3.1/node_modules/react-dom/cjs/react-dom.development.js:26505:5)
      at renderRootSync (node_modules/.pnpm/react-dom@18.3.1_react@18.3.1/node_modules/react-dom/cjs/react-dom.development.js:26473:7)
      at recoverFromConcurrentError (node_modules/.pnpm/react-dom@18.3.1_react@18.3.1/node_modules/react-dom/cjs/react-dom.development.js:25889:20)
      at performConcurrentWorkOnRoot (node_modules/.pnpm/react-dom@18.3.1_react@18.3.1/node_modules/react-dom/cjs/react-dom.development.js:25789:22)
      at flushActQueue (node_modules/.pnpm/react@18.3.1/node_modules/react/cjs/react.development.js:2667:24)
      at act (node_modules/.pnpm/react@18.3.1/node_modules/react/cjs/react.development.js:2582:11)
      at node_modules/.pnpm/@testing-library+react@16.3.0_@testing-library+dom@10.4.0_@types+react-dom@18.3.7_@type_efee5276f61270375aed4c032a71d5e5/node_modules/@testing-library/react/dist/act-compat.js:47:25
      at renderRoot (node_modules/.pnpm/@testing-library+react@16.3.0_@testing-library+dom@10.4.0_@types+react-dom@18.3.7_@type_efee5276f61270375aed4c032a71d5e5/node_modules/@testing-library/react/dist/pure.js:190:26)
      at render (node_modules/.pnpm/@testing-library+react@16.3.0_@testing-library+dom@10.4.0_@types+react-dom@18.3.7_@type_efee5276f61270375aed4c032a71d5e5/node_modules/@testing-library/react/dist/pure.js:292:10)
      at Object.<anonymous> (src/components/ui/charts/__tests__/PieChart.test.tsx:302:11)

  ● DonutChart › renders donut chart with center label

    Element type is invalid: expected a string (for built-in components) or a class/function (for composite components) but got: undefined. You likely forgot to export your component from the file it's defined in, or you might have mixed up default and named imports.

    Check the render method of `PieChartComponent`.

      314 |
      315 |   it('renders donut chart with center label', () => {
    > 316 |     render(
          |           ^
      317 |       <DonutChart
      318 |         data={mockData}
      319 |         dataKey="value"

      at createFiberFromTypeAndProps (node_modules/.pnpm/react-dom@18.3.1_react@18.3.1/node_modules/react-dom/cjs/react-dom.development.js:28478:17)
      at createFiberFromElement (node_modules/.pnpm/react-dom@18.3.1_react@18.3.1/node_modules/react-dom/cjs/react-dom.development.js:28504:15)
      at createChild (node_modules/.pnpm/react-dom@18.3.1_react@18.3.1/node_modules/react-dom/cjs/react-dom.development.js:13345:28)
      at reconcileChildrenArray (node_modules/.pnpm/react-dom@18.3.1_react@18.3.1/node_modules/react-dom/cjs/react-dom.development.js:13640:25)
      at reconcileChildFibers (node_modules/.pnpm/react-dom@18.3.1_react@18.3.1/node_modules/react-dom/cjs/react-dom.development.js:14057:16)
      at reconcileChildren (node_modules/.pnpm/react-dom@18.3.1_react@18.3.1/node_modules/react-dom/cjs/react-dom.development.js:19186:28)
      at updateHostComponent (node_modules/.pnpm/react-dom@18.3.1_react@18.3.1/node_modules/react-dom/cjs/react-dom.development.js:19953:3)
      at beginWork (node_modules/.pnpm/react-dom@18.3.1_react@18.3.1/node_modules/react-dom/cjs/react-dom.development.js:21657:14)
      at beginWork$1 (node_modules/.pnpm/react-dom@18.3.1_react@18.3.1/node_modules/react-dom/cjs/react-dom.development.js:27465:14)
      at performUnitOfWork (node_modules/.pnpm/react-dom@18.3.1_react@18.3.1/node_modules/react-dom/cjs/react-dom.development.js:26599:12)
      at workLoopSync (node_modules/.pnpm/react-dom@18.3.1_react@18.3.1/node_modules/react-dom/cjs/react-dom.development.js:26505:5)
      at renderRootSync (node_modules/.pnpm/react-dom@18.3.1_react@18.3.1/node_modules/react-dom/cjs/react-dom.development.js:26473:7)
      at recoverFromConcurrentError (node_modules/.pnpm/react-dom@18.3.1_react@18.3.1/node_modules/react-dom/cjs/react-dom.development.js:25889:20)
      at performConcurrentWorkOnRoot (node_modules/.pnpm/react-dom@18.3.1_react@18.3.1/node_modules/react-dom/cjs/react-dom.development.js:25789:22)
      at flushActQueue (node_modules/.pnpm/react@18.3.1/node_modules/react/cjs/react.development.js:2667:24)
      at act (node_modules/.pnpm/react@18.3.1/node_modules/react/cjs/react.development.js:2582:11)
      at node_modules/.pnpm/@testing-library+react@16.3.0_@testing-library+dom@10.4.0_@types+react-dom@18.3.7_@type_efee5276f61270375aed4c032a71d5e5/node_modules/@testing-library/react/dist/act-compat.js:47:25
      at renderRoot (node_modules/.pnpm/@testing-library+react@16.3.0_@testing-library+dom@10.4.0_@types+react-dom@18.3.7_@type_efee5276f61270375aed4c032a71d5e5/node_modules/@testing-library/react/dist/pure.js:190:26)
      at render (node_modules/.pnpm/@testing-library+react@16.3.0_@testing-library+dom@10.4.0_@types+react-dom@18.3.7_@type_efee5276f61270375aed4c032a71d5e5/node_modules/@testing-library/react/dist/pure.js:292:10)
      at Object.<anonymous> (src/components/ui/charts/__tests__/PieChart.test.tsx:316:11)

PASS src/components/ui/__tests__/bulk-confirmation-dialog.test.tsx
FAIL src/components/ui/charts/__tests__/LineChart.test.tsx
  ● LineChart › renders trend line when enabled

    TestingLibraryElementError: Unable to find an element with the text: Test Line Chart. This could be because the text is broken up by multiple elements. In this case, you can provide a function for your text matcher to make your matcher more flexible.

    Ignored nodes: comments, script, style
    [36m<body>[39m
      [36m<div>[39m
        [36m<div[39m
          [33mclass[39m=[32m"bg-card text-card-foreground flex flex-col gap-6 rounded-xl border py-6 shadow-sm w-full"[39m
          [33mdata-slot[39m=[32m"card"[39m
        [36m>[39m
          [36m<div[39m
            [33mclass[39m=[32m"@container/card-header grid auto-rows-min grid-rows-[auto_auto] items-start gap-1.5 px-6 has-data-[slot=card-action]:grid-cols-[1fr_auto] [.border-b]:pb-6"[39m
            [33mdata-slot[39m=[32m"card-header"[39m
          [36m>[39m
            [36m<div[39m
              [33mclass[39m=[32m"flex items-start justify-between"[39m
            [36m>[39m
              [36m<div[39m
                [33mclass[39m=[32m"flex-1"[39m
              [36m>[39m
                [36m<div[39m
                  [33mclass[39m=[32m"flex items-center gap-2"[39m
                [36m>[39m
                  [36m<div[39m
                    [33mclass[39m=[32m"leading-none font-semibold"[39m
                    [33mdata-slot[39m=[32m"card-title"[39m
                  [36m>[39m
                    [0mLine Chart with Trend[0m
                  [36m</div>[39m
                [36m</div>[39m
              [36m</div>[39m
              [36m<div[39m
                [33mclass[39m=[32m"flex items-center gap-2"[39m
              [36m>[39m
                [36m<div[39m
                  [33mclass[39m=[32m"flex items-center gap-2"[39m
                [36m>[39m
                  [36m<div[39m
                    [33mclass[39m=[32m"inline-flex items-center rounded-full border px-2.5 py-0.5 font-semibold transition-colors focus:outline-none focus:ring-2 focus:ring-ring focus:ring-offset-2 border-transparent bg-secondary text-secondary-foreground hover:bg-secondary/80 text-xs"[39m
                  [36m>[39m
                    [36m<svg[39m
                      [33maria-hidden[39m=[32m"true"[39m
                      [33mclass[39m=[32m"lucide lucide-trending-up h-3 w-3 mr-1"[39m
                      [33mfill[39m=[32m"none"[39m
                      [33mheight[39m=[32m"24"[39m
                      [33mstroke[39m=[32m"currentColor"[39m
                      [33mstroke-linecap[39m=[32m"round"[39m
                      [33mstroke-linejoin[39m=[32m"round"[39m
                      [33mstroke-width[39m=[32m"2"[39m
                      [33mviewBox[39m=[32m"0 0 24 24"[39m
                      [33mwidth[39m=[32m"24"[39m
                      [33mxmlns[39m=[32m"http://www.w3.org/2000/svg"[39m
                    [36m>[39m
                      [36m<path[39m
                        [33md[39m=[32m"M16 7h6v6"[39m
                      [36m/>[39m
                      [36m<path[39m
                        [33md[39m=[32m"m22 7-8.5 8.5-5-5L2 17"[39m
                      [36m/>[39m
                    [36m</svg>[39m
                    [0mTrend[0m
                  [36m</div>[39m
                [36m</div>[39m
                [36m<button[39m
                  [33maria-expanded[39m=[32m"false"[39m
                  [33maria-haspopup[39m=[32m"menu"[39m
                  [33mclass[39m=[32m"inline-flex items-center justify-center whitespace-nowrap text-sm font-medium transition-all disabled:pointer-events-none disabled:opacity-50 [&_svg]:pointer-events-none [&_svg:not([class*='size-'])]:size-4 shrink-0 [&_svg]:shrink-0 outline-none focus-visible:border-ring focus-visible:ring-ring/50 focus-visible:ring-[3px] aria-invalid:ring-destructive/20 dark:aria-invalid:ring-destructive/40 aria-invalid:border-destructive border bg-background shadow-xs hover:bg-accent hover:text-accent-foreground dark:bg-input/30 dark:border-input dark:hover:bg-input/50 h-8 rounded-md gap-1.5 px-3 has-[>svg]:px-2.5"[39m
                  [33mdata-slot[39m=[32m"dropdown-menu-trigger"[39m
                  [33mdata-state[39m=[32m"closed"[39m
                  [33mid[39m=[32m"radix-:r4:"[39m
                  [33mtype[39m=[32m"button"[39m
                [36m>[39m
                  [36m<svg[39m
                    [33maria-hidden[39m=[32m"true"[39m
                    [33mclass[39m=[32m"lucide lucide-download h-4 w-4 mr-2"[39m
                    [33mfill[39m=[32m"none"[39m
                    [33mheight[39m=[32m"24"[39m
                    [33mstroke[39m=[32m"currentColor"[39m
                    [33mstroke-linecap[39m=[32m"round"[39m
                    [33mstroke-linejoin[39m=[32m"round"[39m
                    [33mstroke-width[39m=[32m"2"[39m
                    [33mviewBox[39m=[32m"0 0 24 24"[39m
                    [33mwidth[39m=[32m"24"[39m
                    [33mxmlns[39m=[32m"http://www.w3.org/2000/svg"[39m
                  [36m>[39m
                    [36m<path[39m
                      [33md[39m=[32m"M12 15V3"[39m
                    [36m/>[39m
                    [36m<path[39m
                      [33md[39m=[32m"M21 15v4a2 2 0 0 1-2 2H5a2 2 0 0 1-2-2v-4"[39m
                    [36m/>[39m
                    [36m<path[39m
                      [33md[39m=[32m"m7 10 5 5 5-5"[39m
                    [36m/>[39m
                  [36m</svg>[39m
                  [0mExport[0m
                [36m</button>[39m
              [36m</div>[39m
            [36m</div>[39m
            [36m<div[39m
              [33mclass[39m=[32m"mt-4 p-3 bg-muted/50 rounded-lg"[39m
            [36m>[39m
              [36m<h4[39m
                [33mclass[39m=[32m"text-sm font-medium mb-2"[39m
              [36m>[39m
                [0mKey Insights[0m
              [36m</h4>[39m
              [36m<ul[39m
                [33mclass[39m=[32m"text-sm text-muted-foreground space-y-1"[39m
              [36m>[39m
                [36m<li[39m
                  [33mclass[39m=[32m"flex items-start gap-2"[39m
                [36m>[39m
                  [36m<span[39m
                    [33mclass[39m=[32m"text-primary mt-1"[39m
                  [36m>[39m
                    [0m•[0m
                  [36m</span>[39m
                  [0mTest Series increased by 100.0% over the period[0m
                [36m</li>[39m
                [36m<li[39m
                  [33mclass[39m=[32m"flex items-start gap-2"[39m
                [36m>[39m
                  [36m<span[39m
                    [33mclass[39m=[32m"text-primary mt-1"[39m
                  [36m>[39m
                    [0m•[0m
                  [36m</span>[39m
                  [0mTrend line shows the overall direction of the data[0m
                [36m</li>[39m
              [36m</ul>[39m
            [36m</div>[39m
          [36m</div>[39m
          [36m<div[39m
            [33mclass[39m=[32m"px-6 pb-6"[39m
            [33mdata-slot[39m=[32m"card-content"[39m
          [36m>[39m
            [36m<div[39m
              [33maria-label[39m=[32m"line chart with 3 data points showing value, value2, trendLine"[39m
              [33mclass[39m=[32m"w-full"[39m
              [33mrole[39m=[32m"img"[39m
            [36m>[39m
              [36m<div[39m
                [33mdata-testid[39m=[32m"responsive-container"[39m
              [36m>[39m
                [36m<div[39m
                  [33mstyle[39m=[32m"position: relative;"[39m
                [36m>[39m
                  [36m<div[39m
                    [33mdata-testid[39m=[32m"line-chart"[39m
                  [36m>[39m
                    [36m<div[39m
                      [33mdata-testid[39m=[32m"x-axis-name"[39m
                    [36m/>[39m
                    [36m<div[39m
                      [33mdata-testid[39m=[32m"y-axis"[39m
                    [36m/>[39m
                    [36m<div[39m
                      [33mdata-testid[39m=[32m"line-value"[39m
                      [33mstyle[39m=[32m"color: rgb(136, 132, 216);"[39m
                    [36m/>[39m
                    [36m<div[39m
                      [33mdata-testid[39m=[32m"line-trendLine"[39m
                      [33mstyle[39m=[32m"color: rgb(255, 115, 0);"[39m
                    [36m/>[39m
                  [36m</div>[39m
                [36m</div>[39m
              [36m</div>[39m
            [36m</div>[39m
          [36m</div>[39m
        [36m</div>[39m
      [36m</div>[39m
    [36m</body>[39m

      78 |     );
      79 |
    > 80 |     expect(screen.getByText('Test Line Chart')).toBeInTheDocument();
         |                   ^
      81 |     // Trend line would be rendered as a Line component with dataKey "trendLine"
      82 |   });
      83 |

      at Object.getElementError (node_modules/.pnpm/@testing-library+dom@10.4.0/node_modules/@testing-library/dom/dist/config.js:37:19)
      at node_modules/.pnpm/@testing-library+dom@10.4.0/node_modules/@testing-library/dom/dist/query-helpers.js:76:38
      at node_modules/.pnpm/@testing-library+dom@10.4.0/node_modules/@testing-library/dom/dist/query-helpers.js:52:17
      at node_modules/.pnpm/@testing-library+dom@10.4.0/node_modules/@testing-library/dom/dist/query-helpers.js:95:19
      at Object.getByText (src/components/ui/charts/__tests__/LineChart.test.tsx:80:19)

PASS src/components/ui/__tests__/bulk-progress.test.tsx
PASS src/hooks/__tests__/useBulkSelection.test.ts
PASS src/components/admin/__tests__/ImportExportDialog.test.tsx
FAIL src/components/ui/charts/__tests__/BaseChart.test.tsx
  ● Console

    console.error
      Error: Uncaught [TypeError: Cannot convert undefined or null to object]
          at Object.<anonymous> (src/components/ui/charts/__tests__/BaseChart.test.tsx:77:11)
          at new Promise (<anonymous>) {
        detail: TypeError: Cannot convert undefined or null to object
            at Function.keys (<anonymous>)
            at Function.keys [as generateDescription] (/Users/invoture/dev.local/hey-peter/src/lib/utils/chart-config.ts:612:25)
            at generateDescription (/Users/invoture/dev.local/hey-peter/src/components/ui/charts/BaseChart.tsx:211:60)
            at renderWithHooks (/Users/invoture/dev.local/hey-peter/node_modules/.pnpm/react-dom@18.3.1_react@18.3.1/node_modules/react-dom/cjs/react-dom.development.js:15486:18)
            at mountIndeterminateComponent (/Users/invoture/dev.local/hey-peter/node_modules/.pnpm/react-dom@18.3.1_react@18.3.1/node_modules/react-dom/cjs/react-dom.development.js:20103:13)
            at beginWork (/Users/invoture/dev.local/hey-peter/node_modules/.pnpm/react-dom@18.3.1_react@18.3.1/node_modules/react-dom/cjs/react-dom.development.js:21626:16)
            at HTMLUnknownElement.callCallback (/Users/invoture/dev.local/hey-peter/node_modules/.pnpm/react-dom@18.3.1_react@18.3.1/node_modules/react-dom/cjs/react-dom.development.js:4164:14)
            at HTMLUnknownElement.callTheUserObjectsOperation (/Users/invoture/dev.local/hey-peter/node_modules/.pnpm/jsdom@26.1.0/node_modules/jsdom/lib/jsdom/living/generated/EventListener.js:26:30)
            at innerInvokeEventListeners (/Users/invoture/dev.local/hey-peter/node_modules/.pnpm/jsdom@26.1.0/node_modules/jsdom/lib/jsdom/living/events/EventTarget-impl.js:350:25)
            at invokeEventListeners (/Users/invoture/dev.local/hey-peter/node_modules/.pnpm/jsdom@26.1.0/node_modules/jsdom/lib/jsdom/living/events/EventTarget-impl.js:286:3)
            at HTMLUnknownElementImpl._dispatch (/Users/invoture/dev.local/hey-peter/node_modules/.pnpm/jsdom@26.1.0/node_modules/jsdom/lib/jsdom/living/events/EventTarget-impl.js:233:9)
            at HTMLUnknownElementImpl.dispatchEvent (/Users/invoture/dev.local/hey-peter/node_modules/.pnpm/jsdom@26.1.0/node_modules/jsdom/lib/jsdom/living/events/EventTarget-impl.js:104:17)
            at HTMLUnknownElement.dispatchEvent (/Users/invoture/dev.local/hey-peter/node_modules/.pnpm/jsdom@26.1.0/node_modules/jsdom/lib/jsdom/living/generated/EventTarget.js:241:34)
            at Object.invokeGuardedCallbackDev (/Users/invoture/dev.local/hey-peter/node_modules/.pnpm/react-dom@18.3.1_react@18.3.1/node_modules/react-dom/cjs/react-dom.development.js:4213:16)
            at invokeGuardedCallback (/Users/invoture/dev.local/hey-peter/node_modules/.pnpm/react-dom@18.3.1_react@18.3.1/node_modules/react-dom/cjs/react-dom.development.js:4277:31)
            at beginWork$1 (/Users/invoture/dev.local/hey-peter/node_modules/.pnpm/react-dom@18.3.1_react@18.3.1/node_modules/react-dom/cjs/react-dom.development.js:27490:7)
            at performUnitOfWork (/Users/invoture/dev.local/hey-peter/node_modules/.pnpm/react-dom@18.3.1_react@18.3.1/node_modules/react-dom/cjs/react-dom.development.js:26599:12)
            at workLoopSync (/Users/invoture/dev.local/hey-peter/node_modules/.pnpm/react-dom@18.3.1_react@18.3.1/node_modules/react-dom/cjs/react-dom.development.js:26505:5)
            at renderRootSync (/Users/invoture/dev.local/hey-peter/node_modules/.pnpm/react-dom@18.3.1_react@18.3.1/node_modules/react-dom/cjs/react-dom.development.js:26473:7)
            at performConcurrentWorkOnRoot (/Users/invoture/dev.local/hey-peter/node_modules/.pnpm/react-dom@18.3.1_react@18.3.1/node_modules/react-dom/cjs/react-dom.development.js:25777:74)
            at flushActQueue (/Users/invoture/dev.local/hey-peter/node_modules/.pnpm/react@18.3.1/node_modules/react/cjs/react.development.js:2667:24)
            at act (/Users/invoture/dev.local/hey-peter/node_modules/.pnpm/react@18.3.1/node_modules/react/cjs/react.development.js:2582:11)
            at /Users/invoture/dev.local/hey-peter/node_modules/.pnpm/@testing-library+react@16.3.0_@testing-library+dom@10.4.0_@types+react-dom@18.3.7_@type_efee5276f61270375aed4c032a71d5e5/node_modules/@testing-library/react/dist/act-compat.js:47:25
            at renderRoot (/Users/invoture/dev.local/hey-peter/node_modules/.pnpm/@testing-library+react@16.3.0_@testing-library+dom@10.4.0_@types+react-dom@18.3.7_@type_efee5276f61270375aed4c032a71d5e5/node_modules/@testing-library/react/dist/pure.js:190:26)
            at render (/Users/invoture/dev.local/hey-peter/node_modules/.pnpm/@testing-library+react@16.3.0_@testing-library+dom@10.4.0_@types+react-dom@18.3.7_@type_efee5276f61270375aed4c032a71d5e5/node_modules/@testing-library/react/dist/pure.js:292:10)
            at Object.<anonymous> (/Users/invoture/dev.local/hey-peter/src/components/ui/charts/__tests__/BaseChart.test.tsx:77:11)
            at Promise.finally.completed (/Users/invoture/dev.local/hey-peter/node_modules/.pnpm/jest-circus@30.0.2/node_modules/jest-circus/build/jestAdapterInit.js:1559:28)
            at new Promise (<anonymous>)
            at callAsyncCircusFn (/Users/invoture/dev.local/hey-peter/node_modules/.pnpm/jest-circus@30.0.2/node_modules/jest-circus/build/jestAdapterInit.js:1499:10)
            at _callCircusTest (/Users/invoture/dev.local/hey-peter/node_modules/.pnpm/jest-circus@30.0.2/node_modules/jest-circus/build/jestAdapterInit.js:1009:40)
            at processTicksAndRejections (node:internal/process/task_queues:95:5)
            at _runTest (/Users/invoture/dev.local/hey-peter/node_modules/.pnpm/jest-circus@30.0.2/node_modules/jest-circus/build/jestAdapterInit.js:949:3)
            at _runTestsForDescribeBlock (/Users/invoture/dev.local/hey-peter/node_modules/.pnpm/jest-circus@30.0.2/node_modules/jest-circus/build/jestAdapterInit.js:839:13)
            at _runTestsForDescribeBlock (/Users/invoture/dev.local/hey-peter/node_modules/.pnpm/jest-circus@30.0.2/node_modules/jest-circus/build/jestAdapterInit.js:829:11)
            at run (/Users/invoture/dev.local/hey-peter/node_modules/.pnpm/jest-circus@30.0.2/node_modules/jest-circus/build/jestAdapterInit.js:757:3)
            at runAndTransformResultsToJestFormat (/Users/invoture/dev.local/hey-peter/node_modules/.pnpm/jest-circus@30.0.2/node_modules/jest-circus/build/jestAdapterInit.js:1920:21)
            at jestAdapter (/Users/invoture/dev.local/hey-peter/node_modules/.pnpm/jest-circus@30.0.2/node_modules/jest-circus/build/runner.js:101:19)
            at runTestInternal (/Users/invoture/dev.local/hey-peter/node_modules/.pnpm/jest-runner@30.0.2/node_modules/jest-runner/build/testWorker.js:272:16)
            at runTest (/Users/invoture/dev.local/hey-peter/node_modules/.pnpm/jest-runner@30.0.2/node_modules/jest-runner/build/testWorker.js:340:7)
            at Object.worker (/Users/invoture/dev.local/hey-peter/node_modules/.pnpm/jest-runner@30.0.2/node_modules/jest-runner/build/testWorker.js:494:12),
        type: 'unhandled exception'
      }

      75 |
      76 |   it('renders empty state when no data', () => {
    > 77 |     render(
         |           ^
      78 |       <BaseChart
      79 |         data={[]}
      80 |         series={mockSeries}

      at VirtualConsole.<anonymous> (node_modules/.pnpm/@jest+environment-jsdom-abstract@30.0.4_jsdom@26.1.0/node_modules/@jest/environment-jsdom-abstract/build/index.js:78:23)
      at reportException (node_modules/.pnpm/jsdom@26.1.0/node_modules/jsdom/lib/jsdom/living/helpers/runtime-script-errors.js:70:28)
      at innerInvokeEventListeners (node_modules/.pnpm/jsdom@26.1.0/node_modules/jsdom/lib/jsdom/living/events/EventTarget-impl.js:353:9)
      at invokeEventListeners (node_modules/.pnpm/jsdom@26.1.0/node_modules/jsdom/lib/jsdom/living/events/EventTarget-impl.js:286:3)
      at HTMLUnknownElementImpl._dispatch (node_modules/.pnpm/jsdom@26.1.0/node_modules/jsdom/lib/jsdom/living/events/EventTarget-impl.js:233:9)
      at HTMLUnknownElementImpl.dispatchEvent (node_modules/.pnpm/jsdom@26.1.0/node_modules/jsdom/lib/jsdom/living/events/EventTarget-impl.js:104:17)
      at HTMLUnknownElement.dispatchEvent (node_modules/.pnpm/jsdom@26.1.0/node_modules/jsdom/lib/jsdom/living/generated/EventTarget.js:241:34)
      at Object.invokeGuardedCallbackDev (node_modules/.pnpm/react-dom@18.3.1_react@18.3.1/node_modules/react-dom/cjs/react-dom.development.js:4213:16)
      at invokeGuardedCallback (node_modules/.pnpm/react-dom@18.3.1_react@18.3.1/node_modules/react-dom/cjs/react-dom.development.js:4277:31)
      at beginWork$1 (node_modules/.pnpm/react-dom@18.3.1_react@18.3.1/node_modules/react-dom/cjs/react-dom.development.js:27490:7)
      at performUnitOfWork (node_modules/.pnpm/react-dom@18.3.1_react@18.3.1/node_modules/react-dom/cjs/react-dom.development.js:26599:12)
      at workLoopSync (node_modules/.pnpm/react-dom@18.3.1_react@18.3.1/node_modules/react-dom/cjs/react-dom.development.js:26505:5)
      at renderRootSync (node_modules/.pnpm/react-dom@18.3.1_react@18.3.1/node_modules/react-dom/cjs/react-dom.development.js:26473:7)
      at performConcurrentWorkOnRoot (node_modules/.pnpm/react-dom@18.3.1_react@18.3.1/node_modules/react-dom/cjs/react-dom.development.js:25777:74)
      at flushActQueue (node_modules/.pnpm/react@18.3.1/node_modules/react/cjs/react.development.js:2667:24)
      at act (node_modules/.pnpm/react@18.3.1/node_modules/react/cjs/react.development.js:2582:11)
      at node_modules/.pnpm/@testing-library+react@16.3.0_@testing-library+dom@10.4.0_@types+react-dom@18.3.7_@type_efee5276f61270375aed4c032a71d5e5/node_modules/@testing-library/react/dist/act-compat.js:47:25
      at renderRoot (node_modules/.pnpm/@testing-library+react@16.3.0_@testing-library+dom@10.4.0_@types+react-dom@18.3.7_@type_efee5276f61270375aed4c032a71d5e5/node_modules/@testing-library/react/dist/pure.js:190:26)
      at render (node_modules/.pnpm/@testing-library+react@16.3.0_@testing-library+dom@10.4.0_@types+react-dom@18.3.7_@type_efee5276f61270375aed4c032a71d5e5/node_modules/@testing-library/react/dist/pure.js:292:10)
      at Object.<anonymous> (src/components/ui/charts/__tests__/BaseChart.test.tsx:77:11)

    console.error
      Error: Uncaught [TypeError: Cannot convert undefined or null to object]
          at Object.<anonymous> (src/components/ui/charts/__tests__/BaseChart.test.tsx:77:11)
          at new Promise (<anonymous>) {
        detail: TypeError: Cannot convert undefined or null to object
            at Function.keys (<anonymous>)
            at Function.keys [as generateDescription] (/Users/invoture/dev.local/hey-peter/src/lib/utils/chart-config.ts:612:25)
            at generateDescription (/Users/invoture/dev.local/hey-peter/src/components/ui/charts/BaseChart.tsx:211:60)
            at renderWithHooks (/Users/invoture/dev.local/hey-peter/node_modules/.pnpm/react-dom@18.3.1_react@18.3.1/node_modules/react-dom/cjs/react-dom.development.js:15486:18)
            at mountIndeterminateComponent (/Users/invoture/dev.local/hey-peter/node_modules/.pnpm/react-dom@18.3.1_react@18.3.1/node_modules/react-dom/cjs/react-dom.development.js:20103:13)
            at beginWork (/Users/invoture/dev.local/hey-peter/node_modules/.pnpm/react-dom@18.3.1_react@18.3.1/node_modules/react-dom/cjs/react-dom.development.js:21626:16)
            at HTMLUnknownElement.callCallback (/Users/invoture/dev.local/hey-peter/node_modules/.pnpm/react-dom@18.3.1_react@18.3.1/node_modules/react-dom/cjs/react-dom.development.js:4164:14)
            at HTMLUnknownElement.callTheUserObjectsOperation (/Users/invoture/dev.local/hey-peter/node_modules/.pnpm/jsdom@26.1.0/node_modules/jsdom/lib/jsdom/living/generated/EventListener.js:26:30)
            at innerInvokeEventListeners (/Users/invoture/dev.local/hey-peter/node_modules/.pnpm/jsdom@26.1.0/node_modules/jsdom/lib/jsdom/living/events/EventTarget-impl.js:350:25)
            at invokeEventListeners (/Users/invoture/dev.local/hey-peter/node_modules/.pnpm/jsdom@26.1.0/node_modules/jsdom/lib/jsdom/living/events/EventTarget-impl.js:286:3)
            at HTMLUnknownElementImpl._dispatch (/Users/invoture/dev.local/hey-peter/node_modules/.pnpm/jsdom@26.1.0/node_modules/jsdom/lib/jsdom/living/events/EventTarget-impl.js:233:9)
            at HTMLUnknownElementImpl.dispatchEvent (/Users/invoture/dev.local/hey-peter/node_modules/.pnpm/jsdom@26.1.0/node_modules/jsdom/lib/jsdom/living/events/EventTarget-impl.js:104:17)
            at HTMLUnknownElement.dispatchEvent (/Users/invoture/dev.local/hey-peter/node_modules/.pnpm/jsdom@26.1.0/node_modules/jsdom/lib/jsdom/living/generated/EventTarget.js:241:34)
            at Object.invokeGuardedCallbackDev (/Users/invoture/dev.local/hey-peter/node_modules/.pnpm/react-dom@18.3.1_react@18.3.1/node_modules/react-dom/cjs/react-dom.development.js:4213:16)
            at invokeGuardedCallback (/Users/invoture/dev.local/hey-peter/node_modules/.pnpm/react-dom@18.3.1_react@18.3.1/node_modules/react-dom/cjs/react-dom.development.js:4277:31)
            at beginWork$1 (/Users/invoture/dev.local/hey-peter/node_modules/.pnpm/react-dom@18.3.1_react@18.3.1/node_modules/react-dom/cjs/react-dom.development.js:27490:7)
            at performUnitOfWork (/Users/invoture/dev.local/hey-peter/node_modules/.pnpm/react-dom@18.3.1_react@18.3.1/node_modules/react-dom/cjs/react-dom.development.js:26599:12)
            at workLoopSync (/Users/invoture/dev.local/hey-peter/node_modules/.pnpm/react-dom@18.3.1_react@18.3.1/node_modules/react-dom/cjs/react-dom.development.js:26505:5)
            at renderRootSync (/Users/invoture/dev.local/hey-peter/node_modules/.pnpm/react-dom@18.3.1_react@18.3.1/node_modules/react-dom/cjs/react-dom.development.js:26473:7)
            at recoverFromConcurrentError (/Users/invoture/dev.local/hey-peter/node_modules/.pnpm/react-dom@18.3.1_react@18.3.1/node_modules/react-dom/cjs/react-dom.development.js:25889:20)
            at performConcurrentWorkOnRoot (/Users/invoture/dev.local/hey-peter/node_modules/.pnpm/react-dom@18.3.1_react@18.3.1/node_modules/react-dom/cjs/react-dom.development.js:25789:22)
            at flushActQueue (/Users/invoture/dev.local/hey-peter/node_modules/.pnpm/react@18.3.1/node_modules/react/cjs/react.development.js:2667:24)
            at act (/Users/invoture/dev.local/hey-peter/node_modules/.pnpm/react@18.3.1/node_modules/react/cjs/react.development.js:2582:11)
            at /Users/invoture/dev.local/hey-peter/node_modules/.pnpm/@testing-library+react@16.3.0_@testing-library+dom@10.4.0_@types+react-dom@18.3.7_@type_efee5276f61270375aed4c032a71d5e5/node_modules/@testing-library/react/dist/act-compat.js:47:25
            at renderRoot (/Users/invoture/dev.local/hey-peter/node_modules/.pnpm/@testing-library+react@16.3.0_@testing-library+dom@10.4.0_@types+react-dom@18.3.7_@type_efee5276f61270375aed4c032a71d5e5/node_modules/@testing-library/react/dist/pure.js:190:26)
            at render (/Users/invoture/dev.local/hey-peter/node_modules/.pnpm/@testing-library+react@16.3.0_@testing-library+dom@10.4.0_@types+react-dom@18.3.7_@type_efee5276f61270375aed4c032a71d5e5/node_modules/@testing-library/react/dist/pure.js:292:10)
            at Object.<anonymous> (/Users/invoture/dev.local/hey-peter/src/components/ui/charts/__tests__/BaseChart.test.tsx:77:11)
            at Promise.finally.completed (/Users/invoture/dev.local/hey-peter/node_modules/.pnpm/jest-circus@30.0.2/node_modules/jest-circus/build/jestAdapterInit.js:1559:28)
            at new Promise (<anonymous>)
            at callAsyncCircusFn (/Users/invoture/dev.local/hey-peter/node_modules/.pnpm/jest-circus@30.0.2/node_modules/jest-circus/build/jestAdapterInit.js:1499:10)
            at _callCircusTest (/Users/invoture/dev.local/hey-peter/node_modules/.pnpm/jest-circus@30.0.2/node_modules/jest-circus/build/jestAdapterInit.js:1009:40)
            at processTicksAndRejections (node:internal/process/task_queues:95:5)
            at _runTest (/Users/invoture/dev.local/hey-peter/node_modules/.pnpm/jest-circus@30.0.2/node_modules/jest-circus/build/jestAdapterInit.js:949:3)
            at _runTestsForDescribeBlock (/Users/invoture/dev.local/hey-peter/node_modules/.pnpm/jest-circus@30.0.2/node_modules/jest-circus/build/jestAdapterInit.js:839:13)
            at _runTestsForDescribeBlock (/Users/invoture/dev.local/hey-peter/node_modules/.pnpm/jest-circus@30.0.2/node_modules/jest-circus/build/jestAdapterInit.js:829:11)
            at run (/Users/invoture/dev.local/hey-peter/node_modules/.pnpm/jest-circus@30.0.2/node_modules/jest-circus/build/jestAdapterInit.js:757:3)
            at runAndTransformResultsToJestFormat (/Users/invoture/dev.local/hey-peter/node_modules/.pnpm/jest-circus@30.0.2/node_modules/jest-circus/build/jestAdapterInit.js:1920:21)
            at jestAdapter (/Users/invoture/dev.local/hey-peter/node_modules/.pnpm/jest-circus@30.0.2/node_modules/jest-circus/build/runner.js:101:19)
            at runTestInternal (/Users/invoture/dev.local/hey-peter/node_modules/.pnpm/jest-runner@30.0.2/node_modules/jest-runner/build/testWorker.js:272:16)
            at runTest (/Users/invoture/dev.local/hey-peter/node_modules/.pnpm/jest-runner@30.0.2/node_modules/jest-runner/build/testWorker.js:340:7)
            at Object.worker (/Users/invoture/dev.local/hey-peter/node_modules/.pnpm/jest-runner@30.0.2/node_modules/jest-runner/build/testWorker.js:494:12),
        type: 'unhandled exception'
      }

      75 |
      76 |   it('renders empty state when no data', () => {
    > 77 |     render(
         |           ^
      78 |       <BaseChart
      79 |         data={[]}
      80 |         series={mockSeries}

      at VirtualConsole.<anonymous> (node_modules/.pnpm/@jest+environment-jsdom-abstract@30.0.4_jsdom@26.1.0/node_modules/@jest/environment-jsdom-abstract/build/index.js:78:23)
      at reportException (node_modules/.pnpm/jsdom@26.1.0/node_modules/jsdom/lib/jsdom/living/helpers/runtime-script-errors.js:70:28)
      at innerInvokeEventListeners (node_modules/.pnpm/jsdom@26.1.0/node_modules/jsdom/lib/jsdom/living/events/EventTarget-impl.js:353:9)
      at invokeEventListeners (node_modules/.pnpm/jsdom@26.1.0/node_modules/jsdom/lib/jsdom/living/events/EventTarget-impl.js:286:3)
      at HTMLUnknownElementImpl._dispatch (node_modules/.pnpm/jsdom@26.1.0/node_modules/jsdom/lib/jsdom/living/events/EventTarget-impl.js:233:9)
      at HTMLUnknownElementImpl.dispatchEvent (node_modules/.pnpm/jsdom@26.1.0/node_modules/jsdom/lib/jsdom/living/events/EventTarget-impl.js:104:17)
      at HTMLUnknownElement.dispatchEvent (node_modules/.pnpm/jsdom@26.1.0/node_modules/jsdom/lib/jsdom/living/generated/EventTarget.js:241:34)
      at Object.invokeGuardedCallbackDev (node_modules/.pnpm/react-dom@18.3.1_react@18.3.1/node_modules/react-dom/cjs/react-dom.development.js:4213:16)
      at invokeGuardedCallback (node_modules/.pnpm/react-dom@18.3.1_react@18.3.1/node_modules/react-dom/cjs/react-dom.development.js:4277:31)
      at beginWork$1 (node_modules/.pnpm/react-dom@18.3.1_react@18.3.1/node_modules/react-dom/cjs/react-dom.development.js:27490:7)
      at performUnitOfWork (node_modules/.pnpm/react-dom@18.3.1_react@18.3.1/node_modules/react-dom/cjs/react-dom.development.js:26599:12)
      at workLoopSync (node_modules/.pnpm/react-dom@18.3.1_react@18.3.1/node_modules/react-dom/cjs/react-dom.development.js:26505:5)
      at renderRootSync (node_modules/.pnpm/react-dom@18.3.1_react@18.3.1/node_modules/react-dom/cjs/react-dom.development.js:26473:7)
      at recoverFromConcurrentError (node_modules/.pnpm/react-dom@18.3.1_react@18.3.1/node_modules/react-dom/cjs/react-dom.development.js:25889:20)
      at performConcurrentWorkOnRoot (node_modules/.pnpm/react-dom@18.3.1_react@18.3.1/node_modules/react-dom/cjs/react-dom.development.js:25789:22)
      at flushActQueue (node_modules/.pnpm/react@18.3.1/node_modules/react/cjs/react.development.js:2667:24)
      at act (node_modules/.pnpm/react@18.3.1/node_modules/react/cjs/react.development.js:2582:11)
      at node_modules/.pnpm/@testing-library+react@16.3.0_@testing-library+dom@10.4.0_@types+react-dom@18.3.7_@type_efee5276f61270375aed4c032a71d5e5/node_modules/@testing-library/react/dist/act-compat.js:47:25
      at renderRoot (node_modules/.pnpm/@testing-library+react@16.3.0_@testing-library+dom@10.4.0_@types+react-dom@18.3.7_@type_efee5276f61270375aed4c032a71d5e5/node_modules/@testing-library/react/dist/pure.js:190:26)
      at render (node_modules/.pnpm/@testing-library+react@16.3.0_@testing-library+dom@10.4.0_@types+react-dom@18.3.7_@type_efee5276f61270375aed4c032a71d5e5/node_modules/@testing-library/react/dist/pure.js:292:10)
      at Object.<anonymous> (src/components/ui/charts/__tests__/BaseChart.test.tsx:77:11)

    console.error
      The above error occurred in the <BaseChart> component:
      
          at data (/Users/invoture/dev.local/hey-peter/src/components/ui/charts/BaseChart.tsx:62:3)
      
      Consider adding an error boundary to your tree to customize error handling behavior.
      Visit https://reactjs.org/link/error-boundaries to learn more about error boundaries.

      75 |
      76 |   it('renders empty state when no data', () => {
    > 77 |     render(
         |           ^
      78 |       <BaseChart
      79 |         data={[]}
      80 |         series={mockSeries}

      at logCapturedError (node_modules/.pnpm/react-dom@18.3.1_react@18.3.1/node_modules/react-dom/cjs/react-dom.development.js:18704:23)
      at update.callback (node_modules/.pnpm/react-dom@18.3.1_react@18.3.1/node_modules/react-dom/cjs/react-dom.development.js:18737:5)
      at callCallback (node_modules/.pnpm/react-dom@18.3.1_react@18.3.1/node_modules/react-dom/cjs/react-dom.development.js:15036:12)
      at commitUpdateQueue (node_modules/.pnpm/react-dom@18.3.1_react@18.3.1/node_modules/react-dom/cjs/react-dom.development.js:15057:9)
      at commitLayoutEffectOnFiber (node_modules/.pnpm/react-dom@18.3.1_react@18.3.1/node_modules/react-dom/cjs/react-dom.development.js:23430:13)
      at commitLayoutMountEffects_complete (node_modules/.pnpm/react-dom@18.3.1_react@18.3.1/node_modules/react-dom/cjs/react-dom.development.js:24727:9)
      at commitLayoutEffects_begin (node_modules/.pnpm/react-dom@18.3.1_react@18.3.1/node_modules/react-dom/cjs/react-dom.development.js:24713:7)
      at commitLayoutEffects (node_modules/.pnpm/react-dom@18.3.1_react@18.3.1/node_modules/react-dom/cjs/react-dom.development.js:24651:3)
      at commitRootImpl (node_modules/.pnpm/react-dom@18.3.1_react@18.3.1/node_modules/react-dom/cjs/react-dom.development.js:26862:5)
      at commitRoot (node_modules/.pnpm/react-dom@18.3.1_react@18.3.1/node_modules/react-dom/cjs/react-dom.development.js:26721:5)
      at finishConcurrentRender (node_modules/.pnpm/react-dom@18.3.1_react@18.3.1/node_modules/react-dom/cjs/react-dom.development.js:25931:9)
      at performConcurrentWorkOnRoot (node_modules/.pnpm/react-dom@18.3.1_react@18.3.1/node_modules/react-dom/cjs/react-dom.development.js:25848:7)
      at flushActQueue (node_modules/.pnpm/react@18.3.1/node_modules/react/cjs/react.development.js:2667:24)
      at act (node_modules/.pnpm/react@18.3.1/node_modules/react/cjs/react.development.js:2582:11)
      at node_modules/.pnpm/@testing-library+react@16.3.0_@testing-library+dom@10.4.0_@types+react-dom@18.3.7_@type_efee5276f61270375aed4c032a71d5e5/node_modules/@testing-library/react/dist/act-compat.js:47:25
      at renderRoot (node_modules/.pnpm/@testing-library+react@16.3.0_@testing-library+dom@10.4.0_@types+react-dom@18.3.7_@type_efee5276f61270375aed4c032a71d5e5/node_modules/@testing-library/react/dist/pure.js:190:26)
      at render (node_modules/.pnpm/@testing-library+react@16.3.0_@testing-library+dom@10.4.0_@types+react-dom@18.3.7_@type_efee5276f61270375aed4c032a71d5e5/node_modules/@testing-library/react/dist/pure.js:292:10)
      at Object.<anonymous> (src/components/ui/charts/__tests__/BaseChart.test.tsx:77:11)

  ● BaseChart › renders loading state

    TestingLibraryElementError: Unable to find an element with the text: Loading student analytics.... This could be because the text is broken up by multiple elements. In this case, you can provide a function for your text matcher to make your matcher more flexible.

    Ignored nodes: comments, script, style
    [36m<body>[39m
      [36m<div>[39m
        [36m<div[39m
          [33mclass[39m=[32m"bg-card text-card-foreground flex flex-col gap-6 rounded-xl border py-6 shadow-sm w-full"[39m
          [33mdata-slot[39m=[32m"card"[39m
        [36m>[39m
          [36m<div[39m
            [33mclass[39m=[32m"@container/card-header grid auto-rows-min grid-rows-[auto_auto] items-start gap-1.5 px-6 has-data-[slot=card-action]:grid-cols-[1fr_auto] [.border-b]:pb-6"[39m
            [33mdata-slot[39m=[32m"card-header"[39m
          [36m>[39m
            [36m<div[39m
              [33mclass[39m=[32m"flex items-center justify-between"[39m
            [36m>[39m
              [36m<div[39m
                [33mclass[39m=[32m"space-y-2"[39m
              [36m>[39m
                [36m<div[39m
                  [33mclass[39m=[32m"bg-accent animate-pulse rounded-md h-6 w-48"[39m
                  [33mdata-slot[39m=[32m"skeleton"[39m
                [36m/>[39m
                [36m<div[39m
                  [33mclass[39m=[32m"bg-accent animate-pulse rounded-md h-4 w-32"[39m
                  [33mdata-slot[39m=[32m"skeleton"[39m
                [36m/>[39m
              [36m</div>[39m
              [36m<div[39m
                [33mclass[39m=[32m"bg-accent animate-pulse rounded-md h-8 w-24"[39m
                [33mdata-slot[39m=[32m"skeleton"[39m
              [36m/>[39m
            [36m</div>[39m
          [36m</div>[39m
          [36m<div[39m
            [33mclass[39m=[32m"px-6"[39m
            [33mdata-slot[39m=[32m"card-content"[39m
          [36m>[39m
            [36m<div[39m
              [33mclass[39m=[32m"bg-accent animate-pulse rounded-md w-full h-[300px]"[39m
              [33mdata-slot[39m=[32m"skeleton"[39m
            [36m/>[39m
          [36m</div>[39m
        [36m</div>[39m
      [36m</div>[39m
    [36m</body>[39m

      55 |     );
      56 |
    > 57 |     expect(screen.getByText('Loading student analytics...')).toBeInTheDocument();
         |                   ^
      58 |   });
      59 |
      60 |   it('renders error state', () => {

      at Object.getElementError (node_modules/.pnpm/@testing-library+dom@10.4.0/node_modules/@testing-library/dom/dist/config.js:37:19)
      at node_modules/.pnpm/@testing-library+dom@10.4.0/node_modules/@testing-library/dom/dist/query-helpers.js:76:38
      at node_modules/.pnpm/@testing-library+dom@10.4.0/node_modules/@testing-library/dom/dist/query-helpers.js:52:17
      at node_modules/.pnpm/@testing-library+dom@10.4.0/node_modules/@testing-library/dom/dist/query-helpers.js:95:19
      at Object.getByText (src/components/ui/charts/__tests__/BaseChart.test.tsx:57:19)

  ● BaseChart › renders empty state when no data

    TypeError: Cannot convert undefined or null to object
        at Function.keys (<anonymous>)

      610 |     const dataLength = data.length;
      611 |     const firstItem = data[0];
    > 612 |     const keys = Object.keys(firstItem);
          |                         ^
      613 |     const numericKeys = keys.filter(key => typeof firstItem[key] === 'number');
      614 |
      615 |     return `${chartType} chart with ${dataLength} data points showing ${numericKeys.join(', ')}`;

      at Function.keys [as generateDescription] (src/lib/utils/chart-config.ts:612:25)
      at generateDescription (src/components/ui/charts/BaseChart.tsx:211:60)
      at renderWithHooks (node_modules/.pnpm/react-dom@18.3.1_react@18.3.1/node_modules/react-dom/cjs/react-dom.development.js:15486:18)
      at mountIndeterminateComponent (node_modules/.pnpm/react-dom@18.3.1_react@18.3.1/node_modules/react-dom/cjs/react-dom.development.js:20103:13)
      at beginWork (node_modules/.pnpm/react-dom@18.3.1_react@18.3.1/node_modules/react-dom/cjs/react-dom.development.js:21626:16)
      at beginWork$1 (node_modules/.pnpm/react-dom@18.3.1_react@18.3.1/node_modules/react-dom/cjs/react-dom.development.js:27465:14)
      at performUnitOfWork (node_modules/.pnpm/react-dom@18.3.1_react@18.3.1/node_modules/react-dom/cjs/react-dom.development.js:26599:12)
      at workLoopSync (node_modules/.pnpm/react-dom@18.3.1_react@18.3.1/node_modules/react-dom/cjs/react-dom.development.js:26505:5)
      at renderRootSync (node_modules/.pnpm/react-dom@18.3.1_react@18.3.1/node_modules/react-dom/cjs/react-dom.development.js:26473:7)
      at recoverFromConcurrentError (node_modules/.pnpm/react-dom@18.3.1_react@18.3.1/node_modules/react-dom/cjs/react-dom.development.js:25889:20)
      at performConcurrentWorkOnRoot (node_modules/.pnpm/react-dom@18.3.1_react@18.3.1/node_modules/react-dom/cjs/react-dom.development.js:25789:22)
      at flushActQueue (node_modules/.pnpm/react@18.3.1/node_modules/react/cjs/react.development.js:2667:24)
      at act (node_modules/.pnpm/react@18.3.1/node_modules/react/cjs/react.development.js:2582:11)
      at node_modules/.pnpm/@testing-library+react@16.3.0_@testing-library+dom@10.4.0_@types+react-dom@18.3.7_@type_efee5276f61270375aed4c032a71d5e5/node_modules/@testing-library/react/dist/act-compat.js:47:25
      at renderRoot (node_modules/.pnpm/@testing-library+react@16.3.0_@testing-library+dom@10.4.0_@types+react-dom@18.3.7_@type_efee5276f61270375aed4c032a71d5e5/node_modules/@testing-library/react/dist/pure.js:190:26)
      at render (node_modules/.pnpm/@testing-library+react@16.3.0_@testing-library+dom@10.4.0_@types+react-dom@18.3.7_@type_efee5276f61270375aed4c032a71d5e5/node_modules/@testing-library/react/dist/pure.js:292:10)
      at Object.<anonymous> (src/components/ui/charts/__tests__/BaseChart.test.tsx:77:11)

  ● BaseChart › renders refresh button when onRefresh provided

    TestingLibraryElementError: Found multiple elements with the role "button"

    Here are the matching elements:

    Ignored nodes: comments, script, style
    [36m<button[39m
      [33mclass[39m=[32m"inline-flex items-center justify-center whitespace-nowrap text-sm font-medium transition-all disabled:pointer-events-none disabled:opacity-50 [&_svg]:pointer-events-none [&_svg:not([class*='size-'])]:size-4 shrink-0 [&_svg]:shrink-0 outline-none focus-visible:border-ring focus-visible:ring-ring/50 focus-visible:ring-[3px] aria-invalid:ring-destructive/20 dark:aria-invalid:ring-destructive/40 aria-invalid:border-destructive border bg-background shadow-xs hover:bg-accent hover:text-accent-foreground dark:bg-input/30 dark:border-input dark:hover:bg-input/50 h-8 rounded-md gap-1.5 px-3 has-[>svg]:px-2.5"[39m
      [33mdata-slot[39m=[32m"button"[39m
    [36m>[39m
      [36m<svg[39m
        [33maria-hidden[39m=[32m"true"[39m
        [33mclass[39m=[32m"lucide lucide-refresh-cw h-4 w-4"[39m
        [33mfill[39m=[32m"none"[39m
        [33mheight[39m=[32m"24"[39m
        [33mstroke[39m=[32m"currentColor"[39m
        [33mstroke-linecap[39m=[32m"round"[39m
        [33mstroke-linejoin[39m=[32m"round"[39m
        [33mstroke-width[39m=[32m"2"[39m
        [33mviewBox[39m=[32m"0 0 24 24"[39m
        [33mwidth[39m=[32m"24"[39m
        [33mxmlns[39m=[32m"http://www.w3.org/2000/svg"[39m
      [36m>[39m
        [36m<path[39m
          [33md[39m=[32m"M3 12a9 9 0 0 1 9-9 9.75 9.75 0 0 1 6.74 2.74L21 8"[39m
        [36m/>[39m
        [36m<path[39m
          [33md[39m=[32m"M21 3v5h-5"[39m
        [36m/>[39m
        [36m<path[39m
          [33md[39m=[32m"M21 12a9 9 0 0 1-9 9 9.75 9.75 0 0 1-6.74-2.74L3 16"[39m
        [36m/>[39m
        [36m<path[39m
          [33md[39m=[32m"M8 16H3v5"[39m
        [36m/>[39m
      [36m</svg>[39m
    [36m</button>[39m

    Ignored nodes: comments, script, style
    [36m<button[39m
      [33maria-expanded[39m=[32m"false"[39m
      [33maria-haspopup[39m=[32m"menu"[39m
      [33mclass[39m=[32m"inline-flex items-center justify-center whitespace-nowrap text-sm font-medium transition-all disabled:pointer-events-none disabled:opacity-50 [&_svg]:pointer-events-none [&_svg:not([class*='size-'])]:size-4 shrink-0 [&_svg]:shrink-0 outline-none focus-visible:border-ring focus-visible:ring-ring/50 focus-visible:ring-[3px] aria-invalid:ring-destructive/20 dark:aria-invalid:ring-destructive/40 aria-invalid:border-destructive border bg-background shadow-xs hover:bg-accent hover:text-accent-foreground dark:bg-input/30 dark:border-input dark:hover:bg-input/50 h-8 rounded-md gap-1.5 px-3 has-[>svg]:px-2.5"[39m
      [33mdata-slot[39m=[32m"dropdown-menu-trigger"[39m
      [33mdata-state[39m=[32m"closed"[39m
      [33mid[39m=[32m"radix-:r4:"[39m
      [33mtype[39m=[32m"button"[39m
    [36m>[39m
      [36m<svg[39m
        [33maria-hidden[39m=[32m"true"[39m
        [33mclass[39m=[32m"lucide lucide-download h-4 w-4 mr-2"[39m
        [33mfill[39m=[32m"none"[39m
        [33mheight[39m=[32m"24"[39m
        [33mstroke[39m=[32m"currentColor"[39m
        [33mstroke-linecap[39m=[32m"round"[39m
        [33mstroke-linejoin[39m=[32m"round"[39m
        [33mstroke-width[39m=[32m"2"[39m
        [33mviewBox[39m=[32m"0 0 24 24"[39m
        [33mwidth[39m=[32m"24"[39m
        [33mxmlns[39m=[32m"http://www.w3.org/2000/svg"[39m
      [36m>[39m
        [36m<path[39m
          [33md[39m=[32m"M12 15V3"[39m
        [36m/>[39m
        [36m<path[39m
          [33md[39m=[32m"M21 15v4a2 2 0 0 1-2 2H5a2 2 0 0 1-2-2v-4"[39m
        [36m/>[39m
        [36m<path[39m
          [33md[39m=[32m"m7 10 5 5 5-5"[39m
        [36m/>[39m
      [36m</svg>[39m
      [0mExport[0m
    [36m</button>[39m

    (If this is intentional, then use the `*AllBy*` variant of the query (like `queryAllByText`, `getAllByText`, or `findAllByText`)).

    Ignored nodes: comments, script, style
    [36m<body>[39m
      [36m<div>[39m
        [36m<div[39m
          [33mclass[39m=[32m"bg-card text-card-foreground flex flex-col gap-6 rounded-xl border py-6 shadow-sm w-full"[39m
          [33mdata-slot[39m=[32m"card"[39m
        [36m>[39m
          [36m<div[39m
            [33mclass[39m=[32m"@container/card-header grid auto-rows-min grid-rows-[auto_auto] items-start gap-1.5 px-6 has-data-[slot=card-action]:grid-cols-[1fr_auto] [.border-b]:pb-6"[39m
            [33mdata-slot[39m=[32m"card-header"[39m
          [36m>[39m
            [36m<div[39m
              [33mclass[39m=[32m"flex items-start justify-between"[39m
            [36m>[39m
              [36m<div[39m
                [33mclass[39m=[32m"flex-1"[39m
              [36m>[39m
                [36m<div[39m
                  [33mclass[39m=[32m"flex items-center gap-2"[39m
                [36m>[39m
                  [36m<div[39m
                    [33mclass[39m=[32m"leading-none font-semibold"[39m
                    [33mdata-slot[39m=[32m"card-title"[39m
                  [36m>[39m
                    [0mTest Chart[0m
                  [36m</div>[39m
                [36m</div>[39m
              [36m</div>[39m
              [36m<div[39m
                [33mclass[39m=[32m"flex items-center gap-2"[39m
              [36m>[39m
                [36m<button[39m
                  [33mclass[39m=[32m"inline-flex items-center justify-center whitespace-nowrap text-sm font-medium transition-all disabled:pointer-events-none disabled:opacity-50 [&_svg]:pointer-events-none [&_svg:not([class*='size-'])]:size-4 shrink-0 [&_svg]:shrink-0 outline-none focus-visible:border-ring focus-visible:ring-ring/50 focus-visible:ring-[3px] aria-invalid:ring-destructive/20 dark:aria-invalid:ring-destructive/40 aria-invalid:border-destructive border bg-background shadow-xs hover:bg-accent hover:text-accent-foreground dark:bg-input/30 dark:border-input dark:hover:bg-input/50 h-8 rounded-md gap-1.5 px-3 has-[>svg]:px-2.5"[39m
                  [33mdata-slot[39m=[32m"button"[39m
                [36m>[39m
                  [36m<svg[39m
                    [33maria-hidden[39m=[32m"true"[39m
                    [33mclass[39m=[32m"lucide lucide-refresh-cw h-4 w-4"[39m
                    [33mfill[39m=[32m"none"[39m
                    [33mheight[39m=[32m"24"[39m
                    [33mstroke[39m=[32m"currentColor"[39m
                    [33mstroke-linecap[39m=[32m"round"[39m
                    [33mstroke-linejoin[39m=[32m"round"[39m
                    [33mstroke-width[39m=[32m"2"[39m
                    [33mviewBox[39m=[32m"0 0 24 24"[39m
                    [33mwidth[39m=[32m"24"[39m
                    [33mxmlns[39m=[32m"http://www.w3.org/2000/svg"[39m
                  [36m>[39m
                    [36m<path[39m
                      [33md[39m=[32m"M3 12a9 9 0 0 1 9-9 9.75 9.75 0 0 1 6.74 2.74L21 8"[39m
                    [36m/>[39m
                    [36m<path[39m
                      [33md[39m=[32m"M21 3v5h-5"[39m
                    [36m/>[39m
                    [36m<path[39m
                      [33md[39m=[32m"M21 12a9 9 0 0 1-9 9 9.75 9.75 0 0 1-6.74-2.74L3 16"[39m
                    [36m/>[39m
                    [36m<path[39m
                      [33md[39m=[32m"M8 16H3v5"[39m
                    [36m/>[39m
                  [36m</svg>[39m
                [36m</button>[39m
                [36m<button[39m
                  [33maria-expanded[39m=[32m"false"[39m
                  [33maria-haspopup[39m=[32m"menu"[39m
                  [33mclass[39m=[32m"inline-flex items-center justify-center whitespace-nowrap text-sm font-medium transition-all disabled:pointer-events-none disabled:opacity-50 [&_svg]:pointer-events-none [&_svg:not([class*='size-'])]:size-4 shrink-0 [&_svg]:shrink-0 outline-none focus-visible:border-ring focus-visible:ring-ring/50 focus-visible:ring-[3px] aria-invalid:ring-destructive/20 dark:aria-invalid:ring-destructive/40 aria-invalid:border-destructive border bg-background shadow-xs hover:bg-accent hover:text-accent-foreground dark:bg-input/30 dark:border-input dark:hover:bg-input/50 h-8 rounded-md gap-1.5 px-3 has-[>svg]:px-2.5"[39m
                  [33mdata-slot[39m=[32m"dropdown-menu-trigger"[39m
                  [33mdata-state[39m=[32m"closed"[39m
                  [33mid[39m=[32m"radix-:r4:"[39m
                  [33mtype[39m=[32m"button"[39m
                [36m>[39m
                  [36m<svg[39m
                    [33maria-hidden[39m=[32m"true"[39m
                    [33mclass[39m=[32m"lucide lucide-download h-4 w-4 mr-2"[39m
                    [33mfill[39m=[32m"none"[39m
                    [33mheight[39m=[32m"24"[39m
                    [33mstroke[39m=[32m"currentColor"[39m
                    [33mstroke-linecap[39m=[32m"round"[39m
                    [33mstroke-linejoin[39m=[32m"round"[39m
                    [33mstroke-width[39m=[32m"2"[39m
                    [33mviewBox[39m=[32m"0 0 24 24"[39m
                    [33mwidth[39m=[32m"24"[39m
                    [33mxmlns[39m=[32m"http://www.w3.org/2000/svg"[39m
                  [36m>[39m
                    [36m<path[39m
                      [33md[39m=[32m"M12 15V3"[39m
                    [36m/>[39m
                    [36m<path[39m
                      [33md[39m=[32m"M21 15v4a2 2 0 0 1-2 2H5a2 2 0 0 1-2-2v-4"[39m
                    [36m/>[39m
                    [36m<path[39m
                      [33md[39m=[32m"m7 10 5 5 5-5"[39m
                    [36m/>[39m
                  [36m</svg>[39m
                  [0mExport[0m
                [36m</button>[39m
              [36m</div>[39m
            [36m</div>[39m
          [36m</div>[39m
          [36m<div[39m
            [33mclass[39m=[32m"px-6 pb-6"[39m
            [33mdata-slot[39m=[32m"card-content"[39m
          [36m>[39m
            [36m<div[39m
              [33maria-label[39m=[32m"line chart with 3 data points showing value"[39m
              [33mclass[39m=[32m"w-full"[39m
              [33mrole[39m=[32m"img"[39m
            [36m>[39m
              [36m<div[39m
                [33mdata-testid[39m=[32m"responsive-container"[39m
              [36m>[39m
                [36m<div[39m
                  [33mstyle[39m=[32m"position: relative;"[39m
                [36m>[39m
                  [36m<div>[39m
                    [0mChart content[0m
                  [36m</div>[39m
                [36m</div>[39m
              [36m</div>[39m
            [36m</div>[39m
          [36m</div>[39m
        [36m</div>[39m
      [36m</div>[39m
    [36m</body>[39m

      121 |     );
      122 |
    > 123 |     const refreshButton = screen.getByRole('button');
          |                                  ^
      124 |     fireEvent.click(refreshButton);
      125 |     expect(mockRefresh).toHaveBeenCalled();
      126 |   });

      at Object.getElementError (node_modules/.pnpm/@testing-library+dom@10.4.0/node_modules/@testing-library/dom/dist/config.js:37:19)
      at getElementError (node_modules/.pnpm/@testing-library+dom@10.4.0/node_modules/@testing-library/dom/dist/query-helpers.js:20:35)
      at getMultipleElementsFoundError (node_modules/.pnpm/@testing-library+dom@10.4.0/node_modules/@testing-library/dom/dist/query-helpers.js:23:10)
      at node_modules/.pnpm/@testing-library+dom@10.4.0/node_modules/@testing-library/dom/dist/query-helpers.js:55:13
      at node_modules/.pnpm/@testing-library+dom@10.4.0/node_modules/@testing-library/dom/dist/query-helpers.js:95:19
      at Object.getByRole (src/components/ui/charts/__tests__/BaseChart.test.tsx:123:34)

  ● BaseChart › renders trend indicator when provided

    TestingLibraryElementError: Unable to find an element with the text: 15%. This could be because the text is broken up by multiple elements. In this case, you can provide a function for your text matcher to make your matcher more flexible.

    Ignored nodes: comments, script, style
    [36m<body>[39m
      [36m<div>[39m
        [36m<div[39m
          [33mclass[39m=[32m"bg-card text-card-foreground flex flex-col gap-6 rounded-xl border py-6 shadow-sm w-full"[39m
          [33mdata-slot[39m=[32m"card"[39m
        [36m>[39m
          [36m<div[39m
            [33mclass[39m=[32m"@container/card-header grid auto-rows-min grid-rows-[auto_auto] items-start gap-1.5 px-6 has-data-[slot=card-action]:grid-cols-[1fr_auto] [.border-b]:pb-6"[39m
            [33mdata-slot[39m=[32m"card-header"[39m
          [36m>[39m
            [36m<div[39m
              [33mclass[39m=[32m"flex items-start justify-between"[39m
            [36m>[39m
              [36m<div[39m
                [33mclass[39m=[32m"flex-1"[39m
              [36m>[39m
                [36m<div[39m
                  [33mclass[39m=[32m"flex items-center gap-2"[39m
                [36m>[39m
                  [36m<div[39m
                    [33mclass[39m=[32m"leading-none font-semibold"[39m
                    [33mdata-slot[39m=[32m"card-title"[39m
                  [36m>[39m
                    [0mTest Chart[0m
                  [36m</div>[39m
                  [36m<div[39m
                    [33mclass[39m=[32m"inline-flex items-center rounded-full border px-2.5 py-0.5 text-xs font-semibold transition-colors focus:outline-none focus:ring-2 focus:ring-ring focus:ring-offset-2 border-transparent bg-secondary text-secondary-foreground hover:bg-secondary/80 ml-2"[39m
                  [36m>[39m
                    [36m<svg[39m
                      [33maria-hidden[39m=[32m"true"[39m
                      [33mclass[39m=[32m"lucide lucide-trending-up h-3 w-3 mr-1 text-green-600"[39m
                      [33mfill[39m=[32m"none"[39m
                      [33mheight[39m=[32m"24"[39m
                      [33mstroke[39m=[32m"currentColor"[39m
                      [33mstroke-linecap[39m=[32m"round"[39m
                      [33mstroke-linejoin[39m=[32m"round"[39m
                      [33mstroke-width[39m=[32m"2"[39m
                      [33mviewBox[39m=[32m"0 0 24 24"[39m
                      [33mwidth[39m=[32m"24"[39m
                      [33mxmlns[39m=[32m"http://www.w3.org/2000/svg"[39m
                    [36m>[39m
                      [36m<path[39m
                        [33md[39m=[32m"M16 7h6v6"[39m
                      [36m/>[39m
                      [36m<path[39m
                        [33md[39m=[32m"m22 7-8.5 8.5-5-5L2 17"[39m
                      [36m/>[39m
                    [36m</svg>[39m
                    [0m15.0%[0m
                  [36m</div>[39m
                [36m</div>[39m
              [36m</div>[39m
              [36m<div[39m
                [33mclass[39m=[32m"flex items-center gap-2"[39m
              [36m>[39m
                [36m<button[39m
                  [33maria-expanded[39m=[32m"false"[39m
                  [33maria-haspopup[39m=[32m"menu"[39m
                  [33mclass[39m=[32m"inline-flex items-center justify-center whitespace-nowrap text-sm font-medium transition-all disabled:pointer-events-none disabled:opacity-50 [&_svg]:pointer-events-none [&_svg:not([class*='size-'])]:size-4 shrink-0 [&_svg]:shrink-0 outline-none focus-visible:border-ring focus-visible:ring-ring/50 focus-visible:ring-[3px] aria-invalid:ring-destructive/20 dark:aria-invalid:ring-destructive/40 aria-invalid:border-destructive border bg-background shadow-xs hover:bg-accent hover:text-accent-foreground dark:bg-input/30 dark:border-input dark:hover:bg-input/50 h-8 rounded-md gap-1.5 px-3 has-[>svg]:px-2.5"[39m
                  [33mdata-slot[39m=[32m"dropdown-menu-trigger"[39m
                  [33mdata-state[39m=[32m"closed"[39m
                  [33mid[39m=[32m"radix-:ra:"[39m
                  [33mtype[39m=[32m"button"[39m
                [36m>[39m
                  [36m<svg[39m
                    [33maria-hidden[39m=[32m"true"[39m
                    [33mclass[39m=[32m"lucide lucide-download h-4 w-4 mr-2"[39m
                    [33mfill[39m=[32m"none"[39m
                    [33mheight[39m=[32m"24"[39m
                    [33mstroke[39m=[32m"currentColor"[39m
                    [33mstroke-linecap[39m=[32m"round"[39m
                    [33mstroke-linejoin[39m=[32m"round"[39m
                    [33mstroke-width[39m=[32m"2"[39m
                    [33mviewBox[39m=[32m"0 0 24 24"[39m
                    [33mwidth[39m=[32m"24"[39m
                    [33mxmlns[39m=[32m"http://www.w3.org/2000/svg"[39m
                  [36m>[39m
                    [36m<path[39m
                      [33md[39m=[32m"M12 15V3"[39m
                    [36m/>[39m
                    [36m<path[39m
                      [33md[39m=[32m"M21 15v4a2 2 0 0 1-2 2H5a2 2 0 0 1-2-2v-4"[39m
                    [36m/>[39m
                    [36m<path[39m
                      [33md[39m=[32m"m7 10 5 5 5-5"[39m
                    [36m/>[39m
                  [36m</svg>[39m
                  [0mExport[0m
                [36m</button>[39m
              [36m</div>[39m
            [36m</div>[39m
          [36m</div>[39m
          [36m<div[39m
            [33mclass[39m=[32m"px-6 pb-6"[39m
            [33mdata-slot[39m=[32m"card-content"[39m
          [36m>[39m
            [36m<div[39m
              [33maria-label[39m=[32m"line chart with 3 data points showing value"[39m
              [33mclass[39m=[32m"w-full"[39m
              [33mrole[39m=[32m"img"[39m
            [36m>[39m
              [36m<div[39m
                [33mdata-testid[39m=[32m"responsive-container"[39m
              [36m>[39m
                [36m<div[39m
                  [33mstyle[39m=[32m"position: relative;"[39m
                [36m>[39m
                  [36m<div>[39m
                    [0mChart content[0m
                  [36m</div>[39m
                [36m</div>[39m
              [36m</div>[39m
            [36m</div>[39m
          [36m</div>[39m
        [36m</div>[39m
      [36m</div>[39m
    [36m</body>[39m

      187 |     );
      188 |
    > 189 |     expect(screen.getByText('15%')).toBeInTheDocument();
          |                   ^
      190 |   });
      191 |
      192 |   it('handles data point clicks', async () => {

      at Object.getElementError (node_modules/.pnpm/@testing-library+dom@10.4.0/node_modules/@testing-library/dom/dist/config.js:37:19)
      at node_modules/.pnpm/@testing-library+dom@10.4.0/node_modules/@testing-library/dom/dist/query-helpers.js:76:38
      at node_modules/.pnpm/@testing-library+dom@10.4.0/node_modules/@testing-library/dom/dist/query-helpers.js:52:17
      at node_modules/.pnpm/@testing-library+dom@10.4.0/node_modules/@testing-library/dom/dist/query-helpers.js:95:19
      at Object.getByText (src/components/ui/charts/__tests__/BaseChart.test.tsx:189:19)

FAIL src/components/admin/export/__tests__/ExportButton.test.tsx
  ● Console

    console.error
      Error: Uncaught [TypeError: _analyticsexportservice.analyticsExportService.getAllTemplates is not a function]
          at Object.<anonymous> (src/components/admin/export/__tests__/ExportButton.test.tsx:45:11)
          at new Promise (<anonymous>) {
        detail: TypeError: _analyticsexportservice.analyticsExportService.getAllTemplates is not a function
            at getAllTemplates (/Users/invoture/dev.local/hey-peter/src/components/admin/export/ExportDialog.tsx:83:55)
            at commitHookEffectListMount (/Users/invoture/dev.local/hey-peter/node_modules/.pnpm/react-dom@18.3.1_react@18.3.1/node_modules/react-dom/cjs/react-dom.development.js:23189:26)
            at commitPassiveMountOnFiber (/Users/invoture/dev.local/hey-peter/node_modules/.pnpm/react-dom@18.3.1_react@18.3.1/node_modules/react-dom/cjs/react-dom.development.js:24970:11)
            at commitPassiveMountEffects_complete (/Users/invoture/dev.local/hey-peter/node_modules/.pnpm/react-dom@18.3.1_react@18.3.1/node_modules/react-dom/cjs/react-dom.development.js:24930:9)
            at commitPassiveMountEffects_begin (/Users/invoture/dev.local/hey-peter/node_modules/.pnpm/react-dom@18.3.1_react@18.3.1/node_modules/react-dom/cjs/react-dom.development.js:24917:7)
            at commitPassiveMountEffects (/Users/invoture/dev.local/hey-peter/node_modules/.pnpm/react-dom@18.3.1_react@18.3.1/node_modules/react-dom/cjs/react-dom.development.js:24905:3)
            at flushPassiveEffectsImpl (/Users/invoture/dev.local/hey-peter/node_modules/.pnpm/react-dom@18.3.1_react@18.3.1/node_modules/react-dom/cjs/react-dom.development.js:27078:3)
            at flushPassiveEffects (/Users/invoture/dev.local/hey-peter/node_modules/.pnpm/react-dom@18.3.1_react@18.3.1/node_modules/react-dom/cjs/react-dom.development.js:27023:14)
            at performSyncWorkOnRoot (/Users/invoture/dev.local/hey-peter/node_modules/.pnpm/react-dom@18.3.1_react@18.3.1/node_modules/react-dom/cjs/react-dom.development.js:26115:3)
            at flushSyncCallbacks (/Users/invoture/dev.local/hey-peter/node_modules/.pnpm/react-dom@18.3.1_react@18.3.1/node_modules/react-dom/cjs/react-dom.development.js:12042:22)
            at commitRootImpl (/Users/invoture/dev.local/hey-peter/node_modules/.pnpm/react-dom@18.3.1_react@18.3.1/node_modules/react-dom/cjs/react-dom.development.js:26998:3)
            at commitRoot (/Users/invoture/dev.local/hey-peter/node_modules/.pnpm/react-dom@18.3.1_react@18.3.1/node_modules/react-dom/cjs/react-dom.development.js:26721:5)
            at finishConcurrentRender (/Users/invoture/dev.local/hey-peter/node_modules/.pnpm/react-dom@18.3.1_react@18.3.1/node_modules/react-dom/cjs/react-dom.development.js:26020:9)
            at performConcurrentWorkOnRoot (/Users/invoture/dev.local/hey-peter/node_modules/.pnpm/react-dom@18.3.1_react@18.3.1/node_modules/react-dom/cjs/react-dom.development.js:25848:7)
            at flushActQueue (/Users/invoture/dev.local/hey-peter/node_modules/.pnpm/react@18.3.1/node_modules/react/cjs/react.development.js:2667:24)
            at act (/Users/invoture/dev.local/hey-peter/node_modules/.pnpm/react@18.3.1/node_modules/react/cjs/react.development.js:2582:11)
            at /Users/invoture/dev.local/hey-peter/node_modules/.pnpm/@testing-library+react@16.3.0_@testing-library+dom@10.4.0_@types+react-dom@18.3.7_@type_efee5276f61270375aed4c032a71d5e5/node_modules/@testing-library/react/dist/act-compat.js:47:25
            at renderRoot (/Users/invoture/dev.local/hey-peter/node_modules/.pnpm/@testing-library+react@16.3.0_@testing-library+dom@10.4.0_@types+react-dom@18.3.7_@type_efee5276f61270375aed4c032a71d5e5/node_modules/@testing-library/react/dist/pure.js:190:26)
            at render (/Users/invoture/dev.local/hey-peter/node_modules/.pnpm/@testing-library+react@16.3.0_@testing-library+dom@10.4.0_@types+react-dom@18.3.7_@type_efee5276f61270375aed4c032a71d5e5/node_modules/@testing-library/react/dist/pure.js:292:10)
            at Object.<anonymous> (/Users/invoture/dev.local/hey-peter/src/components/admin/export/__tests__/ExportButton.test.tsx:45:11)
            at Promise.finally.completed (/Users/invoture/dev.local/hey-peter/node_modules/.pnpm/jest-circus@30.0.2/node_modules/jest-circus/build/jestAdapterInit.js:1559:28)
            at new Promise (<anonymous>)
            at callAsyncCircusFn (/Users/invoture/dev.local/hey-peter/node_modules/.pnpm/jest-circus@30.0.2/node_modules/jest-circus/build/jestAdapterInit.js:1499:10)
            at _callCircusTest (/Users/invoture/dev.local/hey-peter/node_modules/.pnpm/jest-circus@30.0.2/node_modules/jest-circus/build/jestAdapterInit.js:1009:40)
            at processTicksAndRejections (node:internal/process/task_queues:95:5)
            at _runTest (/Users/invoture/dev.local/hey-peter/node_modules/.pnpm/jest-circus@30.0.2/node_modules/jest-circus/build/jestAdapterInit.js:949:3)
            at _runTestsForDescribeBlock (/Users/invoture/dev.local/hey-peter/node_modules/.pnpm/jest-circus@30.0.2/node_modules/jest-circus/build/jestAdapterInit.js:839:13)
            at _runTestsForDescribeBlock (/Users/invoture/dev.local/hey-peter/node_modules/.pnpm/jest-circus@30.0.2/node_modules/jest-circus/build/jestAdapterInit.js:829:11)
            at run (/Users/invoture/dev.local/hey-peter/node_modules/.pnpm/jest-circus@30.0.2/node_modules/jest-circus/build/jestAdapterInit.js:757:3)
            at runAndTransformResultsToJestFormat (/Users/invoture/dev.local/hey-peter/node_modules/.pnpm/jest-circus@30.0.2/node_modules/jest-circus/build/jestAdapterInit.js:1920:21)
            at jestAdapter (/Users/invoture/dev.local/hey-peter/node_modules/.pnpm/jest-circus@30.0.2/node_modules/jest-circus/build/runner.js:101:19)
            at runTestInternal (/Users/invoture/dev.local/hey-peter/node_modules/.pnpm/jest-runner@30.0.2/node_modules/jest-runner/build/testWorker.js:272:16)
            at runTest (/Users/invoture/dev.local/hey-peter/node_modules/.pnpm/jest-runner@30.0.2/node_modules/jest-runner/build/testWorker.js:340:7)
            at Object.worker (/Users/invoture/dev.local/hey-peter/node_modules/.pnpm/jest-runner@30.0.2/node_modules/jest-runner/build/testWorker.js:494:12),
        type: 'unhandled exception'
      }

      43 |
      44 |   it('renders export button', () => {
    > 45 |     render(<ExportButton data={mockData} />);
         |           ^
      46 |     
      47 |     expect(screen.getByText('Export')).toBeInTheDocument();
      48 |   });

      at VirtualConsole.<anonymous> (node_modules/.pnpm/@jest+environment-jsdom-abstract@30.0.4_jsdom@26.1.0/node_modules/@jest/environment-jsdom-abstract/build/index.js:78:23)
      at reportException (node_modules/.pnpm/jsdom@26.1.0/node_modules/jsdom/lib/jsdom/living/helpers/runtime-script-errors.js:70:28)
      at innerInvokeEventListeners (node_modules/.pnpm/jsdom@26.1.0/node_modules/jsdom/lib/jsdom/living/events/EventTarget-impl.js:353:9)
      at invokeEventListeners (node_modules/.pnpm/jsdom@26.1.0/node_modules/jsdom/lib/jsdom/living/events/EventTarget-impl.js:286:3)
      at HTMLUnknownElementImpl._dispatch (node_modules/.pnpm/jsdom@26.1.0/node_modules/jsdom/lib/jsdom/living/events/EventTarget-impl.js:233:9)
      at HTMLUnknownElementImpl.dispatchEvent (node_modules/.pnpm/jsdom@26.1.0/node_modules/jsdom/lib/jsdom/living/events/EventTarget-impl.js:104:17)
      at HTMLUnknownElement.dispatchEvent (node_modules/.pnpm/jsdom@26.1.0/node_modules/jsdom/lib/jsdom/living/generated/EventTarget.js:241:34)
      at Object.invokeGuardedCallbackDev (node_modules/.pnpm/react-dom@18.3.1_react@18.3.1/node_modules/react-dom/cjs/react-dom.development.js:4213:16)
      at invokeGuardedCallback (node_modules/.pnpm/react-dom@18.3.1_react@18.3.1/node_modules/react-dom/cjs/react-dom.development.js:4277:31)
      at reportUncaughtErrorInDEV (node_modules/.pnpm/react-dom@18.3.1_react@18.3.1/node_modules/react-dom/cjs/react-dom.development.js:22877:5)
      at captureCommitPhaseError (node_modules/.pnpm/react-dom@18.3.1_react@18.3.1/node_modules/react-dom/cjs/react-dom.development.js:27165:5)
      at commitPassiveMountEffects_complete (node_modules/.pnpm/react-dom@18.3.1_react@18.3.1/node_modules/react-dom/cjs/react-dom.development.js:24932:9)
      at commitPassiveMountEffects_begin (node_modules/.pnpm/react-dom@18.3.1_react@18.3.1/node_modules/react-dom/cjs/react-dom.development.js:24917:7)
      at commitPassiveMountEffects (node_modules/.pnpm/react-dom@18.3.1_react@18.3.1/node_modules/react-dom/cjs/react-dom.development.js:24905:3)
      at flushPassiveEffectsImpl (node_modules/.pnpm/react-dom@18.3.1_react@18.3.1/node_modules/react-dom/cjs/react-dom.development.js:27078:3)
      at flushPassiveEffects (node_modules/.pnpm/react-dom@18.3.1_react@18.3.1/node_modules/react-dom/cjs/react-dom.development.js:27023:14)
      at performSyncWorkOnRoot (node_modules/.pnpm/react-dom@18.3.1_react@18.3.1/node_modules/react-dom/cjs/react-dom.development.js:26115:3)
      at flushSyncCallbacks (node_modules/.pnpm/react-dom@18.3.1_react@18.3.1/node_modules/react-dom/cjs/react-dom.development.js:12042:22)
      at commitRootImpl (node_modules/.pnpm/react-dom@18.3.1_react@18.3.1/node_modules/react-dom/cjs/react-dom.development.js:26998:3)
      at commitRoot (node_modules/.pnpm/react-dom@18.3.1_react@18.3.1/node_modules/react-dom/cjs/react-dom.development.js:26721:5)
      at finishConcurrentRender (node_modules/.pnpm/react-dom@18.3.1_react@18.3.1/node_modules/react-dom/cjs/react-dom.development.js:26020:9)
      at performConcurrentWorkOnRoot (node_modules/.pnpm/react-dom@18.3.1_react@18.3.1/node_modules/react-dom/cjs/react-dom.development.js:25848:7)
      at flushActQueue (node_modules/.pnpm/react@18.3.1/node_modules/react/cjs/react.development.js:2667:24)
      at act (node_modules/.pnpm/react@18.3.1/node_modules/react/cjs/react.development.js:2582:11)
      at node_modules/.pnpm/@testing-library+react@16.3.0_@testing-library+dom@10.4.0_@types+react-dom@18.3.7_@type_efee5276f61270375aed4c032a71d5e5/node_modules/@testing-library/react/dist/act-compat.js:47:25
      at renderRoot (node_modules/.pnpm/@testing-library+react@16.3.0_@testing-library+dom@10.4.0_@types+react-dom@18.3.7_@type_efee5276f61270375aed4c032a71d5e5/node_modules/@testing-library/react/dist/pure.js:190:26)
      at render (node_modules/.pnpm/@testing-library+react@16.3.0_@testing-library+dom@10.4.0_@types+react-dom@18.3.7_@type_efee5276f61270375aed4c032a71d5e5/node_modules/@testing-library/react/dist/pure.js:292:10)
      at Object.<anonymous> (src/components/admin/export/__tests__/ExportButton.test.tsx:45:11)

    console.error
      The above error occurred in the <ExportDialog> component:
      
          at isOpen (/Users/invoture/dev.local/hey-peter/src/components/admin/export/ExportDialog.tsx:58:3)
          at data (/Users/invoture/dev.local/hey-peter/src/components/admin/export/ExportButton.tsx:45:3)
      
      Consider adding an error boundary to your tree to customize error handling behavior.
      Visit https://reactjs.org/link/error-boundaries to learn more about error boundaries.

      43 |
      44 |   it('renders export button', () => {
    > 45 |     render(<ExportButton data={mockData} />);
         |           ^
      46 |     
      47 |     expect(screen.getByText('Export')).toBeInTheDocument();
      48 |   });

      at logCapturedError (node_modules/.pnpm/react-dom@18.3.1_react@18.3.1/node_modules/react-dom/cjs/react-dom.development.js:18704:23)
      at update.callback (node_modules/.pnpm/react-dom@18.3.1_react@18.3.1/node_modules/react-dom/cjs/react-dom.development.js:18737:5)
      at callCallback (node_modules/.pnpm/react-dom@18.3.1_react@18.3.1/node_modules/react-dom/cjs/react-dom.development.js:15036:12)
      at commitUpdateQueue (node_modules/.pnpm/react-dom@18.3.1_react@18.3.1/node_modules/react-dom/cjs/react-dom.development.js:15057:9)
      at commitLayoutEffectOnFiber (node_modules/.pnpm/react-dom@18.3.1_react@18.3.1/node_modules/react-dom/cjs/react-dom.development.js:23430:13)
      at commitLayoutMountEffects_complete (node_modules/.pnpm/react-dom@18.3.1_react@18.3.1/node_modules/react-dom/cjs/react-dom.development.js:24727:9)
      at commitLayoutEffects_begin (node_modules/.pnpm/react-dom@18.3.1_react@18.3.1/node_modules/react-dom/cjs/react-dom.development.js:24713:7)
      at commitLayoutEffects (node_modules/.pnpm/react-dom@18.3.1_react@18.3.1/node_modules/react-dom/cjs/react-dom.development.js:24651:3)
      at commitRootImpl (node_modules/.pnpm/react-dom@18.3.1_react@18.3.1/node_modules/react-dom/cjs/react-dom.development.js:26862:5)
      at commitRoot (node_modules/.pnpm/react-dom@18.3.1_react@18.3.1/node_modules/react-dom/cjs/react-dom.development.js:26721:5)
      at performSyncWorkOnRoot (node_modules/.pnpm/react-dom@18.3.1_react@18.3.1/node_modules/react-dom/cjs/react-dom.development.js:26156:3)
      at flushSyncCallbacks (node_modules/.pnpm/react-dom@18.3.1_react@18.3.1/node_modules/react-dom/cjs/react-dom.development.js:12042:22)
      at commitRootImpl (node_modules/.pnpm/react-dom@18.3.1_react@18.3.1/node_modules/react-dom/cjs/react-dom.development.js:26998:3)
      at commitRoot (node_modules/.pnpm/react-dom@18.3.1_react@18.3.1/node_modules/react-dom/cjs/react-dom.development.js:26721:5)
      at finishConcurrentRender (node_modules/.pnpm/react-dom@18.3.1_react@18.3.1/node_modules/react-dom/cjs/react-dom.development.js:26020:9)
      at performConcurrentWorkOnRoot (node_modules/.pnpm/react-dom@18.3.1_react@18.3.1/node_modules/react-dom/cjs/react-dom.development.js:25848:7)
      at flushActQueue (node_modules/.pnpm/react@18.3.1/node_modules/react/cjs/react.development.js:2667:24)
      at act (node_modules/.pnpm/react@18.3.1/node_modules/react/cjs/react.development.js:2582:11)
      at node_modules/.pnpm/@testing-library+react@16.3.0_@testing-library+dom@10.4.0_@types+react-dom@18.3.7_@type_efee5276f61270375aed4c032a71d5e5/node_modules/@testing-library/react/dist/act-compat.js:47:25
      at renderRoot (node_modules/.pnpm/@testing-library+react@16.3.0_@testing-library+dom@10.4.0_@types+react-dom@18.3.7_@type_efee5276f61270375aed4c032a71d5e5/node_modules/@testing-library/react/dist/pure.js:190:26)
      at render (node_modules/.pnpm/@testing-library+react@16.3.0_@testing-library+dom@10.4.0_@types+react-dom@18.3.7_@type_efee5276f61270375aed4c032a71d5e5/node_modules/@testing-library/react/dist/pure.js:292:10)
      at Object.<anonymous> (src/components/admin/export/__tests__/ExportButton.test.tsx:45:11)

    console.error
      Error: Uncaught [TypeError: _analyticsexportservice.analyticsExportService.getAllTemplates is not a function]
          at Object.<anonymous> (src/components/admin/export/__tests__/ExportButton.test.tsx:51:11)
          at new Promise (<anonymous>) {
        detail: TypeError: _analyticsexportservice.analyticsExportService.getAllTemplates is not a function
            at getAllTemplates (/Users/invoture/dev.local/hey-peter/src/components/admin/export/ExportDialog.tsx:83:55)
            at commitHookEffectListMount (/Users/invoture/dev.local/hey-peter/node_modules/.pnpm/react-dom@18.3.1_react@18.3.1/node_modules/react-dom/cjs/react-dom.development.js:23189:26)
            at commitPassiveMountOnFiber (/Users/invoture/dev.local/hey-peter/node_modules/.pnpm/react-dom@18.3.1_react@18.3.1/node_modules/react-dom/cjs/react-dom.development.js:24970:11)
            at commitPassiveMountEffects_complete (/Users/invoture/dev.local/hey-peter/node_modules/.pnpm/react-dom@18.3.1_react@18.3.1/node_modules/react-dom/cjs/react-dom.development.js:24930:9)
            at commitPassiveMountEffects_begin (/Users/invoture/dev.local/hey-peter/node_modules/.pnpm/react-dom@18.3.1_react@18.3.1/node_modules/react-dom/cjs/react-dom.development.js:24917:7)
            at commitPassiveMountEffects (/Users/invoture/dev.local/hey-peter/node_modules/.pnpm/react-dom@18.3.1_react@18.3.1/node_modules/react-dom/cjs/react-dom.development.js:24905:3)
            at flushPassiveEffectsImpl (/Users/invoture/dev.local/hey-peter/node_modules/.pnpm/react-dom@18.3.1_react@18.3.1/node_modules/react-dom/cjs/react-dom.development.js:27078:3)
            at flushPassiveEffects (/Users/invoture/dev.local/hey-peter/node_modules/.pnpm/react-dom@18.3.1_react@18.3.1/node_modules/react-dom/cjs/react-dom.development.js:27023:14)
            at performSyncWorkOnRoot (/Users/invoture/dev.local/hey-peter/node_modules/.pnpm/react-dom@18.3.1_react@18.3.1/node_modules/react-dom/cjs/react-dom.development.js:26115:3)
            at flushSyncCallbacks (/Users/invoture/dev.local/hey-peter/node_modules/.pnpm/react-dom@18.3.1_react@18.3.1/node_modules/react-dom/cjs/react-dom.development.js:12042:22)
            at commitRootImpl (/Users/invoture/dev.local/hey-peter/node_modules/.pnpm/react-dom@18.3.1_react@18.3.1/node_modules/react-dom/cjs/react-dom.development.js:26998:3)
            at commitRoot (/Users/invoture/dev.local/hey-peter/node_modules/.pnpm/react-dom@18.3.1_react@18.3.1/node_modules/react-dom/cjs/react-dom.development.js:26721:5)
            at finishConcurrentRender (/Users/invoture/dev.local/hey-peter/node_modules/.pnpm/react-dom@18.3.1_react@18.3.1/node_modules/react-dom/cjs/react-dom.development.js:26020:9)
            at performConcurrentWorkOnRoot (/Users/invoture/dev.local/hey-peter/node_modules/.pnpm/react-dom@18.3.1_react@18.3.1/node_modules/react-dom/cjs/react-dom.development.js:25848:7)
            at flushActQueue (/Users/invoture/dev.local/hey-peter/node_modules/.pnpm/react@18.3.1/node_modules/react/cjs/react.development.js:2667:24)
            at act (/Users/invoture/dev.local/hey-peter/node_modules/.pnpm/react@18.3.1/node_modules/react/cjs/react.development.js:2582:11)
            at /Users/invoture/dev.local/hey-peter/node_modules/.pnpm/@testing-library+react@16.3.0_@testing-library+dom@10.4.0_@types+react-dom@18.3.7_@type_efee5276f61270375aed4c032a71d5e5/node_modules/@testing-library/react/dist/act-compat.js:47:25
            at renderRoot (/Users/invoture/dev.local/hey-peter/node_modules/.pnpm/@testing-library+react@16.3.0_@testing-library+dom@10.4.0_@types+react-dom@18.3.7_@type_efee5276f61270375aed4c032a71d5e5/node_modules/@testing-library/react/dist/pure.js:190:26)
            at render (/Users/invoture/dev.local/hey-peter/node_modules/.pnpm/@testing-library+react@16.3.0_@testing-library+dom@10.4.0_@types+react-dom@18.3.7_@type_efee5276f61270375aed4c032a71d5e5/node_modules/@testing-library/react/dist/pure.js:292:10)
            at Object.<anonymous> (/Users/invoture/dev.local/hey-peter/src/components/admin/export/__tests__/ExportButton.test.tsx:51:11)
            at Promise.finally.completed (/Users/invoture/dev.local/hey-peter/node_modules/.pnpm/jest-circus@30.0.2/node_modules/jest-circus/build/jestAdapterInit.js:1559:28)
            at new Promise (<anonymous>)
            at callAsyncCircusFn (/Users/invoture/dev.local/hey-peter/node_modules/.pnpm/jest-circus@30.0.2/node_modules/jest-circus/build/jestAdapterInit.js:1499:10)
            at _callCircusTest (/Users/invoture/dev.local/hey-peter/node_modules/.pnpm/jest-circus@30.0.2/node_modules/jest-circus/build/jestAdapterInit.js:1009:40)
            at processTicksAndRejections (node:internal/process/task_queues:95:5)
            at _runTest (/Users/invoture/dev.local/hey-peter/node_modules/.pnpm/jest-circus@30.0.2/node_modules/jest-circus/build/jestAdapterInit.js:949:3)
            at _runTestsForDescribeBlock (/Users/invoture/dev.local/hey-peter/node_modules/.pnpm/jest-circus@30.0.2/node_modules/jest-circus/build/jestAdapterInit.js:839:13)
            at _runTestsForDescribeBlock (/Users/invoture/dev.local/hey-peter/node_modules/.pnpm/jest-circus@30.0.2/node_modules/jest-circus/build/jestAdapterInit.js:829:11)
            at run (/Users/invoture/dev.local/hey-peter/node_modules/.pnpm/jest-circus@30.0.2/node_modules/jest-circus/build/jestAdapterInit.js:757:3)
            at runAndTransformResultsToJestFormat (/Users/invoture/dev.local/hey-peter/node_modules/.pnpm/jest-circus@30.0.2/node_modules/jest-circus/build/jestAdapterInit.js:1920:21)
            at jestAdapter (/Users/invoture/dev.local/hey-peter/node_modules/.pnpm/jest-circus@30.0.2/node_modules/jest-circus/build/runner.js:101:19)
            at runTestInternal (/Users/invoture/dev.local/hey-peter/node_modules/.pnpm/jest-runner@30.0.2/node_modules/jest-runner/build/testWorker.js:272:16)
            at runTest (/Users/invoture/dev.local/hey-peter/node_modules/.pnpm/jest-runner@30.0.2/node_modules/jest-runner/build/testWorker.js:340:7)
            at Object.worker (/Users/invoture/dev.local/hey-peter/node_modules/.pnpm/jest-runner@30.0.2/node_modules/jest-runner/build/testWorker.js:494:12),
        type: 'unhandled exception'
      }

      49 |
      50 |   it('disables button when no data is provided', () => {
    > 51 |     render(<ExportButton data={[]} />);
         |           ^
      52 |     
      53 |     const button = screen.getByText('Export');
      54 |     expect(button).toBeDisabled();

      at VirtualConsole.<anonymous> (node_modules/.pnpm/@jest+environment-jsdom-abstract@30.0.4_jsdom@26.1.0/node_modules/@jest/environment-jsdom-abstract/build/index.js:78:23)
      at reportException (node_modules/.pnpm/jsdom@26.1.0/node_modules/jsdom/lib/jsdom/living/helpers/runtime-script-errors.js:70:28)
      at innerInvokeEventListeners (node_modules/.pnpm/jsdom@26.1.0/node_modules/jsdom/lib/jsdom/living/events/EventTarget-impl.js:353:9)
      at invokeEventListeners (node_modules/.pnpm/jsdom@26.1.0/node_modules/jsdom/lib/jsdom/living/events/EventTarget-impl.js:286:3)
      at HTMLUnknownElementImpl._dispatch (node_modules/.pnpm/jsdom@26.1.0/node_modules/jsdom/lib/jsdom/living/events/EventTarget-impl.js:233:9)
      at HTMLUnknownElementImpl.dispatchEvent (node_modules/.pnpm/jsdom@26.1.0/node_modules/jsdom/lib/jsdom/living/events/EventTarget-impl.js:104:17)
      at HTMLUnknownElement.dispatchEvent (node_modules/.pnpm/jsdom@26.1.0/node_modules/jsdom/lib/jsdom/living/generated/EventTarget.js:241:34)
      at Object.invokeGuardedCallbackDev (node_modules/.pnpm/react-dom@18.3.1_react@18.3.1/node_modules/react-dom/cjs/react-dom.development.js:4213:16)
      at invokeGuardedCallback (node_modules/.pnpm/react-dom@18.3.1_react@18.3.1/node_modules/react-dom/cjs/react-dom.development.js:4277:31)
      at reportUncaughtErrorInDEV (node_modules/.pnpm/react-dom@18.3.1_react@18.3.1/node_modules/react-dom/cjs/react-dom.development.js:22877:5)
      at captureCommitPhaseError (node_modules/.pnpm/react-dom@18.3.1_react@18.3.1/node_modules/react-dom/cjs/react-dom.development.js:27165:5)
      at commitPassiveMountEffects_complete (node_modules/.pnpm/react-dom@18.3.1_react@18.3.1/node_modules/react-dom/cjs/react-dom.development.js:24932:9)
      at commitPassiveMountEffects_begin (node_modules/.pnpm/react-dom@18.3.1_react@18.3.1/node_modules/react-dom/cjs/react-dom.development.js:24917:7)
      at commitPassiveMountEffects (node_modules/.pnpm/react-dom@18.3.1_react@18.3.1/node_modules/react-dom/cjs/react-dom.development.js:24905:3)
      at flushPassiveEffectsImpl (node_modules/.pnpm/react-dom@18.3.1_react@18.3.1/node_modules/react-dom/cjs/react-dom.development.js:27078:3)
      at flushPassiveEffects (node_modules/.pnpm/react-dom@18.3.1_react@18.3.1/node_modules/react-dom/cjs/react-dom.development.js:27023:14)
      at performSyncWorkOnRoot (node_modules/.pnpm/react-dom@18.3.1_react@18.3.1/node_modules/react-dom/cjs/react-dom.development.js:26115:3)
      at flushSyncCallbacks (node_modules/.pnpm/react-dom@18.3.1_react@18.3.1/node_modules/react-dom/cjs/react-dom.development.js:12042:22)
      at commitRootImpl (node_modules/.pnpm/react-dom@18.3.1_react@18.3.1/node_modules/react-dom/cjs/react-dom.development.js:26998:3)
      at commitRoot (node_modules/.pnpm/react-dom@18.3.1_react@18.3.1/node_modules/react-dom/cjs/react-dom.development.js:26721:5)
      at finishConcurrentRender (node_modules/.pnpm/react-dom@18.3.1_react@18.3.1/node_modules/react-dom/cjs/react-dom.development.js:26020:9)
      at performConcurrentWorkOnRoot (node_modules/.pnpm/react-dom@18.3.1_react@18.3.1/node_modules/react-dom/cjs/react-dom.development.js:25848:7)
      at flushActQueue (node_modules/.pnpm/react@18.3.1/node_modules/react/cjs/react.development.js:2667:24)
      at act (node_modules/.pnpm/react@18.3.1/node_modules/react/cjs/react.development.js:2582:11)
      at node_modules/.pnpm/@testing-library+react@16.3.0_@testing-library+dom@10.4.0_@types+react-dom@18.3.7_@type_efee5276f61270375aed4c032a71d5e5/node_modules/@testing-library/react/dist/act-compat.js:47:25
      at renderRoot (node_modules/.pnpm/@testing-library+react@16.3.0_@testing-library+dom@10.4.0_@types+react-dom@18.3.7_@type_efee5276f61270375aed4c032a71d5e5/node_modules/@testing-library/react/dist/pure.js:190:26)
      at render (node_modules/.pnpm/@testing-library+react@16.3.0_@testing-library+dom@10.4.0_@types+react-dom@18.3.7_@type_efee5276f61270375aed4c032a71d5e5/node_modules/@testing-library/react/dist/pure.js:292:10)
      at Object.<anonymous> (src/components/admin/export/__tests__/ExportButton.test.tsx:51:11)

    console.error
      The above error occurred in the <ExportDialog> component:
      
          at isOpen (/Users/invoture/dev.local/hey-peter/src/components/admin/export/ExportDialog.tsx:58:3)
          at data (/Users/invoture/dev.local/hey-peter/src/components/admin/export/ExportButton.tsx:45:3)
      
      Consider adding an error boundary to your tree to customize error handling behavior.
      Visit https://reactjs.org/link/error-boundaries to learn more about error boundaries.

      49 |
      50 |   it('disables button when no data is provided', () => {
    > 51 |     render(<ExportButton data={[]} />);
         |           ^
      52 |     
      53 |     const button = screen.getByText('Export');
      54 |     expect(button).toBeDisabled();

      at logCapturedError (node_modules/.pnpm/react-dom@18.3.1_react@18.3.1/node_modules/react-dom/cjs/react-dom.development.js:18704:23)
      at update.callback (node_modules/.pnpm/react-dom@18.3.1_react@18.3.1/node_modules/react-dom/cjs/react-dom.development.js:18737:5)
      at callCallback (node_modules/.pnpm/react-dom@18.3.1_react@18.3.1/node_modules/react-dom/cjs/react-dom.development.js:15036:12)
      at commitUpdateQueue (node_modules/.pnpm/react-dom@18.3.1_react@18.3.1/node_modules/react-dom/cjs/react-dom.development.js:15057:9)
      at commitLayoutEffectOnFiber (node_modules/.pnpm/react-dom@18.3.1_react@18.3.1/node_modules/react-dom/cjs/react-dom.development.js:23430:13)
      at commitLayoutMountEffects_complete (node_modules/.pnpm/react-dom@18.3.1_react@18.3.1/node_modules/react-dom/cjs/react-dom.development.js:24727:9)
      at commitLayoutEffects_begin (node_modules/.pnpm/react-dom@18.3.1_react@18.3.1/node_modules/react-dom/cjs/react-dom.development.js:24713:7)
      at commitLayoutEffects (node_modules/.pnpm/react-dom@18.3.1_react@18.3.1/node_modules/react-dom/cjs/react-dom.development.js:24651:3)
      at commitRootImpl (node_modules/.pnpm/react-dom@18.3.1_react@18.3.1/node_modules/react-dom/cjs/react-dom.development.js:26862:5)
      at commitRoot (node_modules/.pnpm/react-dom@18.3.1_react@18.3.1/node_modules/react-dom/cjs/react-dom.development.js:26721:5)
      at performSyncWorkOnRoot (node_modules/.pnpm/react-dom@18.3.1_react@18.3.1/node_modules/react-dom/cjs/react-dom.development.js:26156:3)
      at flushSyncCallbacks (node_modules/.pnpm/react-dom@18.3.1_react@18.3.1/node_modules/react-dom/cjs/react-dom.development.js:12042:22)
      at commitRootImpl (node_modules/.pnpm/react-dom@18.3.1_react@18.3.1/node_modules/react-dom/cjs/react-dom.development.js:26998:3)
      at commitRoot (node_modules/.pnpm/react-dom@18.3.1_react@18.3.1/node_modules/react-dom/cjs/react-dom.development.js:26721:5)
      at finishConcurrentRender (node_modules/.pnpm/react-dom@18.3.1_react@18.3.1/node_modules/react-dom/cjs/react-dom.development.js:26020:9)
      at performConcurrentWorkOnRoot (node_modules/.pnpm/react-dom@18.3.1_react@18.3.1/node_modules/react-dom/cjs/react-dom.development.js:25848:7)
      at flushActQueue (node_modules/.pnpm/react@18.3.1/node_modules/react/cjs/react.development.js:2667:24)
      at act (node_modules/.pnpm/react@18.3.1/node_modules/react/cjs/react.development.js:2582:11)
      at node_modules/.pnpm/@testing-library+react@16.3.0_@testing-library+dom@10.4.0_@types+react-dom@18.3.7_@type_efee5276f61270375aed4c032a71d5e5/node_modules/@testing-library/react/dist/act-compat.js:47:25
      at renderRoot (node_modules/.pnpm/@testing-library+react@16.3.0_@testing-library+dom@10.4.0_@types+react-dom@18.3.7_@type_efee5276f61270375aed4c032a71d5e5/node_modules/@testing-library/react/dist/pure.js:190:26)
      at render (node_modules/.pnpm/@testing-library+react@16.3.0_@testing-library+dom@10.4.0_@types+react-dom@18.3.7_@type_efee5276f61270375aed4c032a71d5e5/node_modules/@testing-library/react/dist/pure.js:292:10)
      at Object.<anonymous> (src/components/admin/export/__tests__/ExportButton.test.tsx:51:11)

    console.error
      Error: Uncaught [TypeError: _analyticsexportservice.analyticsExportService.getAllTemplates is not a function]
          at Object.<anonymous> (src/components/admin/export/__tests__/ExportButton.test.tsx:61:11)
          at new Promise (<anonymous>) {
        detail: TypeError: _analyticsexportservice.analyticsExportService.getAllTemplates is not a function
            at getAllTemplates (/Users/invoture/dev.local/hey-peter/src/components/admin/export/ExportDialog.tsx:83:55)
            at commitHookEffectListMount (/Users/invoture/dev.local/hey-peter/node_modules/.pnpm/react-dom@18.3.1_react@18.3.1/node_modules/react-dom/cjs/react-dom.development.js:23189:26)
            at commitPassiveMountOnFiber (/Users/invoture/dev.local/hey-peter/node_modules/.pnpm/react-dom@18.3.1_react@18.3.1/node_modules/react-dom/cjs/react-dom.development.js:24970:11)
            at commitPassiveMountEffects_complete (/Users/invoture/dev.local/hey-peter/node_modules/.pnpm/react-dom@18.3.1_react@18.3.1/node_modules/react-dom/cjs/react-dom.development.js:24930:9)
            at commitPassiveMountEffects_begin (/Users/invoture/dev.local/hey-peter/node_modules/.pnpm/react-dom@18.3.1_react@18.3.1/node_modules/react-dom/cjs/react-dom.development.js:24917:7)
            at commitPassiveMountEffects (/Users/invoture/dev.local/hey-peter/node_modules/.pnpm/react-dom@18.3.1_react@18.3.1/node_modules/react-dom/cjs/react-dom.development.js:24905:3)
            at flushPassiveEffectsImpl (/Users/invoture/dev.local/hey-peter/node_modules/.pnpm/react-dom@18.3.1_react@18.3.1/node_modules/react-dom/cjs/react-dom.development.js:27078:3)
            at flushPassiveEffects (/Users/invoture/dev.local/hey-peter/node_modules/.pnpm/react-dom@18.3.1_react@18.3.1/node_modules/react-dom/cjs/react-dom.development.js:27023:14)
            at performSyncWorkOnRoot (/Users/invoture/dev.local/hey-peter/node_modules/.pnpm/react-dom@18.3.1_react@18.3.1/node_modules/react-dom/cjs/react-dom.development.js:26115:3)
            at flushSyncCallbacks (/Users/invoture/dev.local/hey-peter/node_modules/.pnpm/react-dom@18.3.1_react@18.3.1/node_modules/react-dom/cjs/react-dom.development.js:12042:22)
            at commitRootImpl (/Users/invoture/dev.local/hey-peter/node_modules/.pnpm/react-dom@18.3.1_react@18.3.1/node_modules/react-dom/cjs/react-dom.development.js:26998:3)
            at commitRoot (/Users/invoture/dev.local/hey-peter/node_modules/.pnpm/react-dom@18.3.1_react@18.3.1/node_modules/react-dom/cjs/react-dom.development.js:26721:5)
            at finishConcurrentRender (/Users/invoture/dev.local/hey-peter/node_modules/.pnpm/react-dom@18.3.1_react@18.3.1/node_modules/react-dom/cjs/react-dom.development.js:26020:9)
            at performConcurrentWorkOnRoot (/Users/invoture/dev.local/hey-peter/node_modules/.pnpm/react-dom@18.3.1_react@18.3.1/node_modules/react-dom/cjs/react-dom.development.js:25848:7)
            at flushActQueue (/Users/invoture/dev.local/hey-peter/node_modules/.pnpm/react@18.3.1/node_modules/react/cjs/react.development.js:2667:24)
            at act (/Users/invoture/dev.local/hey-peter/node_modules/.pnpm/react@18.3.1/node_modules/react/cjs/react.development.js:2582:11)
            at /Users/invoture/dev.local/hey-peter/node_modules/.pnpm/@testing-library+react@16.3.0_@testing-library+dom@10.4.0_@types+react-dom@18.3.7_@type_efee5276f61270375aed4c032a71d5e5/node_modules/@testing-library/react/dist/act-compat.js:47:25
            at renderRoot (/Users/invoture/dev.local/hey-peter/node_modules/.pnpm/@testing-library+react@16.3.0_@testing-library+dom@10.4.0_@types+react-dom@18.3.7_@type_efee5276f61270375aed4c032a71d5e5/node_modules/@testing-library/react/dist/pure.js:190:26)
            at render (/Users/invoture/dev.local/hey-peter/node_modules/.pnpm/@testing-library+react@16.3.0_@testing-library+dom@10.4.0_@types+react-dom@18.3.7_@type_efee5276f61270375aed4c032a71d5e5/node_modules/@testing-library/react/dist/pure.js:292:10)
            at Object.<anonymous> (/Users/invoture/dev.local/hey-peter/src/components/admin/export/__tests__/ExportButton.test.tsx:61:11)
            at Promise.finally.completed (/Users/invoture/dev.local/hey-peter/node_modules/.pnpm/jest-circus@30.0.2/node_modules/jest-circus/build/jestAdapterInit.js:1559:28)
            at new Promise (<anonymous>)
            at callAsyncCircusFn (/Users/invoture/dev.local/hey-peter/node_modules/.pnpm/jest-circus@30.0.2/node_modules/jest-circus/build/jestAdapterInit.js:1499:10)
            at _callCircusTest (/Users/invoture/dev.local/hey-peter/node_modules/.pnpm/jest-circus@30.0.2/node_modules/jest-circus/build/jestAdapterInit.js:1009:40)
            at processTicksAndRejections (node:internal/process/task_queues:95:5)
            at _runTest (/Users/invoture/dev.local/hey-peter/node_modules/.pnpm/jest-circus@30.0.2/node_modules/jest-circus/build/jestAdapterInit.js:949:3)
            at _runTestsForDescribeBlock (/Users/invoture/dev.local/hey-peter/node_modules/.pnpm/jest-circus@30.0.2/node_modules/jest-circus/build/jestAdapterInit.js:839:13)
            at _runTestsForDescribeBlock (/Users/invoture/dev.local/hey-peter/node_modules/.pnpm/jest-circus@30.0.2/node_modules/jest-circus/build/jestAdapterInit.js:829:11)
            at run (/Users/invoture/dev.local/hey-peter/node_modules/.pnpm/jest-circus@30.0.2/node_modules/jest-circus/build/jestAdapterInit.js:757:3)
            at runAndTransformResultsToJestFormat (/Users/invoture/dev.local/hey-peter/node_modules/.pnpm/jest-circus@30.0.2/node_modules/jest-circus/build/jestAdapterInit.js:1920:21)
            at jestAdapter (/Users/invoture/dev.local/hey-peter/node_modules/.pnpm/jest-circus@30.0.2/node_modules/jest-circus/build/runner.js:101:19)
            at runTestInternal (/Users/invoture/dev.local/hey-peter/node_modules/.pnpm/jest-runner@30.0.2/node_modules/jest-runner/build/testWorker.js:272:16)
            at runTest (/Users/invoture/dev.local/hey-peter/node_modules/.pnpm/jest-runner@30.0.2/node_modules/jest-runner/build/testWorker.js:340:7)
            at Object.worker (/Users/invoture/dev.local/hey-peter/node_modules/.pnpm/jest-runner@30.0.2/node_modules/jest-runner/build/testWorker.js:494:12),
        type: 'unhandled exception'
      }

      59 |     (analyticsExportService.exportData as jest.Mock) = mockExportData;
      60 |
    > 61 |     render(<ExportButton data={mockData} showDropdown={false} />);
         |           ^
      62 |     
      63 |     const button = screen.getByText('Export');
      64 |     fireEvent.click(button);

      at VirtualConsole.<anonymous> (node_modules/.pnpm/@jest+environment-jsdom-abstract@30.0.4_jsdom@26.1.0/node_modules/@jest/environment-jsdom-abstract/build/index.js:78:23)
      at reportException (node_modules/.pnpm/jsdom@26.1.0/node_modules/jsdom/lib/jsdom/living/helpers/runtime-script-errors.js:70:28)
      at innerInvokeEventListeners (node_modules/.pnpm/jsdom@26.1.0/node_modules/jsdom/lib/jsdom/living/events/EventTarget-impl.js:353:9)
      at invokeEventListeners (node_modules/.pnpm/jsdom@26.1.0/node_modules/jsdom/lib/jsdom/living/events/EventTarget-impl.js:286:3)
      at HTMLUnknownElementImpl._dispatch (node_modules/.pnpm/jsdom@26.1.0/node_modules/jsdom/lib/jsdom/living/events/EventTarget-impl.js:233:9)
      at HTMLUnknownElementImpl.dispatchEvent (node_modules/.pnpm/jsdom@26.1.0/node_modules/jsdom/lib/jsdom/living/events/EventTarget-impl.js:104:17)
      at HTMLUnknownElement.dispatchEvent (node_modules/.pnpm/jsdom@26.1.0/node_modules/jsdom/lib/jsdom/living/generated/EventTarget.js:241:34)
      at Object.invokeGuardedCallbackDev (node_modules/.pnpm/react-dom@18.3.1_react@18.3.1/node_modules/react-dom/cjs/react-dom.development.js:4213:16)
      at invokeGuardedCallback (node_modules/.pnpm/react-dom@18.3.1_react@18.3.1/node_modules/react-dom/cjs/react-dom.development.js:4277:31)
      at reportUncaughtErrorInDEV (node_modules/.pnpm/react-dom@18.3.1_react@18.3.1/node_modules/react-dom/cjs/react-dom.development.js:22877:5)
      at captureCommitPhaseError (node_modules/.pnpm/react-dom@18.3.1_react@18.3.1/node_modules/react-dom/cjs/react-dom.development.js:27165:5)
      at commitPassiveMountEffects_complete (node_modules/.pnpm/react-dom@18.3.1_react@18.3.1/node_modules/react-dom/cjs/react-dom.development.js:24932:9)
      at commitPassiveMountEffects_begin (node_modules/.pnpm/react-dom@18.3.1_react@18.3.1/node_modules/react-dom/cjs/react-dom.development.js:24917:7)
      at commitPassiveMountEffects (node_modules/.pnpm/react-dom@18.3.1_react@18.3.1/node_modules/react-dom/cjs/react-dom.development.js:24905:3)
      at flushPassiveEffectsImpl (node_modules/.pnpm/react-dom@18.3.1_react@18.3.1/node_modules/react-dom/cjs/react-dom.development.js:27078:3)
      at flushPassiveEffects (node_modules/.pnpm/react-dom@18.3.1_react@18.3.1/node_modules/react-dom/cjs/react-dom.development.js:27023:14)
      at performSyncWorkOnRoot (node_modules/.pnpm/react-dom@18.3.1_react@18.3.1/node_modules/react-dom/cjs/react-dom.development.js:26115:3)
      at flushSyncCallbacks (node_modules/.pnpm/react-dom@18.3.1_react@18.3.1/node_modules/react-dom/cjs/react-dom.development.js:12042:22)
      at commitRootImpl (node_modules/.pnpm/react-dom@18.3.1_react@18.3.1/node_modules/react-dom/cjs/react-dom.development.js:26998:3)
      at commitRoot (node_modules/.pnpm/react-dom@18.3.1_react@18.3.1/node_modules/react-dom/cjs/react-dom.development.js:26721:5)
      at finishConcurrentRender (node_modules/.pnpm/react-dom@18.3.1_react@18.3.1/node_modules/react-dom/cjs/react-dom.development.js:26020:9)
      at performConcurrentWorkOnRoot (node_modules/.pnpm/react-dom@18.3.1_react@18.3.1/node_modules/react-dom/cjs/react-dom.development.js:25848:7)
      at flushActQueue (node_modules/.pnpm/react@18.3.1/node_modules/react/cjs/react.development.js:2667:24)
      at act (node_modules/.pnpm/react@18.3.1/node_modules/react/cjs/react.development.js:2582:11)
      at node_modules/.pnpm/@testing-library+react@16.3.0_@testing-library+dom@10.4.0_@types+react-dom@18.3.7_@type_efee5276f61270375aed4c032a71d5e5/node_modules/@testing-library/react/dist/act-compat.js:47:25
      at renderRoot (node_modules/.pnpm/@testing-library+react@16.3.0_@testing-library+dom@10.4.0_@types+react-dom@18.3.7_@type_efee5276f61270375aed4c032a71d5e5/node_modules/@testing-library/react/dist/pure.js:190:26)
      at render (node_modules/.pnpm/@testing-library+react@16.3.0_@testing-library+dom@10.4.0_@types+react-dom@18.3.7_@type_efee5276f61270375aed4c032a71d5e5/node_modules/@testing-library/react/dist/pure.js:292:10)
      at Object.<anonymous> (src/components/admin/export/__tests__/ExportButton.test.tsx:61:11)

    console.error
      The above error occurred in the <ExportDialog> component:
      
          at isOpen (/Users/invoture/dev.local/hey-peter/src/components/admin/export/ExportDialog.tsx:58:3)
          at data (/Users/invoture/dev.local/hey-peter/src/components/admin/export/ExportButton.tsx:45:3)
      
      Consider adding an error boundary to your tree to customize error handling behavior.
      Visit https://reactjs.org/link/error-boundaries to learn more about error boundaries.

      59 |     (analyticsExportService.exportData as jest.Mock) = mockExportData;
      60 |
    > 61 |     render(<ExportButton data={mockData} showDropdown={false} />);
         |           ^
      62 |     
      63 |     const button = screen.getByText('Export');
      64 |     fireEvent.click(button);

      at logCapturedError (node_modules/.pnpm/react-dom@18.3.1_react@18.3.1/node_modules/react-dom/cjs/react-dom.development.js:18704:23)
      at update.callback (node_modules/.pnpm/react-dom@18.3.1_react@18.3.1/node_modules/react-dom/cjs/react-dom.development.js:18737:5)
      at callCallback (node_modules/.pnpm/react-dom@18.3.1_react@18.3.1/node_modules/react-dom/cjs/react-dom.development.js:15036:12)
      at commitUpdateQueue (node_modules/.pnpm/react-dom@18.3.1_react@18.3.1/node_modules/react-dom/cjs/react-dom.development.js:15057:9)
      at commitLayoutEffectOnFiber (node_modules/.pnpm/react-dom@18.3.1_react@18.3.1/node_modules/react-dom/cjs/react-dom.development.js:23430:13)
      at commitLayoutMountEffects_complete (node_modules/.pnpm/react-dom@18.3.1_react@18.3.1/node_modules/react-dom/cjs/react-dom.development.js:24727:9)
      at commitLayoutEffects_begin (node_modules/.pnpm/react-dom@18.3.1_react@18.3.1/node_modules/react-dom/cjs/react-dom.development.js:24713:7)
      at commitLayoutEffects (node_modules/.pnpm/react-dom@18.3.1_react@18.3.1/node_modules/react-dom/cjs/react-dom.development.js:24651:3)
      at commitRootImpl (node_modules/.pnpm/react-dom@18.3.1_react@18.3.1/node_modules/react-dom/cjs/react-dom.development.js:26862:5)
      at commitRoot (node_modules/.pnpm/react-dom@18.3.1_react@18.3.1/node_modules/react-dom/cjs/react-dom.development.js:26721:5)
      at performSyncWorkOnRoot (node_modules/.pnpm/react-dom@18.3.1_react@18.3.1/node_modules/react-dom/cjs/react-dom.development.js:26156:3)
      at flushSyncCallbacks (node_modules/.pnpm/react-dom@18.3.1_react@18.3.1/node_modules/react-dom/cjs/react-dom.development.js:12042:22)
      at commitRootImpl (node_modules/.pnpm/react-dom@18.3.1_react@18.3.1/node_modules/react-dom/cjs/react-dom.development.js:26998:3)
      at commitRoot (node_modules/.pnpm/react-dom@18.3.1_react@18.3.1/node_modules/react-dom/cjs/react-dom.development.js:26721:5)
      at finishConcurrentRender (node_modules/.pnpm/react-dom@18.3.1_react@18.3.1/node_modules/react-dom/cjs/react-dom.development.js:26020:9)
      at performConcurrentWorkOnRoot (node_modules/.pnpm/react-dom@18.3.1_react@18.3.1/node_modules/react-dom/cjs/react-dom.development.js:25848:7)
      at flushActQueue (node_modules/.pnpm/react@18.3.1/node_modules/react/cjs/react.development.js:2667:24)
      at act (node_modules/.pnpm/react@18.3.1/node_modules/react/cjs/react.development.js:2582:11)
      at node_modules/.pnpm/@testing-library+react@16.3.0_@testing-library+dom@10.4.0_@types+react-dom@18.3.7_@type_efee5276f61270375aed4c032a71d5e5/node_modules/@testing-library/react/dist/act-compat.js:47:25
      at renderRoot (node_modules/.pnpm/@testing-library+react@16.3.0_@testing-library+dom@10.4.0_@types+react-dom@18.3.7_@type_efee5276f61270375aed4c032a71d5e5/node_modules/@testing-library/react/dist/pure.js:190:26)
      at render (node_modules/.pnpm/@testing-library+react@16.3.0_@testing-library+dom@10.4.0_@types+react-dom@18.3.7_@type_efee5276f61270375aed4c032a71d5e5/node_modules/@testing-library/react/dist/pure.js:292:10)
      at Object.<anonymous> (src/components/admin/export/__tests__/ExportButton.test.tsx:61:11)

    console.error
      Error: Uncaught [TypeError: _analyticsexportservice.analyticsExportService.getAllTemplates is not a function]
          at Object.<anonymous> (src/components/admin/export/__tests__/ExportButton.test.tsx:88:11)
          at new Promise (<anonymous>) {
        detail: TypeError: _analyticsexportservice.analyticsExportService.getAllTemplates is not a function
            at getAllTemplates (/Users/invoture/dev.local/hey-peter/src/components/admin/export/ExportDialog.tsx:83:55)
            at commitHookEffectListMount (/Users/invoture/dev.local/hey-peter/node_modules/.pnpm/react-dom@18.3.1_react@18.3.1/node_modules/react-dom/cjs/react-dom.development.js:23189:26)
            at commitPassiveMountOnFiber (/Users/invoture/dev.local/hey-peter/node_modules/.pnpm/react-dom@18.3.1_react@18.3.1/node_modules/react-dom/cjs/react-dom.development.js:24970:11)
            at commitPassiveMountEffects_complete (/Users/invoture/dev.local/hey-peter/node_modules/.pnpm/react-dom@18.3.1_react@18.3.1/node_modules/react-dom/cjs/react-dom.development.js:24930:9)
            at commitPassiveMountEffects_begin (/Users/invoture/dev.local/hey-peter/node_modules/.pnpm/react-dom@18.3.1_react@18.3.1/node_modules/react-dom/cjs/react-dom.development.js:24917:7)
            at commitPassiveMountEffects (/Users/invoture/dev.local/hey-peter/node_modules/.pnpm/react-dom@18.3.1_react@18.3.1/node_modules/react-dom/cjs/react-dom.development.js:24905:3)
            at flushPassiveEffectsImpl (/Users/invoture/dev.local/hey-peter/node_modules/.pnpm/react-dom@18.3.1_react@18.3.1/node_modules/react-dom/cjs/react-dom.development.js:27078:3)
            at flushPassiveEffects (/Users/invoture/dev.local/hey-peter/node_modules/.pnpm/react-dom@18.3.1_react@18.3.1/node_modules/react-dom/cjs/react-dom.development.js:27023:14)
            at performSyncWorkOnRoot (/Users/invoture/dev.local/hey-peter/node_modules/.pnpm/react-dom@18.3.1_react@18.3.1/node_modules/react-dom/cjs/react-dom.development.js:26115:3)
            at flushSyncCallbacks (/Users/invoture/dev.local/hey-peter/node_modules/.pnpm/react-dom@18.3.1_react@18.3.1/node_modules/react-dom/cjs/react-dom.development.js:12042:22)
            at commitRootImpl (/Users/invoture/dev.local/hey-peter/node_modules/.pnpm/react-dom@18.3.1_react@18.3.1/node_modules/react-dom/cjs/react-dom.development.js:26998:3)
            at commitRoot (/Users/invoture/dev.local/hey-peter/node_modules/.pnpm/react-dom@18.3.1_react@18.3.1/node_modules/react-dom/cjs/react-dom.development.js:26721:5)
            at finishConcurrentRender (/Users/invoture/dev.local/hey-peter/node_modules/.pnpm/react-dom@18.3.1_react@18.3.1/node_modules/react-dom/cjs/react-dom.development.js:26020:9)
            at performConcurrentWorkOnRoot (/Users/invoture/dev.local/hey-peter/node_modules/.pnpm/react-dom@18.3.1_react@18.3.1/node_modules/react-dom/cjs/react-dom.development.js:25848:7)
            at flushActQueue (/Users/invoture/dev.local/hey-peter/node_modules/.pnpm/react@18.3.1/node_modules/react/cjs/react.development.js:2667:24)
            at act (/Users/invoture/dev.local/hey-peter/node_modules/.pnpm/react@18.3.1/node_modules/react/cjs/react.development.js:2582:11)
            at /Users/invoture/dev.local/hey-peter/node_modules/.pnpm/@testing-library+react@16.3.0_@testing-library+dom@10.4.0_@types+react-dom@18.3.7_@type_efee5276f61270375aed4c032a71d5e5/node_modules/@testing-library/react/dist/act-compat.js:47:25
            at renderRoot (/Users/invoture/dev.local/hey-peter/node_modules/.pnpm/@testing-library+react@16.3.0_@testing-library+dom@10.4.0_@types+react-dom@18.3.7_@type_efee5276f61270375aed4c032a71d5e5/node_modules/@testing-library/react/dist/pure.js:190:26)
            at render (/Users/invoture/dev.local/hey-peter/node_modules/.pnpm/@testing-library+react@16.3.0_@testing-library+dom@10.4.0_@types+react-dom@18.3.7_@type_efee5276f61270375aed4c032a71d5e5/node_modules/@testing-library/react/dist/pure.js:292:10)
            at Object.<anonymous> (/Users/invoture/dev.local/hey-peter/src/components/admin/export/__tests__/ExportButton.test.tsx:88:11)
            at Promise.finally.completed (/Users/invoture/dev.local/hey-peter/node_modules/.pnpm/jest-circus@30.0.2/node_modules/jest-circus/build/jestAdapterInit.js:1559:28)
            at new Promise (<anonymous>)
            at callAsyncCircusFn (/Users/invoture/dev.local/hey-peter/node_modules/.pnpm/jest-circus@30.0.2/node_modules/jest-circus/build/jestAdapterInit.js:1499:10)
            at _callCircusTest (/Users/invoture/dev.local/hey-peter/node_modules/.pnpm/jest-circus@30.0.2/node_modules/jest-circus/build/jestAdapterInit.js:1009:40)
            at processTicksAndRejections (node:internal/process/task_queues:95:5)
            at _runTest (/Users/invoture/dev.local/hey-peter/node_modules/.pnpm/jest-circus@30.0.2/node_modules/jest-circus/build/jestAdapterInit.js:949:3)
            at _runTestsForDescribeBlock (/Users/invoture/dev.local/hey-peter/node_modules/.pnpm/jest-circus@30.0.2/node_modules/jest-circus/build/jestAdapterInit.js:839:13)
            at _runTestsForDescribeBlock (/Users/invoture/dev.local/hey-peter/node_modules/.pnpm/jest-circus@30.0.2/node_modules/jest-circus/build/jestAdapterInit.js:829:11)
            at run (/Users/invoture/dev.local/hey-peter/node_modules/.pnpm/jest-circus@30.0.2/node_modules/jest-circus/build/jestAdapterInit.js:757:3)
            at runAndTransformResultsToJestFormat (/Users/invoture/dev.local/hey-peter/node_modules/.pnpm/jest-circus@30.0.2/node_modules/jest-circus/build/jestAdapterInit.js:1920:21)
            at jestAdapter (/Users/invoture/dev.local/hey-peter/node_modules/.pnpm/jest-circus@30.0.2/node_modules/jest-circus/build/runner.js:101:19)
            at runTestInternal (/Users/invoture/dev.local/hey-peter/node_modules/.pnpm/jest-runner@30.0.2/node_modules/jest-runner/build/testWorker.js:272:16)
            at runTest (/Users/invoture/dev.local/hey-peter/node_modules/.pnpm/jest-runner@30.0.2/node_modules/jest-runner/build/testWorker.js:340:7)
            at Object.worker (/Users/invoture/dev.local/hey-peter/node_modules/.pnpm/jest-runner@30.0.2/node_modules/jest-runner/build/testWorker.js:494:12),
        type: 'unhandled exception'
      }

      86 |     (analyticsExportService.exportData as jest.Mock) = mockExportData;
      87 |
    > 88 |     render(<ExportButton data={mockData} showDropdown={false} />);
         |           ^
      89 |     
      90 |     const button = screen.getByText('Export');
      91 |     fireEvent.click(button);

      at VirtualConsole.<anonymous> (node_modules/.pnpm/@jest+environment-jsdom-abstract@30.0.4_jsdom@26.1.0/node_modules/@jest/environment-jsdom-abstract/build/index.js:78:23)
      at reportException (node_modules/.pnpm/jsdom@26.1.0/node_modules/jsdom/lib/jsdom/living/helpers/runtime-script-errors.js:70:28)
      at innerInvokeEventListeners (node_modules/.pnpm/jsdom@26.1.0/node_modules/jsdom/lib/jsdom/living/events/EventTarget-impl.js:353:9)
      at invokeEventListeners (node_modules/.pnpm/jsdom@26.1.0/node_modules/jsdom/lib/jsdom/living/events/EventTarget-impl.js:286:3)
      at HTMLUnknownElementImpl._dispatch (node_modules/.pnpm/jsdom@26.1.0/node_modules/jsdom/lib/jsdom/living/events/EventTarget-impl.js:233:9)
      at HTMLUnknownElementImpl.dispatchEvent (node_modules/.pnpm/jsdom@26.1.0/node_modules/jsdom/lib/jsdom/living/events/EventTarget-impl.js:104:17)
      at HTMLUnknownElement.dispatchEvent (node_modules/.pnpm/jsdom@26.1.0/node_modules/jsdom/lib/jsdom/living/generated/EventTarget.js:241:34)
      at Object.invokeGuardedCallbackDev (node_modules/.pnpm/react-dom@18.3.1_react@18.3.1/node_modules/react-dom/cjs/react-dom.development.js:4213:16)
      at invokeGuardedCallback (node_modules/.pnpm/react-dom@18.3.1_react@18.3.1/node_modules/react-dom/cjs/react-dom.development.js:4277:31)
      at reportUncaughtErrorInDEV (node_modules/.pnpm/react-dom@18.3.1_react@18.3.1/node_modules/react-dom/cjs/react-dom.development.js:22877:5)
      at captureCommitPhaseError (node_modules/.pnpm/react-dom@18.3.1_react@18.3.1/node_modules/react-dom/cjs/react-dom.development.js:27165:5)
      at commitPassiveMountEffects_complete (node_modules/.pnpm/react-dom@18.3.1_react@18.3.1/node_modules/react-dom/cjs/react-dom.development.js:24932:9)
      at commitPassiveMountEffects_begin (node_modules/.pnpm/react-dom@18.3.1_react@18.3.1/node_modules/react-dom/cjs/react-dom.development.js:24917:7)
      at commitPassiveMountEffects (node_modules/.pnpm/react-dom@18.3.1_react@18.3.1/node_modules/react-dom/cjs/react-dom.development.js:24905:3)
      at flushPassiveEffectsImpl (node_modules/.pnpm/react-dom@18.3.1_react@18.3.1/node_modules/react-dom/cjs/react-dom.development.js:27078:3)
      at flushPassiveEffects (node_modules/.pnpm/react-dom@18.3.1_react@18.3.1/node_modules/react-dom/cjs/react-dom.development.js:27023:14)
      at performSyncWorkOnRoot (node_modules/.pnpm/react-dom@18.3.1_react@18.3.1/node_modules/react-dom/cjs/react-dom.development.js:26115:3)
      at flushSyncCallbacks (node_modules/.pnpm/react-dom@18.3.1_react@18.3.1/node_modules/react-dom/cjs/react-dom.development.js:12042:22)
      at commitRootImpl (node_modules/.pnpm/react-dom@18.3.1_react@18.3.1/node_modules/react-dom/cjs/react-dom.development.js:26998:3)
      at commitRoot (node_modules/.pnpm/react-dom@18.3.1_react@18.3.1/node_modules/react-dom/cjs/react-dom.development.js:26721:5)
      at finishConcurrentRender (node_modules/.pnpm/react-dom@18.3.1_react@18.3.1/node_modules/react-dom/cjs/react-dom.development.js:26020:9)
      at performConcurrentWorkOnRoot (node_modules/.pnpm/react-dom@18.3.1_react@18.3.1/node_modules/react-dom/cjs/react-dom.development.js:25848:7)
      at flushActQueue (node_modules/.pnpm/react@18.3.1/node_modules/react/cjs/react.development.js:2667:24)
      at act (node_modules/.pnpm/react@18.3.1/node_modules/react/cjs/react.development.js:2582:11)
      at node_modules/.pnpm/@testing-library+react@16.3.0_@testing-library+dom@10.4.0_@types+react-dom@18.3.7_@type_efee5276f61270375aed4c032a71d5e5/node_modules/@testing-library/react/dist/act-compat.js:47:25
      at renderRoot (node_modules/.pnpm/@testing-library+react@16.3.0_@testing-library+dom@10.4.0_@types+react-dom@18.3.7_@type_efee5276f61270375aed4c032a71d5e5/node_modules/@testing-library/react/dist/pure.js:190:26)
      at render (node_modules/.pnpm/@testing-library+react@16.3.0_@testing-library+dom@10.4.0_@types+react-dom@18.3.7_@type_efee5276f61270375aed4c032a71d5e5/node_modules/@testing-library/react/dist/pure.js:292:10)
      at Object.<anonymous> (src/components/admin/export/__tests__/ExportButton.test.tsx:88:11)

    console.error
      The above error occurred in the <ExportDialog> component:
      
          at isOpen (/Users/invoture/dev.local/hey-peter/src/components/admin/export/ExportDialog.tsx:58:3)
          at data (/Users/invoture/dev.local/hey-peter/src/components/admin/export/ExportButton.tsx:45:3)
      
      Consider adding an error boundary to your tree to customize error handling behavior.
      Visit https://reactjs.org/link/error-boundaries to learn more about error boundaries.

      86 |     (analyticsExportService.exportData as jest.Mock) = mockExportData;
      87 |
    > 88 |     render(<ExportButton data={mockData} showDropdown={false} />);
         |           ^
      89 |     
      90 |     const button = screen.getByText('Export');
      91 |     fireEvent.click(button);

      at logCapturedError (node_modules/.pnpm/react-dom@18.3.1_react@18.3.1/node_modules/react-dom/cjs/react-dom.development.js:18704:23)
      at update.callback (node_modules/.pnpm/react-dom@18.3.1_react@18.3.1/node_modules/react-dom/cjs/react-dom.development.js:18737:5)
      at callCallback (node_modules/.pnpm/react-dom@18.3.1_react@18.3.1/node_modules/react-dom/cjs/react-dom.development.js:15036:12)
      at commitUpdateQueue (node_modules/.pnpm/react-dom@18.3.1_react@18.3.1/node_modules/react-dom/cjs/react-dom.development.js:15057:9)
      at commitLayoutEffectOnFiber (node_modules/.pnpm/react-dom@18.3.1_react@18.3.1/node_modules/react-dom/cjs/react-dom.development.js:23430:13)
      at commitLayoutMountEffects_complete (node_modules/.pnpm/react-dom@18.3.1_react@18.3.1/node_modules/react-dom/cjs/react-dom.development.js:24727:9)
      at commitLayoutEffects_begin (node_modules/.pnpm/react-dom@18.3.1_react@18.3.1/node_modules/react-dom/cjs/react-dom.development.js:24713:7)
      at commitLayoutEffects (node_modules/.pnpm/react-dom@18.3.1_react@18.3.1/node_modules/react-dom/cjs/react-dom.development.js:24651:3)
      at commitRootImpl (node_modules/.pnpm/react-dom@18.3.1_react@18.3.1/node_modules/react-dom/cjs/react-dom.development.js:26862:5)
      at commitRoot (node_modules/.pnpm/react-dom@18.3.1_react@18.3.1/node_modules/react-dom/cjs/react-dom.development.js:26721:5)
      at performSyncWorkOnRoot (node_modules/.pnpm/react-dom@18.3.1_react@18.3.1/node_modules/react-dom/cjs/react-dom.development.js:26156:3)
      at flushSyncCallbacks (node_modules/.pnpm/react-dom@18.3.1_react@18.3.1/node_modules/react-dom/cjs/react-dom.development.js:12042:22)
      at commitRootImpl (node_modules/.pnpm/react-dom@18.3.1_react@18.3.1/node_modules/react-dom/cjs/react-dom.development.js:26998:3)
      at commitRoot (node_modules/.pnpm/react-dom@18.3.1_react@18.3.1/node_modules/react-dom/cjs/react-dom.development.js:26721:5)
      at finishConcurrentRender (node_modules/.pnpm/react-dom@18.3.1_react@18.3.1/node_modules/react-dom/cjs/react-dom.development.js:26020:9)
      at performConcurrentWorkOnRoot (node_modules/.pnpm/react-dom@18.3.1_react@18.3.1/node_modules/react-dom/cjs/react-dom.development.js:25848:7)
      at flushActQueue (node_modules/.pnpm/react@18.3.1/node_modules/react/cjs/react.development.js:2667:24)
      at act (node_modules/.pnpm/react@18.3.1/node_modules/react/cjs/react.development.js:2582:11)
      at node_modules/.pnpm/@testing-library+react@16.3.0_@testing-library+dom@10.4.0_@types+react-dom@18.3.7_@type_efee5276f61270375aed4c032a71d5e5/node_modules/@testing-library/react/dist/act-compat.js:47:25
      at renderRoot (node_modules/.pnpm/@testing-library+react@16.3.0_@testing-library+dom@10.4.0_@types+react-dom@18.3.7_@type_efee5276f61270375aed4c032a71d5e5/node_modules/@testing-library/react/dist/pure.js:190:26)
      at render (node_modules/.pnpm/@testing-library+react@16.3.0_@testing-library+dom@10.4.0_@types+react-dom@18.3.7_@type_efee5276f61270375aed4c032a71d5e5/node_modules/@testing-library/react/dist/pure.js:292:10)
      at Object.<anonymous> (src/components/admin/export/__tests__/ExportButton.test.tsx:88:11)

    console.error
      Error: Uncaught [TypeError: _analyticsexportservice.analyticsExportService.getAllTemplates is not a function]
          at Object.<anonymous> (src/components/admin/export/__tests__/ExportButton.test.tsx:105:11)
          at new Promise (<anonymous>) {
        detail: TypeError: _analyticsexportservice.analyticsExportService.getAllTemplates is not a function
            at getAllTemplates (/Users/invoture/dev.local/hey-peter/src/components/admin/export/ExportDialog.tsx:83:55)
            at commitHookEffectListMount (/Users/invoture/dev.local/hey-peter/node_modules/.pnpm/react-dom@18.3.1_react@18.3.1/node_modules/react-dom/cjs/react-dom.development.js:23189:26)
            at commitPassiveMountOnFiber (/Users/invoture/dev.local/hey-peter/node_modules/.pnpm/react-dom@18.3.1_react@18.3.1/node_modules/react-dom/cjs/react-dom.development.js:24970:11)
            at commitPassiveMountEffects_complete (/Users/invoture/dev.local/hey-peter/node_modules/.pnpm/react-dom@18.3.1_react@18.3.1/node_modules/react-dom/cjs/react-dom.development.js:24930:9)
            at commitPassiveMountEffects_begin (/Users/invoture/dev.local/hey-peter/node_modules/.pnpm/react-dom@18.3.1_react@18.3.1/node_modules/react-dom/cjs/react-dom.development.js:24917:7)
            at commitPassiveMountEffects (/Users/invoture/dev.local/hey-peter/node_modules/.pnpm/react-dom@18.3.1_react@18.3.1/node_modules/react-dom/cjs/react-dom.development.js:24905:3)
            at flushPassiveEffectsImpl (/Users/invoture/dev.local/hey-peter/node_modules/.pnpm/react-dom@18.3.1_react@18.3.1/node_modules/react-dom/cjs/react-dom.development.js:27078:3)
            at flushPassiveEffects (/Users/invoture/dev.local/hey-peter/node_modules/.pnpm/react-dom@18.3.1_react@18.3.1/node_modules/react-dom/cjs/react-dom.development.js:27023:14)
            at performSyncWorkOnRoot (/Users/invoture/dev.local/hey-peter/node_modules/.pnpm/react-dom@18.3.1_react@18.3.1/node_modules/react-dom/cjs/react-dom.development.js:26115:3)
            at flushSyncCallbacks (/Users/invoture/dev.local/hey-peter/node_modules/.pnpm/react-dom@18.3.1_react@18.3.1/node_modules/react-dom/cjs/react-dom.development.js:12042:22)
            at commitRootImpl (/Users/invoture/dev.local/hey-peter/node_modules/.pnpm/react-dom@18.3.1_react@18.3.1/node_modules/react-dom/cjs/react-dom.development.js:26998:3)
            at commitRoot (/Users/invoture/dev.local/hey-peter/node_modules/.pnpm/react-dom@18.3.1_react@18.3.1/node_modules/react-dom/cjs/react-dom.development.js:26721:5)
            at finishConcurrentRender (/Users/invoture/dev.local/hey-peter/node_modules/.pnpm/react-dom@18.3.1_react@18.3.1/node_modules/react-dom/cjs/react-dom.development.js:26020:9)
            at performConcurrentWorkOnRoot (/Users/invoture/dev.local/hey-peter/node_modules/.pnpm/react-dom@18.3.1_react@18.3.1/node_modules/react-dom/cjs/react-dom.development.js:25848:7)
            at flushActQueue (/Users/invoture/dev.local/hey-peter/node_modules/.pnpm/react@18.3.1/node_modules/react/cjs/react.development.js:2667:24)
            at act (/Users/invoture/dev.local/hey-peter/node_modules/.pnpm/react@18.3.1/node_modules/react/cjs/react.development.js:2582:11)
            at /Users/invoture/dev.local/hey-peter/node_modules/.pnpm/@testing-library+react@16.3.0_@testing-library+dom@10.4.0_@types+react-dom@18.3.7_@type_efee5276f61270375aed4c032a71d5e5/node_modules/@testing-library/react/dist/act-compat.js:47:25
            at renderRoot (/Users/invoture/dev.local/hey-peter/node_modules/.pnpm/@testing-library+react@16.3.0_@testing-library+dom@10.4.0_@types+react-dom@18.3.7_@type_efee5276f61270375aed4c032a71d5e5/node_modules/@testing-library/react/dist/pure.js:190:26)
            at render (/Users/invoture/dev.local/hey-peter/node_modules/.pnpm/@testing-library+react@16.3.0_@testing-library+dom@10.4.0_@types+react-dom@18.3.7_@type_efee5276f61270375aed4c032a71d5e5/node_modules/@testing-library/react/dist/pure.js:292:10)
            at Object.<anonymous> (/Users/invoture/dev.local/hey-peter/src/components/admin/export/__tests__/ExportButton.test.tsx:105:11)
            at Promise.finally.completed (/Users/invoture/dev.local/hey-peter/node_modules/.pnpm/jest-circus@30.0.2/node_modules/jest-circus/build/jestAdapterInit.js:1559:28)
            at new Promise (<anonymous>)
            at callAsyncCircusFn (/Users/invoture/dev.local/hey-peter/node_modules/.pnpm/jest-circus@30.0.2/node_modules/jest-circus/build/jestAdapterInit.js:1499:10)
            at _callCircusTest (/Users/invoture/dev.local/hey-peter/node_modules/.pnpm/jest-circus@30.0.2/node_modules/jest-circus/build/jestAdapterInit.js:1009:40)
            at processTicksAndRejections (node:internal/process/task_queues:95:5)
            at _runTest (/Users/invoture/dev.local/hey-peter/node_modules/.pnpm/jest-circus@30.0.2/node_modules/jest-circus/build/jestAdapterInit.js:949:3)
            at _runTestsForDescribeBlock (/Users/invoture/dev.local/hey-peter/node_modules/.pnpm/jest-circus@30.0.2/node_modules/jest-circus/build/jestAdapterInit.js:839:13)
            at _runTestsForDescribeBlock (/Users/invoture/dev.local/hey-peter/node_modules/.pnpm/jest-circus@30.0.2/node_modules/jest-circus/build/jestAdapterInit.js:829:11)
            at run (/Users/invoture/dev.local/hey-peter/node_modules/.pnpm/jest-circus@30.0.2/node_modules/jest-circus/build/jestAdapterInit.js:757:3)
            at runAndTransformResultsToJestFormat (/Users/invoture/dev.local/hey-peter/node_modules/.pnpm/jest-circus@30.0.2/node_modules/jest-circus/build/jestAdapterInit.js:1920:21)
            at jestAdapter (/Users/invoture/dev.local/hey-peter/node_modules/.pnpm/jest-circus@30.0.2/node_modules/jest-circus/build/runner.js:101:19)
            at runTestInternal (/Users/invoture/dev.local/hey-peter/node_modules/.pnpm/jest-runner@30.0.2/node_modules/jest-runner/build/testWorker.js:272:16)
            at runTest (/Users/invoture/dev.local/hey-peter/node_modules/.pnpm/jest-runner@30.0.2/node_modules/jest-runner/build/testWorker.js:340:7)
            at Object.worker (/Users/invoture/dev.local/hey-peter/node_modules/.pnpm/jest-runner@30.0.2/node_modules/jest-runner/build/testWorker.js:494:12),
        type: 'unhandled exception'
      }

      103 |     (analyticsExportService.exportData as jest.Mock) = mockExportData;
      104 |
    > 105 |     render(
          |           ^
      106 |       <ExportButton 
      107 |         data={mockData} 
      108 |         showDropdown={false}

      at VirtualConsole.<anonymous> (node_modules/.pnpm/@jest+environment-jsdom-abstract@30.0.4_jsdom@26.1.0/node_modules/@jest/environment-jsdom-abstract/build/index.js:78:23)
      at reportException (node_modules/.pnpm/jsdom@26.1.0/node_modules/jsdom/lib/jsdom/living/helpers/runtime-script-errors.js:70:28)
      at innerInvokeEventListeners (node_modules/.pnpm/jsdom@26.1.0/node_modules/jsdom/lib/jsdom/living/events/EventTarget-impl.js:353:9)
      at invokeEventListeners (node_modules/.pnpm/jsdom@26.1.0/node_modules/jsdom/lib/jsdom/living/events/EventTarget-impl.js:286:3)
      at HTMLUnknownElementImpl._dispatch (node_modules/.pnpm/jsdom@26.1.0/node_modules/jsdom/lib/jsdom/living/events/EventTarget-impl.js:233:9)
      at HTMLUnknownElementImpl.dispatchEvent (node_modules/.pnpm/jsdom@26.1.0/node_modules/jsdom/lib/jsdom/living/events/EventTarget-impl.js:104:17)
      at HTMLUnknownElement.dispatchEvent (node_modules/.pnpm/jsdom@26.1.0/node_modules/jsdom/lib/jsdom/living/generated/EventTarget.js:241:34)
      at Object.invokeGuardedCallbackDev (node_modules/.pnpm/react-dom@18.3.1_react@18.3.1/node_modules/react-dom/cjs/react-dom.development.js:4213:16)
      at invokeGuardedCallback (node_modules/.pnpm/react-dom@18.3.1_react@18.3.1/node_modules/react-dom/cjs/react-dom.development.js:4277:31)
      at reportUncaughtErrorInDEV (node_modules/.pnpm/react-dom@18.3.1_react@18.3.1/node_modules/react-dom/cjs/react-dom.development.js:22877:5)
      at captureCommitPhaseError (node_modules/.pnpm/react-dom@18.3.1_react@18.3.1/node_modules/react-dom/cjs/react-dom.development.js:27165:5)
      at commitPassiveMountEffects_complete (node_modules/.pnpm/react-dom@18.3.1_react@18.3.1/node_modules/react-dom/cjs/react-dom.development.js:24932:9)
      at commitPassiveMountEffects_begin (node_modules/.pnpm/react-dom@18.3.1_react@18.3.1/node_modules/react-dom/cjs/react-dom.development.js:24917:7)
      at commitPassiveMountEffects (node_modules/.pnpm/react-dom@18.3.1_react@18.3.1/node_modules/react-dom/cjs/react-dom.development.js:24905:3)
      at flushPassiveEffectsImpl (node_modules/.pnpm/react-dom@18.3.1_react@18.3.1/node_modules/react-dom/cjs/react-dom.development.js:27078:3)
      at flushPassiveEffects (node_modules/.pnpm/react-dom@18.3.1_react@18.3.1/node_modules/react-dom/cjs/react-dom.development.js:27023:14)
      at performSyncWorkOnRoot (node_modules/.pnpm/react-dom@18.3.1_react@18.3.1/node_modules/react-dom/cjs/react-dom.development.js:26115:3)
      at flushSyncCallbacks (node_modules/.pnpm/react-dom@18.3.1_react@18.3.1/node_modules/react-dom/cjs/react-dom.development.js:12042:22)
      at commitRootImpl (node_modules/.pnpm/react-dom@18.3.1_react@18.3.1/node_modules/react-dom/cjs/react-dom.development.js:26998:3)
      at commitRoot (node_modules/.pnpm/react-dom@18.3.1_react@18.3.1/node_modules/react-dom/cjs/react-dom.development.js:26721:5)
      at finishConcurrentRender (node_modules/.pnpm/react-dom@18.3.1_react@18.3.1/node_modules/react-dom/cjs/react-dom.development.js:26020:9)
      at performConcurrentWorkOnRoot (node_modules/.pnpm/react-dom@18.3.1_react@18.3.1/node_modules/react-dom/cjs/react-dom.development.js:25848:7)
      at flushActQueue (node_modules/.pnpm/react@18.3.1/node_modules/react/cjs/react.development.js:2667:24)
      at act (node_modules/.pnpm/react@18.3.1/node_modules/react/cjs/react.development.js:2582:11)
      at node_modules/.pnpm/@testing-library+react@16.3.0_@testing-library+dom@10.4.0_@types+react-dom@18.3.7_@type_efee5276f61270375aed4c032a71d5e5/node_modules/@testing-library/react/dist/act-compat.js:47:25
      at renderRoot (node_modules/.pnpm/@testing-library+react@16.3.0_@testing-library+dom@10.4.0_@types+react-dom@18.3.7_@type_efee5276f61270375aed4c032a71d5e5/node_modules/@testing-library/react/dist/pure.js:190:26)
      at render (node_modules/.pnpm/@testing-library+react@16.3.0_@testing-library+dom@10.4.0_@types+react-dom@18.3.7_@type_efee5276f61270375aed4c032a71d5e5/node_modules/@testing-library/react/dist/pure.js:292:10)
      at Object.<anonymous> (src/components/admin/export/__tests__/ExportButton.test.tsx:105:11)

    console.error
      The above error occurred in the <ExportDialog> component:
      
          at isOpen (/Users/invoture/dev.local/hey-peter/src/components/admin/export/ExportDialog.tsx:58:3)
          at data (/Users/invoture/dev.local/hey-peter/src/components/admin/export/ExportButton.tsx:45:3)
      
      Consider adding an error boundary to your tree to customize error handling behavior.
      Visit https://reactjs.org/link/error-boundaries to learn more about error boundaries.

      103 |     (analyticsExportService.exportData as jest.Mock) = mockExportData;
      104 |
    > 105 |     render(
          |           ^
      106 |       <ExportButton 
      107 |         data={mockData} 
      108 |         showDropdown={false}

      at logCapturedError (node_modules/.pnpm/react-dom@18.3.1_react@18.3.1/node_modules/react-dom/cjs/react-dom.development.js:18704:23)
      at update.callback (node_modules/.pnpm/react-dom@18.3.1_react@18.3.1/node_modules/react-dom/cjs/react-dom.development.js:18737:5)
      at callCallback (node_modules/.pnpm/react-dom@18.3.1_react@18.3.1/node_modules/react-dom/cjs/react-dom.development.js:15036:12)
      at commitUpdateQueue (node_modules/.pnpm/react-dom@18.3.1_react@18.3.1/node_modules/react-dom/cjs/react-dom.development.js:15057:9)
      at commitLayoutEffectOnFiber (node_modules/.pnpm/react-dom@18.3.1_react@18.3.1/node_modules/react-dom/cjs/react-dom.development.js:23430:13)
      at commitLayoutMountEffects_complete (node_modules/.pnpm/react-dom@18.3.1_react@18.3.1/node_modules/react-dom/cjs/react-dom.development.js:24727:9)
      at commitLayoutEffects_begin (node_modules/.pnpm/react-dom@18.3.1_react@18.3.1/node_modules/react-dom/cjs/react-dom.development.js:24713:7)
      at commitLayoutEffects (node_modules/.pnpm/react-dom@18.3.1_react@18.3.1/node_modules/react-dom/cjs/react-dom.development.js:24651:3)
      at commitRootImpl (node_modules/.pnpm/react-dom@18.3.1_react@18.3.1/node_modules/react-dom/cjs/react-dom.development.js:26862:5)
      at commitRoot (node_modules/.pnpm/react-dom@18.3.1_react@18.3.1/node_modules/react-dom/cjs/react-dom.development.js:26721:5)
      at performSyncWorkOnRoot (node_modules/.pnpm/react-dom@18.3.1_react@18.3.1/node_modules/react-dom/cjs/react-dom.development.js:26156:3)
      at flushSyncCallbacks (node_modules/.pnpm/react-dom@18.3.1_react@18.3.1/node_modules/react-dom/cjs/react-dom.development.js:12042:22)
      at commitRootImpl (node_modules/.pnpm/react-dom@18.3.1_react@18.3.1/node_modules/react-dom/cjs/react-dom.development.js:26998:3)
      at commitRoot (node_modules/.pnpm/react-dom@18.3.1_react@18.3.1/node_modules/react-dom/cjs/react-dom.development.js:26721:5)
      at finishConcurrentRender (node_modules/.pnpm/react-dom@18.3.1_react@18.3.1/node_modules/react-dom/cjs/react-dom.development.js:26020:9)
      at performConcurrentWorkOnRoot (node_modules/.pnpm/react-dom@18.3.1_react@18.3.1/node_modules/react-dom/cjs/react-dom.development.js:25848:7)
      at flushActQueue (node_modules/.pnpm/react@18.3.1/node_modules/react/cjs/react.development.js:2667:24)
      at act (node_modules/.pnpm/react@18.3.1/node_modules/react/cjs/react.development.js:2582:11)
      at node_modules/.pnpm/@testing-library+react@16.3.0_@testing-library+dom@10.4.0_@types+react-dom@18.3.7_@type_efee5276f61270375aed4c032a71d5e5/node_modules/@testing-library/react/dist/act-compat.js:47:25
      at renderRoot (node_modules/.pnpm/@testing-library+react@16.3.0_@testing-library+dom@10.4.0_@types+react-dom@18.3.7_@type_efee5276f61270375aed4c032a71d5e5/node_modules/@testing-library/react/dist/pure.js:190:26)
      at render (node_modules/.pnpm/@testing-library+react@16.3.0_@testing-library+dom@10.4.0_@types+react-dom@18.3.7_@type_efee5276f61270375aed4c032a71d5e5/node_modules/@testing-library/react/dist/pure.js:292:10)
      at Object.<anonymous> (src/components/admin/export/__tests__/ExportButton.test.tsx:105:11)

    console.error
      Error: Uncaught [TypeError: _analyticsexportservice.analyticsExportService.getAllTemplates is not a function]
          at Object.<anonymous> (src/components/admin/export/__tests__/ExportButton.test.tsx:129:11)
          at new Promise (<anonymous>) {
        detail: TypeError: _analyticsexportservice.analyticsExportService.getAllTemplates is not a function
            at getAllTemplates (/Users/invoture/dev.local/hey-peter/src/components/admin/export/ExportDialog.tsx:83:55)
            at commitHookEffectListMount (/Users/invoture/dev.local/hey-peter/node_modules/.pnpm/react-dom@18.3.1_react@18.3.1/node_modules/react-dom/cjs/react-dom.development.js:23189:26)
            at commitPassiveMountOnFiber (/Users/invoture/dev.local/hey-peter/node_modules/.pnpm/react-dom@18.3.1_react@18.3.1/node_modules/react-dom/cjs/react-dom.development.js:24970:11)
            at commitPassiveMountEffects_complete (/Users/invoture/dev.local/hey-peter/node_modules/.pnpm/react-dom@18.3.1_react@18.3.1/node_modules/react-dom/cjs/react-dom.development.js:24930:9)
            at commitPassiveMountEffects_begin (/Users/invoture/dev.local/hey-peter/node_modules/.pnpm/react-dom@18.3.1_react@18.3.1/node_modules/react-dom/cjs/react-dom.development.js:24917:7)
            at commitPassiveMountEffects (/Users/invoture/dev.local/hey-peter/node_modules/.pnpm/react-dom@18.3.1_react@18.3.1/node_modules/react-dom/cjs/react-dom.development.js:24905:3)
            at flushPassiveEffectsImpl (/Users/invoture/dev.local/hey-peter/node_modules/.pnpm/react-dom@18.3.1_react@18.3.1/node_modules/react-dom/cjs/react-dom.development.js:27078:3)
            at flushPassiveEffects (/Users/invoture/dev.local/hey-peter/node_modules/.pnpm/react-dom@18.3.1_react@18.3.1/node_modules/react-dom/cjs/react-dom.development.js:27023:14)
            at performSyncWorkOnRoot (/Users/invoture/dev.local/hey-peter/node_modules/.pnpm/react-dom@18.3.1_react@18.3.1/node_modules/react-dom/cjs/react-dom.development.js:26115:3)
            at flushSyncCallbacks (/Users/invoture/dev.local/hey-peter/node_modules/.pnpm/react-dom@18.3.1_react@18.3.1/node_modules/react-dom/cjs/react-dom.development.js:12042:22)
            at commitRootImpl (/Users/invoture/dev.local/hey-peter/node_modules/.pnpm/react-dom@18.3.1_react@18.3.1/node_modules/react-dom/cjs/react-dom.development.js:26998:3)
            at commitRoot (/Users/invoture/dev.local/hey-peter/node_modules/.pnpm/react-dom@18.3.1_react@18.3.1/node_modules/react-dom/cjs/react-dom.development.js:26721:5)
            at finishConcurrentRender (/Users/invoture/dev.local/hey-peter/node_modules/.pnpm/react-dom@18.3.1_react@18.3.1/node_modules/react-dom/cjs/react-dom.development.js:26020:9)
            at performConcurrentWorkOnRoot (/Users/invoture/dev.local/hey-peter/node_modules/.pnpm/react-dom@18.3.1_react@18.3.1/node_modules/react-dom/cjs/react-dom.development.js:25848:7)
            at flushActQueue (/Users/invoture/dev.local/hey-peter/node_modules/.pnpm/react@18.3.1/node_modules/react/cjs/react.development.js:2667:24)
            at act (/Users/invoture/dev.local/hey-peter/node_modules/.pnpm/react@18.3.1/node_modules/react/cjs/react.development.js:2582:11)
            at /Users/invoture/dev.local/hey-peter/node_modules/.pnpm/@testing-library+react@16.3.0_@testing-library+dom@10.4.0_@types+react-dom@18.3.7_@type_efee5276f61270375aed4c032a71d5e5/node_modules/@testing-library/react/dist/act-compat.js:47:25
            at renderRoot (/Users/invoture/dev.local/hey-peter/node_modules/.pnpm/@testing-library+react@16.3.0_@testing-library+dom@10.4.0_@types+react-dom@18.3.7_@type_efee5276f61270375aed4c032a71d5e5/node_modules/@testing-library/react/dist/pure.js:190:26)
            at render (/Users/invoture/dev.local/hey-peter/node_modules/.pnpm/@testing-library+react@16.3.0_@testing-library+dom@10.4.0_@types+react-dom@18.3.7_@type_efee5276f61270375aed4c032a71d5e5/node_modules/@testing-library/react/dist/pure.js:292:10)
            at Object.<anonymous> (/Users/invoture/dev.local/hey-peter/src/components/admin/export/__tests__/ExportButton.test.tsx:129:11)
            at Promise.finally.completed (/Users/invoture/dev.local/hey-peter/node_modules/.pnpm/jest-circus@30.0.2/node_modules/jest-circus/build/jestAdapterInit.js:1559:28)
            at new Promise (<anonymous>)
            at callAsyncCircusFn (/Users/invoture/dev.local/hey-peter/node_modules/.pnpm/jest-circus@30.0.2/node_modules/jest-circus/build/jestAdapterInit.js:1499:10)
            at _callCircusTest (/Users/invoture/dev.local/hey-peter/node_modules/.pnpm/jest-circus@30.0.2/node_modules/jest-circus/build/jestAdapterInit.js:1009:40)
            at processTicksAndRejections (node:internal/process/task_queues:95:5)
            at _runTest (/Users/invoture/dev.local/hey-peter/node_modules/.pnpm/jest-circus@30.0.2/node_modules/jest-circus/build/jestAdapterInit.js:949:3)
            at _runTestsForDescribeBlock (/Users/invoture/dev.local/hey-peter/node_modules/.pnpm/jest-circus@30.0.2/node_modules/jest-circus/build/jestAdapterInit.js:839:13)
            at _runTestsForDescribeBlock (/Users/invoture/dev.local/hey-peter/node_modules/.pnpm/jest-circus@30.0.2/node_modules/jest-circus/build/jestAdapterInit.js:829:11)
            at run (/Users/invoture/dev.local/hey-peter/node_modules/.pnpm/jest-circus@30.0.2/node_modules/jest-circus/build/jestAdapterInit.js:757:3)
            at runAndTransformResultsToJestFormat (/Users/invoture/dev.local/hey-peter/node_modules/.pnpm/jest-circus@30.0.2/node_modules/jest-circus/build/jestAdapterInit.js:1920:21)
            at jestAdapter (/Users/invoture/dev.local/hey-peter/node_modules/.pnpm/jest-circus@30.0.2/node_modules/jest-circus/build/runner.js:101:19)
            at runTestInternal (/Users/invoture/dev.local/hey-peter/node_modules/.pnpm/jest-runner@30.0.2/node_modules/jest-runner/build/testWorker.js:272:16)
            at runTest (/Users/invoture/dev.local/hey-peter/node_modules/.pnpm/jest-runner@30.0.2/node_modules/jest-runner/build/testWorker.js:340:7)
            at Object.worker (/Users/invoture/dev.local/hey-peter/node_modules/.pnpm/jest-runner@30.0.2/node_modules/jest-runner/build/testWorker.js:494:12),
        type: 'unhandled exception'
      }

      127 |     (analyticsExportService.exportData as jest.Mock) = mockExportData;
      128 |
    > 129 |     render(
          |           ^
      130 |       <ExportButton 
      131 |         data={mockData} 
      132 |         showDropdown={false}

      at VirtualConsole.<anonymous> (node_modules/.pnpm/@jest+environment-jsdom-abstract@30.0.4_jsdom@26.1.0/node_modules/@jest/environment-jsdom-abstract/build/index.js:78:23)
      at reportException (node_modules/.pnpm/jsdom@26.1.0/node_modules/jsdom/lib/jsdom/living/helpers/runtime-script-errors.js:70:28)
      at innerInvokeEventListeners (node_modules/.pnpm/jsdom@26.1.0/node_modules/jsdom/lib/jsdom/living/events/EventTarget-impl.js:353:9)
      at invokeEventListeners (node_modules/.pnpm/jsdom@26.1.0/node_modules/jsdom/lib/jsdom/living/events/EventTarget-impl.js:286:3)
      at HTMLUnknownElementImpl._dispatch (node_modules/.pnpm/jsdom@26.1.0/node_modules/jsdom/lib/jsdom/living/events/EventTarget-impl.js:233:9)
      at HTMLUnknownElementImpl.dispatchEvent (node_modules/.pnpm/jsdom@26.1.0/node_modules/jsdom/lib/jsdom/living/events/EventTarget-impl.js:104:17)
      at HTMLUnknownElement.dispatchEvent (node_modules/.pnpm/jsdom@26.1.0/node_modules/jsdom/lib/jsdom/living/generated/EventTarget.js:241:34)
      at Object.invokeGuardedCallbackDev (node_modules/.pnpm/react-dom@18.3.1_react@18.3.1/node_modules/react-dom/cjs/react-dom.development.js:4213:16)
      at invokeGuardedCallback (node_modules/.pnpm/react-dom@18.3.1_react@18.3.1/node_modules/react-dom/cjs/react-dom.development.js:4277:31)
      at reportUncaughtErrorInDEV (node_modules/.pnpm/react-dom@18.3.1_react@18.3.1/node_modules/react-dom/cjs/react-dom.development.js:22877:5)
      at captureCommitPhaseError (node_modules/.pnpm/react-dom@18.3.1_react@18.3.1/node_modules/react-dom/cjs/react-dom.development.js:27165:5)
      at commitPassiveMountEffects_complete (node_modules/.pnpm/react-dom@18.3.1_react@18.3.1/node_modules/react-dom/cjs/react-dom.development.js:24932:9)
      at commitPassiveMountEffects_begin (node_modules/.pnpm/react-dom@18.3.1_react@18.3.1/node_modules/react-dom/cjs/react-dom.development.js:24917:7)
      at commitPassiveMountEffects (node_modules/.pnpm/react-dom@18.3.1_react@18.3.1/node_modules/react-dom/cjs/react-dom.development.js:24905:3)
      at flushPassiveEffectsImpl (node_modules/.pnpm/react-dom@18.3.1_react@18.3.1/node_modules/react-dom/cjs/react-dom.development.js:27078:3)
      at flushPassiveEffects (node_modules/.pnpm/react-dom@18.3.1_react@18.3.1/node_modules/react-dom/cjs/react-dom.development.js:27023:14)
      at performSyncWorkOnRoot (node_modules/.pnpm/react-dom@18.3.1_react@18.3.1/node_modules/react-dom/cjs/react-dom.development.js:26115:3)
      at flushSyncCallbacks (node_modules/.pnpm/react-dom@18.3.1_react@18.3.1/node_modules/react-dom/cjs/react-dom.development.js:12042:22)
      at commitRootImpl (node_modules/.pnpm/react-dom@18.3.1_react@18.3.1/node_modules/react-dom/cjs/react-dom.development.js:26998:3)
      at commitRoot (node_modules/.pnpm/react-dom@18.3.1_react@18.3.1/node_modules/react-dom/cjs/react-dom.development.js:26721:5)
      at finishConcurrentRender (node_modules/.pnpm/react-dom@18.3.1_react@18.3.1/node_modules/react-dom/cjs/react-dom.development.js:26020:9)
      at performConcurrentWorkOnRoot (node_modules/.pnpm/react-dom@18.3.1_react@18.3.1/node_modules/react-dom/cjs/react-dom.development.js:25848:7)
      at flushActQueue (node_modules/.pnpm/react@18.3.1/node_modules/react/cjs/react.development.js:2667:24)
      at act (node_modules/.pnpm/react@18.3.1/node_modules/react/cjs/react.development.js:2582:11)
      at node_modules/.pnpm/@testing-library+react@16.3.0_@testing-library+dom@10.4.0_@types+react-dom@18.3.7_@type_efee5276f61270375aed4c032a71d5e5/node_modules/@testing-library/react/dist/act-compat.js:47:25
      at renderRoot (node_modules/.pnpm/@testing-library+react@16.3.0_@testing-library+dom@10.4.0_@types+react-dom@18.3.7_@type_efee5276f61270375aed4c032a71d5e5/node_modules/@testing-library/react/dist/pure.js:190:26)
      at render (node_modules/.pnpm/@testing-library+react@16.3.0_@testing-library+dom@10.4.0_@types+react-dom@18.3.7_@type_efee5276f61270375aed4c032a71d5e5/node_modules/@testing-library/react/dist/pure.js:292:10)
      at Object.<anonymous> (src/components/admin/export/__tests__/ExportButton.test.tsx:129:11)

    console.error
      The above error occurred in the <ExportDialog> component:
      
          at isOpen (/Users/invoture/dev.local/hey-peter/src/components/admin/export/ExportDialog.tsx:58:3)
          at data (/Users/invoture/dev.local/hey-peter/src/components/admin/export/ExportButton.tsx:45:3)
      
      Consider adding an error boundary to your tree to customize error handling behavior.
      Visit https://reactjs.org/link/error-boundaries to learn more about error boundaries.

      127 |     (analyticsExportService.exportData as jest.Mock) = mockExportData;
      128 |
    > 129 |     render(
          |           ^
      130 |       <ExportButton 
      131 |         data={mockData} 
      132 |         showDropdown={false}

      at logCapturedError (node_modules/.pnpm/react-dom@18.3.1_react@18.3.1/node_modules/react-dom/cjs/react-dom.development.js:18704:23)
      at update.callback (node_modules/.pnpm/react-dom@18.3.1_react@18.3.1/node_modules/react-dom/cjs/react-dom.development.js:18737:5)
      at callCallback (node_modules/.pnpm/react-dom@18.3.1_react@18.3.1/node_modules/react-dom/cjs/react-dom.development.js:15036:12)
      at commitUpdateQueue (node_modules/.pnpm/react-dom@18.3.1_react@18.3.1/node_modules/react-dom/cjs/react-dom.development.js:15057:9)
      at commitLayoutEffectOnFiber (node_modules/.pnpm/react-dom@18.3.1_react@18.3.1/node_modules/react-dom/cjs/react-dom.development.js:23430:13)
      at commitLayoutMountEffects_complete (node_modules/.pnpm/react-dom@18.3.1_react@18.3.1/node_modules/react-dom/cjs/react-dom.development.js:24727:9)
      at commitLayoutEffects_begin (node_modules/.pnpm/react-dom@18.3.1_react@18.3.1/node_modules/react-dom/cjs/react-dom.development.js:24713:7)
      at commitLayoutEffects (node_modules/.pnpm/react-dom@18.3.1_react@18.3.1/node_modules/react-dom/cjs/react-dom.development.js:24651:3)
      at commitRootImpl (node_modules/.pnpm/react-dom@18.3.1_react@18.3.1/node_modules/react-dom/cjs/react-dom.development.js:26862:5)
      at commitRoot (node_modules/.pnpm/react-dom@18.3.1_react@18.3.1/node_modules/react-dom/cjs/react-dom.development.js:26721:5)
      at performSyncWorkOnRoot (node_modules/.pnpm/react-dom@18.3.1_react@18.3.1/node_modules/react-dom/cjs/react-dom.development.js:26156:3)
      at flushSyncCallbacks (node_modules/.pnpm/react-dom@18.3.1_react@18.3.1/node_modules/react-dom/cjs/react-dom.development.js:12042:22)
      at commitRootImpl (node_modules/.pnpm/react-dom@18.3.1_react@18.3.1/node_modules/react-dom/cjs/react-dom.development.js:26998:3)
      at commitRoot (node_modules/.pnpm/react-dom@18.3.1_react@18.3.1/node_modules/react-dom/cjs/react-dom.development.js:26721:5)
      at finishConcurrentRender (node_modules/.pnpm/react-dom@18.3.1_react@18.3.1/node_modules/react-dom/cjs/react-dom.development.js:26020:9)
      at performConcurrentWorkOnRoot (node_modules/.pnpm/react-dom@18.3.1_react@18.3.1/node_modules/react-dom/cjs/react-dom.development.js:25848:7)
      at flushActQueue (node_modules/.pnpm/react@18.3.1/node_modules/react/cjs/react.development.js:2667:24)
      at act (node_modules/.pnpm/react@18.3.1/node_modules/react/cjs/react.development.js:2582:11)
      at node_modules/.pnpm/@testing-library+react@16.3.0_@testing-library+dom@10.4.0_@types+react-dom@18.3.7_@type_efee5276f61270375aed4c032a71d5e5/node_modules/@testing-library/react/dist/act-compat.js:47:25
      at renderRoot (node_modules/.pnpm/@testing-library+react@16.3.0_@testing-library+dom@10.4.0_@types+react-dom@18.3.7_@type_efee5276f61270375aed4c032a71d5e5/node_modules/@testing-library/react/dist/pure.js:190:26)
      at render (node_modules/.pnpm/@testing-library+react@16.3.0_@testing-library+dom@10.4.0_@types+react-dom@18.3.7_@type_efee5276f61270375aed4c032a71d5e5/node_modules/@testing-library/react/dist/pure.js:292:10)
      at Object.<anonymous> (src/components/admin/export/__tests__/ExportButton.test.tsx:129:11)

    console.error
      Error: Uncaught [TypeError: _analyticsexportservice.analyticsExportService.getAllTemplates is not a function]
          at Object.<anonymous> (src/components/admin/export/__tests__/ExportButton.test.tsx:152:11)
          at new Promise (<anonymous>) {
        detail: TypeError: _analyticsexportservice.analyticsExportService.getAllTemplates is not a function
            at getAllTemplates (/Users/invoture/dev.local/hey-peter/src/components/admin/export/ExportDialog.tsx:83:55)
            at commitHookEffectListMount (/Users/invoture/dev.local/hey-peter/node_modules/.pnpm/react-dom@18.3.1_react@18.3.1/node_modules/react-dom/cjs/react-dom.development.js:23189:26)
            at commitPassiveMountOnFiber (/Users/invoture/dev.local/hey-peter/node_modules/.pnpm/react-dom@18.3.1_react@18.3.1/node_modules/react-dom/cjs/react-dom.development.js:24970:11)
            at commitPassiveMountEffects_complete (/Users/invoture/dev.local/hey-peter/node_modules/.pnpm/react-dom@18.3.1_react@18.3.1/node_modules/react-dom/cjs/react-dom.development.js:24930:9)
            at commitPassiveMountEffects_begin (/Users/invoture/dev.local/hey-peter/node_modules/.pnpm/react-dom@18.3.1_react@18.3.1/node_modules/react-dom/cjs/react-dom.development.js:24917:7)
            at commitPassiveMountEffects (/Users/invoture/dev.local/hey-peter/node_modules/.pnpm/react-dom@18.3.1_react@18.3.1/node_modules/react-dom/cjs/react-dom.development.js:24905:3)
            at flushPassiveEffectsImpl (/Users/invoture/dev.local/hey-peter/node_modules/.pnpm/react-dom@18.3.1_react@18.3.1/node_modules/react-dom/cjs/react-dom.development.js:27078:3)
            at flushPassiveEffects (/Users/invoture/dev.local/hey-peter/node_modules/.pnpm/react-dom@18.3.1_react@18.3.1/node_modules/react-dom/cjs/react-dom.development.js:27023:14)
            at performSyncWorkOnRoot (/Users/invoture/dev.local/hey-peter/node_modules/.pnpm/react-dom@18.3.1_react@18.3.1/node_modules/react-dom/cjs/react-dom.development.js:26115:3)
            at flushSyncCallbacks (/Users/invoture/dev.local/hey-peter/node_modules/.pnpm/react-dom@18.3.1_react@18.3.1/node_modules/react-dom/cjs/react-dom.development.js:12042:22)
            at commitRootImpl (/Users/invoture/dev.local/hey-peter/node_modules/.pnpm/react-dom@18.3.1_react@18.3.1/node_modules/react-dom/cjs/react-dom.development.js:26998:3)
            at commitRoot (/Users/invoture/dev.local/hey-peter/node_modules/.pnpm/react-dom@18.3.1_react@18.3.1/node_modules/react-dom/cjs/react-dom.development.js:26721:5)
            at finishConcurrentRender (/Users/invoture/dev.local/hey-peter/node_modules/.pnpm/react-dom@18.3.1_react@18.3.1/node_modules/react-dom/cjs/react-dom.development.js:26020:9)
            at performConcurrentWorkOnRoot (/Users/invoture/dev.local/hey-peter/node_modules/.pnpm/react-dom@18.3.1_react@18.3.1/node_modules/react-dom/cjs/react-dom.development.js:25848:7)
            at flushActQueue (/Users/invoture/dev.local/hey-peter/node_modules/.pnpm/react@18.3.1/node_modules/react/cjs/react.development.js:2667:24)
            at act (/Users/invoture/dev.local/hey-peter/node_modules/.pnpm/react@18.3.1/node_modules/react/cjs/react.development.js:2582:11)
            at /Users/invoture/dev.local/hey-peter/node_modules/.pnpm/@testing-library+react@16.3.0_@testing-library+dom@10.4.0_@types+react-dom@18.3.7_@type_efee5276f61270375aed4c032a71d5e5/node_modules/@testing-library/react/dist/act-compat.js:47:25
            at renderRoot (/Users/invoture/dev.local/hey-peter/node_modules/.pnpm/@testing-library+react@16.3.0_@testing-library+dom@10.4.0_@types+react-dom@18.3.7_@type_efee5276f61270375aed4c032a71d5e5/node_modules/@testing-library/react/dist/pure.js:190:26)
            at render (/Users/invoture/dev.local/hey-peter/node_modules/.pnpm/@testing-library+react@16.3.0_@testing-library+dom@10.4.0_@types+react-dom@18.3.7_@type_efee5276f61270375aed4c032a71d5e5/node_modules/@testing-library/react/dist/pure.js:292:10)
            at Object.<anonymous> (/Users/invoture/dev.local/hey-peter/src/components/admin/export/__tests__/ExportButton.test.tsx:152:11)
            at Promise.finally.completed (/Users/invoture/dev.local/hey-peter/node_modules/.pnpm/jest-circus@30.0.2/node_modules/jest-circus/build/jestAdapterInit.js:1559:28)
            at new Promise (<anonymous>)
            at callAsyncCircusFn (/Users/invoture/dev.local/hey-peter/node_modules/.pnpm/jest-circus@30.0.2/node_modules/jest-circus/build/jestAdapterInit.js:1499:10)
            at _callCircusTest (/Users/invoture/dev.local/hey-peter/node_modules/.pnpm/jest-circus@30.0.2/node_modules/jest-circus/build/jestAdapterInit.js:1009:40)
            at processTicksAndRejections (node:internal/process/task_queues:95:5)
            at _runTest (/Users/invoture/dev.local/hey-peter/node_modules/.pnpm/jest-circus@30.0.2/node_modules/jest-circus/build/jestAdapterInit.js:949:3)
            at _runTestsForDescribeBlock (/Users/invoture/dev.local/hey-peter/node_modules/.pnpm/jest-circus@30.0.2/node_modules/jest-circus/build/jestAdapterInit.js:839:13)
            at _runTestsForDescribeBlock (/Users/invoture/dev.local/hey-peter/node_modules/.pnpm/jest-circus@30.0.2/node_modules/jest-circus/build/jestAdapterInit.js:829:11)
            at run (/Users/invoture/dev.local/hey-peter/node_modules/.pnpm/jest-circus@30.0.2/node_modules/jest-circus/build/jestAdapterInit.js:757:3)
            at runAndTransformResultsToJestFormat (/Users/invoture/dev.local/hey-peter/node_modules/.pnpm/jest-circus@30.0.2/node_modules/jest-circus/build/jestAdapterInit.js:1920:21)
            at jestAdapter (/Users/invoture/dev.local/hey-peter/node_modules/.pnpm/jest-circus@30.0.2/node_modules/jest-circus/build/runner.js:101:19)
            at runTestInternal (/Users/invoture/dev.local/hey-peter/node_modules/.pnpm/jest-runner@30.0.2/node_modules/jest-runner/build/testWorker.js:272:16)
            at runTest (/Users/invoture/dev.local/hey-peter/node_modules/.pnpm/jest-runner@30.0.2/node_modules/jest-runner/build/testWorker.js:340:7)
            at Object.worker (/Users/invoture/dev.local/hey-peter/node_modules/.pnpm/jest-runner@30.0.2/node_modules/jest-runner/build/testWorker.js:494:12),
        type: 'unhandled exception'
      }

      150 |     (analyticsExportService.exportData as jest.Mock) = mockExportData;
      151 |
    > 152 |     render(
          |           ^
      153 |       <ExportButton 
      154 |         data={mockData} 
      155 |         title="Custom Report"

      at VirtualConsole.<anonymous> (node_modules/.pnpm/@jest+environment-jsdom-abstract@30.0.4_jsdom@26.1.0/node_modules/@jest/environment-jsdom-abstract/build/index.js:78:23)
      at reportException (node_modules/.pnpm/jsdom@26.1.0/node_modules/jsdom/lib/jsdom/living/helpers/runtime-script-errors.js:70:28)
      at innerInvokeEventListeners (node_modules/.pnpm/jsdom@26.1.0/node_modules/jsdom/lib/jsdom/living/events/EventTarget-impl.js:353:9)
      at invokeEventListeners (node_modules/.pnpm/jsdom@26.1.0/node_modules/jsdom/lib/jsdom/living/events/EventTarget-impl.js:286:3)
      at HTMLUnknownElementImpl._dispatch (node_modules/.pnpm/jsdom@26.1.0/node_modules/jsdom/lib/jsdom/living/events/EventTarget-impl.js:233:9)
      at HTMLUnknownElementImpl.dispatchEvent (node_modules/.pnpm/jsdom@26.1.0/node_modules/jsdom/lib/jsdom/living/events/EventTarget-impl.js:104:17)
      at HTMLUnknownElement.dispatchEvent (node_modules/.pnpm/jsdom@26.1.0/node_modules/jsdom/lib/jsdom/living/generated/EventTarget.js:241:34)
      at Object.invokeGuardedCallbackDev (node_modules/.pnpm/react-dom@18.3.1_react@18.3.1/node_modules/react-dom/cjs/react-dom.development.js:4213:16)
      at invokeGuardedCallback (node_modules/.pnpm/react-dom@18.3.1_react@18.3.1/node_modules/react-dom/cjs/react-dom.development.js:4277:31)
      at reportUncaughtErrorInDEV (node_modules/.pnpm/react-dom@18.3.1_react@18.3.1/node_modules/react-dom/cjs/react-dom.development.js:22877:5)
      at captureCommitPhaseError (node_modules/.pnpm/react-dom@18.3.1_react@18.3.1/node_modules/react-dom/cjs/react-dom.development.js:27165:5)
      at commitPassiveMountEffects_complete (node_modules/.pnpm/react-dom@18.3.1_react@18.3.1/node_modules/react-dom/cjs/react-dom.development.js:24932:9)
      at commitPassiveMountEffects_begin (node_modules/.pnpm/react-dom@18.3.1_react@18.3.1/node_modules/react-dom/cjs/react-dom.development.js:24917:7)
      at commitPassiveMountEffects (node_modules/.pnpm/react-dom@18.3.1_react@18.3.1/node_modules/react-dom/cjs/react-dom.development.js:24905:3)
      at flushPassiveEffectsImpl (node_modules/.pnpm/react-dom@18.3.1_react@18.3.1/node_modules/react-dom/cjs/react-dom.development.js:27078:3)
      at flushPassiveEffects (node_modules/.pnpm/react-dom@18.3.1_react@18.3.1/node_modules/react-dom/cjs/react-dom.development.js:27023:14)
      at performSyncWorkOnRoot (node_modules/.pnpm/react-dom@18.3.1_react@18.3.1/node_modules/react-dom/cjs/react-dom.development.js:26115:3)
      at flushSyncCallbacks (node_modules/.pnpm/react-dom@18.3.1_react@18.3.1/node_modules/react-dom/cjs/react-dom.development.js:12042:22)
      at commitRootImpl (node_modules/.pnpm/react-dom@18.3.1_react@18.3.1/node_modules/react-dom/cjs/react-dom.development.js:26998:3)
      at commitRoot (node_modules/.pnpm/react-dom@18.3.1_react@18.3.1/node_modules/react-dom/cjs/react-dom.development.js:26721:5)
      at finishConcurrentRender (node_modules/.pnpm/react-dom@18.3.1_react@18.3.1/node_modules/react-dom/cjs/react-dom.development.js:26020:9)
      at performConcurrentWorkOnRoot (node_modules/.pnpm/react-dom@18.3.1_react@18.3.1/node_modules/react-dom/cjs/react-dom.development.js:25848:7)
      at flushActQueue (node_modules/.pnpm/react@18.3.1/node_modules/react/cjs/react.development.js:2667:24)
      at act (node_modules/.pnpm/react@18.3.1/node_modules/react/cjs/react.development.js:2582:11)
      at node_modules/.pnpm/@testing-library+react@16.3.0_@testing-library+dom@10.4.0_@types+react-dom@18.3.7_@type_efee5276f61270375aed4c032a71d5e5/node_modules/@testing-library/react/dist/act-compat.js:47:25
      at renderRoot (node_modules/.pnpm/@testing-library+react@16.3.0_@testing-library+dom@10.4.0_@types+react-dom@18.3.7_@type_efee5276f61270375aed4c032a71d5e5/node_modules/@testing-library/react/dist/pure.js:190:26)
      at render (node_modules/.pnpm/@testing-library+react@16.3.0_@testing-library+dom@10.4.0_@types+react-dom@18.3.7_@type_efee5276f61270375aed4c032a71d5e5/node_modules/@testing-library/react/dist/pure.js:292:10)
      at Object.<anonymous> (src/components/admin/export/__tests__/ExportButton.test.tsx:152:11)

    console.error
      The above error occurred in the <ExportDialog> component:
      
          at isOpen (/Users/invoture/dev.local/hey-peter/src/components/admin/export/ExportDialog.tsx:58:3)
          at data (/Users/invoture/dev.local/hey-peter/src/components/admin/export/ExportButton.tsx:45:3)
      
      Consider adding an error boundary to your tree to customize error handling behavior.
      Visit https://reactjs.org/link/error-boundaries to learn more about error boundaries.

      150 |     (analyticsExportService.exportData as jest.Mock) = mockExportData;
      151 |
    > 152 |     render(
          |           ^
      153 |       <ExportButton 
      154 |         data={mockData} 
      155 |         title="Custom Report"

      at logCapturedError (node_modules/.pnpm/react-dom@18.3.1_react@18.3.1/node_modules/react-dom/cjs/react-dom.development.js:18704:23)
      at update.callback (node_modules/.pnpm/react-dom@18.3.1_react@18.3.1/node_modules/react-dom/cjs/react-dom.development.js:18737:5)
      at callCallback (node_modules/.pnpm/react-dom@18.3.1_react@18.3.1/node_modules/react-dom/cjs/react-dom.development.js:15036:12)
      at commitUpdateQueue (node_modules/.pnpm/react-dom@18.3.1_react@18.3.1/node_modules/react-dom/cjs/react-dom.development.js:15057:9)
      at commitLayoutEffectOnFiber (node_modules/.pnpm/react-dom@18.3.1_react@18.3.1/node_modules/react-dom/cjs/react-dom.development.js:23430:13)
      at commitLayoutMountEffects_complete (node_modules/.pnpm/react-dom@18.3.1_react@18.3.1/node_modules/react-dom/cjs/react-dom.development.js:24727:9)
      at commitLayoutEffects_begin (node_modules/.pnpm/react-dom@18.3.1_react@18.3.1/node_modules/react-dom/cjs/react-dom.development.js:24713:7)
      at commitLayoutEffects (node_modules/.pnpm/react-dom@18.3.1_react@18.3.1/node_modules/react-dom/cjs/react-dom.development.js:24651:3)
      at commitRootImpl (node_modules/.pnpm/react-dom@18.3.1_react@18.3.1/node_modules/react-dom/cjs/react-dom.development.js:26862:5)
      at commitRoot (node_modules/.pnpm/react-dom@18.3.1_react@18.3.1/node_modules/react-dom/cjs/react-dom.development.js:26721:5)
      at performSyncWorkOnRoot (node_modules/.pnpm/react-dom@18.3.1_react@18.3.1/node_modules/react-dom/cjs/react-dom.development.js:26156:3)
      at flushSyncCallbacks (node_modules/.pnpm/react-dom@18.3.1_react@18.3.1/node_modules/react-dom/cjs/react-dom.development.js:12042:22)
      at commitRootImpl (node_modules/.pnpm/react-dom@18.3.1_react@18.3.1/node_modules/react-dom/cjs/react-dom.development.js:26998:3)
      at commitRoot (node_modules/.pnpm/react-dom@18.3.1_react@18.3.1/node_modules/react-dom/cjs/react-dom.development.js:26721:5)
      at finishConcurrentRender (node_modules/.pnpm/react-dom@18.3.1_react@18.3.1/node_modules/react-dom/cjs/react-dom.development.js:26020:9)
      at performConcurrentWorkOnRoot (node_modules/.pnpm/react-dom@18.3.1_react@18.3.1/node_modules/react-dom/cjs/react-dom.development.js:25848:7)
      at flushActQueue (node_modules/.pnpm/react@18.3.1/node_modules/react/cjs/react.development.js:2667:24)
      at act (node_modules/.pnpm/react@18.3.1/node_modules/react/cjs/react.development.js:2582:11)
      at node_modules/.pnpm/@testing-library+react@16.3.0_@testing-library+dom@10.4.0_@types+react-dom@18.3.7_@type_efee5276f61270375aed4c032a71d5e5/node_modules/@testing-library/react/dist/act-compat.js:47:25
      at renderRoot (node_modules/.pnpm/@testing-library+react@16.3.0_@testing-library+dom@10.4.0_@types+react-dom@18.3.7_@type_efee5276f61270375aed4c032a71d5e5/node_modules/@testing-library/react/dist/pure.js:190:26)
      at render (node_modules/.pnpm/@testing-library+react@16.3.0_@testing-library+dom@10.4.0_@types+react-dom@18.3.7_@type_efee5276f61270375aed4c032a71d5e5/node_modules/@testing-library/react/dist/pure.js:292:10)
      at Object.<anonymous> (src/components/admin/export/__tests__/ExportButton.test.tsx:152:11)

    console.error
      Error: Uncaught [TypeError: _analyticsexportservice.analyticsExportService.getAllTemplates is not a function]
          at Object.<anonymous> (src/components/admin/export/__tests__/ExportButton.test.tsx:178:11)
          at new Promise (<anonymous>) {
        detail: TypeError: _analyticsexportservice.analyticsExportService.getAllTemplates is not a function
            at getAllTemplates (/Users/invoture/dev.local/hey-peter/src/components/admin/export/ExportDialog.tsx:83:55)
            at commitHookEffectListMount (/Users/invoture/dev.local/hey-peter/node_modules/.pnpm/react-dom@18.3.1_react@18.3.1/node_modules/react-dom/cjs/react-dom.development.js:23189:26)
            at commitPassiveMountOnFiber (/Users/invoture/dev.local/hey-peter/node_modules/.pnpm/react-dom@18.3.1_react@18.3.1/node_modules/react-dom/cjs/react-dom.development.js:24970:11)
            at commitPassiveMountEffects_complete (/Users/invoture/dev.local/hey-peter/node_modules/.pnpm/react-dom@18.3.1_react@18.3.1/node_modules/react-dom/cjs/react-dom.development.js:24930:9)
            at commitPassiveMountEffects_begin (/Users/invoture/dev.local/hey-peter/node_modules/.pnpm/react-dom@18.3.1_react@18.3.1/node_modules/react-dom/cjs/react-dom.development.js:24917:7)
            at commitPassiveMountEffects (/Users/invoture/dev.local/hey-peter/node_modules/.pnpm/react-dom@18.3.1_react@18.3.1/node_modules/react-dom/cjs/react-dom.development.js:24905:3)
            at flushPassiveEffectsImpl (/Users/invoture/dev.local/hey-peter/node_modules/.pnpm/react-dom@18.3.1_react@18.3.1/node_modules/react-dom/cjs/react-dom.development.js:27078:3)
            at flushPassiveEffects (/Users/invoture/dev.local/hey-peter/node_modules/.pnpm/react-dom@18.3.1_react@18.3.1/node_modules/react-dom/cjs/react-dom.development.js:27023:14)
            at performSyncWorkOnRoot (/Users/invoture/dev.local/hey-peter/node_modules/.pnpm/react-dom@18.3.1_react@18.3.1/node_modules/react-dom/cjs/react-dom.development.js:26115:3)
            at flushSyncCallbacks (/Users/invoture/dev.local/hey-peter/node_modules/.pnpm/react-dom@18.3.1_react@18.3.1/node_modules/react-dom/cjs/react-dom.development.js:12042:22)
            at commitRootImpl (/Users/invoture/dev.local/hey-peter/node_modules/.pnpm/react-dom@18.3.1_react@18.3.1/node_modules/react-dom/cjs/react-dom.development.js:26998:3)
            at commitRoot (/Users/invoture/dev.local/hey-peter/node_modules/.pnpm/react-dom@18.3.1_react@18.3.1/node_modules/react-dom/cjs/react-dom.development.js:26721:5)
            at finishConcurrentRender (/Users/invoture/dev.local/hey-peter/node_modules/.pnpm/react-dom@18.3.1_react@18.3.1/node_modules/react-dom/cjs/react-dom.development.js:26020:9)
            at performConcurrentWorkOnRoot (/Users/invoture/dev.local/hey-peter/node_modules/.pnpm/react-dom@18.3.1_react@18.3.1/node_modules/react-dom/cjs/react-dom.development.js:25848:7)
            at flushActQueue (/Users/invoture/dev.local/hey-peter/node_modules/.pnpm/react@18.3.1/node_modules/react/cjs/react.development.js:2667:24)
            at act (/Users/invoture/dev.local/hey-peter/node_modules/.pnpm/react@18.3.1/node_modules/react/cjs/react.development.js:2582:11)
            at /Users/invoture/dev.local/hey-peter/node_modules/.pnpm/@testing-library+react@16.3.0_@testing-library+dom@10.4.0_@types+react-dom@18.3.7_@type_efee5276f61270375aed4c032a71d5e5/node_modules/@testing-library/react/dist/act-compat.js:47:25
            at renderRoot (/Users/invoture/dev.local/hey-peter/node_modules/.pnpm/@testing-library+react@16.3.0_@testing-library+dom@10.4.0_@types+react-dom@18.3.7_@type_efee5276f61270375aed4c032a71d5e5/node_modules/@testing-library/react/dist/pure.js:190:26)
            at render (/Users/invoture/dev.local/hey-peter/node_modules/.pnpm/@testing-library+react@16.3.0_@testing-library+dom@10.4.0_@types+react-dom@18.3.7_@type_efee5276f61270375aed4c032a71d5e5/node_modules/@testing-library/react/dist/pure.js:292:10)
            at Object.<anonymous> (/Users/invoture/dev.local/hey-peter/src/components/admin/export/__tests__/ExportButton.test.tsx:178:11)
            at Promise.finally.completed (/Users/invoture/dev.local/hey-peter/node_modules/.pnpm/jest-circus@30.0.2/node_modules/jest-circus/build/jestAdapterInit.js:1559:28)
            at new Promise (<anonymous>)
            at callAsyncCircusFn (/Users/invoture/dev.local/hey-peter/node_modules/.pnpm/jest-circus@30.0.2/node_modules/jest-circus/build/jestAdapterInit.js:1499:10)
            at _callCircusTest (/Users/invoture/dev.local/hey-peter/node_modules/.pnpm/jest-circus@30.0.2/node_modules/jest-circus/build/jestAdapterInit.js:1009:40)
            at processTicksAndRejections (node:internal/process/task_queues:95:5)
            at _runTest (/Users/invoture/dev.local/hey-peter/node_modules/.pnpm/jest-circus@30.0.2/node_modules/jest-circus/build/jestAdapterInit.js:949:3)
            at _runTestsForDescribeBlock (/Users/invoture/dev.local/hey-peter/node_modules/.pnpm/jest-circus@30.0.2/node_modules/jest-circus/build/jestAdapterInit.js:839:13)
            at _runTestsForDescribeBlock (/Users/invoture/dev.local/hey-peter/node_modules/.pnpm/jest-circus@30.0.2/node_modules/jest-circus/build/jestAdapterInit.js:829:11)
            at run (/Users/invoture/dev.local/hey-peter/node_modules/.pnpm/jest-circus@30.0.2/node_modules/jest-circus/build/jestAdapterInit.js:757:3)
            at runAndTransformResultsToJestFormat (/Users/invoture/dev.local/hey-peter/node_modules/.pnpm/jest-circus@30.0.2/node_modules/jest-circus/build/jestAdapterInit.js:1920:21)
            at jestAdapter (/Users/invoture/dev.local/hey-peter/node_modules/.pnpm/jest-circus@30.0.2/node_modules/jest-circus/build/runner.js:101:19)
            at runTestInternal (/Users/invoture/dev.local/hey-peter/node_modules/.pnpm/jest-runner@30.0.2/node_modules/jest-runner/build/testWorker.js:272:16)
            at runTest (/Users/invoture/dev.local/hey-peter/node_modules/.pnpm/jest-runner@30.0.2/node_modules/jest-runner/build/testWorker.js:340:7)
            at Object.worker (/Users/invoture/dev.local/hey-peter/node_modules/.pnpm/jest-runner@30.0.2/node_modules/jest-runner/build/testWorker.js:494:12),
        type: 'unhandled exception'
      }

      176 |
      177 |   it('renders dropdown menu when showDropdown is true', () => {
    > 178 |     render(<ExportButton data={mockData} showDropdown={true} />);
          |           ^
      179 |     
      180 |     // The dropdown should be present (mocked implementation)
      181 |     expect(screen.getByText('Export')).toBeInTheDocument();

      at VirtualConsole.<anonymous> (node_modules/.pnpm/@jest+environment-jsdom-abstract@30.0.4_jsdom@26.1.0/node_modules/@jest/environment-jsdom-abstract/build/index.js:78:23)
      at reportException (node_modules/.pnpm/jsdom@26.1.0/node_modules/jsdom/lib/jsdom/living/helpers/runtime-script-errors.js:70:28)
      at innerInvokeEventListeners (node_modules/.pnpm/jsdom@26.1.0/node_modules/jsdom/lib/jsdom/living/events/EventTarget-impl.js:353:9)
      at invokeEventListeners (node_modules/.pnpm/jsdom@26.1.0/node_modules/jsdom/lib/jsdom/living/events/EventTarget-impl.js:286:3)
      at HTMLUnknownElementImpl._dispatch (node_modules/.pnpm/jsdom@26.1.0/node_modules/jsdom/lib/jsdom/living/events/EventTarget-impl.js:233:9)
      at HTMLUnknownElementImpl.dispatchEvent (node_modules/.pnpm/jsdom@26.1.0/node_modules/jsdom/lib/jsdom/living/events/EventTarget-impl.js:104:17)
      at HTMLUnknownElement.dispatchEvent (node_modules/.pnpm/jsdom@26.1.0/node_modules/jsdom/lib/jsdom/living/generated/EventTarget.js:241:34)
      at Object.invokeGuardedCallbackDev (node_modules/.pnpm/react-dom@18.3.1_react@18.3.1/node_modules/react-dom/cjs/react-dom.development.js:4213:16)
      at invokeGuardedCallback (node_modules/.pnpm/react-dom@18.3.1_react@18.3.1/node_modules/react-dom/cjs/react-dom.development.js:4277:31)
      at reportUncaughtErrorInDEV (node_modules/.pnpm/react-dom@18.3.1_react@18.3.1/node_modules/react-dom/cjs/react-dom.development.js:22877:5)
      at captureCommitPhaseError (node_modules/.pnpm/react-dom@18.3.1_react@18.3.1/node_modules/react-dom/cjs/react-dom.development.js:27165:5)
      at commitPassiveMountEffects_complete (node_modules/.pnpm/react-dom@18.3.1_react@18.3.1/node_modules/react-dom/cjs/react-dom.development.js:24932:9)
      at commitPassiveMountEffects_begin (node_modules/.pnpm/react-dom@18.3.1_react@18.3.1/node_modules/react-dom/cjs/react-dom.development.js:24917:7)
      at commitPassiveMountEffects (node_modules/.pnpm/react-dom@18.3.1_react@18.3.1/node_modules/react-dom/cjs/react-dom.development.js:24905:3)
      at flushPassiveEffectsImpl (node_modules/.pnpm/react-dom@18.3.1_react@18.3.1/node_modules/react-dom/cjs/react-dom.development.js:27078:3)
      at flushPassiveEffects (node_modules/.pnpm/react-dom@18.3.1_react@18.3.1/node_modules/react-dom/cjs/react-dom.development.js:27023:14)
      at performSyncWorkOnRoot (node_modules/.pnpm/react-dom@18.3.1_react@18.3.1/node_modules/react-dom/cjs/react-dom.development.js:26115:3)
      at flushSyncCallbacks (node_modules/.pnpm/react-dom@18.3.1_react@18.3.1/node_modules/react-dom/cjs/react-dom.development.js:12042:22)
      at commitRootImpl (node_modules/.pnpm/react-dom@18.3.1_react@18.3.1/node_modules/react-dom/cjs/react-dom.development.js:26998:3)
      at commitRoot (node_modules/.pnpm/react-dom@18.3.1_react@18.3.1/node_modules/react-dom/cjs/react-dom.development.js:26721:5)
      at finishConcurrentRender (node_modules/.pnpm/react-dom@18.3.1_react@18.3.1/node_modules/react-dom/cjs/react-dom.development.js:26020:9)
      at performConcurrentWorkOnRoot (node_modules/.pnpm/react-dom@18.3.1_react@18.3.1/node_modules/react-dom/cjs/react-dom.development.js:25848:7)
      at flushActQueue (node_modules/.pnpm/react@18.3.1/node_modules/react/cjs/react.development.js:2667:24)
      at act (node_modules/.pnpm/react@18.3.1/node_modules/react/cjs/react.development.js:2582:11)
      at node_modules/.pnpm/@testing-library+react@16.3.0_@testing-library+dom@10.4.0_@types+react-dom@18.3.7_@type_efee5276f61270375aed4c032a71d5e5/node_modules/@testing-library/react/dist/act-compat.js:47:25
      at renderRoot (node_modules/.pnpm/@testing-library+react@16.3.0_@testing-library+dom@10.4.0_@types+react-dom@18.3.7_@type_efee5276f61270375aed4c032a71d5e5/node_modules/@testing-library/react/dist/pure.js:190:26)
      at render (node_modules/.pnpm/@testing-library+react@16.3.0_@testing-library+dom@10.4.0_@types+react-dom@18.3.7_@type_efee5276f61270375aed4c032a71d5e5/node_modules/@testing-library/react/dist/pure.js:292:10)
      at Object.<anonymous> (src/components/admin/export/__tests__/ExportButton.test.tsx:178:11)

    console.error
      The above error occurred in the <ExportDialog> component:
      
          at isOpen (/Users/invoture/dev.local/hey-peter/src/components/admin/export/ExportDialog.tsx:58:3)
          at data (/Users/invoture/dev.local/hey-peter/src/components/admin/export/ExportButton.tsx:45:3)
      
      Consider adding an error boundary to your tree to customize error handling behavior.
      Visit https://reactjs.org/link/error-boundaries to learn more about error boundaries.

      176 |
      177 |   it('renders dropdown menu when showDropdown is true', () => {
    > 178 |     render(<ExportButton data={mockData} showDropdown={true} />);
          |           ^
      179 |     
      180 |     // The dropdown should be present (mocked implementation)
      181 |     expect(screen.getByText('Export')).toBeInTheDocument();

      at logCapturedError (node_modules/.pnpm/react-dom@18.3.1_react@18.3.1/node_modules/react-dom/cjs/react-dom.development.js:18704:23)
      at update.callback (node_modules/.pnpm/react-dom@18.3.1_react@18.3.1/node_modules/react-dom/cjs/react-dom.development.js:18737:5)
      at callCallback (node_modules/.pnpm/react-dom@18.3.1_react@18.3.1/node_modules/react-dom/cjs/react-dom.development.js:15036:12)
      at commitUpdateQueue (node_modules/.pnpm/react-dom@18.3.1_react@18.3.1/node_modules/react-dom/cjs/react-dom.development.js:15057:9)
      at commitLayoutEffectOnFiber (node_modules/.pnpm/react-dom@18.3.1_react@18.3.1/node_modules/react-dom/cjs/react-dom.development.js:23430:13)
      at commitLayoutMountEffects_complete (node_modules/.pnpm/react-dom@18.3.1_react@18.3.1/node_modules/react-dom/cjs/react-dom.development.js:24727:9)
      at commitLayoutEffects_begin (node_modules/.pnpm/react-dom@18.3.1_react@18.3.1/node_modules/react-dom/cjs/react-dom.development.js:24713:7)
      at commitLayoutEffects (node_modules/.pnpm/react-dom@18.3.1_react@18.3.1/node_modules/react-dom/cjs/react-dom.development.js:24651:3)
      at commitRootImpl (node_modules/.pnpm/react-dom@18.3.1_react@18.3.1/node_modules/react-dom/cjs/react-dom.development.js:26862:5)
      at commitRoot (node_modules/.pnpm/react-dom@18.3.1_react@18.3.1/node_modules/react-dom/cjs/react-dom.development.js:26721:5)
      at performSyncWorkOnRoot (node_modules/.pnpm/react-dom@18.3.1_react@18.3.1/node_modules/react-dom/cjs/react-dom.development.js:26156:3)
      at flushSyncCallbacks (node_modules/.pnpm/react-dom@18.3.1_react@18.3.1/node_modules/react-dom/cjs/react-dom.development.js:12042:22)
      at commitRootImpl (node_modules/.pnpm/react-dom@18.3.1_react@18.3.1/node_modules/react-dom/cjs/react-dom.development.js:26998:3)
      at commitRoot (node_modules/.pnpm/react-dom@18.3.1_react@18.3.1/node_modules/react-dom/cjs/react-dom.development.js:26721:5)
      at finishConcurrentRender (node_modules/.pnpm/react-dom@18.3.1_react@18.3.1/node_modules/react-dom/cjs/react-dom.development.js:26020:9)
      at performConcurrentWorkOnRoot (node_modules/.pnpm/react-dom@18.3.1_react@18.3.1/node_modules/react-dom/cjs/react-dom.development.js:25848:7)
      at flushActQueue (node_modules/.pnpm/react@18.3.1/node_modules/react/cjs/react.development.js:2667:24)
      at act (node_modules/.pnpm/react@18.3.1/node_modules/react/cjs/react.development.js:2582:11)
      at node_modules/.pnpm/@testing-library+react@16.3.0_@testing-library+dom@10.4.0_@types+react-dom@18.3.7_@type_efee5276f61270375aed4c032a71d5e5/node_modules/@testing-library/react/dist/act-compat.js:47:25
      at renderRoot (node_modules/.pnpm/@testing-library+react@16.3.0_@testing-library+dom@10.4.0_@types+react-dom@18.3.7_@type_efee5276f61270375aed4c032a71d5e5/node_modules/@testing-library/react/dist/pure.js:190:26)
      at render (node_modules/.pnpm/@testing-library+react@16.3.0_@testing-library+dom@10.4.0_@types+react-dom@18.3.7_@type_efee5276f61270375aed4c032a71d5e5/node_modules/@testing-library/react/dist/pure.js:292:10)
      at Object.<anonymous> (src/components/admin/export/__tests__/ExportButton.test.tsx:178:11)

  ● ExportButton › renders export button

    TypeError: _analyticsexportservice.analyticsExportService.getAllTemplates is not a function

      81 |   React.useEffect(() => {
      82 |     // Load available templates
    > 83 |     const availableTemplates = analyticsExportService.getAllTemplates();
         |                                                       ^
      84 |     setTemplates(availableTemplates);
      85 |   }, []);
      86 |

      at getAllTemplates (src/components/admin/export/ExportDialog.tsx:83:55)
      at commitHookEffectListMount (node_modules/.pnpm/react-dom@18.3.1_react@18.3.1/node_modules/react-dom/cjs/react-dom.development.js:23189:26)
      at commitPassiveMountOnFiber (node_modules/.pnpm/react-dom@18.3.1_react@18.3.1/node_modules/react-dom/cjs/react-dom.development.js:24970:11)
      at commitPassiveMountEffects_complete (node_modules/.pnpm/react-dom@18.3.1_react@18.3.1/node_modules/react-dom/cjs/react-dom.development.js:24930:9)
      at commitPassiveMountEffects_begin (node_modules/.pnpm/react-dom@18.3.1_react@18.3.1/node_modules/react-dom/cjs/react-dom.development.js:24917:7)
      at commitPassiveMountEffects (node_modules/.pnpm/react-dom@18.3.1_react@18.3.1/node_modules/react-dom/cjs/react-dom.development.js:24905:3)
      at flushPassiveEffectsImpl (node_modules/.pnpm/react-dom@18.3.1_react@18.3.1/node_modules/react-dom/cjs/react-dom.development.js:27078:3)
      at flushPassiveEffects (node_modules/.pnpm/react-dom@18.3.1_react@18.3.1/node_modules/react-dom/cjs/react-dom.development.js:27023:14)
      at performSyncWorkOnRoot (node_modules/.pnpm/react-dom@18.3.1_react@18.3.1/node_modules/react-dom/cjs/react-dom.development.js:26115:3)
      at flushSyncCallbacks (node_modules/.pnpm/react-dom@18.3.1_react@18.3.1/node_modules/react-dom/cjs/react-dom.development.js:12042:22)
      at commitRootImpl (node_modules/.pnpm/react-dom@18.3.1_react@18.3.1/node_modules/react-dom/cjs/react-dom.development.js:26998:3)
      at commitRoot (node_modules/.pnpm/react-dom@18.3.1_react@18.3.1/node_modules/react-dom/cjs/react-dom.development.js:26721:5)
      at finishConcurrentRender (node_modules/.pnpm/react-dom@18.3.1_react@18.3.1/node_modules/react-dom/cjs/react-dom.development.js:26020:9)
      at performConcurrentWorkOnRoot (node_modules/.pnpm/react-dom@18.3.1_react@18.3.1/node_modules/react-dom/cjs/react-dom.development.js:25848:7)
      at flushActQueue (node_modules/.pnpm/react@18.3.1/node_modules/react/cjs/react.development.js:2667:24)
      at act (node_modules/.pnpm/react@18.3.1/node_modules/react/cjs/react.development.js:2582:11)
      at node_modules/.pnpm/@testing-library+react@16.3.0_@testing-library+dom@10.4.0_@types+react-dom@18.3.7_@type_efee5276f61270375aed4c032a71d5e5/node_modules/@testing-library/react/dist/act-compat.js:47:25
      at renderRoot (node_modules/.pnpm/@testing-library+react@16.3.0_@testing-library+dom@10.4.0_@types+react-dom@18.3.7_@type_efee5276f61270375aed4c032a71d5e5/node_modules/@testing-library/react/dist/pure.js:190:26)
      at render (node_modules/.pnpm/@testing-library+react@16.3.0_@testing-library+dom@10.4.0_@types+react-dom@18.3.7_@type_efee5276f61270375aed4c032a71d5e5/node_modules/@testing-library/react/dist/pure.js:292:10)
      at Object.<anonymous> (src/components/admin/export/__tests__/ExportButton.test.tsx:45:11)

  ● ExportButton › disables button when no data is provided

    TypeError: _analyticsexportservice.analyticsExportService.getAllTemplates is not a function

      81 |   React.useEffect(() => {
      82 |     // Load available templates
    > 83 |     const availableTemplates = analyticsExportService.getAllTemplates();
         |                                                       ^
      84 |     setTemplates(availableTemplates);
      85 |   }, []);
      86 |

      at getAllTemplates (src/components/admin/export/ExportDialog.tsx:83:55)
      at commitHookEffectListMount (node_modules/.pnpm/react-dom@18.3.1_react@18.3.1/node_modules/react-dom/cjs/react-dom.development.js:23189:26)
      at commitPassiveMountOnFiber (node_modules/.pnpm/react-dom@18.3.1_react@18.3.1/node_modules/react-dom/cjs/react-dom.development.js:24970:11)
      at commitPassiveMountEffects_complete (node_modules/.pnpm/react-dom@18.3.1_react@18.3.1/node_modules/react-dom/cjs/react-dom.development.js:24930:9)
      at commitPassiveMountEffects_begin (node_modules/.pnpm/react-dom@18.3.1_react@18.3.1/node_modules/react-dom/cjs/react-dom.development.js:24917:7)
      at commitPassiveMountEffects (node_modules/.pnpm/react-dom@18.3.1_react@18.3.1/node_modules/react-dom/cjs/react-dom.development.js:24905:3)
      at flushPassiveEffectsImpl (node_modules/.pnpm/react-dom@18.3.1_react@18.3.1/node_modules/react-dom/cjs/react-dom.development.js:27078:3)
      at flushPassiveEffects (node_modules/.pnpm/react-dom@18.3.1_react@18.3.1/node_modules/react-dom/cjs/react-dom.development.js:27023:14)
      at performSyncWorkOnRoot (node_modules/.pnpm/react-dom@18.3.1_react@18.3.1/node_modules/react-dom/cjs/react-dom.development.js:26115:3)
      at flushSyncCallbacks (node_modules/.pnpm/react-dom@18.3.1_react@18.3.1/node_modules/react-dom/cjs/react-dom.development.js:12042:22)
      at commitRootImpl (node_modules/.pnpm/react-dom@18.3.1_react@18.3.1/node_modules/react-dom/cjs/react-dom.development.js:26998:3)
      at commitRoot (node_modules/.pnpm/react-dom@18.3.1_react@18.3.1/node_modules/react-dom/cjs/react-dom.development.js:26721:5)
      at finishConcurrentRender (node_modules/.pnpm/react-dom@18.3.1_react@18.3.1/node_modules/react-dom/cjs/react-dom.development.js:26020:9)
      at performConcurrentWorkOnRoot (node_modules/.pnpm/react-dom@18.3.1_react@18.3.1/node_modules/react-dom/cjs/react-dom.development.js:25848:7)
      at flushActQueue (node_modules/.pnpm/react@18.3.1/node_modules/react/cjs/react.development.js:2667:24)
      at act (node_modules/.pnpm/react@18.3.1/node_modules/react/cjs/react.development.js:2582:11)
      at node_modules/.pnpm/@testing-library+react@16.3.0_@testing-library+dom@10.4.0_@types+react-dom@18.3.7_@type_efee5276f61270375aed4c032a71d5e5/node_modules/@testing-library/react/dist/act-compat.js:47:25
      at renderRoot (node_modules/.pnpm/@testing-library+react@16.3.0_@testing-library+dom@10.4.0_@types+react-dom@18.3.7_@type_efee5276f61270375aed4c032a71d5e5/node_modules/@testing-library/react/dist/pure.js:190:26)
      at render (node_modules/.pnpm/@testing-library+react@16.3.0_@testing-library+dom@10.4.0_@types+react-dom@18.3.7_@type_efee5276f61270375aed4c032a71d5e5/node_modules/@testing-library/react/dist/pure.js:292:10)
      at Object.<anonymous> (src/components/admin/export/__tests__/ExportButton.test.tsx:51:11)

  ● ExportButton › calls export service when quick export is triggered

    TypeError: _analyticsexportservice.analyticsExportService.getAllTemplates is not a function

      81 |   React.useEffect(() => {
      82 |     // Load available templates
    > 83 |     const availableTemplates = analyticsExportService.getAllTemplates();
         |                                                       ^
      84 |     setTemplates(availableTemplates);
      85 |   }, []);
      86 |

      at getAllTemplates (src/components/admin/export/ExportDialog.tsx:83:55)
      at commitHookEffectListMount (node_modules/.pnpm/react-dom@18.3.1_react@18.3.1/node_modules/react-dom/cjs/react-dom.development.js:23189:26)
      at commitPassiveMountOnFiber (node_modules/.pnpm/react-dom@18.3.1_react@18.3.1/node_modules/react-dom/cjs/react-dom.development.js:24970:11)
      at commitPassiveMountEffects_complete (node_modules/.pnpm/react-dom@18.3.1_react@18.3.1/node_modules/react-dom/cjs/react-dom.development.js:24930:9)
      at commitPassiveMountEffects_begin (node_modules/.pnpm/react-dom@18.3.1_react@18.3.1/node_modules/react-dom/cjs/react-dom.development.js:24917:7)
      at commitPassiveMountEffects (node_modules/.pnpm/react-dom@18.3.1_react@18.3.1/node_modules/react-dom/cjs/react-dom.development.js:24905:3)
      at flushPassiveEffectsImpl (node_modules/.pnpm/react-dom@18.3.1_react@18.3.1/node_modules/react-dom/cjs/react-dom.development.js:27078:3)
      at flushPassiveEffects (node_modules/.pnpm/react-dom@18.3.1_react@18.3.1/node_modules/react-dom/cjs/react-dom.development.js:27023:14)
      at performSyncWorkOnRoot (node_modules/.pnpm/react-dom@18.3.1_react@18.3.1/node_modules/react-dom/cjs/react-dom.development.js:26115:3)
      at flushSyncCallbacks (node_modules/.pnpm/react-dom@18.3.1_react@18.3.1/node_modules/react-dom/cjs/react-dom.development.js:12042:22)
      at commitRootImpl (node_modules/.pnpm/react-dom@18.3.1_react@18.3.1/node_modules/react-dom/cjs/react-dom.development.js:26998:3)
      at commitRoot (node_modules/.pnpm/react-dom@18.3.1_react@18.3.1/node_modules/react-dom/cjs/react-dom.development.js:26721:5)
      at finishConcurrentRender (node_modules/.pnpm/react-dom@18.3.1_react@18.3.1/node_modules/react-dom/cjs/react-dom.development.js:26020:9)
      at performConcurrentWorkOnRoot (node_modules/.pnpm/react-dom@18.3.1_react@18.3.1/node_modules/react-dom/cjs/react-dom.development.js:25848:7)
      at flushActQueue (node_modules/.pnpm/react@18.3.1/node_modules/react/cjs/react.development.js:2667:24)
      at act (node_modules/.pnpm/react@18.3.1/node_modules/react/cjs/react.development.js:2582:11)
      at node_modules/.pnpm/@testing-library+react@16.3.0_@testing-library+dom@10.4.0_@types+react-dom@18.3.7_@type_efee5276f61270375aed4c032a71d5e5/node_modules/@testing-library/react/dist/act-compat.js:47:25
      at renderRoot (node_modules/.pnpm/@testing-library+react@16.3.0_@testing-library+dom@10.4.0_@types+react-dom@18.3.7_@type_efee5276f61270375aed4c032a71d5e5/node_modules/@testing-library/react/dist/pure.js:190:26)
      at render (node_modules/.pnpm/@testing-library+react@16.3.0_@testing-library+dom@10.4.0_@types+react-dom@18.3.7_@type_efee5276f61270375aed4c032a71d5e5/node_modules/@testing-library/react/dist/pure.js:292:10)
      at Object.<anonymous> (src/components/admin/export/__tests__/ExportButton.test.tsx:61:11)

  ● ExportButton › shows loading state during export

    TypeError: _analyticsexportservice.analyticsExportService.getAllTemplates is not a function

      81 |   React.useEffect(() => {
      82 |     // Load available templates
    > 83 |     const availableTemplates = analyticsExportService.getAllTemplates();
         |                                                       ^
      84 |     setTemplates(availableTemplates);
      85 |   }, []);
      86 |

      at getAllTemplates (src/components/admin/export/ExportDialog.tsx:83:55)
      at commitHookEffectListMount (node_modules/.pnpm/react-dom@18.3.1_react@18.3.1/node_modules/react-dom/cjs/react-dom.development.js:23189:26)
      at commitPassiveMountOnFiber (node_modules/.pnpm/react-dom@18.3.1_react@18.3.1/node_modules/react-dom/cjs/react-dom.development.js:24970:11)
      at commitPassiveMountEffects_complete (node_modules/.pnpm/react-dom@18.3.1_react@18.3.1/node_modules/react-dom/cjs/react-dom.development.js:24930:9)
      at commitPassiveMountEffects_begin (node_modules/.pnpm/react-dom@18.3.1_react@18.3.1/node_modules/react-dom/cjs/react-dom.development.js:24917:7)
      at commitPassiveMountEffects (node_modules/.pnpm/react-dom@18.3.1_react@18.3.1/node_modules/react-dom/cjs/react-dom.development.js:24905:3)
      at flushPassiveEffectsImpl (node_modules/.pnpm/react-dom@18.3.1_react@18.3.1/node_modules/react-dom/cjs/react-dom.development.js:27078:3)
      at flushPassiveEffects (node_modules/.pnpm/react-dom@18.3.1_react@18.3.1/node_modules/react-dom/cjs/react-dom.development.js:27023:14)
      at performSyncWorkOnRoot (node_modules/.pnpm/react-dom@18.3.1_react@18.3.1/node_modules/react-dom/cjs/react-dom.development.js:26115:3)
      at flushSyncCallbacks (node_modules/.pnpm/react-dom@18.3.1_react@18.3.1/node_modules/react-dom/cjs/react-dom.development.js:12042:22)
      at commitRootImpl (node_modules/.pnpm/react-dom@18.3.1_react@18.3.1/node_modules/react-dom/cjs/react-dom.development.js:26998:3)
      at commitRoot (node_modules/.pnpm/react-dom@18.3.1_react@18.3.1/node_modules/react-dom/cjs/react-dom.development.js:26721:5)
      at finishConcurrentRender (node_modules/.pnpm/react-dom@18.3.1_react@18.3.1/node_modules/react-dom/cjs/react-dom.development.js:26020:9)
      at performConcurrentWorkOnRoot (node_modules/.pnpm/react-dom@18.3.1_react@18.3.1/node_modules/react-dom/cjs/react-dom.development.js:25848:7)
      at flushActQueue (node_modules/.pnpm/react@18.3.1/node_modules/react/cjs/react.development.js:2667:24)
      at act (node_modules/.pnpm/react@18.3.1/node_modules/react/cjs/react.development.js:2582:11)
      at node_modules/.pnpm/@testing-library+react@16.3.0_@testing-library+dom@10.4.0_@types+react-dom@18.3.7_@type_efee5276f61270375aed4c032a71d5e5/node_modules/@testing-library/react/dist/act-compat.js:47:25
      at renderRoot (node_modules/.pnpm/@testing-library+react@16.3.0_@testing-library+dom@10.4.0_@types+react-dom@18.3.7_@type_efee5276f61270375aed4c032a71d5e5/node_modules/@testing-library/react/dist/pure.js:190:26)
      at render (node_modules/.pnpm/@testing-library+react@16.3.0_@testing-library+dom@10.4.0_@types+react-dom@18.3.7_@type_efee5276f61270375aed4c032a71d5e5/node_modules/@testing-library/react/dist/pure.js:292:10)
      at Object.<anonymous> (src/components/admin/export/__tests__/ExportButton.test.tsx:88:11)

  ● ExportButton › calls onExportComplete callback on successful export

    TypeError: _analyticsexportservice.analyticsExportService.getAllTemplates is not a function

      81 |   React.useEffect(() => {
      82 |     // Load available templates
    > 83 |     const availableTemplates = analyticsExportService.getAllTemplates();
         |                                                       ^
      84 |     setTemplates(availableTemplates);
      85 |   }, []);
      86 |

      at getAllTemplates (src/components/admin/export/ExportDialog.tsx:83:55)
      at commitHookEffectListMount (node_modules/.pnpm/react-dom@18.3.1_react@18.3.1/node_modules/react-dom/cjs/react-dom.development.js:23189:26)
      at commitPassiveMountOnFiber (node_modules/.pnpm/react-dom@18.3.1_react@18.3.1/node_modules/react-dom/cjs/react-dom.development.js:24970:11)
      at commitPassiveMountEffects_complete (node_modules/.pnpm/react-dom@18.3.1_react@18.3.1/node_modules/react-dom/cjs/react-dom.development.js:24930:9)
      at commitPassiveMountEffects_begin (node_modules/.pnpm/react-dom@18.3.1_react@18.3.1/node_modules/react-dom/cjs/react-dom.development.js:24917:7)
      at commitPassiveMountEffects (node_modules/.pnpm/react-dom@18.3.1_react@18.3.1/node_modules/react-dom/cjs/react-dom.development.js:24905:3)
      at flushPassiveEffectsImpl (node_modules/.pnpm/react-dom@18.3.1_react@18.3.1/node_modules/react-dom/cjs/react-dom.development.js:27078:3)
      at flushPassiveEffects (node_modules/.pnpm/react-dom@18.3.1_react@18.3.1/node_modules/react-dom/cjs/react-dom.development.js:27023:14)
      at performSyncWorkOnRoot (node_modules/.pnpm/react-dom@18.3.1_react@18.3.1/node_modules/react-dom/cjs/react-dom.development.js:26115:3)
      at flushSyncCallbacks (node_modules/.pnpm/react-dom@18.3.1_react@18.3.1/node_modules/react-dom/cjs/react-dom.development.js:12042:22)
      at commitRootImpl (node_modules/.pnpm/react-dom@18.3.1_react@18.3.1/node_modules/react-dom/cjs/react-dom.development.js:26998:3)
      at commitRoot (node_modules/.pnpm/react-dom@18.3.1_react@18.3.1/node_modules/react-dom/cjs/react-dom.development.js:26721:5)
      at finishConcurrentRender (node_modules/.pnpm/react-dom@18.3.1_react@18.3.1/node_modules/react-dom/cjs/react-dom.development.js:26020:9)
      at performConcurrentWorkOnRoot (node_modules/.pnpm/react-dom@18.3.1_react@18.3.1/node_modules/react-dom/cjs/react-dom.development.js:25848:7)
      at flushActQueue (node_modules/.pnpm/react@18.3.1/node_modules/react/cjs/react.development.js:2667:24)
      at act (node_modules/.pnpm/react@18.3.1/node_modules/react/cjs/react.development.js:2582:11)
      at node_modules/.pnpm/@testing-library+react@16.3.0_@testing-library+dom@10.4.0_@types+react-dom@18.3.7_@type_efee5276f61270375aed4c032a71d5e5/node_modules/@testing-library/react/dist/act-compat.js:47:25
      at renderRoot (node_modules/.pnpm/@testing-library+react@16.3.0_@testing-library+dom@10.4.0_@types+react-dom@18.3.7_@type_efee5276f61270375aed4c032a71d5e5/node_modules/@testing-library/react/dist/pure.js:190:26)
      at render (node_modules/.pnpm/@testing-library+react@16.3.0_@testing-library+dom@10.4.0_@types+react-dom@18.3.7_@type_efee5276f61270375aed4c032a71d5e5/node_modules/@testing-library/react/dist/pure.js:292:10)
      at Object.<anonymous> (src/components/admin/export/__tests__/ExportButton.test.tsx:105:11)

  ● ExportButton › calls onExportComplete callback on failed export

    TypeError: _analyticsexportservice.analyticsExportService.getAllTemplates is not a function

      81 |   React.useEffect(() => {
      82 |     // Load available templates
    > 83 |     const availableTemplates = analyticsExportService.getAllTemplates();
         |                                                       ^
      84 |     setTemplates(availableTemplates);
      85 |   }, []);
      86 |

      at getAllTemplates (src/components/admin/export/ExportDialog.tsx:83:55)
      at commitHookEffectListMount (node_modules/.pnpm/react-dom@18.3.1_react@18.3.1/node_modules/react-dom/cjs/react-dom.development.js:23189:26)
      at commitPassiveMountOnFiber (node_modules/.pnpm/react-dom@18.3.1_react@18.3.1/node_modules/react-dom/cjs/react-dom.development.js:24970:11)
      at commitPassiveMountEffects_complete (node_modules/.pnpm/react-dom@18.3.1_react@18.3.1/node_modules/react-dom/cjs/react-dom.development.js:24930:9)
      at commitPassiveMountEffects_begin (node_modules/.pnpm/react-dom@18.3.1_react@18.3.1/node_modules/react-dom/cjs/react-dom.development.js:24917:7)
      at commitPassiveMountEffects (node_modules/.pnpm/react-dom@18.3.1_react@18.3.1/node_modules/react-dom/cjs/react-dom.development.js:24905:3)
      at flushPassiveEffectsImpl (node_modules/.pnpm/react-dom@18.3.1_react@18.3.1/node_modules/react-dom/cjs/react-dom.development.js:27078:3)
      at flushPassiveEffects (node_modules/.pnpm/react-dom@18.3.1_react@18.3.1/node_modules/react-dom/cjs/react-dom.development.js:27023:14)
      at performSyncWorkOnRoot (node_modules/.pnpm/react-dom@18.3.1_react@18.3.1/node_modules/react-dom/cjs/react-dom.development.js:26115:3)
      at flushSyncCallbacks (node_modules/.pnpm/react-dom@18.3.1_react@18.3.1/node_modules/react-dom/cjs/react-dom.development.js:12042:22)
      at commitRootImpl (node_modules/.pnpm/react-dom@18.3.1_react@18.3.1/node_modules/react-dom/cjs/react-dom.development.js:26998:3)
      at commitRoot (node_modules/.pnpm/react-dom@18.3.1_react@18.3.1/node_modules/react-dom/cjs/react-dom.development.js:26721:5)
      at finishConcurrentRender (node_modules/.pnpm/react-dom@18.3.1_react@18.3.1/node_modules/react-dom/cjs/react-dom.development.js:26020:9)
      at performConcurrentWorkOnRoot (node_modules/.pnpm/react-dom@18.3.1_react@18.3.1/node_modules/react-dom/cjs/react-dom.development.js:25848:7)
      at flushActQueue (node_modules/.pnpm/react@18.3.1/node_modules/react/cjs/react.development.js:2667:24)
      at act (node_modules/.pnpm/react@18.3.1/node_modules/react/cjs/react.development.js:2582:11)
      at node_modules/.pnpm/@testing-library+react@16.3.0_@testing-library+dom@10.4.0_@types+react-dom@18.3.7_@type_efee5276f61270375aed4c032a71d5e5/node_modules/@testing-library/react/dist/act-compat.js:47:25
      at renderRoot (node_modules/.pnpm/@testing-library+react@16.3.0_@testing-library+dom@10.4.0_@types+react-dom@18.3.7_@type_efee5276f61270375aed4c032a71d5e5/node_modules/@testing-library/react/dist/pure.js:190:26)
      at render (node_modules/.pnpm/@testing-library+react@16.3.0_@testing-library+dom@10.4.0_@types+react-dom@18.3.7_@type_efee5276f61270375aed4c032a71d5e5/node_modules/@testing-library/react/dist/pure.js:292:10)
      at Object.<anonymous> (src/components/admin/export/__tests__/ExportButton.test.tsx:129:11)

  ● ExportButton › uses custom title and filename

    TypeError: _analyticsexportservice.analyticsExportService.getAllTemplates is not a function

      81 |   React.useEffect(() => {
      82 |     // Load available templates
    > 83 |     const availableTemplates = analyticsExportService.getAllTemplates();
         |                                                       ^
      84 |     setTemplates(availableTemplates);
      85 |   }, []);
      86 |

      at getAllTemplates (src/components/admin/export/ExportDialog.tsx:83:55)
      at commitHookEffectListMount (node_modules/.pnpm/react-dom@18.3.1_react@18.3.1/node_modules/react-dom/cjs/react-dom.development.js:23189:26)
      at commitPassiveMountOnFiber (node_modules/.pnpm/react-dom@18.3.1_react@18.3.1/node_modules/react-dom/cjs/react-dom.development.js:24970:11)
      at commitPassiveMountEffects_complete (node_modules/.pnpm/react-dom@18.3.1_react@18.3.1/node_modules/react-dom/cjs/react-dom.development.js:24930:9)
      at commitPassiveMountEffects_begin (node_modules/.pnpm/react-dom@18.3.1_react@18.3.1/node_modules/react-dom/cjs/react-dom.development.js:24917:7)
      at commitPassiveMountEffects (node_modules/.pnpm/react-dom@18.3.1_react@18.3.1/node_modules/react-dom/cjs/react-dom.development.js:24905:3)
      at flushPassiveEffectsImpl (node_modules/.pnpm/react-dom@18.3.1_react@18.3.1/node_modules/react-dom/cjs/react-dom.development.js:27078:3)
      at flushPassiveEffects (node_modules/.pnpm/react-dom@18.3.1_react@18.3.1/node_modules/react-dom/cjs/react-dom.development.js:27023:14)
      at performSyncWorkOnRoot (node_modules/.pnpm/react-dom@18.3.1_react@18.3.1/node_modules/react-dom/cjs/react-dom.development.js:26115:3)
      at flushSyncCallbacks (node_modules/.pnpm/react-dom@18.3.1_react@18.3.1/node_modules/react-dom/cjs/react-dom.development.js:12042:22)
      at commitRootImpl (node_modules/.pnpm/react-dom@18.3.1_react@18.3.1/node_modules/react-dom/cjs/react-dom.development.js:26998:3)
      at commitRoot (node_modules/.pnpm/react-dom@18.3.1_react@18.3.1/node_modules/react-dom/cjs/react-dom.development.js:26721:5)
      at finishConcurrentRender (node_modules/.pnpm/react-dom@18.3.1_react@18.3.1/node_modules/react-dom/cjs/react-dom.development.js:26020:9)
      at performConcurrentWorkOnRoot (node_modules/.pnpm/react-dom@18.3.1_react@18.3.1/node_modules/react-dom/cjs/react-dom.development.js:25848:7)
      at flushActQueue (node_modules/.pnpm/react@18.3.1/node_modules/react/cjs/react.development.js:2667:24)
      at act (node_modules/.pnpm/react@18.3.1/node_modules/react/cjs/react.development.js:2582:11)
      at node_modules/.pnpm/@testing-library+react@16.3.0_@testing-library+dom@10.4.0_@types+react-dom@18.3.7_@type_efee5276f61270375aed4c032a71d5e5/node_modules/@testing-library/react/dist/act-compat.js:47:25
      at renderRoot (node_modules/.pnpm/@testing-library+react@16.3.0_@testing-library+dom@10.4.0_@types+react-dom@18.3.7_@type_efee5276f61270375aed4c032a71d5e5/node_modules/@testing-library/react/dist/pure.js:190:26)
      at render (node_modules/.pnpm/@testing-library+react@16.3.0_@testing-library+dom@10.4.0_@types+react-dom@18.3.7_@type_efee5276f61270375aed4c032a71d5e5/node_modules/@testing-library/react/dist/pure.js:292:10)
      at Object.<anonymous> (src/components/admin/export/__tests__/ExportButton.test.tsx:152:11)

  ● ExportButton › renders dropdown menu when showDropdown is true

    TypeError: _analyticsexportservice.analyticsExportService.getAllTemplates is not a function

      81 |   React.useEffect(() => {
      82 |     // Load available templates
    > 83 |     const availableTemplates = analyticsExportService.getAllTemplates();
         |                                                       ^
      84 |     setTemplates(availableTemplates);
      85 |   }, []);
      86 |

      at getAllTemplates (src/components/admin/export/ExportDialog.tsx:83:55)
      at commitHookEffectListMount (node_modules/.pnpm/react-dom@18.3.1_react@18.3.1/node_modules/react-dom/cjs/react-dom.development.js:23189:26)
      at commitPassiveMountOnFiber (node_modules/.pnpm/react-dom@18.3.1_react@18.3.1/node_modules/react-dom/cjs/react-dom.development.js:24970:11)
      at commitPassiveMountEffects_complete (node_modules/.pnpm/react-dom@18.3.1_react@18.3.1/node_modules/react-dom/cjs/react-dom.development.js:24930:9)
      at commitPassiveMountEffects_begin (node_modules/.pnpm/react-dom@18.3.1_react@18.3.1/node_modules/react-dom/cjs/react-dom.development.js:24917:7)
      at commitPassiveMountEffects (node_modules/.pnpm/react-dom@18.3.1_react@18.3.1/node_modules/react-dom/cjs/react-dom.development.js:24905:3)
      at flushPassiveEffectsImpl (node_modules/.pnpm/react-dom@18.3.1_react@18.3.1/node_modules/react-dom/cjs/react-dom.development.js:27078:3)
      at flushPassiveEffects (node_modules/.pnpm/react-dom@18.3.1_react@18.3.1/node_modules/react-dom/cjs/react-dom.development.js:27023:14)
      at performSyncWorkOnRoot (node_modules/.pnpm/react-dom@18.3.1_react@18.3.1/node_modules/react-dom/cjs/react-dom.development.js:26115:3)
      at flushSyncCallbacks (node_modules/.pnpm/react-dom@18.3.1_react@18.3.1/node_modules/react-dom/cjs/react-dom.development.js:12042:22)
      at commitRootImpl (node_modules/.pnpm/react-dom@18.3.1_react@18.3.1/node_modules/react-dom/cjs/react-dom.development.js:26998:3)
      at commitRoot (node_modules/.pnpm/react-dom@18.3.1_react@18.3.1/node_modules/react-dom/cjs/react-dom.development.js:26721:5)
      at finishConcurrentRender (node_modules/.pnpm/react-dom@18.3.1_react@18.3.1/node_modules/react-dom/cjs/react-dom.development.js:26020:9)
      at performConcurrentWorkOnRoot (node_modules/.pnpm/react-dom@18.3.1_react@18.3.1/node_modules/react-dom/cjs/react-dom.development.js:25848:7)
      at flushActQueue (node_modules/.pnpm/react@18.3.1/node_modules/react/cjs/react.development.js:2667:24)
      at act (node_modules/.pnpm/react@18.3.1/node_modules/react/cjs/react.development.js:2582:11)
      at node_modules/.pnpm/@testing-library+react@16.3.0_@testing-library+dom@10.4.0_@types+react-dom@18.3.7_@type_efee5276f61270375aed4c032a71d5e5/node_modules/@testing-library/react/dist/act-compat.js:47:25
      at renderRoot (node_modules/.pnpm/@testing-library+react@16.3.0_@testing-library+dom@10.4.0_@types+react-dom@18.3.7_@type_efee5276f61270375aed4c032a71d5e5/node_modules/@testing-library/react/dist/pure.js:190:26)
      at render (node_modules/.pnpm/@testing-library+react@16.3.0_@testing-library+dom@10.4.0_@types+react-dom@18.3.7_@type_efee5276f61270375aed4c032a71d5e5/node_modules/@testing-library/react/dist/pure.js:292:10)
      at Object.<anonymous> (src/components/admin/export/__tests__/ExportButton.test.tsx:178:11)

FAIL src/components/admin/teachers/__tests__/TeacherForm.test.tsx
  ● TeacherFormEnhanced › disables form during submission

    TestingLibraryElementError: Unable to find an accessible element with the role "button" and name `/Creating/i`

    Here are the accessible roles:

      textbox:

      Name "Email Address":
      [36m<input[39m
        [33maria-describedby[39m=[32m":r20:-form-item-description"[39m
        [33maria-invalid[39m=[32m"false"[39m
        [33mclass[39m=[32m"file:text-foreground placeholder:text-muted-foreground selection:bg-primary selection:text-primary-foreground dark:bg-input/30 border-input flex h-9 w-full min-w-0 rounded-md border bg-transparent px-3 py-1 text-base shadow-xs transition-[color,box-shadow] outline-none file:inline-flex file:h-7 file:border-0 file:bg-transparent file:text-sm file:font-medium disabled:pointer-events-none disabled:cursor-not-allowed disabled:opacity-50 md:text-sm focus-visible:border-ring focus-visible:ring-ring/50 focus-visible:ring-[3px] aria-invalid:ring-destructive/20 dark:aria-invalid:ring-destructive/40 aria-invalid:border-destructive"[39m
        [33mdata-slot[39m=[32m"input"[39m
        [33mid[39m=[32m":r20:-form-item"[39m
        [33mname[39m=[32m"email"[39m
        [33mplaceholder[39m=[32m"teacher@example.com"[39m
        [33mtype[39m=[32m"email"[39m
        [33mvalue[39m=[32m"teacher@example.com"[39m
      [36m/>[39m

      Name "Full Name":
      [36m<input[39m
        [33maria-describedby[39m=[32m":r21:-form-item-description"[39m
        [33maria-invalid[39m=[32m"false"[39m
        [33mclass[39m=[32m"file:text-foreground placeholder:text-muted-foreground selection:bg-primary selection:text-primary-foreground dark:bg-input/30 border-input flex h-9 w-full min-w-0 rounded-md border bg-transparent px-3 py-1 text-base shadow-xs transition-[color,box-shadow] outline-none file:inline-flex file:h-7 file:border-0 file:bg-transparent file:text-sm file:font-medium disabled:pointer-events-none disabled:cursor-not-allowed disabled:opacity-50 md:text-sm focus-visible:border-ring focus-visible:ring-ring/50 focus-visible:ring-[3px] aria-invalid:ring-destructive/20 dark:aria-invalid:ring-destructive/40 aria-invalid:border-destructive"[39m
        [33mdata-slot[39m=[32m"input"[39m
        [33mid[39m=[32m":r21:-form-item"[39m
        [33mname[39m=[32m"full_name"[39m
        [33mplaceholder[39m=[32m"John Doe"[39m
        [33mvalue[39m=[32m"John Doe"[39m
      [36m/>[39m

      Name "Coach Code":
      [36m<input[39m
        [33maria-describedby[39m=[32m":r23:-form-item-description"[39m
        [33maria-invalid[39m=[32m"false"[39m
        [33mclass[39m=[32m"file:text-foreground placeholder:text-muted-foreground selection:bg-primary selection:text-primary-foreground dark:bg-input/30 border-input flex h-9 w-full min-w-0 rounded-md border bg-transparent px-3 py-1 text-base shadow-xs transition-[color,box-shadow] outline-none file:inline-flex file:h-7 file:border-0 file:bg-transparent file:text-sm file:font-medium disabled:pointer-events-none disabled:cursor-not-allowed disabled:opacity-50 md:text-sm focus-visible:border-ring focus-visible:ring-ring/50 focus-visible:ring-[3px] aria-invalid:ring-destructive/20 dark:aria-invalid:ring-destructive/40 aria-invalid:border-destructive"[39m
        [33mdata-slot[39m=[32m"input"[39m
        [33mid[39m=[32m":r23:-form-item"[39m
        [33mname[39m=[32m"coach_code"[39m
        [33mplaceholder[39m=[32m"F7"[39m
        [33mvalue[39m=[32m"F7"[39m
      [36m/>[39m

      Name "Bank Details":
      [36m<textarea[39m
        [33maria-describedby[39m=[32m":r28:-form-item-description"[39m
        [33maria-invalid[39m=[32m"false"[39m
        [33mclass[39m=[32m"placeholder:text-muted-foreground selection:bg-primary selection:text-primary-foreground dark:bg-input/30 border-input flex min-h-[60px] w-full min-w-0 rounded-md border bg-transparent px-3 py-2 text-base shadow-xs transition-[color,box-shadow] outline-none disabled:pointer-events-none disabled:cursor-not-allowed disabled:opacity-50 md:text-sm focus-visible:border-ring focus-visible:ring-ring/50 focus-visible:ring-[3px] aria-invalid:ring-destructive/20 dark:aria-invalid:ring-destructive/40 aria-invalid:border-destructive resize-vertical resize-none"[39m
        [33mdata-slot[39m=[32m"textarea"[39m
        [33mid[39m=[32m":r28:-form-item"[39m
        [33mname[39m=[32m"compensation.bank_details"[39m
        [33mplaceholder[39m=[32m"Enter bank account details"[39m
      [36m/>[39m

      Name "Additional Notes":
      [36m<textarea[39m
        [33maria-describedby[39m=[32m":r29:-form-item-description"[39m
        [33maria-invalid[39m=[32m"false"[39m
        [33mclass[39m=[32m"placeholder:text-muted-foreground selection:bg-primary selection:text-primary-foreground dark:bg-input/30 border-input flex min-h-[60px] w-full min-w-0 rounded-md border bg-transparent px-3 py-2 text-base shadow-xs transition-[color,box-shadow] outline-none disabled:pointer-events-none disabled:cursor-not-allowed disabled:opacity-50 md:text-sm focus-visible:border-ring focus-visible:ring-ring/50 focus-visible:ring-[3px] aria-invalid:ring-destructive/20 dark:aria-invalid:ring-destructive/40 aria-invalid:border-destructive resize-vertical resize-none"[39m
        [33mdata-slot[39m=[32m"textarea"[39m
        [33mid[39m=[32m":r29:-form-item"[39m
        [33mname[39m=[32m"compensation.notes"[39m
        [33mplaceholder[39m=[32m"Any additional compensation notes"[39m
      [36m/>[39m

      --------------------------------------------------
      paragraph:

      Name "":
      [36m<p[39m
        [33mclass[39m=[32m"text-sm text-muted-foreground"[39m
        [33mid[39m=[32m":r20:-form-item-description"[39m
      [36m/>[39m

      Name "":
      [36m<p[39m
        [33mclass[39m=[32m"text-sm text-muted-foreground"[39m
        [33mid[39m=[32m":r22:-form-item-description"[39m
      [36m/>[39m

      Name "":
      [36m<p[39m
        [33mclass[39m=[32m"text-sm text-muted-foreground"[39m
        [33mid[39m=[32m":r23:-form-item-description"[39m
      [36m/>[39m

      Name "":
      [36m<p[39m
        [33mclass[39m=[32m"text-sm text-muted-foreground"[39m
        [33mid[39m=[32m":r2a:-form-item-description"[39m
      [36m/>[39m

      Name "":
      [36m<p[39m
        [33mclass[39m=[32m"text-sm text-muted-foreground"[39m
        [33mid[39m=[32m":r2b:-form-item-description"[39m
      [36m/>[39m

      --------------------------------------------------
      button:

      Name "Set Availability":
      [36m<button />[39m

      Name "Cancel":
      [36m<button[39m
        [33mclass[39m=[32m"inline-flex items-center justify-center gap-2 whitespace-nowrap rounded-md text-sm font-medium transition-all disabled:pointer-events-none disabled:opacity-50 [&_svg]:pointer-events-none [&_svg:not([class*='size-'])]:size-4 shrink-0 [&_svg]:shrink-0 outline-none focus-visible:border-ring focus-visible:ring-ring/50 focus-visible:ring-[3px] aria-invalid:ring-destructive/20 dark:aria-invalid:ring-destructive/40 aria-invalid:border-destructive border bg-background shadow-xs hover:bg-accent hover:text-accent-foreground dark:bg-input/30 dark:border-input dark:hover:bg-input/50 h-9 px-4 py-2 has-[>svg]:px-3"[39m
        [33mdata-slot[39m=[32m"button"[39m
        [33mdisabled[39m=[32m""[39m
        [33mtype[39m=[32m"button"[39m
      [36m/>[39m

      Name "Create Teacher":
      [36m<button[39m
        [33mclass[39m=[32m"inline-flex items-center justify-center gap-2 whitespace-nowrap rounded-md text-sm font-medium transition-all disabled:pointer-events-none disabled:opacity-50 [&_svg]:pointer-events-none [&_svg:not([class*='size-'])]:size-4 shrink-0 [&_svg]:shrink-0 outline-none focus-visible:border-ring focus-visible:ring-ring/50 focus-visible:ring-[3px] aria-invalid:ring-destructive/20 dark:aria-invalid:ring-destructive/40 aria-invalid:border-destructive bg-primary text-primary-foreground shadow-xs hover:bg-primary/90 h-9 px-4 py-2 has-[>svg]:px-3"[39m
        [33mdata-slot[39m=[32m"button"[39m
        [33mdisabled[39m=[32m""[39m
        [33mtype[39m=[32m"submit"[39m
      [36m/>[39m

      --------------------------------------------------
      spinbutton:

      Name "Hourly Rate":
      [36m<input[39m
        [33maria-describedby[39m=[32m":r25:-form-item-description"[39m
        [33maria-invalid[39m=[32m"false"[39m
        [33mclass[39m=[32m"file:text-foreground placeholder:text-muted-foreground selection:bg-primary selection:text-primary-foreground dark:bg-input/30 border-input flex h-9 w-full min-w-0 rounded-md border bg-transparent px-3 py-1 text-base shadow-xs transition-[color,box-shadow] outline-none file:inline-flex file:h-7 file:border-0 file:bg-transparent file:text-sm file:font-medium disabled:pointer-events-none disabled:cursor-not-allowed disabled:opacity-50 md:text-sm focus-visible:border-ring focus-visible:ring-ring/50 focus-visible:ring-[3px] aria-invalid:ring-destructive/20 dark:aria-invalid:ring-destructive/40 aria-invalid:border-destructive"[39m
        [33mdata-slot[39m=[32m"input"[39m
        [33mid[39m=[32m":r25:-form-item"[39m
        [33mmin[39m=[32m"0"[39m
        [33mname[39m=[32m"compensation.hourly_rate"[39m
        [33mplaceholder[39m=[32m"0"[39m
        [33mstep[39m=[32m"0.01"[39m
        [33mtype[39m=[32m"number"[39m
        [33mvalue[39m=[32m"50"[39m
      [36m/>[39m

      --------------------------------------------------
      combobox:

      Name "Payment Method":
      [36m<button[39m
        [33maria-autocomplete[39m=[32m"none"[39m
        [33maria-controls[39m=[32m"radix-:r27:"[39m
        [33maria-describedby[39m=[32m":r26:-form-item-description"[39m
        [33maria-expanded[39m=[32m"false"[39m
        [33maria-invalid[39m=[32m"false"[39m
        [33mclass[39m=[32m"flex h-9 w-full items-center justify-between rounded-md border border-input bg-transparent px-3 py-2 text-sm ring-offset-background placeholder:text-muted-foreground focus:outline-none focus:ring-2 focus:ring-ring focus:ring-offset-2 disabled:cursor-not-allowed disabled:opacity-50 [&>span]:line-clamp-1"[39m
        [33mdata-state[39m=[32m"closed"[39m
        [33mdir[39m=[32m"ltr"[39m
        [33mid[39m=[32m":r26:-form-item"[39m
        [33mrole[39m=[32m"combobox"[39m
        [33mtype[39m=[32m"button"[39m
      [36m/>[39m

      --------------------------------------------------
      switch:

      Name "Send Credentials":
      [36m<button[39m
        [33maria-checked[39m=[32m"true"[39m
        [33maria-describedby[39m=[32m":r2a:-form-item-description"[39m
        [33maria-invalid[39m=[32m"false"[39m
        [33mclass[39m=[32m"peer inline-flex h-6 w-11 shrink-0 cursor-pointer items-center rounded-full border-2 border-transparent transition-colors focus-visible:outline-none focus-visible:ring-2 focus-visible:ring-ring focus-visible:ring-offset-2 focus-visible:ring-offset-background disabled:cursor-not-allowed disabled:opacity-50 data-[state=checked]:bg-primary data-[state=unchecked]:bg-input"[39m
        [33mdata-state[39m=[32m"checked"[39m
        [33mid[39m=[32m":r2a:-form-item"[39m
        [33mrole[39m=[32m"switch"[39m
        [33mtype[39m=[32m"button"[39m
        [33mvalue[39m=[32m"on"[39m
      [36m/>[39m

      Name "Activate Account":
      [36m<button[39m
        [33maria-checked[39m=[32m"true"[39m
        [33maria-describedby[39m=[32m":r2b:-form-item-description"[39m
        [33maria-invalid[39m=[32m"false"[39m
        [33mclass[39m=[32m"peer inline-flex h-6 w-11 shrink-0 cursor-pointer items-center rounded-full border-2 border-transparent transition-colors focus-visible:outline-none focus-visible:ring-2 focus-visible:ring-ring focus-visible:ring-offset-2 focus-visible:ring-offset-background disabled:cursor-not-allowed disabled:opacity-50 data-[state=checked]:bg-primary data-[state=unchecked]:bg-input"[39m
        [33mdata-state[39m=[32m"checked"[39m
        [33mid[39m=[32m":r2b:-form-item"[39m
        [33mrole[39m=[32m"switch"[39m
        [33mtype[39m=[32m"button"[39m
        [33mvalue[39m=[32m"on"[39m
      [36m/>[39m

      --------------------------------------------------

    Ignored nodes: comments, script, style
    [36m<body>[39m
      [36m<div>[39m
        [36m<form[39m
          [33mclass[39m=[32m"space-y-8"[39m
        [36m>[39m
          [36m<div[39m
            [33mclass[39m=[32m"bg-card text-card-foreground flex flex-col gap-6 rounded-xl border py-6 shadow-sm"[39m
            [33mdata-slot[39m=[32m"card"[39m
          [36m>[39m
            [36m<div[39m
              [33mclass[39m=[32m"@container/card-header grid auto-rows-min grid-rows-[auto_auto] items-start gap-1.5 px-6 has-data-[slot=card-action]:grid-cols-[1fr_auto] [.border-b]:pb-6"[39m
              [33mdata-slot[39m=[32m"card-header"[39m
            [36m>[39m
              [36m<div[39m
                [33mclass[39m=[32m"leading-none font-semibold"[39m
                [33mdata-slot[39m=[32m"card-title"[39m
              [36m>[39m
                [0mBasic Information[0m
              [36m</div>[39m
              [36m<div[39m
                [33mclass[39m=[32m"text-muted-foreground text-sm"[39m
                [33mdata-slot[39m=[32m"card-description"[39m
              [36m>[39m
                [0mTeacher's personal and account information[0m
              [36m</div>[39m
            [36m</div>[39m
            [36m<div[39m
              [33mclass[39m=[32m"px-6 space-y-4"[39m
              [33mdata-slot[39m=[32m"card-content"[39m
            [36m>[39m
              [36m<div[39m
                [33mclass[39m=[32m"space-y-2"[39m
              [36m>[39m
                [36m<label[39m
                  [33mclass[39m=[32m"flex items-center gap-2 text-sm leading-none font-medium select-none group-data-[disabled=true]:pointer-events-none group-data-[disabled=true]:opacity-50 peer-disabled:cursor-not-allowed peer-disabled:opacity-50"[39m
                  [33mdata-slot[39m=[32m"label"[39m
                  [33mfor[39m=[32m":r20:-form-item"[39m
                [36m>[39m
                  [0mEmail Address[0m
                [36m</label>[39m
                [36m<div[39m
                  [33maria-describedby[39m=[32m":r20:-form-item-description"[39m
                  [33maria-invalid[39m=[32m"false"[39m
                [36m>[39m
                  [36m<input[39m
                    [33maria-describedby[39m=[32m":r20:-form-item-description"[39m
                    [33maria-invalid[39m=[32m"false"[39m
                    [33mclass[39m=[32m"file:text-foreground placeholder:text-muted-foreground selection:bg-primary selection:text-primary-foreground dark:bg-input/30 border-input flex h-9 w-full min-w-0 rounded-md border bg-transparent px-3 py-1 text-base shadow-xs transition-[color,box-shadow] outline-none file:inline-flex file:h-7 file:border-0 file:bg-transparent file:text-sm file:font-medium disabled:pointer-events-none disabled:cursor-not-allowed disabled:opacity-50 md:text-sm focus-visible:border-ring focus-visible:ring-ring/50 focus-visible:ring-[3px] aria-invalid:ring-destructive/20 dark:aria-invalid:ring-destructive/40 aria-invalid:border-destructive"[39m
                    [33mdata-slot[39m=[32m"input"[39m
                    [33mid[39m=[32m":r20:-form-item"[39m
                    [33mname[39m=[32m"email"[39m
                    [33mplaceholder[39m=[32m"teacher@example.com"[39m
                    [33mtype[39m=[32m"email"[39m
                    [33mvalue[39m=[32m"teacher@example.com"[39m
                  [36m/>[39m
                [36m</div>[39m
                [36m<p[39m
                  [33mclass[39m=[32m"text-sm text-muted-foreground"[39m
                  [33mid[39m=[32m":r20:-form-item-description"[39m
                [36m>[39m
                  [0mThis will be used for login[0m
                [36m</p>[39m
              [36m</div>[39m
              [36m<div[39m
                [33mclass[39m=[32m"space-y-2"[39m
              [36m>[39m
                [36m<label[39m
                  [33mclass[39m=[32m"flex items-center gap-2 text-sm leading-none font-medium select-none group-data-[disabled=true]:pointer-events-none group-data-[disabled=true]:opacity-50 peer-disabled:cursor-not-allowed peer-disabled:opacity-50"[39m
                  [33mdata-slot[39m=[32m"label"[39m
                  [33mfor[39m=[32m":r21:-form-item"[39m
                [36m>[39m
                  [0mFull Name[0m
                [36m</label>[39m
                [36m<div[39m
                  [33maria-describedby[39m=[32m":r21:-form-item-description"[39m
                  [33maria-invalid[39m=[32m"false"[39m
                [36m>[39m
                  [36m<input[39m
                    [33maria-describedby[39m=[32m":r21:-form-item-description"[39m
                    [33maria-invalid[39m=[32m"false"[39m
                    [33mclass[39m=[32m"file:text-foreground placeholder:text-muted-foreground selection:bg-primary selection:text-primary-foreground dark:bg-input/30 border-input flex h-9 w-full min-w-0 rounded-md border bg-transparent px-3 py-1 text-base shadow-xs transition-[color,box-shadow] outline-none file:inline-flex file:h-7 file:border-0 file:bg-transparent file:text-sm file:font-medium disabled:pointer-events-none disabled:cursor-not-allowed disabled:opacity-50 md:text-sm focus-visible:border-ring focus-visible:ring-ring/50 focus-visible:ring-[3px] aria-invalid:ring-destructive/20 dark:aria-invalid:ring-destructive/40 aria-invalid:border-destructive"[39m
                    [33mdata-slot[39m=[32m"input"[39m
                    [33mid[39m=[32m":r21:-form-item"[39m
                    [33mname[39m=[32m"full_name"[39m
                    [33mplaceholder[39m=[32m"John Doe"[39m
                    [33mvalue[39m=[32m"John Doe"[39m
                  [36m/>[39m
                [36m</div>[39m
              [36m</div>[39m
              [36m<div[39m
                [33mclass[39m=[32m"space-y-2"[39m
              [36m>[39m
                [36m<label[39m
                  [33mclass[39m=[32m"flex items-center gap-2 text-sm leading-none font-medium select-none group-data-[disabled=true]:pointer-events-none group-data-[disabled=true]:opacity-50 peer-disabled:cursor-not-allowed peer-disabled:opacity-50"[39m
                  [33mdata-slot[39m=[32m"label"[39m
                  [33mfor[39m=[32m":r22:-form-item"[39m
                [36m>[39m
                  [0mPassword[0m
                [36m</label>[39m
                [36m<div[39m
                  [33maria-describedby[39m=[32m":r22:-form-item-description"[39m
                  [33maria-invalid[39m=[32m"false"[39m
                [36m>[39m
                  [36m<input[39m
                    [33maria-describedby[39m=[32m":r22:-form-item-description"[39m
                    [33maria-invalid[39m=[32m"false"[39m
                    [33mclass[39m=[32m"file:text-foreground placeholder:text-muted-foreground selection:bg-primary selection:text-primary-foreground dark:bg-input/30 border-input flex h-9 w-full min-w-0 rounded-md border bg-transparent px-3 py-1 text-base shadow-xs transition-[color,box-shadow] outline-none file:inline-flex file:h-7 file:border-0 file:bg-transparent file:text-sm file:font-medium disabled:pointer-events-none disabled:cursor-not-allowed disabled:opacity-50 md:text-sm focus-visible:border-ring focus...

      167 |
      168 |     // Check loading state
    > 169 |     expect(screen.getByRole("button", { name: /Creating/i })).toBeDisabled();
          |                   ^
      170 |
      171 |     // Resolve the promise
      172 |     resolveSubmit({ data: {} });

      at Object.getElementError (node_modules/.pnpm/@testing-library+dom@10.4.0/node_modules/@testing-library/dom/dist/config.js:37:19)
      at node_modules/.pnpm/@testing-library+dom@10.4.0/node_modules/@testing-library/dom/dist/query-helpers.js:76:38
      at node_modules/.pnpm/@testing-library+dom@10.4.0/node_modules/@testing-library/dom/dist/query-helpers.js:52:17
      at node_modules/.pnpm/@testing-library+dom@10.4.0/node_modules/@testing-library/dom/dist/query-helpers.js:95:19
      at Object.getByRole (src/components/admin/teachers/__tests__/TeacherForm.test.tsx:169:19)

FAIL src/components/admin/content/__tests__/ContentSynchronizationDashboard.test.tsx (7.905 s)
  ● Console

    console.log
      Scheduling integration registered

      at ContentSyncIntegration.log [as registerSchedulingIntegration] (src/lib/services/content-sync-integration.ts:396:13)

    console.log
      Capacity integration registered

      at ContentSyncIntegration.log [as registerCapacityIntegration] (src/lib/services/content-sync-integration.ts:404:13)

    console.log
      Rules integration registered

      at ContentSyncIntegration.log [as registerRulesIntegration] (src/lib/services/content-sync-integration.ts:411:13)

  ● ContentSynchronizationDashboard › Rendering and Initial Load › should render loading state initially

    expect(received).toHaveLength(expected)

    Expected length: 4
    Received length: 54
    Received array:  [<div><div … /></div>, <div class="space-y-6 undefined"><div … /><div … /></div>, <div class="grid grid-cols-1 md:grid-cols-2 lg:grid-cols-4 gap-4"><div … /><div … /><div … /><div … /></div>, <div class="bg-card text-card-foreground flex flex-col gap-6 rounded-xl border py-6 shadow-sm" data-slot="card"><div … /><div … /></div>, <div class="@container/card-header auto-rows-min grid-rows-[auto_auto] gap-1.5 px-6 has-data-[slot=card-action]:grid-cols-[1fr_auto] [.border-b]:pb-6 flex flex-row items-center justify-between space-y-0 pb-2" data-slot="card-header"><div … /><svg … /></div>, <div class="text-sm font-medium" data-slot="card-title">Total Groups</div>, <div class="px-6" data-slot="card-content"><div … /><p … /></div>, <div class="text-2xl font-bold">0</div>, <div class="bg-card text-card-foreground flex flex-col gap-6 rounded-xl border py-6 shadow-sm" data-slot="card"><div … /><div … /></div>, <div class="@container/card-header auto-rows-min grid-rows-[auto_auto] gap-1.5 px-6 has-data-[slot=card-action]:grid-cols-[1fr_auto] [.border-b]:pb-6 flex flex-row items-center justify-between space-y-0 pb-2" data-slot="card-header"><div … /><svg … /></div>, …]

      114 |       
      115 |       // Should show loading skeletons
    > 116 |       expect(screen.getAllByRole('generic')).toHaveLength(4); // 4 skeleton cards
          |                                              ^
      117 |     });
      118 |
      119 |     it('should render dashboard with statistics after loading', async () => {

      at Object.toHaveLength (src/components/admin/content/__tests__/ContentSynchronizationDashboard.test.tsx:116:46)

  ● ContentSynchronizationDashboard › Rendering and Initial Load › should render dashboard with statistics after loading

    Unable to find an element with the text: 5. This could be because the text is broken up by multiple elements. In this case, you can provide a function for your text matcher to make your matcher more flexible.

    Ignored nodes: comments, script, style
    [36m<body>[39m
      [36m<div>[39m
        [36m<div[39m
          [33mclass[39m=[32m"space-y-6 undefined"[39m
        [36m>[39m
          [36m<div[39m
            [33mclass[39m=[32m"grid grid-cols-1 md:grid-cols-2 lg:grid-cols-4 gap-4"[39m
          [36m>[39m
            [36m<div[39m
              [33mclass[39m=[32m"bg-card text-card-foreground flex flex-col gap-6 rounded-xl border py-6 shadow-sm"[39m
              [33mdata-slot[39m=[32m"card"[39m
            [36m>[39m
              [36m<div[39m
                [33mclass[39m=[32m"@container/card-header auto-rows-min grid-rows-[auto_auto] gap-1.5 px-6 has-data-[slot=card-action]:grid-cols-[1fr_auto] [.border-b]:pb-6 flex flex-row items-center justify-between space-y-0 pb-2"[39m
                [33mdata-slot[39m=[32m"card-header"[39m
              [36m>[39m
                [36m<div[39m
                  [33mclass[39m=[32m"text-sm font-medium"[39m
                  [33mdata-slot[39m=[32m"card-title"[39m
                [36m>[39m
                  [0mTotal Groups[0m
                [36m</div>[39m
                [36m<svg[39m
                  [33maria-hidden[39m=[32m"true"[39m
                  [33mclass[39m=[32m"lucide lucide-users h-4 w-4 text-muted-foreground"[39m
                  [33mfill[39m=[32m"none"[39m
                  [33mheight[39m=[32m"24"[39m
                  [33mstroke[39m=[32m"currentColor"[39m
                  [33mstroke-linecap[39m=[32m"round"[39m
                  [33mstroke-linejoin[39m=[32m"round"[39m
                  [33mstroke-width[39m=[32m"2"[39m
                  [33mviewBox[39m=[32m"0 0 24 24"[39m
                  [33mwidth[39m=[32m"24"[39m
                  [33mxmlns[39m=[32m"http://www.w3.org/2000/svg"[39m
                [36m>[39m
                  [36m<path[39m
                    [33md[39m=[32m"M16 21v-2a4 4 0 0 0-4-4H6a4 4 0 0 0-4 4v2"[39m
                  [36m/>[39m
                  [36m<path[39m
                    [33md[39m=[32m"M16 3.128a4 4 0 0 1 0 7.744"[39m
                  [36m/>[39m
                  [36m<path[39m
                    [33md[39m=[32m"M22 21v-2a4 4 0 0 0-3-3.87"[39m
                  [36m/>[39m
                  [36m<circle[39m
                    [33mcx[39m=[32m"9"[39m
                    [33mcy[39m=[32m"7"[39m
                    [33mr[39m=[32m"4"[39m
                  [36m/>[39m
                [36m</svg>[39m
              [36m</div>[39m
              [36m<div[39m
                [33mclass[39m=[32m"px-6"[39m
                [33mdata-slot[39m=[32m"card-content"[39m
              [36m>[39m
                [36m<div[39m
                  [33mclass[39m=[32m"text-2xl font-bold"[39m
                [36m>[39m
                  [0m0[0m
                [36m</div>[39m
                [36m<p[39m
                  [33mclass[39m=[32m"text-xs text-muted-foreground"[39m
                [36m>[39m
                  [0mClass groups registered for sync[0m
                [36m</p>[39m
              [36m</div>[39m
            [36m</div>[39m
            [36m<div[39m
              [33mclass[39m=[32m"bg-card text-card-foreground flex flex-col gap-6 rounded-xl border py-6 shadow-sm"[39m
              [33mdata-slot[39m=[32m"card"[39m
            [36m>[39m
              [36m<div[39m
                [33mclass[39m=[32m"@container/card-header auto-rows-min grid-rows-[auto_auto] gap-1.5 px-6 has-data-[slot=card-action]:grid-cols-[1fr_auto] [.border-b]:pb-6 flex flex-row items-center justify-between space-y-0 pb-2"[39m
                [33mdata-slot[39m=[32m"card-header"[39m
              [36m>[39m
                [36m<div[39m
                  [33mclass[39m=[32m"text-sm font-medium"[39m
                  [33mdata-slot[39m=[32m"card-title"[39m
                [36m>[39m
                  [0mActive Operations[0m
                [36m</div>[39m
                [36m<svg[39m
                  [33maria-hidden[39m=[32m"true"[39m
                  [33mclass[39m=[32m"lucide lucide-activity h-4 w-4 text-muted-foreground"[39m
                  [33mfill[39m=[32m"none"[39m
                  [33mheight[39m=[32m"24"[39m
                  [33mstroke[39m=[32m"currentColor"[39m
                  [33mstroke-linecap[39m=[32m"round"[39m
                  [33mstroke-linejoin[39m=[32m"round"[39m
                  [33mstroke-width[39m=[32m"2"[39m
                  [33mviewBox[39m=[32m"0 0 24 24"[39m
                  [33mwidth[39m=[32m"24"[39m
                  [33mxmlns[39m=[32m"http://www.w3.org/2000/svg"[39m
                [36m>[39m
                  [36m<path[39m
                    [33md[39m=[32m"M22 12h-2.48a2 2 0 0 0-1.93 1.46l-2.35 8.36a.25.25 0 0 1-.48 0L9.24 2.18a.25.25 0 0 0-.48 0l-2.35 8.36A2 2 0 0 1 4.49 12H2"[39m
                  [36m/>[39m
                [36m</svg>[39m
              [36m</div>[39m
              [36m<div[39m
                [33mclass[39m=[32m"px-6"[39m
                [33mdata-slot[39m=[32m"card-content"[39m
              [36m>[39m
                [36m<div[39m
                  [33mclass[39m=[32m"text-2xl font-bold"[39m
                [36m>[39m
                  [0m0[0m
                [36m</div>[39m
                [36m<p[39m
                  [33mclass[39m=[32m"text-xs text-muted-foreground"[39m
                [36m>[39m
                  [0mCurrently running sync operations[0m
                [36m</p>[39m
              [36m</div>[39m
            [36m</div>[39m
            [36m<div[39m
              [33mclass[39m=[32m"bg-card text-card-foreground flex flex-col gap-6 rounded-xl border py-6 shadow-sm"[39m
              [33mdata-slot[39m=[32m"card"[39m
            [36m>[39m
              [36m<div[39m
                [33mclass[39m=[32m"@container/card-header auto-rows-min grid-rows-[auto_auto] gap-1.5 px-6 has-data-[slot=card-action]:grid-cols-[1fr_auto] [.border-b]:pb-6 flex flex-row items-center justify-between space-y-0 pb-2"[39m
                [33mdata-slot[39m=[32m"card-header"[39m
              [36m>[39m
                [36m<div[39m
                  [33mclass[39m=[32m"text-sm font-medium"[39m
                  [33mdata-slot[39m=[32m"card-title"[39m
                [36m>[39m
                  [0mSuccess Rate[0m
                [36m</div>[39m
                [36m<svg[39m
                  [33maria-hidden[39m=[32m"true"[39m
                  [33mclass[39m=[32m"lucide lucide-trending-up h-4 w-4 text-muted-foreground"[39m
                  [33mfill[39m=[32m"none"[39m
                  [33mheight[39m=[32m"24"[39m
                  [33mstroke[39m=[32m"currentColor"[39m
                  [33mstroke-linecap[39m=[32m"round"[39m
                  [33mstroke-linejoin[39m=[32m"round"[39m
                  [33mstroke-width[39m=[32m"2"[39m
                  [33mviewBox[39m=[32m"0 0 24 24"[39m
                  [33mwidth[39m=[32m"24"[39m
                  [33mxmlns[39m=[32m"http://www.w3.org/2000/svg"[39m
                [36m>[39m
                  [36m<path[39m
                    [33md[39m=[32m"M16 7h6v6"[39m
                  [36m/>[39m
                  [36m<path[39m
                    [33md[39m=[32m"m22 7-8.5 8.5-5-5L2 17"[39m
                  [36m/>[39m
                [36m</svg>[39m
              [36m</div>[39m
              [36m<div[3...

      120 |       render(<ContentSynchronizationDashboard />);
      121 |
    > 122 |       await waitFor(() => {
          |                    ^
      123 |         expect(screen.getByText('Total Groups')).toBeInTheDocument();
      124 |         expect(screen.getByText('5')).toBeInTheDocument(); // totalGroups value
      125 |         expect(screen.getByText('Active Operations')).toBeInTheDocument();

      at waitForWrapper (node_modules/.pnpm/@testing-library+dom@10.4.0/node_modules/@testing-library/dom/dist/wait-for.js:163:27)
      at Object.<anonymous> (src/components/admin/content/__tests__/ContentSynchronizationDashboard.test.tsx:122:20)

  ● ContentSynchronizationDashboard › Rendering and Initial Load › should calculate and display success rate correctly

    Unable to find an element with the text: 88%. This could be because the text is broken up by multiple elements. In this case, you can provide a function for your text matcher to make your matcher more flexible.

    Ignored nodes: comments, script, style
    [36m<body>[39m
      [36m<div>[39m
        [36m<div[39m
          [33mclass[39m=[32m"space-y-6 undefined"[39m
        [36m>[39m
          [36m<div[39m
            [33mclass[39m=[32m"grid grid-cols-1 md:grid-cols-2 lg:grid-cols-4 gap-4"[39m
          [36m>[39m
            [36m<div[39m
              [33mclass[39m=[32m"bg-card text-card-foreground flex flex-col gap-6 rounded-xl border py-6 shadow-sm"[39m
              [33mdata-slot[39m=[32m"card"[39m
            [36m>[39m
              [36m<div[39m
                [33mclass[39m=[32m"@container/card-header auto-rows-min grid-rows-[auto_auto] gap-1.5 px-6 has-data-[slot=card-action]:grid-cols-[1fr_auto] [.border-b]:pb-6 flex flex-row items-center justify-between space-y-0 pb-2"[39m
                [33mdata-slot[39m=[32m"card-header"[39m
              [36m>[39m
                [36m<div[39m
                  [33mclass[39m=[32m"text-sm font-medium"[39m
                  [33mdata-slot[39m=[32m"card-title"[39m
                [36m>[39m
                  [0mTotal Groups[0m
                [36m</div>[39m
                [36m<svg[39m
                  [33maria-hidden[39m=[32m"true"[39m
                  [33mclass[39m=[32m"lucide lucide-users h-4 w-4 text-muted-foreground"[39m
                  [33mfill[39m=[32m"none"[39m
                  [33mheight[39m=[32m"24"[39m
                  [33mstroke[39m=[32m"currentColor"[39m
                  [33mstroke-linecap[39m=[32m"round"[39m
                  [33mstroke-linejoin[39m=[32m"round"[39m
                  [33mstroke-width[39m=[32m"2"[39m
                  [33mviewBox[39m=[32m"0 0 24 24"[39m
                  [33mwidth[39m=[32m"24"[39m
                  [33mxmlns[39m=[32m"http://www.w3.org/2000/svg"[39m
                [36m>[39m
                  [36m<path[39m
                    [33md[39m=[32m"M16 21v-2a4 4 0 0 0-4-4H6a4 4 0 0 0-4 4v2"[39m
                  [36m/>[39m
                  [36m<path[39m
                    [33md[39m=[32m"M16 3.128a4 4 0 0 1 0 7.744"[39m
                  [36m/>[39m
                  [36m<path[39m
                    [33md[39m=[32m"M22 21v-2a4 4 0 0 0-3-3.87"[39m
                  [36m/>[39m
                  [36m<circle[39m
                    [33mcx[39m=[32m"9"[39m
                    [33mcy[39m=[32m"7"[39m
                    [33mr[39m=[32m"4"[39m
                  [36m/>[39m
                [36m</svg>[39m
              [36m</div>[39m
              [36m<div[39m
                [33mclass[39m=[32m"px-6"[39m
                [33mdata-slot[39m=[32m"card-content"[39m
              [36m>[39m
                [36m<div[39m
                  [33mclass[39m=[32m"text-2xl font-bold"[39m
                [36m>[39m
                  [0m0[0m
                [36m</div>[39m
                [36m<p[39m
                  [33mclass[39m=[32m"text-xs text-muted-foreground"[39m
                [36m>[39m
                  [0mClass groups registered for sync[0m
                [36m</p>[39m
              [36m</div>[39m
            [36m</div>[39m
            [36m<div[39m
              [33mclass[39m=[32m"bg-card text-card-foreground flex flex-col gap-6 rounded-xl border py-6 shadow-sm"[39m
              [33mdata-slot[39m=[32m"card"[39m
            [36m>[39m
              [36m<div[39m
                [33mclass[39m=[32m"@container/card-header auto-rows-min grid-rows-[auto_auto] gap-1.5 px-6 has-data-[slot=card-action]:grid-cols-[1fr_auto] [.border-b]:pb-6 flex flex-row items-center justify-between space-y-0 pb-2"[39m
                [33mdata-slot[39m=[32m"card-header"[39m
              [36m>[39m
                [36m<div[39m
                  [33mclass[39m=[32m"text-sm font-medium"[39m
                  [33mdata-slot[39m=[32m"card-title"[39m
                [36m>[39m
                  [0mActive Operations[0m
                [36m</div>[39m
                [36m<svg[39m
                  [33maria-hidden[39m=[32m"true"[39m
                  [33mclass[39m=[32m"lucide lucide-activity h-4 w-4 text-muted-foreground"[39m
                  [33mfill[39m=[32m"none"[39m
                  [33mheight[39m=[32m"24"[39m
                  [33mstroke[39m=[32m"currentColor"[39m
                  [33mstroke-linecap[39m=[32m"round"[39m
                  [33mstroke-linejoin[39m=[32m"round"[39m
                  [33mstroke-width[39m=[32m"2"[39m
                  [33mviewBox[39m=[32m"0 0 24 24"[39m
                  [33mwidth[39m=[32m"24"[39m
                  [33mxmlns[39m=[32m"http://www.w3.org/2000/svg"[39m
                [36m>[39m
                  [36m<path[39m
                    [33md[39m=[32m"M22 12h-2.48a2 2 0 0 0-1.93 1.46l-2.35 8.36a.25.25 0 0 1-.48 0L9.24 2.18a.25.25 0 0 0-.48 0l-2.35 8.36A2 2 0 0 1 4.49 12H2"[39m
                  [36m/>[39m
                [36m</svg>[39m
              [36m</div>[39m
              [36m<div[39m
                [33mclass[39m=[32m"px-6"[39m
                [33mdata-slot[39m=[32m"card-content"[39m
              [36m>[39m
                [36m<div[39m
                  [33mclass[39m=[32m"text-2xl font-bold"[39m
                [36m>[39m
                  [0m0[0m
                [36m</div>[39m
                [36m<p[39m
                  [33mclass[39m=[32m"text-xs text-muted-foreground"[39m
                [36m>[39m
                  [0mCurrently running sync operations[0m
                [36m</p>[39m
              [36m</div>[39m
            [36m</div>[39m
            [36m<div[39m
              [33mclass[39m=[32m"bg-card text-card-foreground flex flex-col gap-6 rounded-xl border py-6 shadow-sm"[39m
              [33mdata-slot[39m=[32m"card"[39m
            [36m>[39m
              [36m<div[39m
                [33mclass[39m=[32m"@container/card-header auto-rows-min grid-rows-[auto_auto] gap-1.5 px-6 has-data-[slot=card-action]:grid-cols-[1fr_auto] [.border-b]:pb-6 flex flex-row items-center justify-between space-y-0 pb-2"[39m
                [33mdata-slot[39m=[32m"card-header"[39m
              [36m>[39m
                [36m<div[39m
                  [33mclass[39m=[32m"text-sm font-medium"[39m
                  [33mdata-slot[39m=[32m"card-title"[39m
                [36m>[39m
                  [0mSuccess Rate[0m
                [36m</div>[39m
                [36m<svg[39m
                  [33maria-hidden[39m=[32m"true"[39m
                  [33mclass[39m=[32m"lucide lucide-trending-up h-4 w-4 text-muted-foreground"[39m
                  [33mfill[39m=[32m"none"[39m
                  [33mheight[39m=[32m"24"[39m
                  [33mstroke[39m=[32m"currentColor"[39m
                  [33mstroke-linecap[39m=[32m"round"[39m
                  [33mstroke-linejoin[39m=[32m"round"[39m
                  [33mstroke-width[39m=[32m"2"[39m
                  [33mviewBox[39m=[32m"0 0 24 24"[39m
                  [33mwidth[39m=[32m"24"[39m
                  [33mxmlns[39m=[32m"http://www.w3.org/2000/svg"[39m
                [36m>[39m
                  [36m<path[39m
                    [33md[39m=[32m"M16 7h6v6"[39m
                  [36m/>[39m
                  [36m<path[39m
                    [33md[39m=[32m"m22 7-8.5 8.5-5-5L2 17"[39m
                  [36m/>[39m
                [36m</svg>[39m
              [36m</div>[39m
              [36m<div[3...

      131 |       render(<ContentSynchronizationDashboard />);
      132 |
    > 133 |       await waitFor(() => {
          |                    ^
      134 |         // Success rate should be 15/(15+2) = 88% (rounded)
      135 |         expect(screen.getByText('88%')).toBeInTheDocument();
      136 |         expect(screen.getByText('15 of 17 completed')).toBeInTheDocument();

      at waitForWrapper (node_modules/.pnpm/@testing-library+dom@10.4.0/node_modules/@testing-library/dom/dist/wait-for.js:163:27)
      at Object.<anonymous> (src/components/admin/content/__tests__/ContentSynchronizationDashboard.test.tsx:133:20)

  ● ContentSynchronizationDashboard › Health Alerts › should show warning alert when integration health is warning

    Unable to find an element with the text: /warnings that should be reviewed/. This could be because the text is broken up by multiple elements. In this case, you can provide a function for your text matcher to make your matcher more flexible.

    Ignored nodes: comments, script, style
    [36m<body>[39m
      [36m<div>[39m
        [36m<div[39m
          [33mclass[39m=[32m"space-y-6 undefined"[39m
        [36m>[39m
          [36m<div[39m
            [33mclass[39m=[32m"grid grid-cols-1 md:grid-cols-2 lg:grid-cols-4 gap-4"[39m
          [36m>[39m
            [36m<div[39m
              [33mclass[39m=[32m"bg-card text-card-foreground flex flex-col gap-6 rounded-xl border py-6 shadow-sm"[39m
              [33mdata-slot[39m=[32m"card"[39m
            [36m>[39m
              [36m<div[39m
                [33mclass[39m=[32m"@container/card-header auto-rows-min grid-rows-[auto_auto] gap-1.5 px-6 has-data-[slot=card-action]:grid-cols-[1fr_auto] [.border-b]:pb-6 flex flex-row items-center justify-between space-y-0 pb-2"[39m
                [33mdata-slot[39m=[32m"card-header"[39m
              [36m>[39m
                [36m<div[39m
                  [33mclass[39m=[32m"text-sm font-medium"[39m
                  [33mdata-slot[39m=[32m"card-title"[39m
                [36m>[39m
                  [0mTotal Groups[0m
                [36m</div>[39m
                [36m<svg[39m
                  [33maria-hidden[39m=[32m"true"[39m
                  [33mclass[39m=[32m"lucide lucide-users h-4 w-4 text-muted-foreground"[39m
                  [33mfill[39m=[32m"none"[39m
                  [33mheight[39m=[32m"24"[39m
                  [33mstroke[39m=[32m"currentColor"[39m
                  [33mstroke-linecap[39m=[32m"round"[39m
                  [33mstroke-linejoin[39m=[32m"round"[39m
                  [33mstroke-width[39m=[32m"2"[39m
                  [33mviewBox[39m=[32m"0 0 24 24"[39m
                  [33mwidth[39m=[32m"24"[39m
                  [33mxmlns[39m=[32m"http://www.w3.org/2000/svg"[39m
                [36m>[39m
                  [36m<path[39m
                    [33md[39m=[32m"M16 21v-2a4 4 0 0 0-4-4H6a4 4 0 0 0-4 4v2"[39m
                  [36m/>[39m
                  [36m<path[39m
                    [33md[39m=[32m"M16 3.128a4 4 0 0 1 0 7.744"[39m
                  [36m/>[39m
                  [36m<path[39m
                    [33md[39m=[32m"M22 21v-2a4 4 0 0 0-3-3.87"[39m
                  [36m/>[39m
                  [36m<circle[39m
                    [33mcx[39m=[32m"9"[39m
                    [33mcy[39m=[32m"7"[39m
                    [33mr[39m=[32m"4"[39m
                  [36m/>[39m
                [36m</svg>[39m
              [36m</div>[39m
              [36m<div[39m
                [33mclass[39m=[32m"px-6"[39m
                [33mdata-slot[39m=[32m"card-content"[39m
              [36m>[39m
                [36m<div[39m
                  [33mclass[39m=[32m"text-2xl font-bold"[39m
                [36m>[39m
                  [0m0[0m
                [36m</div>[39m
                [36m<p[39m
                  [33mclass[39m=[32m"text-xs text-muted-foreground"[39m
                [36m>[39m
                  [0mClass groups registered for sync[0m
                [36m</p>[39m
              [36m</div>[39m
            [36m</div>[39m
            [36m<div[39m
              [33mclass[39m=[32m"bg-card text-card-foreground flex flex-col gap-6 rounded-xl border py-6 shadow-sm"[39m
              [33mdata-slot[39m=[32m"card"[39m
            [36m>[39m
              [36m<div[39m
                [33mclass[39m=[32m"@container/card-header auto-rows-min grid-rows-[auto_auto] gap-1.5 px-6 has-data-[slot=card-action]:grid-cols-[1fr_auto] [.border-b]:pb-6 flex flex-row items-center justify-between space-y-0 pb-2"[39m
                [33mdata-slot[39m=[32m"card-header"[39m
              [36m>[39m
                [36m<div[39m
                  [33mclass[39m=[32m"text-sm font-medium"[39m
                  [33mdata-slot[39m=[32m"card-title"[39m
                [36m>[39m
                  [0mActive Operations[0m
                [36m</div>[39m
                [36m<svg[39m
                  [33maria-hidden[39m=[32m"true"[39m
                  [33mclass[39m=[32m"lucide lucide-activity h-4 w-4 text-muted-foreground"[39m
                  [33mfill[39m=[32m"none"[39m
                  [33mheight[39m=[32m"24"[39m
                  [33mstroke[39m=[32m"currentColor"[39m
                  [33mstroke-linecap[39m=[32m"round"[39m
                  [33mstroke-linejoin[39m=[32m"round"[39m
                  [33mstroke-width[39m=[32m"2"[39m
                  [33mviewBox[39m=[32m"0 0 24 24"[39m
                  [33mwidth[39m=[32m"24"[39m
                  [33mxmlns[39m=[32m"http://www.w3.org/2000/svg"[39m
                [36m>[39m
                  [36m<path[39m
                    [33md[39m=[32m"M22 12h-2.48a2 2 0 0 0-1.93 1.46l-2.35 8.36a.25.25 0 0 1-.48 0L9.24 2.18a.25.25 0 0 0-.48 0l-2.35 8.36A2 2 0 0 1 4.49 12H2"[39m
                  [36m/>[39m
                [36m</svg>[39m
              [36m</div>[39m
              [36m<div[39m
                [33mclass[39m=[32m"px-6"[39m
                [33mdata-slot[39m=[32m"card-content"[39m
              [36m>[39m
                [36m<div[39m
                  [33mclass[39m=[32m"text-2xl font-bold"[39m
                [36m>[39m
                  [0m0[0m
                [36m</div>[39m
                [36m<p[39m
                  [33mclass[39m=[32m"text-xs text-muted-foreground"[39m
                [36m>[39m
                  [0mCurrently running sync operations[0m
                [36m</p>[39m
              [36m</div>[39m
            [36m</div>[39m
            [36m<div[39m
              [33mclass[39m=[32m"bg-card text-card-foreground flex flex-col gap-6 rounded-xl border py-6 shadow-sm"[39m
              [33mdata-slot[39m=[32m"card"[39m
            [36m>[39m
              [36m<div[39m
                [33mclass[39m=[32m"@container/card-header auto-rows-min grid-rows-[auto_auto] gap-1.5 px-6 has-data-[slot=card-action]:grid-cols-[1fr_auto] [.border-b]:pb-6 flex flex-row items-center justify-between space-y-0 pb-2"[39m
                [33mdata-slot[39m=[32m"card-header"[39m
              [36m>[39m
                [36m<div[39m
                  [33mclass[39m=[32m"text-sm font-medium"[39m
                  [33mdata-slot[39m=[32m"card-title"[39m
                [36m>[39m
                  [0mSuccess Rate[0m
                [36m</div>[39m
                [36m<svg[39m
                  [33maria-hidden[39m=[32m"true"[39m
                  [33mclass[39m=[32m"lucide lucide-trending-up h-4 w-4 text-muted-foreground"[39m
                  [33mfill[39m=[32m"none"[39m
                  [33mheight[39m=[32m"24"[39m
                  [33mstroke[39m=[32m"currentColor"[39m
                  [33mstroke-linecap[39m=[32m"round"[39m
                  [33mstroke-linejoin[39m=[32m"round"[39m
                  [33mstroke-width[39m=[32m"2"[39m
                  [33mviewBox[39m=[32m"0 0 24 24"[39m
                  [33mwidth[39m=[32m"24"[39m
                  [33mxmlns[39m=[32m"http://www.w3.org/2000/svg"[39m
                [36m>[39m
                  [36m<path[39m
                    [33md[39m=[32m"M16 7h6v6"[39m
                  [36m/>[39m
                  [36m<path[39m
                    [33md[39m=[32m"m22 7-8.5 8.5-5-5L2 17"[39m
                  [36m/>[39m
                [36m</svg>[39m
              [36m</div>[39m
              [36m<div[3...

      160 |       render(<ContentSynchronizationDashboard />);
      161 |
    > 162 |       await waitFor(() => {
          |                    ^
      163 |         expect(screen.getByText(/warnings that should be reviewed/)).toBeInTheDocument();
      164 |       });
      165 |     });

      at waitForWrapper (node_modules/.pnpm/@testing-library+dom@10.4.0/node_modules/@testing-library/dom/dist/wait-for.js:163:27)
      at Object.<anonymous> (src/components/admin/content/__tests__/ContentSynchronizationDashboard.test.tsx:162:20)

  ● ContentSynchronizationDashboard › Health Alerts › should show error alert when integration health is error

    Unable to find an element with the text: /errors that require attention/. This could be because the text is broken up by multiple elements. In this case, you can provide a function for your text matcher to make your matcher more flexible.

    Ignored nodes: comments, script, style
    [36m<body>[39m
      [36m<div>[39m
        [36m<div[39m
          [33mclass[39m=[32m"space-y-6 undefined"[39m
        [36m>[39m
          [36m<div[39m
            [33mclass[39m=[32m"grid grid-cols-1 md:grid-cols-2 lg:grid-cols-4 gap-4"[39m
          [36m>[39m
            [36m<div[39m
              [33mclass[39m=[32m"bg-card text-card-foreground flex flex-col gap-6 rounded-xl border py-6 shadow-sm"[39m
              [33mdata-slot[39m=[32m"card"[39m
            [36m>[39m
              [36m<div[39m
                [33mclass[39m=[32m"@container/card-header auto-rows-min grid-rows-[auto_auto] gap-1.5 px-6 has-data-[slot=card-action]:grid-cols-[1fr_auto] [.border-b]:pb-6 flex flex-row items-center justify-between space-y-0 pb-2"[39m
                [33mdata-slot[39m=[32m"card-header"[39m
              [36m>[39m
                [36m<div[39m
                  [33mclass[39m=[32m"text-sm font-medium"[39m
                  [33mdata-slot[39m=[32m"card-title"[39m
                [36m>[39m
                  [0mTotal Groups[0m
                [36m</div>[39m
                [36m<svg[39m
                  [33maria-hidden[39m=[32m"true"[39m
                  [33mclass[39m=[32m"lucide lucide-users h-4 w-4 text-muted-foreground"[39m
                  [33mfill[39m=[32m"none"[39m
                  [33mheight[39m=[32m"24"[39m
                  [33mstroke[39m=[32m"currentColor"[39m
                  [33mstroke-linecap[39m=[32m"round"[39m
                  [33mstroke-linejoin[39m=[32m"round"[39m
                  [33mstroke-width[39m=[32m"2"[39m
                  [33mviewBox[39m=[32m"0 0 24 24"[39m
                  [33mwidth[39m=[32m"24"[39m
                  [33mxmlns[39m=[32m"http://www.w3.org/2000/svg"[39m
                [36m>[39m
                  [36m<path[39m
                    [33md[39m=[32m"M16 21v-2a4 4 0 0 0-4-4H6a4 4 0 0 0-4 4v2"[39m
                  [36m/>[39m
                  [36m<path[39m
                    [33md[39m=[32m"M16 3.128a4 4 0 0 1 0 7.744"[39m
                  [36m/>[39m
                  [36m<path[39m
                    [33md[39m=[32m"M22 21v-2a4 4 0 0 0-3-3.87"[39m
                  [36m/>[39m
                  [36m<circle[39m
                    [33mcx[39m=[32m"9"[39m
                    [33mcy[39m=[32m"7"[39m
                    [33mr[39m=[32m"4"[39m
                  [36m/>[39m
                [36m</svg>[39m
              [36m</div>[39m
              [36m<div[39m
                [33mclass[39m=[32m"px-6"[39m
                [33mdata-slot[39m=[32m"card-content"[39m
              [36m>[39m
                [36m<div[39m
                  [33mclass[39m=[32m"text-2xl font-bold"[39m
                [36m>[39m
                  [0m0[0m
                [36m</div>[39m
                [36m<p[39m
                  [33mclass[39m=[32m"text-xs text-muted-foreground"[39m
                [36m>[39m
                  [0mClass groups registered for sync[0m
                [36m</p>[39m
              [36m</div>[39m
            [36m</div>[39m
            [36m<div[39m
              [33mclass[39m=[32m"bg-card text-card-foreground flex flex-col gap-6 rounded-xl border py-6 shadow-sm"[39m
              [33mdata-slot[39m=[32m"card"[39m
            [36m>[39m
              [36m<div[39m
                [33mclass[39m=[32m"@container/card-header auto-rows-min grid-rows-[auto_auto] gap-1.5 px-6 has-data-[slot=card-action]:grid-cols-[1fr_auto] [.border-b]:pb-6 flex flex-row items-center justify-between space-y-0 pb-2"[39m
                [33mdata-slot[39m=[32m"card-header"[39m
              [36m>[39m
                [36m<div[39m
                  [33mclass[39m=[32m"text-sm font-medium"[39m
                  [33mdata-slot[39m=[32m"card-title"[39m
                [36m>[39m
                  [0mActive Operations[0m
                [36m</div>[39m
                [36m<svg[39m
                  [33maria-hidden[39m=[32m"true"[39m
                  [33mclass[39m=[32m"lucide lucide-activity h-4 w-4 text-muted-foreground"[39m
                  [33mfill[39m=[32m"none"[39m
                  [33mheight[39m=[32m"24"[39m
                  [33mstroke[39m=[32m"currentColor"[39m
                  [33mstroke-linecap[39m=[32m"round"[39m
                  [33mstroke-linejoin[39m=[32m"round"[39m
                  [33mstroke-width[39m=[32m"2"[39m
                  [33mviewBox[39m=[32m"0 0 24 24"[39m
                  [33mwidth[39m=[32m"24"[39m
                  [33mxmlns[39m=[32m"http://www.w3.org/2000/svg"[39m
                [36m>[39m
                  [36m<path[39m
                    [33md[39m=[32m"M22 12h-2.48a2 2 0 0 0-1.93 1.46l-2.35 8.36a.25.25 0 0 1-.48 0L9.24 2.18a.25.25 0 0 0-.48 0l-2.35 8.36A2 2 0 0 1 4.49 12H2"[39m
                  [36m/>[39m
                [36m</svg>[39m
              [36m</div>[39m
              [36m<div[39m
                [33mclass[39m=[32m"px-6"[39m
                [33mdata-slot[39m=[32m"card-content"[39m
              [36m>[39m
                [36m<div[39m
                  [33mclass[39m=[32m"text-2xl font-bold"[39m
                [36m>[39m
                  [0m0[0m
                [36m</div>[39m
                [36m<p[39m
                  [33mclass[39m=[32m"text-xs text-muted-foreground"[39m
                [36m>[39m
                  [0mCurrently running sync operations[0m
                [36m</p>[39m
              [36m</div>[39m
            [36m</div>[39m
            [36m<div[39m
              [33mclass[39m=[32m"bg-card text-card-foreground flex flex-col gap-6 rounded-xl border py-6 shadow-sm"[39m
              [33mdata-slot[39m=[32m"card"[39m
            [36m>[39m
              [36m<div[39m
                [33mclass[39m=[32m"@container/card-header auto-rows-min grid-rows-[auto_auto] gap-1.5 px-6 has-data-[slot=card-action]:grid-cols-[1fr_auto] [.border-b]:pb-6 flex flex-row items-center justify-between space-y-0 pb-2"[39m
                [33mdata-slot[39m=[32m"card-header"[39m
              [36m>[39m
                [36m<div[39m
                  [33mclass[39m=[32m"text-sm font-medium"[39m
                  [33mdata-slot[39m=[32m"card-title"[39m
                [36m>[39m
                  [0mSuccess Rate[0m
                [36m</div>[39m
                [36m<svg[39m
                  [33maria-hidden[39m=[32m"true"[39m
                  [33mclass[39m=[32m"lucide lucide-trending-up h-4 w-4 text-muted-foreground"[39m
                  [33mfill[39m=[32m"none"[39m
                  [33mheight[39m=[32m"24"[39m
                  [33mstroke[39m=[32m"currentColor"[39m
                  [33mstroke-linecap[39m=[32m"round"[39m
                  [33mstroke-linejoin[39m=[32m"round"[39m
                  [33mstroke-width[39m=[32m"2"[39m
                  [33mviewBox[39m=[32m"0 0 24 24"[39m
                  [33mwidth[39m=[32m"24"[39m
                  [33mxmlns[39m=[32m"http://www.w3.org/2000/svg"[39m
                [36m>[39m
                  [36m<path[39m
                    [33md[39m=[32m"M16 7h6v6"[39m
                  [36m/>[39m
                  [36m<path[39m
                    [33md[39m=[32m"m22 7-8.5 8.5-5-5L2 17"[39m
                  [36m/>[39m
                [36m</svg>[39m
              [36m</div>[39m
              [36m<div[3...

      176 |       render(<ContentSynchronizationDashboard />);
      177 |
    > 178 |       await waitFor(() => {
          |                    ^
      179 |         expect(screen.getByText(/errors that require attention/)).toBeInTheDocument();
      180 |       });
      181 |     });

      at waitForWrapper (node_modules/.pnpm/@testing-library+dom@10.4.0/node_modules/@testing-library/dom/dist/wait-for.js:163:27)
      at Object.<anonymous> (src/components/admin/content/__tests__/ContentSynchronizationDashboard.test.tsx:178:20)

  ● ContentSynchronizationDashboard › Tab Navigation › should switch to operations tab when clicked

    TestingLibraryElementError: Unable to find an element with the text: Currently running synchronization operations. This could be because the text is broken up by multiple elements. In this case, you can provide a function for your text matcher to make your matcher more flexible.

    Ignored nodes: comments, script, style
    [36m<body>[39m
      [36m<div>[39m
        [36m<div[39m
          [33mclass[39m=[32m"space-y-6 undefined"[39m
        [36m>[39m
          [36m<div[39m
            [33mclass[39m=[32m"grid grid-cols-1 md:grid-cols-2 lg:grid-cols-4 gap-4"[39m
          [36m>[39m
            [36m<div[39m
              [33mclass[39m=[32m"bg-card text-card-foreground flex flex-col gap-6 rounded-xl border py-6 shadow-sm"[39m
              [33mdata-slot[39m=[32m"card"[39m
            [36m>[39m
              [36m<div[39m
                [33mclass[39m=[32m"@container/card-header auto-rows-min grid-rows-[auto_auto] gap-1.5 px-6 has-data-[slot=card-action]:grid-cols-[1fr_auto] [.border-b]:pb-6 flex flex-row items-center justify-between space-y-0 pb-2"[39m
                [33mdata-slot[39m=[32m"card-header"[39m
              [36m>[39m
                [36m<div[39m
                  [33mclass[39m=[32m"text-sm font-medium"[39m
                  [33mdata-slot[39m=[32m"card-title"[39m
                [36m>[39m
                  [0mTotal Groups[0m
                [36m</div>[39m
                [36m<svg[39m
                  [33maria-hidden[39m=[32m"true"[39m
                  [33mclass[39m=[32m"lucide lucide-users h-4 w-4 text-muted-foreground"[39m
                  [33mfill[39m=[32m"none"[39m
                  [33mheight[39m=[32m"24"[39m
                  [33mstroke[39m=[32m"currentColor"[39m
                  [33mstroke-linecap[39m=[32m"round"[39m
                  [33mstroke-linejoin[39m=[32m"round"[39m
                  [33mstroke-width[39m=[32m"2"[39m
                  [33mviewBox[39m=[32m"0 0 24 24"[39m
                  [33mwidth[39m=[32m"24"[39m
                  [33mxmlns[39m=[32m"http://www.w3.org/2000/svg"[39m
                [36m>[39m
                  [36m<path[39m
                    [33md[39m=[32m"M16 21v-2a4 4 0 0 0-4-4H6a4 4 0 0 0-4 4v2"[39m
                  [36m/>[39m
                  [36m<path[39m
                    [33md[39m=[32m"M16 3.128a4 4 0 0 1 0 7.744"[39m
                  [36m/>[39m
                  [36m<path[39m
                    [33md[39m=[32m"M22 21v-2a4 4 0 0 0-3-3.87"[39m
                  [36m/>[39m
                  [36m<circle[39m
                    [33mcx[39m=[32m"9"[39m
                    [33mcy[39m=[32m"7"[39m
                    [33mr[39m=[32m"4"[39m
                  [36m/>[39m
                [36m</svg>[39m
              [36m</div>[39m
              [36m<div[39m
                [33mclass[39m=[32m"px-6"[39m
                [33mdata-slot[39m=[32m"card-content"[39m
              [36m>[39m
                [36m<div[39m
                  [33mclass[39m=[32m"text-2xl font-bold"[39m
                [36m>[39m
                  [0m0[0m
                [36m</div>[39m
                [36m<p[39m
                  [33mclass[39m=[32m"text-xs text-muted-foreground"[39m
                [36m>[39m
                  [0mClass groups registered for sync[0m
                [36m</p>[39m
              [36m</div>[39m
            [36m</div>[39m
            [36m<div[39m
              [33mclass[39m=[32m"bg-card text-card-foreground flex flex-col gap-6 rounded-xl border py-6 shadow-sm"[39m
              [33mdata-slot[39m=[32m"card"[39m
            [36m>[39m
              [36m<div[39m
                [33mclass[39m=[32m"@container/card-header auto-rows-min grid-rows-[auto_auto] gap-1.5 px-6 has-data-[slot=card-action]:grid-cols-[1fr_auto] [.border-b]:pb-6 flex flex-row items-center justify-between space-y-0 pb-2"[39m
                [33mdata-slot[39m=[32m"card-header"[39m
              [36m>[39m
                [36m<div[39m
                  [33mclass[39m=[32m"text-sm font-medium"[39m
                  [33mdata-slot[39m=[32m"card-title"[39m
                [36m>[39m
                  [0mActive Operations[0m
                [36m</div>[39m
                [36m<svg[39m
                  [33maria-hidden[39m=[32m"true"[39m
                  [33mclass[39m=[32m"lucide lucide-activity h-4 w-4 text-muted-foreground"[39m
                  [33mfill[39m=[32m"none"[39m
                  [33mheight[39m=[32m"24"[39m
                  [33mstroke[39m=[32m"currentColor"[39m
                  [33mstroke-linecap[39m=[32m"round"[39m
                  [33mstroke-linejoin[39m=[32m"round"[39m
                  [33mstroke-width[39m=[32m"2"[39m
                  [33mviewBox[39m=[32m"0 0 24 24"[39m
                  [33mwidth[39m=[32m"24"[39m
                  [33mxmlns[39m=[32m"http://www.w3.org/2000/svg"[39m
                [36m>[39m
                  [36m<path[39m
                    [33md[39m=[32m"M22 12h-2.48a2 2 0 0 0-1.93 1.46l-2.35 8.36a.25.25 0 0 1-.48 0L9.24 2.18a.25.25 0 0 0-.48 0l-2.35 8.36A2 2 0 0 1 4.49 12H2"[39m
                  [36m/>[39m
                [36m</svg>[39m
              [36m</div>[39m
              [36m<div[39m
                [33mclass[39m=[32m"px-6"[39m
                [33mdata-slot[39m=[32m"card-content"[39m
              [36m>[39m
                [36m<div[39m
                  [33mclass[39m=[32m"text-2xl font-bold"[39m
                [36m>[39m
                  [0m0[0m
                [36m</div>[39m
                [36m<p[39m
                  [33mclass[39m=[32m"text-xs text-muted-foreground"[39m
                [36m>[39m
                  [0mCurrently running sync operations[0m
                [36m</p>[39m
              [36m</div>[39m
            [36m</div>[39m
            [36m<div[39m
              [33mclass[39m=[32m"bg-card text-card-foreground flex flex-col gap-6 rounded-xl border py-6 shadow-sm"[39m
              [33mdata-slot[39m=[32m"card"[39m
            [36m>[39m
              [36m<div[39m
                [33mclass[39m=[32m"@container/card-header auto-rows-min grid-rows-[auto_auto] gap-1.5 px-6 has-data-[slot=card-action]:grid-cols-[1fr_auto] [.border-b]:pb-6 flex flex-row items-center justify-between space-y-0 pb-2"[39m
                [33mdata-slot[39m=[32m"card-header"[39m
              [36m>[39m
                [36m<div[39m
                  [33mclass[39m=[32m"text-sm font-medium"[39m
                  [33mdata-slot[39m=[32m"card-title"[39m
                [36m>[39m
                  [0mSuccess Rate[0m
                [36m</div>[39m
                [36m<svg[39m
                  [33maria-hidden[39m=[32m"true"[39m
                  [33mclass[39m=[32m"lucide lucide-trending-up h-4 w-4 text-muted-foreground"[39m
                  [33mfill[39m=[32m"none"[39m
                  [33mheight[39m=[32m"24"[39m
                  [33mstroke[39m=[32m"currentColor"[39m
                  [33mstroke-linecap[39m=[32m"round"[39m
                  [33mstroke-linejoin[39m=[32m"round"[39m
                  [33mstroke-width[39m=[32m"2"[39m
                  [33mviewBox[39m=[32m"0 0 24 24"[39m
                  [33mwidth[39m=[32m"24"[39m
                  [33mxmlns[39m=[32m"http://www.w3.org/2000/svg"[39m
                [36m>[39m
                  [36m<path[39m
                    [33md[39m=[32m"M16 7h6v6"[39m
                  [36m/>[39m
                  [36m<path[39m
                    [33md[39m=[32m"m22 7-8.5 8.5-5-5L2 17"[39m
                  [36m/>[39m
                [36m</svg>[39m
              [36m</div>[39m
              [36m<div[3...

      211 |
      212 |       expect(screen.getByText('Active Operations')).toBeInTheDocument();
    > 213 |       expect(screen.getByText('Currently running synchronization operations')).toBeInTheDocument();
          |                     ^
      214 |     });
      215 |
      216 |     it('should switch to conflicts tab when clicked', async () => {

      at Object.getElementError (node_modules/.pnpm/@testing-library+dom@10.4.0/node_modules/@testing-library/dom/dist/config.js:37:19)
      at node_modules/.pnpm/@testing-library+dom@10.4.0/node_modules/@testing-library/dom/dist/query-helpers.js:76:38
      at node_modules/.pnpm/@testing-library+dom@10.4.0/node_modules/@testing-library/dom/dist/query-helpers.js:52:17
      at node_modules/.pnpm/@testing-library+dom@10.4.0/node_modules/@testing-library/dom/dist/query-helpers.js:95:19
      at Object.getByText (src/components/admin/content/__tests__/ContentSynchronizationDashboard.test.tsx:213:21)

  ● ContentSynchronizationDashboard › Tab Navigation › should switch to conflicts tab when clicked

    TestingLibraryElementError: Unable to find an element with the text: Synchronization Conflicts. This could be because the text is broken up by multiple elements. In this case, you can provide a function for your text matcher to make your matcher more flexible.

    Ignored nodes: comments, script, style
    [36m<body>[39m
      [36m<div>[39m
        [36m<div[39m
          [33mclass[39m=[32m"space-y-6 undefined"[39m
        [36m>[39m
          [36m<div[39m
            [33mclass[39m=[32m"grid grid-cols-1 md:grid-cols-2 lg:grid-cols-4 gap-4"[39m
          [36m>[39m
            [36m<div[39m
              [33mclass[39m=[32m"bg-card text-card-foreground flex flex-col gap-6 rounded-xl border py-6 shadow-sm"[39m
              [33mdata-slot[39m=[32m"card"[39m
            [36m>[39m
              [36m<div[39m
                [33mclass[39m=[32m"@container/card-header auto-rows-min grid-rows-[auto_auto] gap-1.5 px-6 has-data-[slot=card-action]:grid-cols-[1fr_auto] [.border-b]:pb-6 flex flex-row items-center justify-between space-y-0 pb-2"[39m
                [33mdata-slot[39m=[32m"card-header"[39m
              [36m>[39m
                [36m<div[39m
                  [33mclass[39m=[32m"text-sm font-medium"[39m
                  [33mdata-slot[39m=[32m"card-title"[39m
                [36m>[39m
                  [0mTotal Groups[0m
                [36m</div>[39m
                [36m<svg[39m
                  [33maria-hidden[39m=[32m"true"[39m
                  [33mclass[39m=[32m"lucide lucide-users h-4 w-4 text-muted-foreground"[39m
                  [33mfill[39m=[32m"none"[39m
                  [33mheight[39m=[32m"24"[39m
                  [33mstroke[39m=[32m"currentColor"[39m
                  [33mstroke-linecap[39m=[32m"round"[39m
                  [33mstroke-linejoin[39m=[32m"round"[39m
                  [33mstroke-width[39m=[32m"2"[39m
                  [33mviewBox[39m=[32m"0 0 24 24"[39m
                  [33mwidth[39m=[32m"24"[39m
                  [33mxmlns[39m=[32m"http://www.w3.org/2000/svg"[39m
                [36m>[39m
                  [36m<path[39m
                    [33md[39m=[32m"M16 21v-2a4 4 0 0 0-4-4H6a4 4 0 0 0-4 4v2"[39m
                  [36m/>[39m
                  [36m<path[39m
                    [33md[39m=[32m"M16 3.128a4 4 0 0 1 0 7.744"[39m
                  [36m/>[39m
                  [36m<path[39m
                    [33md[39m=[32m"M22 21v-2a4 4 0 0 0-3-3.87"[39m
                  [36m/>[39m
                  [36m<circle[39m
                    [33mcx[39m=[32m"9"[39m
                    [33mcy[39m=[32m"7"[39m
                    [33mr[39m=[32m"4"[39m
                  [36m/>[39m
                [36m</svg>[39m
              [36m</div>[39m
              [36m<div[39m
                [33mclass[39m=[32m"px-6"[39m
                [33mdata-slot[39m=[32m"card-content"[39m
              [36m>[39m
                [36m<div[39m
                  [33mclass[39m=[32m"text-2xl font-bold"[39m
                [36m>[39m
                  [0m0[0m
                [36m</div>[39m
                [36m<p[39m
                  [33mclass[39m=[32m"text-xs text-muted-foreground"[39m
                [36m>[39m
                  [0mClass groups registered for sync[0m
                [36m</p>[39m
              [36m</div>[39m
            [36m</div>[39m
            [36m<div[39m
              [33mclass[39m=[32m"bg-card text-card-foreground flex flex-col gap-6 rounded-xl border py-6 shadow-sm"[39m
              [33mdata-slot[39m=[32m"card"[39m
            [36m>[39m
              [36m<div[39m
                [33mclass[39m=[32m"@container/card-header auto-rows-min grid-rows-[auto_auto] gap-1.5 px-6 has-data-[slot=card-action]:grid-cols-[1fr_auto] [.border-b]:pb-6 flex flex-row items-center justify-between space-y-0 pb-2"[39m
                [33mdata-slot[39m=[32m"card-header"[39m
              [36m>[39m
                [36m<div[39m
                  [33mclass[39m=[32m"text-sm font-medium"[39m
                  [33mdata-slot[39m=[32m"card-title"[39m
                [36m>[39m
                  [0mActive Operations[0m
                [36m</div>[39m
                [36m<svg[39m
                  [33maria-hidden[39m=[32m"true"[39m
                  [33mclass[39m=[32m"lucide lucide-activity h-4 w-4 text-muted-foreground"[39m
                  [33mfill[39m=[32m"none"[39m
                  [33mheight[39m=[32m"24"[39m
                  [33mstroke[39m=[32m"currentColor"[39m
                  [33mstroke-linecap[39m=[32m"round"[39m
                  [33mstroke-linejoin[39m=[32m"round"[39m
                  [33mstroke-width[39m=[32m"2"[39m
                  [33mviewBox[39m=[32m"0 0 24 24"[39m
                  [33mwidth[39m=[32m"24"[39m
                  [33mxmlns[39m=[32m"http://www.w3.org/2000/svg"[39m
                [36m>[39m
                  [36m<path[39m
                    [33md[39m=[32m"M22 12h-2.48a2 2 0 0 0-1.93 1.46l-2.35 8.36a.25.25 0 0 1-.48 0L9.24 2.18a.25.25 0 0 0-.48 0l-2.35 8.36A2 2 0 0 1 4.49 12H2"[39m
                  [36m/>[39m
                [36m</svg>[39m
              [36m</div>[39m
              [36m<div[39m
                [33mclass[39m=[32m"px-6"[39m
                [33mdata-slot[39m=[32m"card-content"[39m
              [36m>[39m
                [36m<div[39m
                  [33mclass[39m=[32m"text-2xl font-bold"[39m
                [36m>[39m
                  [0m0[0m
                [36m</div>[39m
                [36m<p[39m
                  [33mclass[39m=[32m"text-xs text-muted-foreground"[39m
                [36m>[39m
                  [0mCurrently running sync operations[0m
                [36m</p>[39m
              [36m</div>[39m
            [36m</div>[39m
            [36m<div[39m
              [33mclass[39m=[32m"bg-card text-card-foreground flex flex-col gap-6 rounded-xl border py-6 shadow-sm"[39m
              [33mdata-slot[39m=[32m"card"[39m
            [36m>[39m
              [36m<div[39m
                [33mclass[39m=[32m"@container/card-header auto-rows-min grid-rows-[auto_auto] gap-1.5 px-6 has-data-[slot=card-action]:grid-cols-[1fr_auto] [.border-b]:pb-6 flex flex-row items-center justify-between space-y-0 pb-2"[39m
                [33mdata-slot[39m=[32m"card-header"[39m
              [36m>[39m
                [36m<div[39m
                  [33mclass[39m=[32m"text-sm font-medium"[39m
                  [33mdata-slot[39m=[32m"card-title"[39m
                [36m>[39m
                  [0mSuccess Rate[0m
                [36m</div>[39m
                [36m<svg[39m
                  [33maria-hidden[39m=[32m"true"[39m
                  [33mclass[39m=[32m"lucide lucide-trending-up h-4 w-4 text-muted-foreground"[39m
                  [33mfill[39m=[32m"none"[39m
                  [33mheight[39m=[32m"24"[39m
                  [33mstroke[39m=[32m"currentColor"[39m
                  [33mstroke-linecap[39m=[32m"round"[39m
                  [33mstroke-linejoin[39m=[32m"round"[39m
                  [33mstroke-width[39m=[32m"2"[39m
                  [33mviewBox[39m=[32m"0 0 24 24"[39m
                  [33mwidth[39m=[32m"24"[39m
                  [33mxmlns[39m=[32m"http://www.w3.org/2000/svg"[39m
                [36m>[39m
                  [36m<path[39m
                    [33md[39m=[32m"M16 7h6v6"[39m
                  [36m/>[39m
                  [36m<path[39m
                    [33md[39m=[32m"m22 7-8.5 8.5-5-5L2 17"[39m
                  [36m/>[39m
                [36m</svg>[39m
              [36m</div>[39m
              [36m<div[3...

      221 |       });
      222 |
    > 223 |       expect(screen.getByText('Synchronization Conflicts')).toBeInTheDocument();
          |                     ^
      224 |       expect(screen.getByText('Conflicts requiring resolution')).toBeInTheDocument();
      225 |     });
      226 |   });

      at Object.getElementError (node_modules/.pnpm/@testing-library+dom@10.4.0/node_modules/@testing-library/dom/dist/config.js:37:19)
      at node_modules/.pnpm/@testing-library+dom@10.4.0/node_modules/@testing-library/dom/dist/query-helpers.js:76:38
      at node_modules/.pnpm/@testing-library+dom@10.4.0/node_modules/@testing-library/dom/dist/query-helpers.js:52:17
      at node_modules/.pnpm/@testing-library+dom@10.4.0/node_modules/@testing-library/dom/dist/query-helpers.js:95:19
      at Object.getByText (src/components/admin/content/__tests__/ContentSynchronizationDashboard.test.tsx:223:21)

  ● ContentSynchronizationDashboard › Overview Tab › should display recent sync activity

    Unable to find an element with the text: Sync Operation. This could be because the text is broken up by multiple elements. In this case, you can provide a function for your text matcher to make your matcher more flexible.

    Ignored nodes: comments, script, style
    [36m<body>[39m
      [36m<div>[39m
        [36m<div[39m
          [33mclass[39m=[32m"space-y-6 undefined"[39m
        [36m>[39m
          [36m<div[39m
            [33mclass[39m=[32m"grid grid-cols-1 md:grid-cols-2 lg:grid-cols-4 gap-4"[39m
          [36m>[39m
            [36m<div[39m
              [33mclass[39m=[32m"bg-card text-card-foreground flex flex-col gap-6 rounded-xl border py-6 shadow-sm"[39m
              [33mdata-slot[39m=[32m"card"[39m
            [36m>[39m
              [36m<div[39m
                [33mclass[39m=[32m"@container/card-header auto-rows-min grid-rows-[auto_auto] gap-1.5 px-6 has-data-[slot=card-action]:grid-cols-[1fr_auto] [.border-b]:pb-6 flex flex-row items-center justify-between space-y-0 pb-2"[39m
                [33mdata-slot[39m=[32m"card-header"[39m
              [36m>[39m
                [36m<div[39m
                  [33mclass[39m=[32m"text-sm font-medium"[39m
                  [33mdata-slot[39m=[32m"card-title"[39m
                [36m>[39m
                  [0mTotal Groups[0m
                [36m</div>[39m
                [36m<svg[39m
                  [33maria-hidden[39m=[32m"true"[39m
                  [33mclass[39m=[32m"lucide lucide-users h-4 w-4 text-muted-foreground"[39m
                  [33mfill[39m=[32m"none"[39m
                  [33mheight[39m=[32m"24"[39m
                  [33mstroke[39m=[32m"currentColor"[39m
                  [33mstroke-linecap[39m=[32m"round"[39m
                  [33mstroke-linejoin[39m=[32m"round"[39m
                  [33mstroke-width[39m=[32m"2"[39m
                  [33mviewBox[39m=[32m"0 0 24 24"[39m
                  [33mwidth[39m=[32m"24"[39m
                  [33mxmlns[39m=[32m"http://www.w3.org/2000/svg"[39m
                [36m>[39m
                  [36m<path[39m
                    [33md[39m=[32m"M16 21v-2a4 4 0 0 0-4-4H6a4 4 0 0 0-4 4v2"[39m
                  [36m/>[39m
                  [36m<path[39m
                    [33md[39m=[32m"M16 3.128a4 4 0 0 1 0 7.744"[39m
                  [36m/>[39m
                  [36m<path[39m
                    [33md[39m=[32m"M22 21v-2a4 4 0 0 0-3-3.87"[39m
                  [36m/>[39m
                  [36m<circle[39m
                    [33mcx[39m=[32m"9"[39m
                    [33mcy[39m=[32m"7"[39m
                    [33mr[39m=[32m"4"[39m
                  [36m/>[39m
                [36m</svg>[39m
              [36m</div>[39m
              [36m<div[39m
                [33mclass[39m=[32m"px-6"[39m
                [33mdata-slot[39m=[32m"card-content"[39m
              [36m>[39m
                [36m<div[39m
                  [33mclass[39m=[32m"text-2xl font-bold"[39m
                [36m>[39m
                  [0m0[0m
                [36m</div>[39m
                [36m<p[39m
                  [33mclass[39m=[32m"text-xs text-muted-foreground"[39m
                [36m>[39m
                  [0mClass groups registered for sync[0m
                [36m</p>[39m
              [36m</div>[39m
            [36m</div>[39m
            [36m<div[39m
              [33mclass[39m=[32m"bg-card text-card-foreground flex flex-col gap-6 rounded-xl border py-6 shadow-sm"[39m
              [33mdata-slot[39m=[32m"card"[39m
            [36m>[39m
              [36m<div[39m
                [33mclass[39m=[32m"@container/card-header auto-rows-min grid-rows-[auto_auto] gap-1.5 px-6 has-data-[slot=card-action]:grid-cols-[1fr_auto] [.border-b]:pb-6 flex flex-row items-center justify-between space-y-0 pb-2"[39m
                [33mdata-slot[39m=[32m"card-header"[39m
              [36m>[39m
                [36m<div[39m
                  [33mclass[39m=[32m"text-sm font-medium"[39m
                  [33mdata-slot[39m=[32m"card-title"[39m
                [36m>[39m
                  [0mActive Operations[0m
                [36m</div>[39m
                [36m<svg[39m
                  [33maria-hidden[39m=[32m"true"[39m
                  [33mclass[39m=[32m"lucide lucide-activity h-4 w-4 text-muted-foreground"[39m
                  [33mfill[39m=[32m"none"[39m
                  [33mheight[39m=[32m"24"[39m
                  [33mstroke[39m=[32m"currentColor"[39m
                  [33mstroke-linecap[39m=[32m"round"[39m
                  [33mstroke-linejoin[39m=[32m"round"[39m
                  [33mstroke-width[39m=[32m"2"[39m
                  [33mviewBox[39m=[32m"0 0 24 24"[39m
                  [33mwidth[39m=[32m"24"[39m
                  [33mxmlns[39m=[32m"http://www.w3.org/2000/svg"[39m
                [36m>[39m
                  [36m<path[39m
                    [33md[39m=[32m"M22 12h-2.48a2 2 0 0 0-1.93 1.46l-2.35 8.36a.25.25 0 0 1-.48 0L9.24 2.18a.25.25 0 0 0-.48 0l-2.35 8.36A2 2 0 0 1 4.49 12H2"[39m
                  [36m/>[39m
                [36m</svg>[39m
              [36m</div>[39m
              [36m<div[39m
                [33mclass[39m=[32m"px-6"[39m
                [33mdata-slot[39m=[32m"card-content"[39m
              [36m>[39m
                [36m<div[39m
                  [33mclass[39m=[32m"text-2xl font-bold"[39m
                [36m>[39m
                  [0m0[0m
                [36m</div>[39m
                [36m<p[39m
                  [33mclass[39m=[32m"text-xs text-muted-foreground"[39m
                [36m>[39m
                  [0mCurrently running sync operations[0m
                [36m</p>[39m
              [36m</div>[39m
            [36m</div>[39m
            [36m<div[39m
              [33mclass[39m=[32m"bg-card text-card-foreground flex flex-col gap-6 rounded-xl border py-6 shadow-sm"[39m
              [33mdata-slot[39m=[32m"card"[39m
            [36m>[39m
              [36m<div[39m
                [33mclass[39m=[32m"@container/card-header auto-rows-min grid-rows-[auto_auto] gap-1.5 px-6 has-data-[slot=card-action]:grid-cols-[1fr_auto] [.border-b]:pb-6 flex flex-row items-center justify-between space-y-0 pb-2"[39m
                [33mdata-slot[39m=[32m"card-header"[39m
              [36m>[39m
                [36m<div[39m
                  [33mclass[39m=[32m"text-sm font-medium"[39m
                  [33mdata-slot[39m=[32m"card-title"[39m
                [36m>[39m
                  [0mSuccess Rate[0m
                [36m</div>[39m
                [36m<svg[39m
                  [33maria-hidden[39m=[32m"true"[39m
                  [33mclass[39m=[32m"lucide lucide-trending-up h-4 w-4 text-muted-foreground"[39m
                  [33mfill[39m=[32m"none"[39m
                  [33mheight[39m=[32m"24"[39m
                  [33mstroke[39m=[32m"currentColor"[39m
                  [33mstroke-linecap[39m=[32m"round"[39m
                  [33mstroke-linejoin[39m=[32m"round"[39m
                  [33mstroke-width[39m=[32m"2"[39m
                  [33mviewBox[39m=[32m"0 0 24 24"[39m
                  [33mwidth[39m=[32m"24"[39m
                  [33mxmlns[39m=[32m"http://www.w3.org/2000/svg"[39m
                [36m>[39m
                  [36m<path[39m
                    [33md[39m=[32m"M16 7h6v6"[39m
                  [36m/>[39m
                  [36m<path[39m
                    [33md[39m=[32m"m22 7-8.5 8.5-5-5L2 17"[39m
                  [36m/>[39m
                [36m</svg>[39m
              [36m</div>[39m
              [36m<div[3...

      230 |       render(<ContentSynchronizationDashboard />);
      231 |
    > 232 |       await waitFor(() => {
          |                    ^
      233 |         expect(screen.getByText('Recent Sync Activity')).toBeInTheDocument();
      234 |         expect(screen.getByText('Sync Operation')).toBeInTheDocument();
      235 |         expect(screen.getByText('Batch_sync Operation')).toBeInTheDocument();

      at waitForWrapper (node_modules/.pnpm/@testing-library+dom@10.4.0/node_modules/@testing-library/dom/dist/wait-for.js:163:27)
      at Object.<anonymous> (src/components/admin/content/__tests__/ContentSynchronizationDashboard.test.tsx:232:20)

  ● ContentSynchronizationDashboard › Operations Tab › should display active operations with details

    TestingLibraryElementError: Unable to find an element with the text: Sync Operation. This could be because the text is broken up by multiple elements. In this case, you can provide a function for your text matcher to make your matcher more flexible.

    Ignored nodes: comments, script, style
    [36m<body>[39m
      [36m<div>[39m
        [36m<div[39m
          [33mclass[39m=[32m"space-y-6 undefined"[39m
        [36m>[39m
          [36m<div[39m
            [33mclass[39m=[32m"grid grid-cols-1 md:grid-cols-2 lg:grid-cols-4 gap-4"[39m
          [36m>[39m
            [36m<div[39m
              [33mclass[39m=[32m"bg-card text-card-foreground flex flex-col gap-6 rounded-xl border py-6 shadow-sm"[39m
              [33mdata-slot[39m=[32m"card"[39m
            [36m>[39m
              [36m<div[39m
                [33mclass[39m=[32m"@container/card-header auto-rows-min grid-rows-[auto_auto] gap-1.5 px-6 has-data-[slot=card-action]:grid-cols-[1fr_auto] [.border-b]:pb-6 flex flex-row items-center justify-between space-y-0 pb-2"[39m
                [33mdata-slot[39m=[32m"card-header"[39m
              [36m>[39m
                [36m<div[39m
                  [33mclass[39m=[32m"text-sm font-medium"[39m
                  [33mdata-slot[39m=[32m"card-title"[39m
                [36m>[39m
                  [0mTotal Groups[0m
                [36m</div>[39m
                [36m<svg[39m
                  [33maria-hidden[39m=[32m"true"[39m
                  [33mclass[39m=[32m"lucide lucide-users h-4 w-4 text-muted-foreground"[39m
                  [33mfill[39m=[32m"none"[39m
                  [33mheight[39m=[32m"24"[39m
                  [33mstroke[39m=[32m"currentColor"[39m
                  [33mstroke-linecap[39m=[32m"round"[39m
                  [33mstroke-linejoin[39m=[32m"round"[39m
                  [33mstroke-width[39m=[32m"2"[39m
                  [33mviewBox[39m=[32m"0 0 24 24"[39m
                  [33mwidth[39m=[32m"24"[39m
                  [33mxmlns[39m=[32m"http://www.w3.org/2000/svg"[39m
                [36m>[39m
                  [36m<path[39m
                    [33md[39m=[32m"M16 21v-2a4 4 0 0 0-4-4H6a4 4 0 0 0-4 4v2"[39m
                  [36m/>[39m
                  [36m<path[39m
                    [33md[39m=[32m"M16 3.128a4 4 0 0 1 0 7.744"[39m
                  [36m/>[39m
                  [36m<path[39m
                    [33md[39m=[32m"M22 21v-2a4 4 0 0 0-3-3.87"[39m
                  [36m/>[39m
                  [36m<circle[39m
                    [33mcx[39m=[32m"9"[39m
                    [33mcy[39m=[32m"7"[39m
                    [33mr[39m=[32m"4"[39m
                  [36m/>[39m
                [36m</svg>[39m
              [36m</div>[39m
              [36m<div[39m
                [33mclass[39m=[32m"px-6"[39m
                [33mdata-slot[39m=[32m"card-content"[39m
              [36m>[39m
                [36m<div[39m
                  [33mclass[39m=[32m"text-2xl font-bold"[39m
                [36m>[39m
                  [0m0[0m
                [36m</div>[39m
                [36m<p[39m
                  [33mclass[39m=[32m"text-xs text-muted-foreground"[39m
                [36m>[39m
                  [0mClass groups registered for sync[0m
                [36m</p>[39m
              [36m</div>[39m
            [36m</div>[39m
            [36m<div[39m
              [33mclass[39m=[32m"bg-card text-card-foreground flex flex-col gap-6 rounded-xl border py-6 shadow-sm"[39m
              [33mdata-slot[39m=[32m"card"[39m
            [36m>[39m
              [36m<div[39m
                [33mclass[39m=[32m"@container/card-header auto-rows-min grid-rows-[auto_auto] gap-1.5 px-6 has-data-[slot=card-action]:grid-cols-[1fr_auto] [.border-b]:pb-6 flex flex-row items-center justify-between space-y-0 pb-2"[39m
                [33mdata-slot[39m=[32m"card-header"[39m
              [36m>[39m
                [36m<div[39m
                  [33mclass[39m=[32m"text-sm font-medium"[39m
                  [33mdata-slot[39m=[32m"card-title"[39m
                [36m>[39m
                  [0mActive Operations[0m
                [36m</div>[39m
                [36m<svg[39m
                  [33maria-hidden[39m=[32m"true"[39m
                  [33mclass[39m=[32m"lucide lucide-activity h-4 w-4 text-muted-foreground"[39m
                  [33mfill[39m=[32m"none"[39m
                  [33mheight[39m=[32m"24"[39m
                  [33mstroke[39m=[32m"currentColor"[39m
                  [33mstroke-linecap[39m=[32m"round"[39m
                  [33mstroke-linejoin[39m=[32m"round"[39m
                  [33mstroke-width[39m=[32m"2"[39m
                  [33mviewBox[39m=[32m"0 0 24 24"[39m
                  [33mwidth[39m=[32m"24"[39m
                  [33mxmlns[39m=[32m"http://www.w3.org/2000/svg"[39m
                [36m>[39m
                  [36m<path[39m
                    [33md[39m=[32m"M22 12h-2.48a2 2 0 0 0-1.93 1.46l-2.35 8.36a.25.25 0 0 1-.48 0L9.24 2.18a.25.25 0 0 0-.48 0l-2.35 8.36A2 2 0 0 1 4.49 12H2"[39m
                  [36m/>[39m
                [36m</svg>[39m
              [36m</div>[39m
              [36m<div[39m
                [33mclass[39m=[32m"px-6"[39m
                [33mdata-slot[39m=[32m"card-content"[39m
              [36m>[39m
                [36m<div[39m
                  [33mclass[39m=[32m"text-2xl font-bold"[39m
                [36m>[39m
                  [0m0[0m
                [36m</div>[39m
                [36m<p[39m
                  [33mclass[39m=[32m"text-xs text-muted-foreground"[39m
                [36m>[39m
                  [0mCurrently running sync operations[0m
                [36m</p>[39m
              [36m</div>[39m
            [36m</div>[39m
            [36m<div[39m
              [33mclass[39m=[32m"bg-card text-card-foreground flex flex-col gap-6 rounded-xl border py-6 shadow-sm"[39m
              [33mdata-slot[39m=[32m"card"[39m
            [36m>[39m
              [36m<div[39m
                [33mclass[39m=[32m"@container/card-header auto-rows-min grid-rows-[auto_auto] gap-1.5 px-6 has-data-[slot=card-action]:grid-cols-[1fr_auto] [.border-b]:pb-6 flex flex-row items-center justify-between space-y-0 pb-2"[39m
                [33mdata-slot[39m=[32m"card-header"[39m
              [36m>[39m
                [36m<div[39m
                  [33mclass[39m=[32m"text-sm font-medium"[39m
                  [33mdata-slot[39m=[32m"card-title"[39m
                [36m>[39m
                  [0mSuccess Rate[0m
                [36m</div>[39m
                [36m<svg[39m
                  [33maria-hidden[39m=[32m"true"[39m
                  [33mclass[39m=[32m"lucide lucide-trending-up h-4 w-4 text-muted-foreground"[39m
                  [33mfill[39m=[32m"none"[39m
                  [33mheight[39m=[32m"24"[39m
                  [33mstroke[39m=[32m"currentColor"[39m
                  [33mstroke-linecap[39m=[32m"round"[39m
                  [33mstroke-linejoin[39m=[32m"round"[39m
                  [33mstroke-width[39m=[32m"2"[39m
                  [33mviewBox[39m=[32m"0 0 24 24"[39m
                  [33mwidth[39m=[32m"24"[39m
                  [33mxmlns[39m=[32m"http://www.w3.org/2000/svg"[39m
                [36m>[39m
                  [36m<path[39m
                    [33md[39m=[32m"M16 7h6v6"[39m
                  [36m/>[39m
                  [36m<path[39m
                    [33md[39m=[32m"m22 7-8.5 8.5-5-5L2 17"[39m
                  [36m/>[39m
                [36m</svg>[39m
              [36m</div>[39m
              [36m<div[3...

      267 |       });
      268 |
    > 269 |       expect(screen.getByText('Sync Operation')).toBeInTheDocument();
          |                     ^
      270 |       expect(screen.getByText('Source: group-1 → 1 target(s)')).toBeInTheDocument();
      271 |       expect(screen.getByText('Batch_sync Operation')).toBeInTheDocument();
      272 |       expect(screen.getByText('Source: group-3 → 2 target(s)')).toBeInTheDocument();

      at Object.getElementError (node_modules/.pnpm/@testing-library+dom@10.4.0/node_modules/@testing-library/dom/dist/config.js:37:19)
      at node_modules/.pnpm/@testing-library+dom@10.4.0/node_modules/@testing-library/dom/dist/query-helpers.js:76:38
      at node_modules/.pnpm/@testing-library+dom@10.4.0/node_modules/@testing-library/dom/dist/query-helpers.js:52:17
      at node_modules/.pnpm/@testing-library+dom@10.4.0/node_modules/@testing-library/dom/dist/query-helpers.js:95:19
      at Object.getByText (src/components/admin/content/__tests__/ContentSynchronizationDashboard.test.tsx:269:21)

  ● ContentSynchronizationDashboard › Operations Tab › should show empty state when no active operations

    TestingLibraryElementError: Unable to find an element with the text: No active operations. This could be because the text is broken up by multiple elements. In this case, you can provide a function for your text matcher to make your matcher more flexible.

    Ignored nodes: comments, script, style
    [36m<body>[39m
      [36m<div>[39m
        [36m<div[39m
          [33mclass[39m=[32m"space-y-6 undefined"[39m
        [36m>[39m
          [36m<div[39m
            [33mclass[39m=[32m"grid grid-cols-1 md:grid-cols-2 lg:grid-cols-4 gap-4"[39m
          [36m>[39m
            [36m<div[39m
              [33mclass[39m=[32m"bg-card text-card-foreground flex flex-col gap-6 rounded-xl border py-6 shadow-sm"[39m
              [33mdata-slot[39m=[32m"card"[39m
            [36m>[39m
              [36m<div[39m
                [33mclass[39m=[32m"@container/card-header auto-rows-min grid-rows-[auto_auto] gap-1.5 px-6 has-data-[slot=card-action]:grid-cols-[1fr_auto] [.border-b]:pb-6 flex flex-row items-center justify-between space-y-0 pb-2"[39m
                [33mdata-slot[39m=[32m"card-header"[39m
              [36m>[39m
                [36m<div[39m
                  [33mclass[39m=[32m"text-sm font-medium"[39m
                  [33mdata-slot[39m=[32m"card-title"[39m
                [36m>[39m
                  [0mTotal Groups[0m
                [36m</div>[39m
                [36m<svg[39m
                  [33maria-hidden[39m=[32m"true"[39m
                  [33mclass[39m=[32m"lucide lucide-users h-4 w-4 text-muted-foreground"[39m
                  [33mfill[39m=[32m"none"[39m
                  [33mheight[39m=[32m"24"[39m
                  [33mstroke[39m=[32m"currentColor"[39m
                  [33mstroke-linecap[39m=[32m"round"[39m
                  [33mstroke-linejoin[39m=[32m"round"[39m
                  [33mstroke-width[39m=[32m"2"[39m
                  [33mviewBox[39m=[32m"0 0 24 24"[39m
                  [33mwidth[39m=[32m"24"[39m
                  [33mxmlns[39m=[32m"http://www.w3.org/2000/svg"[39m
                [36m>[39m
                  [36m<path[39m
                    [33md[39m=[32m"M16 21v-2a4 4 0 0 0-4-4H6a4 4 0 0 0-4 4v2"[39m
                  [36m/>[39m
                  [36m<path[39m
                    [33md[39m=[32m"M16 3.128a4 4 0 0 1 0 7.744"[39m
                  [36m/>[39m
                  [36m<path[39m
                    [33md[39m=[32m"M22 21v-2a4 4 0 0 0-3-3.87"[39m
                  [36m/>[39m
                  [36m<circle[39m
                    [33mcx[39m=[32m"9"[39m
                    [33mcy[39m=[32m"7"[39m
                    [33mr[39m=[32m"4"[39m
                  [36m/>[39m
                [36m</svg>[39m
              [36m</div>[39m
              [36m<div[39m
                [33mclass[39m=[32m"px-6"[39m
                [33mdata-slot[39m=[32m"card-content"[39m
              [36m>[39m
                [36m<div[39m
                  [33mclass[39m=[32m"text-2xl font-bold"[39m
                [36m>[39m
                  [0m0[0m
                [36m</div>[39m
                [36m<p[39m
                  [33mclass[39m=[32m"text-xs text-muted-foreground"[39m
                [36m>[39m
                  [0mClass groups registered for sync[0m
                [36m</p>[39m
              [36m</div>[39m
            [36m</div>[39m
            [36m<div[39m
              [33mclass[39m=[32m"bg-card text-card-foreground flex flex-col gap-6 rounded-xl border py-6 shadow-sm"[39m
              [33mdata-slot[39m=[32m"card"[39m
            [36m>[39m
              [36m<div[39m
                [33mclass[39m=[32m"@container/card-header auto-rows-min grid-rows-[auto_auto] gap-1.5 px-6 has-data-[slot=card-action]:grid-cols-[1fr_auto] [.border-b]:pb-6 flex flex-row items-center justify-between space-y-0 pb-2"[39m
                [33mdata-slot[39m=[32m"card-header"[39m
              [36m>[39m
                [36m<div[39m
                  [33mclass[39m=[32m"text-sm font-medium"[39m
                  [33mdata-slot[39m=[32m"card-title"[39m
                [36m>[39m
                  [0mActive Operations[0m
                [36m</div>[39m
                [36m<svg[39m
                  [33maria-hidden[39m=[32m"true"[39m
                  [33mclass[39m=[32m"lucide lucide-activity h-4 w-4 text-muted-foreground"[39m
                  [33mfill[39m=[32m"none"[39m
                  [33mheight[39m=[32m"24"[39m
                  [33mstroke[39m=[32m"currentColor"[39m
                  [33mstroke-linecap[39m=[32m"round"[39m
                  [33mstroke-linejoin[39m=[32m"round"[39m
                  [33mstroke-width[39m=[32m"2"[39m
                  [33mviewBox[39m=[32m"0 0 24 24"[39m
                  [33mwidth[39m=[32m"24"[39m
                  [33mxmlns[39m=[32m"http://www.w3.org/2000/svg"[39m
                [36m>[39m
                  [36m<path[39m
                    [33md[39m=[32m"M22 12h-2.48a2 2 0 0 0-1.93 1.46l-2.35 8.36a.25.25 0 0 1-.48 0L9.24 2.18a.25.25 0 0 0-.48 0l-2.35 8.36A2 2 0 0 1 4.49 12H2"[39m
                  [36m/>[39m
                [36m</svg>[39m
              [36m</div>[39m
              [36m<div[39m
                [33mclass[39m=[32m"px-6"[39m
                [33mdata-slot[39m=[32m"card-content"[39m
              [36m>[39m
                [36m<div[39m
                  [33mclass[39m=[32m"text-2xl font-bold"[39m
                [36m>[39m
                  [0m0[0m
                [36m</div>[39m
                [36m<p[39m
                  [33mclass[39m=[32m"text-xs text-muted-foreground"[39m
                [36m>[39m
                  [0mCurrently running sync operations[0m
                [36m</p>[39m
              [36m</div>[39m
            [36m</div>[39m
            [36m<div[39m
              [33mclass[39m=[32m"bg-card text-card-foreground flex flex-col gap-6 rounded-xl border py-6 shadow-sm"[39m
              [33mdata-slot[39m=[32m"card"[39m
            [36m>[39m
              [36m<div[39m
                [33mclass[39m=[32m"@container/card-header auto-rows-min grid-rows-[auto_auto] gap-1.5 px-6 has-data-[slot=card-action]:grid-cols-[1fr_auto] [.border-b]:pb-6 flex flex-row items-center justify-between space-y-0 pb-2"[39m
                [33mdata-slot[39m=[32m"card-header"[39m
              [36m>[39m
                [36m<div[39m
                  [33mclass[39m=[32m"text-sm font-medium"[39m
                  [33mdata-slot[39m=[32m"card-title"[39m
                [36m>[39m
                  [0mSuccess Rate[0m
                [36m</div>[39m
                [36m<svg[39m
                  [33maria-hidden[39m=[32m"true"[39m
                  [33mclass[39m=[32m"lucide lucide-trending-up h-4 w-4 text-muted-foreground"[39m
                  [33mfill[39m=[32m"none"[39m
                  [33mheight[39m=[32m"24"[39m
                  [33mstroke[39m=[32m"currentColor"[39m
                  [33mstroke-linecap[39m=[32m"round"[39m
                  [33mstroke-linejoin[39m=[32m"round"[39m
                  [33mstroke-width[39m=[32m"2"[39m
                  [33mviewBox[39m=[32m"0 0 24 24"[39m
                  [33mwidth[39m=[32m"24"[39m
                  [33mxmlns[39m=[32m"http://www.w3.org/2000/svg"[39m
                [36m>[39m
                  [36m<path[39m
                    [33md[39m=[32m"M16 7h6v6"[39m
                  [36m/>[39m
                  [36m<path[39m
                    [33md[39m=[32m"m22 7-8.5 8.5-5-5L2 17"[39m
                  [36m/>[39m
                [36m</svg>[39m
              [36m</div>[39m
              [36m<div[3...

      282 |       });
      283 |
    > 284 |       expect(screen.getByText('No active operations')).toBeInTheDocument();
          |                     ^
      285 |     });
      286 |
      287 |     it('should display retry button for failed operations', async () => {

      at Object.getElementError (node_modules/.pnpm/@testing-library+dom@10.4.0/node_modules/@testing-library/dom/dist/config.js:37:19)
      at node_modules/.pnpm/@testing-library+dom@10.4.0/node_modules/@testing-library/dom/dist/query-helpers.js:76:38
      at node_modules/.pnpm/@testing-library+dom@10.4.0/node_modules/@testing-library/dom/dist/query-helpers.js:52:17
      at node_modules/.pnpm/@testing-library+dom@10.4.0/node_modules/@testing-library/dom/dist/query-helpers.js:95:19
      at Object.getByText (src/components/admin/content/__tests__/ContentSynchronizationDashboard.test.tsx:284:21)

  ● ContentSynchronizationDashboard › Operations Tab › should display retry button for failed operations

    TestingLibraryElementError: Unable to find an element with the text: Retry. This could be because the text is broken up by multiple elements. In this case, you can provide a function for your text matcher to make your matcher more flexible.

    Ignored nodes: comments, script, style
    [36m<body>[39m
      [36m<div>[39m
        [36m<div[39m
          [33mclass[39m=[32m"space-y-6 undefined"[39m
        [36m>[39m
          [36m<div[39m
            [33mclass[39m=[32m"grid grid-cols-1 md:grid-cols-2 lg:grid-cols-4 gap-4"[39m
          [36m>[39m
            [36m<div[39m
              [33mclass[39m=[32m"bg-card text-card-foreground flex flex-col gap-6 rounded-xl border py-6 shadow-sm"[39m
              [33mdata-slot[39m=[32m"card"[39m
            [36m>[39m
              [36m<div[39m
                [33mclass[39m=[32m"@container/card-header auto-rows-min grid-rows-[auto_auto] gap-1.5 px-6 has-data-[slot=card-action]:grid-cols-[1fr_auto] [.border-b]:pb-6 flex flex-row items-center justify-between space-y-0 pb-2"[39m
                [33mdata-slot[39m=[32m"card-header"[39m
              [36m>[39m
                [36m<div[39m
                  [33mclass[39m=[32m"text-sm font-medium"[39m
                  [33mdata-slot[39m=[32m"card-title"[39m
                [36m>[39m
                  [0mTotal Groups[0m
                [36m</div>[39m
                [36m<svg[39m
                  [33maria-hidden[39m=[32m"true"[39m
                  [33mclass[39m=[32m"lucide lucide-users h-4 w-4 text-muted-foreground"[39m
                  [33mfill[39m=[32m"none"[39m
                  [33mheight[39m=[32m"24"[39m
                  [33mstroke[39m=[32m"currentColor"[39m
                  [33mstroke-linecap[39m=[32m"round"[39m
                  [33mstroke-linejoin[39m=[32m"round"[39m
                  [33mstroke-width[39m=[32m"2"[39m
                  [33mviewBox[39m=[32m"0 0 24 24"[39m
                  [33mwidth[39m=[32m"24"[39m
                  [33mxmlns[39m=[32m"http://www.w3.org/2000/svg"[39m
                [36m>[39m
                  [36m<path[39m
                    [33md[39m=[32m"M16 21v-2a4 4 0 0 0-4-4H6a4 4 0 0 0-4 4v2"[39m
                  [36m/>[39m
                  [36m<path[39m
                    [33md[39m=[32m"M16 3.128a4 4 0 0 1 0 7.744"[39m
                  [36m/>[39m
                  [36m<path[39m
                    [33md[39m=[32m"M22 21v-2a4 4 0 0 0-3-3.87"[39m
                  [36m/>[39m
                  [36m<circle[39m
                    [33mcx[39m=[32m"9"[39m
                    [33mcy[39m=[32m"7"[39m
                    [33mr[39m=[32m"4"[39m
                  [36m/>[39m
                [36m</svg>[39m
              [36m</div>[39m
              [36m<div[39m
                [33mclass[39m=[32m"px-6"[39m
                [33mdata-slot[39m=[32m"card-content"[39m
              [36m>[39m
                [36m<div[39m
                  [33mclass[39m=[32m"text-2xl font-bold"[39m
                [36m>[39m
                  [0m0[0m
                [36m</div>[39m
                [36m<p[39m
                  [33mclass[39m=[32m"text-xs text-muted-foreground"[39m
                [36m>[39m
                  [0mClass groups registered for sync[0m
                [36m</p>[39m
              [36m</div>[39m
            [36m</div>[39m
            [36m<div[39m
              [33mclass[39m=[32m"bg-card text-card-foreground flex flex-col gap-6 rounded-xl border py-6 shadow-sm"[39m
              [33mdata-slot[39m=[32m"card"[39m
            [36m>[39m
              [36m<div[39m
                [33mclass[39m=[32m"@container/card-header auto-rows-min grid-rows-[auto_auto] gap-1.5 px-6 has-data-[slot=card-action]:grid-cols-[1fr_auto] [.border-b]:pb-6 flex flex-row items-center justify-between space-y-0 pb-2"[39m
                [33mdata-slot[39m=[32m"card-header"[39m
              [36m>[39m
                [36m<div[39m
                  [33mclass[39m=[32m"text-sm font-medium"[39m
                  [33mdata-slot[39m=[32m"card-title"[39m
                [36m>[39m
                  [0mActive Operations[0m
                [36m</div>[39m
                [36m<svg[39m
                  [33maria-hidden[39m=[32m"true"[39m
                  [33mclass[39m=[32m"lucide lucide-activity h-4 w-4 text-muted-foreground"[39m
                  [33mfill[39m=[32m"none"[39m
                  [33mheight[39m=[32m"24"[39m
                  [33mstroke[39m=[32m"currentColor"[39m
                  [33mstroke-linecap[39m=[32m"round"[39m
                  [33mstroke-linejoin[39m=[32m"round"[39m
                  [33mstroke-width[39m=[32m"2"[39m
                  [33mviewBox[39m=[32m"0 0 24 24"[39m
                  [33mwidth[39m=[32m"24"[39m
                  [33mxmlns[39m=[32m"http://www.w3.org/2000/svg"[39m
                [36m>[39m
                  [36m<path[39m
                    [33md[39m=[32m"M22 12h-2.48a2 2 0 0 0-1.93 1.46l-2.35 8.36a.25.25 0 0 1-.48 0L9.24 2.18a.25.25 0 0 0-.48 0l-2.35 8.36A2 2 0 0 1 4.49 12H2"[39m
                  [36m/>[39m
                [36m</svg>[39m
              [36m</div>[39m
              [36m<div[39m
                [33mclass[39m=[32m"px-6"[39m
                [33mdata-slot[39m=[32m"card-content"[39m
              [36m>[39m
                [36m<div[39m
                  [33mclass[39m=[32m"text-2xl font-bold"[39m
                [36m>[39m
                  [0m0[0m
                [36m</div>[39m
                [36m<p[39m
                  [33mclass[39m=[32m"text-xs text-muted-foreground"[39m
                [36m>[39m
                  [0mCurrently running sync operations[0m
                [36m</p>[39m
              [36m</div>[39m
            [36m</div>[39m
            [36m<div[39m
              [33mclass[39m=[32m"bg-card text-card-foreground flex flex-col gap-6 rounded-xl border py-6 shadow-sm"[39m
              [33mdata-slot[39m=[32m"card"[39m
            [36m>[39m
              [36m<div[39m
                [33mclass[39m=[32m"@container/card-header auto-rows-min grid-rows-[auto_auto] gap-1.5 px-6 has-data-[slot=card-action]:grid-cols-[1fr_auto] [.border-b]:pb-6 flex flex-row items-center justify-between space-y-0 pb-2"[39m
                [33mdata-slot[39m=[32m"card-header"[39m
              [36m>[39m
                [36m<div[39m
                  [33mclass[39m=[32m"text-sm font-medium"[39m
                  [33mdata-slot[39m=[32m"card-title"[39m
                [36m>[39m
                  [0mSuccess Rate[0m
                [36m</div>[39m
                [36m<svg[39m
                  [33maria-hidden[39m=[32m"true"[39m
                  [33mclass[39m=[32m"lucide lucide-trending-up h-4 w-4 text-muted-foreground"[39m
                  [33mfill[39m=[32m"none"[39m
                  [33mheight[39m=[32m"24"[39m
                  [33mstroke[39m=[32m"currentColor"[39m
                  [33mstroke-linecap[39m=[32m"round"[39m
                  [33mstroke-linejoin[39m=[32m"round"[39m
                  [33mstroke-width[39m=[32m"2"[39m
                  [33mviewBox[39m=[32m"0 0 24 24"[39m
                  [33mwidth[39m=[32m"24"[39m
                  [33mxmlns[39m=[32m"http://www.w3.org/2000/svg"[39m
                [36m>[39m
                  [36m<path[39m
                    [33md[39m=[32m"M16 7h6v6"[39m
                  [36m/>[39m
                  [36m<path[39m
                    [33md[39m=[32m"m22 7-8.5 8.5-5-5L2 17"[39m
                  [36m/>[39m
                [36m</svg>[39m
              [36m</div>[39m
              [36m<div[3...

      304 |       });
      305 |
    > 306 |       expect(screen.getByText('Retry')).toBeInTheDocument();
          |                     ^
      307 |       expect(screen.getByText('Network timeout')).toBeInTheDocument();
      308 |     });
      309 |   });

      at Object.getElementError (node_modules/.pnpm/@testing-library+dom@10.4.0/node_modules/@testing-library/dom/dist/config.js:37:19)
      at node_modules/.pnpm/@testing-library+dom@10.4.0/node_modules/@testing-library/dom/dist/query-helpers.js:76:38
      at node_modules/.pnpm/@testing-library+dom@10.4.0/node_modules/@testing-library/dom/dist/query-helpers.js:52:17
      at node_modules/.pnpm/@testing-library+dom@10.4.0/node_modules/@testing-library/dom/dist/query-helpers.js:95:19
      at Object.getByText (src/components/admin/content/__tests__/ContentSynchronizationDashboard.test.tsx:306:21)

  ● ContentSynchronizationDashboard › Conflicts Tab › should display conflicts with resolution options

    TestingLibraryElementError: Unable to find an element with the text: version_mismatch. This could be because the text is broken up by multiple elements. In this case, you can provide a function for your text matcher to make your matcher more flexible.

    Ignored nodes: comments, script, style
    [36m<body>[39m
      [36m<div>[39m
        [36m<div[39m
          [33mclass[39m=[32m"space-y-6 undefined"[39m
        [36m>[39m
          [36m<div[39m
            [33mclass[39m=[32m"grid grid-cols-1 md:grid-cols-2 lg:grid-cols-4 gap-4"[39m
          [36m>[39m
            [36m<div[39m
              [33mclass[39m=[32m"bg-card text-card-foreground flex flex-col gap-6 rounded-xl border py-6 shadow-sm"[39m
              [33mdata-slot[39m=[32m"card"[39m
            [36m>[39m
              [36m<div[39m
                [33mclass[39m=[32m"@container/card-header auto-rows-min grid-rows-[auto_auto] gap-1.5 px-6 has-data-[slot=card-action]:grid-cols-[1fr_auto] [.border-b]:pb-6 flex flex-row items-center justify-between space-y-0 pb-2"[39m
                [33mdata-slot[39m=[32m"card-header"[39m
              [36m>[39m
                [36m<div[39m
                  [33mclass[39m=[32m"text-sm font-medium"[39m
                  [33mdata-slot[39m=[32m"card-title"[39m
                [36m>[39m
                  [0mTotal Groups[0m
                [36m</div>[39m
                [36m<svg[39m
                  [33maria-hidden[39m=[32m"true"[39m
                  [33mclass[39m=[32m"lucide lucide-users h-4 w-4 text-muted-foreground"[39m
                  [33mfill[39m=[32m"none"[39m
                  [33mheight[39m=[32m"24"[39m
                  [33mstroke[39m=[32m"currentColor"[39m
                  [33mstroke-linecap[39m=[32m"round"[39m
                  [33mstroke-linejoin[39m=[32m"round"[39m
                  [33mstroke-width[39m=[32m"2"[39m
                  [33mviewBox[39m=[32m"0 0 24 24"[39m
                  [33mwidth[39m=[32m"24"[39m
                  [33mxmlns[39m=[32m"http://www.w3.org/2000/svg"[39m
                [36m>[39m
                  [36m<path[39m
                    [33md[39m=[32m"M16 21v-2a4 4 0 0 0-4-4H6a4 4 0 0 0-4 4v2"[39m
                  [36m/>[39m
                  [36m<path[39m
                    [33md[39m=[32m"M16 3.128a4 4 0 0 1 0 7.744"[39m
                  [36m/>[39m
                  [36m<path[39m
                    [33md[39m=[32m"M22 21v-2a4 4 0 0 0-3-3.87"[39m
                  [36m/>[39m
                  [36m<circle[39m
                    [33mcx[39m=[32m"9"[39m
                    [33mcy[39m=[32m"7"[39m
                    [33mr[39m=[32m"4"[39m
                  [36m/>[39m
                [36m</svg>[39m
              [36m</div>[39m
              [36m<div[39m
                [33mclass[39m=[32m"px-6"[39m
                [33mdata-slot[39m=[32m"card-content"[39m
              [36m>[39m
                [36m<div[39m
                  [33mclass[39m=[32m"text-2xl font-bold"[39m
                [36m>[39m
                  [0m0[0m
                [36m</div>[39m
                [36m<p[39m
                  [33mclass[39m=[32m"text-xs text-muted-foreground"[39m
                [36m>[39m
                  [0mClass groups registered for sync[0m
                [36m</p>[39m
              [36m</div>[39m
            [36m</div>[39m
            [36m<div[39m
              [33mclass[39m=[32m"bg-card text-card-foreground flex flex-col gap-6 rounded-xl border py-6 shadow-sm"[39m
              [33mdata-slot[39m=[32m"card"[39m
            [36m>[39m
              [36m<div[39m
                [33mclass[39m=[32m"@container/card-header auto-rows-min grid-rows-[auto_auto] gap-1.5 px-6 has-data-[slot=card-action]:grid-cols-[1fr_auto] [.border-b]:pb-6 flex flex-row items-center justify-between space-y-0 pb-2"[39m
                [33mdata-slot[39m=[32m"card-header"[39m
              [36m>[39m
                [36m<div[39m
                  [33mclass[39m=[32m"text-sm font-medium"[39m
                  [33mdata-slot[39m=[32m"card-title"[39m
                [36m>[39m
                  [0mActive Operations[0m
                [36m</div>[39m
                [36m<svg[39m
                  [33maria-hidden[39m=[32m"true"[39m
                  [33mclass[39m=[32m"lucide lucide-activity h-4 w-4 text-muted-foreground"[39m
                  [33mfill[39m=[32m"none"[39m
                  [33mheight[39m=[32m"24"[39m
                  [33mstroke[39m=[32m"currentColor"[39m
                  [33mstroke-linecap[39m=[32m"round"[39m
                  [33mstroke-linejoin[39m=[32m"round"[39m
                  [33mstroke-width[39m=[32m"2"[39m
                  [33mviewBox[39m=[32m"0 0 24 24"[39m
                  [33mwidth[39m=[32m"24"[39m
                  [33mxmlns[39m=[32m"http://www.w3.org/2000/svg"[39m
                [36m>[39m
                  [36m<path[39m
                    [33md[39m=[32m"M22 12h-2.48a2 2 0 0 0-1.93 1.46l-2.35 8.36a.25.25 0 0 1-.48 0L9.24 2.18a.25.25 0 0 0-.48 0l-2.35 8.36A2 2 0 0 1 4.49 12H2"[39m
                  [36m/>[39m
                [36m</svg>[39m
              [36m</div>[39m
              [36m<div[39m
                [33mclass[39m=[32m"px-6"[39m
                [33mdata-slot[39m=[32m"card-content"[39m
              [36m>[39m
                [36m<div[39m
                  [33mclass[39m=[32m"text-2xl font-bold"[39m
                [36m>[39m
                  [0m0[0m
                [36m</div>[39m
                [36m<p[39m
                  [33mclass[39m=[32m"text-xs text-muted-foreground"[39m
                [36m>[39m
                  [0mCurrently running sync operations[0m
                [36m</p>[39m
              [36m</div>[39m
            [36m</div>[39m
            [36m<div[39m
              [33mclass[39m=[32m"bg-card text-card-foreground flex flex-col gap-6 rounded-xl border py-6 shadow-sm"[39m
              [33mdata-slot[39m=[32m"card"[39m
            [36m>[39m
              [36m<div[39m
                [33mclass[39m=[32m"@container/card-header auto-rows-min grid-rows-[auto_auto] gap-1.5 px-6 has-data-[slot=card-action]:grid-cols-[1fr_auto] [.border-b]:pb-6 flex flex-row items-center justify-between space-y-0 pb-2"[39m
                [33mdata-slot[39m=[32m"card-header"[39m
              [36m>[39m
                [36m<div[39m
                  [33mclass[39m=[32m"text-sm font-medium"[39m
                  [33mdata-slot[39m=[32m"card-title"[39m
                [36m>[39m
                  [0mSuccess Rate[0m
                [36m</div>[39m
                [36m<svg[39m
                  [33maria-hidden[39m=[32m"true"[39m
                  [33mclass[39m=[32m"lucide lucide-trending-up h-4 w-4 text-muted-foreground"[39m
                  [33mfill[39m=[32m"none"[39m
                  [33mheight[39m=[32m"24"[39m
                  [33mstroke[39m=[32m"currentColor"[39m
                  [33mstroke-linecap[39m=[32m"round"[39m
                  [33mstroke-linejoin[39m=[32m"round"[39m
                  [33mstroke-width[39m=[32m"2"[39m
                  [33mviewBox[39m=[32m"0 0 24 24"[39m
                  [33mwidth[39m=[32m"24"[39m
                  [33mxmlns[39m=[32m"http://www.w3.org/2000/svg"[39m
                [36m>[39m
                  [36m<path[39m
                    [33md[39m=[32m"M16 7h6v6"[39m
                  [36m/>[39m
                  [36m<path[39m
                    [33md[39m=[32m"m22 7-8.5 8.5-5-5L2 17"[39m
                  [36m/>[39m
                [36m</svg>[39m
              [36m</div>[39m
              [36m<div[3...

      317 |       });
      318 |
    > 319 |       expect(screen.getByText('version_mismatch')).toBeInTheDocument();
          |                     ^
      320 |       expect(screen.getByText('group-1 ↔ group-2')).toBeInTheDocument();
      321 |       expect(screen.getByText('Version mismatch between groups')).toBeInTheDocument();
      322 |       expect(screen.getByText('Suggested: merge')).toBeInTheDocument();

      at Object.getElementError (node_modules/.pnpm/@testing-library+dom@10.4.0/node_modules/@testing-library/dom/dist/config.js:37:19)
      at node_modules/.pnpm/@testing-library+dom@10.4.0/node_modules/@testing-library/dom/dist/query-helpers.js:76:38
      at node_modules/.pnpm/@testing-library+dom@10.4.0/node_modules/@testing-library/dom/dist/query-helpers.js:52:17
      at node_modules/.pnpm/@testing-library+dom@10.4.0/node_modules/@testing-library/dom/dist/query-helpers.js:95:19
      at Object.getByText (src/components/admin/content/__tests__/ContentSynchronizationDashboard.test.tsx:319:21)

  ● ContentSynchronizationDashboard › Conflicts Tab › should show no conflicts message when conflicts list is empty

    TestingLibraryElementError: Unable to find an element with the text: No conflicts detected. This could be because the text is broken up by multiple elements. In this case, you can provide a function for your text matcher to make your matcher more flexible.

    Ignored nodes: comments, script, style
    [36m<body>[39m
      [36m<div>[39m
        [36m<div[39m
          [33mclass[39m=[32m"space-y-6 undefined"[39m
        [36m>[39m
          [36m<div[39m
            [33mclass[39m=[32m"grid grid-cols-1 md:grid-cols-2 lg:grid-cols-4 gap-4"[39m
          [36m>[39m
            [36m<div[39m
              [33mclass[39m=[32m"bg-card text-card-foreground flex flex-col gap-6 rounded-xl border py-6 shadow-sm"[39m
              [33mdata-slot[39m=[32m"card"[39m
            [36m>[39m
              [36m<div[39m
                [33mclass[39m=[32m"@container/card-header auto-rows-min grid-rows-[auto_auto] gap-1.5 px-6 has-data-[slot=card-action]:grid-cols-[1fr_auto] [.border-b]:pb-6 flex flex-row items-center justify-between space-y-0 pb-2"[39m
                [33mdata-slot[39m=[32m"card-header"[39m
              [36m>[39m
                [36m<div[39m
                  [33mclass[39m=[32m"text-sm font-medium"[39m
                  [33mdata-slot[39m=[32m"card-title"[39m
                [36m>[39m
                  [0mTotal Groups[0m
                [36m</div>[39m
                [36m<svg[39m
                  [33maria-hidden[39m=[32m"true"[39m
                  [33mclass[39m=[32m"lucide lucide-users h-4 w-4 text-muted-foreground"[39m
                  [33mfill[39m=[32m"none"[39m
                  [33mheight[39m=[32m"24"[39m
                  [33mstroke[39m=[32m"currentColor"[39m
                  [33mstroke-linecap[39m=[32m"round"[39m
                  [33mstroke-linejoin[39m=[32m"round"[39m
                  [33mstroke-width[39m=[32m"2"[39m
                  [33mviewBox[39m=[32m"0 0 24 24"[39m
                  [33mwidth[39m=[32m"24"[39m
                  [33mxmlns[39m=[32m"http://www.w3.org/2000/svg"[39m
                [36m>[39m
                  [36m<path[39m
                    [33md[39m=[32m"M16 21v-2a4 4 0 0 0-4-4H6a4 4 0 0 0-4 4v2"[39m
                  [36m/>[39m
                  [36m<path[39m
                    [33md[39m=[32m"M16 3.128a4 4 0 0 1 0 7.744"[39m
                  [36m/>[39m
                  [36m<path[39m
                    [33md[39m=[32m"M22 21v-2a4 4 0 0 0-3-3.87"[39m
                  [36m/>[39m
                  [36m<circle[39m
                    [33mcx[39m=[32m"9"[39m
                    [33mcy[39m=[32m"7"[39m
                    [33mr[39m=[32m"4"[39m
                  [36m/>[39m
                [36m</svg>[39m
              [36m</div>[39m
              [36m<div[39m
                [33mclass[39m=[32m"px-6"[39m
                [33mdata-slot[39m=[32m"card-content"[39m
              [36m>[39m
                [36m<div[39m
                  [33mclass[39m=[32m"text-2xl font-bold"[39m
                [36m>[39m
                  [0m0[0m
                [36m</div>[39m
                [36m<p[39m
                  [33mclass[39m=[32m"text-xs text-muted-foreground"[39m
                [36m>[39m
                  [0mClass groups registered for sync[0m
                [36m</p>[39m
              [36m</div>[39m
            [36m</div>[39m
            [36m<div[39m
              [33mclass[39m=[32m"bg-card text-card-foreground flex flex-col gap-6 rounded-xl border py-6 shadow-sm"[39m
              [33mdata-slot[39m=[32m"card"[39m
            [36m>[39m
              [36m<div[39m
                [33mclass[39m=[32m"@container/card-header auto-rows-min grid-rows-[auto_auto] gap-1.5 px-6 has-data-[slot=card-action]:grid-cols-[1fr_auto] [.border-b]:pb-6 flex flex-row items-center justify-between space-y-0 pb-2"[39m
                [33mdata-slot[39m=[32m"card-header"[39m
              [36m>[39m
                [36m<div[39m
                  [33mclass[39m=[32m"text-sm font-medium"[39m
                  [33mdata-slot[39m=[32m"card-title"[39m
                [36m>[39m
                  [0mActive Operations[0m
                [36m</div>[39m
                [36m<svg[39m
                  [33maria-hidden[39m=[32m"true"[39m
                  [33mclass[39m=[32m"lucide lucide-activity h-4 w-4 text-muted-foreground"[39m
                  [33mfill[39m=[32m"none"[39m
                  [33mheight[39m=[32m"24"[39m
                  [33mstroke[39m=[32m"currentColor"[39m
                  [33mstroke-linecap[39m=[32m"round"[39m
                  [33mstroke-linejoin[39m=[32m"round"[39m
                  [33mstroke-width[39m=[32m"2"[39m
                  [33mviewBox[39m=[32m"0 0 24 24"[39m
                  [33mwidth[39m=[32m"24"[39m
                  [33mxmlns[39m=[32m"http://www.w3.org/2000/svg"[39m
                [36m>[39m
                  [36m<path[39m
                    [33md[39m=[32m"M22 12h-2.48a2 2 0 0 0-1.93 1.46l-2.35 8.36a.25.25 0 0 1-.48 0L9.24 2.18a.25.25 0 0 0-.48 0l-2.35 8.36A2 2 0 0 1 4.49 12H2"[39m
                  [36m/>[39m
                [36m</svg>[39m
              [36m</div>[39m
              [36m<div[39m
                [33mclass[39m=[32m"px-6"[39m
                [33mdata-slot[39m=[32m"card-content"[39m
              [36m>[39m
                [36m<div[39m
                  [33mclass[39m=[32m"text-2xl font-bold"[39m
                [36m>[39m
                  [0m0[0m
                [36m</div>[39m
                [36m<p[39m
                  [33mclass[39m=[32m"text-xs text-muted-foreground"[39m
                [36m>[39m
                  [0mCurrently running sync operations[0m
                [36m</p>[39m
              [36m</div>[39m
            [36m</div>[39m
            [36m<div[39m
              [33mclass[39m=[32m"bg-card text-card-foreground flex flex-col gap-6 rounded-xl border py-6 shadow-sm"[39m
              [33mdata-slot[39m=[32m"card"[39m
            [36m>[39m
              [36m<div[39m
                [33mclass[39m=[32m"@container/card-header auto-rows-min grid-rows-[auto_auto] gap-1.5 px-6 has-data-[slot=card-action]:grid-cols-[1fr_auto] [.border-b]:pb-6 flex flex-row items-center justify-between space-y-0 pb-2"[39m
                [33mdata-slot[39m=[32m"card-header"[39m
              [36m>[39m
                [36m<div[39m
                  [33mclass[39m=[32m"text-sm font-medium"[39m
                  [33mdata-slot[39m=[32m"card-title"[39m
                [36m>[39m
                  [0mSuccess Rate[0m
                [36m</div>[39m
                [36m<svg[39m
                  [33maria-hidden[39m=[32m"true"[39m
                  [33mclass[39m=[32m"lucide lucide-trending-up h-4 w-4 text-muted-foreground"[39m
                  [33mfill[39m=[32m"none"[39m
                  [33mheight[39m=[32m"24"[39m
                  [33mstroke[39m=[32m"currentColor"[39m
                  [33mstroke-linecap[39m=[32m"round"[39m
                  [33mstroke-linejoin[39m=[32m"round"[39m
                  [33mstroke-width[39m=[32m"2"[39m
                  [33mviewBox[39m=[32m"0 0 24 24"[39m
                  [33mwidth[39m=[32m"24"[39m
                  [33mxmlns[39m=[32m"http://www.w3.org/2000/svg"[39m
                [36m>[39m
                  [36m<path[39m
                    [33md[39m=[32m"M16 7h6v6"[39m
                  [36m/>[39m
                  [36m<path[39m
                    [33md[39m=[32m"m22 7-8.5 8.5-5-5L2 17"[39m
                  [36m/>[39m
                [36m</svg>[39m
              [36m</div>[39m
              [36m<div[3...

      334 |       });
      335 |
    > 336 |       expect(screen.getByText('No conflicts detected')).toBeInTheDocument();
          |                     ^
      337 |     });
      338 |   });
      339 |

      at Object.getElementError (node_modules/.pnpm/@testing-library+dom@10.4.0/node_modules/@testing-library/dom/dist/config.js:37:19)
      at node_modules/.pnpm/@testing-library+dom@10.4.0/node_modules/@testing-library/dom/dist/query-helpers.js:76:38
      at node_modules/.pnpm/@testing-library+dom@10.4.0/node_modules/@testing-library/dom/dist/query-helpers.js:52:17
      at node_modules/.pnpm/@testing-library+dom@10.4.0/node_modules/@testing-library/dom/dist/query-helpers.js:95:19
      at Object.getByText (src/components/admin/content/__tests__/ContentSynchronizationDashboard.test.tsx:336:21)

  ● ContentSynchronizationDashboard › Settings Tab › should display configuration options

    TestingLibraryElementError: Unable to find an element with the text: Synchronization Settings. This could be because the text is broken up by multiple elements. In this case, you can provide a function for your text matcher to make your matcher more flexible.

    Ignored nodes: comments, script, style
    [36m<body>[39m
      [36m<div>[39m
        [36m<div[39m
          [33mclass[39m=[32m"space-y-6 undefined"[39m
        [36m>[39m
          [36m<div[39m
            [33mclass[39m=[32m"grid grid-cols-1 md:grid-cols-2 lg:grid-cols-4 gap-4"[39m
          [36m>[39m
            [36m<div[39m
              [33mclass[39m=[32m"bg-card text-card-foreground flex flex-col gap-6 rounded-xl border py-6 shadow-sm"[39m
              [33mdata-slot[39m=[32m"card"[39m
            [36m>[39m
              [36m<div[39m
                [33mclass[39m=[32m"@container/card-header auto-rows-min grid-rows-[auto_auto] gap-1.5 px-6 has-data-[slot=card-action]:grid-cols-[1fr_auto] [.border-b]:pb-6 flex flex-row items-center justify-between space-y-0 pb-2"[39m
                [33mdata-slot[39m=[32m"card-header"[39m
              [36m>[39m
                [36m<div[39m
                  [33mclass[39m=[32m"text-sm font-medium"[39m
                  [33mdata-slot[39m=[32m"card-title"[39m
                [36m>[39m
                  [0mTotal Groups[0m
                [36m</div>[39m
                [36m<svg[39m
                  [33maria-hidden[39m=[32m"true"[39m
                  [33mclass[39m=[32m"lucide lucide-users h-4 w-4 text-muted-foreground"[39m
                  [33mfill[39m=[32m"none"[39m
                  [33mheight[39m=[32m"24"[39m
                  [33mstroke[39m=[32m"currentColor"[39m
                  [33mstroke-linecap[39m=[32m"round"[39m
                  [33mstroke-linejoin[39m=[32m"round"[39m
                  [33mstroke-width[39m=[32m"2"[39m
                  [33mviewBox[39m=[32m"0 0 24 24"[39m
                  [33mwidth[39m=[32m"24"[39m
                  [33mxmlns[39m=[32m"http://www.w3.org/2000/svg"[39m
                [36m>[39m
                  [36m<path[39m
                    [33md[39m=[32m"M16 21v-2a4 4 0 0 0-4-4H6a4 4 0 0 0-4 4v2"[39m
                  [36m/>[39m
                  [36m<path[39m
                    [33md[39m=[32m"M16 3.128a4 4 0 0 1 0 7.744"[39m
                  [36m/>[39m
                  [36m<path[39m
                    [33md[39m=[32m"M22 21v-2a4 4 0 0 0-3-3.87"[39m
                  [36m/>[39m
                  [36m<circle[39m
                    [33mcx[39m=[32m"9"[39m
                    [33mcy[39m=[32m"7"[39m
                    [33mr[39m=[32m"4"[39m
                  [36m/>[39m
                [36m</svg>[39m
              [36m</div>[39m
              [36m<div[39m
                [33mclass[39m=[32m"px-6"[39m
                [33mdata-slot[39m=[32m"card-content"[39m
              [36m>[39m
                [36m<div[39m
                  [33mclass[39m=[32m"text-2xl font-bold"[39m
                [36m>[39m
                  [0m0[0m
                [36m</div>[39m
                [36m<p[39m
                  [33mclass[39m=[32m"text-xs text-muted-foreground"[39m
                [36m>[39m
                  [0mClass groups registered for sync[0m
                [36m</p>[39m
              [36m</div>[39m
            [36m</div>[39m
            [36m<div[39m
              [33mclass[39m=[32m"bg-card text-card-foreground flex flex-col gap-6 rounded-xl border py-6 shadow-sm"[39m
              [33mdata-slot[39m=[32m"card"[39m
            [36m>[39m
              [36m<div[39m
                [33mclass[39m=[32m"@container/card-header auto-rows-min grid-rows-[auto_auto] gap-1.5 px-6 has-data-[slot=card-action]:grid-cols-[1fr_auto] [.border-b]:pb-6 flex flex-row items-center justify-between space-y-0 pb-2"[39m
                [33mdata-slot[39m=[32m"card-header"[39m
              [36m>[39m
                [36m<div[39m
                  [33mclass[39m=[32m"text-sm font-medium"[39m
                  [33mdata-slot[39m=[32m"card-title"[39m
                [36m>[39m
                  [0mActive Operations[0m
                [36m</div>[39m
                [36m<svg[39m
                  [33maria-hidden[39m=[32m"true"[39m
                  [33mclass[39m=[32m"lucide lucide-activity h-4 w-4 text-muted-foreground"[39m
                  [33mfill[39m=[32m"none"[39m
                  [33mheight[39m=[32m"24"[39m
                  [33mstroke[39m=[32m"currentColor"[39m
                  [33mstroke-linecap[39m=[32m"round"[39m
                  [33mstroke-linejoin[39m=[32m"round"[39m
                  [33mstroke-width[39m=[32m"2"[39m
                  [33mviewBox[39m=[32m"0 0 24 24"[39m
                  [33mwidth[39m=[32m"24"[39m
                  [33mxmlns[39m=[32m"http://www.w3.org/2000/svg"[39m
                [36m>[39m
                  [36m<path[39m
                    [33md[39m=[32m"M22 12h-2.48a2 2 0 0 0-1.93 1.46l-2.35 8.36a.25.25 0 0 1-.48 0L9.24 2.18a.25.25 0 0 0-.48 0l-2.35 8.36A2 2 0 0 1 4.49 12H2"[39m
                  [36m/>[39m
                [36m</svg>[39m
              [36m</div>[39m
              [36m<div[39m
                [33mclass[39m=[32m"px-6"[39m
                [33mdata-slot[39m=[32m"card-content"[39m
              [36m>[39m
                [36m<div[39m
                  [33mclass[39m=[32m"text-2xl font-bold"[39m
                [36m>[39m
                  [0m0[0m
                [36m</div>[39m
                [36m<p[39m
                  [33mclass[39m=[32m"text-xs text-muted-foreground"[39m
                [36m>[39m
                  [0mCurrently running sync operations[0m
                [36m</p>[39m
              [36m</div>[39m
            [36m</div>[39m
            [36m<div[39m
              [33mclass[39m=[32m"bg-card text-card-foreground flex flex-col gap-6 rounded-xl border py-6 shadow-sm"[39m
              [33mdata-slot[39m=[32m"card"[39m
            [36m>[39m
              [36m<div[39m
                [33mclass[39m=[32m"@container/card-header auto-rows-min grid-rows-[auto_auto] gap-1.5 px-6 has-data-[slot=card-action]:grid-cols-[1fr_auto] [.border-b]:pb-6 flex flex-row items-center justify-between space-y-0 pb-2"[39m
                [33mdata-slot[39m=[32m"card-header"[39m
              [36m>[39m
                [36m<div[39m
                  [33mclass[39m=[32m"text-sm font-medium"[39m
                  [33mdata-slot[39m=[32m"card-title"[39m
                [36m>[39m
                  [0mSuccess Rate[0m
                [36m</div>[39m
                [36m<svg[39m
                  [33maria-hidden[39m=[32m"true"[39m
                  [33mclass[39m=[32m"lucide lucide-trending-up h-4 w-4 text-muted-foreground"[39m
                  [33mfill[39m=[32m"none"[39m
                  [33mheight[39m=[32m"24"[39m
                  [33mstroke[39m=[32m"currentColor"[39m
                  [33mstroke-linecap[39m=[32m"round"[39m
                  [33mstroke-linejoin[39m=[32m"round"[39m
                  [33mstroke-width[39m=[32m"2"[39m
                  [33mviewBox[39m=[32m"0 0 24 24"[39m
                  [33mwidth[39m=[32m"24"[39m
                  [33mxmlns[39m=[32m"http://www.w3.org/2000/svg"[39m
                [36m>[39m
                  [36m<path[39m
                    [33md[39m=[32m"M16 7h6v6"[39m
                  [36m/>[39m
                  [36m<path[39m
                    [33md[39m=[32m"m22 7-8.5 8.5-5-5L2 17"[39m
                  [36m/>[39m
                [36m</svg>[39m
              [36m</div>[39m
              [36m<div[3...

      346 |       });
      347 |
    > 348 |       expect(screen.getByText('Synchronization Settings')).toBeInTheDocument();
          |                     ^
      349 |       expect(screen.getByText('Auto-sync on Scheduling')).toBeInTheDocument();
      350 |       expect(screen.getByText('Real-time Synchronization')).toBeInTheDocument();
      351 |       expect(screen.getByText('Conflict Resolution')).toBeInTheDocument();

      at Object.getElementError (node_modules/.pnpm/@testing-library+dom@10.4.0/node_modules/@testing-library/dom/dist/config.js:37:19)
      at node_modules/.pnpm/@testing-library+dom@10.4.0/node_modules/@testing-library/dom/dist/query-helpers.js:76:38
      at node_modules/.pnpm/@testing-library+dom@10.4.0/node_modules/@testing-library/dom/dist/query-helpers.js:52:17
      at node_modules/.pnpm/@testing-library+dom@10.4.0/node_modules/@testing-library/dom/dist/query-helpers.js:95:19
      at Object.getByText (src/components/admin/content/__tests__/ContentSynchronizationDashboard.test.tsx:348:21)

  ● ContentSynchronizationDashboard › Interactive Features › should handle refresh button click

    Unable to find role="button" and name `/refresh/i`

    Ignored nodes: comments, script, style
    [36m<body>[39m
      [36m<div>[39m
        [36m<div[39m
          [33mclass[39m=[32m"space-y-6 undefined"[39m
        [36m>[39m
          [36m<div[39m
            [33mclass[39m=[32m"grid grid-cols-1 md:grid-cols-2 lg:grid-cols-4 gap-4"[39m
          [36m>[39m
            [36m<div[39m
              [33mclass[39m=[32m"bg-card text-card-foreground flex flex-col gap-6 rounded-xl border py-6 shadow-sm"[39m
              [33mdata-slot[39m=[32m"card"[39m
            [36m>[39m
              [36m<div[39m
                [33mclass[39m=[32m"@container/card-header auto-rows-min grid-rows-[auto_auto] gap-1.5 px-6 has-data-[slot=card-action]:grid-cols-[1fr_auto] [.border-b]:pb-6 flex flex-row items-center justify-between space-y-0 pb-2"[39m
                [33mdata-slot[39m=[32m"card-header"[39m
              [36m>[39m
                [36m<div[39m
                  [33mclass[39m=[32m"text-sm font-medium"[39m
                  [33mdata-slot[39m=[32m"card-title"[39m
                [36m>[39m
                  [0mTotal Groups[0m
                [36m</div>[39m
                [36m<svg[39m
                  [33maria-hidden[39m=[32m"true"[39m
                  [33mclass[39m=[32m"lucide lucide-users h-4 w-4 text-muted-foreground"[39m
                  [33mfill[39m=[32m"none"[39m
                  [33mheight[39m=[32m"24"[39m
                  [33mstroke[39m=[32m"currentColor"[39m
                  [33mstroke-linecap[39m=[32m"round"[39m
                  [33mstroke-linejoin[39m=[32m"round"[39m
                  [33mstroke-width[39m=[32m"2"[39m
                  [33mviewBox[39m=[32m"0 0 24 24"[39m
                  [33mwidth[39m=[32m"24"[39m
                  [33mxmlns[39m=[32m"http://www.w3.org/2000/svg"[39m
                [36m>[39m
                  [36m<path[39m
                    [33md[39m=[32m"M16 21v-2a4 4 0 0 0-4-4H6a4 4 0 0 0-4 4v2"[39m
                  [36m/>[39m
                  [36m<path[39m
                    [33md[39m=[32m"M16 3.128a4 4 0 0 1 0 7.744"[39m
                  [36m/>[39m
                  [36m<path[39m
                    [33md[39m=[32m"M22 21v-2a4 4 0 0 0-3-3.87"[39m
                  [36m/>[39m
                  [36m<circle[39m
                    [33mcx[39m=[32m"9"[39m
                    [33mcy[39m=[32m"7"[39m
                    [33mr[39m=[32m"4"[39m
                  [36m/>[39m
                [36m</svg>[39m
              [36m</div>[39m
              [36m<div[39m
                [33mclass[39m=[32m"px-6"[39m
                [33mdata-slot[39m=[32m"card-content"[39m
              [36m>[39m
                [36m<div[39m
                  [33mclass[39m=[32m"text-2xl font-bold"[39m
                [36m>[39m
                  [0m0[0m
                [36m</div>[39m
                [36m<p[39m
                  [33mclass[39m=[32m"text-xs text-muted-foreground"[39m
                [36m>[39m
                  [0mClass groups registered for sync[0m
                [36m</p>[39m
              [36m</div>[39m
            [36m</div>[39m
            [36m<div[39m
              [33mclass[39m=[32m"bg-card text-card-foreground flex flex-col gap-6 rounded-xl border py-6 shadow-sm"[39m
              [33mdata-slot[39m=[32m"card"[39m
            [36m>[39m
              [36m<div[39m
                [33mclass[39m=[32m"@container/card-header auto-rows-min grid-rows-[auto_auto] gap-1.5 px-6 has-data-[slot=card-action]:grid-cols-[1fr_auto] [.border-b]:pb-6 flex flex-row items-center justify-between space-y-0 pb-2"[39m
                [33mdata-slot[39m=[32m"card-header"[39m
              [36m>[39m
                [36m<div[39m
                  [33mclass[39m=[32m"text-sm font-medium"[39m
                  [33mdata-slot[39m=[32m"card-title"[39m
                [36m>[39m
                  [0mActive Operations[0m
                [36m</div>[39m
                [36m<svg[39m
                  [33maria-hidden[39m=[32m"true"[39m
                  [33mclass[39m=[32m"lucide lucide-activity h-4 w-4 text-muted-foreground"[39m
                  [33mfill[39m=[32m"none"[39m
                  [33mheight[39m=[32m"24"[39m
                  [33mstroke[39m=[32m"currentColor"[39m
                  [33mstroke-linecap[39m=[32m"round"[39m
                  [33mstroke-linejoin[39m=[32m"round"[39m
                  [33mstroke-width[39m=[32m"2"[39m
                  [33mviewBox[39m=[32m"0 0 24 24"[39m
                  [33mwidth[39m=[32m"24"[39m
                  [33mxmlns[39m=[32m"http://www.w3.org/2000/svg"[39m
                [36m>[39m
                  [36m<path[39m
                    [33md[39m=[32m"M22 12h-2.48a2 2 0 0 0-1.93 1.46l-2.35 8.36a.25.25 0 0 1-.48 0L9.24 2.18a.25.25 0 0 0-.48 0l-2.35 8.36A2 2 0 0 1 4.49 12H2"[39m
                  [36m/>[39m
                [36m</svg>[39m
              [36m</div>[39m
              [36m<div[39m
                [33mclass[39m=[32m"px-6"[39m
                [33mdata-slot[39m=[32m"card-content"[39m
              [36m>[39m
                [36m<div[39m
                  [33mclass[39m=[32m"text-2xl font-bold"[39m
                [36m>[39m
                  [0m0[0m
                [36m</div>[39m
                [36m<p[39m
                  [33mclass[39m=[32m"text-xs text-muted-foreground"[39m
                [36m>[39m
                  [0mCurrently running sync operations[0m
                [36m</p>[39m
              [36m</div>[39m
            [36m</div>[39m
            [36m<div[39m
              [33mclass[39m=[32m"bg-card text-card-foreground flex flex-col gap-6 rounded-xl border py-6 shadow-sm"[39m
              [33mdata-slot[39m=[32m"card"[39m
            [36m>[39m
              [36m<div[39m
                [33mclass[39m=[32m"@container/card-header auto-rows-min grid-rows-[auto_auto] gap-1.5 px-6 has-data-[slot=card-action]:grid-cols-[1fr_auto] [.border-b]:pb-6 flex flex-row items-center justify-between space-y-0 pb-2"[39m
                [33mdata-slot[39m=[32m"card-header"[39m
              [36m>[39m
                [36m<div[39m
                  [33mclass[39m=[32m"text-sm font-medium"[39m
                  [33mdata-slot[39m=[32m"card-title"[39m
                [36m>[39m
                  [0mSuccess Rate[0m
                [36m</div>[39m
                [36m<svg[39m
                  [33maria-hidden[39m=[32m"true"[39m
                  [33mclass[39m=[32m"lucide lucide-trending-up h-4 w-4 text-muted-foreground"[39m
                  [33mfill[39m=[32m"none"[39m
                  [33mheight[39m=[32m"24"[39m
                  [33mstroke[39m=[32m"currentColor"[39m
                  [33mstroke-linecap[39m=[32m"round"[39m
                  [33mstroke-linejoin[39m=[32m"round"[39m
                  [33mstroke-width[39m=[32m"2"[39m
                  [33mviewBox[39m=[32m"0 0 24 24"[39m
                  [33mwidth[39m=[32m"24"[39m
                  [33mxmlns[39m=[32m"http://www.w3.org/2000/svg"[39m
                [36m>[39m
                  [36m<path[39m
                    [33md[39m=[32m"M16 7h6v6"[39m
                  [36m/>[39m
                  [36m<path[39m
                    [33md[39m=[32m"m22 7-8.5 8.5-5-5L2 17"[39m
                  [36m/>[39m
                [36m</svg>[39m
              [36m</div>[39m
              [36m<div[3...

      358 |       render(<ContentSynchronizationDashboard />);
      359 |
    > 360 |       await waitFor(() => {
          |                    ^
      361 |         const refreshButton = screen.getByRole('button', { name: /refresh/i });
      362 |         fireEvent.click(refreshButton);
      363 |       });

      at waitForWrapper (node_modules/.pnpm/@testing-library+dom@10.4.0/node_modules/@testing-library/dom/dist/wait-for.js:163:27)
      at Object.<anonymous> (src/components/admin/content/__tests__/ContentSynchronizationDashboard.test.tsx:360:20)

  ● ContentSynchronizationDashboard › Interactive Features › should handle retry button click for failed operations

    TestingLibraryElementError: Unable to find an element with the text: Retry. This could be because the text is broken up by multiple elements. In this case, you can provide a function for your text matcher to make your matcher more flexible.

    Ignored nodes: comments, script, style
    [36m<body>[39m
      [36m<div>[39m
        [36m<div[39m
          [33mclass[39m=[32m"space-y-6 undefined"[39m
        [36m>[39m
          [36m<div[39m
            [33mclass[39m=[32m"grid grid-cols-1 md:grid-cols-2 lg:grid-cols-4 gap-4"[39m
          [36m>[39m
            [36m<div[39m
              [33mclass[39m=[32m"bg-card text-card-foreground flex flex-col gap-6 rounded-xl border py-6 shadow-sm"[39m
              [33mdata-slot[39m=[32m"card"[39m
            [36m>[39m
              [36m<div[39m
                [33mclass[39m=[32m"@container/card-header auto-rows-min grid-rows-[auto_auto] gap-1.5 px-6 has-data-[slot=card-action]:grid-cols-[1fr_auto] [.border-b]:pb-6 flex flex-row items-center justify-between space-y-0 pb-2"[39m
                [33mdata-slot[39m=[32m"card-header"[39m
              [36m>[39m
                [36m<div[39m
                  [33mclass[39m=[32m"text-sm font-medium"[39m
                  [33mdata-slot[39m=[32m"card-title"[39m
                [36m>[39m
                  [0mTotal Groups[0m
                [36m</div>[39m
                [36m<svg[39m
                  [33maria-hidden[39m=[32m"true"[39m
                  [33mclass[39m=[32m"lucide lucide-users h-4 w-4 text-muted-foreground"[39m
                  [33mfill[39m=[32m"none"[39m
                  [33mheight[39m=[32m"24"[39m
                  [33mstroke[39m=[32m"currentColor"[39m
                  [33mstroke-linecap[39m=[32m"round"[39m
                  [33mstroke-linejoin[39m=[32m"round"[39m
                  [33mstroke-width[39m=[32m"2"[39m
                  [33mviewBox[39m=[32m"0 0 24 24"[39m
                  [33mwidth[39m=[32m"24"[39m
                  [33mxmlns[39m=[32m"http://www.w3.org/2000/svg"[39m
                [36m>[39m
                  [36m<path[39m
                    [33md[39m=[32m"M16 21v-2a4 4 0 0 0-4-4H6a4 4 0 0 0-4 4v2"[39m
                  [36m/>[39m
                  [36m<path[39m
                    [33md[39m=[32m"M16 3.128a4 4 0 0 1 0 7.744"[39m
                  [36m/>[39m
                  [36m<path[39m
                    [33md[39m=[32m"M22 21v-2a4 4 0 0 0-3-3.87"[39m
                  [36m/>[39m
                  [36m<circle[39m
                    [33mcx[39m=[32m"9"[39m
                    [33mcy[39m=[32m"7"[39m
                    [33mr[39m=[32m"4"[39m
                  [36m/>[39m
                [36m</svg>[39m
              [36m</div>[39m
              [36m<div[39m
                [33mclass[39m=[32m"px-6"[39m
                [33mdata-slot[39m=[32m"card-content"[39m
              [36m>[39m
                [36m<div[39m
                  [33mclass[39m=[32m"text-2xl font-bold"[39m
                [36m>[39m
                  [0m0[0m
                [36m</div>[39m
                [36m<p[39m
                  [33mclass[39m=[32m"text-xs text-muted-foreground"[39m
                [36m>[39m
                  [0mClass groups registered for sync[0m
                [36m</p>[39m
              [36m</div>[39m
            [36m</div>[39m
            [36m<div[39m
              [33mclass[39m=[32m"bg-card text-card-foreground flex flex-col gap-6 rounded-xl border py-6 shadow-sm"[39m
              [33mdata-slot[39m=[32m"card"[39m
            [36m>[39m
              [36m<div[39m
                [33mclass[39m=[32m"@container/card-header auto-rows-min grid-rows-[auto_auto] gap-1.5 px-6 has-data-[slot=card-action]:grid-cols-[1fr_auto] [.border-b]:pb-6 flex flex-row items-center justify-between space-y-0 pb-2"[39m
                [33mdata-slot[39m=[32m"card-header"[39m
              [36m>[39m
                [36m<div[39m
                  [33mclass[39m=[32m"text-sm font-medium"[39m
                  [33mdata-slot[39m=[32m"card-title"[39m
                [36m>[39m
                  [0mActive Operations[0m
                [36m</div>[39m
                [36m<svg[39m
                  [33maria-hidden[39m=[32m"true"[39m
                  [33mclass[39m=[32m"lucide lucide-activity h-4 w-4 text-muted-foreground"[39m
                  [33mfill[39m=[32m"none"[39m
                  [33mheight[39m=[32m"24"[39m
                  [33mstroke[39m=[32m"currentColor"[39m
                  [33mstroke-linecap[39m=[32m"round"[39m
                  [33mstroke-linejoin[39m=[32m"round"[39m
                  [33mstroke-width[39m=[32m"2"[39m
                  [33mviewBox[39m=[32m"0 0 24 24"[39m
                  [33mwidth[39m=[32m"24"[39m
                  [33mxmlns[39m=[32m"http://www.w3.org/2000/svg"[39m
                [36m>[39m
                  [36m<path[39m
                    [33md[39m=[32m"M22 12h-2.48a2 2 0 0 0-1.93 1.46l-2.35 8.36a.25.25 0 0 1-.48 0L9.24 2.18a.25.25 0 0 0-.48 0l-2.35 8.36A2 2 0 0 1 4.49 12H2"[39m
                  [36m/>[39m
                [36m</svg>[39m
              [36m</div>[39m
              [36m<div[39m
                [33mclass[39m=[32m"px-6"[39m
                [33mdata-slot[39m=[32m"card-content"[39m
              [36m>[39m
                [36m<div[39m
                  [33mclass[39m=[32m"text-2xl font-bold"[39m
                [36m>[39m
                  [0m0[0m
                [36m</div>[39m
                [36m<p[39m
                  [33mclass[39m=[32m"text-xs text-muted-foreground"[39m
                [36m>[39m
                  [0mCurrently running sync operations[0m
                [36m</p>[39m
              [36m</div>[39m
            [36m</div>[39m
            [36m<div[39m
              [33mclass[39m=[32m"bg-card text-card-foreground flex flex-col gap-6 rounded-xl border py-6 shadow-sm"[39m
              [33mdata-slot[39m=[32m"card"[39m
            [36m>[39m
              [36m<div[39m
                [33mclass[39m=[32m"@container/card-header auto-rows-min grid-rows-[auto_auto] gap-1.5 px-6 has-data-[slot=card-action]:grid-cols-[1fr_auto] [.border-b]:pb-6 flex flex-row items-center justify-between space-y-0 pb-2"[39m
                [33mdata-slot[39m=[32m"card-header"[39m
              [36m>[39m
                [36m<div[39m
                  [33mclass[39m=[32m"text-sm font-medium"[39m
                  [33mdata-slot[39m=[32m"card-title"[39m
                [36m>[39m
                  [0mSuccess Rate[0m
                [36m</div>[39m
                [36m<svg[39m
                  [33maria-hidden[39m=[32m"true"[39m
                  [33mclass[39m=[32m"lucide lucide-trending-up h-4 w-4 text-muted-foreground"[39m
                  [33mfill[39m=[32m"none"[39m
                  [33mheight[39m=[32m"24"[39m
                  [33mstroke[39m=[32m"currentColor"[39m
                  [33mstroke-linecap[39m=[32m"round"[39m
                  [33mstroke-linejoin[39m=[32m"round"[39m
                  [33mstroke-width[39m=[32m"2"[39m
                  [33mviewBox[39m=[32m"0 0 24 24"[39m
                  [33mwidth[39m=[32m"24"[39m
                  [33mxmlns[39m=[32m"http://www.w3.org/2000/svg"[39m
                [36m>[39m
                  [36m<path[39m
                    [33md[39m=[32m"M16 7h6v6"[39m
                  [36m/>[39m
                  [36m<path[39m
                    [33md[39m=[32m"m22 7-8.5 8.5-5-5L2 17"[39m
                  [36m/>[39m
                [36m</svg>[39m
              [36m</div>[39m
              [36m<div[3...

      387 |       });
      388 |
    > 389 |       const retryButton = screen.getByText('Retry');
          |                                  ^
      390 |       fireEvent.click(retryButton);
      391 |
      392 |       expect(mockContentSyncIntegration.forceSyncClass).toHaveBeenCalledWith('group-1');

      at Object.getElementError (node_modules/.pnpm/@testing-library+dom@10.4.0/node_modules/@testing-library/dom/dist/config.js:37:19)
      at node_modules/.pnpm/@testing-library+dom@10.4.0/node_modules/@testing-library/dom/dist/query-helpers.js:76:38
      at node_modules/.pnpm/@testing-library+dom@10.4.0/node_modules/@testing-library/dom/dist/query-helpers.js:52:17
      at node_modules/.pnpm/@testing-library+dom@10.4.0/node_modules/@testing-library/dom/dist/query-helpers.js:95:19
      at Object.getByText (src/components/admin/content/__tests__/ContentSynchronizationDashboard.test.tsx:389:34)

  ● ContentSynchronizationDashboard › Interactive Features › should handle operations tab refresh

    TestingLibraryElementError: Unable to find an accessible element with the role "button" and name `/refresh/i`

    Here are the accessible roles:

      paragraph:

      Name "":
      [36m<p[39m
        [33mclass[39m=[32m"text-xs text-muted-foreground"[39m
      [36m/>[39m

      Name "":
      [36m<p[39m
        [33mclass[39m=[32m"text-xs text-muted-foreground"[39m
      [36m/>[39m

      Name "":
      [36m<p[39m
        [33mclass[39m=[32m"text-xs text-muted-foreground"[39m
      [36m/>[39m

      Name "":
      [36m<p[39m
        [33mclass[39m=[32m"text-xs text-muted-foreground mt-2"[39m
      [36m/>[39m

      --------------------------------------------------
      tablist:

      Name "":
      [36m<div[39m
        [33maria-orientation[39m=[32m"horizontal"[39m
        [33mclass[39m=[32m"h-10 items-center justify-center rounded-md bg-muted p-1 text-muted-foreground grid w-full grid-cols-4"[39m
        [33mdata-orientation[39m=[32m"horizontal"[39m
        [33mrole[39m=[32m"tablist"[39m
        [33mstyle[39m=[32m"outline: none;"[39m
        [33mtabindex[39m=[32m"0"[39m
      [36m/>[39m

      --------------------------------------------------
      tab:

      Name "Overview":
      [36m<button[39m
        [33maria-controls[39m=[32m"radix-:r39:-content-overview"[39m
        [33maria-selected[39m=[32m"true"[39m
        [33mclass[39m=[32m"inline-flex items-center justify-center whitespace-nowrap rounded-sm px-3 py-1.5 text-sm font-medium ring-offset-background transition-all focus-visible:outline-none focus-visible:ring-2 focus-visible:ring-ring focus-visible:ring-offset-2 disabled:pointer-events-none disabled:opacity-50 data-[state=active]:bg-background data-[state=active]:text-foreground data-[state=active]:shadow-sm"[39m
        [33mdata-orientation[39m=[32m"horizontal"[39m
        [33mdata-radix-collection-item[39m=[32m""[39m
        [33mdata-state[39m=[32m"active"[39m
        [33mid[39m=[32m"radix-:r39:-trigger-overview"[39m
        [33mrole[39m=[32m"tab"[39m
        [33mtabindex[39m=[32m"-1"[39m
        [33mtype[39m=[32m"button"[39m
      [36m/>[39m

      Name "Operations":
      [36m<button[39m
        [33maria-controls[39m=[32m"radix-:r39:-content-operations"[39m
        [33maria-selected[39m=[32m"false"[39m
        [33mclass[39m=[32m"inline-flex items-center justify-center whitespace-nowrap rounded-sm px-3 py-1.5 text-sm font-medium ring-offset-background transition-all focus-visible:outline-none focus-visible:ring-2 focus-visible:ring-ring focus-visible:ring-offset-2 disabled:pointer-events-none disabled:opacity-50 data-[state=active]:bg-background data-[state=active]:text-foreground data-[state=active]:shadow-sm"[39m
        [33mdata-orientation[39m=[32m"horizontal"[39m
        [33mdata-radix-collection-item[39m=[32m""[39m
        [33mdata-state[39m=[32m"inactive"[39m
        [33mid[39m=[32m"radix-:r39:-trigger-operations"[39m
        [33mrole[39m=[32m"tab"[39m
        [33mtabindex[39m=[32m"-1"[39m
        [33mtype[39m=[32m"button"[39m
      [36m/>[39m

      Name "Conflicts":
      [36m<button[39m
        [33maria-controls[39m=[32m"radix-:r39:-content-conflicts"[39m
        [33maria-selected[39m=[32m"false"[39m
        [33mclass[39m=[32m"inline-flex items-center justify-center whitespace-nowrap rounded-sm px-3 py-1.5 text-sm font-medium ring-offset-background transition-all focus-visible:outline-none focus-visible:ring-2 focus-visible:ring-ring focus-visible:ring-offset-2 disabled:pointer-events-none disabled:opacity-50 data-[state=active]:bg-background data-[state=active]:text-foreground data-[state=active]:shadow-sm"[39m
        [33mdata-orientation[39m=[32m"horizontal"[39m
        [33mdata-radix-collection-item[39m=[32m""[39m
        [33mdata-state[39m=[32m"inactive"[39m
        [33mid[39m=[32m"radix-:r39:-trigger-conflicts"[39m
        [33mrole[39m=[32m"tab"[39m
        [33mtabindex[39m=[32m"-1"[39m
        [33mtype[39m=[32m"button"[39m
      [36m/>[39m

      Name "Settings":
      [36m<button[39m
        [33maria-controls[39m=[32m"radix-:r39:-content-settings"[39m
        [33maria-selected[39m=[32m"false"[39m
        [33mclass[39m=[32m"inline-flex items-center justify-center whitespace-nowrap rounded-sm px-3 py-1.5 text-sm font-medium ring-offset-background transition-all focus-visible:outline-none focus-visible:ring-2 focus-visible:ring-ring focus-visible:ring-offset-2 disabled:pointer-events-none disabled:opacity-50 data-[state=active]:bg-background data-[state=active]:text-foreground data-[state=active]:shadow-sm"[39m
        [33mdata-orientation[39m=[32m"horizontal"[39m
        [33mdata-radix-collection-item[39m=[32m""[39m
        [33mdata-state[39m=[32m"inactive"[39m
        [33mid[39m=[32m"radix-:r39:-trigger-settings"[39m
        [33mrole[39m=[32m"tab"[39m
        [33mtabindex[39m=[32m"-1"[39m
        [33mtype[39m=[32m"button"[39m
      [36m/>[39m

      --------------------------------------------------
      tabpanel:

      Name "Overview":
      [36m<div[39m
        [33maria-labelledby[39m=[32m"radix-:r39:-trigger-overview"[39m
        [33mclass[39m=[32m"mt-2 ring-offset-background focus-visible:outline-none focus-visible:ring-2 focus-visible:ring-ring focus-visible:ring-offset-2 space-y-4"[39m
        [33mdata-orientation[39m=[32m"horizontal"[39m
        [33mdata-state[39m=[32m"active"[39m
        [33mid[39m=[32m"radix-:r39:-content-overview"[39m
        [33mrole[39m=[32m"tabpanel"[39m
        [33mstyle[39m=[32m"animation-duration: 0s;"[39m
        [33mtabindex[39m=[32m"0"[39m
      [36m/>[39m

      --------------------------------------------------
      progressbar:

      Name "":
      [36m<div[39m
        [33maria-valuemax[39m=[32m"100"[39m
        [33maria-valuemin[39m=[32m"0"[39m
        [33mclass[39m=[32m"bg-primary/20 relative h-2 w-full overflow-hidden rounded-full mt-1"[39m
        [33mdata-max[39m=[32m"100"[39m
        [33mdata-slot[39m=[32m"progress"[39m
        [33mdata-state[39m=[32m"indeterminate"[39m
        [33mrole[39m=[32m"progressbar"[39m
      [36m/>[39m

      Name "":
      [36m<div[39m
        [33maria-valuemax[39m=[32m"100"[39m
        [33maria-valuemin[39m=[32m"0"[39m
        [33mclass[39m=[32m"bg-primary/20 relative h-2 w-full overflow-hidden rounded-full mt-1"[39m
        [33mdata-max[39m=[32m"100"[39m
        [33mdata-slot[39m=[32m"progress"[39m
        [33mdata-state[39m=[32m"indeterminate"[39m
        [33mrole[39m=[32m"progressbar"[39m
      [36m/>[39m

      Name "":
      [36m<div[39m
        [33maria-valuemax[39m=[32m"100"[39m
        [33maria-valuemin[39m=[32m"0"[39m
        [33mclass[39m=[32m"bg-primary/20 relative h-2 w-full overflow-hidden rounded-full mt-1"[39m
        [33mdata-max[39m=[32m"100"[39m
        [33mdata-slot[39m=[32m"progress"[39m
        [33mdata-state[39m=[32m"indeterminate"[39m
        [33mrole[39m=[32m"progressbar"[39m
        [33mvariant[39m=[32m"default"[39m
      [36m/>[39m

      --------------------------------------------------

    Ignored nodes: comments, script, style
    [36m<body>[39m
      [36m<div>[39m
        [36m<div[39m
          [33mclass[39m=[32m"space-y-6 undefined"[39m
        [36m>[39m
          [36m<div[39m
            [33mclass[39m=[32m"grid grid-cols-1 md:grid-cols-2 lg:grid-cols-4 gap-4"[39m
          [36m>[39m
            [36m<div[39m
              [33mclass[39m=[32m"bg-card text-card-foreground flex flex-col gap-6 rounded-xl border py-6 shadow-sm"[39m
              [33mdata-slot[39m=[32m"card"[39m
            [36m>[39m
              [36m<div[39m
                [33mclass[39m=[32m"@container/card-header auto-rows-min grid-rows-[auto_auto] gap-1.5 px-6 has-data-[slot=card-action]:grid-cols-[1fr_auto] [.border-b]:pb-6 flex flex-row items-center justify-between space-y-0 pb-2"[39m
                [33mdata-slot[39m=[32m"card-header"[39m
              [36m>[39m
                [36m<div[39m
                  [33mclass[39m=[32m"text-sm font-medium"[39m
                  [33mdata-slot[39m=[32m"card-title"[39m
                [36m>[39m
                  [0mTotal Groups[0m
                [36m</div>[39m
                [36m<svg[39m
                  [33maria-hidden[39m=[32m"true"[39m
                  [33mclass[39m=[32m"lucide lucide-users h-4 w-4 text-muted-foreground"[39m
                  [33mfill[39m=[32m"none"[39m
                  [33mheight[39m=[32m"24"[39m
                  [33mstroke[39m=[32m"currentColor"[39m
                  [33mstroke-linecap[39m=[32m"round"[39m
                  [33mstroke-linejoin[39m=[32m"round"[39m
                  [33mstroke-width[39m=[32m"2"[39m
                  [33mviewBox[39m=[32m"0 0 24 24"[39m
                  [33mwidth[39m=[32m"24"[39m
                  [33mxmlns[39m=[32m"http://www.w3.org/2000/svg"[39m
                [36m>[39m
                  [36m<path[39m
                    [33md[39m=[32m"M16 21v-2a4 4 0 0 0-4-4H6a4 4 0 0 0-4 4v2"[39m
                  [36m/>[39m
                  [36m<path[39m
                    [33md[39m=[32m"M16 3.128a4 4 0 0 1 0 7.744"[39m
                  [36m/>[39m
                  [36m<path[39m
                    [33md[39m=[32m"M22 21v-2a4 4 0 0 0-3-3.87"[39m
                  [36m/>[39m
                  [36m<circle[39m
                    [33mcx[39m=[32m"9"[39m
                    [33mcy[39m=[32m"7"[39m
                    [33mr[39m=[32m"4"[39m
                  [36m/>[39m
                [36m</svg>[39m
              [36m</div>[39m
              [36m<div[39m
                [33mclass[39m=[32m"px-6"[39m
                [33mdata-slot[39m=[32m"card-content"[39m
              [36m>[39m
                [36m<div[39m
                  [33mclass[39m=[32m"text-2xl font-bold"[39m
                [36m>[39m
                  [0m0[0m
                [36m</div>[39m
                [36m<p[39m
                  [33mclass[39m=[32m"text-xs text-muted-foreground"[39m
                [36m>[39m
                  [0mClass groups registered for sync[0m
                [36m</p>[39m
              [36m</div>[39m
            [36m</div>[39m
            [36m<div[39m
              [33mclass[39m=[32m"bg-card text-card-foreground flex flex-col gap-6 rounded-xl border py-6 shadow-sm"[39m
              [33mdata-slot[39m=[32m"card"[39m
            [36m>[39m
              [36m<div[39m
                [33mclass[39m=[32m"@container/card-header auto-rows-min grid-rows-[auto_auto] gap-1.5 px-6 has-data-[slot=card-action]:grid-cols-[1fr_auto] [.border-b]:pb-6 flex flex-row items-center justify-between space-y-0 pb-2"[39m
                [33mdata-slot[39m=[32m"card-header"[39m
              [36m>[39m
                [36m<div[39m
                  [33mclass[39m=[32m"text-sm font-medium"[39m
                  [33mdata-slot[39m=[32m"card-title"[39m
                [36m>[39m
                  [0mActive Operations[0m
                [36m</div>[39m
                [36m<svg[39m
                  [33maria-hidden[39m=[32m"true"[39m
                  [33mclass[39m=[32m"lucide lucide-activity h-4 w-4 text-muted-foreground"[39m
                  [33mfill[39m=[32m"none"[39m
                  [33mheight[39m=[32m"24"[39m
                  [33mstroke[39m=[32m"currentColor"[39m
                  [33mstroke-linecap[39m=[32m"round"[39m
                  [33mstroke-linejoin[39m=[32m"round"[39m
                  [33mstroke-width[39m=[32m"2"[39m
                  [33mviewBox[39m=[32m"0 0 24 24"[39m
                  [33mwidth[39m=[32m"24"[39m
                  [33mxmlns[39m=[32m"http://www.w3.org/2000/svg"[39m
                [36m>[39m
                  [36m<path[39m
                    [33md[39m=[32m"M22 12h-2.48a2 2 0 0 0-1.93 1.46l-2.35 8.36a.25.25 0 0 1-.48 0L9.24 2.18a.25.25 0 0 0-.48 0l-2.35 8.36A2 2 0 0 1 4.49 12H2"[39m
                  [36m/>[39m
                [36m</svg>[39m
              [36m</div>[39m
              [36m<div[39m
                [33mclass[39m=[32m"px-6"[39m
                [33mdata-slot[39m=[32m"card-content"[39m
              [36m>[39m
                [36m<div[39m
                  [33mclass[39m=[32m"text-2xl font-bold"[39m
                [36m>[39m
                  [0m0[0m
                [36m</div>[39m
                [36m<p[39m
                  [33mclass[39m=[32m"text-xs text-muted-foreground"[39m
                [36m>[39m
                  [0mCurrently running sync operations[0m
                [36m</p>[39m
              [36m</div>[39m
            [36m</div>[39m
            [36m<div[39m
              [33mclass[39m=[32m"bg-card text-card-foreground flex flex-col gap-6 rounded-xl border py-6 shadow-sm"[39m
              [33mdata-slot[39m=[32m"card"[39m
            [36m>[39m
              [36m<div[39m
                [33mclass[39m=[32m"@container/card-header auto-rows-min grid-rows-[auto_auto] gap-1.5 px-6 has-data-[slot=card-action]:grid-cols-[1fr_auto] [.border-b]:pb-6 flex flex-row items-center justify-between space-y-0 pb-2"[39m
                [33mdata-slot[39m=[32m"card-header"[39m
              [36m>[39m
                [36m<div[39m
                  [33mclass[39m=[32m"text-sm font-medium"[39m
                  [33mdata-slot[39m=[32m"card-title"[39m
                [36m>[39m
                  [0mSuccess Rate[0m
                [36m</div>[39m
                [36m<svg[39m
                  [33maria-hidden[39m=[32m"true"[39m
                  [33mclass[39m=[32m"lucide lucide-trending-up h-4 w-4 text-muted-foreground"[39m
                  [33mfill[39m=[32m"none"[39m
                  [33mheight[39m=[32m"24"[39m
                  [33mstroke[39m=[32m"currentColor"[39m
                  [33mstroke-linecap[39m=[32m"round"[39m
                  [33mstroke-linejoin[39m=[32m"round"[39m
                  [33mstroke-width[39m=[32m"2"[39m
                  [33mviewBox[39m=[32m"0 0 24 24"[39m
                  [33mwidth[39m=[32m"24"[39m
                  [33mxmlns[39m=[32m"http://www.w3.org/2000/svg"[39m
                [36m>[39m
                  [36m<path[39m
                    [33md[39m=[32m"M16 7h6v6"[39m
                  [36m/>[39m
                  [36m<path[39m
                    [33md[39m=[32m"m22 7-8.5 8.5-5-5L2 17"[39m
                  [36m/>[39m
                [36m</svg>[39m
              [36m</div>[39m
              [36m<div[3...

      400 |       });
      401 |
    > 402 |       const refreshButton = screen.getByRole('button', { name: /refresh/i });
          |                                    ^
      403 |       fireEvent.click(refreshButton);
      404 |
      405 |       expect(mockContentSynchronizationService.getActiveOperations).toHaveBeenCalledTimes(2);

      at Object.getElementError (node_modules/.pnpm/@testing-library+dom@10.4.0/node_modules/@testing-library/dom/dist/config.js:37:19)
      at node_modules/.pnpm/@testing-library+dom@10.4.0/node_modules/@testing-library/dom/dist/query-helpers.js:76:38
      at node_modules/.pnpm/@testing-library+dom@10.4.0/node_modules/@testing-library/dom/dist/query-helpers.js:52:17
      at node_modules/.pnpm/@testing-library+dom@10.4.0/node_modules/@testing-library/dom/dist/query-helpers.js:95:19
      at Object.getByRole (src/components/admin/content/__tests__/ContentSynchronizationDashboard.test.tsx:402:36)

  ● ContentSynchronizationDashboard › Status Badges › should render correct status badges for different states

    TestingLibraryElementError: Unable to find an element with the text: Pending. This could be because the text is broken up by multiple elements. In this case, you can provide a function for your text matcher to make your matcher more flexible.

    Ignored nodes: comments, script, style
    [36m<body>[39m
      [36m<div>[39m
        [36m<div[39m
          [33mclass[39m=[32m"space-y-6 undefined"[39m
        [36m>[39m
          [36m<div[39m
            [33mclass[39m=[32m"grid grid-cols-1 md:grid-cols-2 lg:grid-cols-4 gap-4"[39m
          [36m>[39m
            [36m<div[39m
              [33mclass[39m=[32m"bg-card text-card-foreground flex flex-col gap-6 rounded-xl border py-6 shadow-sm"[39m
              [33mdata-slot[39m=[32m"card"[39m
            [36m>[39m
              [36m<div[39m
                [33mclass[39m=[32m"@container/card-header auto-rows-min grid-rows-[auto_auto] gap-1.5 px-6 has-data-[slot=card-action]:grid-cols-[1fr_auto] [.border-b]:pb-6 flex flex-row items-center justify-between space-y-0 pb-2"[39m
                [33mdata-slot[39m=[32m"card-header"[39m
              [36m>[39m
                [36m<div[39m
                  [33mclass[39m=[32m"text-sm font-medium"[39m
                  [33mdata-slot[39m=[32m"card-title"[39m
                [36m>[39m
                  [0mTotal Groups[0m
                [36m</div>[39m
                [36m<svg[39m
                  [33maria-hidden[39m=[32m"true"[39m
                  [33mclass[39m=[32m"lucide lucide-users h-4 w-4 text-muted-foreground"[39m
                  [33mfill[39m=[32m"none"[39m
                  [33mheight[39m=[32m"24"[39m
                  [33mstroke[39m=[32m"currentColor"[39m
                  [33mstroke-linecap[39m=[32m"round"[39m
                  [33mstroke-linejoin[39m=[32m"round"[39m
                  [33mstroke-width[39m=[32m"2"[39m
                  [33mviewBox[39m=[32m"0 0 24 24"[39m
                  [33mwidth[39m=[32m"24"[39m
                  [33mxmlns[39m=[32m"http://www.w3.org/2000/svg"[39m
                [36m>[39m
                  [36m<path[39m
                    [33md[39m=[32m"M16 21v-2a4 4 0 0 0-4-4H6a4 4 0 0 0-4 4v2"[39m
                  [36m/>[39m
                  [36m<path[39m
                    [33md[39m=[32m"M16 3.128a4 4 0 0 1 0 7.744"[39m
                  [36m/>[39m
                  [36m<path[39m
                    [33md[39m=[32m"M22 21v-2a4 4 0 0 0-3-3.87"[39m
                  [36m/>[39m
                  [36m<circle[39m
                    [33mcx[39m=[32m"9"[39m
                    [33mcy[39m=[32m"7"[39m
                    [33mr[39m=[32m"4"[39m
                  [36m/>[39m
                [36m</svg>[39m
              [36m</div>[39m
              [36m<div[39m
                [33mclass[39m=[32m"px-6"[39m
                [33mdata-slot[39m=[32m"card-content"[39m
              [36m>[39m
                [36m<div[39m
                  [33mclass[39m=[32m"text-2xl font-bold"[39m
                [36m>[39m
                  [0m0[0m
                [36m</div>[39m
                [36m<p[39m
                  [33mclass[39m=[32m"text-xs text-muted-foreground"[39m
                [36m>[39m
                  [0mClass groups registered for sync[0m
                [36m</p>[39m
              [36m</div>[39m
            [36m</div>[39m
            [36m<div[39m
              [33mclass[39m=[32m"bg-card text-card-foreground flex flex-col gap-6 rounded-xl border py-6 shadow-sm"[39m
              [33mdata-slot[39m=[32m"card"[39m
            [36m>[39m
              [36m<div[39m
                [33mclass[39m=[32m"@container/card-header auto-rows-min grid-rows-[auto_auto] gap-1.5 px-6 has-data-[slot=card-action]:grid-cols-[1fr_auto] [.border-b]:pb-6 flex flex-row items-center justify-between space-y-0 pb-2"[39m
                [33mdata-slot[39m=[32m"card-header"[39m
              [36m>[39m
                [36m<div[39m
                  [33mclass[39m=[32m"text-sm font-medium"[39m
                  [33mdata-slot[39m=[32m"card-title"[39m
                [36m>[39m
                  [0mActive Operations[0m
                [36m</div>[39m
                [36m<svg[39m
                  [33maria-hidden[39m=[32m"true"[39m
                  [33mclass[39m=[32m"lucide lucide-activity h-4 w-4 text-muted-foreground"[39m
                  [33mfill[39m=[32m"none"[39m
                  [33mheight[39m=[32m"24"[39m
                  [33mstroke[39m=[32m"currentColor"[39m
                  [33mstroke-linecap[39m=[32m"round"[39m
                  [33mstroke-linejoin[39m=[32m"round"[39m
                  [33mstroke-width[39m=[32m"2"[39m
                  [33mviewBox[39m=[32m"0 0 24 24"[39m
                  [33mwidth[39m=[32m"24"[39m
                  [33mxmlns[39m=[32m"http://www.w3.org/2000/svg"[39m
                [36m>[39m
                  [36m<path[39m
                    [33md[39m=[32m"M22 12h-2.48a2 2 0 0 0-1.93 1.46l-2.35 8.36a.25.25 0 0 1-.48 0L9.24 2.18a.25.25 0 0 0-.48 0l-2.35 8.36A2 2 0 0 1 4.49 12H2"[39m
                  [36m/>[39m
                [36m</svg>[39m
              [36m</div>[39m
              [36m<div[39m
                [33mclass[39m=[32m"px-6"[39m
                [33mdata-slot[39m=[32m"card-content"[39m
              [36m>[39m
                [36m<div[39m
                  [33mclass[39m=[32m"text-2xl font-bold"[39m
                [36m>[39m
                  [0m0[0m
                [36m</div>[39m
                [36m<p[39m
                  [33mclass[39m=[32m"text-xs text-muted-foreground"[39m
                [36m>[39m
                  [0mCurrently running sync operations[0m
                [36m</p>[39m
              [36m</div>[39m
            [36m</div>[39m
            [36m<div[39m
              [33mclass[39m=[32m"bg-card text-card-foreground flex flex-col gap-6 rounded-xl border py-6 shadow-sm"[39m
              [33mdata-slot[39m=[32m"card"[39m
            [36m>[39m
              [36m<div[39m
                [33mclass[39m=[32m"@container/card-header auto-rows-min grid-rows-[auto_auto] gap-1.5 px-6 has-data-[slot=card-action]:grid-cols-[1fr_auto] [.border-b]:pb-6 flex flex-row items-center justify-between space-y-0 pb-2"[39m
                [33mdata-slot[39m=[32m"card-header"[39m
              [36m>[39m
                [36m<div[39m
                  [33mclass[39m=[32m"text-sm font-medium"[39m
                  [33mdata-slot[39m=[32m"card-title"[39m
                [36m>[39m
                  [0mSuccess Rate[0m
                [36m</div>[39m
                [36m<svg[39m
                  [33maria-hidden[39m=[32m"true"[39m
                  [33mclass[39m=[32m"lucide lucide-trending-up h-4 w-4 text-muted-foreground"[39m
                  [33mfill[39m=[32m"none"[39m
                  [33mheight[39m=[32m"24"[39m
                  [33mstroke[39m=[32m"currentColor"[39m
                  [33mstroke-linecap[39m=[32m"round"[39m
                  [33mstroke-linejoin[39m=[32m"round"[39m
                  [33mstroke-width[39m=[32m"2"[39m
                  [33mviewBox[39m=[32m"0 0 24 24"[39m
                  [33mwidth[39m=[32m"24"[39m
                  [33mxmlns[39m=[32m"http://www.w3.org/2000/svg"[39m
                [36m>[39m
                  [36m<path[39m
                    [33md[39m=[32m"M16 7h6v6"[39m
                  [36m/>[39m
                  [36m<path[39m
                    [33md[39m=[32m"m22 7-8.5 8.5-5-5L2 17"[39m
                  [36m/>[39m
                [36m</svg>[39m
              [36m</div>[39m
              [36m<div[3...

      450 |       });
      451 |
    > 452 |       expect(screen.getByText('Pending')).toBeInTheDocument();
          |                     ^
      453 |       expect(screen.getByText('In Progress')).toBeInTheDocument();
      454 |       expect(screen.getByText('Completed')).toBeInTheDocument();
      455 |       expect(screen.getByText('Failed')).toBeInTheDocument();

      at Object.getElementError (node_modules/.pnpm/@testing-library+dom@10.4.0/node_modules/@testing-library/dom/dist/config.js:37:19)
      at node_modules/.pnpm/@testing-library+dom@10.4.0/node_modules/@testing-library/dom/dist/query-helpers.js:76:38
      at node_modules/.pnpm/@testing-library+dom@10.4.0/node_modules/@testing-library/dom/dist/query-helpers.js:52:17
      at node_modules/.pnpm/@testing-library+dom@10.4.0/node_modules/@testing-library/dom/dist/query-helpers.js:95:19
      at Object.getByText (src/components/admin/content/__tests__/ContentSynchronizationDashboard.test.tsx:452:21)

  ● ContentSynchronizationDashboard › Status Badges › should render correct health badges for different states

    Unable to find an element with the text: Warning. This could be because the text is broken up by multiple elements. In this case, you can provide a function for your text matcher to make your matcher more flexible.

    Ignored nodes: comments, script, style
    [36m<body>[39m
      [36m<div />[39m
      [36m<div>[39m
        [36m<div[39m
          [33mclass[39m=[32m"space-y-6 undefined"[39m
        [36m>[39m
          [36m<div[39m
            [33mclass[39m=[32m"grid grid-cols-1 md:grid-cols-2 lg:grid-cols-4 gap-4"[39m
          [36m>[39m
            [36m<div[39m
              [33mclass[39m=[32m"bg-card text-card-foreground flex flex-col gap-6 rounded-xl border py-6 shadow-sm"[39m
              [33mdata-slot[39m=[32m"card"[39m
            [36m>[39m
              [36m<div[39m
                [33mclass[39m=[32m"@container/card-header auto-rows-min grid-rows-[auto_auto] gap-1.5 px-6 has-data-[slot=card-action]:grid-cols-[1fr_auto] [.border-b]:pb-6 flex flex-row items-center justify-between space-y-0 pb-2"[39m
                [33mdata-slot[39m=[32m"card-header"[39m
              [36m>[39m
                [36m<div[39m
                  [33mclass[39m=[32m"text-sm font-medium"[39m
                  [33mdata-slot[39m=[32m"card-title"[39m
                [36m>[39m
                  [0mTotal Groups[0m
                [36m</div>[39m
                [36m<svg[39m
                  [33maria-hidden[39m=[32m"true"[39m
                  [33mclass[39m=[32m"lucide lucide-users h-4 w-4 text-muted-foreground"[39m
                  [33mfill[39m=[32m"none"[39m
                  [33mheight[39m=[32m"24"[39m
                  [33mstroke[39m=[32m"currentColor"[39m
                  [33mstroke-linecap[39m=[32m"round"[39m
                  [33mstroke-linejoin[39m=[32m"round"[39m
                  [33mstroke-width[39m=[32m"2"[39m
                  [33mviewBox[39m=[32m"0 0 24 24"[39m
                  [33mwidth[39m=[32m"24"[39m
                  [33mxmlns[39m=[32m"http://www.w3.org/2000/svg"[39m
                [36m>[39m
                  [36m<path[39m
                    [33md[39m=[32m"M16 21v-2a4 4 0 0 0-4-4H6a4 4 0 0 0-4 4v2"[39m
                  [36m/>[39m
                  [36m<path[39m
                    [33md[39m=[32m"M16 3.128a4 4 0 0 1 0 7.744"[39m
                  [36m/>[39m
                  [36m<path[39m
                    [33md[39m=[32m"M22 21v-2a4 4 0 0 0-3-3.87"[39m
                  [36m/>[39m
                  [36m<circle[39m
                    [33mcx[39m=[32m"9"[39m
                    [33mcy[39m=[32m"7"[39m
                    [33mr[39m=[32m"4"[39m
                  [36m/>[39m
                [36m</svg>[39m
              [36m</div>[39m
              [36m<div[39m
                [33mclass[39m=[32m"px-6"[39m
                [33mdata-slot[39m=[32m"card-content"[39m
              [36m>[39m
                [36m<div[39m
                  [33mclass[39m=[32m"text-2xl font-bold"[39m
                [36m>[39m
                  [0m0[0m
                [36m</div>[39m
                [36m<p[39m
                  [33mclass[39m=[32m"text-xs text-muted-foreground"[39m
                [36m>[39m
                  [0mClass groups registered for sync[0m
                [36m</p>[39m
              [36m</div>[39m
            [36m</div>[39m
            [36m<div[39m
              [33mclass[39m=[32m"bg-card text-card-foreground flex flex-col gap-6 rounded-xl border py-6 shadow-sm"[39m
              [33mdata-slot[39m=[32m"card"[39m
            [36m>[39m
              [36m<div[39m
                [33mclass[39m=[32m"@container/card-header auto-rows-min grid-rows-[auto_auto] gap-1.5 px-6 has-data-[slot=card-action]:grid-cols-[1fr_auto] [.border-b]:pb-6 flex flex-row items-center justify-between space-y-0 pb-2"[39m
                [33mdata-slot[39m=[32m"card-header"[39m
              [36m>[39m
                [36m<div[39m
                  [33mclass[39m=[32m"text-sm font-medium"[39m
                  [33mdata-slot[39m=[32m"card-title"[39m
                [36m>[39m
                  [0mActive Operations[0m
                [36m</div>[39m
                [36m<svg[39m
                  [33maria-hidden[39m=[32m"true"[39m
                  [33mclass[39m=[32m"lucide lucide-activity h-4 w-4 text-muted-foreground"[39m
                  [33mfill[39m=[32m"none"[39m
                  [33mheight[39m=[32m"24"[39m
                  [33mstroke[39m=[32m"currentColor"[39m
                  [33mstroke-linecap[39m=[32m"round"[39m
                  [33mstroke-linejoin[39m=[32m"round"[39m
                  [33mstroke-width[39m=[32m"2"[39m
                  [33mviewBox[39m=[32m"0 0 24 24"[39m
                  [33mwidth[39m=[32m"24"[39m
                  [33mxmlns[39m=[32m"http://www.w3.org/2000/svg"[39m
                [36m>[39m
                  [36m<path[39m
                    [33md[39m=[32m"M22 12h-2.48a2 2 0 0 0-1.93 1.46l-2.35 8.36a.25.25 0 0 1-.48 0L9.24 2.18a.25.25 0 0 0-.48 0l-2.35 8.36A2 2 0 0 1 4.49 12H2"[39m
                  [36m/>[39m
                [36m</svg>[39m
              [36m</div>[39m
              [36m<div[39m
                [33mclass[39m=[32m"px-6"[39m
                [33mdata-slot[39m=[32m"card-content"[39m
              [36m>[39m
                [36m<div[39m
                  [33mclass[39m=[32m"text-2xl font-bold"[39m
                [36m>[39m
                  [0m0[0m
                [36m</div>[39m
                [36m<p[39m
                  [33mclass[39m=[32m"text-xs text-muted-foreground"[39m
                [36m>[39m
                  [0mCurrently running sync operations[0m
                [36m</p>[39m
              [36m</div>[39m
            [36m</div>[39m
            [36m<div[39m
              [33mclass[39m=[32m"bg-card text-card-foreground flex flex-col gap-6 rounded-xl border py-6 shadow-sm"[39m
              [33mdata-slot[39m=[32m"card"[39m
            [36m>[39m
              [36m<div[39m
                [33mclass[39m=[32m"@container/card-header auto-rows-min grid-rows-[auto_auto] gap-1.5 px-6 has-data-[slot=card-action]:grid-cols-[1fr_auto] [.border-b]:pb-6 flex flex-row items-center justify-between space-y-0 pb-2"[39m
                [33mdata-slot[39m=[32m"card-header"[39m
              [36m>[39m
                [36m<div[39m
                  [33mclass[39m=[32m"text-sm font-medium"[39m
                  [33mdata-slot[39m=[32m"card-title"[39m
                [36m>[39m
                  [0mSuccess Rate[0m
                [36m</div>[39m
                [36m<svg[39m
                  [33maria-hidden[39m=[32m"true"[39m
                  [33mclass[39m=[32m"lucide lucide-trending-up h-4 w-4 text-muted-foreground"[39m
                  [33mfill[39m=[32m"none"[39m
                  [33mheight[39m=[32m"24"[39m
                  [33mstroke[39m=[32m"currentColor"[39m
                  [33mstroke-linecap[39m=[32m"round"[39m
                  [33mstroke-linejoin[39m=[32m"round"[39m
                  [33mstroke-width[39m=[32m"2"[39m
                  [33mviewBox[39m=[32m"0 0 24 24"[39m
                  [33mwidth[39m=[32m"24"[39m
                  [33mxmlns[39m=[32m"http://www.w3.org/2000/svg"[39m
                [36m>[39m
                  [36m<path[39m
                    [33md[39m=[32m"M16 7h6v6"[39m
                  [36m/>[39m
                  [36m<path[39m
                    [33md[39m=[32m"m22 7-8.5 8.5-5-5L2 17"[39m
                  [36m/>[39m
                [36m</svg>[39m
              [36m</div>[39m
      ...

      471 |         const { unmount } = render(<ContentSynchronizationDashboard />);
      472 |
    > 473 |         await waitFor(() => {
          |                      ^
      474 |           const expectedText = health.charAt(0).toUpperCase() + health.slice(1);
      475 |           expect(screen.getByText(expectedText)).toBeInTheDocument();
      476 |         });

      at waitForWrapper (node_modules/.pnpm/@testing-library+dom@10.4.0/node_modules/@testing-library/dom/dist/wait-for.js:163:27)
      at Object.<anonymous> (src/components/admin/content/__tests__/ContentSynchronizationDashboard.test.tsx:473:22)

  ● ContentSynchronizationDashboard › Error Handling › should handle force sync errors

    TestingLibraryElementError: Unable to find an element with the text: Retry. This could be because the text is broken up by multiple elements. In this case, you can provide a function for your text matcher to make your matcher more flexible.

    Ignored nodes: comments, script, style
    [36m<body>[39m
      [36m<div>[39m
        [36m<div[39m
          [33mclass[39m=[32m"space-y-6 undefined"[39m
        [36m>[39m
          [36m<div[39m
            [33mclass[39m=[32m"grid grid-cols-1 md:grid-cols-2 lg:grid-cols-4 gap-4"[39m
          [36m>[39m
            [36m<div[39m
              [33mclass[39m=[32m"bg-card text-card-foreground flex flex-col gap-6 rounded-xl border py-6 shadow-sm"[39m
              [33mdata-slot[39m=[32m"card"[39m
            [36m>[39m
              [36m<div[39m
                [33mclass[39m=[32m"@container/card-header auto-rows-min grid-rows-[auto_auto] gap-1.5 px-6 has-data-[slot=card-action]:grid-cols-[1fr_auto] [.border-b]:pb-6 flex flex-row items-center justify-between space-y-0 pb-2"[39m
                [33mdata-slot[39m=[32m"card-header"[39m
              [36m>[39m
                [36m<div[39m
                  [33mclass[39m=[32m"text-sm font-medium"[39m
                  [33mdata-slot[39m=[32m"card-title"[39m
                [36m>[39m
                  [0mTotal Groups[0m
                [36m</div>[39m
                [36m<svg[39m
                  [33maria-hidden[39m=[32m"true"[39m
                  [33mclass[39m=[32m"lucide lucide-users h-4 w-4 text-muted-foreground"[39m
                  [33mfill[39m=[32m"none"[39m
                  [33mheight[39m=[32m"24"[39m
                  [33mstroke[39m=[32m"currentColor"[39m
                  [33mstroke-linecap[39m=[32m"round"[39m
                  [33mstroke-linejoin[39m=[32m"round"[39m
                  [33mstroke-width[39m=[32m"2"[39m
                  [33mviewBox[39m=[32m"0 0 24 24"[39m
                  [33mwidth[39m=[32m"24"[39m
                  [33mxmlns[39m=[32m"http://www.w3.org/2000/svg"[39m
                [36m>[39m
                  [36m<path[39m
                    [33md[39m=[32m"M16 21v-2a4 4 0 0 0-4-4H6a4 4 0 0 0-4 4v2"[39m
                  [36m/>[39m
                  [36m<path[39m
                    [33md[39m=[32m"M16 3.128a4 4 0 0 1 0 7.744"[39m
                  [36m/>[39m
                  [36m<path[39m
                    [33md[39m=[32m"M22 21v-2a4 4 0 0 0-3-3.87"[39m
                  [36m/>[39m
                  [36m<circle[39m
                    [33mcx[39m=[32m"9"[39m
                    [33mcy[39m=[32m"7"[39m
                    [33mr[39m=[32m"4"[39m
                  [36m/>[39m
                [36m</svg>[39m
              [36m</div>[39m
              [36m<div[39m
                [33mclass[39m=[32m"px-6"[39m
                [33mdata-slot[39m=[32m"card-content"[39m
              [36m>[39m
                [36m<div[39m
                  [33mclass[39m=[32m"text-2xl font-bold"[39m
                [36m>[39m
                  [0m0[0m
                [36m</div>[39m
                [36m<p[39m
                  [33mclass[39m=[32m"text-xs text-muted-foreground"[39m
                [36m>[39m
                  [0mClass groups registered for sync[0m
                [36m</p>[39m
              [36m</div>[39m
            [36m</div>[39m
            [36m<div[39m
              [33mclass[39m=[32m"bg-card text-card-foreground flex flex-col gap-6 rounded-xl border py-6 shadow-sm"[39m
              [33mdata-slot[39m=[32m"card"[39m
            [36m>[39m
              [36m<div[39m
                [33mclass[39m=[32m"@container/card-header auto-rows-min grid-rows-[auto_auto] gap-1.5 px-6 has-data-[slot=card-action]:grid-cols-[1fr_auto] [.border-b]:pb-6 flex flex-row items-center justify-between space-y-0 pb-2"[39m
                [33mdata-slot[39m=[32m"card-header"[39m
              [36m>[39m
                [36m<div[39m
                  [33mclass[39m=[32m"text-sm font-medium"[39m
                  [33mdata-slot[39m=[32m"card-title"[39m
                [36m>[39m
                  [0mActive Operations[0m
                [36m</div>[39m
                [36m<svg[39m
                  [33maria-hidden[39m=[32m"true"[39m
                  [33mclass[39m=[32m"lucide lucide-activity h-4 w-4 text-muted-foreground"[39m
                  [33mfill[39m=[32m"none"[39m
                  [33mheight[39m=[32m"24"[39m
                  [33mstroke[39m=[32m"currentColor"[39m
                  [33mstroke-linecap[39m=[32m"round"[39m
                  [33mstroke-linejoin[39m=[32m"round"[39m
                  [33mstroke-width[39m=[32m"2"[39m
                  [33mviewBox[39m=[32m"0 0 24 24"[39m
                  [33mwidth[39m=[32m"24"[39m
                  [33mxmlns[39m=[32m"http://www.w3.org/2000/svg"[39m
                [36m>[39m
                  [36m<path[39m
                    [33md[39m=[32m"M22 12h-2.48a2 2 0 0 0-1.93 1.46l-2.35 8.36a.25.25 0 0 1-.48 0L9.24 2.18a.25.25 0 0 0-.48 0l-2.35 8.36A2 2 0 0 1 4.49 12H2"[39m
                  [36m/>[39m
                [36m</svg>[39m
              [36m</div>[39m
              [36m<div[39m
                [33mclass[39m=[32m"px-6"[39m
                [33mdata-slot[39m=[32m"card-content"[39m
              [36m>[39m
                [36m<div[39m
                  [33mclass[39m=[32m"text-2xl font-bold"[39m
                [36m>[39m
                  [0m0[0m
                [36m</div>[39m
                [36m<p[39m
                  [33mclass[39m=[32m"text-xs text-muted-foreground"[39m
                [36m>[39m
                  [0mCurrently running sync operations[0m
                [36m</p>[39m
              [36m</div>[39m
            [36m</div>[39m
            [36m<div[39m
              [33mclass[39m=[32m"bg-card text-card-foreground flex flex-col gap-6 rounded-xl border py-6 shadow-sm"[39m
              [33mdata-slot[39m=[32m"card"[39m
            [36m>[39m
              [36m<div[39m
                [33mclass[39m=[32m"@container/card-header auto-rows-min grid-rows-[auto_auto] gap-1.5 px-6 has-data-[slot=card-action]:grid-cols-[1fr_auto] [.border-b]:pb-6 flex flex-row items-center justify-between space-y-0 pb-2"[39m
                [33mdata-slot[39m=[32m"card-header"[39m
              [36m>[39m
                [36m<div[39m
                  [33mclass[39m=[32m"text-sm font-medium"[39m
                  [33mdata-slot[39m=[32m"card-title"[39m
                [36m>[39m
                  [0mSuccess Rate[0m
                [36m</div>[39m
                [36m<svg[39m
                  [33maria-hidden[39m=[32m"true"[39m
                  [33mclass[39m=[32m"lucide lucide-trending-up h-4 w-4 text-muted-foreground"[39m
                  [33mfill[39m=[32m"none"[39m
                  [33mheight[39m=[32m"24"[39m
                  [33mstroke[39m=[32m"currentColor"[39m
                  [33mstroke-linecap[39m=[32m"round"[39m
                  [33mstroke-linejoin[39m=[32m"round"[39m
                  [33mstroke-width[39m=[32m"2"[39m
                  [33mviewBox[39m=[32m"0 0 24 24"[39m
                  [33mwidth[39m=[32m"24"[39m
                  [33mxmlns[39m=[32m"http://www.w3.org/2000/svg"[39m
                [36m>[39m
                  [36m<path[39m
                    [33md[39m=[32m"M16 7h6v6"[39m
                  [36m/>[39m
                  [36m<path[39m
                    [33md[39m=[32m"m22 7-8.5 8.5-5-5L2 17"[39m
                  [36m/>[39m
                [36m</svg>[39m
              [36m</div>[39m
              [36m<div[3...

      516 |       });
      517 |
    > 518 |       const retryButton = screen.getByText('Retry');
          |                                  ^
      519 |       fireEvent.click(retryButton);
      520 |
      521 |       // Should handle the error gracefully

      at Object.getElementError (node_modules/.pnpm/@testing-library+dom@10.4.0/node_modules/@testing-library/dom/dist/config.js:37:19)
      at node_modules/.pnpm/@testing-library+dom@10.4.0/node_modules/@testing-library/dom/dist/query-helpers.js:76:38
      at node_modules/.pnpm/@testing-library+dom@10.4.0/node_modules/@testing-library/dom/dist/query-helpers.js:52:17
      at node_modules/.pnpm/@testing-library+dom@10.4.0/node_modules/@testing-library/dom/dist/query-helpers.js:95:19
      at Object.getByText (src/components/admin/content/__tests__/ContentSynchronizationDashboard.test.tsx:518:34)

  ● ContentSynchronizationDashboard › Progress Indicators › should display progress bars for in-progress operations

    TestingLibraryElementError: Unable to find an element with the text: 75% complete. This could be because the text is broken up by multiple elements. In this case, you can provide a function for your text matcher to make your matcher more flexible.

    Ignored nodes: comments, script, style
    [36m<body>[39m
      [36m<div>[39m
        [36m<div[39m
          [33mclass[39m=[32m"space-y-6 undefined"[39m
        [36m>[39m
          [36m<div[39m
            [33mclass[39m=[32m"grid grid-cols-1 md:grid-cols-2 lg:grid-cols-4 gap-4"[39m
          [36m>[39m
            [36m<div[39m
              [33mclass[39m=[32m"bg-card text-card-foreground flex flex-col gap-6 rounded-xl border py-6 shadow-sm"[39m
              [33mdata-slot[39m=[32m"card"[39m
            [36m>[39m
              [36m<div[39m
                [33mclass[39m=[32m"@container/card-header auto-rows-min grid-rows-[auto_auto] gap-1.5 px-6 has-data-[slot=card-action]:grid-cols-[1fr_auto] [.border-b]:pb-6 flex flex-row items-center justify-between space-y-0 pb-2"[39m
                [33mdata-slot[39m=[32m"card-header"[39m
              [36m>[39m
                [36m<div[39m
                  [33mclass[39m=[32m"text-sm font-medium"[39m
                  [33mdata-slot[39m=[32m"card-title"[39m
                [36m>[39m
                  [0mTotal Groups[0m
                [36m</div>[39m
                [36m<svg[39m
                  [33maria-hidden[39m=[32m"true"[39m
                  [33mclass[39m=[32m"lucide lucide-users h-4 w-4 text-muted-foreground"[39m
                  [33mfill[39m=[32m"none"[39m
                  [33mheight[39m=[32m"24"[39m
                  [33mstroke[39m=[32m"currentColor"[39m
                  [33mstroke-linecap[39m=[32m"round"[39m
                  [33mstroke-linejoin[39m=[32m"round"[39m
                  [33mstroke-width[39m=[32m"2"[39m
                  [33mviewBox[39m=[32m"0 0 24 24"[39m
                  [33mwidth[39m=[32m"24"[39m
                  [33mxmlns[39m=[32m"http://www.w3.org/2000/svg"[39m
                [36m>[39m
                  [36m<path[39m
                    [33md[39m=[32m"M16 21v-2a4 4 0 0 0-4-4H6a4 4 0 0 0-4 4v2"[39m
                  [36m/>[39m
                  [36m<path[39m
                    [33md[39m=[32m"M16 3.128a4 4 0 0 1 0 7.744"[39m
                  [36m/>[39m
                  [36m<path[39m
                    [33md[39m=[32m"M22 21v-2a4 4 0 0 0-3-3.87"[39m
                  [36m/>[39m
                  [36m<circle[39m
                    [33mcx[39m=[32m"9"[39m
                    [33mcy[39m=[32m"7"[39m
                    [33mr[39m=[32m"4"[39m
                  [36m/>[39m
                [36m</svg>[39m
              [36m</div>[39m
              [36m<div[39m
                [33mclass[39m=[32m"px-6"[39m
                [33mdata-slot[39m=[32m"card-content"[39m
              [36m>[39m
                [36m<div[39m
                  [33mclass[39m=[32m"text-2xl font-bold"[39m
                [36m>[39m
                  [0m0[0m
                [36m</div>[39m
                [36m<p[39m
                  [33mclass[39m=[32m"text-xs text-muted-foreground"[39m
                [36m>[39m
                  [0mClass groups registered for sync[0m
                [36m</p>[39m
              [36m</div>[39m
            [36m</div>[39m
            [36m<div[39m
              [33mclass[39m=[32m"bg-card text-card-foreground flex flex-col gap-6 rounded-xl border py-6 shadow-sm"[39m
              [33mdata-slot[39m=[32m"card"[39m
            [36m>[39m
              [36m<div[39m
                [33mclass[39m=[32m"@container/card-header auto-rows-min grid-rows-[auto_auto] gap-1.5 px-6 has-data-[slot=card-action]:grid-cols-[1fr_auto] [.border-b]:pb-6 flex flex-row items-center justify-between space-y-0 pb-2"[39m
                [33mdata-slot[39m=[32m"card-header"[39m
              [36m>[39m
                [36m<div[39m
                  [33mclass[39m=[32m"text-sm font-medium"[39m
                  [33mdata-slot[39m=[32m"card-title"[39m
                [36m>[39m
                  [0mActive Operations[0m
                [36m</div>[39m
                [36m<svg[39m
                  [33maria-hidden[39m=[32m"true"[39m
                  [33mclass[39m=[32m"lucide lucide-activity h-4 w-4 text-muted-foreground"[39m
                  [33mfill[39m=[32m"none"[39m
                  [33mheight[39m=[32m"24"[39m
                  [33mstroke[39m=[32m"currentColor"[39m
                  [33mstroke-linecap[39m=[32m"round"[39m
                  [33mstroke-linejoin[39m=[32m"round"[39m
                  [33mstroke-width[39m=[32m"2"[39m
                  [33mviewBox[39m=[32m"0 0 24 24"[39m
                  [33mwidth[39m=[32m"24"[39m
                  [33mxmlns[39m=[32m"http://www.w3.org/2000/svg"[39m
                [36m>[39m
                  [36m<path[39m
                    [33md[39m=[32m"M22 12h-2.48a2 2 0 0 0-1.93 1.46l-2.35 8.36a.25.25 0 0 1-.48 0L9.24 2.18a.25.25 0 0 0-.48 0l-2.35 8.36A2 2 0 0 1 4.49 12H2"[39m
                  [36m/>[39m
                [36m</svg>[39m
              [36m</div>[39m
              [36m<div[39m
                [33mclass[39m=[32m"px-6"[39m
                [33mdata-slot[39m=[32m"card-content"[39m
              [36m>[39m
                [36m<div[39m
                  [33mclass[39m=[32m"text-2xl font-bold"[39m
                [36m>[39m
                  [0m0[0m
                [36m</div>[39m
                [36m<p[39m
                  [33mclass[39m=[32m"text-xs text-muted-foreground"[39m
                [36m>[39m
                  [0mCurrently running sync operations[0m
                [36m</p>[39m
              [36m</div>[39m
            [36m</div>[39m
            [36m<div[39m
              [33mclass[39m=[32m"bg-card text-card-foreground flex flex-col gap-6 rounded-xl border py-6 shadow-sm"[39m
              [33mdata-slot[39m=[32m"card"[39m
            [36m>[39m
              [36m<div[39m
                [33mclass[39m=[32m"@container/card-header auto-rows-min grid-rows-[auto_auto] gap-1.5 px-6 has-data-[slot=card-action]:grid-cols-[1fr_auto] [.border-b]:pb-6 flex flex-row items-center justify-between space-y-0 pb-2"[39m
                [33mdata-slot[39m=[32m"card-header"[39m
              [36m>[39m
                [36m<div[39m
                  [33mclass[39m=[32m"text-sm font-medium"[39m
                  [33mdata-slot[39m=[32m"card-title"[39m
                [36m>[39m
                  [0mSuccess Rate[0m
                [36m</div>[39m
                [36m<svg[39m
                  [33maria-hidden[39m=[32m"true"[39m
                  [33mclass[39m=[32m"lucide lucide-trending-up h-4 w-4 text-muted-foreground"[39m
                  [33mfill[39m=[32m"none"[39m
                  [33mheight[39m=[32m"24"[39m
                  [33mstroke[39m=[32m"currentColor"[39m
                  [33mstroke-linecap[39m=[32m"round"[39m
                  [33mstroke-linejoin[39m=[32m"round"[39m
                  [33mstroke-width[39m=[32m"2"[39m
                  [33mviewBox[39m=[32m"0 0 24 24"[39m
                  [33mwidth[39m=[32m"24"[39m
                  [33mxmlns[39m=[32m"http://www.w3.org/2000/svg"[39m
                [36m>[39m
                  [36m<path[39m
                    [33md[39m=[32m"M16 7h6v6"[39m
                  [36m/>[39m
                  [36m<path[39m
                    [33md[39m=[32m"m22 7-8.5 8.5-5-5L2 17"[39m
                  [36m/>[39m
                [36m</svg>[39m
              [36m</div>[39m
              [36m<div[3...

      546 |       });
      547 |
    > 548 |       expect(screen.getByText('75% complete')).toBeInTheDocument();
          |                     ^
      549 |     });
      550 |
      551 |     it('should display performance metrics with progress bars', async () => {

      at Object.getElementError (node_modules/.pnpm/@testing-library+dom@10.4.0/node_modules/@testing-library/dom/dist/config.js:37:19)
      at node_modules/.pnpm/@testing-library+dom@10.4.0/node_modules/@testing-library/dom/dist/query-helpers.js:76:38
      at node_modules/.pnpm/@testing-library+dom@10.4.0/node_modules/@testing-library/dom/dist/query-helpers.js:52:17
      at node_modules/.pnpm/@testing-library+dom@10.4.0/node_modules/@testing-library/dom/dist/query-helpers.js:95:19
      at Object.getByText (src/components/admin/content/__tests__/ContentSynchronizationDashboard.test.tsx:548:21)

PASS src/components/ui/__tests__/bulk-actions-toolbar.test.tsx
FAIL src/components/student/__tests__/StudentAttendanceTracking.test.tsx (8.472 s)
  ● Console

    console.error
      Warning: An update to StudentAttendanceTracking inside a test was not wrapped in act(...).
      
      When testing, code that causes React state updates should be wrapped into act(...):
      
      act(() => {
        /* fire events that update state */
      });
      /* assert on the output */
      
      This ensures that you're testing the behavior the user would see in the browser. Learn more at https://reactjs.org/link/wrap-tests-with-act
          at studentId (/Users/invoture/dev.local/hey-peter/src/components/student/StudentAttendanceTracking.tsx:95:45)

      143 |
      144 |       if (error) throw error;
    > 145 |       setAttendance(data || []);
          |       ^
      146 |     } catch (err) {
      147 |       setError(err instanceof Error ? err.message : 'Failed to fetch attendance');
      148 |     } finally {

      at printWarning (node_modules/.pnpm/react-dom@18.3.1_react@18.3.1/node_modules/react-dom/cjs/react-dom.development.js:86:30)
      at error (node_modules/.pnpm/react-dom@18.3.1_react@18.3.1/node_modules/react-dom/cjs/react-dom.development.js:60:7)
      at warnIfUpdatesNotWrappedWithActDEV (node_modules/.pnpm/react-dom@18.3.1_react@18.3.1/node_modules/react-dom/cjs/react-dom.development.js:27628:9)
      at scheduleUpdateOnFiber (node_modules/.pnpm/react-dom@18.3.1_react@18.3.1/node_modules/react-dom/cjs/react-dom.development.js:25547:5)
      at dispatchSetState (node_modules/.pnpm/react-dom@18.3.1_react@18.3.1/node_modules/react-dom/cjs/react-dom.development.js:16708:7)
      at setAttendance (src/components/student/StudentAttendanceTracking.tsx:145:7)

    console.error
      Warning: An update to StudentAttendanceTracking inside a test was not wrapped in act(...).
      
      When testing, code that causes React state updates should be wrapped into act(...):
      
      act(() => {
        /* fire events that update state */
      });
      /* assert on the output */
      
      This ensures that you're testing the behavior the user would see in the browser. Learn more at https://reactjs.org/link/wrap-tests-with-act
          at studentId (/Users/invoture/dev.local/hey-peter/src/components/student/StudentAttendanceTracking.tsx:95:45)

      147 |       setError(err instanceof Error ? err.message : 'Failed to fetch attendance');
      148 |     } finally {
    > 149 |       setLoading(false);
          |       ^
      150 |     }
      151 |   }, [studentId, dateRange, supabase]);
      152 |

      at printWarning (node_modules/.pnpm/react-dom@18.3.1_react@18.3.1/node_modules/react-dom/cjs/react-dom.development.js:86:30)
      at error (node_modules/.pnpm/react-dom@18.3.1_react@18.3.1/node_modules/react-dom/cjs/react-dom.development.js:60:7)
      at warnIfUpdatesNotWrappedWithActDEV (node_modules/.pnpm/react-dom@18.3.1_react@18.3.1/node_modules/react-dom/cjs/react-dom.development.js:27628:9)
      at scheduleUpdateOnFiber (node_modules/.pnpm/react-dom@18.3.1_react@18.3.1/node_modules/react-dom/cjs/react-dom.development.js:25547:5)
      at dispatchSetState (node_modules/.pnpm/react-dom@18.3.1_react@18.3.1/node_modules/react-dom/cjs/react-dom.development.js:16708:7)
      at setLoading (src/components/student/StudentAttendanceTracking.tsx:149:7)

    console.error
      Warning: An update to StudentAttendanceTracking inside a test was not wrapped in act(...).
      
      When testing, code that causes React state updates should be wrapped into act(...):
      
      act(() => {
        /* fire events that update state */
      });
      /* assert on the output */
      
      This ensures that you're testing the behavior the user would see in the browser. Learn more at https://reactjs.org/link/wrap-tests-with-act
          at studentId (/Users/invoture/dev.local/hey-peter/src/components/student/StudentAttendanceTracking.tsx:95:45)

      161 |
      162 |       if (error) throw error;
    > 163 |       setLeaveRequests(data || []);
          |       ^
      164 |     } catch (err) {
      165 |       console.error('Failed to fetch leave requests:', err);
      166 |     }

      at printWarning (node_modules/.pnpm/react-dom@18.3.1_react@18.3.1/node_modules/react-dom/cjs/react-dom.development.js:86:30)
      at error (node_modules/.pnpm/react-dom@18.3.1_react@18.3.1/node_modules/react-dom/cjs/react-dom.development.js:60:7)
      at warnIfUpdatesNotWrappedWithActDEV (node_modules/.pnpm/react-dom@18.3.1_react@18.3.1/node_modules/react-dom/cjs/react-dom.development.js:27628:9)
      at scheduleUpdateOnFiber (node_modules/.pnpm/react-dom@18.3.1_react@18.3.1/node_modules/react-dom/cjs/react-dom.development.js:25547:5)
      at dispatchSetState (node_modules/.pnpm/react-dom@18.3.1_react@18.3.1/node_modules/react-dom/cjs/react-dom.development.js:16708:7)
      at setLeaveRequests (src/components/student/StudentAttendanceTracking.tsx:163:7)

    console.error
      Warning: An update to StudentAttendanceTracking inside a test was not wrapped in act(...).
      
      When testing, code that causes React state updates should be wrapped into act(...):
      
      act(() => {
        /* fire events that update state */
      });
      /* assert on the output */
      
      This ensures that you're testing the behavior the user would see in the browser. Learn more at https://reactjs.org/link/wrap-tests-with-act
          at studentId (/Users/invoture/dev.local/hey-peter/src/components/student/StudentAttendanceTracking.tsx:95:45)

      176 |
      177 |       if (error) throw error;
    > 178 |       setPolicies(data);
          |       ^
      179 |     } catch (err) {
      180 |       console.error('Failed to fetch policies:', err);
      181 |     }

      at printWarning (node_modules/.pnpm/react-dom@18.3.1_react@18.3.1/node_modules/react-dom/cjs/react-dom.development.js:86:30)
      at error (node_modules/.pnpm/react-dom@18.3.1_react@18.3.1/node_modules/react-dom/cjs/react-dom.development.js:60:7)
      at warnIfUpdatesNotWrappedWithActDEV (node_modules/.pnpm/react-dom@18.3.1_react@18.3.1/node_modules/react-dom/cjs/react-dom.development.js:27628:9)
      at scheduleUpdateOnFiber (node_modules/.pnpm/react-dom@18.3.1_react@18.3.1/node_modules/react-dom/cjs/react-dom.development.js:25547:5)
      at dispatchSetState (node_modules/.pnpm/react-dom@18.3.1_react@18.3.1/node_modules/react-dom/cjs/react-dom.development.js:16708:7)
      at setPolicies (src/components/student/StudentAttendanceTracking.tsx:178:7)

  ● StudentAttendanceTracking › should display attendance statistics correctly

    TestingLibraryElementError: Unable to find an element with the text: 50%. This could be because the text is broken up by multiple elements. In this case, you can provide a function for your text matcher to make your matcher more flexible.

    Ignored nodes: comments, script, style
    [36m<body>[39m
      [36m<div>[39m
        [36m<div[39m
          [33maria-label[39m=[32m"Attendance Tracking"[39m
          [33mclass[39m=[32m"space-y-6"[39m
          [33mrole[39m=[32m"region"[39m
        [36m>[39m
          [36m<div[39m
            [33mclass[39m=[32m"flex flex-col sm:flex-row justify-between items-start sm:items-center gap-4"[39m
          [36m>[39m
            [36m<div>[39m
              [36m<h2[39m
                [33mclass[39m=[32m"text-2xl font-bold"[39m
              [36m>[39m
                [0mAttendance Tracking[0m
              [36m</h2>[39m
              [36m<p[39m
                [33mclass[39m=[32m"text-sm text-muted-foreground"[39m
              [36m>[39m
                [0mTrack your attendance, view statistics, and manage leave requests[0m
              [36m</p>[39m
            [36m</div>[39m
            [36m<div[39m
              [33mclass[39m=[32m"flex flex-wrap gap-2"[39m
            [36m>[39m
              [36m<button[39m
                [33mclass[39m=[32m"inline-flex items-center justify-center whitespace-nowrap text-sm font-medium transition-all disabled:pointer-events-none disabled:opacity-50 [&_svg]:pointer-events-none [&_svg:not([class*='size-'])]:size-4 shrink-0 [&_svg]:shrink-0 outline-none focus-visible:border-ring focus-visible:ring-ring/50 focus-visible:ring-[3px] aria-invalid:ring-destructive/20 dark:aria-invalid:ring-destructive/40 aria-invalid:border-destructive border bg-background shadow-xs hover:bg-accent hover:text-accent-foreground dark:bg-input/30 dark:border-input dark:hover:bg-input/50 h-8 rounded-md gap-1.5 px-3 has-[>svg]:px-2.5"[39m
                [33mdata-slot[39m=[32m"button"[39m
              [36m>[39m
                [36m<svg[39m
                  [33maria-hidden[39m=[32m"true"[39m
                  [33mclass[39m=[32m"lucide lucide-refresh-cw h-4 w-4 mr-2"[39m
                  [33mfill[39m=[32m"none"[39m
                  [33mheight[39m=[32m"24"[39m
                  [33mstroke[39m=[32m"currentColor"[39m
                  [33mstroke-linecap[39m=[32m"round"[39m
                  [33mstroke-linejoin[39m=[32m"round"[39m
                  [33mstroke-width[39m=[32m"2"[39m
                  [33mviewBox[39m=[32m"0 0 24 24"[39m
                  [33mwidth[39m=[32m"24"[39m
                  [33mxmlns[39m=[32m"http://www.w3.org/2000/svg"[39m
                [36m>[39m
                  [36m<path[39m
                    [33md[39m=[32m"M3 12a9 9 0 0 1 9-9 9.75 9.75 0 0 1 6.74 2.74L21 8"[39m
                  [36m/>[39m
                  [36m<path[39m
                    [33md[39m=[32m"M21 3v5h-5"[39m
                  [36m/>[39m
                  [36m<path[39m
                    [33md[39m=[32m"M21 12a9 9 0 0 1-9 9 9.75 9.75 0 0 1-6.74-2.74L3 16"[39m
                  [36m/>[39m
                  [36m<path[39m
                    [33md[39m=[32m"M8 16H3v5"[39m
                  [36m/>[39m
                [36m</svg>[39m
                [0mRefresh[0m
              [36m</button>[39m
              [36m<button[39m
                [33mclass[39m=[32m"inline-flex items-center justify-center whitespace-nowrap text-sm font-medium transition-all disabled:pointer-events-none disabled:opacity-50 [&_svg]:pointer-events-none [&_svg:not([class*='size-'])]:size-4 shrink-0 [&_svg]:shrink-0 outline-none focus-visible:border-ring focus-visible:ring-ring/50 focus-visible:ring-[3px] aria-invalid:ring-destructive/20 dark:aria-invalid:ring-destructive/40 aria-invalid:border-destructive border bg-background shadow-xs hover:bg-accent hover:text-accent-foreground dark:bg-input/30 dark:border-input dark:hover:bg-input/50 h-8 rounded-md gap-1.5 px-3 has-[>svg]:px-2.5"[39m
                [33mdata-slot[39m=[32m"button"[39m
              [36m>[39m
                [36m<svg[39m
                  [33maria-hidden[39m=[32m"true"[39m
                  [33mclass[39m=[32m"lucide lucide-printer h-4 w-4 mr-2"[39m
                  [33mfill[39m=[32m"none"[39m
                  [33mheight[39m=[32m"24"[39m
                  [33mstroke[39m=[32m"currentColor"[39m
                  [33mstroke-linecap[39m=[32m"round"[39m
                  [33mstroke-linejoin[39m=[32m"round"[39m
                  [33mstroke-width[39m=[32m"2"[39m
                  [33mviewBox[39m=[32m"0 0 24 24"[39m
                  [33mwidth[39m=[32m"24"[39m
                  [33mxmlns[39m=[32m"http://www.w3.org/2000/svg"[39m
                [36m>[39m
                  [36m<path[39m
                    [33md[39m=[32m"M6 18H4a2 2 0 0 1-2-2v-5a2 2 0 0 1 2-2h16a2 2 0 0 1 2 2v5a2 2 0 0 1-2 2h-2"[39m
                  [36m/>[39m
                  [36m<path[39m
                    [33md[39m=[32m"M6 9V3a1 1 0 0 1 1-1h10a1 1 0 0 1 1 1v6"[39m
                  [36m/>[39m
                  [36m<rect[39m
                    [33mheight[39m=[32m"8"[39m
                    [33mrx[39m=[32m"1"[39m
                    [33mwidth[39m=[32m"12"[39m
                    [33mx[39m=[32m"6"[39m
                    [33my[39m=[32m"14"[39m
                  [36m/>[39m
                [36m</svg>[39m
                [0mPrint Report[0m
              [36m</button>[39m
              [36m<button[39m
                [33maria-controls[39m=[32m"radix-:rf:"[39m
                [33maria-expanded[39m=[32m"false"[39m
                [33maria-haspopup[39m=[32m"dialog"[39m
                [33mclass[39m=[32m"inline-flex items-center justify-center whitespace-nowrap text-sm font-medium transition-all disabled:pointer-events-none disabled:opacity-50 [&_svg]:pointer-events-none [&_svg:not([class*='size-'])]:size-4 shrink-0 [&_svg]:shrink-0 outline-none focus-visible:border-ring focus-visible:ring-ring/50 focus-visible:ring-[3px] aria-invalid:ring-destructive/20 dark:aria-invalid:ring-destructive/40 aria-invalid:border-destructive border bg-background shadow-xs hover:bg-accent hover:text-accent-foreground dark:bg-input/30 dark:border-input dark:hover:bg-input/50 h-8 rounded-md gap-1.5 px-3 has-[>svg]:px-2.5"[39m
                [33mdata-slot[39m=[32m"button"[39m
                [33mdata-state[39m=[32m"closed"[39m
                [33mtype[39m=[32m"button"[39m
              [36m>[39m
                [36m<svg[39m
                  [33maria-hidden[39m=[32m"true"[39m
                  [33mclass[39m=[32m"lucide lucide-download h-4 w-4 mr-2"[39m
                  [33mfill[39m=[32m"none"[39m
                  [33mheight[39m=[32m"24"[39m
                  [33mstroke[39m=[32m"currentColor"[39m
                  [33mstroke-linecap[39m=[32m"round"[39m
                  [33mstroke-linejoin[39m=[32m"round"[39m
                  [33mstroke-width[39m=[32m"2"[39m
                  [33mviewBox[39m=[32m"0 0 24 24"[39m
                  [33mwidth[39m=[32m"24"[39m
                  [33mxmlns[39m=[32m"http://www.w3.org/2000/svg"[39m
                [36m>[39m
                  [36m<path[39m
                    [33md[39m=[32m"M12 15V3"[39m
                  [36m/>[39m
                  [36m<path[39m
                    [33md[39m=[32m"M21 15v4a2 2 0 0 1-2 2H5a2 2 0 0 1-2-2v-4"[39m
                  [36m/>[39m
                  [36m<path[39m
                    [33md[39m=[3...

      248 |     // Check for attendance rate
      249 |     expect(screen.getByText('Attendance Rate')).toBeInTheDocument();
    > 250 |     expect(screen.getByText('50%')).toBeInTheDocument(); // 2 out of 4 classes attended (present + late)
          |                   ^
      251 |     
      252 |     // Check for class counts
      253 |     expect(screen.getByText('Classes')).toBeInTheDocument();

      at Object.getElementError (node_modules/.pnpm/@testing-library+dom@10.4.0/node_modules/@testing-library/dom/dist/config.js:37:19)
      at node_modules/.pnpm/@testing-library+dom@10.4.0/node_modules/@testing-library/dom/dist/query-helpers.js:76:38
      at node_modules/.pnpm/@testing-library+dom@10.4.0/node_modules/@testing-library/dom/dist/query-helpers.js:52:17
      at node_modules/.pnpm/@testing-library+dom@10.4.0/node_modules/@testing-library/dom/dist/query-helpers.js:95:19
      at Object.getByText (src/components/student/__tests__/StudentAttendanceTracking.test.tsx:250:19)

  ● StudentAttendanceTracking › should switch between calendar, week, and list views

    TestingLibraryElementError: Unable to find an element by: [data-testid="attendance-week-view"]

    Ignored nodes: comments, script, style
    [36m<body>[39m
      [36m<div>[39m
        [36m<div[39m
          [33maria-label[39m=[32m"Attendance Tracking"[39m
          [33mclass[39m=[32m"space-y-6"[39m
          [33mrole[39m=[32m"region"[39m
        [36m>[39m
          [36m<div[39m
            [33mclass[39m=[32m"flex flex-col sm:flex-row justify-between items-start sm:items-center gap-4"[39m
          [36m>[39m
            [36m<div>[39m
              [36m<h2[39m
                [33mclass[39m=[32m"text-2xl font-bold"[39m
              [36m>[39m
                [0mAttendance Tracking[0m
              [36m</h2>[39m
              [36m<p[39m
                [33mclass[39m=[32m"text-sm text-muted-foreground"[39m
              [36m>[39m
                [0mTrack your attendance, view statistics, and manage leave requests[0m
              [36m</p>[39m
            [36m</div>[39m
            [36m<div[39m
              [33mclass[39m=[32m"flex flex-wrap gap-2"[39m
            [36m>[39m
              [36m<button[39m
                [33mclass[39m=[32m"inline-flex items-center justify-center whitespace-nowrap text-sm font-medium transition-all disabled:pointer-events-none disabled:opacity-50 [&_svg]:pointer-events-none [&_svg:not([class*='size-'])]:size-4 shrink-0 [&_svg]:shrink-0 outline-none focus-visible:border-ring focus-visible:ring-ring/50 focus-visible:ring-[3px] aria-invalid:ring-destructive/20 dark:aria-invalid:ring-destructive/40 aria-invalid:border-destructive border bg-background shadow-xs hover:bg-accent hover:text-accent-foreground dark:bg-input/30 dark:border-input dark:hover:bg-input/50 h-8 rounded-md gap-1.5 px-3 has-[>svg]:px-2.5"[39m
                [33mdata-slot[39m=[32m"button"[39m
              [36m>[39m
                [36m<svg[39m
                  [33maria-hidden[39m=[32m"true"[39m
                  [33mclass[39m=[32m"lucide lucide-refresh-cw h-4 w-4 mr-2"[39m
                  [33mfill[39m=[32m"none"[39m
                  [33mheight[39m=[32m"24"[39m
                  [33mstroke[39m=[32m"currentColor"[39m
                  [33mstroke-linecap[39m=[32m"round"[39m
                  [33mstroke-linejoin[39m=[32m"round"[39m
                  [33mstroke-width[39m=[32m"2"[39m
                  [33mviewBox[39m=[32m"0 0 24 24"[39m
                  [33mwidth[39m=[32m"24"[39m
                  [33mxmlns[39m=[32m"http://www.w3.org/2000/svg"[39m
                [36m>[39m
                  [36m<path[39m
                    [33md[39m=[32m"M3 12a9 9 0 0 1 9-9 9.75 9.75 0 0 1 6.74 2.74L21 8"[39m
                  [36m/>[39m
                  [36m<path[39m
                    [33md[39m=[32m"M21 3v5h-5"[39m
                  [36m/>[39m
                  [36m<path[39m
                    [33md[39m=[32m"M21 12a9 9 0 0 1-9 9 9.75 9.75 0 0 1-6.74-2.74L3 16"[39m
                  [36m/>[39m
                  [36m<path[39m
                    [33md[39m=[32m"M8 16H3v5"[39m
                  [36m/>[39m
                [36m</svg>[39m
                [0mRefresh[0m
              [36m</button>[39m
              [36m<button[39m
                [33mclass[39m=[32m"inline-flex items-center justify-center whitespace-nowrap text-sm font-medium transition-all disabled:pointer-events-none disabled:opacity-50 [&_svg]:pointer-events-none [&_svg:not([class*='size-'])]:size-4 shrink-0 [&_svg]:shrink-0 outline-none focus-visible:border-ring focus-visible:ring-ring/50 focus-visible:ring-[3px] aria-invalid:ring-destructive/20 dark:aria-invalid:ring-destructive/40 aria-invalid:border-destructive border bg-background shadow-xs hover:bg-accent hover:text-accent-foreground dark:bg-input/30 dark:border-input dark:hover:bg-input/50 h-8 rounded-md gap-1.5 px-3 has-[>svg]:px-2.5"[39m
                [33mdata-slot[39m=[32m"button"[39m
              [36m>[39m
                [36m<svg[39m
                  [33maria-hidden[39m=[32m"true"[39m
                  [33mclass[39m=[32m"lucide lucide-printer h-4 w-4 mr-2"[39m
                  [33mfill[39m=[32m"none"[39m
                  [33mheight[39m=[32m"24"[39m
                  [33mstroke[39m=[32m"currentColor"[39m
                  [33mstroke-linecap[39m=[32m"round"[39m
                  [33mstroke-linejoin[39m=[32m"round"[39m
                  [33mstroke-width[39m=[32m"2"[39m
                  [33mviewBox[39m=[32m"0 0 24 24"[39m
                  [33mwidth[39m=[32m"24"[39m
                  [33mxmlns[39m=[32m"http://www.w3.org/2000/svg"[39m
                [36m>[39m
                  [36m<path[39m
                    [33md[39m=[32m"M6 18H4a2 2 0 0 1-2-2v-5a2 2 0 0 1 2-2h16a2 2 0 0 1 2 2v5a2 2 0 0 1-2 2h-2"[39m
                  [36m/>[39m
                  [36m<path[39m
                    [33md[39m=[32m"M6 9V3a1 1 0 0 1 1-1h10a1 1 0 0 1 1 1v6"[39m
                  [36m/>[39m
                  [36m<rect[39m
                    [33mheight[39m=[32m"8"[39m
                    [33mrx[39m=[32m"1"[39m
                    [33mwidth[39m=[32m"12"[39m
                    [33mx[39m=[32m"6"[39m
                    [33my[39m=[32m"14"[39m
                  [36m/>[39m
                [36m</svg>[39m
                [0mPrint Report[0m
              [36m</button>[39m
              [36m<button[39m
                [33maria-controls[39m=[32m"radix-:r1d:"[39m
                [33maria-expanded[39m=[32m"false"[39m
                [33maria-haspopup[39m=[32m"dialog"[39m
                [33mclass[39m=[32m"inline-flex items-center justify-center whitespace-nowrap text-sm font-medium transition-all disabled:pointer-events-none disabled:opacity-50 [&_svg]:pointer-events-none [&_svg:not([class*='size-'])]:size-4 shrink-0 [&_svg]:shrink-0 outline-none focus-visible:border-ring focus-visible:ring-ring/50 focus-visible:ring-[3px] aria-invalid:ring-destructive/20 dark:aria-invalid:ring-destructive/40 aria-invalid:border-destructive border bg-background shadow-xs hover:bg-accent hover:text-accent-foreground dark:bg-input/30 dark:border-input dark:hover:bg-input/50 h-8 rounded-md gap-1.5 px-3 has-[>svg]:px-2.5"[39m
                [33mdata-slot[39m=[32m"button"[39m
                [33mdata-state[39m=[32m"closed"[39m
                [33mtype[39m=[32m"button"[39m
              [36m>[39m
                [36m<svg[39m
                  [33maria-hidden[39m=[32m"true"[39m
                  [33mclass[39m=[32m"lucide lucide-download h-4 w-4 mr-2"[39m
                  [33mfill[39m=[32m"none"[39m
                  [33mheight[39m=[32m"24"[39m
                  [33mstroke[39m=[32m"currentColor"[39m
                  [33mstroke-linecap[39m=[32m"round"[39m
                  [33mstroke-linejoin[39m=[32m"round"[39m
                  [33mstroke-width[39m=[32m"2"[39m
                  [33mviewBox[39m=[32m"0 0 24 24"[39m
                  [33mwidth[39m=[32m"24"[39m
                  [33mxmlns[39m=[32m"http://www.w3.org/2000/svg"[39m
                [36m>[39m
                  [36m<path[39m
                    [33md[39m=[32m"M12 15V3"[39m
                  [36m/>[39m
                  [36m<path[39m
                    [33md[39m=[32m"M21 15v4a2 2 0 0 1-2 2H5a2 2 0 0 1-2-2v-4"[39m
                  [36m/>[39m
                  [36m<path[39m
                    [33md[39m=[...

      274 |     const weekTab = screen.getByRole('tab', { name: /week view/i });
      275 |     await user.click(weekTab);
    > 276 |     expect(screen.getByTestId('attendance-week-view')).toBeInTheDocument();
          |                   ^
      277 |     
      278 |     // Switch to list view
      279 |     const listTab = screen.getByRole('tab', { name: /list view/i });

      at Object.getElementError (node_modules/.pnpm/@testing-library+dom@10.4.0/node_modules/@testing-library/dom/dist/config.js:37:19)
      at node_modules/.pnpm/@testing-library+dom@10.4.0/node_modules/@testing-library/dom/dist/query-helpers.js:76:38
      at node_modules/.pnpm/@testing-library+dom@10.4.0/node_modules/@testing-library/dom/dist/query-helpers.js:52:17
      at node_modules/.pnpm/@testing-library+dom@10.4.0/node_modules/@testing-library/dom/dist/query-helpers.js:95:19
      at Object.getByTestId (src/components/student/__tests__/StudentAttendanceTracking.test.tsx:276:19)

  ● StudentAttendanceTracking › should filter attendance by course

    TestingLibraryElementError: Unable to find an accessible element with the role "tab" and name `/list view/i`

    There are no accessible roles. But there might be some inaccessible roles. If you wish to access them, then set the `hidden` option to `true`. Learn more about this here: https://testing-library.com/docs/dom-testing-library/api-queries#byrole

    Ignored nodes: comments, script, style
    [36m<body>[39m
      [36m<div>[39m
        [36m<div[39m
          [33mclass[39m=[32m"space-y-4"[39m
        [36m>[39m
          [36m<div[39m
            [33mclass[39m=[32m"bg-accent animate-pulse rounded-md h-8 w-64"[39m
            [33mdata-slot[39m=[32m"skeleton"[39m
          [36m/>[39m
          [36m<div[39m
            [33mclass[39m=[32m"grid grid-cols-1 md:grid-cols-4 gap-4"[39m
          [36m>[39m
            [36m<div[39m
              [33mclass[39m=[32m"bg-accent animate-pulse rounded-md h-24"[39m
              [33mdata-slot[39m=[32m"skeleton"[39m
            [36m/>[39m
            [36m<div[39m
              [33mclass[39m=[32m"bg-accent animate-pulse rounded-md h-24"[39m
              [33mdata-slot[39m=[32m"skeleton"[39m
            [36m/>[39m
            [36m<div[39m
              [33mclass[39m=[32m"bg-accent animate-pulse rounded-md h-24"[39m
              [33mdata-slot[39m=[32m"skeleton"[39m
            [36m/>[39m
            [36m<div[39m
              [33mclass[39m=[32m"bg-accent animate-pulse rounded-md h-24"[39m
              [33mdata-slot[39m=[32m"skeleton"[39m
            [36m/>[39m
          [36m</div>[39m
          [36m<div[39m
            [33mclass[39m=[32m"bg-accent animate-pulse rounded-md h-96"[39m
            [33mdata-slot[39m=[32m"skeleton"[39m
          [36m/>[39m
        [36m</div>[39m
      [36m</div>[39m
    [36m</body>[39m

      293 |     
      294 |     // Switch to list view to see filtered items
    > 295 |     await user.click(screen.getByRole('tab', { name: /list view/i }));
          |                             ^
      296 |     
      297 |     const courseFilter = screen.getByLabelText(/filter by course/i);
      298 |     await user.selectOptions(courseFilter, 'Basic English');

      at Object.getElementError (node_modules/.pnpm/@testing-library+dom@10.4.0/node_modules/@testing-library/dom/dist/config.js:37:19)
      at node_modules/.pnpm/@testing-library+dom@10.4.0/node_modules/@testing-library/dom/dist/query-helpers.js:76:38
      at node_modules/.pnpm/@testing-library+dom@10.4.0/node_modules/@testing-library/dom/dist/query-helpers.js:52:17
      at node_modules/.pnpm/@testing-library+dom@10.4.0/node_modules/@testing-library/dom/dist/query-helpers.js:95:19
      at Object.getByRole (src/components/student/__tests__/StudentAttendanceTracking.test.tsx:295:29)

  ● StudentAttendanceTracking › should filter attendance by date range

    TestingLibraryElementError: Unable to find a label with the text of: /start date/i

    Ignored nodes: comments, script, style
    [36m<body>[39m
      [36m<div>[39m
        [36m<div[39m
          [33mclass[39m=[32m"space-y-4"[39m
        [36m>[39m
          [36m<div[39m
            [33mclass[39m=[32m"bg-accent animate-pulse rounded-md h-8 w-64"[39m
            [33mdata-slot[39m=[32m"skeleton"[39m
          [36m/>[39m
          [36m<div[39m
            [33mclass[39m=[32m"grid grid-cols-1 md:grid-cols-4 gap-4"[39m
          [36m>[39m
            [36m<div[39m
              [33mclass[39m=[32m"bg-accent animate-pulse rounded-md h-24"[39m
              [33mdata-slot[39m=[32m"skeleton"[39m
            [36m/>[39m
            [36m<div[39m
              [33mclass[39m=[32m"bg-accent animate-pulse rounded-md h-24"[39m
              [33mdata-slot[39m=[32m"skeleton"[39m
            [36m/>[39m
            [36m<div[39m
              [33mclass[39m=[32m"bg-accent animate-pulse rounded-md h-24"[39m
              [33mdata-slot[39m=[32m"skeleton"[39m
            [36m/>[39m
            [36m<div[39m
              [33mclass[39m=[32m"bg-accent animate-pulse rounded-md h-24"[39m
              [33mdata-slot[39m=[32m"skeleton"[39m
            [36m/>[39m
          [36m</div>[39m
          [36m<div[39m
            [33mclass[39m=[32m"bg-accent animate-pulse rounded-md h-96"[39m
            [33mdata-slot[39m=[32m"skeleton"[39m
          [36m/>[39m
        [36m</div>[39m
      [36m</div>[39m
    [36m</body>[39m

      314 |     });
      315 |     
    > 316 |     const startDate = screen.getByLabelText(/start date/i);
          |                              ^
      317 |     const endDate = screen.getByLabelText(/end date/i);
      318 |     
      319 |     await user.type(startDate, '2024-01-15');

      at Object.getElementError (node_modules/.pnpm/@testing-library+dom@10.4.0/node_modules/@testing-library/dom/dist/config.js:37:19)
      at getAllByLabelText (node_modules/.pnpm/@testing-library+dom@10.4.0/node_modules/@testing-library/dom/dist/queries/label-text.js:111:38)
      at node_modules/.pnpm/@testing-library+dom@10.4.0/node_modules/@testing-library/dom/dist/query-helpers.js:52:17
      at node_modules/.pnpm/@testing-library+dom@10.4.0/node_modules/@testing-library/dom/dist/query-helpers.js:95:19
      at Object.getByLabelText (src/components/student/__tests__/StudentAttendanceTracking.test.tsx:316:30)

  ● StudentAttendanceTracking › should show attendance details when clicking on a date

    TestingLibraryElementError: Unable to find an element by: [data-testid="attendance-calendar"]

    Ignored nodes: comments, script, style
    [36m<body>[39m
      [36m<div>[39m
        [36m<div[39m
          [33mclass[39m=[32m"space-y-4"[39m
        [36m>[39m
          [36m<div[39m
            [33mclass[39m=[32m"bg-accent animate-pulse rounded-md h-8 w-64"[39m
            [33mdata-slot[39m=[32m"skeleton"[39m
          [36m/>[39m
          [36m<div[39m
            [33mclass[39m=[32m"grid grid-cols-1 md:grid-cols-4 gap-4"[39m
          [36m>[39m
            [36m<div[39m
              [33mclass[39m=[32m"bg-accent animate-pulse rounded-md h-24"[39m
              [33mdata-slot[39m=[32m"skeleton"[39m
            [36m/>[39m
            [36m<div[39m
              [33mclass[39m=[32m"bg-accent animate-pulse rounded-md h-24"[39m
              [33mdata-slot[39m=[32m"skeleton"[39m
            [36m/>[39m
            [36m<div[39m
              [33mclass[39m=[32m"bg-accent animate-pulse rounded-md h-24"[39m
              [33mdata-slot[39m=[32m"skeleton"[39m
            [36m/>[39m
            [36m<div[39m
              [33mclass[39m=[32m"bg-accent animate-pulse rounded-md h-24"[39m
              [33mdata-slot[39m=[32m"skeleton"[39m
            [36m/>[39m
          [36m</div>[39m
          [36m<div[39m
            [33mclass[39m=[32m"bg-accent animate-pulse rounded-md h-96"[39m
            [33mdata-slot[39m=[32m"skeleton"[39m
          [36m/>[39m
        [36m</div>[39m
      [36m</div>[39m
    [36m</body>[39m

      336 |     });
      337 |     
    > 338 |     const calendar = screen.getByTestId('attendance-calendar');
          |                             ^
      339 |     const date15 = within(calendar).getByText('15');
      340 |     await user.click(date15);
      341 |     

      at Object.getElementError (node_modules/.pnpm/@testing-library+dom@10.4.0/node_modules/@testing-library/dom/dist/config.js:37:19)
      at node_modules/.pnpm/@testing-library+dom@10.4.0/node_modules/@testing-library/dom/dist/query-helpers.js:76:38
      at node_modules/.pnpm/@testing-library+dom@10.4.0/node_modules/@testing-library/dom/dist/query-helpers.js:52:17
      at node_modules/.pnpm/@testing-library+dom@10.4.0/node_modules/@testing-library/dom/dist/query-helpers.js:95:19
      at Object.getByTestId (src/components/student/__tests__/StudentAttendanceTracking.test.tsx:338:29)

  ● StudentAttendanceTracking › should display impact on grades and hours

    TestingLibraryElementError: Unable to find an element with the text: /2 hours deducted/i. This could be because the text is broken up by multiple elements. In this case, you can provide a function for your text matcher to make your matcher more flexible.

    Ignored nodes: comments, script, style
    [36m<body>[39m
      [36m<div>[39m
        [36m<div[39m
          [33maria-label[39m=[32m"Attendance Tracking"[39m
          [33mclass[39m=[32m"space-y-6"[39m
          [33mrole[39m=[32m"region"[39m
        [36m>[39m
          [36m<div[39m
            [33mclass[39m=[32m"flex flex-col sm:flex-row justify-between items-start sm:items-center gap-4"[39m
          [36m>[39m
            [36m<div>[39m
              [36m<h2[39m
                [33mclass[39m=[32m"text-2xl font-bold"[39m
              [36m>[39m
                [0mAttendance Tracking[0m
              [36m</h2>[39m
              [36m<p[39m
                [33mclass[39m=[32m"text-sm text-muted-foreground"[39m
              [36m>[39m
                [0mTrack your attendance, view statistics, and manage leave requests[0m
              [36m</p>[39m
            [36m</div>[39m
            [36m<div[39m
              [33mclass[39m=[32m"flex flex-wrap gap-2"[39m
            [36m>[39m
              [36m<button[39m
                [33mclass[39m=[32m"inline-flex items-center justify-center whitespace-nowrap text-sm font-medium transition-all disabled:pointer-events-none disabled:opacity-50 [&_svg]:pointer-events-none [&_svg:not([class*='size-'])]:size-4 shrink-0 [&_svg]:shrink-0 outline-none focus-visible:border-ring focus-visible:ring-ring/50 focus-visible:ring-[3px] aria-invalid:ring-destructive/20 dark:aria-invalid:ring-destructive/40 aria-invalid:border-destructive border bg-background shadow-xs hover:bg-accent hover:text-accent-foreground dark:bg-input/30 dark:border-input dark:hover:bg-input/50 h-8 rounded-md gap-1.5 px-3 has-[>svg]:px-2.5"[39m
                [33mdata-slot[39m=[32m"button"[39m
              [36m>[39m
                [36m<svg[39m
                  [33maria-hidden[39m=[32m"true"[39m
                  [33mclass[39m=[32m"lucide lucide-refresh-cw h-4 w-4 mr-2"[39m
                  [33mfill[39m=[32m"none"[39m
                  [33mheight[39m=[32m"24"[39m
                  [33mstroke[39m=[32m"currentColor"[39m
                  [33mstroke-linecap[39m=[32m"round"[39m
                  [33mstroke-linejoin[39m=[32m"round"[39m
                  [33mstroke-width[39m=[32m"2"[39m
                  [33mviewBox[39m=[32m"0 0 24 24"[39m
                  [33mwidth[39m=[32m"24"[39m
                  [33mxmlns[39m=[32m"http://www.w3.org/2000/svg"[39m
                [36m>[39m
                  [36m<path[39m
                    [33md[39m=[32m"M3 12a9 9 0 0 1 9-9 9.75 9.75 0 0 1 6.74 2.74L21 8"[39m
                  [36m/>[39m
                  [36m<path[39m
                    [33md[39m=[32m"M21 3v5h-5"[39m
                  [36m/>[39m
                  [36m<path[39m
                    [33md[39m=[32m"M21 12a9 9 0 0 1-9 9 9.75 9.75 0 0 1-6.74-2.74L3 16"[39m
                  [36m/>[39m
                  [36m<path[39m
                    [33md[39m=[32m"M8 16H3v5"[39m
                  [36m/>[39m
                [36m</svg>[39m
                [0mRefresh[0m
              [36m</button>[39m
              [36m<button[39m
                [33mclass[39m=[32m"inline-flex items-center justify-center whitespace-nowrap text-sm font-medium transition-all disabled:pointer-events-none disabled:opacity-50 [&_svg]:pointer-events-none [&_svg:not([class*='size-'])]:size-4 shrink-0 [&_svg]:shrink-0 outline-none focus-visible:border-ring focus-visible:ring-ring/50 focus-visible:ring-[3px] aria-invalid:ring-destructive/20 dark:aria-invalid:ring-destructive/40 aria-invalid:border-destructive border bg-background shadow-xs hover:bg-accent hover:text-accent-foreground dark:bg-input/30 dark:border-input dark:hover:bg-input/50 h-8 rounded-md gap-1.5 px-3 has-[>svg]:px-2.5"[39m
                [33mdata-slot[39m=[32m"button"[39m
              [36m>[39m
                [36m<svg[39m
                  [33maria-hidden[39m=[32m"true"[39m
                  [33mclass[39m=[32m"lucide lucide-printer h-4 w-4 mr-2"[39m
                  [33mfill[39m=[32m"none"[39m
                  [33mheight[39m=[32m"24"[39m
                  [33mstroke[39m=[32m"currentColor"[39m
                  [33mstroke-linecap[39m=[32m"round"[39m
                  [33mstroke-linejoin[39m=[32m"round"[39m
                  [33mstroke-width[39m=[32m"2"[39m
                  [33mviewBox[39m=[32m"0 0 24 24"[39m
                  [33mwidth[39m=[32m"24"[39m
                  [33mxmlns[39m=[32m"http://www.w3.org/2000/svg"[39m
                [36m>[39m
                  [36m<path[39m
                    [33md[39m=[32m"M6 18H4a2 2 0 0 1-2-2v-5a2 2 0 0 1 2-2h16a2 2 0 0 1 2 2v5a2 2 0 0 1-2 2h-2"[39m
                  [36m/>[39m
                  [36m<path[39m
                    [33md[39m=[32m"M6 9V3a1 1 0 0 1 1-1h10a1 1 0 0 1 1 1v6"[39m
                  [36m/>[39m
                  [36m<rect[39m
                    [33mheight[39m=[32m"8"[39m
                    [33mrx[39m=[32m"1"[39m
                    [33mwidth[39m=[32m"12"[39m
                    [33mx[39m=[32m"6"[39m
                    [33my[39m=[32m"14"[39m
                  [36m/>[39m
                [36m</svg>[39m
                [0mPrint Report[0m
              [36m</button>[39m
              [36m<button[39m
                [33maria-controls[39m=[32m"radix-:r39:"[39m
                [33maria-expanded[39m=[32m"false"[39m
                [33maria-haspopup[39m=[32m"dialog"[39m
                [33mclass[39m=[32m"inline-flex items-center justify-center whitespace-nowrap text-sm font-medium transition-all disabled:pointer-events-none disabled:opacity-50 [&_svg]:pointer-events-none [&_svg:not([class*='size-'])]:size-4 shrink-0 [&_svg]:shrink-0 outline-none focus-visible:border-ring focus-visible:ring-ring/50 focus-visible:ring-[3px] aria-invalid:ring-destructive/20 dark:aria-invalid:ring-destructive/40 aria-invalid:border-destructive border bg-background shadow-xs hover:bg-accent hover:text-accent-foreground dark:bg-input/30 dark:border-input dark:hover:bg-input/50 h-8 rounded-md gap-1.5 px-3 has-[>svg]:px-2.5"[39m
                [33mdata-slot[39m=[32m"button"[39m
                [33mdata-state[39m=[32m"closed"[39m
                [33mtype[39m=[32m"button"[39m
              [36m>[39m
                [36m<svg[39m
                  [33maria-hidden[39m=[32m"true"[39m
                  [33mclass[39m=[32m"lucide lucide-download h-4 w-4 mr-2"[39m
                  [33mfill[39m=[32m"none"[39m
                  [33mheight[39m=[32m"24"[39m
                  [33mstroke[39m=[32m"currentColor"[39m
                  [33mstroke-linecap[39m=[32m"round"[39m
                  [33mstroke-linejoin[39m=[32m"round"[39m
                  [33mstroke-width[39m=[32m"2"[39m
                  [33mviewBox[39m=[32m"0 0 24 24"[39m
                  [33mwidth[39m=[32m"24"[39m
                  [33mxmlns[39m=[32m"http://www.w3.org/2000/svg"[39m
                [36m>[39m
                  [36m<path[39m
                    [33md[39m=[32m"M12 15V3"[39m
                  [36m/>[39m
                  [36m<path[39m
                    [33md[39m=[32m"M21 15v4a2 2 0 0 1-2 2H5a2 2 0 0 1-2-2v-4"[39m
                  [36m/>[39m
                  [36m<path[39m
                    [33md[39m=[...

      357 |     
      358 |     expect(screen.getByText('Impact on Hours')).toBeInTheDocument();
    > 359 |     expect(screen.getByText(/2 hours deducted/i)).toBeInTheDocument(); // 1 absence * 2 hours
          |                   ^
      360 |   });
      361 |
      362 |   // Test 9: Request leave/absence form

      at Object.getElementError (node_modules/.pnpm/@testing-library+dom@10.4.0/node_modules/@testing-library/dom/dist/config.js:37:19)
      at node_modules/.pnpm/@testing-library+dom@10.4.0/node_modules/@testing-library/dom/dist/query-helpers.js:76:38
      at node_modules/.pnpm/@testing-library+dom@10.4.0/node_modules/@testing-library/dom/dist/query-helpers.js:52:17
      at node_modules/.pnpm/@testing-library+dom@10.4.0/node_modules/@testing-library/dom/dist/query-helpers.js:95:19
      at Object.getByText (src/components/student/__tests__/StudentAttendanceTracking.test.tsx:359:19)

  ● StudentAttendanceTracking › should open leave request form when clicking request leave button

    TestingLibraryElementError: Unable to find an accessible element with the role "button" and name `/request leave/i`

    There are no accessible roles. But there might be some inaccessible roles. If you wish to access them, then set the `hidden` option to `true`. Learn more about this here: https://testing-library.com/docs/dom-testing-library/api-queries#byrole

    Ignored nodes: comments, script, style
    [36m<body>[39m
      [36m<div>[39m
        [36m<div[39m
          [33mclass[39m=[32m"space-y-4"[39m
        [36m>[39m
          [36m<div[39m
            [33mclass[39m=[32m"bg-accent animate-pulse rounded-md h-8 w-64"[39m
            [33mdata-slot[39m=[32m"skeleton"[39m
          [36m/>[39m
          [36m<div[39m
            [33mclass[39m=[32m"grid grid-cols-1 md:grid-cols-4 gap-4"[39m
          [36m>[39m
            [36m<div[39m
              [33mclass[39m=[32m"bg-accent animate-pulse rounded-md h-24"[39m
              [33mdata-slot[39m=[32m"skeleton"[39m
            [36m/>[39m
            [36m<div[39m
              [33mclass[39m=[32m"bg-accent animate-pulse rounded-md h-24"[39m
              [33mdata-slot[39m=[32m"skeleton"[39m
            [36m/>[39m
            [36m<div[39m
              [33mclass[39m=[32m"bg-accent animate-pulse rounded-md h-24"[39m
              [33mdata-slot[39m=[32m"skeleton"[39m
            [36m/>[39m
            [36m<div[39m
              [33mclass[39m=[32m"bg-accent animate-pulse rounded-md h-24"[39m
              [33mdata-slot[39m=[32m"skeleton"[39m
            [36m/>[39m
          [36m</div>[39m
          [36m<div[39m
            [33mclass[39m=[32m"bg-accent animate-pulse rounded-md h-96"[39m
            [33mdata-slot[39m=[32m"skeleton"[39m
          [36m/>[39m
        [36m</div>[39m
      [36m</div>[39m
    [36m</body>[39m

      370 |     });
      371 |     
    > 372 |     await user.click(screen.getByRole('button', { name: /request leave/i }));
          |                             ^
      373 |     
      374 |     // Check dialog content
      375 |     await waitFor(() => {

      at Object.getElementError (node_modules/.pnpm/@testing-library+dom@10.4.0/node_modules/@testing-library/dom/dist/config.js:37:19)
      at node_modules/.pnpm/@testing-library+dom@10.4.0/node_modules/@testing-library/dom/dist/query-helpers.js:76:38
      at node_modules/.pnpm/@testing-library+dom@10.4.0/node_modules/@testing-library/dom/dist/query-helpers.js:52:17
      at node_modules/.pnpm/@testing-library+dom@10.4.0/node_modules/@testing-library/dom/dist/query-helpers.js:95:19
      at Object.getByRole (src/components/student/__tests__/StudentAttendanceTracking.test.tsx:372:29)

  ● StudentAttendanceTracking › should submit leave request with reason and document

    TestingLibraryElementError: Unable to find an accessible element with the role "button" and name `/request leave/i`

    There are no accessible roles. But there might be some inaccessible roles. If you wish to access them, then set the `hidden` option to `true`. Learn more about this here: https://testing-library.com/docs/dom-testing-library/api-queries#byrole

    Ignored nodes: comments, script, style
    [36m<body>[39m
      [36m<div>[39m
        [36m<div[39m
          [33mclass[39m=[32m"space-y-4"[39m
        [36m>[39m
          [36m<div[39m
            [33mclass[39m=[32m"bg-accent animate-pulse rounded-md h-8 w-64"[39m
            [33mdata-slot[39m=[32m"skeleton"[39m
          [36m/>[39m
          [36m<div[39m
            [33mclass[39m=[32m"grid grid-cols-1 md:grid-cols-4 gap-4"[39m
          [36m>[39m
            [36m<div[39m
              [33mclass[39m=[32m"bg-accent animate-pulse rounded-md h-24"[39m
              [33mdata-slot[39m=[32m"skeleton"[39m
            [36m/>[39m
            [36m<div[39m
              [33mclass[39m=[32m"bg-accent animate-pulse rounded-md h-24"[39m
              [33mdata-slot[39m=[32m"skeleton"[39m
            [36m/>[39m
            [36m<div[39m
              [33mclass[39m=[32m"bg-accent animate-pulse rounded-md h-24"[39m
              [33mdata-slot[39m=[32m"skeleton"[39m
            [36m/>[39m
            [36m<div[39m
              [33mclass[39m=[32m"bg-accent animate-pulse rounded-md h-24"[39m
              [33mdata-slot[39m=[32m"skeleton"[39m
            [36m/>[39m
          [36m</div>[39m
          [36m<div[39m
            [33mclass[39m=[32m"bg-accent animate-pulse rounded-md h-96"[39m
            [33mdata-slot[39m=[32m"skeleton"[39m
          [36m/>[39m
        [36m</div>[39m
      [36m</div>[39m
    [36m</body>[39m

      405 |     });
      406 |     
    > 407 |     await user.click(screen.getByRole('button', { name: /request leave/i }));
          |                             ^
      408 |     
      409 |     const leaveDate = screen.getByLabelText(/leave date/i);
      410 |     const reason = screen.getByLabelText(/reason/i);

      at Object.getElementError (node_modules/.pnpm/@testing-library+dom@10.4.0/node_modules/@testing-library/dom/dist/config.js:37:19)
      at node_modules/.pnpm/@testing-library+dom@10.4.0/node_modules/@testing-library/dom/dist/query-helpers.js:76:38
      at node_modules/.pnpm/@testing-library+dom@10.4.0/node_modules/@testing-library/dom/dist/query-helpers.js:52:17
      at node_modules/.pnpm/@testing-library+dom@10.4.0/node_modules/@testing-library/dom/dist/query-helpers.js:95:19
      at Object.getByRole (src/components/student/__tests__/StudentAttendanceTracking.test.tsx:407:29)

  ● StudentAttendanceTracking › should display teacher comments on attendance

    Unable to find an element by: [data-testid="attendance-list-view"]

    Ignored nodes: comments, script, style
    [36m<body>[39m
      [36m<div>[39m
        [36m<div[39m
          [33maria-label[39m=[32m"Attendance Tracking"[39m
          [33mclass[39m=[32m"space-y-6"[39m
          [33mrole[39m=[32m"region"[39m
        [36m>[39m
          [36m<div[39m
            [33mclass[39m=[32m"flex flex-col sm:flex-row justify-between items-start sm:items-center gap-4"[39m
          [36m>[39m
            [36m<div>[39m
              [36m<h2[39m
                [33mclass[39m=[32m"text-2xl font-bold"[39m
              [36m>[39m
                [0mAttendance Tracking[0m
              [36m</h2>[39m
              [36m<p[39m
                [33mclass[39m=[32m"text-sm text-muted-foreground"[39m
              [36m>[39m
                [0mTrack your attendance, view statistics, and manage leave requests[0m
              [36m</p>[39m
            [36m</div>[39m
            [36m<div[39m
              [33mclass[39m=[32m"flex flex-wrap gap-2"[39m
            [36m>[39m
              [36m<button[39m
                [33mclass[39m=[32m"inline-flex items-center justify-center whitespace-nowrap text-sm font-medium transition-all disabled:pointer-events-none disabled:opacity-50 [&_svg]:pointer-events-none [&_svg:not([class*='size-'])]:size-4 shrink-0 [&_svg]:shrink-0 outline-none focus-visible:border-ring focus-visible:ring-ring/50 focus-visible:ring-[3px] aria-invalid:ring-destructive/20 dark:aria-invalid:ring-destructive/40 aria-invalid:border-destructive border bg-background shadow-xs hover:bg-accent hover:text-accent-foreground dark:bg-input/30 dark:border-input dark:hover:bg-input/50 h-8 rounded-md gap-1.5 px-3 has-[>svg]:px-2.5"[39m
                [33mdata-slot[39m=[32m"button"[39m
              [36m>[39m
                [36m<svg[39m
                  [33maria-hidden[39m=[32m"true"[39m
                  [33mclass[39m=[32m"lucide lucide-refresh-cw h-4 w-4 mr-2"[39m
                  [33mfill[39m=[32m"none"[39m
                  [33mheight[39m=[32m"24"[39m
                  [33mstroke[39m=[32m"currentColor"[39m
                  [33mstroke-linecap[39m=[32m"round"[39m
                  [33mstroke-linejoin[39m=[32m"round"[39m
                  [33mstroke-width[39m=[32m"2"[39m
                  [33mviewBox[39m=[32m"0 0 24 24"[39m
                  [33mwidth[39m=[32m"24"[39m
                  [33mxmlns[39m=[32m"http://www.w3.org/2000/svg"[39m
                [36m>[39m
                  [36m<path[39m
                    [33md[39m=[32m"M3 12a9 9 0 0 1 9-9 9.75 9.75 0 0 1 6.74 2.74L21 8"[39m
                  [36m/>[39m
                  [36m<path[39m
                    [33md[39m=[32m"M21 3v5h-5"[39m
                  [36m/>[39m
                  [36m<path[39m
                    [33md[39m=[32m"M21 12a9 9 0 0 1-9 9 9.75 9.75 0 0 1-6.74-2.74L3 16"[39m
                  [36m/>[39m
                  [36m<path[39m
                    [33md[39m=[32m"M8 16H3v5"[39m
                  [36m/>[39m
                [36m</svg>[39m
                [0mRefresh[0m
              [36m</button>[39m
              [36m<button[39m
                [33mclass[39m=[32m"inline-flex items-center justify-center whitespace-nowrap text-sm font-medium transition-all disabled:pointer-events-none disabled:opacity-50 [&_svg]:pointer-events-none [&_svg:not([class*='size-'])]:size-4 shrink-0 [&_svg]:shrink-0 outline-none focus-visible:border-ring focus-visible:ring-ring/50 focus-visible:ring-[3px] aria-invalid:ring-destructive/20 dark:aria-invalid:ring-destructive/40 aria-invalid:border-destructive border bg-background shadow-xs hover:bg-accent hover:text-accent-foreground dark:bg-input/30 dark:border-input dark:hover:bg-input/50 h-8 rounded-md gap-1.5 px-3 has-[>svg]:px-2.5"[39m
                [33mdata-slot[39m=[32m"button"[39m
              [36m>[39m
                [36m<svg[39m
                  [33maria-hidden[39m=[32m"true"[39m
                  [33mclass[39m=[32m"lucide lucide-printer h-4 w-4 mr-2"[39m
                  [33mfill[39m=[32m"none"[39m
                  [33mheight[39m=[32m"24"[39m
                  [33mstroke[39m=[32m"currentColor"[39m
                  [33mstroke-linecap[39m=[32m"round"[39m
                  [33mstroke-linejoin[39m=[32m"round"[39m
                  [33mstroke-width[39m=[32m"2"[39m
                  [33mviewBox[39m=[32m"0 0 24 24"[39m
                  [33mwidth[39m=[32m"24"[39m
                  [33mxmlns[39m=[32m"http://www.w3.org/2000/svg"[39m
                [36m>[39m
                  [36m<path[39m
                    [33md[39m=[32m"M6 18H4a2 2 0 0 1-2-2v-5a2 2 0 0 1 2-2h16a2 2 0 0 1 2 2v5a2 2 0 0 1-2 2h-2"[39m
                  [36m/>[39m
                  [36m<path[39m
                    [33md[39m=[32m"M6 9V3a1 1 0 0 1 1-1h10a1 1 0 0 1 1 1v6"[39m
                  [36m/>[39m
                  [36m<rect[39m
                    [33mheight[39m=[32m"8"[39m
                    [33mrx[39m=[32m"1"[39m
                    [33mwidth[39m=[32m"12"[39m
                    [33mx[39m=[32m"6"[39m
                    [33my[39m=[32m"14"[39m
                  [36m/>[39m
                [36m</svg>[39m
                [0mPrint Report[0m
              [36m</button>[39m
              [36m<button[39m
                [33maria-controls[39m=[32m"radix-:r119:"[39m
                [33maria-expanded[39m=[32m"false"[39m
                [33maria-haspopup[39m=[32m"dialog"[39m
                [33mclass[39m=[32m"inline-flex items-center justify-center whitespace-nowrap text-sm font-medium transition-all disabled:pointer-events-none disabled:opacity-50 [&_svg]:pointer-events-none [&_svg:not([class*='size-'])]:size-4 shrink-0 [&_svg]:shrink-0 outline-none focus-visible:border-ring focus-visible:ring-ring/50 focus-visible:ring-[3px] aria-invalid:ring-destructive/20 dark:aria-invalid:ring-destructive/40 aria-invalid:border-destructive border bg-background shadow-xs hover:bg-accent hover:text-accent-foreground dark:bg-input/30 dark:border-input dark:hover:bg-input/50 h-8 rounded-md gap-1.5 px-3 has-[>svg]:px-2.5"[39m
                [33mdata-slot[39m=[32m"button"[39m
                [33mdata-state[39m=[32m"closed"[39m
                [33mtype[39m=[32m"button"[39m
              [36m>[39m
                [36m<svg[39m
                  [33maria-hidden[39m=[32m"true"[39m
                  [33mclass[39m=[32m"lucide lucide-download h-4 w-4 mr-2"[39m
                  [33mfill[39m=[32m"none"[39m
                  [33mheight[39m=[32m"24"[39m
                  [33mstroke[39m=[32m"currentColor"[39m
                  [33mstroke-linecap[39m=[32m"round"[39m
                  [33mstroke-linejoin[39m=[32m"round"[39m
                  [33mstroke-width[39m=[32m"2"[39m
                  [33mviewBox[39m=[32m"0 0 24 24"[39m
                  [33mwidth[39m=[32m"24"[39m
                  [33mxmlns[39m=[32m"http://www.w3.org/2000/svg"[39m
                [36m>[39m
                  [36m<path[39m
                    [33md[39m=[32m"M12 15V3"[39m
                  [36m/>[39m
                  [36m<path[39m
                    [33md[39m=[32m"M21 15v4a2 2 0 0 1-2 2H5a2 2 0 0 1-2-2v-4"[39m
                  [36m/>[39m
                  [36m<path[39m
                    [33md[39m=...

      427 |     render(<StudentAttendanceTracking studentId={mockStudentId} />);
      428 |     
    > 429 |     await waitFor(() => {
          |                  ^
      430 |       expect(screen.getByTestId('attendance-list-view')).toBeInTheDocument();
      431 |     });
      432 |     

      at waitForWrapper (node_modules/.pnpm/@testing-library+dom@10.4.0/node_modules/@testing-library/dom/dist/wait-for.js:163:27)
      at Object.<anonymous> (src/components/student/__tests__/StudentAttendanceTracking.test.tsx:429:18)

  ● StudentAttendanceTracking › should export attendance report

    TestingLibraryElementError: Unable to find an accessible element with the role "button" and name `/export report/i`

    There are no accessible roles. But there might be some inaccessible roles. If you wish to access them, then set the `hidden` option to `true`. Learn more about this here: https://testing-library.com/docs/dom-testing-library/api-queries#byrole

    Ignored nodes: comments, script, style
    [36m<body>[39m
      [36m<div>[39m
        [36m<div[39m
          [33mclass[39m=[32m"space-y-4"[39m
        [36m>[39m
          [36m<div[39m
            [33mclass[39m=[32m"bg-accent animate-pulse rounded-md h-8 w-64"[39m
            [33mdata-slot[39m=[32m"skeleton"[39m
          [36m/>[39m
          [36m<div[39m
            [33mclass[39m=[32m"grid grid-cols-1 md:grid-cols-4 gap-4"[39m
          [36m>[39m
            [36m<div[39m
              [33mclass[39m=[32m"bg-accent animate-pulse rounded-md h-24"[39m
              [33mdata-slot[39m=[32m"skeleton"[39m
            [36m/>[39m
            [36m<div[39m
              [33mclass[39m=[32m"bg-accent animate-pulse rounded-md h-24"[39m
              [33mdata-slot[39m=[32m"skeleton"[39m
            [36m/>[39m
            [36m<div[39m
              [33mclass[39m=[32m"bg-accent animate-pulse rounded-md h-24"[39m
              [33mdata-slot[39m=[32m"skeleton"[39m
            [36m/>[39m
            [36m<div[39m
              [33mclass[39m=[32m"bg-accent animate-pulse rounded-md h-24"[39m
              [33mdata-slot[39m=[32m"skeleton"[39m
            [36m/>[39m
          [36m</div>[39m
          [36m<div[39m
            [33mclass[39m=[32m"bg-accent animate-pulse rounded-md h-96"[39m
            [33mdata-slot[39m=[32m"skeleton"[39m
          [36m/>[39m
        [36m</div>[39m
      [36m</div>[39m
    [36m</body>[39m

      449 |     });
      450 |     
    > 451 |     await user.click(screen.getByRole('button', { name: /export report/i }));
          |                             ^
      452 |     
      453 |     expect(screen.getByRole('dialog', { name: /export options/i })).toBeInTheDocument();
      454 |     

      at Object.getElementError (node_modules/.pnpm/@testing-library+dom@10.4.0/node_modules/@testing-library/dom/dist/config.js:37:19)
      at node_modules/.pnpm/@testing-library+dom@10.4.0/node_modules/@testing-library/dom/dist/query-helpers.js:76:38
      at node_modules/.pnpm/@testing-library+dom@10.4.0/node_modules/@testing-library/dom/dist/query-helpers.js:52:17
      at node_modules/.pnpm/@testing-library+dom@10.4.0/node_modules/@testing-library/dom/dist/query-helpers.js:95:19
      at Object.getByRole (src/components/student/__tests__/StudentAttendanceTracking.test.tsx:451:29)

  ● StudentAttendanceTracking › should display attendance requirements and policies

    Unable to find an element with the text: /attendance policies/i. This could be because the text is broken up by multiple elements. In this case, you can provide a function for your text matcher to make your matcher more flexible.

    Ignored nodes: comments, script, style
    [36m<body>[39m
      [36m<div>[39m
        [36m<div[39m
          [33mclass[39m=[32m"space-y-4"[39m
        [36m>[39m
          [36m<div[39m
            [33mclass[39m=[32m"bg-accent animate-pulse rounded-md h-8 w-64"[39m
            [33mdata-slot[39m=[32m"skeleton"[39m
          [36m/>[39m
          [36m<div[39m
            [33mclass[39m=[32m"grid grid-cols-1 md:grid-cols-4 gap-4"[39m
          [36m>[39m
            [36m<div[39m
              [33mclass[39m=[32m"bg-accent animate-pulse rounded-md h-24"[39m
              [33mdata-slot[39m=[32m"skeleton"[39m
            [36m/>[39m
            [36m<div[39m
              [33mclass[39m=[32m"bg-accent animate-pulse rounded-md h-24"[39m
              [33mdata-slot[39m=[32m"skeleton"[39m
            [36m/>[39m
            [36m<div[39m
              [33mclass[39m=[32m"bg-accent animate-pulse rounded-md h-24"[39m
              [33mdata-slot[39m=[32m"skeleton"[39m
            [36m/>[39m
            [36m<div[39m
              [33mclass[39m=[32m"bg-accent animate-pulse rounded-md h-24"[39m
              [33mdata-slot[39m=[32m"skeleton"[39m
            [36m/>[39m
          [36m</div>[39m
          [36m<div[39m
            [33mclass[39m=[32m"bg-accent animate-pulse rounded-md h-96"[39m
            [33mdata-slot[39m=[32m"skeleton"[39m
          [36m/>[39m
        [36m</div>[39m
      [36m</div>[39m
    [36m</body>[39m

      463 |     render(<StudentAttendanceTracking studentId={mockStudentId} />);
      464 |     
    > 465 |     await waitFor(() => {
          |                  ^
      466 |       expect(screen.getByText(/attendance policies/i)).toBeInTheDocument();
      467 |     });
      468 |     

      at waitForWrapper (node_modules/.pnpm/@testing-library+dom@10.4.0/node_modules/@testing-library/dom/dist/wait-for.js:163:27)
      at Object.<anonymous> (src/components/student/__tests__/StudentAttendanceTracking.test.tsx:465:18)

  ● StudentAttendanceTracking › should display attendance trends chart

    TestingLibraryElementError: Unable to find an element by: [data-testid="attendance-trends-chart"]

    Ignored nodes: comments, script, style
    [36m<body>[39m
      [36m<div>[39m
        [36m<div[39m
          [33mclass[39m=[32m"space-y-4"[39m
        [36m>[39m
          [36m<div[39m
            [33mclass[39m=[32m"bg-accent animate-pulse rounded-md h-8 w-64"[39m
            [33mdata-slot[39m=[32m"skeleton"[39m
          [36m/>[39m
          [36m<div[39m
            [33mclass[39m=[32m"grid grid-cols-1 md:grid-cols-4 gap-4"[39m
          [36m>[39m
            [36m<div[39m
              [33mclass[39m=[32m"bg-accent animate-pulse rounded-md h-24"[39m
              [33mdata-slot[39m=[32m"skeleton"[39m
            [36m/>[39m
            [36m<div[39m
              [33mclass[39m=[32m"bg-accent animate-pulse rounded-md h-24"[39m
              [33mdata-slot[39m=[32m"skeleton"[39m
            [36m/>[39m
            [36m<div[39m
              [33mclass[39m=[32m"bg-accent animate-pulse rounded-md h-24"[39m
              [33mdata-slot[39m=[32m"skeleton"[39m
            [36m/>[39m
            [36m<div[39m
              [33mclass[39m=[32m"bg-accent animate-pulse rounded-md h-24"[39m
              [33mdata-slot[39m=[32m"skeleton"[39m
            [36m/>[39m
          [36m</div>[39m
          [36m<div[39m
            [33mclass[39m=[32m"bg-accent animate-pulse rounded-md h-96"[39m
            [33mdata-slot[39m=[32m"skeleton"[39m
          [36m/>[39m
        [36m</div>[39m
      [36m</div>[39m
    [36m</body>[39m

      481 |     });
      482 |     
    > 483 |     const chart = screen.getByTestId('attendance-trends-chart');
          |                          ^
      484 |     expect(within(chart).getByText(/attendance trend/i)).toBeInTheDocument();
      485 |   });
      486 |

      at Object.getElementError (node_modules/.pnpm/@testing-library+dom@10.4.0/node_modules/@testing-library/dom/dist/config.js:37:19)
      at node_modules/.pnpm/@testing-library+dom@10.4.0/node_modules/@testing-library/dom/dist/query-helpers.js:76:38
      at node_modules/.pnpm/@testing-library+dom@10.4.0/node_modules/@testing-library/dom/dist/query-helpers.js:52:17
      at node_modules/.pnpm/@testing-library+dom@10.4.0/node_modules/@testing-library/dom/dist/query-helpers.js:95:19
      at Object.getByTestId (src/components/student/__tests__/StudentAttendanceTracking.test.tsx:483:26)

  ● StudentAttendanceTracking › should use color coding for different attendance statuses

    TestingLibraryElementError: Unable to find an element by: [data-testid="attendance-legend"]

    Ignored nodes: comments, script, style
    [36m<body>[39m
      [36m<div>[39m
        [36m<div[39m
          [33mclass[39m=[32m"space-y-4"[39m
        [36m>[39m
          [36m<div[39m
            [33mclass[39m=[32m"bg-accent animate-pulse rounded-md h-8 w-64"[39m
            [33mdata-slot[39m=[32m"skeleton"[39m
          [36m/>[39m
          [36m<div[39m
            [33mclass[39m=[32m"grid grid-cols-1 md:grid-cols-4 gap-4"[39m
          [36m>[39m
            [36m<div[39m
              [33mclass[39m=[32m"bg-accent animate-pulse rounded-md h-24"[39m
              [33mdata-slot[39m=[32m"skeleton"[39m
            [36m/>[39m
            [36m<div[39m
              [33mclass[39m=[32m"bg-accent animate-pulse rounded-md h-24"[39m
              [33mdata-slot[39m=[32m"skeleton"[39m
            [36m/>[39m
            [36m<div[39m
              [33mclass[39m=[32m"bg-accent animate-pulse rounded-md h-24"[39m
              [33mdata-slot[39m=[32m"skeleton"[39m
            [36m/>[39m
            [36m<div[39m
              [33mclass[39m=[32m"bg-accent animate-pulse rounded-md h-24"[39m
              [33mdata-slot[39m=[32m"skeleton"[39m
            [36m/>[39m
          [36m</div>[39m
          [36m<div[39m
            [33mclass[39m=[32m"bg-accent animate-pulse rounded-md h-96"[39m
            [33mdata-slot[39m=[32m"skeleton"[39m
          [36m/>[39m
        [36m</div>[39m
      [36m</div>[39m
    [36m</body>[39m

      493 |     });
      494 |     
    > 495 |     const legend = screen.getByTestId('attendance-legend');
          |                           ^
      496 |     expect(within(legend).getByText(/present/i)).toHaveClass('text-green-600');
      497 |     expect(within(legend).getByText(/late/i)).toHaveClass('text-yellow-600');
      498 |     expect(within(legend).getByText(/absent/i)).toHaveClass('text-red-600');

      at Object.getElementError (node_modules/.pnpm/@testing-library+dom@10.4.0/node_modules/@testing-library/dom/dist/config.js:37:19)
      at node_modules/.pnpm/@testing-library+dom@10.4.0/node_modules/@testing-library/dom/dist/query-helpers.js:76:38
      at node_modules/.pnpm/@testing-library+dom@10.4.0/node_modules/@testing-library/dom/dist/query-helpers.js:52:17
      at node_modules/.pnpm/@testing-library+dom@10.4.0/node_modules/@testing-library/dom/dist/query-helpers.js:95:19
      at Object.getByTestId (src/components/student/__tests__/StudentAttendanceTracking.test.tsx:495:27)

  ● StudentAttendanceTracking › should paginate attendance records in list view

    Unable to find role="button" and name `/list view/i`

    Ignored nodes: comments, script, style
    [36m<body>[39m
      [36m<div>[39m
        [36m<div[39m
          [33mclass[39m=[32m"space-y-4"[39m
        [36m>[39m
          [36m<div[39m
            [33mclass[39m=[32m"bg-accent animate-pulse rounded-md h-8 w-64"[39m
            [33mdata-slot[39m=[32m"skeleton"[39m
          [36m/>[39m
          [36m<div[39m
            [33mclass[39m=[32m"grid grid-cols-1 md:grid-cols-4 gap-4"[39m
          [36m>[39m
            [36m<div[39m
              [33mclass[39m=[32m"bg-accent animate-pulse rounded-md h-24"[39m
              [33mdata-slot[39m=[32m"skeleton"[39m
            [36m/>[39m
            [36m<div[39m
              [33mclass[39m=[32m"bg-accent animate-pulse rounded-md h-24"[39m
              [33mdata-slot[39m=[32m"skeleton"[39m
            [36m/>[39m
            [36m<div[39m
              [33mclass[39m=[32m"bg-accent animate-pulse rounded-md h-24"[39m
              [33mdata-slot[39m=[32m"skeleton"[39m
            [36m/>[39m
            [36m<div[39m
              [33mclass[39m=[32m"bg-accent animate-pulse rounded-md h-24"[39m
              [33mdata-slot[39m=[32m"skeleton"[39m
            [36m/>[39m
          [36m</div>[39m
          [36m<div[39m
            [33mclass[39m=[32m"bg-accent animate-pulse rounded-md h-96"[39m
            [33mdata-slot[39m=[32m"skeleton"[39m
          [36m/>[39m
        [36m</div>[39m
      [36m</div>[39m
    [36m</body>[39m

      523 |     render(<StudentAttendanceTracking studentId={mockStudentId} />);
      524 |     
    > 525 |     await waitFor(() => {
          |                  ^
      526 |       expect(screen.getByRole('button', { name: /list view/i })).toBeInTheDocument();
      527 |     });
      528 |     

      at waitForWrapper (node_modules/.pnpm/@testing-library+dom@10.4.0/node_modules/@testing-library/dom/dist/wait-for.js:163:27)
      at Object.<anonymous> (src/components/student/__tests__/StudentAttendanceTracking.test.tsx:525:18)

  ● StudentAttendanceTracking › should search attendance records

    TestingLibraryElementError: Unable to find an element with the placeholder text of: /search by course or teacher/i

    Ignored nodes: comments, script, style
    [36m<body>[39m
      [36m<div>[39m
        [36m<div[39m
          [33mclass[39m=[32m"space-y-4"[39m
        [36m>[39m
          [36m<div[39m
            [33mclass[39m=[32m"bg-accent animate-pulse rounded-md h-8 w-64"[39m
            [33mdata-slot[39m=[32m"skeleton"[39m
          [36m/>[39m
          [36m<div[39m
            [33mclass[39m=[32m"grid grid-cols-1 md:grid-cols-4 gap-4"[39m
          [36m>[39m
            [36m<div[39m
              [33mclass[39m=[32m"bg-accent animate-pulse rounded-md h-24"[39m
              [33mdata-slot[39m=[32m"skeleton"[39m
            [36m/>[39m
            [36m<div[39m
              [33mclass[39m=[32m"bg-accent animate-pulse rounded-md h-24"[39m
              [33mdata-slot[39m=[32m"skeleton"[39m
            [36m/>[39m
            [36m<div[39m
              [33mclass[39m=[32m"bg-accent animate-pulse rounded-md h-24"[39m
              [33mdata-slot[39m=[32m"skeleton"[39m
            [36m/>[39m
            [36m<div[39m
              [33mclass[39m=[32m"bg-accent animate-pulse rounded-md h-24"[39m
              [33mdata-slot[39m=[32m"skeleton"[39m
            [36m/>[39m
          [36m</div>[39m
          [36m<div[39m
            [33mclass[39m=[32m"bg-accent animate-pulse rounded-md h-96"[39m
            [33mdata-slot[39m=[32m"skeleton"[39m
          [36m/>[39m
        [36m</div>[39m
      [36m</div>[39m
    [36m</body>[39m

      544 |     });
      545 |     
    > 546 |     const searchInput = screen.getByPlaceholderText(/search by course or teacher/i);
          |                                ^
      547 |     await user.type(searchInput, 'Jane Smith');
      548 |     
      549 |     await waitFor(() => {

      at Object.getElementError (node_modules/.pnpm/@testing-library+dom@10.4.0/node_modules/@testing-library/dom/dist/config.js:37:19)
      at node_modules/.pnpm/@testing-library+dom@10.4.0/node_modules/@testing-library/dom/dist/query-helpers.js:76:38
      at node_modules/.pnpm/@testing-library+dom@10.4.0/node_modules/@testing-library/dom/dist/query-helpers.js:52:17
      at node_modules/.pnpm/@testing-library+dom@10.4.0/node_modules/@testing-library/dom/dist/query-helpers.js:95:19
      at Object.getByPlaceholderText (src/components/student/__tests__/StudentAttendanceTracking.test.tsx:546:32)

  ● StudentAttendanceTracking › should show monthly attendance summary

    TestingLibraryElementError: Unable to find an element with the text: /january 2024: 75%/i. This could be because the text is broken up by multiple elements. In this case, you can provide a function for your text matcher to make your matcher more flexible.

    Ignored nodes: comments, script, style
    [36m<body>[39m
      [36m<div>[39m
        [36m<div[39m
          [33mclass[39m=[32m"space-y-4"[39m
        [36m>[39m
          [36m<div[39m
            [33mclass[39m=[32m"bg-accent animate-pulse rounded-md h-8 w-64"[39m
            [33mdata-slot[39m=[32m"skeleton"[39m
          [36m/>[39m
          [36m<div[39m
            [33mclass[39m=[32m"grid grid-cols-1 md:grid-cols-4 gap-4"[39m
          [36m>[39m
            [36m<div[39m
              [33mclass[39m=[32m"bg-accent animate-pulse rounded-md h-24"[39m
              [33mdata-slot[39m=[32m"skeleton"[39m
            [36m/>[39m
            [36m<div[39m
              [33mclass[39m=[32m"bg-accent animate-pulse rounded-md h-24"[39m
              [33mdata-slot[39m=[32m"skeleton"[39m
            [36m/>[39m
            [36m<div[39m
              [33mclass[39m=[32m"bg-accent animate-pulse rounded-md h-24"[39m
              [33mdata-slot[39m=[32m"skeleton"[39m
            [36m/>[39m
            [36m<div[39m
              [33mclass[39m=[32m"bg-accent animate-pulse rounded-md h-24"[39m
              [33mdata-slot[39m=[32m"skeleton"[39m
            [36m/>[39m
          [36m</div>[39m
          [36m<div[39m
            [33mclass[39m=[32m"bg-accent animate-pulse rounded-md h-96"[39m
            [33mdata-slot[39m=[32m"skeleton"[39m
          [36m/>[39m
        [36m</div>[39m
      [36m</div>[39m
    [36m</body>[39m

      561 |     });
      562 |     
    > 563 |     expect(screen.getByText(/january 2024: 75%/i)).toBeInTheDocument();
          |                   ^
      564 |   });
      565 |
      566 |   // Test 19: Handle API errors gracefully

      at Object.getElementError (node_modules/.pnpm/@testing-library+dom@10.4.0/node_modules/@testing-library/dom/dist/config.js:37:19)
      at node_modules/.pnpm/@testing-library+dom@10.4.0/node_modules/@testing-library/dom/dist/query-helpers.js:76:38
      at node_modules/.pnpm/@testing-library+dom@10.4.0/node_modules/@testing-library/dom/dist/query-helpers.js:52:17
      at node_modules/.pnpm/@testing-library+dom@10.4.0/node_modules/@testing-library/dom/dist/query-helpers.js:95:19
      at Object.getByText (src/components/student/__tests__/StudentAttendanceTracking.test.tsx:563:19)

  ● StudentAttendanceTracking › should display error message when API fails

    Unable to find an element with the text: /failed to fetch attendance/i. This could be because the text is broken up by multiple elements. In this case, you can provide a function for your text matcher to make your matcher more flexible.

    Ignored nodes: comments, script, style
    [36m<body>[39m
      [36m<div>[39m
        [36m<div[39m
          [33mclass[39m=[32m"space-y-4"[39m
        [36m>[39m
          [36m<div[39m
            [33mclass[39m=[32m"bg-accent animate-pulse rounded-md h-8 w-64"[39m
            [33mdata-slot[39m=[32m"skeleton"[39m
          [36m/>[39m
          [36m<div[39m
            [33mclass[39m=[32m"grid grid-cols-1 md:grid-cols-4 gap-4"[39m
          [36m>[39m
            [36m<div[39m
              [33mclass[39m=[32m"bg-accent animate-pulse rounded-md h-24"[39m
              [33mdata-slot[39m=[32m"skeleton"[39m
            [36m/>[39m
            [36m<div[39m
              [33mclass[39m=[32m"bg-accent animate-pulse rounded-md h-24"[39m
              [33mdata-slot[39m=[32m"skeleton"[39m
            [36m/>[39m
            [36m<div[39m
              [33mclass[39m=[32m"bg-accent animate-pulse rounded-md h-24"[39m
              [33mdata-slot[39m=[32m"skeleton"[39m
            [36m/>[39m
            [36m<div[39m
              [33mclass[39m=[32m"bg-accent animate-pulse rounded-md h-24"[39m
              [33mdata-slot[39m=[32m"skeleton"[39m
            [36m/>[39m
          [36m</div>[39m
          [36m<div[39m
            [33mclass[39m=[32m"bg-accent animate-pulse rounded-md h-96"[39m
            [33mdata-slot[39m=[32m"skeleton"[39m
          [36m/>[39m
        [36m</div>[39m
      [36m</div>[39m
    [36m</body>[39m

      576 |     render(<StudentAttendanceTracking studentId={mockStudentId} />);
      577 |     
    > 578 |     await waitFor(() => {
          |                  ^
      579 |       expect(screen.getByText(/failed to fetch attendance/i)).toBeInTheDocument();
      580 |     });
      581 |   });

      at waitForWrapper (node_modules/.pnpm/@testing-library+dom@10.4.0/node_modules/@testing-library/dom/dist/wait-for.js:163:27)
      at Object.<anonymous> (src/components/student/__tests__/StudentAttendanceTracking.test.tsx:578:18)

  ● StudentAttendanceTracking › should refresh attendance data when clicking refresh button

    TestingLibraryElementError: Unable to find an accessible element with the role "button" and name `/refresh/i`

    There are no accessible roles. But there might be some inaccessible roles. If you wish to access them, then set the `hidden` option to `true`. Learn more about this here: https://testing-library.com/docs/dom-testing-library/api-queries#byrole

    Ignored nodes: comments, script, style
    [36m<body>[39m
      [36m<div>[39m
        [36m<div[39m
          [33mclass[39m=[32m"space-y-4"[39m
        [36m>[39m
          [36m<div[39m
            [33mclass[39m=[32m"bg-accent animate-pulse rounded-md h-8 w-64"[39m
            [33mdata-slot[39m=[32m"skeleton"[39m
          [36m/>[39m
          [36m<div[39m
            [33mclass[39m=[32m"grid grid-cols-1 md:grid-cols-4 gap-4"[39m
          [36m>[39m
            [36m<div[39m
              [33mclass[39m=[32m"bg-accent animate-pulse rounded-md h-24"[39m
              [33mdata-slot[39m=[32m"skeleton"[39m
            [36m/>[39m
            [36m<div[39m
              [33mclass[39m=[32m"bg-accent animate-pulse rounded-md h-24"[39m
              [33mdata-slot[39m=[32m"skeleton"[39m
            [36m/>[39m
            [36m<div[39m
              [33mclass[39m=[32m"bg-accent animate-pulse rounded-md h-24"[39m
              [33mdata-slot[39m=[32m"skeleton"[39m
            [36m/>[39m
            [36m<div[39m
              [33mclass[39m=[32m"bg-accent animate-pulse rounded-md h-24"[39m
              [33mdata-slot[39m=[32m"skeleton"[39m
            [36m/>[39m
          [36m</div>[39m
          [36m<div[39m
            [33mclass[39m=[32m"bg-accent animate-pulse rounded-md h-96"[39m
            [33mdata-slot[39m=[32m"skeleton"[39m
          [36m/>[39m
        [36m</div>[39m
      [36m</div>[39m
    [36m</body>[39m

      589 |     });
      590 |     
    > 591 |     const refreshButton = screen.getByRole('button', { name: /refresh/i });
          |                                  ^
      592 |     await user.click(refreshButton);
      593 |     
      594 |     expect(mockSupabase.from).toHaveBeenCalledWith('attendance');

      at Object.getElementError (node_modules/.pnpm/@testing-library+dom@10.4.0/node_modules/@testing-library/dom/dist/config.js:37:19)
      at node_modules/.pnpm/@testing-library+dom@10.4.0/node_modules/@testing-library/dom/dist/query-helpers.js:76:38
      at node_modules/.pnpm/@testing-library+dom@10.4.0/node_modules/@testing-library/dom/dist/query-helpers.js:52:17
      at node_modules/.pnpm/@testing-library+dom@10.4.0/node_modules/@testing-library/dom/dist/query-helpers.js:95:19
      at Object.getByRole (src/components/student/__tests__/StudentAttendanceTracking.test.tsx:591:34)

  ● StudentAttendanceTracking › should navigate between weeks in week view

    Unable to find role="button" and name `/week view/i`

    Ignored nodes: comments, script, style
    [36m<body>[39m
      [36m<div>[39m
        [36m<div[39m
          [33maria-label[39m=[32m"Attendance Tracking"[39m
          [33mclass[39m=[32m"space-y-6"[39m
          [33mrole[39m=[32m"region"[39m
        [36m>[39m
          [36m<div[39m
            [33mclass[39m=[32m"flex flex-col sm:flex-row justify-between items-start sm:items-center gap-4"[39m
          [36m>[39m
            [36m<div>[39m
              [36m<h2[39m
                [33mclass[39m=[32m"text-2xl font-bold"[39m
              [36m>[39m
                [0mAttendance Tracking[0m
              [36m</h2>[39m
              [36m<p[39m
                [33mclass[39m=[32m"text-sm text-muted-foreground"[39m
              [36m>[39m
                [0mTrack your attendance, view statistics, and manage leave requests[0m
              [36m</p>[39m
            [36m</div>[39m
            [36m<div[39m
              [33mclass[39m=[32m"flex flex-wrap gap-2"[39m
            [36m>[39m
              [36m<button[39m
                [33mclass[39m=[32m"inline-flex items-center justify-center whitespace-nowrap text-sm font-medium transition-all disabled:pointer-events-none disabled:opacity-50 [&_svg]:pointer-events-none [&_svg:not([class*='size-'])]:size-4 shrink-0 [&_svg]:shrink-0 outline-none focus-visible:border-ring focus-visible:ring-ring/50 focus-visible:ring-[3px] aria-invalid:ring-destructive/20 dark:aria-invalid:ring-destructive/40 aria-invalid:border-destructive border bg-background shadow-xs hover:bg-accent hover:text-accent-foreground dark:bg-input/30 dark:border-input dark:hover:bg-input/50 h-8 rounded-md gap-1.5 px-3 has-[>svg]:px-2.5"[39m
                [33mdata-slot[39m=[32m"button"[39m
              [36m>[39m
                [36m<svg[39m
                  [33maria-hidden[39m=[32m"true"[39m
                  [33mclass[39m=[32m"lucide lucide-refresh-cw h-4 w-4 mr-2"[39m
                  [33mfill[39m=[32m"none"[39m
                  [33mheight[39m=[32m"24"[39m
                  [33mstroke[39m=[32m"currentColor"[39m
                  [33mstroke-linecap[39m=[32m"round"[39m
                  [33mstroke-linejoin[39m=[32m"round"[39m
                  [33mstroke-width[39m=[32m"2"[39m
                  [33mviewBox[39m=[32m"0 0 24 24"[39m
                  [33mwidth[39m=[32m"24"[39m
                  [33mxmlns[39m=[32m"http://www.w3.org/2000/svg"[39m
                [36m>[39m
                  [36m<path[39m
                    [33md[39m=[32m"M3 12a9 9 0 0 1 9-9 9.75 9.75 0 0 1 6.74 2.74L21 8"[39m
                  [36m/>[39m
                  [36m<path[39m
                    [33md[39m=[32m"M21 3v5h-5"[39m
                  [36m/>[39m
                  [36m<path[39m
                    [33md[39m=[32m"M21 12a9 9 0 0 1-9 9 9.75 9.75 0 0 1-6.74-2.74L3 16"[39m
                  [36m/>[39m
                  [36m<path[39m
                    [33md[39m=[32m"M8 16H3v5"[39m
                  [36m/>[39m
                [36m</svg>[39m
                [0mRefresh[0m
              [36m</button>[39m
              [36m<button[39m
                [33mclass[39m=[32m"inline-flex items-center justify-center whitespace-nowrap text-sm font-medium transition-all disabled:pointer-events-none disabled:opacity-50 [&_svg]:pointer-events-none [&_svg:not([class*='size-'])]:size-4 shrink-0 [&_svg]:shrink-0 outline-none focus-visible:border-ring focus-visible:ring-ring/50 focus-visible:ring-[3px] aria-invalid:ring-destructive/20 dark:aria-invalid:ring-destructive/40 aria-invalid:border-destructive border bg-background shadow-xs hover:bg-accent hover:text-accent-foreground dark:bg-input/30 dark:border-input dark:hover:bg-input/50 h-8 rounded-md gap-1.5 px-3 has-[>svg]:px-2.5"[39m
                [33mdata-slot[39m=[32m"button"[39m
              [36m>[39m
                [36m<svg[39m
                  [33maria-hidden[39m=[32m"true"[39m
                  [33mclass[39m=[32m"lucide lucide-printer h-4 w-4 mr-2"[39m
                  [33mfill[39m=[32m"none"[39m
                  [33mheight[39m=[32m"24"[39m
                  [33mstroke[39m=[32m"currentColor"[39m
                  [33mstroke-linecap[39m=[32m"round"[39m
                  [33mstroke-linejoin[39m=[32m"round"[39m
                  [33mstroke-width[39m=[32m"2"[39m
                  [33mviewBox[39m=[32m"0 0 24 24"[39m
                  [33mwidth[39m=[32m"24"[39m
                  [33mxmlns[39m=[32m"http://www.w3.org/2000/svg"[39m
                [36m>[39m
                  [36m<path[39m
                    [33md[39m=[32m"M6 18H4a2 2 0 0 1-2-2v-5a2 2 0 0 1 2-2h16a2 2 0 0 1 2 2v5a2 2 0 0 1-2 2h-2"[39m
                  [36m/>[39m
                  [36m<path[39m
                    [33md[39m=[32m"M6 9V3a1 1 0 0 1 1-1h10a1 1 0 0 1 1 1v6"[39m
                  [36m/>[39m
                  [36m<rect[39m
                    [33mheight[39m=[32m"8"[39m
                    [33mrx[39m=[32m"1"[39m
                    [33mwidth[39m=[32m"12"[39m
                    [33mx[39m=[32m"6"[39m
                    [33my[39m=[32m"14"[39m
                  [36m/>[39m
                [36m</svg>[39m
                [0mPrint Report[0m
              [36m</button>[39m
              [36m<button[39m
                [33maria-controls[39m=[32m"radix-:r4di:"[39m
                [33maria-expanded[39m=[32m"false"[39m
                [33maria-haspopup[39m=[32m"dialog"[39m
                [33mclass[39m=[32m"inline-flex items-center justify-center whitespace-nowrap text-sm font-medium transition-all disabled:pointer-events-none disabled:opacity-50 [&_svg]:pointer-events-none [&_svg:not([class*='size-'])]:size-4 shrink-0 [&_svg]:shrink-0 outline-none focus-visible:border-ring focus-visible:ring-ring/50 focus-visible:ring-[3px] aria-invalid:ring-destructive/20 dark:aria-invalid:ring-destructive/40 aria-invalid:border-destructive border bg-background shadow-xs hover:bg-accent hover:text-accent-foreground dark:bg-input/30 dark:border-input dark:hover:bg-input/50 h-8 rounded-md gap-1.5 px-3 has-[>svg]:px-2.5"[39m
                [33mdata-slot[39m=[32m"button"[39m
                [33mdata-state[39m=[32m"closed"[39m
                [33mtype[39m=[32m"button"[39m
              [36m>[39m
                [36m<svg[39m
                  [33maria-hidden[39m=[32m"true"[39m
                  [33mclass[39m=[32m"lucide lucide-download h-4 w-4 mr-2"[39m
                  [33mfill[39m=[32m"none"[39m
                  [33mheight[39m=[32m"24"[39m
                  [33mstroke[39m=[32m"currentColor"[39m
                  [33mstroke-linecap[39m=[32m"round"[39m
                  [33mstroke-linejoin[39m=[32m"round"[39m
                  [33mstroke-width[39m=[32m"2"[39m
                  [33mviewBox[39m=[32m"0 0 24 24"[39m
                  [33mwidth[39m=[32m"24"[39m
                  [33mxmlns[39m=[32m"http://www.w3.org/2000/svg"[39m
                [36m>[39m
                  [36m<path[39m
                    [33md[39m=[32m"M12 15V3"[39m
                  [36m/>[39m
                  [36m<path[39m
                    [33md[39m=[32m"M21 15v4a2 2 0 0 1-2 2H5a2 2 0 0 1-2-2v-4"[39m
                  [36m/>[39m
                  [36m<path[39m
                    [33md[39m=...

      599 |     render(<StudentAttendanceTracking studentId={mockStudentId} />);
      600 |     
    > 601 |     await waitFor(() => {
          |                  ^
      602 |       expect(screen.getByRole('button', { name: /week view/i })).toBeInTheDocument();
      603 |     });
      604 |     

      at waitForWrapper (node_modules/.pnpm/@testing-library+dom@10.4.0/node_modules/@testing-library/dom/dist/wait-for.js:163:27)
      at Object.<anonymous> (src/components/student/__tests__/StudentAttendanceTracking.test.tsx:601:18)

  ● StudentAttendanceTracking › should display attendance streak information

    TestingLibraryElementError: Unable to find an element with the text: /0 days/i. This could be because the text is broken up by multiple elements. In this case, you can provide a function for your text matcher to make your matcher more flexible.

    Ignored nodes: comments, script, style
    [36m<body>[39m
      [36m<div>[39m
        [36m<div[39m
          [33mclass[39m=[32m"space-y-4"[39m
        [36m>[39m
          [36m<div[39m
            [33mclass[39m=[32m"bg-accent animate-pulse rounded-md h-8 w-64"[39m
            [33mdata-slot[39m=[32m"skeleton"[39m
          [36m/>[39m
          [36m<div[39m
            [33mclass[39m=[32m"grid grid-cols-1 md:grid-cols-4 gap-4"[39m
          [36m>[39m
            [36m<div[39m
              [33mclass[39m=[32m"bg-accent animate-pulse rounded-md h-24"[39m
              [33mdata-slot[39m=[32m"skeleton"[39m
            [36m/>[39m
            [36m<div[39m
              [33mclass[39m=[32m"bg-accent animate-pulse rounded-md h-24"[39m
              [33mdata-slot[39m=[32m"skeleton"[39m
            [36m/>[39m
            [36m<div[39m
              [33mclass[39m=[32m"bg-accent animate-pulse rounded-md h-24"[39m
              [33mdata-slot[39m=[32m"skeleton"[39m
            [36m/>[39m
            [36m<div[39m
              [33mclass[39m=[32m"bg-accent animate-pulse rounded-md h-24"[39m
              [33mdata-slot[39m=[32m"skeleton"[39m
            [36m/>[39m
          [36m</div>[39m
          [36m<div[39m
            [33mclass[39m=[32m"bg-accent animate-pulse rounded-md h-96"[39m
            [33mdata-slot[39m=[32m"skeleton"[39m
          [36m/>[39m
        [36m</div>[39m
      [36m</div>[39m
    [36m</body>[39m

      622 |     });
      623 |     
    > 624 |     expect(screen.getByText(/0 days/i)).toBeInTheDocument(); // Broken by absence
          |                   ^
      625 |     expect(screen.getByText(/longest streak: 2 days/i)).toBeInTheDocument();
      626 |   });
      627 |

      at Object.getElementError (node_modules/.pnpm/@testing-library+dom@10.4.0/node_modules/@testing-library/dom/dist/config.js:37:19)
      at node_modules/.pnpm/@testing-library+dom@10.4.0/node_modules/@testing-library/dom/dist/query-helpers.js:76:38
      at node_modules/.pnpm/@testing-library+dom@10.4.0/node_modules/@testing-library/dom/dist/query-helpers.js:52:17
      at node_modules/.pnpm/@testing-library+dom@10.4.0/node_modules/@testing-library/dom/dist/query-helpers.js:95:19
      at Object.getByText (src/components/student/__tests__/StudentAttendanceTracking.test.tsx:624:19)

  ● StudentAttendanceTracking › should be keyboard navigable and screen reader friendly

    TestingLibraryElementError: Unable to find a label with the text of: /attendance calendar/i

    Ignored nodes: comments, script, style
    [36m<body>[39m
      [36m<div>[39m
        [36m<div[39m
          [33mclass[39m=[32m"space-y-4"[39m
        [36m>[39m
          [36m<div[39m
            [33mclass[39m=[32m"bg-accent animate-pulse rounded-md h-8 w-64"[39m
            [33mdata-slot[39m=[32m"skeleton"[39m
          [36m/>[39m
          [36m<div[39m
            [33mclass[39m=[32m"grid grid-cols-1 md:grid-cols-4 gap-4"[39m
          [36m>[39m
            [36m<div[39m
              [33mclass[39m=[32m"bg-accent animate-pulse rounded-md h-24"[39m
              [33mdata-slot[39m=[32m"skeleton"[39m
            [36m/>[39m
            [36m<div[39m
              [33mclass[39m=[32m"bg-accent animate-pulse rounded-md h-24"[39m
              [33mdata-slot[39m=[32m"skeleton"[39m
            [36m/>[39m
            [36m<div[39m
              [33mclass[39m=[32m"bg-accent animate-pulse rounded-md h-24"[39m
              [33mdata-slot[39m=[32m"skeleton"[39m
            [36m/>[39m
            [36m<div[39m
              [33mclass[39m=[32m"bg-accent animate-pulse rounded-md h-24"[39m
              [33mdata-slot[39m=[32m"skeleton"[39m
            [36m/>[39m
          [36m</div>[39m
          [36m<div[39m
            [33mclass[39m=[32m"bg-accent animate-pulse rounded-md h-96"[39m
            [33mdata-slot[39m=[32m"skeleton"[39m
          [36m/>[39m
        [36m</div>[39m
      [36m</div>[39m
    [36m</body>[39m

      635 |     
      636 |     // Check ARIA labels
    > 637 |     expect(screen.getByLabelText(/attendance calendar/i)).toBeInTheDocument();
          |                   ^
      638 |     expect(screen.getByLabelText(/attendance statistics/i)).toBeInTheDocument();
      639 |     
      640 |     // Tab navigation

      at Object.getElementError (node_modules/.pnpm/@testing-library+dom@10.4.0/node_modules/@testing-library/dom/dist/config.js:37:19)
      at getAllByLabelText (node_modules/.pnpm/@testing-library+dom@10.4.0/node_modules/@testing-library/dom/dist/queries/label-text.js:111:38)
      at node_modules/.pnpm/@testing-library+dom@10.4.0/node_modules/@testing-library/dom/dist/query-helpers.js:52:17
      at node_modules/.pnpm/@testing-library+dom@10.4.0/node_modules/@testing-library/dom/dist/query-helpers.js:95:19
      at Object.getByLabelText (src/components/student/__tests__/StudentAttendanceTracking.test.tsx:637:19)

  ● StudentAttendanceTracking › should print attendance report

    TestingLibraryElementError: Unable to find an accessible element with the role "button" and name `/print report/i`

    There are no accessible roles. But there might be some inaccessible roles. If you wish to access them, then set the `hidden` option to `true`. Learn more about this here: https://testing-library.com/docs/dom-testing-library/api-queries#byrole

    Ignored nodes: comments, script, style
    [36m<body>[39m
      [36m<div>[39m
        [36m<div[39m
          [33mclass[39m=[32m"space-y-4"[39m
        [36m>[39m
          [36m<div[39m
            [33mclass[39m=[32m"bg-accent animate-pulse rounded-md h-8 w-64"[39m
            [33mdata-slot[39m=[32m"skeleton"[39m
          [36m/>[39m
          [36m<div[39m
            [33mclass[39m=[32m"grid grid-cols-1 md:grid-cols-4 gap-4"[39m
          [36m>[39m
            [36m<div[39m
              [33mclass[39m=[32m"bg-accent animate-pulse rounded-md h-24"[39m
              [33mdata-slot[39m=[32m"skeleton"[39m
            [36m/>[39m
            [36m<div[39m
              [33mclass[39m=[32m"bg-accent animate-pulse rounded-md h-24"[39m
              [33mdata-slot[39m=[32m"skeleton"[39m
            [36m/>[39m
            [36m<div[39m
              [33mclass[39m=[32m"bg-accent animate-pulse rounded-md h-24"[39m
              [33mdata-slot[39m=[32m"skeleton"[39m
            [36m/>[39m
            [36m<div[39m
              [33mclass[39m=[32m"bg-accent animate-pulse rounded-md h-24"[39m
              [33mdata-slot[39m=[32m"skeleton"[39m
            [36m/>[39m
          [36m</div>[39m
          [36m<div[39m
            [33mclass[39m=[32m"bg-accent animate-pulse rounded-md h-96"[39m
            [33mdata-slot[39m=[32m"skeleton"[39m
          [36m/>[39m
        [36m</div>[39m
      [36m</div>[39m
    [36m</body>[39m

      655 |     });
      656 |     
    > 657 |     await user.click(screen.getByRole('button', { name: /print report/i }));
          |                             ^
      658 |     
      659 |     expect(mockPrint).toHaveBeenCalled();
      660 |   });

      at Object.getElementError (node_modules/.pnpm/@testing-library+dom@10.4.0/node_modules/@testing-library/dom/dist/config.js:37:19)
      at node_modules/.pnpm/@testing-library+dom@10.4.0/node_modules/@testing-library/dom/dist/query-helpers.js:76:38
      at node_modules/.pnpm/@testing-library+dom@10.4.0/node_modules/@testing-library/dom/dist/query-helpers.js:52:17
      at node_modules/.pnpm/@testing-library+dom@10.4.0/node_modules/@testing-library/dom/dist/query-helpers.js:95:19
      at Object.getByRole (src/components/student/__tests__/StudentAttendanceTracking.test.tsx:657:29)

  ● StudentAttendanceTracking › should display leave request status

    Found multiple elements with the text: /leave requests/i

    Here are the matching elements:

    Ignored nodes: comments, script, style
    [36m<p[39m
      [33mclass[39m=[32m"text-sm text-muted-foreground"[39m
    [36m>[39m
      [0mTrack your attendance, view statistics, and manage leave requests[0m
    [36m</p>[39m

    Ignored nodes: comments, script, style
    [36m<div[39m
      [33mclass[39m=[32m"leading-none font-semibold"[39m
      [33mdata-slot[39m=[32m"card-title"[39m
    [36m>[39m
      [0mLeave Requests[0m
    [36m</div>[39m

    (If this is intentional, then use the `*AllBy*` variant of the query (like `queryAllByText`, `getAllByText`, or `findAllByText`)).

    Ignored nodes: comments, script, style
    [36m<body>[39m
      [36m<div>[39m
        [36m<div[39m
          [33maria-label[39m=[32m"Attendance Tracking"[39m
          [33mclass[39m=[32m"space-y-6"[39m
          [33mrole[39m=[32m"region"[39m
        [36m>[39m
          [36m<div[39m
            [33mclass[39m=[32m"flex flex-col sm:flex-row justify-between items-start sm:items-center gap-4"[39m
          [36m>[39m
            [36m<div>[39m
              [36m<h2[39m
                [33mclass[39m=[32m"text-2xl font-bold"[39m
              [36m>[39m
                [0mAttendance Tracking[0m
              [36m</h2>[39m
              [36m<p[39m
                [33mclass[39m=[32m"text-sm text-muted-foreground"[39m
              [36m>[39m
                [0mTrack your attendance, view statistics, and manage leave requests[0m
              [36m</p>[39m
            [36m</div>[39m
            [36m<div[39m
              [33mclass[39m=[32m"flex flex-wrap gap-2"[39m
            [36m>[39m
              [36m<button[39m
                [33mclass[39m=[32m"inline-flex items-center justify-center whitespace-nowrap text-sm font-medium transition-all disabled:pointer-events-none disabled:opacity-50 [&_svg]:pointer-events-none [&_svg:not([class*='size-'])]:size-4 shrink-0 [&_svg]:shrink-0 outline-none focus-visible:border-ring focus-visible:ring-ring/50 focus-visible:ring-[3px] aria-invalid:ring-destructive/20 dark:aria-invalid:ring-destructive/40 aria-invalid:border-destructive border bg-background shadow-xs hover:bg-accent hover:text-accent-foreground dark:bg-input/30 dark:border-input dark:hover:bg-input/50 h-8 rounded-md gap-1.5 px-3 has-[>svg]:px-2.5"[39m
                [33mdata-slot[39m=[32m"button"[39m
              [36m>[39m
                [36m<svg[39m
                  [33maria-hidden[39m=[32m"true"[39m
                  [33mclass[39m=[32m"lucide lucide-refresh-cw h-4 w-4 mr-2"[39m
                  [33mfill[39m=[32m"none"[39m
                  [33mheight[39m=[32m"24"[39m
                  [33mstroke[39m=[32m"currentColor"[39m
                  [33mstroke-linecap[39m=[32m"round"[39m
                  [33mstroke-linejoin[39m=[32m"round"[39m
                  [33mstroke-width[39m=[32m"2"[39m
                  [33mviewBox[39m=[32m"0 0 24 24"[39m
                  [33mwidth[39m=[32m"24"[39m
                  [33mxmlns[39m=[32m"http://www.w3.org/2000/svg"[39m
                [36m>[39m
                  [36m<path[39m
                    [33md[39m=[32m"M3 12a9 9 0 0 1 9-9 9.75 9.75 0 0 1 6.74 2.74L21 8"[39m
                  [36m/>[39m
                  [36m<path[39m
                    [33md[39m=[32m"M21 3v5h-5"[39m
                  [36m/>[39m
                  [36m<path[39m
                    [33md[39m=[32m"M21 12a9 9 0 0 1-9 9 9.75 9.75 0 0 1-6.74-2.74L3 16"[39m
                  [36m/>[39m
                  [36m<path[39m
                    [33md[39m=[32m"M8 16H3v5"[39m
                  [36m/>[39m
                [36m</svg>[39m
                [0mRefresh[0m
              [36m</button>[39m
              [36m<button[39m
                [33mclass[39m=[32m"inline-flex items-center justify-center whitespace-nowrap text-sm font-medium transition-all disabled:pointer-events-none disabled:opacity-50 [&_svg]:pointer-events-none [&_svg:not([class*='size-'])]:size-4 shrink-0 [&_svg]:shrink-0 outline-none focus-visible:border-ring focus-visible:ring-ring/50 focus-visible:ring-[3px] aria-invalid:ring-destructive/20 dark:aria-invalid:ring-destructive/40 aria-invalid:border-destructive border bg-background shadow-xs hover:bg-accent hover:text-accent-foreground dark:bg-input/30 dark:border-input dark:hover:bg-input/50 h-8 rounded-md gap-1.5 px-3 has-[>svg]:px-2.5"[39m
                [33mdata-slot[39m=[32m"button"[39m
              [36m>[39m
                [36m<svg[39m
                  [33maria-hidden[39m=[32m"true"[39m
                  [33mclass[39m=[32m"lucide lucide-printer h-4 w-4 mr-2"[39m
                  [33mfill[39m=[32m"none"[39m
                  [33mheight[39m=[32m"24"[39m
                  [33mstroke[39m=[32m"currentColor"[39m
                  [33mstroke-linecap[39m=[32m"round"[39m
                  [33mstroke-linejoin[39m=[32m"round"[39m
                  [33mstroke-width[39m=[32m"2"[39m
                  [33mviewBox[39m=[32m"0 0 24 24"[39m
                  [33mwidth[39m=[32m"24"[39m
                  [33mxmlns[39m=[32m"http://www.w3.org/2000/svg"[39m
                [36m>[39m
                  [36m<path[39m
                    [33md[39m=[32m"M6 18H4a2 2 0 0 1-2-2v-5a2 2 0 0 1 2-2h16a2 2 0 0 1 2 2v5a2 2 0 0 1-2 2h-2"[39m
                  [36m/>[39m
                  [36m<path[39m
                    [33md[39m=[32m"M6 9V3a1 1 0 0 1 1-1h10a1 1 0 0 1 1 1v6"[39m
                  [36m/>[39m
                  [36m<rect[39m
                    [33mheight[39m=[32m"8"[39m
                    [33mrx[39m=[32m"1"[39m
                    [33mwidth[39m=[32m"12"[39m
                    [33mx[39m=[32m"6"[39m
                    [33my[39m=[32m"14"[39m
                  [36m/>[39m
                [36m</svg>[39m
                [0mPrint Report[0m
              [36m</button>[39m
              [36m<button[39m
                [33maria-controls[39m=[32m"radix-:r5er:"[39m
                [33maria-expanded[39m=[32m"false"[39m
                [33maria-haspopup[39m=[32m"dialog"[39m
                [33mclass[39m=[32m"inline-flex items-center justify-center whitespace-nowrap text-sm font-medium transition-all disabled:pointer-events-none disabled:opacity-50 [&_svg]:pointer-events-none [&_svg:not([class*='size-'])]:size-4 shrink-0 [&_svg]:shrink-0 outline-none focus-visible:border-ring focus-visible:ring-ring/50 focus-visible:ring-[3px] aria-invalid:ring-destructive/20 dark:aria-invalid:ring-destructive/40 aria-invalid:border-destructive border bg-background shadow-xs hover:bg-accent hover:text-accent-foreground dark:bg-input/30 dark:border-input dark:hover:bg-input/50 h-8 rounded-md gap-1.5 px-3 has-[>svg]:px-2.5"[39m
                [33mdata-slot[39m=[32m"button"[39m
                [33mdata-state[39m=[32m"closed"[39m
                [33mtype[39m=[32m"button"[39m
              [36m>[39m
                [36m<svg[39m
                  [33maria-hidden[39m=[32m"true"[39m
                  [33mclass[39m=[32m"lucide lucide-download h-4 w-4 mr-2"[39m
                  [33mfill[39m=[32m"none"[39m
                  [33mheight[39m=[32m"24"[39m
                  [33mstroke[39m=[32m"currentColor"[39m
                  [33mstroke-linecap[39m=[32m"round"[39m
                  [33mstroke-linejoin[39m=[32m"round"[39m
                  [33mstroke-width[39m=[32m"2"[39m
                  [33mviewBox[39m=[32m"0 0 24 24"[39m
                  [33mwidth[39m=[32m"24"[39m
                  [33mxmlns[39m=[32m"http://www.w3.org/2000/svg"[39m
                [36m>[39m
                  [36m<path[39m
                    [33md[39m=[32m"M12 15V3"[39m
                  [36m/>[39m
                  [36m<path[39m
                    [33md[39m=[32m"M21 15v4a2 2 0 0 1-2 2H5a2 2 0 0 1-2-2v-4"[39m
                  [36m/>[39m
                  [36m<path[39m
                    [33md[39m=...

      664 |     render(<StudentAttendanceTracking studentId={mockStudentId} />);
      665 |     
    > 666 |     await waitFor(() => {
          |                  ^
      667 |       expect(screen.getByText(/leave requests/i)).toBeInTheDocument();
      668 |     });
      669 |     

      at waitForWrapper (node_modules/.pnpm/@testing-library+dom@10.4.0/node_modules/@testing-library/dom/dist/wait-for.js:163:27)
      at Object.<anonymous> (src/components/student/__tests__/StudentAttendanceTracking.test.tsx:666:18)

  ● StudentAttendanceTracking › should show attendance comparison with class average

    TestingLibraryElementError: Unable to find an element with the text: /your attendance: 75%/i. This could be because the text is broken up by multiple elements. In this case, you can provide a function for your text matcher to make your matcher more flexible.

    Ignored nodes: comments, script, style
    [36m<body>[39m
      [36m<div>[39m
        [36m<div[39m
          [33mclass[39m=[32m"space-y-4"[39m
        [36m>[39m
          [36m<div[39m
            [33mclass[39m=[32m"bg-accent animate-pulse rounded-md h-8 w-64"[39m
            [33mdata-slot[39m=[32m"skeleton"[39m
          [36m/>[39m
          [36m<div[39m
            [33mclass[39m=[32m"grid grid-cols-1 md:grid-cols-4 gap-4"[39m
          [36m>[39m
            [36m<div[39m
              [33mclass[39m=[32m"bg-accent animate-pulse rounded-md h-24"[39m
              [33mdata-slot[39m=[32m"skeleton"[39m
            [36m/>[39m
            [36m<div[39m
              [33mclass[39m=[32m"bg-accent animate-pulse rounded-md h-24"[39m
              [33mdata-slot[39m=[32m"skeleton"[39m
            [36m/>[39m
            [36m<div[39m
              [33mclass[39m=[32m"bg-accent animate-pulse rounded-md h-24"[39m
              [33mdata-slot[39m=[32m"skeleton"[39m
            [36m/>[39m
            [36m<div[39m
              [33mclass[39m=[32m"bg-accent animate-pulse rounded-md h-24"[39m
              [33mdata-slot[39m=[32m"skeleton"[39m
            [36m/>[39m
          [36m</div>[39m
          [36m<div[39m
            [33mclass[39m=[32m"bg-accent animate-pulse rounded-md h-96"[39m
            [33mdata-slot[39m=[32m"skeleton"[39m
          [36m/>[39m
        [36m</div>[39m
      [36m</div>[39m
    [36m</body>[39m

      681 |     });
      682 |     
    > 683 |     expect(screen.getByText(/your attendance: 75%/i)).toBeInTheDocument();
          |                   ^
      684 |     expect(screen.getByText(/10% below average/i)).toHaveClass('text-red-600');
      685 |   });
      686 |

      at Object.getElementError (node_modules/.pnpm/@testing-library+dom@10.4.0/node_modules/@testing-library/dom/dist/config.js:37:19)
      at node_modules/.pnpm/@testing-library+dom@10.4.0/node_modules/@testing-library/dom/dist/query-helpers.js:76:38
      at node_modules/.pnpm/@testing-library+dom@10.4.0/node_modules/@testing-library/dom/dist/query-helpers.js:52:17
      at node_modules/.pnpm/@testing-library+dom@10.4.0/node_modules/@testing-library/dom/dist/query-helpers.js:95:19
      at Object.getByText (src/components/student/__tests__/StudentAttendanceTracking.test.tsx:683:19)

  ● StudentAttendanceTracking › should be responsive on mobile devices

    TestingLibraryElementError: Unable to find an element by: [data-testid="attendance-list-view"]

    Ignored nodes: comments, script, style
    [36m<body>[39m
      [36m<div>[39m
        [36m<div[39m
          [33mclass[39m=[32m"space-y-4"[39m
        [36m>[39m
          [36m<div[39m
            [33mclass[39m=[32m"bg-accent animate-pulse rounded-md h-8 w-64"[39m
            [33mdata-slot[39m=[32m"skeleton"[39m
          [36m/>[39m
          [36m<div[39m
            [33mclass[39m=[32m"grid grid-cols-1 md:grid-cols-4 gap-4"[39m
          [36m>[39m
            [36m<div[39m
              [33mclass[39m=[32m"bg-accent animate-pulse rounded-md h-24"[39m
              [33mdata-slot[39m=[32m"skeleton"[39m
            [36m/>[39m
            [36m<div[39m
              [33mclass[39m=[32m"bg-accent animate-pulse rounded-md h-24"[39m
              [33mdata-slot[39m=[32m"skeleton"[39m
            [36m/>[39m
            [36m<div[39m
              [33mclass[39m=[32m"bg-accent animate-pulse rounded-md h-24"[39m
              [33mdata-slot[39m=[32m"skeleton"[39m
            [36m/>[39m
            [36m<div[39m
              [33mclass[39m=[32m"bg-accent animate-pulse rounded-md h-24"[39m
              [33mdata-slot[39m=[32m"skeleton"[39m
            [36m/>[39m
          [36m</div>[39m
          [36m<div[39m
            [33mclass[39m=[32m"bg-accent animate-pulse rounded-md h-96"[39m
            [33mdata-slot[39m=[32m"skeleton"[39m
          [36m/>[39m
        [36m</div>[39m
      [36m</div>[39m
    [36m</body>[39m

      698 |     
      699 |     // Should default to list view on mobile
    > 700 |     expect(screen.getByTestId('attendance-list-view')).toBeInTheDocument();
          |                   ^
      701 |   });
      702 |
      703 |   // Test 28: Attendance certificate generation

      at Object.getElementError (node_modules/.pnpm/@testing-library+dom@10.4.0/node_modules/@testing-library/dom/dist/config.js:37:19)
      at node_modules/.pnpm/@testing-library+dom@10.4.0/node_modules/@testing-library/dom/dist/query-helpers.js:76:38
      at node_modules/.pnpm/@testing-library+dom@10.4.0/node_modules/@testing-library/dom/dist/query-helpers.js:52:17
      at node_modules/.pnpm/@testing-library+dom@10.4.0/node_modules/@testing-library/dom/dist/query-helpers.js:95:19
      at Object.getByTestId (src/components/student/__tests__/StudentAttendanceTracking.test.tsx:700:19)

  ● StudentAttendanceTracking › should generate attendance certificate

    TestingLibraryElementError: Unable to find an accessible element with the role "button" and name `/generate certificate/i`

    There are no accessible roles. But there might be some inaccessible roles. If you wish to access them, then set the `hidden` option to `true`. Learn more about this here: https://testing-library.com/docs/dom-testing-library/api-queries#byrole

    Ignored nodes: comments, script, style
    [36m<body>[39m
      [36m<div>[39m
        [36m<div[39m
          [33mclass[39m=[32m"space-y-4"[39m
        [36m>[39m
          [36m<div[39m
            [33mclass[39m=[32m"bg-accent animate-pulse rounded-md h-8 w-64"[39m
            [33mdata-slot[39m=[32m"skeleton"[39m
          [36m/>[39m
          [36m<div[39m
            [33mclass[39m=[32m"grid grid-cols-1 md:grid-cols-4 gap-4"[39m
          [36m>[39m
            [36m<div[39m
              [33mclass[39m=[32m"bg-accent animate-pulse rounded-md h-24"[39m
              [33mdata-slot[39m=[32m"skeleton"[39m
            [36m/>[39m
            [36m<div[39m
              [33mclass[39m=[32m"bg-accent animate-pulse rounded-md h-24"[39m
              [33mdata-slot[39m=[32m"skeleton"[39m
            [36m/>[39m
            [36m<div[39m
              [33mclass[39m=[32m"bg-accent animate-pulse rounded-md h-24"[39m
              [33mdata-slot[39m=[32m"skeleton"[39m
            [36m/>[39m
            [36m<div[39m
              [33mclass[39m=[32m"bg-accent animate-pulse rounded-md h-24"[39m
              [33mdata-slot[39m=[32m"skeleton"[39m
            [36m/>[39m
          [36m</div>[39m
          [36m<div[39m
            [33mclass[39m=[32m"bg-accent animate-pulse rounded-md h-96"[39m
            [33mdata-slot[39m=[32m"skeleton"[39m
          [36m/>[39m
        [36m</div>[39m
      [36m</div>[39m
    [36m</body>[39m

      709 |     });
      710 |     
    > 711 |     await user.click(screen.getByRole('button', { name: /generate certificate/i }));
          |                             ^
      712 |     
      713 |     expect(screen.getByText(/attendance certificate generated/i)).toBeInTheDocument();
      714 |   });

      at Object.getElementError (node_modules/.pnpm/@testing-library+dom@10.4.0/node_modules/@testing-library/dom/dist/config.js:37:19)
      at node_modules/.pnpm/@testing-library+dom@10.4.0/node_modules/@testing-library/dom/dist/query-helpers.js:76:38
      at node_modules/.pnpm/@testing-library+dom@10.4.0/node_modules/@testing-library/dom/dist/query-helpers.js:52:17
      at node_modules/.pnpm/@testing-library+dom@10.4.0/node_modules/@testing-library/dom/dist/query-helpers.js:95:19
      at Object.getByRole (src/components/student/__tests__/StudentAttendanceTracking.test.tsx:711:29)

  ● StudentAttendanceTracking › should update attendance in real-time when marked present

    expect(jest.fn()).toHaveBeenCalledWith(...expected)

    Expected: "attendance-student-1"

    Number of calls: 0

    Ignored nodes: comments, script, style
    [36m<html>[39m
      [36m<head />[39m
      [36m<body>[39m
        [36m<div>[39m
          [36m<div[39m
            [33mclass[39m=[32m"space-y-4"[39m
          [36m>[39m
            [36m<div[39m
              [33mclass[39m=[32m"bg-accent animate-pulse rounded-md h-8 w-64"[39m
              [33mdata-slot[39m=[32m"skeleton"[39m
            [36m/>[39m
            [36m<div[39m
              [33mclass[39m=[32m"grid grid-cols-1 md:grid-cols-4 gap-4"[39m
            [36m>[39m
              [36m<div[39m
                [33mclass[39m=[32m"bg-accent animate-pulse rounded-md h-24"[39m
                [33mdata-slot[39m=[32m"skeleton"[39m
              [36m/>[39m
              [36m<div[39m
                [33mclass[39m=[32m"bg-accent animate-pulse rounded-md h-24"[39m
                [33mdata-slot[39m=[32m"skeleton"[39m
              [36m/>[39m
              [36m<div[39m
                [33mclass[39m=[32m"bg-accent animate-pulse rounded-md h-24"[39m
                [33mdata-slot[39m=[32m"skeleton"[39m
              [36m/>[39m
              [36m<div[39m
                [33mclass[39m=[32m"bg-accent animate-pulse rounded-md h-24"[39m
                [33mdata-slot[39m=[32m"skeleton"[39m
              [36m/>[39m
            [36m</div>[39m
            [36m<div[39m
              [33mclass[39m=[32m"bg-accent animate-pulse rounded-md h-96"[39m
              [33mdata-slot[39m=[32m"skeleton"[39m
            [36m/>[39m
          [36m</div>[39m
        [36m</div>[39m
      [36m</body>[39m
    [36m</html>[39m

      719 |     
      720 |     await waitFor(() => {
    > 721 |       expect(mockSupabase.channel).toHaveBeenCalledWith(`attendance-${mockStudentId}`);
          |                                    ^
      722 |       expect(mockSupabase.on).toHaveBeenCalledWith(
      723 |         'postgres_changes',
      724 |         expect.objectContaining({ 

      at toHaveBeenCalledWith (src/components/student/__tests__/StudentAttendanceTracking.test.tsx:721:36)
      at runWithExpensiveErrorDiagnosticsDisabled (node_modules/.pnpm/@testing-library+dom@10.4.0/node_modules/@testing-library/dom/dist/config.js:47:12)
      at checkCallback (node_modules/.pnpm/@testing-library+dom@10.4.0/node_modules/@testing-library/dom/dist/wait-for.js:124:77)
      at MutationObserver.checkRealTimersCallback (node_modules/.pnpm/@testing-library+dom@10.4.0/node_modules/@testing-library/dom/dist/wait-for.js:118:16)
      at MutationObserver.invokeTheCallbackFunction (node_modules/.pnpm/jsdom@26.1.0/node_modules/jsdom/lib/jsdom/living/generated/MutationCallback.js:19:26)
      at notifyMutationObservers (node_modules/.pnpm/jsdom@26.1.0/node_modules/jsdom/lib/jsdom/living/helpers/mutation-observers.js:160:22)
      at node_modules/.pnpm/jsdom@26.1.0/node_modules/jsdom/lib/jsdom/living/helpers/mutation-observers.js:133:5

  ● StudentAttendanceTracking › should allow setting and tracking attendance goals

    TestingLibraryElementError: Unable to find an accessible element with the role "button" and name `/set attendance goal/i`

    There are no accessible roles. But there might be some inaccessible roles. If you wish to access them, then set the `hidden` option to `true`. Learn more about this here: https://testing-library.com/docs/dom-testing-library/api-queries#byrole

    Ignored nodes: comments, script, style
    [36m<body>[39m
      [36m<div>[39m
        [36m<div[39m
          [33mclass[39m=[32m"space-y-4"[39m
        [36m>[39m
          [36m<div[39m
            [33mclass[39m=[32m"bg-accent animate-pulse rounded-md h-8 w-64"[39m
            [33mdata-slot[39m=[32m"skeleton"[39m
          [36m/>[39m
          [36m<div[39m
            [33mclass[39m=[32m"grid grid-cols-1 md:grid-cols-4 gap-4"[39m
          [36m>[39m
            [36m<div[39m
              [33mclass[39m=[32m"bg-accent animate-pulse rounded-md h-24"[39m
              [33mdata-slot[39m=[32m"skeleton"[39m
            [36m/>[39m
            [36m<div[39m
              [33mclass[39m=[32m"bg-accent animate-pulse rounded-md h-24"[39m
              [33mdata-slot[39m=[32m"skeleton"[39m
            [36m/>[39m
            [36m<div[39m
              [33mclass[39m=[32m"bg-accent animate-pulse rounded-md h-24"[39m
              [33mdata-slot[39m=[32m"skeleton"[39m
            [36m/>[39m
            [36m<div[39m
              [33mclass[39m=[32m"bg-accent animate-pulse rounded-md h-24"[39m
              [33mdata-slot[39m=[32m"skeleton"[39m
            [36m/>[39m
          [36m</div>[39m
          [36m<div[39m
            [33mclass[39m=[32m"bg-accent animate-pulse rounded-md h-96"[39m
            [33mdata-slot[39m=[32m"skeleton"[39m
          [36m/>[39m
        [36m</div>[39m
      [36m</div>[39m
    [36m</body>[39m

      741 |     });
      742 |     
    > 743 |     await user.click(screen.getByRole('button', { name: /set attendance goal/i }));
          |                             ^
      744 |     
      745 |     const goalInput = screen.getByLabelText(/target attendance percentage/i);
      746 |     await user.clear(goalInput);

      at Object.getElementError (node_modules/.pnpm/@testing-library+dom@10.4.0/node_modules/@testing-library/dom/dist/config.js:37:19)
      at node_modules/.pnpm/@testing-library+dom@10.4.0/node_modules/@testing-library/dom/dist/query-helpers.js:76:38
      at node_modules/.pnpm/@testing-library+dom@10.4.0/node_modules/@testing-library/dom/dist/query-helpers.js:52:17
      at node_modules/.pnpm/@testing-library+dom@10.4.0/node_modules/@testing-library/dom/dist/query-helpers.js:95:19
      at Object.getByRole (src/components/student/__tests__/StudentAttendanceTracking.test.tsx:743:29)

PASS src/components/admin/dashboard/analytics/__tests__/StudentAnalytics.test.tsx
  ● Console

    console.error
      Warning: Each child in a list should have a unique "key" prop.
      
      Check the render method of `PieChartComponent`. See https://reactjs.org/link/warning-keys for more information.
          at div
          at data (/Users/invoture/dev.local/hey-peter/src/components/ui/charts/PieChart.tsx:84:3)
          at WrappedComponent (/Users/invoture/dev.local/hey-peter/src/components/ui/charts/BaseChart.tsx:431:45)
          at title (/Users/invoture/dev.local/hey-peter/src/components/admin/dashboard/AnalyticsChart.tsx:40:3)
          at div
          at className (/Users/invoture/dev.local/hey-peter/src/components/ui/card.tsx:64:24)
          at div
          at className (/Users/invoture/dev.local/hey-peter/src/components/ui/card.tsx:5:17)
          at div
          at div
          at /Users/invoture/dev.local/hey-peter/node_modules/.pnpm/@radix-ui+react-primitive@2.1.3_@types+react-dom@18.3.7_@types+react@18.3.23__@types+re_db0ee435667e42f4b05fd5a9bb21abc3/node_modules/@radix-ui/react-primitive/src/primitive.tsx:40:13
          at Presence (/Users/invoture/dev.local/hey-peter/node_modules/.pnpm/@radix-ui+react-presence@1.1.4_@types+react-dom@18.3.7_@types+react@18.3.23__@types+rea_587c7e8c3eecba09139e2afe2a783727/node_modules/@radix-ui/react-presence/src/presence.tsx:12:11)
          at /Users/invoture/dev.local/hey-peter/node_modules/.pnpm/@radix-ui+react-tabs@1.1.12_@types+react-dom@18.3.7_@types+react@18.3.23__@types+react@_039f4c9042ddc46bc6b9dbdec180c93a/node_modules/@radix-ui/react-tabs/src/tabs.tsx:230:13
          at className (/Users/invoture/dev.local/hey-peter/src/components/ui/tabs.tsx:43:6)
          at div
          at /Users/invoture/dev.local/hey-peter/node_modules/.pnpm/@radix-ui+react-primitive@2.1.3_@types+react-dom@18.3.7_@types+react@18.3.23__@types+re_db0ee435667e42f4b05fd5a9bb21abc3/node_modules/@radix-ui/react-primitive/src/primitive.tsx:40:13
          at Provider (/Users/invoture/dev.local/hey-peter/node_modules/.pnpm/@radix-ui+react-context@1.1.2_@types+react@18.3.23_react@18.3.1/node_modules/@radix-ui/react-context/src/create-context.tsx:59:15)
          at /Users/invoture/dev.local/hey-peter/node_modules/.pnpm/@radix-ui+react-tabs@1.1.12_@types+react-dom@18.3.7_@types+react@18.3.23__@types+react@_039f4c9042ddc46bc6b9dbdec180c93a/node_modules/@radix-ui/react-tabs/src/tabs.tsx:67:7
          at div
          at className (/Users/invoture/dev.local/hey-peter/src/components/admin/dashboard/analytics/StudentAnalytics.tsx:41:36)

      410 |   // Legend component
      411 |   const legendContent = showLegend ? (
    > 412 |     <div className={cn(
          |     ^
      413 |       "flex gap-2 mt-4",
      414 |       legendPosition === 'top' && "order-first",
      415 |       legendPosition === 'bottom' && "order-last",

      at printWarning (node_modules/.pnpm/react@18.3.1/node_modules/react/cjs/react-jsx-runtime.development.js:87:30)
      at error (node_modules/.pnpm/react@18.3.1/node_modules/react/cjs/react-jsx-runtime.development.js:61:7)
      at validateExplicitKey (node_modules/.pnpm/react@18.3.1/node_modules/react/cjs/react-jsx-runtime.development.js:1078:5)
      at validateChildKeys (node_modules/.pnpm/react@18.3.1/node_modules/react/cjs/react-jsx-runtime.development.js:1105:11)
      at jsxWithValidation (node_modules/.pnpm/react@18.3.1/node_modules/react/cjs/react-jsx-runtime.development.js:1277:11)
      at jsxWithValidationDynamic (node_modules/.pnpm/react@18.3.1/node_modules/react/cjs/react-jsx-runtime.development.js:1320:12)
      at PieChartComponent (src/components/ui/charts/PieChart.tsx:412:5)
      at renderWithHooks (node_modules/.pnpm/react-dom@18.3.1_react@18.3.1/node_modules/react-dom/cjs/react-dom.development.js:15486:18)
      at mountIndeterminateComponent (node_modules/.pnpm/react-dom@18.3.1_react@18.3.1/node_modules/react-dom/cjs/react-dom.development.js:20103:13)
      at beginWork (node_modules/.pnpm/react-dom@18.3.1_react@18.3.1/node_modules/react-dom/cjs/react-dom.development.js:21626:16)
      at beginWork$1 (node_modules/.pnpm/react-dom@18.3.1_react@18.3.1/node_modules/react-dom/cjs/react-dom.development.js:27465:14)
      at performUnitOfWork (node_modules/.pnpm/react-dom@18.3.1_react@18.3.1/node_modules/react-dom/cjs/react-dom.development.js:26599:12)
      at workLoopSync (node_modules/.pnpm/react-dom@18.3.1_react@18.3.1/node_modules/react-dom/cjs/react-dom.development.js:26505:5)
      at renderRootSync (node_modules/.pnpm/react-dom@18.3.1_react@18.3.1/node_modules/react-dom/cjs/react-dom.development.js:26473:7)
      at performConcurrentWorkOnRoot (node_modules/.pnpm/react-dom@18.3.1_react@18.3.1/node_modules/react-dom/cjs/react-dom.development.js:25777:74)
      at flushActQueue (node_modules/.pnpm/react@18.3.1/node_modules/react/cjs/react.development.js:2667:24)
      at act (node_modules/.pnpm/react@18.3.1/node_modules/react/cjs/react.development.js:2582:11)
      at node_modules/.pnpm/@testing-library+react@16.3.0_@testing-library+dom@10.4.0_@types+react-dom@18.3.7_@type_efee5276f61270375aed4c032a71d5e5/node_modules/@testing-library/react/dist/act-compat.js:47:25
      at renderRoot (node_modules/.pnpm/@testing-library+react@16.3.0_@testing-library+dom@10.4.0_@types+react-dom@18.3.7_@type_efee5276f61270375aed4c032a71d5e5/node_modules/@testing-library/react/dist/pure.js:190:26)
      at render (node_modules/.pnpm/@testing-library+react@16.3.0_@testing-library+dom@10.4.0_@types+react-dom@18.3.7_@type_efee5276f61270375aed4c032a71d5e5/node_modules/@testing-library/react/dist/pure.js:292:10)
      at Object.<anonymous> (src/components/admin/dashboard/analytics/__tests__/StudentAnalytics.test.tsx:16:11)

    console.error
      Warning: Cannot update a component (`withChartErrorBoundary(PieChartComponent)`) while rendering a different component (`Tooltip`). To locate the bad setState() call inside `Tooltip`, follow the stack trace as described in https://reactjs.org/link/setstate-in-render
          at Tooltip (/Users/invoture/dev.local/hey-peter/node_modules/.pnpm/recharts@3.0.2_@types+react@18.3.23_react-dom@18.3.1_react@18.3.1__react-is@18.3.1_react@18.3.1_redux@5.0.1/node_modules/recharts/lib/component/Tooltip.js:92:44)
          at div
          at div
          at /Users/invoture/dev.local/hey-peter/node_modules/.pnpm/recharts@3.0.2_@types+react@18.3.23_react-dom@18.3.1_react@18.3.1__react-is@18.3.1_react@18.3.1_redux@5.0.1/node_modules/recharts/lib/component/ResponsiveContainer.js:22:5
          at div
          at div
          at className (/Users/invoture/dev.local/hey-peter/src/components/ui/card.tsx:64:24)
          at div
          at className (/Users/invoture/dev.local/hey-peter/src/components/ui/card.tsx:5:17)
          at data (/Users/invoture/dev.local/hey-peter/src/components/ui/charts/BaseChart.tsx:62:3)
          at data (/Users/invoture/dev.local/hey-peter/src/components/ui/charts/PieChart.tsx:84:3)
          at WrappedComponent (/Users/invoture/dev.local/hey-peter/src/components/ui/charts/BaseChart.tsx:431:45)
          at title (/Users/invoture/dev.local/hey-peter/src/components/admin/dashboard/AnalyticsChart.tsx:40:3)
          at div
          at className (/Users/invoture/dev.local/hey-peter/src/components/ui/card.tsx:64:24)
          at div
          at className (/Users/invoture/dev.local/hey-peter/src/components/ui/card.tsx:5:17)
          at div
          at div
          at /Users/invoture/dev.local/hey-peter/node_modules/.pnpm/@radix-ui+react-primitive@2.1.3_@types+react-dom@18.3.7_@types+react@18.3.23__@types+re_db0ee435667e42f4b05fd5a9bb21abc3/node_modules/@radix-ui/react-primitive/src/primitive.tsx:40:13
          at Presence (/Users/invoture/dev.local/hey-peter/node_modules/.pnpm/@radix-ui+react-presence@1.1.4_@types+react-dom@18.3.7_@types+react@18.3.23__@types+rea_587c7e8c3eecba09139e2afe2a783727/node_modules/@radix-ui/react-presence/src/presence.tsx:12:11)
          at /Users/invoture/dev.local/hey-peter/node_modules/.pnpm/@radix-ui+react-tabs@1.1.12_@types+react-dom@18.3.7_@types+react@18.3.23__@types+react@_039f4c9042ddc46bc6b9dbdec180c93a/node_modules/@radix-ui/react-tabs/src/tabs.tsx:230:13
          at className (/Users/invoture/dev.local/hey-peter/src/components/ui/tabs.tsx:43:6)
          at div
          at /Users/invoture/dev.local/hey-peter/node_modules/.pnpm/@radix-ui+react-primitive@2.1.3_@types+react-dom@18.3.7_@types+react@18.3.23__@types+re_db0ee435667e42f4b05fd5a9bb21abc3/node_modules/@radix-ui/react-primitive/src/primitive.tsx:40:13
          at Provider (/Users/invoture/dev.local/hey-peter/node_modules/.pnpm/@radix-ui+react-context@1.1.2_@types+react@18.3.23_react@18.3.1/node_modules/@radix-ui/react-context/src/create-context.tsx:59:15)
          at /Users/invoture/dev.local/hey-peter/node_modules/.pnpm/@radix-ui+react-tabs@1.1.12_@types+react-dom@18.3.7_@types+react@18.3.23__@types+react@_039f4c9042ddc46bc6b9dbdec180c93a/node_modules/@radix-ui/react-tabs/src/tabs.tsx:67:7
          at div
          at className (/Users/invoture/dev.local/hey-peter/src/components/admin/dashboard/analytics/StudentAnalytics.tsx:41:36)

      434 |     useEffect(() => {
      435 |       const handleError = (event: ErrorEvent) => {
    > 436 |         setHasError(true);
          |         ^
      437 |         setError(event.message);
      438 |       };
      439 |

      at printWarning (node_modules/.pnpm/react-dom@18.3.1_react@18.3.1/node_modules/react-dom/cjs/react-dom.development.js:86:30)
      at error (node_modules/.pnpm/react-dom@18.3.1_react@18.3.1/node_modules/react-dom/cjs/react-dom.development.js:60:7)
      at warnAboutRenderPhaseUpdatesInDEV (node_modules/.pnpm/react-dom@18.3.1_react@18.3.1/node_modules/react-dom/cjs/react-dom.development.js:27531:15)
      at scheduleUpdateOnFiber (node_modules/.pnpm/react-dom@18.3.1_react@18.3.1/node_modules/react-dom/cjs/react-dom.development.js:25537:5)
      at dispatchSetState (node_modules/.pnpm/react-dom@18.3.1_react@18.3.1/node_modules/react-dom/cjs/react-dom.development.js:16708:7)
      at setHasError (src/components/ui/charts/BaseChart.tsx:436:9)
      at callTheUserObjectsOperation (node_modules/.pnpm/jsdom@26.1.0/node_modules/jsdom/lib/jsdom/living/generated/EventListener.js:26:30)
      at innerInvokeEventListeners (node_modules/.pnpm/jsdom@26.1.0/node_modules/jsdom/lib/jsdom/living/events/EventTarget-impl.js:350:25)
      at invokeEventListeners (node_modules/.pnpm/jsdom@26.1.0/node_modules/jsdom/lib/jsdom/living/events/EventTarget-impl.js:286:3)
      at EventTargetImpl._dispatch (node_modules/.pnpm/jsdom@26.1.0/node_modules/jsdom/lib/jsdom/living/events/EventTarget-impl.js:233:9)
      at reportAnError (node_modules/.pnpm/jsdom@26.1.0/node_modules/jsdom/lib/jsdom/living/helpers/runtime-script-errors.js:35:12)
      at reportException (node_modules/.pnpm/jsdom@26.1.0/node_modules/jsdom/lib/jsdom/living/helpers/runtime-script-errors.js:62:19)
      at innerInvokeEventListeners (node_modules/.pnpm/jsdom@26.1.0/node_modules/jsdom/lib/jsdom/living/events/EventTarget-impl.js:353:9)
      at invokeEventListeners (node_modules/.pnpm/jsdom@26.1.0/node_modules/jsdom/lib/jsdom/living/events/EventTarget-impl.js:286:3)
      at HTMLUnknownElementImpl._dispatch (node_modules/.pnpm/jsdom@26.1.0/node_modules/jsdom/lib/jsdom/living/events/EventTarget-impl.js:233:9)
      at HTMLUnknownElementImpl.dispatchEvent (node_modules/.pnpm/jsdom@26.1.0/node_modules/jsdom/lib/jsdom/living/events/EventTarget-impl.js:104:17)
      at HTMLUnknownElement.dispatchEvent (node_modules/.pnpm/jsdom@26.1.0/node_modules/jsdom/lib/jsdom/living/generated/EventTarget.js:241:34)
      at Object.invokeGuardedCallbackDev (node_modules/.pnpm/react-dom@18.3.1_react@18.3.1/node_modules/react-dom/cjs/react-dom.development.js:4213:16)
      at invokeGuardedCallback (node_modules/.pnpm/react-dom@18.3.1_react@18.3.1/node_modules/react-dom/cjs/react-dom.development.js:4277:31)
      at beginWork$1 (node_modules/.pnpm/react-dom@18.3.1_react@18.3.1/node_modules/react-dom/cjs/react-dom.development.js:27490:7)
      at performUnitOfWork (node_modules/.pnpm/react-dom@18.3.1_react@18.3.1/node_modules/react-dom/cjs/react-dom.development.js:26599:12)
      at workLoopSync (node_modules/.pnpm/react-dom@18.3.1_react@18.3.1/node_modules/react-dom/cjs/react-dom.development.js:26505:5)
      at renderRootSync (node_modules/.pnpm/react-dom@18.3.1_react@18.3.1/node_modules/react-dom/cjs/react-dom.development.js:26473:7)
      at performConcurrentWorkOnRoot (node_modules/.pnpm/react-dom@18.3.1_react@18.3.1/node_modules/react-dom/cjs/react-dom.development.js:25777:74)
      at flushActQueue (node_modules/.pnpm/react@18.3.1/node_modules/react/cjs/react.development.js:2667:24)
      at act (node_modules/.pnpm/react@18.3.1/node_modules/react/cjs/react.development.js:2582:11)
      at node_modules/.pnpm/@testing-library+react@16.3.0_@testing-library+dom@10.4.0_@types+react-dom@18.3.7_@type_efee5276f61270375aed4c032a71d5e5/node_modules/@testing-library/react/dist/act-compat.js:47:25
      at renderRoot (node_modules/.pnpm/@testing-library+react@16.3.0_@testing-library+dom@10.4.0_@types+react-dom@18.3.7_@type_efee5276f61270375aed4c032a71d5e5/node_modules/@testing-library/react/dist/pure.js:190:26)
      at render (node_modules/.pnpm/@testing-library+react@16.3.0_@testing-library+dom@10.4.0_@types+react-dom@18.3.7_@type_efee5276f61270375aed4c032a71d5e5/node_modules/@testing-library/react/dist/pure.js:292:10)
      at Object.<anonymous> (src/components/admin/dashboard/analytics/__tests__/StudentAnalytics.test.tsx:16:11)

    console.error
      Error: Uncaught [TypeError: Cannot destructure property 'activeIndex' of '(0 , _hooks.useAppSelector)(...)' as it is undefined.]
          at Object.<anonymous> (src/components/admin/dashboard/analytics/__tests__/StudentAnalytics.test.tsx:16:11)
          at new Promise (<anonymous>) {
        detail: TypeError: Cannot destructure property 'activeIndex' of '(0 , _hooks.useAppSelector)(...)' as it is undefined.
            at Tooltip (/Users/invoture/dev.local/hey-peter/node_modules/.pnpm/recharts@3.0.2_@types+react@18.3.23_react-dom@18.3.1_react@18.3.1__react-is@18.3.1_react@18.3.1_redux@5.0.1/node_modules/recharts/lib/component/Tooltip.js:107:5)
            at renderWithHooks (/Users/invoture/dev.local/hey-peter/node_modules/.pnpm/react-dom@18.3.1_react@18.3.1/node_modules/react-dom/cjs/react-dom.development.js:15486:18)
            at mountIndeterminateComponent (/Users/invoture/dev.local/hey-peter/node_modules/.pnpm/react-dom@18.3.1_react@18.3.1/node_modules/react-dom/cjs/react-dom.development.js:20103:13)
            at beginWork (/Users/invoture/dev.local/hey-peter/node_modules/.pnpm/react-dom@18.3.1_react@18.3.1/node_modules/react-dom/cjs/react-dom.development.js:21626:16)
            at HTMLUnknownElement.callCallback (/Users/invoture/dev.local/hey-peter/node_modules/.pnpm/react-dom@18.3.1_react@18.3.1/node_modules/react-dom/cjs/react-dom.development.js:4164:14)
            at HTMLUnknownElement.callTheUserObjectsOperation (/Users/invoture/dev.local/hey-peter/node_modules/.pnpm/jsdom@26.1.0/node_modules/jsdom/lib/jsdom/living/generated/EventListener.js:26:30)
            at innerInvokeEventListeners (/Users/invoture/dev.local/hey-peter/node_modules/.pnpm/jsdom@26.1.0/node_modules/jsdom/lib/jsdom/living/events/EventTarget-impl.js:350:25)
            at invokeEventListeners (/Users/invoture/dev.local/hey-peter/node_modules/.pnpm/jsdom@26.1.0/node_modules/jsdom/lib/jsdom/living/events/EventTarget-impl.js:286:3)
            at HTMLUnknownElementImpl._dispatch (/Users/invoture/dev.local/hey-peter/node_modules/.pnpm/jsdom@26.1.0/node_modules/jsdom/lib/jsdom/living/events/EventTarget-impl.js:233:9)
            at HTMLUnknownElementImpl.dispatchEvent (/Users/invoture/dev.local/hey-peter/node_modules/.pnpm/jsdom@26.1.0/node_modules/jsdom/lib/jsdom/living/events/EventTarget-impl.js:104:17)
            at HTMLUnknownElement.dispatchEvent (/Users/invoture/dev.local/hey-peter/node_modules/.pnpm/jsdom@26.1.0/node_modules/jsdom/lib/jsdom/living/generated/EventTarget.js:241:34)
            at Object.invokeGuardedCallbackDev (/Users/invoture/dev.local/hey-peter/node_modules/.pnpm/react-dom@18.3.1_react@18.3.1/node_modules/react-dom/cjs/react-dom.development.js:4213:16)
            at invokeGuardedCallback (/Users/invoture/dev.local/hey-peter/node_modules/.pnpm/react-dom@18.3.1_react@18.3.1/node_modules/react-dom/cjs/react-dom.development.js:4277:31)
            at beginWork$1 (/Users/invoture/dev.local/hey-peter/node_modules/.pnpm/react-dom@18.3.1_react@18.3.1/node_modules/react-dom/cjs/react-dom.development.js:27490:7)
            at performUnitOfWork (/Users/invoture/dev.local/hey-peter/node_modules/.pnpm/react-dom@18.3.1_react@18.3.1/node_modules/react-dom/cjs/react-dom.development.js:26599:12)
            at workLoopSync (/Users/invoture/dev.local/hey-peter/node_modules/.pnpm/react-dom@18.3.1_react@18.3.1/node_modules/react-dom/cjs/react-dom.development.js:26505:5)
            at renderRootSync (/Users/invoture/dev.local/hey-peter/node_modules/.pnpm/react-dom@18.3.1_react@18.3.1/node_modules/react-dom/cjs/react-dom.development.js:26473:7)
            at performConcurrentWorkOnRoot (/Users/invoture/dev.local/hey-peter/node_modules/.pnpm/react-dom@18.3.1_react@18.3.1/node_modules/react-dom/cjs/react-dom.development.js:25777:74)
            at flushActQueue (/Users/invoture/dev.local/hey-peter/node_modules/.pnpm/react@18.3.1/node_modules/react/cjs/react.development.js:2667:24)
            at act (/Users/invoture/dev.local/hey-peter/node_modules/.pnpm/react@18.3.1/node_modules/react/cjs/react.development.js:2582:11)
            at /Users/invoture/dev.local/hey-peter/node_modules/.pnpm/@testing-library+react@16.3.0_@testing-library+dom@10.4.0_@types+react-dom@18.3.7_@type_efee5276f61270375aed4c032a71d5e5/node_modules/@testing-library/react/dist/act-compat.js:47:25
            at renderRoot (/Users/invoture/dev.local/hey-peter/node_modules/.pnpm/@testing-library+react@16.3.0_@testing-library+dom@10.4.0_@types+react-dom@18.3.7_@type_efee5276f61270375aed4c032a71d5e5/node_modules/@testing-library/react/dist/pure.js:190:26)
            at render (/Users/invoture/dev.local/hey-peter/node_modules/.pnpm/@testing-library+react@16.3.0_@testing-library+dom@10.4.0_@types+react-dom@18.3.7_@type_efee5276f61270375aed4c032a71d5e5/node_modules/@testing-library/react/dist/pure.js:292:10)
            at Object.<anonymous> (/Users/invoture/dev.local/hey-peter/src/components/admin/dashboard/analytics/__tests__/StudentAnalytics.test.tsx:16:11)
            at Promise.finally.completed (/Users/invoture/dev.local/hey-peter/node_modules/.pnpm/jest-circus@30.0.2/node_modules/jest-circus/build/jestAdapterInit.js:1559:28)
            at new Promise (<anonymous>)
            at callAsyncCircusFn (/Users/invoture/dev.local/hey-peter/node_modules/.pnpm/jest-circus@30.0.2/node_modules/jest-circus/build/jestAdapterInit.js:1499:10)
            at _callCircusTest (/Users/invoture/dev.local/hey-peter/node_modules/.pnpm/jest-circus@30.0.2/node_modules/jest-circus/build/jestAdapterInit.js:1009:40)
            at processTicksAndRejections (node:internal/process/task_queues:95:5)
            at _runTest (/Users/invoture/dev.local/hey-peter/node_modules/.pnpm/jest-circus@30.0.2/node_modules/jest-circus/build/jestAdapterInit.js:949:3)
            at _runTestsForDescribeBlock (/Users/invoture/dev.local/hey-peter/node_modules/.pnpm/jest-circus@30.0.2/node_modules/jest-circus/build/jestAdapterInit.js:839:13)
            at _runTestsForDescribeBlock (/Users/invoture/dev.local/hey-peter/node_modules/.pnpm/jest-circus@30.0.2/node_modules/jest-circus/build/jestAdapterInit.js:829:11)
            at run (/Users/invoture/dev.local/hey-peter/node_modules/.pnpm/jest-circus@30.0.2/node_modules/jest-circus/build/jestAdapterInit.js:757:3)
            at runAndTransformResultsToJestFormat (/Users/invoture/dev.local/hey-peter/node_modules/.pnpm/jest-circus@30.0.2/node_modules/jest-circus/build/jestAdapterInit.js:1920:21)
            at jestAdapter (/Users/invoture/dev.local/hey-peter/node_modules/.pnpm/jest-circus@30.0.2/node_modules/jest-circus/build/runner.js:101:19)
            at runTestInternal (/Users/invoture/dev.local/hey-peter/node_modules/.pnpm/jest-runner@30.0.2/node_modules/jest-runner/build/testWorker.js:272:16)
            at runTest (/Users/invoture/dev.local/hey-peter/node_modules/.pnpm/jest-runner@30.0.2/node_modules/jest-runner/build/testWorker.js:340:7)
            at Object.worker (/Users/invoture/dev.local/hey-peter/node_modules/.pnpm/jest-runner@30.0.2/node_modules/jest-runner/build/testWorker.js:494:12),
        type: 'unhandled exception'
      }

      14 |
      15 |   it("renders the student analytics component", async () => {
    > 16 |     render(<StudentAnalytics />);
         |           ^
      17 |
      18 |     // Check for main title
      19 |     expect(screen.getByText("Student Analytics")).toBeInTheDocument();

      at VirtualConsole.<anonymous> (node_modules/.pnpm/@jest+environment-jsdom-abstract@30.0.4_jsdom@26.1.0/node_modules/@jest/environment-jsdom-abstract/build/index.js:78:23)
      at reportException (node_modules/.pnpm/jsdom@26.1.0/node_modules/jsdom/lib/jsdom/living/helpers/runtime-script-errors.js:70:28)
      at innerInvokeEventListeners (node_modules/.pnpm/jsdom@26.1.0/node_modules/jsdom/lib/jsdom/living/events/EventTarget-impl.js:353:9)
      at invokeEventListeners (node_modules/.pnpm/jsdom@26.1.0/node_modules/jsdom/lib/jsdom/living/events/EventTarget-impl.js:286:3)
      at HTMLUnknownElementImpl._dispatch (node_modules/.pnpm/jsdom@26.1.0/node_modules/jsdom/lib/jsdom/living/events/EventTarget-impl.js:233:9)
      at HTMLUnknownElementImpl.dispatchEvent (node_modules/.pnpm/jsdom@26.1.0/node_modules/jsdom/lib/jsdom/living/events/EventTarget-impl.js:104:17)
      at HTMLUnknownElement.dispatchEvent (node_modules/.pnpm/jsdom@26.1.0/node_modules/jsdom/lib/jsdom/living/generated/EventTarget.js:241:34)
      at Object.invokeGuardedCallbackDev (node_modules/.pnpm/react-dom@18.3.1_react@18.3.1/node_modules/react-dom/cjs/react-dom.development.js:4213:16)
      at invokeGuardedCallback (node_modules/.pnpm/react-dom@18.3.1_react@18.3.1/node_modules/react-dom/cjs/react-dom.development.js:4277:31)
      at beginWork$1 (node_modules/.pnpm/react-dom@18.3.1_react@18.3.1/node_modules/react-dom/cjs/react-dom.development.js:27490:7)
      at performUnitOfWork (node_modules/.pnpm/react-dom@18.3.1_react@18.3.1/node_modules/react-dom/cjs/react-dom.development.js:26599:12)
      at workLoopSync (node_modules/.pnpm/react-dom@18.3.1_react@18.3.1/node_modules/react-dom/cjs/react-dom.development.js:26505:5)
      at renderRootSync (node_modules/.pnpm/react-dom@18.3.1_react@18.3.1/node_modules/react-dom/cjs/react-dom.development.js:26473:7)
      at performConcurrentWorkOnRoot (node_modules/.pnpm/react-dom@18.3.1_react@18.3.1/node_modules/react-dom/cjs/react-dom.development.js:25777:74)
      at flushActQueue (node_modules/.pnpm/react@18.3.1/node_modules/react/cjs/react.development.js:2667:24)
      at act (node_modules/.pnpm/react@18.3.1/node_modules/react/cjs/react.development.js:2582:11)
      at node_modules/.pnpm/@testing-library+react@16.3.0_@testing-library+dom@10.4.0_@types+react-dom@18.3.7_@type_efee5276f61270375aed4c032a71d5e5/node_modules/@testing-library/react/dist/act-compat.js:47:25
      at renderRoot (node_modules/.pnpm/@testing-library+react@16.3.0_@testing-library+dom@10.4.0_@types+react-dom@18.3.7_@type_efee5276f61270375aed4c032a71d5e5/node_modules/@testing-library/react/dist/pure.js:190:26)
      at render (node_modules/.pnpm/@testing-library+react@16.3.0_@testing-library+dom@10.4.0_@types+react-dom@18.3.7_@type_efee5276f61270375aed4c032a71d5e5/node_modules/@testing-library/react/dist/pure.js:292:10)
      at Object.<anonymous> (src/components/admin/dashboard/analytics/__tests__/StudentAnalytics.test.tsx:16:11)

    console.error
      TypeError: Cannot destructure property 'activeIndex' of '(0 , _hooks.useAppSelector)(...)' as it is undefined.
          at Tooltip (/Users/invoture/dev.local/hey-peter/node_modules/.pnpm/recharts@3.0.2_@types+react@18.3.23_react-dom@18.3.1_react@18.3.1__react-is@18.3.1_react@18.3.1_redux@5.0.1/node_modules/recharts/lib/component/Tooltip.js:107:5)
          at renderWithHooks (/Users/invoture/dev.local/hey-peter/node_modules/.pnpm/react-dom@18.3.1_react@18.3.1/node_modules/react-dom/cjs/react-dom.development.js:15486:18)
          at mountIndeterminateComponent (/Users/invoture/dev.local/hey-peter/node_modules/.pnpm/react-dom@18.3.1_react@18.3.1/node_modules/react-dom/cjs/react-dom.development.js:20103:13)
          at beginWork (/Users/invoture/dev.local/hey-peter/node_modules/.pnpm/react-dom@18.3.1_react@18.3.1/node_modules/react-dom/cjs/react-dom.development.js:21626:16)
          at beginWork$1 (/Users/invoture/dev.local/hey-peter/node_modules/.pnpm/react-dom@18.3.1_react@18.3.1/node_modules/react-dom/cjs/react-dom.development.js:27465:14)
          at performUnitOfWork (/Users/invoture/dev.local/hey-peter/node_modules/.pnpm/react-dom@18.3.1_react@18.3.1/node_modules/react-dom/cjs/react-dom.development.js:26599:12)
          at workLoopSync (/Users/invoture/dev.local/hey-peter/node_modules/.pnpm/react-dom@18.3.1_react@18.3.1/node_modules/react-dom/cjs/react-dom.development.js:26505:5)
          at renderRootSync (/Users/invoture/dev.local/hey-peter/node_modules/.pnpm/react-dom@18.3.1_react@18.3.1/node_modules/react-dom/cjs/react-dom.development.js:26473:7)
          at performConcurrentWorkOnRoot (/Users/invoture/dev.local/hey-peter/node_modules/.pnpm/react-dom@18.3.1_react@18.3.1/node_modules/react-dom/cjs/react-dom.development.js:25777:74)
          at flushActQueue (/Users/invoture/dev.local/hey-peter/node_modules/.pnpm/react@18.3.1/node_modules/react/cjs/react.development.js:2667:24)
          at act (/Users/invoture/dev.local/hey-peter/node_modules/.pnpm/react@18.3.1/node_modules/react/cjs/react.development.js:2582:11)
          at /Users/invoture/dev.local/hey-peter/node_modules/.pnpm/@testing-library+react@16.3.0_@testing-library+dom@10.4.0_@types+react-dom@18.3.7_@type_efee5276f61270375aed4c032a71d5e5/node_modules/@testing-library/react/dist/act-compat.js:47:25
          at renderRoot (/Users/invoture/dev.local/hey-peter/node_modules/.pnpm/@testing-library+react@16.3.0_@testing-library+dom@10.4.0_@types+react-dom@18.3.7_@type_efee5276f61270375aed4c032a71d5e5/node_modules/@testing-library/react/dist/pure.js:190:26)
          at render (/Users/invoture/dev.local/hey-peter/node_modules/.pnpm/@testing-library+react@16.3.0_@testing-library+dom@10.4.0_@types+react-dom@18.3.7_@type_efee5276f61270375aed4c032a71d5e5/node_modules/@testing-library/react/dist/pure.js:292:10)
          at Object.<anonymous> (/Users/invoture/dev.local/hey-peter/src/components/admin/dashboard/analytics/__tests__/StudentAnalytics.test.tsx:16:11)
          at Promise.finally.completed (/Users/invoture/dev.local/hey-peter/node_modules/.pnpm/jest-circus@30.0.2/node_modules/jest-circus/build/jestAdapterInit.js:1559:28)
          at new Promise (<anonymous>)
          at callAsyncCircusFn (/Users/invoture/dev.local/hey-peter/node_modules/.pnpm/jest-circus@30.0.2/node_modules/jest-circus/build/jestAdapterInit.js:1499:10)
          at _callCircusTest (/Users/invoture/dev.local/hey-peter/node_modules/.pnpm/jest-circus@30.0.2/node_modules/jest-circus/build/jestAdapterInit.js:1009:40)
          at processTicksAndRejections (node:internal/process/task_queues:95:5)
          at _runTest (/Users/invoture/dev.local/hey-peter/node_modules/.pnpm/jest-circus@30.0.2/node_modules/jest-circus/build/jestAdapterInit.js:949:3)
          at _runTestsForDescribeBlock (/Users/invoture/dev.local/hey-peter/node_modules/.pnpm/jest-circus@30.0.2/node_modules/jest-circus/build/jestAdapterInit.js:839:13)
          at _runTestsForDescribeBlock (/Users/invoture/dev.local/hey-peter/node_modules/.pnpm/jest-circus@30.0.2/node_modules/jest-circus/build/jestAdapterInit.js:829:11)
          at run (/Users/invoture/dev.local/hey-peter/node_modules/.pnpm/jest-circus@30.0.2/node_modules/jest-circus/build/jestAdapterInit.js:757:3)
          at runAndTransformResultsToJestFormat (/Users/invoture/dev.local/hey-peter/node_modules/.pnpm/jest-circus@30.0.2/node_modules/jest-circus/build/jestAdapterInit.js:1920:21)
          at jestAdapter (/Users/invoture/dev.local/hey-peter/node_modules/.pnpm/jest-circus@30.0.2/node_modules/jest-circus/build/runner.js:101:19)
          at runTestInternal (/Users/invoture/dev.local/hey-peter/node_modules/.pnpm/jest-runner@30.0.2/node_modules/jest-runner/build/testWorker.js:272:16)
          at runTest (/Users/invoture/dev.local/hey-peter/node_modules/.pnpm/jest-runner@30.0.2/node_modules/jest-runner/build/testWorker.js:340:7)
          at Object.worker (/Users/invoture/dev.local/hey-peter/node_modules/.pnpm/jest-runner@30.0.2/node_modules/jest-runner/build/testWorker.js:494:12)

      14 |
      15 |   it("renders the student analytics component", async () => {
    > 16 |     render(<StudentAnalytics />);
         |           ^
      17 |
      18 |     // Check for main title
      19 |     expect(screen.getByText("Student Analytics")).toBeInTheDocument();

      at defaultOnRecoverableError (node_modules/.pnpm/react-dom@18.3.1_react@18.3.1/node_modules/react-dom/cjs/react-dom.development.js:29317:19)
      at commitRootImpl (node_modules/.pnpm/react-dom@18.3.1_react@18.3.1/node_modules/react-dom/cjs/react-dom.development.js:26951:7)
      at commitRoot (node_modules/.pnpm/react-dom@18.3.1_react@18.3.1/node_modules/react-dom/cjs/react-dom.development.js:26721:5)
      at finishConcurrentRender (node_modules/.pnpm/react-dom@18.3.1_react@18.3.1/node_modules/react-dom/cjs/react-dom.development.js:26020:9)
      at performConcurrentWorkOnRoot (node_modules/.pnpm/react-dom@18.3.1_react@18.3.1/node_modules/react-dom/cjs/react-dom.development.js:25848:7)
      at flushActQueue (node_modules/.pnpm/react@18.3.1/node_modules/react/cjs/react.development.js:2667:24)
      at act (node_modules/.pnpm/react@18.3.1/node_modules/react/cjs/react.development.js:2582:11)
      at node_modules/.pnpm/@testing-library+react@16.3.0_@testing-library+dom@10.4.0_@types+react-dom@18.3.7_@type_efee5276f61270375aed4c032a71d5e5/node_modules/@testing-library/react/dist/act-compat.js:47:25
      at renderRoot (node_modules/.pnpm/@testing-library+react@16.3.0_@testing-library+dom@10.4.0_@types+react-dom@18.3.7_@type_efee5276f61270375aed4c032a71d5e5/node_modules/@testing-library/react/dist/pure.js:190:26)
      at render (node_modules/.pnpm/@testing-library+react@16.3.0_@testing-library+dom@10.4.0_@types+react-dom@18.3.7_@type_efee5276f61270375aed4c032a71d5e5/node_modules/@testing-library/react/dist/pure.js:292:10)
      at Object.<anonymous> (src/components/admin/dashboard/analytics/__tests__/StudentAnalytics.test.tsx:16:11)

    console.error
      Error: Uncaught [TypeError: Cannot destructure property 'activeIndex' of '(0 , _hooks.useAppSelector)(...)' as it is undefined.]
          at Object.<anonymous> (src/components/admin/dashboard/analytics/__tests__/StudentAnalytics.test.tsx:31:11)
          at new Promise (<anonymous>) {
        detail: TypeError: Cannot destructure property 'activeIndex' of '(0 , _hooks.useAppSelector)(...)' as it is undefined.
            at Tooltip (/Users/invoture/dev.local/hey-peter/node_modules/.pnpm/recharts@3.0.2_@types+react@18.3.23_react-dom@18.3.1_react@18.3.1__react-is@18.3.1_react@18.3.1_redux@5.0.1/node_modules/recharts/lib/component/Tooltip.js:107:5)
            at renderWithHooks (/Users/invoture/dev.local/hey-peter/node_modules/.pnpm/react-dom@18.3.1_react@18.3.1/node_modules/react-dom/cjs/react-dom.development.js:15486:18)
            at mountIndeterminateComponent (/Users/invoture/dev.local/hey-peter/node_modules/.pnpm/react-dom@18.3.1_react@18.3.1/node_modules/react-dom/cjs/react-dom.development.js:20103:13)
            at beginWork (/Users/invoture/dev.local/hey-peter/node_modules/.pnpm/react-dom@18.3.1_react@18.3.1/node_modules/react-dom/cjs/react-dom.development.js:21626:16)
            at HTMLUnknownElement.callCallback (/Users/invoture/dev.local/hey-peter/node_modules/.pnpm/react-dom@18.3.1_react@18.3.1/node_modules/react-dom/cjs/react-dom.development.js:4164:14)
            at HTMLUnknownElement.callTheUserObjectsOperation (/Users/invoture/dev.local/hey-peter/node_modules/.pnpm/jsdom@26.1.0/node_modules/jsdom/lib/jsdom/living/generated/EventListener.js:26:30)
            at innerInvokeEventListeners (/Users/invoture/dev.local/hey-peter/node_modules/.pnpm/jsdom@26.1.0/node_modules/jsdom/lib/jsdom/living/events/EventTarget-impl.js:350:25)
            at invokeEventListeners (/Users/invoture/dev.local/hey-peter/node_modules/.pnpm/jsdom@26.1.0/node_modules/jsdom/lib/jsdom/living/events/EventTarget-impl.js:286:3)
            at HTMLUnknownElementImpl._dispatch (/Users/invoture/dev.local/hey-peter/node_modules/.pnpm/jsdom@26.1.0/node_modules/jsdom/lib/jsdom/living/events/EventTarget-impl.js:233:9)
            at HTMLUnknownElementImpl.dispatchEvent (/Users/invoture/dev.local/hey-peter/node_modules/.pnpm/jsdom@26.1.0/node_modules/jsdom/lib/jsdom/living/events/EventTarget-impl.js:104:17)
            at HTMLUnknownElement.dispatchEvent (/Users/invoture/dev.local/hey-peter/node_modules/.pnpm/jsdom@26.1.0/node_modules/jsdom/lib/jsdom/living/generated/EventTarget.js:241:34)
            at Object.invokeGuardedCallbackDev (/Users/invoture/dev.local/hey-peter/node_modules/.pnpm/react-dom@18.3.1_react@18.3.1/node_modules/react-dom/cjs/react-dom.development.js:4213:16)
            at invokeGuardedCallback (/Users/invoture/dev.local/hey-peter/node_modules/.pnpm/react-dom@18.3.1_react@18.3.1/node_modules/react-dom/cjs/react-dom.development.js:4277:31)
            at beginWork$1 (/Users/invoture/dev.local/hey-peter/node_modules/.pnpm/react-dom@18.3.1_react@18.3.1/node_modules/react-dom/cjs/react-dom.development.js:27490:7)
            at performUnitOfWork (/Users/invoture/dev.local/hey-peter/node_modules/.pnpm/react-dom@18.3.1_react@18.3.1/node_modules/react-dom/cjs/react-dom.development.js:26599:12)
            at workLoopSync (/Users/invoture/dev.local/hey-peter/node_modules/.pnpm/react-dom@18.3.1_react@18.3.1/node_modules/react-dom/cjs/react-dom.development.js:26505:5)
            at renderRootSync (/Users/invoture/dev.local/hey-peter/node_modules/.pnpm/react-dom@18.3.1_react@18.3.1/node_modules/react-dom/cjs/react-dom.development.js:26473:7)
            at performConcurrentWorkOnRoot (/Users/invoture/dev.local/hey-peter/node_modules/.pnpm/react-dom@18.3.1_react@18.3.1/node_modules/react-dom/cjs/react-dom.development.js:25777:74)
            at flushActQueue (/Users/invoture/dev.local/hey-peter/node_modules/.pnpm/react@18.3.1/node_modules/react/cjs/react.development.js:2667:24)
            at act (/Users/invoture/dev.local/hey-peter/node_modules/.pnpm/react@18.3.1/node_modules/react/cjs/react.development.js:2582:11)
            at /Users/invoture/dev.local/hey-peter/node_modules/.pnpm/@testing-library+react@16.3.0_@testing-library+dom@10.4.0_@types+react-dom@18.3.7_@type_efee5276f61270375aed4c032a71d5e5/node_modules/@testing-library/react/dist/act-compat.js:47:25
            at renderRoot (/Users/invoture/dev.local/hey-peter/node_modules/.pnpm/@testing-library+react@16.3.0_@testing-library+dom@10.4.0_@types+react-dom@18.3.7_@type_efee5276f61270375aed4c032a71d5e5/node_modules/@testing-library/react/dist/pure.js:190:26)
            at render (/Users/invoture/dev.local/hey-peter/node_modules/.pnpm/@testing-library+react@16.3.0_@testing-library+dom@10.4.0_@types+react-dom@18.3.7_@type_efee5276f61270375aed4c032a71d5e5/node_modules/@testing-library/react/dist/pure.js:292:10)
            at Object.<anonymous> (/Users/invoture/dev.local/hey-peter/src/components/admin/dashboard/analytics/__tests__/StudentAnalytics.test.tsx:31:11)
            at Promise.finally.completed (/Users/invoture/dev.local/hey-peter/node_modules/.pnpm/jest-circus@30.0.2/node_modules/jest-circus/build/jestAdapterInit.js:1559:28)
            at new Promise (<anonymous>)
            at callAsyncCircusFn (/Users/invoture/dev.local/hey-peter/node_modules/.pnpm/jest-circus@30.0.2/node_modules/jest-circus/build/jestAdapterInit.js:1499:10)
            at _callCircusTest (/Users/invoture/dev.local/hey-peter/node_modules/.pnpm/jest-circus@30.0.2/node_modules/jest-circus/build/jestAdapterInit.js:1009:40)
            at _runTest (/Users/invoture/dev.local/hey-peter/node_modules/.pnpm/jest-circus@30.0.2/node_modules/jest-circus/build/jestAdapterInit.js:949:3)
            at _runTestsForDescribeBlock (/Users/invoture/dev.local/hey-peter/node_modules/.pnpm/jest-circus@30.0.2/node_modules/jest-circus/build/jestAdapterInit.js:839:13)
            at _runTestsForDescribeBlock (/Users/invoture/dev.local/hey-peter/node_modules/.pnpm/jest-circus@30.0.2/node_modules/jest-circus/build/jestAdapterInit.js:829:11)
            at run (/Users/invoture/dev.local/hey-peter/node_modules/.pnpm/jest-circus@30.0.2/node_modules/jest-circus/build/jestAdapterInit.js:757:3)
            at runAndTransformResultsToJestFormat (/Users/invoture/dev.local/hey-peter/node_modules/.pnpm/jest-circus@30.0.2/node_modules/jest-circus/build/jestAdapterInit.js:1920:21)
            at jestAdapter (/Users/invoture/dev.local/hey-peter/node_modules/.pnpm/jest-circus@30.0.2/node_modules/jest-circus/build/runner.js:101:19)
            at runTestInternal (/Users/invoture/dev.local/hey-peter/node_modules/.pnpm/jest-runner@30.0.2/node_modules/jest-runner/build/testWorker.js:272:16)
            at runTest (/Users/invoture/dev.local/hey-peter/node_modules/.pnpm/jest-runner@30.0.2/node_modules/jest-runner/build/testWorker.js:340:7)
            at Object.worker (/Users/invoture/dev.local/hey-peter/node_modules/.pnpm/jest-runner@30.0.2/node_modules/jest-runner/build/testWorker.js:494:12),
        type: 'unhandled exception'
      }

      29 |
      30 |   it("displays key metrics cards", async () => {
    > 31 |     render(<StudentAnalytics />);
         |           ^
      32 |
      33 |     await waitFor(() => {
      34 |       expect(screen.queryByRole("status")).not.toBeInTheDocument();

      at VirtualConsole.<anonymous> (node_modules/.pnpm/@jest+environment-jsdom-abstract@30.0.4_jsdom@26.1.0/node_modules/@jest/environment-jsdom-abstract/build/index.js:78:23)
      at reportException (node_modules/.pnpm/jsdom@26.1.0/node_modules/jsdom/lib/jsdom/living/helpers/runtime-script-errors.js:70:28)
      at innerInvokeEventListeners (node_modules/.pnpm/jsdom@26.1.0/node_modules/jsdom/lib/jsdom/living/events/EventTarget-impl.js:353:9)
      at invokeEventListeners (node_modules/.pnpm/jsdom@26.1.0/node_modules/jsdom/lib/jsdom/living/events/EventTarget-impl.js:286:3)
      at HTMLUnknownElementImpl._dispatch (node_modules/.pnpm/jsdom@26.1.0/node_modules/jsdom/lib/jsdom/living/events/EventTarget-impl.js:233:9)
      at HTMLUnknownElementImpl.dispatchEvent (node_modules/.pnpm/jsdom@26.1.0/node_modules/jsdom/lib/jsdom/living/events/EventTarget-impl.js:104:17)
      at HTMLUnknownElement.dispatchEvent (node_modules/.pnpm/jsdom@26.1.0/node_modules/jsdom/lib/jsdom/living/generated/EventTarget.js:241:34)
      at Object.invokeGuardedCallbackDev (node_modules/.pnpm/react-dom@18.3.1_react@18.3.1/node_modules/react-dom/cjs/react-dom.development.js:4213:16)
      at invokeGuardedCallback (node_modules/.pnpm/react-dom@18.3.1_react@18.3.1/node_modules/react-dom/cjs/react-dom.development.js:4277:31)
      at beginWork$1 (node_modules/.pnpm/react-dom@18.3.1_react@18.3.1/node_modules/react-dom/cjs/react-dom.development.js:27490:7)
      at performUnitOfWork (node_modules/.pnpm/react-dom@18.3.1_react@18.3.1/node_modules/react-dom/cjs/react-dom.development.js:26599:12)
      at workLoopSync (node_modules/.pnpm/react-dom@18.3.1_react@18.3.1/node_modules/react-dom/cjs/react-dom.development.js:26505:5)
      at renderRootSync (node_modules/.pnpm/react-dom@18.3.1_react@18.3.1/node_modules/react-dom/cjs/react-dom.development.js:26473:7)
      at performConcurrentWorkOnRoot (node_modules/.pnpm/react-dom@18.3.1_react@18.3.1/node_modules/react-dom/cjs/react-dom.development.js:25777:74)
      at flushActQueue (node_modules/.pnpm/react@18.3.1/node_modules/react/cjs/react.development.js:2667:24)
      at act (node_modules/.pnpm/react@18.3.1/node_modules/react/cjs/react.development.js:2582:11)
      at node_modules/.pnpm/@testing-library+react@16.3.0_@testing-library+dom@10.4.0_@types+react-dom@18.3.7_@type_efee5276f61270375aed4c032a71d5e5/node_modules/@testing-library/react/dist/act-compat.js:47:25
      at renderRoot (node_modules/.pnpm/@testing-library+react@16.3.0_@testing-library+dom@10.4.0_@types+react-dom@18.3.7_@type_efee5276f61270375aed4c032a71d5e5/node_modules/@testing-library/react/dist/pure.js:190:26)
      at render (node_modules/.pnpm/@testing-library+react@16.3.0_@testing-library+dom@10.4.0_@types+react-dom@18.3.7_@type_efee5276f61270375aed4c032a71d5e5/node_modules/@testing-library/react/dist/pure.js:292:10)
      at Object.<anonymous> (src/components/admin/dashboard/analytics/__tests__/StudentAnalytics.test.tsx:31:11)

    console.error
      TypeError: Cannot destructure property 'activeIndex' of '(0 , _hooks.useAppSelector)(...)' as it is undefined.
          at Tooltip (/Users/invoture/dev.local/hey-peter/node_modules/.pnpm/recharts@3.0.2_@types+react@18.3.23_react-dom@18.3.1_react@18.3.1__react-is@18.3.1_react@18.3.1_redux@5.0.1/node_modules/recharts/lib/component/Tooltip.js:107:5)
          at renderWithHooks (/Users/invoture/dev.local/hey-peter/node_modules/.pnpm/react-dom@18.3.1_react@18.3.1/node_modules/react-dom/cjs/react-dom.development.js:15486:18)
          at mountIndeterminateComponent (/Users/invoture/dev.local/hey-peter/node_modules/.pnpm/react-dom@18.3.1_react@18.3.1/node_modules/react-dom/cjs/react-dom.development.js:20103:13)
          at beginWork (/Users/invoture/dev.local/hey-peter/node_modules/.pnpm/react-dom@18.3.1_react@18.3.1/node_modules/react-dom/cjs/react-dom.development.js:21626:16)
          at beginWork$1 (/Users/invoture/dev.local/hey-peter/node_modules/.pnpm/react-dom@18.3.1_react@18.3.1/node_modules/react-dom/cjs/react-dom.development.js:27465:14)
          at performUnitOfWork (/Users/invoture/dev.local/hey-peter/node_modules/.pnpm/react-dom@18.3.1_react@18.3.1/node_modules/react-dom/cjs/react-dom.development.js:26599:12)
          at workLoopSync (/Users/invoture/dev.local/hey-peter/node_modules/.pnpm/react-dom@18.3.1_react@18.3.1/node_modules/react-dom/cjs/react-dom.development.js:26505:5)
          at renderRootSync (/Users/invoture/dev.local/hey-peter/node_modules/.pnpm/react-dom@18.3.1_react@18.3.1/node_modules/react-dom/cjs/react-dom.development.js:26473:7)
          at performConcurrentWorkOnRoot (/Users/invoture/dev.local/hey-peter/node_modules/.pnpm/react-dom@18.3.1_react@18.3.1/node_modules/react-dom/cjs/react-dom.development.js:25777:74)
          at flushActQueue (/Users/invoture/dev.local/hey-peter/node_modules/.pnpm/react@18.3.1/node_modules/react/cjs/react.development.js:2667:24)
          at act (/Users/invoture/dev.local/hey-peter/node_modules/.pnpm/react@18.3.1/node_modules/react/cjs/react.development.js:2582:11)
          at /Users/invoture/dev.local/hey-peter/node_modules/.pnpm/@testing-library+react@16.3.0_@testing-library+dom@10.4.0_@types+react-dom@18.3.7_@type_efee5276f61270375aed4c032a71d5e5/node_modules/@testing-library/react/dist/act-compat.js:47:25
          at renderRoot (/Users/invoture/dev.local/hey-peter/node_modules/.pnpm/@testing-library+react@16.3.0_@testing-library+dom@10.4.0_@types+react-dom@18.3.7_@type_efee5276f61270375aed4c032a71d5e5/node_modules/@testing-library/react/dist/pure.js:190:26)
          at render (/Users/invoture/dev.local/hey-peter/node_modules/.pnpm/@testing-library+react@16.3.0_@testing-library+dom@10.4.0_@types+react-dom@18.3.7_@type_efee5276f61270375aed4c032a71d5e5/node_modules/@testing-library/react/dist/pure.js:292:10)
          at Object.<anonymous> (/Users/invoture/dev.local/hey-peter/src/components/admin/dashboard/analytics/__tests__/StudentAnalytics.test.tsx:31:11)
          at Promise.finally.completed (/Users/invoture/dev.local/hey-peter/node_modules/.pnpm/jest-circus@30.0.2/node_modules/jest-circus/build/jestAdapterInit.js:1559:28)
          at new Promise (<anonymous>)
          at callAsyncCircusFn (/Users/invoture/dev.local/hey-peter/node_modules/.pnpm/jest-circus@30.0.2/node_modules/jest-circus/build/jestAdapterInit.js:1499:10)
          at _callCircusTest (/Users/invoture/dev.local/hey-peter/node_modules/.pnpm/jest-circus@30.0.2/node_modules/jest-circus/build/jestAdapterInit.js:1009:40)
          at _runTest (/Users/invoture/dev.local/hey-peter/node_modules/.pnpm/jest-circus@30.0.2/node_modules/jest-circus/build/jestAdapterInit.js:949:3)
          at _runTestsForDescribeBlock (/Users/invoture/dev.local/hey-peter/node_modules/.pnpm/jest-circus@30.0.2/node_modules/jest-circus/build/jestAdapterInit.js:839:13)
          at _runTestsForDescribeBlock (/Users/invoture/dev.local/hey-peter/node_modules/.pnpm/jest-circus@30.0.2/node_modules/jest-circus/build/jestAdapterInit.js:829:11)
          at run (/Users/invoture/dev.local/hey-peter/node_modules/.pnpm/jest-circus@30.0.2/node_modules/jest-circus/build/jestAdapterInit.js:757:3)
          at runAndTransformResultsToJestFormat (/Users/invoture/dev.local/hey-peter/node_modules/.pnpm/jest-circus@30.0.2/node_modules/jest-circus/build/jestAdapterInit.js:1920:21)
          at jestAdapter (/Users/invoture/dev.local/hey-peter/node_modules/.pnpm/jest-circus@30.0.2/node_modules/jest-circus/build/runner.js:101:19)
          at runTestInternal (/Users/invoture/dev.local/hey-peter/node_modules/.pnpm/jest-runner@30.0.2/node_modules/jest-runner/build/testWorker.js:272:16)
          at runTest (/Users/invoture/dev.local/hey-peter/node_modules/.pnpm/jest-runner@30.0.2/node_modules/jest-runner/build/testWorker.js:340:7)
          at Object.worker (/Users/invoture/dev.local/hey-peter/node_modules/.pnpm/jest-runner@30.0.2/node_modules/jest-runner/build/testWorker.js:494:12)

      29 |
      30 |   it("displays key metrics cards", async () => {
    > 31 |     render(<StudentAnalytics />);
         |           ^
      32 |
      33 |     await waitFor(() => {
      34 |       expect(screen.queryByRole("status")).not.toBeInTheDocument();

      at defaultOnRecoverableError (node_modules/.pnpm/react-dom@18.3.1_react@18.3.1/node_modules/react-dom/cjs/react-dom.development.js:29317:19)
      at commitRootImpl (node_modules/.pnpm/react-dom@18.3.1_react@18.3.1/node_modules/react-dom/cjs/react-dom.development.js:26951:7)
      at commitRoot (node_modules/.pnpm/react-dom@18.3.1_react@18.3.1/node_modules/react-dom/cjs/react-dom.development.js:26721:5)
      at finishConcurrentRender (node_modules/.pnpm/react-dom@18.3.1_react@18.3.1/node_modules/react-dom/cjs/react-dom.development.js:26020:9)
      at performConcurrentWorkOnRoot (node_modules/.pnpm/react-dom@18.3.1_react@18.3.1/node_modules/react-dom/cjs/react-dom.development.js:25848:7)
      at flushActQueue (node_modules/.pnpm/react@18.3.1/node_modules/react/cjs/react.development.js:2667:24)
      at act (node_modules/.pnpm/react@18.3.1/node_modules/react/cjs/react.development.js:2582:11)
      at node_modules/.pnpm/@testing-library+react@16.3.0_@testing-library+dom@10.4.0_@types+react-dom@18.3.7_@type_efee5276f61270375aed4c032a71d5e5/node_modules/@testing-library/react/dist/act-compat.js:47:25
      at renderRoot (node_modules/.pnpm/@testing-library+react@16.3.0_@testing-library+dom@10.4.0_@types+react-dom@18.3.7_@type_efee5276f61270375aed4c032a71d5e5/node_modules/@testing-library/react/dist/pure.js:190:26)
      at render (node_modules/.pnpm/@testing-library+react@16.3.0_@testing-library+dom@10.4.0_@types+react-dom@18.3.7_@type_efee5276f61270375aed4c032a71d5e5/node_modules/@testing-library/react/dist/pure.js:292:10)
      at Object.<anonymous> (src/components/admin/dashboard/analytics/__tests__/StudentAnalytics.test.tsx:31:11)

    console.error
      Error: Uncaught [TypeError: Cannot destructure property 'activeIndex' of '(0 , _hooks.useAppSelector)(...)' as it is undefined.]
          at Object.<anonymous> (src/components/admin/dashboard/analytics/__tests__/StudentAnalytics.test.tsx:45:11)
          at new Promise (<anonymous>) {
        detail: TypeError: Cannot destructure property 'activeIndex' of '(0 , _hooks.useAppSelector)(...)' as it is undefined.
            at Tooltip (/Users/invoture/dev.local/hey-peter/node_modules/.pnpm/recharts@3.0.2_@types+react@18.3.23_react-dom@18.3.1_react@18.3.1__react-is@18.3.1_react@18.3.1_redux@5.0.1/node_modules/recharts/lib/component/Tooltip.js:107:5)
            at renderWithHooks (/Users/invoture/dev.local/hey-peter/node_modules/.pnpm/react-dom@18.3.1_react@18.3.1/node_modules/react-dom/cjs/react-dom.development.js:15486:18)
            at mountIndeterminateComponent (/Users/invoture/dev.local/hey-peter/node_modules/.pnpm/react-dom@18.3.1_react@18.3.1/node_modules/react-dom/cjs/react-dom.development.js:20103:13)
            at beginWork (/Users/invoture/dev.local/hey-peter/node_modules/.pnpm/react-dom@18.3.1_react@18.3.1/node_modules/react-dom/cjs/react-dom.development.js:21626:16)
            at HTMLUnknownElement.callCallback (/Users/invoture/dev.local/hey-peter/node_modules/.pnpm/react-dom@18.3.1_react@18.3.1/node_modules/react-dom/cjs/react-dom.development.js:4164:14)
            at HTMLUnknownElement.callTheUserObjectsOperation (/Users/invoture/dev.local/hey-peter/node_modules/.pnpm/jsdom@26.1.0/node_modules/jsdom/lib/jsdom/living/generated/EventListener.js:26:30)
            at innerInvokeEventListeners (/Users/invoture/dev.local/hey-peter/node_modules/.pnpm/jsdom@26.1.0/node_modules/jsdom/lib/jsdom/living/events/EventTarget-impl.js:350:25)
            at invokeEventListeners (/Users/invoture/dev.local/hey-peter/node_modules/.pnpm/jsdom@26.1.0/node_modules/jsdom/lib/jsdom/living/events/EventTarget-impl.js:286:3)
            at HTMLUnknownElementImpl._dispatch (/Users/invoture/dev.local/hey-peter/node_modules/.pnpm/jsdom@26.1.0/node_modules/jsdom/lib/jsdom/living/events/EventTarget-impl.js:233:9)
            at HTMLUnknownElementImpl.dispatchEvent (/Users/invoture/dev.local/hey-peter/node_modules/.pnpm/jsdom@26.1.0/node_modules/jsdom/lib/jsdom/living/events/EventTarget-impl.js:104:17)
            at HTMLUnknownElement.dispatchEvent (/Users/invoture/dev.local/hey-peter/node_modules/.pnpm/jsdom@26.1.0/node_modules/jsdom/lib/jsdom/living/generated/EventTarget.js:241:34)
            at Object.invokeGuardedCallbackDev (/Users/invoture/dev.local/hey-peter/node_modules/.pnpm/react-dom@18.3.1_react@18.3.1/node_modules/react-dom/cjs/react-dom.development.js:4213:16)
            at invokeGuardedCallback (/Users/invoture/dev.local/hey-peter/node_modules/.pnpm/react-dom@18.3.1_react@18.3.1/node_modules/react-dom/cjs/react-dom.development.js:4277:31)
            at beginWork$1 (/Users/invoture/dev.local/hey-peter/node_modules/.pnpm/react-dom@18.3.1_react@18.3.1/node_modules/react-dom/cjs/react-dom.development.js:27490:7)
            at performUnitOfWork (/Users/invoture/dev.local/hey-peter/node_modules/.pnpm/react-dom@18.3.1_react@18.3.1/node_modules/react-dom/cjs/react-dom.development.js:26599:12)
            at workLoopSync (/Users/invoture/dev.local/hey-peter/node_modules/.pnpm/react-dom@18.3.1_react@18.3.1/node_modules/react-dom/cjs/react-dom.development.js:26505:5)
            at renderRootSync (/Users/invoture/dev.local/hey-peter/node_modules/.pnpm/react-dom@18.3.1_react@18.3.1/node_modules/react-dom/cjs/react-dom.development.js:26473:7)
            at performConcurrentWorkOnRoot (/Users/invoture/dev.local/hey-peter/node_modules/.pnpm/react-dom@18.3.1_react@18.3.1/node_modules/react-dom/cjs/react-dom.development.js:25777:74)
            at flushActQueue (/Users/invoture/dev.local/hey-peter/node_modules/.pnpm/react@18.3.1/node_modules/react/cjs/react.development.js:2667:24)
            at act (/Users/invoture/dev.local/hey-peter/node_modules/.pnpm/react@18.3.1/node_modules/react/cjs/react.development.js:2582:11)
            at /Users/invoture/dev.local/hey-peter/node_modules/.pnpm/@testing-library+react@16.3.0_@testing-library+dom@10.4.0_@types+react-dom@18.3.7_@type_efee5276f61270375aed4c032a71d5e5/node_modules/@testing-library/react/dist/act-compat.js:47:25
            at renderRoot (/Users/invoture/dev.local/hey-peter/node_modules/.pnpm/@testing-library+react@16.3.0_@testing-library+dom@10.4.0_@types+react-dom@18.3.7_@type_efee5276f61270375aed4c032a71d5e5/node_modules/@testing-library/react/dist/pure.js:190:26)
            at render (/Users/invoture/dev.local/hey-peter/node_modules/.pnpm/@testing-library+react@16.3.0_@testing-library+dom@10.4.0_@types+react-dom@18.3.7_@type_efee5276f61270375aed4c032a71d5e5/node_modules/@testing-library/react/dist/pure.js:292:10)
            at Object.<anonymous> (/Users/invoture/dev.local/hey-peter/src/components/admin/dashboard/analytics/__tests__/StudentAnalytics.test.tsx:45:11)
            at Promise.finally.completed (/Users/invoture/dev.local/hey-peter/node_modules/.pnpm/jest-circus@30.0.2/node_modules/jest-circus/build/jestAdapterInit.js:1559:28)
            at new Promise (<anonymous>)
            at callAsyncCircusFn (/Users/invoture/dev.local/hey-peter/node_modules/.pnpm/jest-circus@30.0.2/node_modules/jest-circus/build/jestAdapterInit.js:1499:10)
            at _callCircusTest (/Users/invoture/dev.local/hey-peter/node_modules/.pnpm/jest-circus@30.0.2/node_modules/jest-circus/build/jestAdapterInit.js:1009:40)
            at _runTest (/Users/invoture/dev.local/hey-peter/node_modules/.pnpm/jest-circus@30.0.2/node_modules/jest-circus/build/jestAdapterInit.js:949:3)
            at _runTestsForDescribeBlock (/Users/invoture/dev.local/hey-peter/node_modules/.pnpm/jest-circus@30.0.2/node_modules/jest-circus/build/jestAdapterInit.js:839:13)
            at _runTestsForDescribeBlock (/Users/invoture/dev.local/hey-peter/node_modules/.pnpm/jest-circus@30.0.2/node_modules/jest-circus/build/jestAdapterInit.js:829:11)
            at run (/Users/invoture/dev.local/hey-peter/node_modules/.pnpm/jest-circus@30.0.2/node_modules/jest-circus/build/jestAdapterInit.js:757:3)
            at runAndTransformResultsToJestFormat (/Users/invoture/dev.local/hey-peter/node_modules/.pnpm/jest-circus@30.0.2/node_modules/jest-circus/build/jestAdapterInit.js:1920:21)
            at jestAdapter (/Users/invoture/dev.local/hey-peter/node_modules/.pnpm/jest-circus@30.0.2/node_modules/jest-circus/build/runner.js:101:19)
            at runTestInternal (/Users/invoture/dev.local/hey-peter/node_modules/.pnpm/jest-runner@30.0.2/node_modules/jest-runner/build/testWorker.js:272:16)
            at runTest (/Users/invoture/dev.local/hey-peter/node_modules/.pnpm/jest-runner@30.0.2/node_modules/jest-runner/build/testWorker.js:340:7)
            at Object.worker (/Users/invoture/dev.local/hey-peter/node_modules/.pnpm/jest-runner@30.0.2/node_modules/jest-runner/build/testWorker.js:494:12),
        type: 'unhandled exception'
      }

      43 |
      44 |   it("shows timeframe selection buttons", async () => {
    > 45 |     render(<StudentAnalytics />);
         |           ^
      46 |
      47 |     await waitFor(() => {
      48 |       expect(screen.queryByRole("status")).not.toBeInTheDocument();

      at VirtualConsole.<anonymous> (node_modules/.pnpm/@jest+environment-jsdom-abstract@30.0.4_jsdom@26.1.0/node_modules/@jest/environment-jsdom-abstract/build/index.js:78:23)
      at reportException (node_modules/.pnpm/jsdom@26.1.0/node_modules/jsdom/lib/jsdom/living/helpers/runtime-script-errors.js:70:28)
      at innerInvokeEventListeners (node_modules/.pnpm/jsdom@26.1.0/node_modules/jsdom/lib/jsdom/living/events/EventTarget-impl.js:353:9)
      at invokeEventListeners (node_modules/.pnpm/jsdom@26.1.0/node_modules/jsdom/lib/jsdom/living/events/EventTarget-impl.js:286:3)
      at HTMLUnknownElementImpl._dispatch (node_modules/.pnpm/jsdom@26.1.0/node_modules/jsdom/lib/jsdom/living/events/EventTarget-impl.js:233:9)
      at HTMLUnknownElementImpl.dispatchEvent (node_modules/.pnpm/jsdom@26.1.0/node_modules/jsdom/lib/jsdom/living/events/EventTarget-impl.js:104:17)
      at HTMLUnknownElement.dispatchEvent (node_modules/.pnpm/jsdom@26.1.0/node_modules/jsdom/lib/jsdom/living/generated/EventTarget.js:241:34)
      at Object.invokeGuardedCallbackDev (node_modules/.pnpm/react-dom@18.3.1_react@18.3.1/node_modules/react-dom/cjs/react-dom.development.js:4213:16)
      at invokeGuardedCallback (node_modules/.pnpm/react-dom@18.3.1_react@18.3.1/node_modules/react-dom/cjs/react-dom.development.js:4277:31)
      at beginWork$1 (node_modules/.pnpm/react-dom@18.3.1_react@18.3.1/node_modules/react-dom/cjs/react-dom.development.js:27490:7)
      at performUnitOfWork (node_modules/.pnpm/react-dom@18.3.1_react@18.3.1/node_modules/react-dom/cjs/react-dom.development.js:26599:12)
      at workLoopSync (node_modules/.pnpm/react-dom@18.3.1_react@18.3.1/node_modules/react-dom/cjs/react-dom.development.js:26505:5)
      at renderRootSync (node_modules/.pnpm/react-dom@18.3.1_react@18.3.1/node_modules/react-dom/cjs/react-dom.development.js:26473:7)
      at performConcurrentWorkOnRoot (node_modules/.pnpm/react-dom@18.3.1_react@18.3.1/node_modules/react-dom/cjs/react-dom.development.js:25777:74)
      at flushActQueue (node_modules/.pnpm/react@18.3.1/node_modules/react/cjs/react.development.js:2667:24)
      at act (node_modules/.pnpm/react@18.3.1/node_modules/react/cjs/react.development.js:2582:11)
      at node_modules/.pnpm/@testing-library+react@16.3.0_@testing-library+dom@10.4.0_@types+react-dom@18.3.7_@type_efee5276f61270375aed4c032a71d5e5/node_modules/@testing-library/react/dist/act-compat.js:47:25
      at renderRoot (node_modules/.pnpm/@testing-library+react@16.3.0_@testing-library+dom@10.4.0_@types+react-dom@18.3.7_@type_efee5276f61270375aed4c032a71d5e5/node_modules/@testing-library/react/dist/pure.js:190:26)
      at render (node_modules/.pnpm/@testing-library+react@16.3.0_@testing-library+dom@10.4.0_@types+react-dom@18.3.7_@type_efee5276f61270375aed4c032a71d5e5/node_modules/@testing-library/react/dist/pure.js:292:10)
      at Object.<anonymous> (src/components/admin/dashboard/analytics/__tests__/StudentAnalytics.test.tsx:45:11)

    console.error
      TypeError: Cannot destructure property 'activeIndex' of '(0 , _hooks.useAppSelector)(...)' as it is undefined.
          at Tooltip (/Users/invoture/dev.local/hey-peter/node_modules/.pnpm/recharts@3.0.2_@types+react@18.3.23_react-dom@18.3.1_react@18.3.1__react-is@18.3.1_react@18.3.1_redux@5.0.1/node_modules/recharts/lib/component/Tooltip.js:107:5)
          at renderWithHooks (/Users/invoture/dev.local/hey-peter/node_modules/.pnpm/react-dom@18.3.1_react@18.3.1/node_modules/react-dom/cjs/react-dom.development.js:15486:18)
          at mountIndeterminateComponent (/Users/invoture/dev.local/hey-peter/node_modules/.pnpm/react-dom@18.3.1_react@18.3.1/node_modules/react-dom/cjs/react-dom.development.js:20103:13)
          at beginWork (/Users/invoture/dev.local/hey-peter/node_modules/.pnpm/react-dom@18.3.1_react@18.3.1/node_modules/react-dom/cjs/react-dom.development.js:21626:16)
          at beginWork$1 (/Users/invoture/dev.local/hey-peter/node_modules/.pnpm/react-dom@18.3.1_react@18.3.1/node_modules/react-dom/cjs/react-dom.development.js:27465:14)
          at performUnitOfWork (/Users/invoture/dev.local/hey-peter/node_modules/.pnpm/react-dom@18.3.1_react@18.3.1/node_modules/react-dom/cjs/react-dom.development.js:26599:12)
          at workLoopSync (/Users/invoture/dev.local/hey-peter/node_modules/.pnpm/react-dom@18.3.1_react@18.3.1/node_modules/react-dom/cjs/react-dom.development.js:26505:5)
          at renderRootSync (/Users/invoture/dev.local/hey-peter/node_modules/.pnpm/react-dom@18.3.1_react@18.3.1/node_modules/react-dom/cjs/react-dom.development.js:26473:7)
          at performConcurrentWorkOnRoot (/Users/invoture/dev.local/hey-peter/node_modules/.pnpm/react-dom@18.3.1_react@18.3.1/node_modules/react-dom/cjs/react-dom.development.js:25777:74)
          at flushActQueue (/Users/invoture/dev.local/hey-peter/node_modules/.pnpm/react@18.3.1/node_modules/react/cjs/react.development.js:2667:24)
          at act (/Users/invoture/dev.local/hey-peter/node_modules/.pnpm/react@18.3.1/node_modules/react/cjs/react.development.js:2582:11)
          at /Users/invoture/dev.local/hey-peter/node_modules/.pnpm/@testing-library+react@16.3.0_@testing-library+dom@10.4.0_@types+react-dom@18.3.7_@type_efee5276f61270375aed4c032a71d5e5/node_modules/@testing-library/react/dist/act-compat.js:47:25
          at renderRoot (/Users/invoture/dev.local/hey-peter/node_modules/.pnpm/@testing-library+react@16.3.0_@testing-library+dom@10.4.0_@types+react-dom@18.3.7_@type_efee5276f61270375aed4c032a71d5e5/node_modules/@testing-library/react/dist/pure.js:190:26)
          at render (/Users/invoture/dev.local/hey-peter/node_modules/.pnpm/@testing-library+react@16.3.0_@testing-library+dom@10.4.0_@types+react-dom@18.3.7_@type_efee5276f61270375aed4c032a71d5e5/node_modules/@testing-library/react/dist/pure.js:292:10)
          at Object.<anonymous> (/Users/invoture/dev.local/hey-peter/src/components/admin/dashboard/analytics/__tests__/StudentAnalytics.test.tsx:45:11)
          at Promise.finally.completed (/Users/invoture/dev.local/hey-peter/node_modules/.pnpm/jest-circus@30.0.2/node_modules/jest-circus/build/jestAdapterInit.js:1559:28)
          at new Promise (<anonymous>)
          at callAsyncCircusFn (/Users/invoture/dev.local/hey-peter/node_modules/.pnpm/jest-circus@30.0.2/node_modules/jest-circus/build/jestAdapterInit.js:1499:10)
          at _callCircusTest (/Users/invoture/dev.local/hey-peter/node_modules/.pnpm/jest-circus@30.0.2/node_modules/jest-circus/build/jestAdapterInit.js:1009:40)
          at _runTest (/Users/invoture/dev.local/hey-peter/node_modules/.pnpm/jest-circus@30.0.2/node_modules/jest-circus/build/jestAdapterInit.js:949:3)
          at _runTestsForDescribeBlock (/Users/invoture/dev.local/hey-peter/node_modules/.pnpm/jest-circus@30.0.2/node_modules/jest-circus/build/jestAdapterInit.js:839:13)
          at _runTestsForDescribeBlock (/Users/invoture/dev.local/hey-peter/node_modules/.pnpm/jest-circus@30.0.2/node_modules/jest-circus/build/jestAdapterInit.js:829:11)
          at run (/Users/invoture/dev.local/hey-peter/node_modules/.pnpm/jest-circus@30.0.2/node_modules/jest-circus/build/jestAdapterInit.js:757:3)
          at runAndTransformResultsToJestFormat (/Users/invoture/dev.local/hey-peter/node_modules/.pnpm/jest-circus@30.0.2/node_modules/jest-circus/build/jestAdapterInit.js:1920:21)
          at jestAdapter (/Users/invoture/dev.local/hey-peter/node_modules/.pnpm/jest-circus@30.0.2/node_modules/jest-circus/build/runner.js:101:19)
          at runTestInternal (/Users/invoture/dev.local/hey-peter/node_modules/.pnpm/jest-runner@30.0.2/node_modules/jest-runner/build/testWorker.js:272:16)
          at runTest (/Users/invoture/dev.local/hey-peter/node_modules/.pnpm/jest-runner@30.0.2/node_modules/jest-runner/build/testWorker.js:340:7)
          at Object.worker (/Users/invoture/dev.local/hey-peter/node_modules/.pnpm/jest-runner@30.0.2/node_modules/jest-runner/build/testWorker.js:494:12)

      43 |
      44 |   it("shows timeframe selection buttons", async () => {
    > 45 |     render(<StudentAnalytics />);
         |           ^
      46 |
      47 |     await waitFor(() => {
      48 |       expect(screen.queryByRole("status")).not.toBeInTheDocument();

      at defaultOnRecoverableError (node_modules/.pnpm/react-dom@18.3.1_react@18.3.1/node_modules/react-dom/cjs/react-dom.development.js:29317:19)
      at commitRootImpl (node_modules/.pnpm/react-dom@18.3.1_react@18.3.1/node_modules/react-dom/cjs/react-dom.development.js:26951:7)
      at commitRoot (node_modules/.pnpm/react-dom@18.3.1_react@18.3.1/node_modules/react-dom/cjs/react-dom.development.js:26721:5)
      at finishConcurrentRender (node_modules/.pnpm/react-dom@18.3.1_react@18.3.1/node_modules/react-dom/cjs/react-dom.development.js:26020:9)
      at performConcurrentWorkOnRoot (node_modules/.pnpm/react-dom@18.3.1_react@18.3.1/node_modules/react-dom/cjs/react-dom.development.js:25848:7)
      at flushActQueue (node_modules/.pnpm/react@18.3.1/node_modules/react/cjs/react.development.js:2667:24)
      at act (node_modules/.pnpm/react@18.3.1/node_modules/react/cjs/react.development.js:2582:11)
      at node_modules/.pnpm/@testing-library+react@16.3.0_@testing-library+dom@10.4.0_@types+react-dom@18.3.7_@type_efee5276f61270375aed4c032a71d5e5/node_modules/@testing-library/react/dist/act-compat.js:47:25
      at renderRoot (node_modules/.pnpm/@testing-library+react@16.3.0_@testing-library+dom@10.4.0_@types+react-dom@18.3.7_@type_efee5276f61270375aed4c032a71d5e5/node_modules/@testing-library/react/dist/pure.js:190:26)
      at render (node_modules/.pnpm/@testing-library+react@16.3.0_@testing-library+dom@10.4.0_@types+react-dom@18.3.7_@type_efee5276f61270375aed4c032a71d5e5/node_modules/@testing-library/react/dist/pure.js:292:10)
      at Object.<anonymous> (src/components/admin/dashboard/analytics/__tests__/StudentAnalytics.test.tsx:45:11)

    console.error
      Error: Uncaught [TypeError: Cannot destructure property 'activeIndex' of '(0 , _hooks.useAppSelector)(...)' as it is undefined.]
          at Object.<anonymous> (src/components/admin/dashboard/analytics/__tests__/StudentAnalytics.test.tsx:58:11)
          at new Promise (<anonymous>) {
        detail: TypeError: Cannot destructure property 'activeIndex' of '(0 , _hooks.useAppSelector)(...)' as it is undefined.
            at Tooltip (/Users/invoture/dev.local/hey-peter/node_modules/.pnpm/recharts@3.0.2_@types+react@18.3.23_react-dom@18.3.1_react@18.3.1__react-is@18.3.1_react@18.3.1_redux@5.0.1/node_modules/recharts/lib/component/Tooltip.js:107:5)
            at renderWithHooks (/Users/invoture/dev.local/hey-peter/node_modules/.pnpm/react-dom@18.3.1_react@18.3.1/node_modules/react-dom/cjs/react-dom.development.js:15486:18)
            at mountIndeterminateComponent (/Users/invoture/dev.local/hey-peter/node_modules/.pnpm/react-dom@18.3.1_react@18.3.1/node_modules/react-dom/cjs/react-dom.development.js:20103:13)
            at beginWork (/Users/invoture/dev.local/hey-peter/node_modules/.pnpm/react-dom@18.3.1_react@18.3.1/node_modules/react-dom/cjs/react-dom.development.js:21626:16)
            at HTMLUnknownElement.callCallback (/Users/invoture/dev.local/hey-peter/node_modules/.pnpm/react-dom@18.3.1_react@18.3.1/node_modules/react-dom/cjs/react-dom.development.js:4164:14)
            at HTMLUnknownElement.callTheUserObjectsOperation (/Users/invoture/dev.local/hey-peter/node_modules/.pnpm/jsdom@26.1.0/node_modules/jsdom/lib/jsdom/living/generated/EventListener.js:26:30)
            at innerInvokeEventListeners (/Users/invoture/dev.local/hey-peter/node_modules/.pnpm/jsdom@26.1.0/node_modules/jsdom/lib/jsdom/living/events/EventTarget-impl.js:350:25)
            at invokeEventListeners (/Users/invoture/dev.local/hey-peter/node_modules/.pnpm/jsdom@26.1.0/node_modules/jsdom/lib/jsdom/living/events/EventTarget-impl.js:286:3)
            at HTMLUnknownElementImpl._dispatch (/Users/invoture/dev.local/hey-peter/node_modules/.pnpm/jsdom@26.1.0/node_modules/jsdom/lib/jsdom/living/events/EventTarget-impl.js:233:9)
            at HTMLUnknownElementImpl.dispatchEvent (/Users/invoture/dev.local/hey-peter/node_modules/.pnpm/jsdom@26.1.0/node_modules/jsdom/lib/jsdom/living/events/EventTarget-impl.js:104:17)
            at HTMLUnknownElement.dispatchEvent (/Users/invoture/dev.local/hey-peter/node_modules/.pnpm/jsdom@26.1.0/node_modules/jsdom/lib/jsdom/living/generated/EventTarget.js:241:34)
            at Object.invokeGuardedCallbackDev (/Users/invoture/dev.local/hey-peter/node_modules/.pnpm/react-dom@18.3.1_react@18.3.1/node_modules/react-dom/cjs/react-dom.development.js:4213:16)
            at invokeGuardedCallback (/Users/invoture/dev.local/hey-peter/node_modules/.pnpm/react-dom@18.3.1_react@18.3.1/node_modules/react-dom/cjs/react-dom.development.js:4277:31)
            at beginWork$1 (/Users/invoture/dev.local/hey-peter/node_modules/.pnpm/react-dom@18.3.1_react@18.3.1/node_modules/react-dom/cjs/react-dom.development.js:27490:7)
            at performUnitOfWork (/Users/invoture/dev.local/hey-peter/node_modules/.pnpm/react-dom@18.3.1_react@18.3.1/node_modules/react-dom/cjs/react-dom.development.js:26599:12)
            at workLoopSync (/Users/invoture/dev.local/hey-peter/node_modules/.pnpm/react-dom@18.3.1_react@18.3.1/node_modules/react-dom/cjs/react-dom.development.js:26505:5)
            at renderRootSync (/Users/invoture/dev.local/hey-peter/node_modules/.pnpm/react-dom@18.3.1_react@18.3.1/node_modules/react-dom/cjs/react-dom.development.js:26473:7)
            at performConcurrentWorkOnRoot (/Users/invoture/dev.local/hey-peter/node_modules/.pnpm/react-dom@18.3.1_react@18.3.1/node_modules/react-dom/cjs/react-dom.development.js:25777:74)
            at flushActQueue (/Users/invoture/dev.local/hey-peter/node_modules/.pnpm/react@18.3.1/node_modules/react/cjs/react.development.js:2667:24)
            at act (/Users/invoture/dev.local/hey-peter/node_modules/.pnpm/react@18.3.1/node_modules/react/cjs/react.development.js:2582:11)
            at /Users/invoture/dev.local/hey-peter/node_modules/.pnpm/@testing-library+react@16.3.0_@testing-library+dom@10.4.0_@types+react-dom@18.3.7_@type_efee5276f61270375aed4c032a71d5e5/node_modules/@testing-library/react/dist/act-compat.js:47:25
            at renderRoot (/Users/invoture/dev.local/hey-peter/node_modules/.pnpm/@testing-library+react@16.3.0_@testing-library+dom@10.4.0_@types+react-dom@18.3.7_@type_efee5276f61270375aed4c032a71d5e5/node_modules/@testing-library/react/dist/pure.js:190:26)
            at render (/Users/invoture/dev.local/hey-peter/node_modules/.pnpm/@testing-library+react@16.3.0_@testing-library+dom@10.4.0_@types+react-dom@18.3.7_@type_efee5276f61270375aed4c032a71d5e5/node_modules/@testing-library/react/dist/pure.js:292:10)
            at Object.<anonymous> (/Users/invoture/dev.local/hey-peter/src/components/admin/dashboard/analytics/__tests__/StudentAnalytics.test.tsx:58:11)
            at Promise.finally.completed (/Users/invoture/dev.local/hey-peter/node_modules/.pnpm/jest-circus@30.0.2/node_modules/jest-circus/build/jestAdapterInit.js:1559:28)
            at new Promise (<anonymous>)
            at callAsyncCircusFn (/Users/invoture/dev.local/hey-peter/node_modules/.pnpm/jest-circus@30.0.2/node_modules/jest-circus/build/jestAdapterInit.js:1499:10)
            at _callCircusTest (/Users/invoture/dev.local/hey-peter/node_modules/.pnpm/jest-circus@30.0.2/node_modules/jest-circus/build/jestAdapterInit.js:1009:40)
            at _runTest (/Users/invoture/dev.local/hey-peter/node_modules/.pnpm/jest-circus@30.0.2/node_modules/jest-circus/build/jestAdapterInit.js:949:3)
            at _runTestsForDescribeBlock (/Users/invoture/dev.local/hey-peter/node_modules/.pnpm/jest-circus@30.0.2/node_modules/jest-circus/build/jestAdapterInit.js:839:13)
            at _runTestsForDescribeBlock (/Users/invoture/dev.local/hey-peter/node_modules/.pnpm/jest-circus@30.0.2/node_modules/jest-circus/build/jestAdapterInit.js:829:11)
            at run (/Users/invoture/dev.local/hey-peter/node_modules/.pnpm/jest-circus@30.0.2/node_modules/jest-circus/build/jestAdapterInit.js:757:3)
            at runAndTransformResultsToJestFormat (/Users/invoture/dev.local/hey-peter/node_modules/.pnpm/jest-circus@30.0.2/node_modules/jest-circus/build/jestAdapterInit.js:1920:21)
            at jestAdapter (/Users/invoture/dev.local/hey-peter/node_modules/.pnpm/jest-circus@30.0.2/node_modules/jest-circus/build/runner.js:101:19)
            at runTestInternal (/Users/invoture/dev.local/hey-peter/node_modules/.pnpm/jest-runner@30.0.2/node_modules/jest-runner/build/testWorker.js:272:16)
            at runTest (/Users/invoture/dev.local/hey-peter/node_modules/.pnpm/jest-runner@30.0.2/node_modules/jest-runner/build/testWorker.js:340:7)
            at Object.worker (/Users/invoture/dev.local/hey-peter/node_modules/.pnpm/jest-runner@30.0.2/node_modules/jest-runner/build/testWorker.js:494:12),
        type: 'unhandled exception'
      }

      56 |
      57 |   it("displays analytics tabs", async () => {
    > 58 |     render(<StudentAnalytics />);
         |           ^
      59 |
      60 |     await waitFor(() => {
      61 |       expect(screen.queryByRole("status")).not.toBeInTheDocument();

      at VirtualConsole.<anonymous> (node_modules/.pnpm/@jest+environment-jsdom-abstract@30.0.4_jsdom@26.1.0/node_modules/@jest/environment-jsdom-abstract/build/index.js:78:23)
      at reportException (node_modules/.pnpm/jsdom@26.1.0/node_modules/jsdom/lib/jsdom/living/helpers/runtime-script-errors.js:70:28)
      at innerInvokeEventListeners (node_modules/.pnpm/jsdom@26.1.0/node_modules/jsdom/lib/jsdom/living/events/EventTarget-impl.js:353:9)
      at invokeEventListeners (node_modules/.pnpm/jsdom@26.1.0/node_modules/jsdom/lib/jsdom/living/events/EventTarget-impl.js:286:3)
      at HTMLUnknownElementImpl._dispatch (node_modules/.pnpm/jsdom@26.1.0/node_modules/jsdom/lib/jsdom/living/events/EventTarget-impl.js:233:9)
      at HTMLUnknownElementImpl.dispatchEvent (node_modules/.pnpm/jsdom@26.1.0/node_modules/jsdom/lib/jsdom/living/events/EventTarget-impl.js:104:17)
      at HTMLUnknownElement.dispatchEvent (node_modules/.pnpm/jsdom@26.1.0/node_modules/jsdom/lib/jsdom/living/generated/EventTarget.js:241:34)
      at Object.invokeGuardedCallbackDev (node_modules/.pnpm/react-dom@18.3.1_react@18.3.1/node_modules/react-dom/cjs/react-dom.development.js:4213:16)
      at invokeGuardedCallback (node_modules/.pnpm/react-dom@18.3.1_react@18.3.1/node_modules/react-dom/cjs/react-dom.development.js:4277:31)
      at beginWork$1 (node_modules/.pnpm/react-dom@18.3.1_react@18.3.1/node_modules/react-dom/cjs/react-dom.development.js:27490:7)
      at performUnitOfWork (node_modules/.pnpm/react-dom@18.3.1_react@18.3.1/node_modules/react-dom/cjs/react-dom.development.js:26599:12)
      at workLoopSync (node_modules/.pnpm/react-dom@18.3.1_react@18.3.1/node_modules/react-dom/cjs/react-dom.development.js:26505:5)
      at renderRootSync (node_modules/.pnpm/react-dom@18.3.1_react@18.3.1/node_modules/react-dom/cjs/react-dom.development.js:26473:7)
      at performConcurrentWorkOnRoot (node_modules/.pnpm/react-dom@18.3.1_react@18.3.1/node_modules/react-dom/cjs/react-dom.development.js:25777:74)
      at flushActQueue (node_modules/.pnpm/react@18.3.1/node_modules/react/cjs/react.development.js:2667:24)
      at act (node_modules/.pnpm/react@18.3.1/node_modules/react/cjs/react.development.js:2582:11)
      at node_modules/.pnpm/@testing-library+react@16.3.0_@testing-library+dom@10.4.0_@types+react-dom@18.3.7_@type_efee5276f61270375aed4c032a71d5e5/node_modules/@testing-library/react/dist/act-compat.js:47:25
      at renderRoot (node_modules/.pnpm/@testing-library+react@16.3.0_@testing-library+dom@10.4.0_@types+react-dom@18.3.7_@type_efee5276f61270375aed4c032a71d5e5/node_modules/@testing-library/react/dist/pure.js:190:26)
      at render (node_modules/.pnpm/@testing-library+react@16.3.0_@testing-library+dom@10.4.0_@types+react-dom@18.3.7_@type_efee5276f61270375aed4c032a71d5e5/node_modules/@testing-library/react/dist/pure.js:292:10)
      at Object.<anonymous> (src/components/admin/dashboard/analytics/__tests__/StudentAnalytics.test.tsx:58:11)

    console.error
      TypeError: Cannot destructure property 'activeIndex' of '(0 , _hooks.useAppSelector)(...)' as it is undefined.
          at Tooltip (/Users/invoture/dev.local/hey-peter/node_modules/.pnpm/recharts@3.0.2_@types+react@18.3.23_react-dom@18.3.1_react@18.3.1__react-is@18.3.1_react@18.3.1_redux@5.0.1/node_modules/recharts/lib/component/Tooltip.js:107:5)
          at renderWithHooks (/Users/invoture/dev.local/hey-peter/node_modules/.pnpm/react-dom@18.3.1_react@18.3.1/node_modules/react-dom/cjs/react-dom.development.js:15486:18)
          at mountIndeterminateComponent (/Users/invoture/dev.local/hey-peter/node_modules/.pnpm/react-dom@18.3.1_react@18.3.1/node_modules/react-dom/cjs/react-dom.development.js:20103:13)
          at beginWork (/Users/invoture/dev.local/hey-peter/node_modules/.pnpm/react-dom@18.3.1_react@18.3.1/node_modules/react-dom/cjs/react-dom.development.js:21626:16)
          at beginWork$1 (/Users/invoture/dev.local/hey-peter/node_modules/.pnpm/react-dom@18.3.1_react@18.3.1/node_modules/react-dom/cjs/react-dom.development.js:27465:14)
          at performUnitOfWork (/Users/invoture/dev.local/hey-peter/node_modules/.pnpm/react-dom@18.3.1_react@18.3.1/node_modules/react-dom/cjs/react-dom.development.js:26599:12)
          at workLoopSync (/Users/invoture/dev.local/hey-peter/node_modules/.pnpm/react-dom@18.3.1_react@18.3.1/node_modules/react-dom/cjs/react-dom.development.js:26505:5)
          at renderRootSync (/Users/invoture/dev.local/hey-peter/node_modules/.pnpm/react-dom@18.3.1_react@18.3.1/node_modules/react-dom/cjs/react-dom.development.js:26473:7)
          at performConcurrentWorkOnRoot (/Users/invoture/dev.local/hey-peter/node_modules/.pnpm/react-dom@18.3.1_react@18.3.1/node_modules/react-dom/cjs/react-dom.development.js:25777:74)
          at flushActQueue (/Users/invoture/dev.local/hey-peter/node_modules/.pnpm/react@18.3.1/node_modules/react/cjs/react.development.js:2667:24)
          at act (/Users/invoture/dev.local/hey-peter/node_modules/.pnpm/react@18.3.1/node_modules/react/cjs/react.development.js:2582:11)
          at /Users/invoture/dev.local/hey-peter/node_modules/.pnpm/@testing-library+react@16.3.0_@testing-library+dom@10.4.0_@types+react-dom@18.3.7_@type_efee5276f61270375aed4c032a71d5e5/node_modules/@testing-library/react/dist/act-compat.js:47:25
          at renderRoot (/Users/invoture/dev.local/hey-peter/node_modules/.pnpm/@testing-library+react@16.3.0_@testing-library+dom@10.4.0_@types+react-dom@18.3.7_@type_efee5276f61270375aed4c032a71d5e5/node_modules/@testing-library/react/dist/pure.js:190:26)
          at render (/Users/invoture/dev.local/hey-peter/node_modules/.pnpm/@testing-library+react@16.3.0_@testing-library+dom@10.4.0_@types+react-dom@18.3.7_@type_efee5276f61270375aed4c032a71d5e5/node_modules/@testing-library/react/dist/pure.js:292:10)
          at Object.<anonymous> (/Users/invoture/dev.local/hey-peter/src/components/admin/dashboard/analytics/__tests__/StudentAnalytics.test.tsx:58:11)
          at Promise.finally.completed (/Users/invoture/dev.local/hey-peter/node_modules/.pnpm/jest-circus@30.0.2/node_modules/jest-circus/build/jestAdapterInit.js:1559:28)
          at new Promise (<anonymous>)
          at callAsyncCircusFn (/Users/invoture/dev.local/hey-peter/node_modules/.pnpm/jest-circus@30.0.2/node_modules/jest-circus/build/jestAdapterInit.js:1499:10)
          at _callCircusTest (/Users/invoture/dev.local/hey-peter/node_modules/.pnpm/jest-circus@30.0.2/node_modules/jest-circus/build/jestAdapterInit.js:1009:40)
          at _runTest (/Users/invoture/dev.local/hey-peter/node_modules/.pnpm/jest-circus@30.0.2/node_modules/jest-circus/build/jestAdapterInit.js:949:3)
          at _runTestsForDescribeBlock (/Users/invoture/dev.local/hey-peter/node_modules/.pnpm/jest-circus@30.0.2/node_modules/jest-circus/build/jestAdapterInit.js:839:13)
          at _runTestsForDescribeBlock (/Users/invoture/dev.local/hey-peter/node_modules/.pnpm/jest-circus@30.0.2/node_modules/jest-circus/build/jestAdapterInit.js:829:11)
          at run (/Users/invoture/dev.local/hey-peter/node_modules/.pnpm/jest-circus@30.0.2/node_modules/jest-circus/build/jestAdapterInit.js:757:3)
          at runAndTransformResultsToJestFormat (/Users/invoture/dev.local/hey-peter/node_modules/.pnpm/jest-circus@30.0.2/node_modules/jest-circus/build/jestAdapterInit.js:1920:21)
          at jestAdapter (/Users/invoture/dev.local/hey-peter/node_modules/.pnpm/jest-circus@30.0.2/node_modules/jest-circus/build/runner.js:101:19)
          at runTestInternal (/Users/invoture/dev.local/hey-peter/node_modules/.pnpm/jest-runner@30.0.2/node_modules/jest-runner/build/testWorker.js:272:16)
          at runTest (/Users/invoture/dev.local/hey-peter/node_modules/.pnpm/jest-runner@30.0.2/node_modules/jest-runner/build/testWorker.js:340:7)
          at Object.worker (/Users/invoture/dev.local/hey-peter/node_modules/.pnpm/jest-runner@30.0.2/node_modules/jest-runner/build/testWorker.js:494:12)

      56 |
      57 |   it("displays analytics tabs", async () => {
    > 58 |     render(<StudentAnalytics />);
         |           ^
      59 |
      60 |     await waitFor(() => {
      61 |       expect(screen.queryByRole("status")).not.toBeInTheDocument();

      at defaultOnRecoverableError (node_modules/.pnpm/react-dom@18.3.1_react@18.3.1/node_modules/react-dom/cjs/react-dom.development.js:29317:19)
      at commitRootImpl (node_modules/.pnpm/react-dom@18.3.1_react@18.3.1/node_modules/react-dom/cjs/react-dom.development.js:26951:7)
      at commitRoot (node_modules/.pnpm/react-dom@18.3.1_react@18.3.1/node_modules/react-dom/cjs/react-dom.development.js:26721:5)
      at finishConcurrentRender (node_modules/.pnpm/react-dom@18.3.1_react@18.3.1/node_modules/react-dom/cjs/react-dom.development.js:26020:9)
      at performConcurrentWorkOnRoot (node_modules/.pnpm/react-dom@18.3.1_react@18.3.1/node_modules/react-dom/cjs/react-dom.development.js:25848:7)
      at flushActQueue (node_modules/.pnpm/react@18.3.1/node_modules/react/cjs/react.development.js:2667:24)
      at act (node_modules/.pnpm/react@18.3.1/node_modules/react/cjs/react.development.js:2582:11)
      at node_modules/.pnpm/@testing-library+react@16.3.0_@testing-library+dom@10.4.0_@types+react-dom@18.3.7_@type_efee5276f61270375aed4c032a71d5e5/node_modules/@testing-library/react/dist/act-compat.js:47:25
      at renderRoot (node_modules/.pnpm/@testing-library+react@16.3.0_@testing-library+dom@10.4.0_@types+react-dom@18.3.7_@type_efee5276f61270375aed4c032a71d5e5/node_modules/@testing-library/react/dist/pure.js:190:26)
      at render (node_modules/.pnpm/@testing-library+react@16.3.0_@testing-library+dom@10.4.0_@types+react-dom@18.3.7_@type_efee5276f61270375aed4c032a71d5e5/node_modules/@testing-library/react/dist/pure.js:292:10)
      at Object.<anonymous> (src/components/admin/dashboard/analytics/__tests__/StudentAnalytics.test.tsx:58:11)

    console.error
      Error: Uncaught [TypeError: Cannot destructure property 'activeIndex' of '(0 , _hooks.useAppSelector)(...)' as it is undefined.]
          at Object.<anonymous> (src/components/admin/dashboard/analytics/__tests__/StudentAnalytics.test.tsx:73:11)
          at new Promise (<anonymous>) {
        detail: TypeError: Cannot destructure property 'activeIndex' of '(0 , _hooks.useAppSelector)(...)' as it is undefined.
            at Tooltip (/Users/invoture/dev.local/hey-peter/node_modules/.pnpm/recharts@3.0.2_@types+react@18.3.23_react-dom@18.3.1_react@18.3.1__react-is@18.3.1_react@18.3.1_redux@5.0.1/node_modules/recharts/lib/component/Tooltip.js:107:5)
            at renderWithHooks (/Users/invoture/dev.local/hey-peter/node_modules/.pnpm/react-dom@18.3.1_react@18.3.1/node_modules/react-dom/cjs/react-dom.development.js:15486:18)
            at mountIndeterminateComponent (/Users/invoture/dev.local/hey-peter/node_modules/.pnpm/react-dom@18.3.1_react@18.3.1/node_modules/react-dom/cjs/react-dom.development.js:20103:13)
            at beginWork (/Users/invoture/dev.local/hey-peter/node_modules/.pnpm/react-dom@18.3.1_react@18.3.1/node_modules/react-dom/cjs/react-dom.development.js:21626:16)
            at HTMLUnknownElement.callCallback (/Users/invoture/dev.local/hey-peter/node_modules/.pnpm/react-dom@18.3.1_react@18.3.1/node_modules/react-dom/cjs/react-dom.development.js:4164:14)
            at HTMLUnknownElement.callTheUserObjectsOperation (/Users/invoture/dev.local/hey-peter/node_modules/.pnpm/jsdom@26.1.0/node_modules/jsdom/lib/jsdom/living/generated/EventListener.js:26:30)
            at innerInvokeEventListeners (/Users/invoture/dev.local/hey-peter/node_modules/.pnpm/jsdom@26.1.0/node_modules/jsdom/lib/jsdom/living/events/EventTarget-impl.js:350:25)
            at invokeEventListeners (/Users/invoture/dev.local/hey-peter/node_modules/.pnpm/jsdom@26.1.0/node_modules/jsdom/lib/jsdom/living/events/EventTarget-impl.js:286:3)
            at HTMLUnknownElementImpl._dispatch (/Users/invoture/dev.local/hey-peter/node_modules/.pnpm/jsdom@26.1.0/node_modules/jsdom/lib/jsdom/living/events/EventTarget-impl.js:233:9)
            at HTMLUnknownElementImpl.dispatchEvent (/Users/invoture/dev.local/hey-peter/node_modules/.pnpm/jsdom@26.1.0/node_modules/jsdom/lib/jsdom/living/events/EventTarget-impl.js:104:17)
            at HTMLUnknownElement.dispatchEvent (/Users/invoture/dev.local/hey-peter/node_modules/.pnpm/jsdom@26.1.0/node_modules/jsdom/lib/jsdom/living/generated/EventTarget.js:241:34)
            at Object.invokeGuardedCallbackDev (/Users/invoture/dev.local/hey-peter/node_modules/.pnpm/react-dom@18.3.1_react@18.3.1/node_modules/react-dom/cjs/react-dom.development.js:4213:16)
            at invokeGuardedCallback (/Users/invoture/dev.local/hey-peter/node_modules/.pnpm/react-dom@18.3.1_react@18.3.1/node_modules/react-dom/cjs/react-dom.development.js:4277:31)
            at beginWork$1 (/Users/invoture/dev.local/hey-peter/node_modules/.pnpm/react-dom@18.3.1_react@18.3.1/node_modules/react-dom/cjs/react-dom.development.js:27490:7)
            at performUnitOfWork (/Users/invoture/dev.local/hey-peter/node_modules/.pnpm/react-dom@18.3.1_react@18.3.1/node_modules/react-dom/cjs/react-dom.development.js:26599:12)
            at workLoopSync (/Users/invoture/dev.local/hey-peter/node_modules/.pnpm/react-dom@18.3.1_react@18.3.1/node_modules/react-dom/cjs/react-dom.development.js:26505:5)
            at renderRootSync (/Users/invoture/dev.local/hey-peter/node_modules/.pnpm/react-dom@18.3.1_react@18.3.1/node_modules/react-dom/cjs/react-dom.development.js:26473:7)
            at performConcurrentWorkOnRoot (/Users/invoture/dev.local/hey-peter/node_modules/.pnpm/react-dom@18.3.1_react@18.3.1/node_modules/react-dom/cjs/react-dom.development.js:25777:74)
            at flushActQueue (/Users/invoture/dev.local/hey-peter/node_modules/.pnpm/react@18.3.1/node_modules/react/cjs/react.development.js:2667:24)
            at act (/Users/invoture/dev.local/hey-peter/node_modules/.pnpm/react@18.3.1/node_modules/react/cjs/react.development.js:2582:11)
            at /Users/invoture/dev.local/hey-peter/node_modules/.pnpm/@testing-library+react@16.3.0_@testing-library+dom@10.4.0_@types+react-dom@18.3.7_@type_efee5276f61270375aed4c032a71d5e5/node_modules/@testing-library/react/dist/act-compat.js:47:25
            at renderRoot (/Users/invoture/dev.local/hey-peter/node_modules/.pnpm/@testing-library+react@16.3.0_@testing-library+dom@10.4.0_@types+react-dom@18.3.7_@type_efee5276f61270375aed4c032a71d5e5/node_modules/@testing-library/react/dist/pure.js:190:26)
            at render (/Users/invoture/dev.local/hey-peter/node_modules/.pnpm/@testing-library+react@16.3.0_@testing-library+dom@10.4.0_@types+react-dom@18.3.7_@type_efee5276f61270375aed4c032a71d5e5/node_modules/@testing-library/react/dist/pure.js:292:10)
            at Object.<anonymous> (/Users/invoture/dev.local/hey-peter/src/components/admin/dashboard/analytics/__tests__/StudentAnalytics.test.tsx:73:11)
            at Promise.finally.completed (/Users/invoture/dev.local/hey-peter/node_modules/.pnpm/jest-circus@30.0.2/node_modules/jest-circus/build/jestAdapterInit.js:1559:28)
            at new Promise (<anonymous>)
            at callAsyncCircusFn (/Users/invoture/dev.local/hey-peter/node_modules/.pnpm/jest-circus@30.0.2/node_modules/jest-circus/build/jestAdapterInit.js:1499:10)
            at _callCircusTest (/Users/invoture/dev.local/hey-peter/node_modules/.pnpm/jest-circus@30.0.2/node_modules/jest-circus/build/jestAdapterInit.js:1009:40)
            at _runTest (/Users/invoture/dev.local/hey-peter/node_modules/.pnpm/jest-circus@30.0.2/node_modules/jest-circus/build/jestAdapterInit.js:949:3)
            at _runTestsForDescribeBlock (/Users/invoture/dev.local/hey-peter/node_modules/.pnpm/jest-circus@30.0.2/node_modules/jest-circus/build/jestAdapterInit.js:839:13)
            at _runTestsForDescribeBlock (/Users/invoture/dev.local/hey-peter/node_modules/.pnpm/jest-circus@30.0.2/node_modules/jest-circus/build/jestAdapterInit.js:829:11)
            at run (/Users/invoture/dev.local/hey-peter/node_modules/.pnpm/jest-circus@30.0.2/node_modules/jest-circus/build/jestAdapterInit.js:757:3)
            at runAndTransformResultsToJestFormat (/Users/invoture/dev.local/hey-peter/node_modules/.pnpm/jest-circus@30.0.2/node_modules/jest-circus/build/jestAdapterInit.js:1920:21)
            at jestAdapter (/Users/invoture/dev.local/hey-peter/node_modules/.pnpm/jest-circus@30.0.2/node_modules/jest-circus/build/runner.js:101:19)
            at runTestInternal (/Users/invoture/dev.local/hey-peter/node_modules/.pnpm/jest-runner@30.0.2/node_modules/jest-runner/build/testWorker.js:272:16)
            at runTest (/Users/invoture/dev.local/hey-peter/node_modules/.pnpm/jest-runner@30.0.2/node_modules/jest-runner/build/testWorker.js:340:7)
            at Object.worker (/Users/invoture/dev.local/hey-peter/node_modules/.pnpm/jest-runner@30.0.2/node_modules/jest-runner/build/testWorker.js:494:12),
        type: 'unhandled exception'
      }

      71 |   it("allows switching between timeframes", async () => {
      72 |     const user = userEvent.setup();
    > 73 |     render(<StudentAnalytics />);
         |           ^
      74 |
      75 |     await waitFor(() => {
      76 |       expect(screen.queryByRole("status")).not.toBeInTheDocument();

      at VirtualConsole.<anonymous> (node_modules/.pnpm/@jest+environment-jsdom-abstract@30.0.4_jsdom@26.1.0/node_modules/@jest/environment-jsdom-abstract/build/index.js:78:23)
      at reportException (node_modules/.pnpm/jsdom@26.1.0/node_modules/jsdom/lib/jsdom/living/helpers/runtime-script-errors.js:70:28)
      at innerInvokeEventListeners (node_modules/.pnpm/jsdom@26.1.0/node_modules/jsdom/lib/jsdom/living/events/EventTarget-impl.js:353:9)
      at invokeEventListeners (node_modules/.pnpm/jsdom@26.1.0/node_modules/jsdom/lib/jsdom/living/events/EventTarget-impl.js:286:3)
      at HTMLUnknownElementImpl._dispatch (node_modules/.pnpm/jsdom@26.1.0/node_modules/jsdom/lib/jsdom/living/events/EventTarget-impl.js:233:9)
      at HTMLUnknownElementImpl.dispatchEvent (node_modules/.pnpm/jsdom@26.1.0/node_modules/jsdom/lib/jsdom/living/events/EventTarget-impl.js:104:17)
      at HTMLUnknownElement.dispatchEvent (node_modules/.pnpm/jsdom@26.1.0/node_modules/jsdom/lib/jsdom/living/generated/EventTarget.js:241:34)
      at Object.invokeGuardedCallbackDev (node_modules/.pnpm/react-dom@18.3.1_react@18.3.1/node_modules/react-dom/cjs/react-dom.development.js:4213:16)
      at invokeGuardedCallback (node_modules/.pnpm/react-dom@18.3.1_react@18.3.1/node_modules/react-dom/cjs/react-dom.development.js:4277:31)
      at beginWork$1 (node_modules/.pnpm/react-dom@18.3.1_react@18.3.1/node_modules/react-dom/cjs/react-dom.development.js:27490:7)
      at performUnitOfWork (node_modules/.pnpm/react-dom@18.3.1_react@18.3.1/node_modules/react-dom/cjs/react-dom.development.js:26599:12)
      at workLoopSync (node_modules/.pnpm/react-dom@18.3.1_react@18.3.1/node_modules/react-dom/cjs/react-dom.development.js:26505:5)
      at renderRootSync (node_modules/.pnpm/react-dom@18.3.1_react@18.3.1/node_modules/react-dom/cjs/react-dom.development.js:26473:7)
      at performConcurrentWorkOnRoot (node_modules/.pnpm/react-dom@18.3.1_react@18.3.1/node_modules/react-dom/cjs/react-dom.development.js:25777:74)
      at flushActQueue (node_modules/.pnpm/react@18.3.1/node_modules/react/cjs/react.development.js:2667:24)
      at act (node_modules/.pnpm/react@18.3.1/node_modules/react/cjs/react.development.js:2582:11)
      at node_modules/.pnpm/@testing-library+react@16.3.0_@testing-library+dom@10.4.0_@types+react-dom@18.3.7_@type_efee5276f61270375aed4c032a71d5e5/node_modules/@testing-library/react/dist/act-compat.js:47:25
      at renderRoot (node_modules/.pnpm/@testing-library+react@16.3.0_@testing-library+dom@10.4.0_@types+react-dom@18.3.7_@type_efee5276f61270375aed4c032a71d5e5/node_modules/@testing-library/react/dist/pure.js:190:26)
      at render (node_modules/.pnpm/@testing-library+react@16.3.0_@testing-library+dom@10.4.0_@types+react-dom@18.3.7_@type_efee5276f61270375aed4c032a71d5e5/node_modules/@testing-library/react/dist/pure.js:292:10)
      at Object.<anonymous> (src/components/admin/dashboard/analytics/__tests__/StudentAnalytics.test.tsx:73:11)

    console.error
      TypeError: Cannot destructure property 'activeIndex' of '(0 , _hooks.useAppSelector)(...)' as it is undefined.
          at Tooltip (/Users/invoture/dev.local/hey-peter/node_modules/.pnpm/recharts@3.0.2_@types+react@18.3.23_react-dom@18.3.1_react@18.3.1__react-is@18.3.1_react@18.3.1_redux@5.0.1/node_modules/recharts/lib/component/Tooltip.js:107:5)
          at renderWithHooks (/Users/invoture/dev.local/hey-peter/node_modules/.pnpm/react-dom@18.3.1_react@18.3.1/node_modules/react-dom/cjs/react-dom.development.js:15486:18)
          at mountIndeterminateComponent (/Users/invoture/dev.local/hey-peter/node_modules/.pnpm/react-dom@18.3.1_react@18.3.1/node_modules/react-dom/cjs/react-dom.development.js:20103:13)
          at beginWork (/Users/invoture/dev.local/hey-peter/node_modules/.pnpm/react-dom@18.3.1_react@18.3.1/node_modules/react-dom/cjs/react-dom.development.js:21626:16)
          at beginWork$1 (/Users/invoture/dev.local/hey-peter/node_modules/.pnpm/react-dom@18.3.1_react@18.3.1/node_modules/react-dom/cjs/react-dom.development.js:27465:14)
          at performUnitOfWork (/Users/invoture/dev.local/hey-peter/node_modules/.pnpm/react-dom@18.3.1_react@18.3.1/node_modules/react-dom/cjs/react-dom.development.js:26599:12)
          at workLoopSync (/Users/invoture/dev.local/hey-peter/node_modules/.pnpm/react-dom@18.3.1_react@18.3.1/node_modules/react-dom/cjs/react-dom.development.js:26505:5)
          at renderRootSync (/Users/invoture/dev.local/hey-peter/node_modules/.pnpm/react-dom@18.3.1_react@18.3.1/node_modules/react-dom/cjs/react-dom.development.js:26473:7)
          at performConcurrentWorkOnRoot (/Users/invoture/dev.local/hey-peter/node_modules/.pnpm/react-dom@18.3.1_react@18.3.1/node_modules/react-dom/cjs/react-dom.development.js:25777:74)
          at flushActQueue (/Users/invoture/dev.local/hey-peter/node_modules/.pnpm/react@18.3.1/node_modules/react/cjs/react.development.js:2667:24)
          at act (/Users/invoture/dev.local/hey-peter/node_modules/.pnpm/react@18.3.1/node_modules/react/cjs/react.development.js:2582:11)
          at /Users/invoture/dev.local/hey-peter/node_modules/.pnpm/@testing-library+react@16.3.0_@testing-library+dom@10.4.0_@types+react-dom@18.3.7_@type_efee5276f61270375aed4c032a71d5e5/node_modules/@testing-library/react/dist/act-compat.js:47:25
          at renderRoot (/Users/invoture/dev.local/hey-peter/node_modules/.pnpm/@testing-library+react@16.3.0_@testing-library+dom@10.4.0_@types+react-dom@18.3.7_@type_efee5276f61270375aed4c032a71d5e5/node_modules/@testing-library/react/dist/pure.js:190:26)
          at render (/Users/invoture/dev.local/hey-peter/node_modules/.pnpm/@testing-library+react@16.3.0_@testing-library+dom@10.4.0_@types+react-dom@18.3.7_@type_efee5276f61270375aed4c032a71d5e5/node_modules/@testing-library/react/dist/pure.js:292:10)
          at Object.<anonymous> (/Users/invoture/dev.local/hey-peter/src/components/admin/dashboard/analytics/__tests__/StudentAnalytics.test.tsx:73:11)
          at Promise.finally.completed (/Users/invoture/dev.local/hey-peter/node_modules/.pnpm/jest-circus@30.0.2/node_modules/jest-circus/build/jestAdapterInit.js:1559:28)
          at new Promise (<anonymous>)
          at callAsyncCircusFn (/Users/invoture/dev.local/hey-peter/node_modules/.pnpm/jest-circus@30.0.2/node_modules/jest-circus/build/jestAdapterInit.js:1499:10)
          at _callCircusTest (/Users/invoture/dev.local/hey-peter/node_modules/.pnpm/jest-circus@30.0.2/node_modules/jest-circus/build/jestAdapterInit.js:1009:40)
          at _runTest (/Users/invoture/dev.local/hey-peter/node_modules/.pnpm/jest-circus@30.0.2/node_modules/jest-circus/build/jestAdapterInit.js:949:3)
          at _runTestsForDescribeBlock (/Users/invoture/dev.local/hey-peter/node_modules/.pnpm/jest-circus@30.0.2/node_modules/jest-circus/build/jestAdapterInit.js:839:13)
          at _runTestsForDescribeBlock (/Users/invoture/dev.local/hey-peter/node_modules/.pnpm/jest-circus@30.0.2/node_modules/jest-circus/build/jestAdapterInit.js:829:11)
          at run (/Users/invoture/dev.local/hey-peter/node_modules/.pnpm/jest-circus@30.0.2/node_modules/jest-circus/build/jestAdapterInit.js:757:3)
          at runAndTransformResultsToJestFormat (/Users/invoture/dev.local/hey-peter/node_modules/.pnpm/jest-circus@30.0.2/node_modules/jest-circus/build/jestAdapterInit.js:1920:21)
          at jestAdapter (/Users/invoture/dev.local/hey-peter/node_modules/.pnpm/jest-circus@30.0.2/node_modules/jest-circus/build/runner.js:101:19)
          at runTestInternal (/Users/invoture/dev.local/hey-peter/node_modules/.pnpm/jest-runner@30.0.2/node_modules/jest-runner/build/testWorker.js:272:16)
          at runTest (/Users/invoture/dev.local/hey-peter/node_modules/.pnpm/jest-runner@30.0.2/node_modules/jest-runner/build/testWorker.js:340:7)
          at Object.worker (/Users/invoture/dev.local/hey-peter/node_modules/.pnpm/jest-runner@30.0.2/node_modules/jest-runner/build/testWorker.js:494:12)

      71 |   it("allows switching between timeframes", async () => {
      72 |     const user = userEvent.setup();
    > 73 |     render(<StudentAnalytics />);
         |           ^
      74 |
      75 |     await waitFor(() => {
      76 |       expect(screen.queryByRole("status")).not.toBeInTheDocument();

      at defaultOnRecoverableError (node_modules/.pnpm/react-dom@18.3.1_react@18.3.1/node_modules/react-dom/cjs/react-dom.development.js:29317:19)
      at commitRootImpl (node_modules/.pnpm/react-dom@18.3.1_react@18.3.1/node_modules/react-dom/cjs/react-dom.development.js:26951:7)
      at commitRoot (node_modules/.pnpm/react-dom@18.3.1_react@18.3.1/node_modules/react-dom/cjs/react-dom.development.js:26721:5)
      at finishConcurrentRender (node_modules/.pnpm/react-dom@18.3.1_react@18.3.1/node_modules/react-dom/cjs/react-dom.development.js:26020:9)
      at performConcurrentWorkOnRoot (node_modules/.pnpm/react-dom@18.3.1_react@18.3.1/node_modules/react-dom/cjs/react-dom.development.js:25848:7)
      at flushActQueue (node_modules/.pnpm/react@18.3.1/node_modules/react/cjs/react.development.js:2667:24)
      at act (node_modules/.pnpm/react@18.3.1/node_modules/react/cjs/react.development.js:2582:11)
      at node_modules/.pnpm/@testing-library+react@16.3.0_@testing-library+dom@10.4.0_@types+react-dom@18.3.7_@type_efee5276f61270375aed4c032a71d5e5/node_modules/@testing-library/react/dist/act-compat.js:47:25
      at renderRoot (node_modules/.pnpm/@testing-library+react@16.3.0_@testing-library+dom@10.4.0_@types+react-dom@18.3.7_@type_efee5276f61270375aed4c032a71d5e5/node_modules/@testing-library/react/dist/pure.js:190:26)
      at render (node_modules/.pnpm/@testing-library+react@16.3.0_@testing-library+dom@10.4.0_@types+react-dom@18.3.7_@type_efee5276f61270375aed4c032a71d5e5/node_modules/@testing-library/react/dist/pure.js:292:10)
      at Object.<anonymous> (src/components/admin/dashboard/analytics/__tests__/StudentAnalytics.test.tsx:73:11)

    console.error
      Error: Uncaught [TypeError: Cannot destructure property 'activeIndex' of '(0 , _hooks.useAppSelector)(...)' as it is undefined.]
          at Object.<anonymous> (src/components/admin/dashboard/analytics/__tests__/StudentAnalytics.test.tsx:95:11)
          at new Promise (<anonymous>) {
        detail: TypeError: Cannot destructure property 'activeIndex' of '(0 , _hooks.useAppSelector)(...)' as it is undefined.
            at Tooltip (/Users/invoture/dev.local/hey-peter/node_modules/.pnpm/recharts@3.0.2_@types+react@18.3.23_react-dom@18.3.1_react@18.3.1__react-is@18.3.1_react@18.3.1_redux@5.0.1/node_modules/recharts/lib/component/Tooltip.js:107:5)
            at renderWithHooks (/Users/invoture/dev.local/hey-peter/node_modules/.pnpm/react-dom@18.3.1_react@18.3.1/node_modules/react-dom/cjs/react-dom.development.js:15486:18)
            at mountIndeterminateComponent (/Users/invoture/dev.local/hey-peter/node_modules/.pnpm/react-dom@18.3.1_react@18.3.1/node_modules/react-dom/cjs/react-dom.development.js:20103:13)
            at beginWork (/Users/invoture/dev.local/hey-peter/node_modules/.pnpm/react-dom@18.3.1_react@18.3.1/node_modules/react-dom/cjs/react-dom.development.js:21626:16)
            at HTMLUnknownElement.callCallback (/Users/invoture/dev.local/hey-peter/node_modules/.pnpm/react-dom@18.3.1_react@18.3.1/node_modules/react-dom/cjs/react-dom.development.js:4164:14)
            at HTMLUnknownElement.callTheUserObjectsOperation (/Users/invoture/dev.local/hey-peter/node_modules/.pnpm/jsdom@26.1.0/node_modules/jsdom/lib/jsdom/living/generated/EventListener.js:26:30)
            at innerInvokeEventListeners (/Users/invoture/dev.local/hey-peter/node_modules/.pnpm/jsdom@26.1.0/node_modules/jsdom/lib/jsdom/living/events/EventTarget-impl.js:350:25)
            at invokeEventListeners (/Users/invoture/dev.local/hey-peter/node_modules/.pnpm/jsdom@26.1.0/node_modules/jsdom/lib/jsdom/living/events/EventTarget-impl.js:286:3)
            at HTMLUnknownElementImpl._dispatch (/Users/invoture/dev.local/hey-peter/node_modules/.pnpm/jsdom@26.1.0/node_modules/jsdom/lib/jsdom/living/events/EventTarget-impl.js:233:9)
            at HTMLUnknownElementImpl.dispatchEvent (/Users/invoture/dev.local/hey-peter/node_modules/.pnpm/jsdom@26.1.0/node_modules/jsdom/lib/jsdom/living/events/EventTarget-impl.js:104:17)
            at HTMLUnknownElement.dispatchEvent (/Users/invoture/dev.local/hey-peter/node_modules/.pnpm/jsdom@26.1.0/node_modules/jsdom/lib/jsdom/living/generated/EventTarget.js:241:34)
            at Object.invokeGuardedCallbackDev (/Users/invoture/dev.local/hey-peter/node_modules/.pnpm/react-dom@18.3.1_react@18.3.1/node_modules/react-dom/cjs/react-dom.development.js:4213:16)
            at invokeGuardedCallback (/Users/invoture/dev.local/hey-peter/node_modules/.pnpm/react-dom@18.3.1_react@18.3.1/node_modules/react-dom/cjs/react-dom.development.js:4277:31)
            at beginWork$1 (/Users/invoture/dev.local/hey-peter/node_modules/.pnpm/react-dom@18.3.1_react@18.3.1/node_modules/react-dom/cjs/react-dom.development.js:27490:7)
            at performUnitOfWork (/Users/invoture/dev.local/hey-peter/node_modules/.pnpm/react-dom@18.3.1_react@18.3.1/node_modules/react-dom/cjs/react-dom.development.js:26599:12)
            at workLoopSync (/Users/invoture/dev.local/hey-peter/node_modules/.pnpm/react-dom@18.3.1_react@18.3.1/node_modules/react-dom/cjs/react-dom.development.js:26505:5)
            at renderRootSync (/Users/invoture/dev.local/hey-peter/node_modules/.pnpm/react-dom@18.3.1_react@18.3.1/node_modules/react-dom/cjs/react-dom.development.js:26473:7)
            at performConcurrentWorkOnRoot (/Users/invoture/dev.local/hey-peter/node_modules/.pnpm/react-dom@18.3.1_react@18.3.1/node_modules/react-dom/cjs/react-dom.development.js:25777:74)
            at flushActQueue (/Users/invoture/dev.local/hey-peter/node_modules/.pnpm/react@18.3.1/node_modules/react/cjs/react.development.js:2667:24)
            at act (/Users/invoture/dev.local/hey-peter/node_modules/.pnpm/react@18.3.1/node_modules/react/cjs/react.development.js:2582:11)
            at /Users/invoture/dev.local/hey-peter/node_modules/.pnpm/@testing-library+react@16.3.0_@testing-library+dom@10.4.0_@types+react-dom@18.3.7_@type_efee5276f61270375aed4c032a71d5e5/node_modules/@testing-library/react/dist/act-compat.js:47:25
            at renderRoot (/Users/invoture/dev.local/hey-peter/node_modules/.pnpm/@testing-library+react@16.3.0_@testing-library+dom@10.4.0_@types+react-dom@18.3.7_@type_efee5276f61270375aed4c032a71d5e5/node_modules/@testing-library/react/dist/pure.js:190:26)
            at render (/Users/invoture/dev.local/hey-peter/node_modules/.pnpm/@testing-library+react@16.3.0_@testing-library+dom@10.4.0_@types+react-dom@18.3.7_@type_efee5276f61270375aed4c032a71d5e5/node_modules/@testing-library/react/dist/pure.js:292:10)
            at Object.<anonymous> (/Users/invoture/dev.local/hey-peter/src/components/admin/dashboard/analytics/__tests__/StudentAnalytics.test.tsx:95:11)
            at Promise.finally.completed (/Users/invoture/dev.local/hey-peter/node_modules/.pnpm/jest-circus@30.0.2/node_modules/jest-circus/build/jestAdapterInit.js:1559:28)
            at new Promise (<anonymous>)
            at callAsyncCircusFn (/Users/invoture/dev.local/hey-peter/node_modules/.pnpm/jest-circus@30.0.2/node_modules/jest-circus/build/jestAdapterInit.js:1499:10)
            at _callCircusTest (/Users/invoture/dev.local/hey-peter/node_modules/.pnpm/jest-circus@30.0.2/node_modules/jest-circus/build/jestAdapterInit.js:1009:40)
            at _runTest (/Users/invoture/dev.local/hey-peter/node_modules/.pnpm/jest-circus@30.0.2/node_modules/jest-circus/build/jestAdapterInit.js:949:3)
            at _runTestsForDescribeBlock (/Users/invoture/dev.local/hey-peter/node_modules/.pnpm/jest-circus@30.0.2/node_modules/jest-circus/build/jestAdapterInit.js:839:13)
            at _runTestsForDescribeBlock (/Users/invoture/dev.local/hey-peter/node_modules/.pnpm/jest-circus@30.0.2/node_modules/jest-circus/build/jestAdapterInit.js:829:11)
            at run (/Users/invoture/dev.local/hey-peter/node_modules/.pnpm/jest-circus@30.0.2/node_modules/jest-circus/build/jestAdapterInit.js:757:3)
            at runAndTransformResultsToJestFormat (/Users/invoture/dev.local/hey-peter/node_modules/.pnpm/jest-circus@30.0.2/node_modules/jest-circus/build/jestAdapterInit.js:1920:21)
            at jestAdapter (/Users/invoture/dev.local/hey-peter/node_modules/.pnpm/jest-circus@30.0.2/node_modules/jest-circus/build/runner.js:101:19)
            at runTestInternal (/Users/invoture/dev.local/hey-peter/node_modules/.pnpm/jest-runner@30.0.2/node_modules/jest-runner/build/testWorker.js:272:16)
            at runTest (/Users/invoture/dev.local/hey-peter/node_modules/.pnpm/jest-runner@30.0.2/node_modules/jest-runner/build/testWorker.js:340:7)
            at Object.worker (/Users/invoture/dev.local/hey-peter/node_modules/.pnpm/jest-runner@30.0.2/node_modules/jest-runner/build/testWorker.js:494:12),
        type: 'unhandled exception'
      }

      93 |
      94 |   it("shows progress distribution chart", async () => {
    > 95 |     render(<StudentAnalytics />);
         |           ^
      96 |
      97 |     await waitFor(() => {
      98 |       expect(screen.queryByRole("status")).not.toBeInTheDocument();

      at VirtualConsole.<anonymous> (node_modules/.pnpm/@jest+environment-jsdom-abstract@30.0.4_jsdom@26.1.0/node_modules/@jest/environment-jsdom-abstract/build/index.js:78:23)
      at reportException (node_modules/.pnpm/jsdom@26.1.0/node_modules/jsdom/lib/jsdom/living/helpers/runtime-script-errors.js:70:28)
      at innerInvokeEventListeners (node_modules/.pnpm/jsdom@26.1.0/node_modules/jsdom/lib/jsdom/living/events/EventTarget-impl.js:353:9)
      at invokeEventListeners (node_modules/.pnpm/jsdom@26.1.0/node_modules/jsdom/lib/jsdom/living/events/EventTarget-impl.js:286:3)
      at HTMLUnknownElementImpl._dispatch (node_modules/.pnpm/jsdom@26.1.0/node_modules/jsdom/lib/jsdom/living/events/EventTarget-impl.js:233:9)
      at HTMLUnknownElementImpl.dispatchEvent (node_modules/.pnpm/jsdom@26.1.0/node_modules/jsdom/lib/jsdom/living/events/EventTarget-impl.js:104:17)
      at HTMLUnknownElement.dispatchEvent (node_modules/.pnpm/jsdom@26.1.0/node_modules/jsdom/lib/jsdom/living/generated/EventTarget.js:241:34)
      at Object.invokeGuardedCallbackDev (node_modules/.pnpm/react-dom@18.3.1_react@18.3.1/node_modules/react-dom/cjs/react-dom.development.js:4213:16)
      at invokeGuardedCallback (node_modules/.pnpm/react-dom@18.3.1_react@18.3.1/node_modules/react-dom/cjs/react-dom.development.js:4277:31)
      at beginWork$1 (node_modules/.pnpm/react-dom@18.3.1_react@18.3.1/node_modules/react-dom/cjs/react-dom.development.js:27490:7)
      at performUnitOfWork (node_modules/.pnpm/react-dom@18.3.1_react@18.3.1/node_modules/react-dom/cjs/react-dom.development.js:26599:12)
      at workLoopSync (node_modules/.pnpm/react-dom@18.3.1_react@18.3.1/node_modules/react-dom/cjs/react-dom.development.js:26505:5)
      at renderRootSync (node_modules/.pnpm/react-dom@18.3.1_react@18.3.1/node_modules/react-dom/cjs/react-dom.development.js:26473:7)
      at performConcurrentWorkOnRoot (node_modules/.pnpm/react-dom@18.3.1_react@18.3.1/node_modules/react-dom/cjs/react-dom.development.js:25777:74)
      at flushActQueue (node_modules/.pnpm/react@18.3.1/node_modules/react/cjs/react.development.js:2667:24)
      at act (node_modules/.pnpm/react@18.3.1/node_modules/react/cjs/react.development.js:2582:11)
      at node_modules/.pnpm/@testing-library+react@16.3.0_@testing-library+dom@10.4.0_@types+react-dom@18.3.7_@type_efee5276f61270375aed4c032a71d5e5/node_modules/@testing-library/react/dist/act-compat.js:47:25
      at renderRoot (node_modules/.pnpm/@testing-library+react@16.3.0_@testing-library+dom@10.4.0_@types+react-dom@18.3.7_@type_efee5276f61270375aed4c032a71d5e5/node_modules/@testing-library/react/dist/pure.js:190:26)
      at render (node_modules/.pnpm/@testing-library+react@16.3.0_@testing-library+dom@10.4.0_@types+react-dom@18.3.7_@type_efee5276f61270375aed4c032a71d5e5/node_modules/@testing-library/react/dist/pure.js:292:10)
      at Object.<anonymous> (src/components/admin/dashboard/analytics/__tests__/StudentAnalytics.test.tsx:95:11)

    console.error
      TypeError: Cannot destructure property 'activeIndex' of '(0 , _hooks.useAppSelector)(...)' as it is undefined.
          at Tooltip (/Users/invoture/dev.local/hey-peter/node_modules/.pnpm/recharts@3.0.2_@types+react@18.3.23_react-dom@18.3.1_react@18.3.1__react-is@18.3.1_react@18.3.1_redux@5.0.1/node_modules/recharts/lib/component/Tooltip.js:107:5)
          at renderWithHooks (/Users/invoture/dev.local/hey-peter/node_modules/.pnpm/react-dom@18.3.1_react@18.3.1/node_modules/react-dom/cjs/react-dom.development.js:15486:18)
          at mountIndeterminateComponent (/Users/invoture/dev.local/hey-peter/node_modules/.pnpm/react-dom@18.3.1_react@18.3.1/node_modules/react-dom/cjs/react-dom.development.js:20103:13)
          at beginWork (/Users/invoture/dev.local/hey-peter/node_modules/.pnpm/react-dom@18.3.1_react@18.3.1/node_modules/react-dom/cjs/react-dom.development.js:21626:16)
          at beginWork$1 (/Users/invoture/dev.local/hey-peter/node_modules/.pnpm/react-dom@18.3.1_react@18.3.1/node_modules/react-dom/cjs/react-dom.development.js:27465:14)
          at performUnitOfWork (/Users/invoture/dev.local/hey-peter/node_modules/.pnpm/react-dom@18.3.1_react@18.3.1/node_modules/react-dom/cjs/react-dom.development.js:26599:12)
          at workLoopSync (/Users/invoture/dev.local/hey-peter/node_modules/.pnpm/react-dom@18.3.1_react@18.3.1/node_modules/react-dom/cjs/react-dom.development.js:26505:5)
          at renderRootSync (/Users/invoture/dev.local/hey-peter/node_modules/.pnpm/react-dom@18.3.1_react@18.3.1/node_modules/react-dom/cjs/react-dom.development.js:26473:7)
          at performConcurrentWorkOnRoot (/Users/invoture/dev.local/hey-peter/node_modules/.pnpm/react-dom@18.3.1_react@18.3.1/node_modules/react-dom/cjs/react-dom.development.js:25777:74)
          at flushActQueue (/Users/invoture/dev.local/hey-peter/node_modules/.pnpm/react@18.3.1/node_modules/react/cjs/react.development.js:2667:24)
          at act (/Users/invoture/dev.local/hey-peter/node_modules/.pnpm/react@18.3.1/node_modules/react/cjs/react.development.js:2582:11)
          at /Users/invoture/dev.local/hey-peter/node_modules/.pnpm/@testing-library+react@16.3.0_@testing-library+dom@10.4.0_@types+react-dom@18.3.7_@type_efee5276f61270375aed4c032a71d5e5/node_modules/@testing-library/react/dist/act-compat.js:47:25
          at renderRoot (/Users/invoture/dev.local/hey-peter/node_modules/.pnpm/@testing-library+react@16.3.0_@testing-library+dom@10.4.0_@types+react-dom@18.3.7_@type_efee5276f61270375aed4c032a71d5e5/node_modules/@testing-library/react/dist/pure.js:190:26)
          at render (/Users/invoture/dev.local/hey-peter/node_modules/.pnpm/@testing-library+react@16.3.0_@testing-library+dom@10.4.0_@types+react-dom@18.3.7_@type_efee5276f61270375aed4c032a71d5e5/node_modules/@testing-library/react/dist/pure.js:292:10)
          at Object.<anonymous> (/Users/invoture/dev.local/hey-peter/src/components/admin/dashboard/analytics/__tests__/StudentAnalytics.test.tsx:95:11)
          at Promise.finally.completed (/Users/invoture/dev.local/hey-peter/node_modules/.pnpm/jest-circus@30.0.2/node_modules/jest-circus/build/jestAdapterInit.js:1559:28)
          at new Promise (<anonymous>)
          at callAsyncCircusFn (/Users/invoture/dev.local/hey-peter/node_modules/.pnpm/jest-circus@30.0.2/node_modules/jest-circus/build/jestAdapterInit.js:1499:10)
          at _callCircusTest (/Users/invoture/dev.local/hey-peter/node_modules/.pnpm/jest-circus@30.0.2/node_modules/jest-circus/build/jestAdapterInit.js:1009:40)
          at _runTest (/Users/invoture/dev.local/hey-peter/node_modules/.pnpm/jest-circus@30.0.2/node_modules/jest-circus/build/jestAdapterInit.js:949:3)
          at _runTestsForDescribeBlock (/Users/invoture/dev.local/hey-peter/node_modules/.pnpm/jest-circus@30.0.2/node_modules/jest-circus/build/jestAdapterInit.js:839:13)
          at _runTestsForDescribeBlock (/Users/invoture/dev.local/hey-peter/node_modules/.pnpm/jest-circus@30.0.2/node_modules/jest-circus/build/jestAdapterInit.js:829:11)
          at run (/Users/invoture/dev.local/hey-peter/node_modules/.pnpm/jest-circus@30.0.2/node_modules/jest-circus/build/jestAdapterInit.js:757:3)
          at runAndTransformResultsToJestFormat (/Users/invoture/dev.local/hey-peter/node_modules/.pnpm/jest-circus@30.0.2/node_modules/jest-circus/build/jestAdapterInit.js:1920:21)
          at jestAdapter (/Users/invoture/dev.local/hey-peter/node_modules/.pnpm/jest-circus@30.0.2/node_modules/jest-circus/build/runner.js:101:19)
          at runTestInternal (/Users/invoture/dev.local/hey-peter/node_modules/.pnpm/jest-runner@30.0.2/node_modules/jest-runner/build/testWorker.js:272:16)
          at runTest (/Users/invoture/dev.local/hey-peter/node_modules/.pnpm/jest-runner@30.0.2/node_modules/jest-runner/build/testWorker.js:340:7)
          at Object.worker (/Users/invoture/dev.local/hey-peter/node_modules/.pnpm/jest-runner@30.0.2/node_modules/jest-runner/build/testWorker.js:494:12)

      93 |
      94 |   it("shows progress distribution chart", async () => {
    > 95 |     render(<StudentAnalytics />);
         |           ^
      96 |
      97 |     await waitFor(() => {
      98 |       expect(screen.queryByRole("status")).not.toBeInTheDocument();

      at defaultOnRecoverableError (node_modules/.pnpm/react-dom@18.3.1_react@18.3.1/node_modules/react-dom/cjs/react-dom.development.js:29317:19)
      at commitRootImpl (node_modules/.pnpm/react-dom@18.3.1_react@18.3.1/node_modules/react-dom/cjs/react-dom.development.js:26951:7)
      at commitRoot (node_modules/.pnpm/react-dom@18.3.1_react@18.3.1/node_modules/react-dom/cjs/react-dom.development.js:26721:5)
      at finishConcurrentRender (node_modules/.pnpm/react-dom@18.3.1_react@18.3.1/node_modules/react-dom/cjs/react-dom.development.js:26020:9)
      at performConcurrentWorkOnRoot (node_modules/.pnpm/react-dom@18.3.1_react@18.3.1/node_modules/react-dom/cjs/react-dom.development.js:25848:7)
      at flushActQueue (node_modules/.pnpm/react@18.3.1/node_modules/react/cjs/react.development.js:2667:24)
      at act (node_modules/.pnpm/react@18.3.1/node_modules/react/cjs/react.development.js:2582:11)
      at node_modules/.pnpm/@testing-library+react@16.3.0_@testing-library+dom@10.4.0_@types+react-dom@18.3.7_@type_efee5276f61270375aed4c032a71d5e5/node_modules/@testing-library/react/dist/act-compat.js:47:25
      at renderRoot (node_modules/.pnpm/@testing-library+react@16.3.0_@testing-library+dom@10.4.0_@types+react-dom@18.3.7_@type_efee5276f61270375aed4c032a71d5e5/node_modules/@testing-library/react/dist/pure.js:190:26)
      at render (node_modules/.pnpm/@testing-library+react@16.3.0_@testing-library+dom@10.4.0_@types+react-dom@18.3.7_@type_efee5276f61270375aed4c032a71d5e5/node_modules/@testing-library/react/dist/pure.js:292:10)
      at Object.<anonymous> (src/components/admin/dashboard/analytics/__tests__/StudentAnalytics.test.tsx:95:11)

    console.error
      Error: Uncaught [TypeError: Cannot destructure property 'activeIndex' of '(0 , _hooks.useAppSelector)(...)' as it is undefined.]
          at Object.<anonymous> (src/components/admin/dashboard/analytics/__tests__/StudentAnalytics.test.tsx:109:11)
          at new Promise (<anonymous>) {
        detail: TypeError: Cannot destructure property 'activeIndex' of '(0 , _hooks.useAppSelector)(...)' as it is undefined.
            at Tooltip (/Users/invoture/dev.local/hey-peter/node_modules/.pnpm/recharts@3.0.2_@types+react@18.3.23_react-dom@18.3.1_react@18.3.1__react-is@18.3.1_react@18.3.1_redux@5.0.1/node_modules/recharts/lib/component/Tooltip.js:107:5)
            at renderWithHooks (/Users/invoture/dev.local/hey-peter/node_modules/.pnpm/react-dom@18.3.1_react@18.3.1/node_modules/react-dom/cjs/react-dom.development.js:15486:18)
            at mountIndeterminateComponent (/Users/invoture/dev.local/hey-peter/node_modules/.pnpm/react-dom@18.3.1_react@18.3.1/node_modules/react-dom/cjs/react-dom.development.js:20103:13)
            at beginWork (/Users/invoture/dev.local/hey-peter/node_modules/.pnpm/react-dom@18.3.1_react@18.3.1/node_modules/react-dom/cjs/react-dom.development.js:21626:16)
            at HTMLUnknownElement.callCallback (/Users/invoture/dev.local/hey-peter/node_modules/.pnpm/react-dom@18.3.1_react@18.3.1/node_modules/react-dom/cjs/react-dom.development.js:4164:14)
            at HTMLUnknownElement.callTheUserObjectsOperation (/Users/invoture/dev.local/hey-peter/node_modules/.pnpm/jsdom@26.1.0/node_modules/jsdom/lib/jsdom/living/generated/EventListener.js:26:30)
            at innerInvokeEventListeners (/Users/invoture/dev.local/hey-peter/node_modules/.pnpm/jsdom@26.1.0/node_modules/jsdom/lib/jsdom/living/events/EventTarget-impl.js:350:25)
            at invokeEventListeners (/Users/invoture/dev.local/hey-peter/node_modules/.pnpm/jsdom@26.1.0/node_modules/jsdom/lib/jsdom/living/events/EventTarget-impl.js:286:3)
            at HTMLUnknownElementImpl._dispatch (/Users/invoture/dev.local/hey-peter/node_modules/.pnpm/jsdom@26.1.0/node_modules/jsdom/lib/jsdom/living/events/EventTarget-impl.js:233:9)
            at HTMLUnknownElementImpl.dispatchEvent (/Users/invoture/dev.local/hey-peter/node_modules/.pnpm/jsdom@26.1.0/node_modules/jsdom/lib/jsdom/living/events/EventTarget-impl.js:104:17)
            at HTMLUnknownElement.dispatchEvent (/Users/invoture/dev.local/hey-peter/node_modules/.pnpm/jsdom@26.1.0/node_modules/jsdom/lib/jsdom/living/generated/EventTarget.js:241:34)
            at Object.invokeGuardedCallbackDev (/Users/invoture/dev.local/hey-peter/node_modules/.pnpm/react-dom@18.3.1_react@18.3.1/node_modules/react-dom/cjs/react-dom.development.js:4213:16)
            at invokeGuardedCallback (/Users/invoture/dev.local/hey-peter/node_modules/.pnpm/react-dom@18.3.1_react@18.3.1/node_modules/react-dom/cjs/react-dom.development.js:4277:31)
            at beginWork$1 (/Users/invoture/dev.local/hey-peter/node_modules/.pnpm/react-dom@18.3.1_react@18.3.1/node_modules/react-dom/cjs/react-dom.development.js:27490:7)
            at performUnitOfWork (/Users/invoture/dev.local/hey-peter/node_modules/.pnpm/react-dom@18.3.1_react@18.3.1/node_modules/react-dom/cjs/react-dom.development.js:26599:12)
            at workLoopSync (/Users/invoture/dev.local/hey-peter/node_modules/.pnpm/react-dom@18.3.1_react@18.3.1/node_modules/react-dom/cjs/react-dom.development.js:26505:5)
            at renderRootSync (/Users/invoture/dev.local/hey-peter/node_modules/.pnpm/react-dom@18.3.1_react@18.3.1/node_modules/react-dom/cjs/react-dom.development.js:26473:7)
            at performConcurrentWorkOnRoot (/Users/invoture/dev.local/hey-peter/node_modules/.pnpm/react-dom@18.3.1_react@18.3.1/node_modules/react-dom/cjs/react-dom.development.js:25777:74)
            at flushActQueue (/Users/invoture/dev.local/hey-peter/node_modules/.pnpm/react@18.3.1/node_modules/react/cjs/react.development.js:2667:24)
            at act (/Users/invoture/dev.local/hey-peter/node_modules/.pnpm/react@18.3.1/node_modules/react/cjs/react.development.js:2582:11)
            at /Users/invoture/dev.local/hey-peter/node_modules/.pnpm/@testing-library+react@16.3.0_@testing-library+dom@10.4.0_@types+react-dom@18.3.7_@type_efee5276f61270375aed4c032a71d5e5/node_modules/@testing-library/react/dist/act-compat.js:47:25
            at renderRoot (/Users/invoture/dev.local/hey-peter/node_modules/.pnpm/@testing-library+react@16.3.0_@testing-library+dom@10.4.0_@types+react-dom@18.3.7_@type_efee5276f61270375aed4c032a71d5e5/node_modules/@testing-library/react/dist/pure.js:190:26)
            at render (/Users/invoture/dev.local/hey-peter/node_modules/.pnpm/@testing-library+react@16.3.0_@testing-library+dom@10.4.0_@types+react-dom@18.3.7_@type_efee5276f61270375aed4c032a71d5e5/node_modules/@testing-library/react/dist/pure.js:292:10)
            at Object.<anonymous> (/Users/invoture/dev.local/hey-peter/src/components/admin/dashboard/analytics/__tests__/StudentAnalytics.test.tsx:109:11)
            at Promise.finally.completed (/Users/invoture/dev.local/hey-peter/node_modules/.pnpm/jest-circus@30.0.2/node_modules/jest-circus/build/jestAdapterInit.js:1559:28)
            at new Promise (<anonymous>)
            at callAsyncCircusFn (/Users/invoture/dev.local/hey-peter/node_modules/.pnpm/jest-circus@30.0.2/node_modules/jest-circus/build/jestAdapterInit.js:1499:10)
            at _callCircusTest (/Users/invoture/dev.local/hey-peter/node_modules/.pnpm/jest-circus@30.0.2/node_modules/jest-circus/build/jestAdapterInit.js:1009:40)
            at _runTest (/Users/invoture/dev.local/hey-peter/node_modules/.pnpm/jest-circus@30.0.2/node_modules/jest-circus/build/jestAdapterInit.js:949:3)
            at _runTestsForDescribeBlock (/Users/invoture/dev.local/hey-peter/node_modules/.pnpm/jest-circus@30.0.2/node_modules/jest-circus/build/jestAdapterInit.js:839:13)
            at _runTestsForDescribeBlock (/Users/invoture/dev.local/hey-peter/node_modules/.pnpm/jest-circus@30.0.2/node_modules/jest-circus/build/jestAdapterInit.js:829:11)
            at run (/Users/invoture/dev.local/hey-peter/node_modules/.pnpm/jest-circus@30.0.2/node_modules/jest-circus/build/jestAdapterInit.js:757:3)
            at runAndTransformResultsToJestFormat (/Users/invoture/dev.local/hey-peter/node_modules/.pnpm/jest-circus@30.0.2/node_modules/jest-circus/build/jestAdapterInit.js:1920:21)
            at jestAdapter (/Users/invoture/dev.local/hey-peter/node_modules/.pnpm/jest-circus@30.0.2/node_modules/jest-circus/build/runner.js:101:19)
            at runTestInternal (/Users/invoture/dev.local/hey-peter/node_modules/.pnpm/jest-runner@30.0.2/node_modules/jest-runner/build/testWorker.js:272:16)
            at runTest (/Users/invoture/dev.local/hey-peter/node_modules/.pnpm/jest-runner@30.0.2/node_modules/jest-runner/build/testWorker.js:340:7)
            at Object.worker (/Users/invoture/dev.local/hey-peter/node_modules/.pnpm/jest-runner@30.0.2/node_modules/jest-runner/build/testWorker.js:494:12),
        type: 'unhandled exception'
      }

      107 |
      108 |   it("displays learning pace analysis", async () => {
    > 109 |     render(<StudentAnalytics />);
          |           ^
      110 |
      111 |     await waitFor(() => {
      112 |       expect(screen.queryByRole("status")).not.toBeInTheDocument();

      at VirtualConsole.<anonymous> (node_modules/.pnpm/@jest+environment-jsdom-abstract@30.0.4_jsdom@26.1.0/node_modules/@jest/environment-jsdom-abstract/build/index.js:78:23)
      at reportException (node_modules/.pnpm/jsdom@26.1.0/node_modules/jsdom/lib/jsdom/living/helpers/runtime-script-errors.js:70:28)
      at innerInvokeEventListeners (node_modules/.pnpm/jsdom@26.1.0/node_modules/jsdom/lib/jsdom/living/events/EventTarget-impl.js:353:9)
      at invokeEventListeners (node_modules/.pnpm/jsdom@26.1.0/node_modules/jsdom/lib/jsdom/living/events/EventTarget-impl.js:286:3)
      at HTMLUnknownElementImpl._dispatch (node_modules/.pnpm/jsdom@26.1.0/node_modules/jsdom/lib/jsdom/living/events/EventTarget-impl.js:233:9)
      at HTMLUnknownElementImpl.dispatchEvent (node_modules/.pnpm/jsdom@26.1.0/node_modules/jsdom/lib/jsdom/living/events/EventTarget-impl.js:104:17)
      at HTMLUnknownElement.dispatchEvent (node_modules/.pnpm/jsdom@26.1.0/node_modules/jsdom/lib/jsdom/living/generated/EventTarget.js:241:34)
      at Object.invokeGuardedCallbackDev (node_modules/.pnpm/react-dom@18.3.1_react@18.3.1/node_modules/react-dom/cjs/react-dom.development.js:4213:16)
      at invokeGuardedCallback (node_modules/.pnpm/react-dom@18.3.1_react@18.3.1/node_modules/react-dom/cjs/react-dom.development.js:4277:31)
      at beginWork$1 (node_modules/.pnpm/react-dom@18.3.1_react@18.3.1/node_modules/react-dom/cjs/react-dom.development.js:27490:7)
      at performUnitOfWork (node_modules/.pnpm/react-dom@18.3.1_react@18.3.1/node_modules/react-dom/cjs/react-dom.development.js:26599:12)
      at workLoopSync (node_modules/.pnpm/react-dom@18.3.1_react@18.3.1/node_modules/react-dom/cjs/react-dom.development.js:26505:5)
      at renderRootSync (node_modules/.pnpm/react-dom@18.3.1_react@18.3.1/node_modules/react-dom/cjs/react-dom.development.js:26473:7)
      at performConcurrentWorkOnRoot (node_modules/.pnpm/react-dom@18.3.1_react@18.3.1/node_modules/react-dom/cjs/react-dom.development.js:25777:74)
      at flushActQueue (node_modules/.pnpm/react@18.3.1/node_modules/react/cjs/react.development.js:2667:24)
      at act (node_modules/.pnpm/react@18.3.1/node_modules/react/cjs/react.development.js:2582:11)
      at node_modules/.pnpm/@testing-library+react@16.3.0_@testing-library+dom@10.4.0_@types+react-dom@18.3.7_@type_efee5276f61270375aed4c032a71d5e5/node_modules/@testing-library/react/dist/act-compat.js:47:25
      at renderRoot (node_modules/.pnpm/@testing-library+react@16.3.0_@testing-library+dom@10.4.0_@types+react-dom@18.3.7_@type_efee5276f61270375aed4c032a71d5e5/node_modules/@testing-library/react/dist/pure.js:190:26)
      at render (node_modules/.pnpm/@testing-library+react@16.3.0_@testing-library+dom@10.4.0_@types+react-dom@18.3.7_@type_efee5276f61270375aed4c032a71d5e5/node_modules/@testing-library/react/dist/pure.js:292:10)
      at Object.<anonymous> (src/components/admin/dashboard/analytics/__tests__/StudentAnalytics.test.tsx:109:11)

    console.error
      TypeError: Cannot destructure property 'activeIndex' of '(0 , _hooks.useAppSelector)(...)' as it is undefined.
          at Tooltip (/Users/invoture/dev.local/hey-peter/node_modules/.pnpm/recharts@3.0.2_@types+react@18.3.23_react-dom@18.3.1_react@18.3.1__react-is@18.3.1_react@18.3.1_redux@5.0.1/node_modules/recharts/lib/component/Tooltip.js:107:5)
          at renderWithHooks (/Users/invoture/dev.local/hey-peter/node_modules/.pnpm/react-dom@18.3.1_react@18.3.1/node_modules/react-dom/cjs/react-dom.development.js:15486:18)
          at mountIndeterminateComponent (/Users/invoture/dev.local/hey-peter/node_modules/.pnpm/react-dom@18.3.1_react@18.3.1/node_modules/react-dom/cjs/react-dom.development.js:20103:13)
          at beginWork (/Users/invoture/dev.local/hey-peter/node_modules/.pnpm/react-dom@18.3.1_react@18.3.1/node_modules/react-dom/cjs/react-dom.development.js:21626:16)
          at beginWork$1 (/Users/invoture/dev.local/hey-peter/node_modules/.pnpm/react-dom@18.3.1_react@18.3.1/node_modules/react-dom/cjs/react-dom.development.js:27465:14)
          at performUnitOfWork (/Users/invoture/dev.local/hey-peter/node_modules/.pnpm/react-dom@18.3.1_react@18.3.1/node_modules/react-dom/cjs/react-dom.development.js:26599:12)
          at workLoopSync (/Users/invoture/dev.local/hey-peter/node_modules/.pnpm/react-dom@18.3.1_react@18.3.1/node_modules/react-dom/cjs/react-dom.development.js:26505:5)
          at renderRootSync (/Users/invoture/dev.local/hey-peter/node_modules/.pnpm/react-dom@18.3.1_react@18.3.1/node_modules/react-dom/cjs/react-dom.development.js:26473:7)
          at performConcurrentWorkOnRoot (/Users/invoture/dev.local/hey-peter/node_modules/.pnpm/react-dom@18.3.1_react@18.3.1/node_modules/react-dom/cjs/react-dom.development.js:25777:74)
          at flushActQueue (/Users/invoture/dev.local/hey-peter/node_modules/.pnpm/react@18.3.1/node_modules/react/cjs/react.development.js:2667:24)
          at act (/Users/invoture/dev.local/hey-peter/node_modules/.pnpm/react@18.3.1/node_modules/react/cjs/react.development.js:2582:11)
          at /Users/invoture/dev.local/hey-peter/node_modules/.pnpm/@testing-library+react@16.3.0_@testing-library+dom@10.4.0_@types+react-dom@18.3.7_@type_efee5276f61270375aed4c032a71d5e5/node_modules/@testing-library/react/dist/act-compat.js:47:25
          at renderRoot (/Users/invoture/dev.local/hey-peter/node_modules/.pnpm/@testing-library+react@16.3.0_@testing-library+dom@10.4.0_@types+react-dom@18.3.7_@type_efee5276f61270375aed4c032a71d5e5/node_modules/@testing-library/react/dist/pure.js:190:26)
          at render (/Users/invoture/dev.local/hey-peter/node_modules/.pnpm/@testing-library+react@16.3.0_@testing-library+dom@10.4.0_@types+react-dom@18.3.7_@type_efee5276f61270375aed4c032a71d5e5/node_modules/@testing-library/react/dist/pure.js:292:10)
          at Object.<anonymous> (/Users/invoture/dev.local/hey-peter/src/components/admin/dashboard/analytics/__tests__/StudentAnalytics.test.tsx:109:11)
          at Promise.finally.completed (/Users/invoture/dev.local/hey-peter/node_modules/.pnpm/jest-circus@30.0.2/node_modules/jest-circus/build/jestAdapterInit.js:1559:28)
          at new Promise (<anonymous>)
          at callAsyncCircusFn (/Users/invoture/dev.local/hey-peter/node_modules/.pnpm/jest-circus@30.0.2/node_modules/jest-circus/build/jestAdapterInit.js:1499:10)
          at _callCircusTest (/Users/invoture/dev.local/hey-peter/node_modules/.pnpm/jest-circus@30.0.2/node_modules/jest-circus/build/jestAdapterInit.js:1009:40)
          at _runTest (/Users/invoture/dev.local/hey-peter/node_modules/.pnpm/jest-circus@30.0.2/node_modules/jest-circus/build/jestAdapterInit.js:949:3)
          at _runTestsForDescribeBlock (/Users/invoture/dev.local/hey-peter/node_modules/.pnpm/jest-circus@30.0.2/node_modules/jest-circus/build/jestAdapterInit.js:839:13)
          at _runTestsForDescribeBlock (/Users/invoture/dev.local/hey-peter/node_modules/.pnpm/jest-circus@30.0.2/node_modules/jest-circus/build/jestAdapterInit.js:829:11)
          at run (/Users/invoture/dev.local/hey-peter/node_modules/.pnpm/jest-circus@30.0.2/node_modules/jest-circus/build/jestAdapterInit.js:757:3)
          at runAndTransformResultsToJestFormat (/Users/invoture/dev.local/hey-peter/node_modules/.pnpm/jest-circus@30.0.2/node_modules/jest-circus/build/jestAdapterInit.js:1920:21)
          at jestAdapter (/Users/invoture/dev.local/hey-peter/node_modules/.pnpm/jest-circus@30.0.2/node_modules/jest-circus/build/runner.js:101:19)
          at runTestInternal (/Users/invoture/dev.local/hey-peter/node_modules/.pnpm/jest-runner@30.0.2/node_modules/jest-runner/build/testWorker.js:272:16)
          at runTest (/Users/invoture/dev.local/hey-peter/node_modules/.pnpm/jest-runner@30.0.2/node_modules/jest-runner/build/testWorker.js:340:7)
          at Object.worker (/Users/invoture/dev.local/hey-peter/node_modules/.pnpm/jest-runner@30.0.2/node_modules/jest-runner/build/testWorker.js:494:12)

      107 |
      108 |   it("displays learning pace analysis", async () => {
    > 109 |     render(<StudentAnalytics />);
          |           ^
      110 |
      111 |     await waitFor(() => {
      112 |       expect(screen.queryByRole("status")).not.toBeInTheDocument();

      at defaultOnRecoverableError (node_modules/.pnpm/react-dom@18.3.1_react@18.3.1/node_modules/react-dom/cjs/react-dom.development.js:29317:19)
      at commitRootImpl (node_modules/.pnpm/react-dom@18.3.1_react@18.3.1/node_modules/react-dom/cjs/react-dom.development.js:26951:7)
      at commitRoot (node_modules/.pnpm/react-dom@18.3.1_react@18.3.1/node_modules/react-dom/cjs/react-dom.development.js:26721:5)
      at finishConcurrentRender (node_modules/.pnpm/react-dom@18.3.1_react@18.3.1/node_modules/react-dom/cjs/react-dom.development.js:26020:9)
      at performConcurrentWorkOnRoot (node_modules/.pnpm/react-dom@18.3.1_react@18.3.1/node_modules/react-dom/cjs/react-dom.development.js:25848:7)
      at flushActQueue (node_modules/.pnpm/react@18.3.1/node_modules/react/cjs/react.development.js:2667:24)
      at act (node_modules/.pnpm/react@18.3.1/node_modules/react/cjs/react.development.js:2582:11)
      at node_modules/.pnpm/@testing-library+react@16.3.0_@testing-library+dom@10.4.0_@types+react-dom@18.3.7_@type_efee5276f61270375aed4c032a71d5e5/node_modules/@testing-library/react/dist/act-compat.js:47:25
      at renderRoot (node_modules/.pnpm/@testing-library+react@16.3.0_@testing-library+dom@10.4.0_@types+react-dom@18.3.7_@type_efee5276f61270375aed4c032a71d5e5/node_modules/@testing-library/react/dist/pure.js:190:26)
      at render (node_modules/.pnpm/@testing-library+react@16.3.0_@testing-library+dom@10.4.0_@types+react-dom@18.3.7_@type_efee5276f61270375aed4c032a71d5e5/node_modules/@testing-library/react/dist/pure.js:292:10)
      at Object.<anonymous> (src/components/admin/dashboard/analytics/__tests__/StudentAnalytics.test.tsx:109:11)

    console.error
      Error: Uncaught [TypeError: Cannot destructure property 'activeIndex' of '(0 , _hooks.useAppSelector)(...)' as it is undefined.]
          at Object.<anonymous> (src/components/admin/dashboard/analytics/__tests__/StudentAnalytics.test.tsx:122:11)
          at new Promise (<anonymous>) {
        detail: TypeError: Cannot destructure property 'activeIndex' of '(0 , _hooks.useAppSelector)(...)' as it is undefined.
            at Tooltip (/Users/invoture/dev.local/hey-peter/node_modules/.pnpm/recharts@3.0.2_@types+react@18.3.23_react-dom@18.3.1_react@18.3.1__react-is@18.3.1_react@18.3.1_redux@5.0.1/node_modules/recharts/lib/component/Tooltip.js:107:5)
            at renderWithHooks (/Users/invoture/dev.local/hey-peter/node_modules/.pnpm/react-dom@18.3.1_react@18.3.1/node_modules/react-dom/cjs/react-dom.development.js:15486:18)
            at mountIndeterminateComponent (/Users/invoture/dev.local/hey-peter/node_modules/.pnpm/react-dom@18.3.1_react@18.3.1/node_modules/react-dom/cjs/react-dom.development.js:20103:13)
            at beginWork (/Users/invoture/dev.local/hey-peter/node_modules/.pnpm/react-dom@18.3.1_react@18.3.1/node_modules/react-dom/cjs/react-dom.development.js:21626:16)
            at HTMLUnknownElement.callCallback (/Users/invoture/dev.local/hey-peter/node_modules/.pnpm/react-dom@18.3.1_react@18.3.1/node_modules/react-dom/cjs/react-dom.development.js:4164:14)
            at HTMLUnknownElement.callTheUserObjectsOperation (/Users/invoture/dev.local/hey-peter/node_modules/.pnpm/jsdom@26.1.0/node_modules/jsdom/lib/jsdom/living/generated/EventListener.js:26:30)
            at innerInvokeEventListeners (/Users/invoture/dev.local/hey-peter/node_modules/.pnpm/jsdom@26.1.0/node_modules/jsdom/lib/jsdom/living/events/EventTarget-impl.js:350:25)
            at invokeEventListeners (/Users/invoture/dev.local/hey-peter/node_modules/.pnpm/jsdom@26.1.0/node_modules/jsdom/lib/jsdom/living/events/EventTarget-impl.js:286:3)
            at HTMLUnknownElementImpl._dispatch (/Users/invoture/dev.local/hey-peter/node_modules/.pnpm/jsdom@26.1.0/node_modules/jsdom/lib/jsdom/living/events/EventTarget-impl.js:233:9)
            at HTMLUnknownElementImpl.dispatchEvent (/Users/invoture/dev.local/hey-peter/node_modules/.pnpm/jsdom@26.1.0/node_modules/jsdom/lib/jsdom/living/events/EventTarget-impl.js:104:17)
            at HTMLUnknownElement.dispatchEvent (/Users/invoture/dev.local/hey-peter/node_modules/.pnpm/jsdom@26.1.0/node_modules/jsdom/lib/jsdom/living/generated/EventTarget.js:241:34)
            at Object.invokeGuardedCallbackDev (/Users/invoture/dev.local/hey-peter/node_modules/.pnpm/react-dom@18.3.1_react@18.3.1/node_modules/react-dom/cjs/react-dom.development.js:4213:16)
            at invokeGuardedCallback (/Users/invoture/dev.local/hey-peter/node_modules/.pnpm/react-dom@18.3.1_react@18.3.1/node_modules/react-dom/cjs/react-dom.development.js:4277:31)
            at beginWork$1 (/Users/invoture/dev.local/hey-peter/node_modules/.pnpm/react-dom@18.3.1_react@18.3.1/node_modules/react-dom/cjs/react-dom.development.js:27490:7)
            at performUnitOfWork (/Users/invoture/dev.local/hey-peter/node_modules/.pnpm/react-dom@18.3.1_react@18.3.1/node_modules/react-dom/cjs/react-dom.development.js:26599:12)
            at workLoopSync (/Users/invoture/dev.local/hey-peter/node_modules/.pnpm/react-dom@18.3.1_react@18.3.1/node_modules/react-dom/cjs/react-dom.development.js:26505:5)
            at renderRootSync (/Users/invoture/dev.local/hey-peter/node_modules/.pnpm/react-dom@18.3.1_react@18.3.1/node_modules/react-dom/cjs/react-dom.development.js:26473:7)
            at performConcurrentWorkOnRoot (/Users/invoture/dev.local/hey-peter/node_modules/.pnpm/react-dom@18.3.1_react@18.3.1/node_modules/react-dom/cjs/react-dom.development.js:25777:74)
            at flushActQueue (/Users/invoture/dev.local/hey-peter/node_modules/.pnpm/react@18.3.1/node_modules/react/cjs/react.development.js:2667:24)
            at act (/Users/invoture/dev.local/hey-peter/node_modules/.pnpm/react@18.3.1/node_modules/react/cjs/react.development.js:2582:11)
            at /Users/invoture/dev.local/hey-peter/node_modules/.pnpm/@testing-library+react@16.3.0_@testing-library+dom@10.4.0_@types+react-dom@18.3.7_@type_efee5276f61270375aed4c032a71d5e5/node_modules/@testing-library/react/dist/act-compat.js:47:25
            at renderRoot (/Users/invoture/dev.local/hey-peter/node_modules/.pnpm/@testing-library+react@16.3.0_@testing-library+dom@10.4.0_@types+react-dom@18.3.7_@type_efee5276f61270375aed4c032a71d5e5/node_modules/@testing-library/react/dist/pure.js:190:26)
            at render (/Users/invoture/dev.local/hey-peter/node_modules/.pnpm/@testing-library+react@16.3.0_@testing-library+dom@10.4.0_@types+react-dom@18.3.7_@type_efee5276f61270375aed4c032a71d5e5/node_modules/@testing-library/react/dist/pure.js:292:10)
            at Object.<anonymous> (/Users/invoture/dev.local/hey-peter/src/components/admin/dashboard/analytics/__tests__/StudentAnalytics.test.tsx:122:11)
            at Promise.finally.completed (/Users/invoture/dev.local/hey-peter/node_modules/.pnpm/jest-circus@30.0.2/node_modules/jest-circus/build/jestAdapterInit.js:1559:28)
            at new Promise (<anonymous>)
            at callAsyncCircusFn (/Users/invoture/dev.local/hey-peter/node_modules/.pnpm/jest-circus@30.0.2/node_modules/jest-circus/build/jestAdapterInit.js:1499:10)
            at _callCircusTest (/Users/invoture/dev.local/hey-peter/node_modules/.pnpm/jest-circus@30.0.2/node_modules/jest-circus/build/jestAdapterInit.js:1009:40)
            at _runTest (/Users/invoture/dev.local/hey-peter/node_modules/.pnpm/jest-circus@30.0.2/node_modules/jest-circus/build/jestAdapterInit.js:949:3)
            at _runTestsForDescribeBlock (/Users/invoture/dev.local/hey-peter/node_modules/.pnpm/jest-circus@30.0.2/node_modules/jest-circus/build/jestAdapterInit.js:839:13)
            at _runTestsForDescribeBlock (/Users/invoture/dev.local/hey-peter/node_modules/.pnpm/jest-circus@30.0.2/node_modules/jest-circus/build/jestAdapterInit.js:829:11)
            at run (/Users/invoture/dev.local/hey-peter/node_modules/.pnpm/jest-circus@30.0.2/node_modules/jest-circus/build/jestAdapterInit.js:757:3)
            at runAndTransformResultsToJestFormat (/Users/invoture/dev.local/hey-peter/node_modules/.pnpm/jest-circus@30.0.2/node_modules/jest-circus/build/jestAdapterInit.js:1920:21)
            at jestAdapter (/Users/invoture/dev.local/hey-peter/node_modules/.pnpm/jest-circus@30.0.2/node_modules/jest-circus/build/runner.js:101:19)
            at runTestInternal (/Users/invoture/dev.local/hey-peter/node_modules/.pnpm/jest-runner@30.0.2/node_modules/jest-runner/build/testWorker.js:272:16)
            at runTest (/Users/invoture/dev.local/hey-peter/node_modules/.pnpm/jest-runner@30.0.2/node_modules/jest-runner/build/testWorker.js:340:7)
            at Object.worker (/Users/invoture/dev.local/hey-peter/node_modules/.pnpm/jest-runner@30.0.2/node_modules/jest-runner/build/testWorker.js:494:12),
        type: 'unhandled exception'
      }

      120 |   it("shows at-risk students information", async () => {
      121 |     const user = userEvent.setup();
    > 122 |     render(<StudentAnalytics />);
          |           ^
      123 |
      124 |     await waitFor(() => {
      125 |       expect(screen.queryByRole("status")).not.toBeInTheDocument();

      at VirtualConsole.<anonymous> (node_modules/.pnpm/@jest+environment-jsdom-abstract@30.0.4_jsdom@26.1.0/node_modules/@jest/environment-jsdom-abstract/build/index.js:78:23)
      at reportException (node_modules/.pnpm/jsdom@26.1.0/node_modules/jsdom/lib/jsdom/living/helpers/runtime-script-errors.js:70:28)
      at innerInvokeEventListeners (node_modules/.pnpm/jsdom@26.1.0/node_modules/jsdom/lib/jsdom/living/events/EventTarget-impl.js:353:9)
      at invokeEventListeners (node_modules/.pnpm/jsdom@26.1.0/node_modules/jsdom/lib/jsdom/living/events/EventTarget-impl.js:286:3)
      at HTMLUnknownElementImpl._dispatch (node_modules/.pnpm/jsdom@26.1.0/node_modules/jsdom/lib/jsdom/living/events/EventTarget-impl.js:233:9)
      at HTMLUnknownElementImpl.dispatchEvent (node_modules/.pnpm/jsdom@26.1.0/node_modules/jsdom/lib/jsdom/living/events/EventTarget-impl.js:104:17)
      at HTMLUnknownElement.dispatchEvent (node_modules/.pnpm/jsdom@26.1.0/node_modules/jsdom/lib/jsdom/living/generated/EventTarget.js:241:34)
      at Object.invokeGuardedCallbackDev (node_modules/.pnpm/react-dom@18.3.1_react@18.3.1/node_modules/react-dom/cjs/react-dom.development.js:4213:16)
      at invokeGuardedCallback (node_modules/.pnpm/react-dom@18.3.1_react@18.3.1/node_modules/react-dom/cjs/react-dom.development.js:4277:31)
      at beginWork$1 (node_modules/.pnpm/react-dom@18.3.1_react@18.3.1/node_modules/react-dom/cjs/react-dom.development.js:27490:7)
      at performUnitOfWork (node_modules/.pnpm/react-dom@18.3.1_react@18.3.1/node_modules/react-dom/cjs/react-dom.development.js:26599:12)
      at workLoopSync (node_modules/.pnpm/react-dom@18.3.1_react@18.3.1/node_modules/react-dom/cjs/react-dom.development.js:26505:5)
      at renderRootSync (node_modules/.pnpm/react-dom@18.3.1_react@18.3.1/node_modules/react-dom/cjs/react-dom.development.js:26473:7)
      at performConcurrentWorkOnRoot (node_modules/.pnpm/react-dom@18.3.1_react@18.3.1/node_modules/react-dom/cjs/react-dom.development.js:25777:74)
      at flushActQueue (node_modules/.pnpm/react@18.3.1/node_modules/react/cjs/react.development.js:2667:24)
      at act (node_modules/.pnpm/react@18.3.1/node_modules/react/cjs/react.development.js:2582:11)
      at node_modules/.pnpm/@testing-library+react@16.3.0_@testing-library+dom@10.4.0_@types+react-dom@18.3.7_@type_efee5276f61270375aed4c032a71d5e5/node_modules/@testing-library/react/dist/act-compat.js:47:25
      at renderRoot (node_modules/.pnpm/@testing-library+react@16.3.0_@testing-library+dom@10.4.0_@types+react-dom@18.3.7_@type_efee5276f61270375aed4c032a71d5e5/node_modules/@testing-library/react/dist/pure.js:190:26)
      at render (node_modules/.pnpm/@testing-library+react@16.3.0_@testing-library+dom@10.4.0_@types+react-dom@18.3.7_@type_efee5276f61270375aed4c032a71d5e5/node_modules/@testing-library/react/dist/pure.js:292:10)
      at Object.<anonymous> (src/components/admin/dashboard/analytics/__tests__/StudentAnalytics.test.tsx:122:11)

    console.error
      TypeError: Cannot destructure property 'activeIndex' of '(0 , _hooks.useAppSelector)(...)' as it is undefined.
          at Tooltip (/Users/invoture/dev.local/hey-peter/node_modules/.pnpm/recharts@3.0.2_@types+react@18.3.23_react-dom@18.3.1_react@18.3.1__react-is@18.3.1_react@18.3.1_redux@5.0.1/node_modules/recharts/lib/component/Tooltip.js:107:5)
          at renderWithHooks (/Users/invoture/dev.local/hey-peter/node_modules/.pnpm/react-dom@18.3.1_react@18.3.1/node_modules/react-dom/cjs/react-dom.development.js:15486:18)
          at mountIndeterminateComponent (/Users/invoture/dev.local/hey-peter/node_modules/.pnpm/react-dom@18.3.1_react@18.3.1/node_modules/react-dom/cjs/react-dom.development.js:20103:13)
          at beginWork (/Users/invoture/dev.local/hey-peter/node_modules/.pnpm/react-dom@18.3.1_react@18.3.1/node_modules/react-dom/cjs/react-dom.development.js:21626:16)
          at beginWork$1 (/Users/invoture/dev.local/hey-peter/node_modules/.pnpm/react-dom@18.3.1_react@18.3.1/node_modules/react-dom/cjs/react-dom.development.js:27465:14)
          at performUnitOfWork (/Users/invoture/dev.local/hey-peter/node_modules/.pnpm/react-dom@18.3.1_react@18.3.1/node_modules/react-dom/cjs/react-dom.development.js:26599:12)
          at workLoopSync (/Users/invoture/dev.local/hey-peter/node_modules/.pnpm/react-dom@18.3.1_react@18.3.1/node_modules/react-dom/cjs/react-dom.development.js:26505:5)
          at renderRootSync (/Users/invoture/dev.local/hey-peter/node_modules/.pnpm/react-dom@18.3.1_react@18.3.1/node_modules/react-dom/cjs/react-dom.development.js:26473:7)
          at performConcurrentWorkOnRoot (/Users/invoture/dev.local/hey-peter/node_modules/.pnpm/react-dom@18.3.1_react@18.3.1/node_modules/react-dom/cjs/react-dom.development.js:25777:74)
          at flushActQueue (/Users/invoture/dev.local/hey-peter/node_modules/.pnpm/react@18.3.1/node_modules/react/cjs/react.development.js:2667:24)
          at act (/Users/invoture/dev.local/hey-peter/node_modules/.pnpm/react@18.3.1/node_modules/react/cjs/react.development.js:2582:11)
          at /Users/invoture/dev.local/hey-peter/node_modules/.pnpm/@testing-library+react@16.3.0_@testing-library+dom@10.4.0_@types+react-dom@18.3.7_@type_efee5276f61270375aed4c032a71d5e5/node_modules/@testing-library/react/dist/act-compat.js:47:25
          at renderRoot (/Users/invoture/dev.local/hey-peter/node_modules/.pnpm/@testing-library+react@16.3.0_@testing-library+dom@10.4.0_@types+react-dom@18.3.7_@type_efee5276f61270375aed4c032a71d5e5/node_modules/@testing-library/react/dist/pure.js:190:26)
          at render (/Users/invoture/dev.local/hey-peter/node_modules/.pnpm/@testing-library+react@16.3.0_@testing-library+dom@10.4.0_@types+react-dom@18.3.7_@type_efee5276f61270375aed4c032a71d5e5/node_modules/@testing-library/react/dist/pure.js:292:10)
          at Object.<anonymous> (/Users/invoture/dev.local/hey-peter/src/components/admin/dashboard/analytics/__tests__/StudentAnalytics.test.tsx:122:11)
          at Promise.finally.completed (/Users/invoture/dev.local/hey-peter/node_modules/.pnpm/jest-circus@30.0.2/node_modules/jest-circus/build/jestAdapterInit.js:1559:28)
          at new Promise (<anonymous>)
          at callAsyncCircusFn (/Users/invoture/dev.local/hey-peter/node_modules/.pnpm/jest-circus@30.0.2/node_modules/jest-circus/build/jestAdapterInit.js:1499:10)
          at _callCircusTest (/Users/invoture/dev.local/hey-peter/node_modules/.pnpm/jest-circus@30.0.2/node_modules/jest-circus/build/jestAdapterInit.js:1009:40)
          at _runTest (/Users/invoture/dev.local/hey-peter/node_modules/.pnpm/jest-circus@30.0.2/node_modules/jest-circus/build/jestAdapterInit.js:949:3)
          at _runTestsForDescribeBlock (/Users/invoture/dev.local/hey-peter/node_modules/.pnpm/jest-circus@30.0.2/node_modules/jest-circus/build/jestAdapterInit.js:839:13)
          at _runTestsForDescribeBlock (/Users/invoture/dev.local/hey-peter/node_modules/.pnpm/jest-circus@30.0.2/node_modules/jest-circus/build/jestAdapterInit.js:829:11)
          at run (/Users/invoture/dev.local/hey-peter/node_modules/.pnpm/jest-circus@30.0.2/node_modules/jest-circus/build/jestAdapterInit.js:757:3)
          at runAndTransformResultsToJestFormat (/Users/invoture/dev.local/hey-peter/node_modules/.pnpm/jest-circus@30.0.2/node_modules/jest-circus/build/jestAdapterInit.js:1920:21)
          at jestAdapter (/Users/invoture/dev.local/hey-peter/node_modules/.pnpm/jest-circus@30.0.2/node_modules/jest-circus/build/runner.js:101:19)
          at runTestInternal (/Users/invoture/dev.local/hey-peter/node_modules/.pnpm/jest-runner@30.0.2/node_modules/jest-runner/build/testWorker.js:272:16)
          at runTest (/Users/invoture/dev.local/hey-peter/node_modules/.pnpm/jest-runner@30.0.2/node_modules/jest-runner/build/testWorker.js:340:7)
          at Object.worker (/Users/invoture/dev.local/hey-peter/node_modules/.pnpm/jest-runner@30.0.2/node_modules/jest-runner/build/testWorker.js:494:12)

      120 |   it("shows at-risk students information", async () => {
      121 |     const user = userEvent.setup();
    > 122 |     render(<StudentAnalytics />);
          |           ^
      123 |
      124 |     await waitFor(() => {
      125 |       expect(screen.queryByRole("status")).not.toBeInTheDocument();

      at defaultOnRecoverableError (node_modules/.pnpm/react-dom@18.3.1_react@18.3.1/node_modules/react-dom/cjs/react-dom.development.js:29317:19)
      at commitRootImpl (node_modules/.pnpm/react-dom@18.3.1_react@18.3.1/node_modules/react-dom/cjs/react-dom.development.js:26951:7)
      at commitRoot (node_modules/.pnpm/react-dom@18.3.1_react@18.3.1/node_modules/react-dom/cjs/react-dom.development.js:26721:5)
      at finishConcurrentRender (node_modules/.pnpm/react-dom@18.3.1_react@18.3.1/node_modules/react-dom/cjs/react-dom.development.js:26020:9)
      at performConcurrentWorkOnRoot (node_modules/.pnpm/react-dom@18.3.1_react@18.3.1/node_modules/react-dom/cjs/react-dom.development.js:25848:7)
      at flushActQueue (node_modules/.pnpm/react@18.3.1/node_modules/react/cjs/react.development.js:2667:24)
      at act (node_modules/.pnpm/react@18.3.1/node_modules/react/cjs/react.development.js:2582:11)
      at node_modules/.pnpm/@testing-library+react@16.3.0_@testing-library+dom@10.4.0_@types+react-dom@18.3.7_@type_efee5276f61270375aed4c032a71d5e5/node_modules/@testing-library/react/dist/act-compat.js:47:25
      at renderRoot (node_modules/.pnpm/@testing-library+react@16.3.0_@testing-library+dom@10.4.0_@types+react-dom@18.3.7_@type_efee5276f61270375aed4c032a71d5e5/node_modules/@testing-library/react/dist/pure.js:190:26)
      at render (node_modules/.pnpm/@testing-library+react@16.3.0_@testing-library+dom@10.4.0_@types+react-dom@18.3.7_@type_efee5276f61270375aed4c032a71d5e5/node_modules/@testing-library/react/dist/pure.js:292:10)
      at Object.<anonymous> (src/components/admin/dashboard/analytics/__tests__/StudentAnalytics.test.tsx:122:11)

    console.error
      Error: Uncaught [TypeError: Cannot destructure property 'activeIndex' of '(0 , _hooks.useAppSelector)(...)' as it is undefined.]
          at Object.<anonymous> (src/components/admin/dashboard/analytics/__tests__/StudentAnalytics.test.tsx:129:5) {
        detail: TypeError: Cannot destructure property 'activeIndex' of '(0 , _hooks.useAppSelector)(...)' as it is undefined.
            at Tooltip (/Users/invoture/dev.local/hey-peter/node_modules/.pnpm/recharts@3.0.2_@types+react@18.3.23_react-dom@18.3.1_react@18.3.1__react-is@18.3.1_react@18.3.1_redux@5.0.1/node_modules/recharts/lib/component/Tooltip.js:107:5)
            at renderWithHooks (/Users/invoture/dev.local/hey-peter/node_modules/.pnpm/react-dom@18.3.1_react@18.3.1/node_modules/react-dom/cjs/react-dom.development.js:15486:18)
            at mountIndeterminateComponent (/Users/invoture/dev.local/hey-peter/node_modules/.pnpm/react-dom@18.3.1_react@18.3.1/node_modules/react-dom/cjs/react-dom.development.js:20103:13)
            at beginWork (/Users/invoture/dev.local/hey-peter/node_modules/.pnpm/react-dom@18.3.1_react@18.3.1/node_modules/react-dom/cjs/react-dom.development.js:21626:16)
            at HTMLUnknownElement.callCallback (/Users/invoture/dev.local/hey-peter/node_modules/.pnpm/react-dom@18.3.1_react@18.3.1/node_modules/react-dom/cjs/react-dom.development.js:4164:14)
            at HTMLUnknownElement.callTheUserObjectsOperation (/Users/invoture/dev.local/hey-peter/node_modules/.pnpm/jsdom@26.1.0/node_modules/jsdom/lib/jsdom/living/generated/EventListener.js:26:30)
            at innerInvokeEventListeners (/Users/invoture/dev.local/hey-peter/node_modules/.pnpm/jsdom@26.1.0/node_modules/jsdom/lib/jsdom/living/events/EventTarget-impl.js:350:25)
            at invokeEventListeners (/Users/invoture/dev.local/hey-peter/node_modules/.pnpm/jsdom@26.1.0/node_modules/jsdom/lib/jsdom/living/events/EventTarget-impl.js:286:3)
            at HTMLUnknownElementImpl._dispatch (/Users/invoture/dev.local/hey-peter/node_modules/.pnpm/jsdom@26.1.0/node_modules/jsdom/lib/jsdom/living/events/EventTarget-impl.js:233:9)
            at HTMLUnknownElementImpl.dispatchEvent (/Users/invoture/dev.local/hey-peter/node_modules/.pnpm/jsdom@26.1.0/node_modules/jsdom/lib/jsdom/living/events/EventTarget-impl.js:104:17)
            at HTMLUnknownElement.dispatchEvent (/Users/invoture/dev.local/hey-peter/node_modules/.pnpm/jsdom@26.1.0/node_modules/jsdom/lib/jsdom/living/generated/EventTarget.js:241:34)
            at Object.invokeGuardedCallbackDev (/Users/invoture/dev.local/hey-peter/node_modules/.pnpm/react-dom@18.3.1_react@18.3.1/node_modules/react-dom/cjs/react-dom.development.js:4213:16)
            at invokeGuardedCallback (/Users/invoture/dev.local/hey-peter/node_modules/.pnpm/react-dom@18.3.1_react@18.3.1/node_modules/react-dom/cjs/react-dom.development.js:4277:31)
            at beginWork$1 (/Users/invoture/dev.local/hey-peter/node_modules/.pnpm/react-dom@18.3.1_react@18.3.1/node_modules/react-dom/cjs/react-dom.development.js:27490:7)
            at performUnitOfWork (/Users/invoture/dev.local/hey-peter/node_modules/.pnpm/react-dom@18.3.1_react@18.3.1/node_modules/react-dom/cjs/react-dom.development.js:26599:12)
            at workLoopSync (/Users/invoture/dev.local/hey-peter/node_modules/.pnpm/react-dom@18.3.1_react@18.3.1/node_modules/react-dom/cjs/react-dom.development.js:26505:5)
            at renderRootSync (/Users/invoture/dev.local/hey-peter/node_modules/.pnpm/react-dom@18.3.1_react@18.3.1/node_modules/react-dom/cjs/react-dom.development.js:26473:7)
            at performConcurrentWorkOnRoot (/Users/invoture/dev.local/hey-peter/node_modules/.pnpm/react-dom@18.3.1_react@18.3.1/node_modules/react-dom/cjs/react-dom.development.js:25777:74)
            at flushActQueue (/Users/invoture/dev.local/hey-peter/node_modules/.pnpm/react@18.3.1/node_modules/react/cjs/react.development.js:2667:24)
            at act (/Users/invoture/dev.local/hey-peter/node_modules/.pnpm/react@18.3.1/node_modules/react/cjs/react.development.js:2582:11)
            at /Users/invoture/dev.local/hey-peter/node_modules/.pnpm/@testing-library+react@16.3.0_@testing-library+dom@10.4.0_@types+react-dom@18.3.7_@type_efee5276f61270375aed4c032a71d5e5/node_modules/@testing-library/react/dist/act-compat.js:47:25
            at Object.eventWrapper (/Users/invoture/dev.local/hey-peter/node_modules/.pnpm/@testing-library+react@16.3.0_@testing-library+dom@10.4.0_@types+react-dom@18.3.7_@type_efee5276f61270375aed4c032a71d5e5/node_modules/@testing-library/react/dist/pure.js:107:28)
            at Object.wrapEvent (/Users/invoture/dev.local/hey-peter/node_modules/.pnpm/@testing-library+user-event@14.6.1_@testing-library+dom@10.4.0/node_modules/@testing-library/user-event/dist/cjs/event/wrapEvent.js:6:28)
            at Object.dispatchEvent (/Users/invoture/dev.local/hey-peter/node_modules/.pnpm/@testing-library+user-event@14.6.1_@testing-library+dom@10.4.0/node_modules/@testing-library/user-event/dist/cjs/event/dispatchEvent.js:45:22)
            at Object.dispatchUIEvent (/Users/invoture/dev.local/hey-peter/node_modules/.pnpm/@testing-library+user-event@14.6.1_@testing-library+dom@10.4.0/node_modules/@testing-library/user-event/dist/cjs/event/dispatchEvent.js:22:26)
            at Mouse.down (/Users/invoture/dev.local/hey-peter/node_modules/.pnpm/@testing-library+user-event@14.6.1_@testing-library+dom@10.4.0/node_modules/@testing-library/user-event/dist/cjs/system/pointer/mouse.js:76:51)
            at PointerHost.press (/Users/invoture/dev.local/hey-peter/node_modules/.pnpm/@testing-library+user-event@14.6.1_@testing-library+dom@10.4.0/node_modules/@testing-library/user-event/dist/cjs/system/pointer/index.js:40:24)
            at pointerAction (/Users/invoture/dev.local/hey-peter/node_modules/.pnpm/@testing-library+user-event@14.6.1_@testing-library+dom@10.4.0/node_modules/@testing-library/user-event/dist/cjs/pointer/index.js:51:43)
            at Object.pointer (/Users/invoture/dev.local/hey-peter/node_modules/.pnpm/@testing-library+user-event@14.6.1_@testing-library+dom@10.4.0/node_modules/@testing-library/user-event/dist/cjs/pointer/index.js:27:15)
            at Object.asyncWrapper (/Users/invoture/dev.local/hey-peter/node_modules/.pnpm/@testing-library+react@16.3.0_@testing-library+dom@10.4.0_@types+react-dom@18.3.7_@type_efee5276f61270375aed4c032a71d5e5/node_modules/@testing-library/react/dist/pure.js:88:22)
            at Object.<anonymous> (/Users/invoture/dev.local/hey-peter/src/components/admin/dashboard/analytics/__tests__/StudentAnalytics.test.tsx:129:5),
        type: 'unhandled exception'
      }

      127 |
      128 |     // Click on Risk Assessment tab
    > 129 |     await user.click(screen.getByRole("tab", { name: "Risk Assessment" }));
          |     ^
      130 |
      131 |     // Should show risk assessment content
      132 |     expect(screen.getByText("Students at Risk Analysis")).toBeInTheDocument();

      at VirtualConsole.<anonymous> (node_modules/.pnpm/@jest+environment-jsdom-abstract@30.0.4_jsdom@26.1.0/node_modules/@jest/environment-jsdom-abstract/build/index.js:78:23)
      at reportException (node_modules/.pnpm/jsdom@26.1.0/node_modules/jsdom/lib/jsdom/living/helpers/runtime-script-errors.js:70:28)
      at innerInvokeEventListeners (node_modules/.pnpm/jsdom@26.1.0/node_modules/jsdom/lib/jsdom/living/events/EventTarget-impl.js:353:9)
      at invokeEventListeners (node_modules/.pnpm/jsdom@26.1.0/node_modules/jsdom/lib/jsdom/living/events/EventTarget-impl.js:286:3)
      at HTMLUnknownElementImpl._dispatch (node_modules/.pnpm/jsdom@26.1.0/node_modules/jsdom/lib/jsdom/living/events/EventTarget-impl.js:233:9)
      at HTMLUnknownElementImpl.dispatchEvent (node_modules/.pnpm/jsdom@26.1.0/node_modules/jsdom/lib/jsdom/living/events/EventTarget-impl.js:104:17)
      at HTMLUnknownElement.dispatchEvent (node_modules/.pnpm/jsdom@26.1.0/node_modules/jsdom/lib/jsdom/living/generated/EventTarget.js:241:34)
      at Object.invokeGuardedCallbackDev (node_modules/.pnpm/react-dom@18.3.1_react@18.3.1/node_modules/react-dom/cjs/react-dom.development.js:4213:16)
      at invokeGuardedCallback (node_modules/.pnpm/react-dom@18.3.1_react@18.3.1/node_modules/react-dom/cjs/react-dom.development.js:4277:31)
      at beginWork$1 (node_modules/.pnpm/react-dom@18.3.1_react@18.3.1/node_modules/react-dom/cjs/react-dom.development.js:27490:7)
      at performUnitOfWork (node_modules/.pnpm/react-dom@18.3.1_react@18.3.1/node_modules/react-dom/cjs/react-dom.development.js:26599:12)
      at workLoopSync (node_modules/.pnpm/react-dom@18.3.1_react@18.3.1/node_modules/react-dom/cjs/react-dom.development.js:26505:5)
      at renderRootSync (node_modules/.pnpm/react-dom@18.3.1_react@18.3.1/node_modules/react-dom/cjs/react-dom.development.js:26473:7)
      at performConcurrentWorkOnRoot (node_modules/.pnpm/react-dom@18.3.1_react@18.3.1/node_modules/react-dom/cjs/react-dom.development.js:25777:74)
      at flushActQueue (node_modules/.pnpm/react@18.3.1/node_modules/react/cjs/react.development.js:2667:24)
      at act (node_modules/.pnpm/react@18.3.1/node_modules/react/cjs/react.development.js:2582:11)
      at node_modules/.pnpm/@testing-library+react@16.3.0_@testing-library+dom@10.4.0_@types+react-dom@18.3.7_@type_efee5276f61270375aed4c032a71d5e5/node_modules/@testing-library/react/dist/act-compat.js:47:25
      at Object.eventWrapper (node_modules/.pnpm/@testing-library+react@16.3.0_@testing-library+dom@10.4.0_@types+react-dom@18.3.7_@type_efee5276f61270375aed4c032a71d5e5/node_modules/@testing-library/react/dist/pure.js:107:28)
      at Object.wrapEvent (node_modules/.pnpm/@testing-library+user-event@14.6.1_@testing-library+dom@10.4.0/node_modules/@testing-library/user-event/dist/cjs/event/wrapEvent.js:6:28)
      at Object.dispatchEvent (node_modules/.pnpm/@testing-library+user-event@14.6.1_@testing-library+dom@10.4.0/node_modules/@testing-library/user-event/dist/cjs/event/dispatchEvent.js:45:22)
      at Object.dispatchUIEvent (node_modules/.pnpm/@testing-library+user-event@14.6.1_@testing-library+dom@10.4.0/node_modules/@testing-library/user-event/dist/cjs/event/dispatchEvent.js:22:26)
      at Mouse.down (node_modules/.pnpm/@testing-library+user-event@14.6.1_@testing-library+dom@10.4.0/node_modules/@testing-library/user-event/dist/cjs/system/pointer/mouse.js:76:51)
      at PointerHost.press (node_modules/.pnpm/@testing-library+user-event@14.6.1_@testing-library+dom@10.4.0/node_modules/@testing-library/user-event/dist/cjs/system/pointer/index.js:40:24)
      at pointerAction (node_modules/.pnpm/@testing-library+user-event@14.6.1_@testing-library+dom@10.4.0/node_modules/@testing-library/user-event/dist/cjs/pointer/index.js:51:43)
      at Object.pointer (node_modules/.pnpm/@testing-library+user-event@14.6.1_@testing-library+dom@10.4.0/node_modules/@testing-library/user-event/dist/cjs/pointer/index.js:27:15)
      at Object.asyncWrapper (node_modules/.pnpm/@testing-library+react@16.3.0_@testing-library+dom@10.4.0_@types+react-dom@18.3.7_@type_efee5276f61270375aed4c032a71d5e5/node_modules/@testing-library/react/dist/pure.js:88:22)
      at Object.<anonymous> (src/components/admin/dashboard/analytics/__tests__/StudentAnalytics.test.tsx:129:5)

    console.error
      TypeError: Cannot destructure property 'activeIndex' of '(0 , _hooks.useAppSelector)(...)' as it is undefined.
          at Tooltip (/Users/invoture/dev.local/hey-peter/node_modules/.pnpm/recharts@3.0.2_@types+react@18.3.23_react-dom@18.3.1_react@18.3.1__react-is@18.3.1_react@18.3.1_redux@5.0.1/node_modules/recharts/lib/component/Tooltip.js:107:5)
          at renderWithHooks (/Users/invoture/dev.local/hey-peter/node_modules/.pnpm/react-dom@18.3.1_react@18.3.1/node_modules/react-dom/cjs/react-dom.development.js:15486:18)
          at mountIndeterminateComponent (/Users/invoture/dev.local/hey-peter/node_modules/.pnpm/react-dom@18.3.1_react@18.3.1/node_modules/react-dom/cjs/react-dom.development.js:20103:13)
          at beginWork (/Users/invoture/dev.local/hey-peter/node_modules/.pnpm/react-dom@18.3.1_react@18.3.1/node_modules/react-dom/cjs/react-dom.development.js:21626:16)
          at beginWork$1 (/Users/invoture/dev.local/hey-peter/node_modules/.pnpm/react-dom@18.3.1_react@18.3.1/node_modules/react-dom/cjs/react-dom.development.js:27465:14)
          at performUnitOfWork (/Users/invoture/dev.local/hey-peter/node_modules/.pnpm/react-dom@18.3.1_react@18.3.1/node_modules/react-dom/cjs/react-dom.development.js:26599:12)
          at workLoopSync (/Users/invoture/dev.local/hey-peter/node_modules/.pnpm/react-dom@18.3.1_react@18.3.1/node_modules/react-dom/cjs/react-dom.development.js:26505:5)
          at renderRootSync (/Users/invoture/dev.local/hey-peter/node_modules/.pnpm/react-dom@18.3.1_react@18.3.1/node_modules/react-dom/cjs/react-dom.development.js:26473:7)
          at performConcurrentWorkOnRoot (/Users/invoture/dev.local/hey-peter/node_modules/.pnpm/react-dom@18.3.1_react@18.3.1/node_modules/react-dom/cjs/react-dom.development.js:25777:74)
          at flushActQueue (/Users/invoture/dev.local/hey-peter/node_modules/.pnpm/react@18.3.1/node_modules/react/cjs/react.development.js:2667:24)
          at act (/Users/invoture/dev.local/hey-peter/node_modules/.pnpm/react@18.3.1/node_modules/react/cjs/react.development.js:2582:11)
          at /Users/invoture/dev.local/hey-peter/node_modules/.pnpm/@testing-library+react@16.3.0_@testing-library+dom@10.4.0_@types+react-dom@18.3.7_@type_efee5276f61270375aed4c032a71d5e5/node_modules/@testing-library/react/dist/act-compat.js:47:25
          at Object.eventWrapper (/Users/invoture/dev.local/hey-peter/node_modules/.pnpm/@testing-library+react@16.3.0_@testing-library+dom@10.4.0_@types+react-dom@18.3.7_@type_efee5276f61270375aed4c032a71d5e5/node_modules/@testing-library/react/dist/pure.js:107:28)
          at Object.wrapEvent (/Users/invoture/dev.local/hey-peter/node_modules/.pnpm/@testing-library+user-event@14.6.1_@testing-library+dom@10.4.0/node_modules/@testing-library/user-event/dist/cjs/event/wrapEvent.js:6:28)
          at Object.dispatchEvent (/Users/invoture/dev.local/hey-peter/node_modules/.pnpm/@testing-library+user-event@14.6.1_@testing-library+dom@10.4.0/node_modules/@testing-library/user-event/dist/cjs/event/dispatchEvent.js:45:22)
          at Object.dispatchUIEvent (/Users/invoture/dev.local/hey-peter/node_modules/.pnpm/@testing-library+user-event@14.6.1_@testing-library+dom@10.4.0/node_modules/@testing-library/user-event/dist/cjs/event/dispatchEvent.js:22:26)
          at Mouse.down (/Users/invoture/dev.local/hey-peter/node_modules/.pnpm/@testing-library+user-event@14.6.1_@testing-library+dom@10.4.0/node_modules/@testing-library/user-event/dist/cjs/system/pointer/mouse.js:76:51)
          at PointerHost.press (/Users/invoture/dev.local/hey-peter/node_modules/.pnpm/@testing-library+user-event@14.6.1_@testing-library+dom@10.4.0/node_modules/@testing-library/user-event/dist/cjs/system/pointer/index.js:40:24)
          at pointerAction (/Users/invoture/dev.local/hey-peter/node_modules/.pnpm/@testing-library+user-event@14.6.1_@testing-library+dom@10.4.0/node_modules/@testing-library/user-event/dist/cjs/pointer/index.js:51:43)
          at Object.pointer (/Users/invoture/dev.local/hey-peter/node_modules/.pnpm/@testing-library+user-event@14.6.1_@testing-library+dom@10.4.0/node_modules/@testing-library/user-event/dist/cjs/pointer/index.js:27:15)
          at Object.asyncWrapper (/Users/invoture/dev.local/hey-peter/node_modules/.pnpm/@testing-library+react@16.3.0_@testing-library+dom@10.4.0_@types+react-dom@18.3.7_@type_efee5276f61270375aed4c032a71d5e5/node_modules/@testing-library/react/dist/pure.js:88:22)
          at Object.<anonymous> (/Users/invoture/dev.local/hey-peter/src/components/admin/dashboard/analytics/__tests__/StudentAnalytics.test.tsx:129:5)

      127 |
      128 |     // Click on Risk Assessment tab
    > 129 |     await user.click(screen.getByRole("tab", { name: "Risk Assessment" }));
          |     ^
      130 |
      131 |     // Should show risk assessment content
      132 |     expect(screen.getByText("Students at Risk Analysis")).toBeInTheDocument();

      at defaultOnRecoverableError (node_modules/.pnpm/react-dom@18.3.1_react@18.3.1/node_modules/react-dom/cjs/react-dom.development.js:29317:19)
      at commitRootImpl (node_modules/.pnpm/react-dom@18.3.1_react@18.3.1/node_modules/react-dom/cjs/react-dom.development.js:26951:7)
      at commitRoot (node_modules/.pnpm/react-dom@18.3.1_react@18.3.1/node_modules/react-dom/cjs/react-dom.development.js:26721:5)
      at finishConcurrentRender (node_modules/.pnpm/react-dom@18.3.1_react@18.3.1/node_modules/react-dom/cjs/react-dom.development.js:26020:9)
      at performConcurrentWorkOnRoot (node_modules/.pnpm/react-dom@18.3.1_react@18.3.1/node_modules/react-dom/cjs/react-dom.development.js:25848:7)
      at flushActQueue (node_modules/.pnpm/react@18.3.1/node_modules/react/cjs/react.development.js:2667:24)
      at act (node_modules/.pnpm/react@18.3.1/node_modules/react/cjs/react.development.js:2582:11)
      at node_modules/.pnpm/@testing-library+react@16.3.0_@testing-library+dom@10.4.0_@types+react-dom@18.3.7_@type_efee5276f61270375aed4c032a71d5e5/node_modules/@testing-library/react/dist/act-compat.js:47:25
      at Object.eventWrapper (node_modules/.pnpm/@testing-library+react@16.3.0_@testing-library+dom@10.4.0_@types+react-dom@18.3.7_@type_efee5276f61270375aed4c032a71d5e5/node_modules/@testing-library/react/dist/pure.js:107:28)
      at Object.wrapEvent (node_modules/.pnpm/@testing-library+user-event@14.6.1_@testing-library+dom@10.4.0/node_modules/@testing-library/user-event/dist/cjs/event/wrapEvent.js:6:28)
      at Object.dispatchEvent (node_modules/.pnpm/@testing-library+user-event@14.6.1_@testing-library+dom@10.4.0/node_modules/@testing-library/user-event/dist/cjs/event/dispatchEvent.js:45:22)
      at Object.dispatchUIEvent (node_modules/.pnpm/@testing-library+user-event@14.6.1_@testing-library+dom@10.4.0/node_modules/@testing-library/user-event/dist/cjs/event/dispatchEvent.js:22:26)
      at Mouse.down (node_modules/.pnpm/@testing-library+user-event@14.6.1_@testing-library+dom@10.4.0/node_modules/@testing-library/user-event/dist/cjs/system/pointer/mouse.js:76:51)
      at PointerHost.press (node_modules/.pnpm/@testing-library+user-event@14.6.1_@testing-library+dom@10.4.0/node_modules/@testing-library/user-event/dist/cjs/system/pointer/index.js:40:24)
      at pointerAction (node_modules/.pnpm/@testing-library+user-event@14.6.1_@testing-library+dom@10.4.0/node_modules/@testing-library/user-event/dist/cjs/pointer/index.js:51:43)
      at Object.pointer (node_modules/.pnpm/@testing-library+user-event@14.6.1_@testing-library+dom@10.4.0/node_modules/@testing-library/user-event/dist/cjs/pointer/index.js:27:15)
      at Object.asyncWrapper (node_modules/.pnpm/@testing-library+react@16.3.0_@testing-library+dom@10.4.0_@types+react-dom@18.3.7_@type_efee5276f61270375aed4c032a71d5e5/node_modules/@testing-library/react/dist/pure.js:88:22)
      at Object.<anonymous> (src/components/admin/dashboard/analytics/__tests__/StudentAnalytics.test.tsx:129:5)

    console.error
      Error: Uncaught [TypeError: Cannot destructure property 'activeIndex' of '(0 , _hooks.useAppSelector)(...)' as it is undefined.]
          at Object.<anonymous> (src/components/admin/dashboard/analytics/__tests__/StudentAnalytics.test.tsx:140:11)
          at new Promise (<anonymous>) {
        detail: TypeError: Cannot destructure property 'activeIndex' of '(0 , _hooks.useAppSelector)(...)' as it is undefined.
            at Tooltip (/Users/invoture/dev.local/hey-peter/node_modules/.pnpm/recharts@3.0.2_@types+react@18.3.23_react-dom@18.3.1_react@18.3.1__react-is@18.3.1_react@18.3.1_redux@5.0.1/node_modules/recharts/lib/component/Tooltip.js:107:5)
            at renderWithHooks (/Users/invoture/dev.local/hey-peter/node_modules/.pnpm/react-dom@18.3.1_react@18.3.1/node_modules/react-dom/cjs/react-dom.development.js:15486:18)
            at mountIndeterminateComponent (/Users/invoture/dev.local/hey-peter/node_modules/.pnpm/react-dom@18.3.1_react@18.3.1/node_modules/react-dom/cjs/react-dom.development.js:20103:13)
            at beginWork (/Users/invoture/dev.local/hey-peter/node_modules/.pnpm/react-dom@18.3.1_react@18.3.1/node_modules/react-dom/cjs/react-dom.development.js:21626:16)
            at HTMLUnknownElement.callCallback (/Users/invoture/dev.local/hey-peter/node_modules/.pnpm/react-dom@18.3.1_react@18.3.1/node_modules/react-dom/cjs/react-dom.development.js:4164:14)
            at HTMLUnknownElement.callTheUserObjectsOperation (/Users/invoture/dev.local/hey-peter/node_modules/.pnpm/jsdom@26.1.0/node_modules/jsdom/lib/jsdom/living/generated/EventListener.js:26:30)
            at innerInvokeEventListeners (/Users/invoture/dev.local/hey-peter/node_modules/.pnpm/jsdom@26.1.0/node_modules/jsdom/lib/jsdom/living/events/EventTarget-impl.js:350:25)
            at invokeEventListeners (/Users/invoture/dev.local/hey-peter/node_modules/.pnpm/jsdom@26.1.0/node_modules/jsdom/lib/jsdom/living/events/EventTarget-impl.js:286:3)
            at HTMLUnknownElementImpl._dispatch (/Users/invoture/dev.local/hey-peter/node_modules/.pnpm/jsdom@26.1.0/node_modules/jsdom/lib/jsdom/living/events/EventTarget-impl.js:233:9)
            at HTMLUnknownElementImpl.dispatchEvent (/Users/invoture/dev.local/hey-peter/node_modules/.pnpm/jsdom@26.1.0/node_modules/jsdom/lib/jsdom/living/events/EventTarget-impl.js:104:17)
            at HTMLUnknownElement.dispatchEvent (/Users/invoture/dev.local/hey-peter/node_modules/.pnpm/jsdom@26.1.0/node_modules/jsdom/lib/jsdom/living/generated/EventTarget.js:241:34)
            at Object.invokeGuardedCallbackDev (/Users/invoture/dev.local/hey-peter/node_modules/.pnpm/react-dom@18.3.1_react@18.3.1/node_modules/react-dom/cjs/react-dom.development.js:4213:16)
            at invokeGuardedCallback (/Users/invoture/dev.local/hey-peter/node_modules/.pnpm/react-dom@18.3.1_react@18.3.1/node_modules/react-dom/cjs/react-dom.development.js:4277:31)
            at beginWork$1 (/Users/invoture/dev.local/hey-peter/node_modules/.pnpm/react-dom@18.3.1_react@18.3.1/node_modules/react-dom/cjs/react-dom.development.js:27490:7)
            at performUnitOfWork (/Users/invoture/dev.local/hey-peter/node_modules/.pnpm/react-dom@18.3.1_react@18.3.1/node_modules/react-dom/cjs/react-dom.development.js:26599:12)
            at workLoopSync (/Users/invoture/dev.local/hey-peter/node_modules/.pnpm/react-dom@18.3.1_react@18.3.1/node_modules/react-dom/cjs/react-dom.development.js:26505:5)
            at renderRootSync (/Users/invoture/dev.local/hey-peter/node_modules/.pnpm/react-dom@18.3.1_react@18.3.1/node_modules/react-dom/cjs/react-dom.development.js:26473:7)
            at performConcurrentWorkOnRoot (/Users/invoture/dev.local/hey-peter/node_modules/.pnpm/react-dom@18.3.1_react@18.3.1/node_modules/react-dom/cjs/react-dom.development.js:25777:74)
            at flushActQueue (/Users/invoture/dev.local/hey-peter/node_modules/.pnpm/react@18.3.1/node_modules/react/cjs/react.development.js:2667:24)
            at act (/Users/invoture/dev.local/hey-peter/node_modules/.pnpm/react@18.3.1/node_modules/react/cjs/react.development.js:2582:11)
            at /Users/invoture/dev.local/hey-peter/node_modules/.pnpm/@testing-library+react@16.3.0_@testing-library+dom@10.4.0_@types+react-dom@18.3.7_@type_efee5276f61270375aed4c032a71d5e5/node_modules/@testing-library/react/dist/act-compat.js:47:25
            at renderRoot (/Users/invoture/dev.local/hey-peter/node_modules/.pnpm/@testing-library+react@16.3.0_@testing-library+dom@10.4.0_@types+react-dom@18.3.7_@type_efee5276f61270375aed4c032a71d5e5/node_modules/@testing-library/react/dist/pure.js:190:26)
            at render (/Users/invoture/dev.local/hey-peter/node_modules/.pnpm/@testing-library+react@16.3.0_@testing-library+dom@10.4.0_@types+react-dom@18.3.7_@type_efee5276f61270375aed4c032a71d5e5/node_modules/@testing-library/react/dist/pure.js:292:10)
            at Object.<anonymous> (/Users/invoture/dev.local/hey-peter/src/components/admin/dashboard/analytics/__tests__/StudentAnalytics.test.tsx:140:11)
            at Promise.finally.completed (/Users/invoture/dev.local/hey-peter/node_modules/.pnpm/jest-circus@30.0.2/node_modules/jest-circus/build/jestAdapterInit.js:1559:28)
            at new Promise (<anonymous>)
            at callAsyncCircusFn (/Users/invoture/dev.local/hey-peter/node_modules/.pnpm/jest-circus@30.0.2/node_modules/jest-circus/build/jestAdapterInit.js:1499:10)
            at _callCircusTest (/Users/invoture/dev.local/hey-peter/node_modules/.pnpm/jest-circus@30.0.2/node_modules/jest-circus/build/jestAdapterInit.js:1009:40)
            at _runTest (/Users/invoture/dev.local/hey-peter/node_modules/.pnpm/jest-circus@30.0.2/node_modules/jest-circus/build/jestAdapterInit.js:949:3)
            at _runTestsForDescribeBlock (/Users/invoture/dev.local/hey-peter/node_modules/.pnpm/jest-circus@30.0.2/node_modules/jest-circus/build/jestAdapterInit.js:839:13)
            at _runTestsForDescribeBlock (/Users/invoture/dev.local/hey-peter/node_modules/.pnpm/jest-circus@30.0.2/node_modules/jest-circus/build/jestAdapterInit.js:829:11)
            at run (/Users/invoture/dev.local/hey-peter/node_modules/.pnpm/jest-circus@30.0.2/node_modules/jest-circus/build/jestAdapterInit.js:757:3)
            at runAndTransformResultsToJestFormat (/Users/invoture/dev.local/hey-peter/node_modules/.pnpm/jest-circus@30.0.2/node_modules/jest-circus/build/jestAdapterInit.js:1920:21)
            at jestAdapter (/Users/invoture/dev.local/hey-peter/node_modules/.pnpm/jest-circus@30.0.2/node_modules/jest-circus/build/runner.js:101:19)
            at runTestInternal (/Users/invoture/dev.local/hey-peter/node_modules/.pnpm/jest-runner@30.0.2/node_modules/jest-runner/build/testWorker.js:272:16)
            at runTest (/Users/invoture/dev.local/hey-peter/node_modules/.pnpm/jest-runner@30.0.2/node_modules/jest-runner/build/testWorker.js:340:7)
            at Object.worker (/Users/invoture/dev.local/hey-peter/node_modules/.pnpm/jest-runner@30.0.2/node_modules/jest-runner/build/testWorker.js:494:12),
        type: 'unhandled exception'
      }

      138 |   it("displays course analytics when tab is selected", async () => {
      139 |     const user = userEvent.setup();
    > 140 |     render(<StudentAnalytics />);
          |           ^
      141 |
      142 |     await waitFor(() => {
      143 |       expect(screen.queryByRole("status")).not.toBeInTheDocument();

      at VirtualConsole.<anonymous> (node_modules/.pnpm/@jest+environment-jsdom-abstract@30.0.4_jsdom@26.1.0/node_modules/@jest/environment-jsdom-abstract/build/index.js:78:23)
      at reportException (node_modules/.pnpm/jsdom@26.1.0/node_modules/jsdom/lib/jsdom/living/helpers/runtime-script-errors.js:70:28)
      at innerInvokeEventListeners (node_modules/.pnpm/jsdom@26.1.0/node_modules/jsdom/lib/jsdom/living/events/EventTarget-impl.js:353:9)
      at invokeEventListeners (node_modules/.pnpm/jsdom@26.1.0/node_modules/jsdom/lib/jsdom/living/events/EventTarget-impl.js:286:3)
      at HTMLUnknownElementImpl._dispatch (node_modules/.pnpm/jsdom@26.1.0/node_modules/jsdom/lib/jsdom/living/events/EventTarget-impl.js:233:9)
      at HTMLUnknownElementImpl.dispatchEvent (node_modules/.pnpm/jsdom@26.1.0/node_modules/jsdom/lib/jsdom/living/events/EventTarget-impl.js:104:17)
      at HTMLUnknownElement.dispatchEvent (node_modules/.pnpm/jsdom@26.1.0/node_modules/jsdom/lib/jsdom/living/generated/EventTarget.js:241:34)
      at Object.invokeGuardedCallbackDev (node_modules/.pnpm/react-dom@18.3.1_react@18.3.1/node_modules/react-dom/cjs/react-dom.development.js:4213:16)
      at invokeGuardedCallback (node_modules/.pnpm/react-dom@18.3.1_react@18.3.1/node_modules/react-dom/cjs/react-dom.development.js:4277:31)
      at beginWork$1 (node_modules/.pnpm/react-dom@18.3.1_react@18.3.1/node_modules/react-dom/cjs/react-dom.development.js:27490:7)
      at performUnitOfWork (node_modules/.pnpm/react-dom@18.3.1_react@18.3.1/node_modules/react-dom/cjs/react-dom.development.js:26599:12)
      at workLoopSync (node_modules/.pnpm/react-dom@18.3.1_react@18.3.1/node_modules/react-dom/cjs/react-dom.development.js:26505:5)
      at renderRootSync (node_modules/.pnpm/react-dom@18.3.1_react@18.3.1/node_modules/react-dom/cjs/react-dom.development.js:26473:7)
      at performConcurrentWorkOnRoot (node_modules/.pnpm/react-dom@18.3.1_react@18.3.1/node_modules/react-dom/cjs/react-dom.development.js:25777:74)
      at flushActQueue (node_modules/.pnpm/react@18.3.1/node_modules/react/cjs/react.development.js:2667:24)
      at act (node_modules/.pnpm/react@18.3.1/node_modules/react/cjs/react.development.js:2582:11)
      at node_modules/.pnpm/@testing-library+react@16.3.0_@testing-library+dom@10.4.0_@types+react-dom@18.3.7_@type_efee5276f61270375aed4c032a71d5e5/node_modules/@testing-library/react/dist/act-compat.js:47:25
      at renderRoot (node_modules/.pnpm/@testing-library+react@16.3.0_@testing-library+dom@10.4.0_@types+react-dom@18.3.7_@type_efee5276f61270375aed4c032a71d5e5/node_modules/@testing-library/react/dist/pure.js:190:26)
      at render (node_modules/.pnpm/@testing-library+react@16.3.0_@testing-library+dom@10.4.0_@types+react-dom@18.3.7_@type_efee5276f61270375aed4c032a71d5e5/node_modules/@testing-library/react/dist/pure.js:292:10)
      at Object.<anonymous> (src/components/admin/dashboard/analytics/__tests__/StudentAnalytics.test.tsx:140:11)

    console.error
      TypeError: Cannot destructure property 'activeIndex' of '(0 , _hooks.useAppSelector)(...)' as it is undefined.
          at Tooltip (/Users/invoture/dev.local/hey-peter/node_modules/.pnpm/recharts@3.0.2_@types+react@18.3.23_react-dom@18.3.1_react@18.3.1__react-is@18.3.1_react@18.3.1_redux@5.0.1/node_modules/recharts/lib/component/Tooltip.js:107:5)
          at renderWithHooks (/Users/invoture/dev.local/hey-peter/node_modules/.pnpm/react-dom@18.3.1_react@18.3.1/node_modules/react-dom/cjs/react-dom.development.js:15486:18)
          at mountIndeterminateComponent (/Users/invoture/dev.local/hey-peter/node_modules/.pnpm/react-dom@18.3.1_react@18.3.1/node_modules/react-dom/cjs/react-dom.development.js:20103:13)
          at beginWork (/Users/invoture/dev.local/hey-peter/node_modules/.pnpm/react-dom@18.3.1_react@18.3.1/node_modules/react-dom/cjs/react-dom.development.js:21626:16)
          at beginWork$1 (/Users/invoture/dev.local/hey-peter/node_modules/.pnpm/react-dom@18.3.1_react@18.3.1/node_modules/react-dom/cjs/react-dom.development.js:27465:14)
          at performUnitOfWork (/Users/invoture/dev.local/hey-peter/node_modules/.pnpm/react-dom@18.3.1_react@18.3.1/node_modules/react-dom/cjs/react-dom.development.js:26599:12)
          at workLoopSync (/Users/invoture/dev.local/hey-peter/node_modules/.pnpm/react-dom@18.3.1_react@18.3.1/node_modules/react-dom/cjs/react-dom.development.js:26505:5)
          at renderRootSync (/Users/invoture/dev.local/hey-peter/node_modules/.pnpm/react-dom@18.3.1_react@18.3.1/node_modules/react-dom/cjs/react-dom.development.js:26473:7)
          at performConcurrentWorkOnRoot (/Users/invoture/dev.local/hey-peter/node_modules/.pnpm/react-dom@18.3.1_react@18.3.1/node_modules/react-dom/cjs/react-dom.development.js:25777:74)
          at flushActQueue (/Users/invoture/dev.local/hey-peter/node_modules/.pnpm/react@18.3.1/node_modules/react/cjs/react.development.js:2667:24)
          at act (/Users/invoture/dev.local/hey-peter/node_modules/.pnpm/react@18.3.1/node_modules/react/cjs/react.development.js:2582:11)
          at /Users/invoture/dev.local/hey-peter/node_modules/.pnpm/@testing-library+react@16.3.0_@testing-library+dom@10.4.0_@types+react-dom@18.3.7_@type_efee5276f61270375aed4c032a71d5e5/node_modules/@testing-library/react/dist/act-compat.js:47:25
          at renderRoot (/Users/invoture/dev.local/hey-peter/node_modules/.pnpm/@testing-library+react@16.3.0_@testing-library+dom@10.4.0_@types+react-dom@18.3.7_@type_efee5276f61270375aed4c032a71d5e5/node_modules/@testing-library/react/dist/pure.js:190:26)
          at render (/Users/invoture/dev.local/hey-peter/node_modules/.pnpm/@testing-library+react@16.3.0_@testing-library+dom@10.4.0_@types+react-dom@18.3.7_@type_efee5276f61270375aed4c032a71d5e5/node_modules/@testing-library/react/dist/pure.js:292:10)
          at Object.<anonymous> (/Users/invoture/dev.local/hey-peter/src/components/admin/dashboard/analytics/__tests__/StudentAnalytics.test.tsx:140:11)
          at Promise.finally.completed (/Users/invoture/dev.local/hey-peter/node_modules/.pnpm/jest-circus@30.0.2/node_modules/jest-circus/build/jestAdapterInit.js:1559:28)
          at new Promise (<anonymous>)
          at callAsyncCircusFn (/Users/invoture/dev.local/hey-peter/node_modules/.pnpm/jest-circus@30.0.2/node_modules/jest-circus/build/jestAdapterInit.js:1499:10)
          at _callCircusTest (/Users/invoture/dev.local/hey-peter/node_modules/.pnpm/jest-circus@30.0.2/node_modules/jest-circus/build/jestAdapterInit.js:1009:40)
          at _runTest (/Users/invoture/dev.local/hey-peter/node_modules/.pnpm/jest-circus@30.0.2/node_modules/jest-circus/build/jestAdapterInit.js:949:3)
          at _runTestsForDescribeBlock (/Users/invoture/dev.local/hey-peter/node_modules/.pnpm/jest-circus@30.0.2/node_modules/jest-circus/build/jestAdapterInit.js:839:13)
          at _runTestsForDescribeBlock (/Users/invoture/dev.local/hey-peter/node_modules/.pnpm/jest-circus@30.0.2/node_modules/jest-circus/build/jestAdapterInit.js:829:11)
          at run (/Users/invoture/dev.local/hey-peter/node_modules/.pnpm/jest-circus@30.0.2/node_modules/jest-circus/build/jestAdapterInit.js:757:3)
          at runAndTransformResultsToJestFormat (/Users/invoture/dev.local/hey-peter/node_modules/.pnpm/jest-circus@30.0.2/node_modules/jest-circus/build/jestAdapterInit.js:1920:21)
          at jestAdapter (/Users/invoture/dev.local/hey-peter/node_modules/.pnpm/jest-circus@30.0.2/node_modules/jest-circus/build/runner.js:101:19)
          at runTestInternal (/Users/invoture/dev.local/hey-peter/node_modules/.pnpm/jest-runner@30.0.2/node_modules/jest-runner/build/testWorker.js:272:16)
          at runTest (/Users/invoture/dev.local/hey-peter/node_modules/.pnpm/jest-runner@30.0.2/node_modules/jest-runner/build/testWorker.js:340:7)
          at Object.worker (/Users/invoture/dev.local/hey-peter/node_modules/.pnpm/jest-runner@30.0.2/node_modules/jest-runner/build/testWorker.js:494:12)

      138 |   it("displays course analytics when tab is selected", async () => {
      139 |     const user = userEvent.setup();
    > 140 |     render(<StudentAnalytics />);
          |           ^
      141 |
      142 |     await waitFor(() => {
      143 |       expect(screen.queryByRole("status")).not.toBeInTheDocument();

      at defaultOnRecoverableError (node_modules/.pnpm/react-dom@18.3.1_react@18.3.1/node_modules/react-dom/cjs/react-dom.development.js:29317:19)
      at commitRootImpl (node_modules/.pnpm/react-dom@18.3.1_react@18.3.1/node_modules/react-dom/cjs/react-dom.development.js:26951:7)
      at commitRoot (node_modules/.pnpm/react-dom@18.3.1_react@18.3.1/node_modules/react-dom/cjs/react-dom.development.js:26721:5)
      at finishConcurrentRender (node_modules/.pnpm/react-dom@18.3.1_react@18.3.1/node_modules/react-dom/cjs/react-dom.development.js:26020:9)
      at performConcurrentWorkOnRoot (node_modules/.pnpm/react-dom@18.3.1_react@18.3.1/node_modules/react-dom/cjs/react-dom.development.js:25848:7)
      at flushActQueue (node_modules/.pnpm/react@18.3.1/node_modules/react/cjs/react.development.js:2667:24)
      at act (node_modules/.pnpm/react@18.3.1/node_modules/react/cjs/react.development.js:2582:11)
      at node_modules/.pnpm/@testing-library+react@16.3.0_@testing-library+dom@10.4.0_@types+react-dom@18.3.7_@type_efee5276f61270375aed4c032a71d5e5/node_modules/@testing-library/react/dist/act-compat.js:47:25
      at renderRoot (node_modules/.pnpm/@testing-library+react@16.3.0_@testing-library+dom@10.4.0_@types+react-dom@18.3.7_@type_efee5276f61270375aed4c032a71d5e5/node_modules/@testing-library/react/dist/pure.js:190:26)
      at render (node_modules/.pnpm/@testing-library+react@16.3.0_@testing-library+dom@10.4.0_@types+react-dom@18.3.7_@type_efee5276f61270375aed4c032a71d5e5/node_modules/@testing-library/react/dist/pure.js:292:10)
      at Object.<anonymous> (src/components/admin/dashboard/analytics/__tests__/StudentAnalytics.test.tsx:140:11)

    console.error
      Error: Uncaught [TypeError: Cannot destructure property 'activeIndex' of '(0 , _hooks.useAppSelector)(...)' as it is undefined.]
          at Object.<anonymous> (src/components/admin/dashboard/analytics/__tests__/StudentAnalytics.test.tsx:147:5) {
        detail: TypeError: Cannot destructure property 'activeIndex' of '(0 , _hooks.useAppSelector)(...)' as it is undefined.
            at Tooltip (/Users/invoture/dev.local/hey-peter/node_modules/.pnpm/recharts@3.0.2_@types+react@18.3.23_react-dom@18.3.1_react@18.3.1__react-is@18.3.1_react@18.3.1_redux@5.0.1/node_modules/recharts/lib/component/Tooltip.js:107:5)
            at renderWithHooks (/Users/invoture/dev.local/hey-peter/node_modules/.pnpm/react-dom@18.3.1_react@18.3.1/node_modules/react-dom/cjs/react-dom.development.js:15486:18)
            at mountIndeterminateComponent (/Users/invoture/dev.local/hey-peter/node_modules/.pnpm/react-dom@18.3.1_react@18.3.1/node_modules/react-dom/cjs/react-dom.development.js:20103:13)
            at beginWork (/Users/invoture/dev.local/hey-peter/node_modules/.pnpm/react-dom@18.3.1_react@18.3.1/node_modules/react-dom/cjs/react-dom.development.js:21626:16)
            at HTMLUnknownElement.callCallback (/Users/invoture/dev.local/hey-peter/node_modules/.pnpm/react-dom@18.3.1_react@18.3.1/node_modules/react-dom/cjs/react-dom.development.js:4164:14)
            at HTMLUnknownElement.callTheUserObjectsOperation (/Users/invoture/dev.local/hey-peter/node_modules/.pnpm/jsdom@26.1.0/node_modules/jsdom/lib/jsdom/living/generated/EventListener.js:26:30)
            at innerInvokeEventListeners (/Users/invoture/dev.local/hey-peter/node_modules/.pnpm/jsdom@26.1.0/node_modules/jsdom/lib/jsdom/living/events/EventTarget-impl.js:350:25)
            at invokeEventListeners (/Users/invoture/dev.local/hey-peter/node_modules/.pnpm/jsdom@26.1.0/node_modules/jsdom/lib/jsdom/living/events/EventTarget-impl.js:286:3)
            at HTMLUnknownElementImpl._dispatch (/Users/invoture/dev.local/hey-peter/node_modules/.pnpm/jsdom@26.1.0/node_modules/jsdom/lib/jsdom/living/events/EventTarget-impl.js:233:9)
            at HTMLUnknownElementImpl.dispatchEvent (/Users/invoture/dev.local/hey-peter/node_modules/.pnpm/jsdom@26.1.0/node_modules/jsdom/lib/jsdom/living/events/EventTarget-impl.js:104:17)
            at HTMLUnknownElement.dispatchEvent (/Users/invoture/dev.local/hey-peter/node_modules/.pnpm/jsdom@26.1.0/node_modules/jsdom/lib/jsdom/living/generated/EventTarget.js:241:34)
            at Object.invokeGuardedCallbackDev (/Users/invoture/dev.local/hey-peter/node_modules/.pnpm/react-dom@18.3.1_react@18.3.1/node_modules/react-dom/cjs/react-dom.development.js:4213:16)
            at invokeGuardedCallback (/Users/invoture/dev.local/hey-peter/node_modules/.pnpm/react-dom@18.3.1_react@18.3.1/node_modules/react-dom/cjs/react-dom.development.js:4277:31)
            at beginWork$1 (/Users/invoture/dev.local/hey-peter/node_modules/.pnpm/react-dom@18.3.1_react@18.3.1/node_modules/react-dom/cjs/react-dom.development.js:27490:7)
            at performUnitOfWork (/Users/invoture/dev.local/hey-peter/node_modules/.pnpm/react-dom@18.3.1_react@18.3.1/node_modules/react-dom/cjs/react-dom.development.js:26599:12)
            at workLoopSync (/Users/invoture/dev.local/hey-peter/node_modules/.pnpm/react-dom@18.3.1_react@18.3.1/node_modules/react-dom/cjs/react-dom.development.js:26505:5)
            at renderRootSync (/Users/invoture/dev.local/hey-peter/node_modules/.pnpm/react-dom@18.3.1_react@18.3.1/node_modules/react-dom/cjs/react-dom.development.js:26473:7)
            at performConcurrentWorkOnRoot (/Users/invoture/dev.local/hey-peter/node_modules/.pnpm/react-dom@18.3.1_react@18.3.1/node_modules/react-dom/cjs/react-dom.development.js:25777:74)
            at flushActQueue (/Users/invoture/dev.local/hey-peter/node_modules/.pnpm/react@18.3.1/node_modules/react/cjs/react.development.js:2667:24)
            at act (/Users/invoture/dev.local/hey-peter/node_modules/.pnpm/react@18.3.1/node_modules/react/cjs/react.development.js:2582:11)
            at /Users/invoture/dev.local/hey-peter/node_modules/.pnpm/@testing-library+react@16.3.0_@testing-library+dom@10.4.0_@types+react-dom@18.3.7_@type_efee5276f61270375aed4c032a71d5e5/node_modules/@testing-library/react/dist/act-compat.js:47:25
            at Object.eventWrapper (/Users/invoture/dev.local/hey-peter/node_modules/.pnpm/@testing-library+react@16.3.0_@testing-library+dom@10.4.0_@types+react-dom@18.3.7_@type_efee5276f61270375aed4c032a71d5e5/node_modules/@testing-library/react/dist/pure.js:107:28)
            at Object.wrapEvent (/Users/invoture/dev.local/hey-peter/node_modules/.pnpm/@testing-library+user-event@14.6.1_@testing-library+dom@10.4.0/node_modules/@testing-library/user-event/dist/cjs/event/wrapEvent.js:6:28)
            at Object.dispatchEvent (/Users/invoture/dev.local/hey-peter/node_modules/.pnpm/@testing-library+user-event@14.6.1_@testing-library+dom@10.4.0/node_modules/@testing-library/user-event/dist/cjs/event/dispatchEvent.js:45:22)
            at Object.dispatchUIEvent (/Users/invoture/dev.local/hey-peter/node_modules/.pnpm/@testing-library+user-event@14.6.1_@testing-library+dom@10.4.0/node_modules/@testing-library/user-event/dist/cjs/event/dispatchEvent.js:22:26)
            at Mouse.down (/Users/invoture/dev.local/hey-peter/node_modules/.pnpm/@testing-library+user-event@14.6.1_@testing-library+dom@10.4.0/node_modules/@testing-library/user-event/dist/cjs/system/pointer/mouse.js:76:51)
            at PointerHost.press (/Users/invoture/dev.local/hey-peter/node_modules/.pnpm/@testing-library+user-event@14.6.1_@testing-library+dom@10.4.0/node_modules/@testing-library/user-event/dist/cjs/system/pointer/index.js:40:24)
            at pointerAction (/Users/invoture/dev.local/hey-peter/node_modules/.pnpm/@testing-library+user-event@14.6.1_@testing-library+dom@10.4.0/node_modules/@testing-library/user-event/dist/cjs/pointer/index.js:51:43)
            at Object.pointer (/Users/invoture/dev.local/hey-peter/node_modules/.pnpm/@testing-library+user-event@14.6.1_@testing-library+dom@10.4.0/node_modules/@testing-library/user-event/dist/cjs/pointer/index.js:27:15)
            at Object.asyncWrapper (/Users/invoture/dev.local/hey-peter/node_modules/.pnpm/@testing-library+react@16.3.0_@testing-library+dom@10.4.0_@types+react-dom@18.3.7_@type_efee5276f61270375aed4c032a71d5e5/node_modules/@testing-library/react/dist/pure.js:88:22)
            at Object.<anonymous> (/Users/invoture/dev.local/hey-peter/src/components/admin/dashboard/analytics/__tests__/StudentAnalytics.test.tsx:147:5),
        type: 'unhandled exception'
      }

      145 |
      146 |     // Click on Course Analytics tab
    > 147 |     await user.click(screen.getByRole("tab", { name: "Course Analytics" }));
          |     ^
      148 |
      149 |     // Should show course analytics content
      150 |     expect(screen.getByText("Course Popularity & Satisfaction")).toBeInTheDocument();

      at VirtualConsole.<anonymous> (node_modules/.pnpm/@jest+environment-jsdom-abstract@30.0.4_jsdom@26.1.0/node_modules/@jest/environment-jsdom-abstract/build/index.js:78:23)
      at reportException (node_modules/.pnpm/jsdom@26.1.0/node_modules/jsdom/lib/jsdom/living/helpers/runtime-script-errors.js:70:28)
      at innerInvokeEventListeners (node_modules/.pnpm/jsdom@26.1.0/node_modules/jsdom/lib/jsdom/living/events/EventTarget-impl.js:353:9)
      at invokeEventListeners (node_modules/.pnpm/jsdom@26.1.0/node_modules/jsdom/lib/jsdom/living/events/EventTarget-impl.js:286:3)
      at HTMLUnknownElementImpl._dispatch (node_modules/.pnpm/jsdom@26.1.0/node_modules/jsdom/lib/jsdom/living/events/EventTarget-impl.js:233:9)
      at HTMLUnknownElementImpl.dispatchEvent (node_modules/.pnpm/jsdom@26.1.0/node_modules/jsdom/lib/jsdom/living/events/EventTarget-impl.js:104:17)
      at HTMLUnknownElement.dispatchEvent (node_modules/.pnpm/jsdom@26.1.0/node_modules/jsdom/lib/jsdom/living/generated/EventTarget.js:241:34)
      at Object.invokeGuardedCallbackDev (node_modules/.pnpm/react-dom@18.3.1_react@18.3.1/node_modules/react-dom/cjs/react-dom.development.js:4213:16)
      at invokeGuardedCallback (node_modules/.pnpm/react-dom@18.3.1_react@18.3.1/node_modules/react-dom/cjs/react-dom.development.js:4277:31)
      at beginWork$1 (node_modules/.pnpm/react-dom@18.3.1_react@18.3.1/node_modules/react-dom/cjs/react-dom.development.js:27490:7)
      at performUnitOfWork (node_modules/.pnpm/react-dom@18.3.1_react@18.3.1/node_modules/react-dom/cjs/react-dom.development.js:26599:12)
      at workLoopSync (node_modules/.pnpm/react-dom@18.3.1_react@18.3.1/node_modules/react-dom/cjs/react-dom.development.js:26505:5)
      at renderRootSync (node_modules/.pnpm/react-dom@18.3.1_react@18.3.1/node_modules/react-dom/cjs/react-dom.development.js:26473:7)
      at performConcurrentWorkOnRoot (node_modules/.pnpm/react-dom@18.3.1_react@18.3.1/node_modules/react-dom/cjs/react-dom.development.js:25777:74)
      at flushActQueue (node_modules/.pnpm/react@18.3.1/node_modules/react/cjs/react.development.js:2667:24)
      at act (node_modules/.pnpm/react@18.3.1/node_modules/react/cjs/react.development.js:2582:11)
      at node_modules/.pnpm/@testing-library+react@16.3.0_@testing-library+dom@10.4.0_@types+react-dom@18.3.7_@type_efee5276f61270375aed4c032a71d5e5/node_modules/@testing-library/react/dist/act-compat.js:47:25
      at Object.eventWrapper (node_modules/.pnpm/@testing-library+react@16.3.0_@testing-library+dom@10.4.0_@types+react-dom@18.3.7_@type_efee5276f61270375aed4c032a71d5e5/node_modules/@testing-library/react/dist/pure.js:107:28)
      at Object.wrapEvent (node_modules/.pnpm/@testing-library+user-event@14.6.1_@testing-library+dom@10.4.0/node_modules/@testing-library/user-event/dist/cjs/event/wrapEvent.js:6:28)
      at Object.dispatchEvent (node_modules/.pnpm/@testing-library+user-event@14.6.1_@testing-library+dom@10.4.0/node_modules/@testing-library/user-event/dist/cjs/event/dispatchEvent.js:45:22)
      at Object.dispatchUIEvent (node_modules/.pnpm/@testing-library+user-event@14.6.1_@testing-library+dom@10.4.0/node_modules/@testing-library/user-event/dist/cjs/event/dispatchEvent.js:22:26)
      at Mouse.down (node_modules/.pnpm/@testing-library+user-event@14.6.1_@testing-library+dom@10.4.0/node_modules/@testing-library/user-event/dist/cjs/system/pointer/mouse.js:76:51)
      at PointerHost.press (node_modules/.pnpm/@testing-library+user-event@14.6.1_@testing-library+dom@10.4.0/node_modules/@testing-library/user-event/dist/cjs/system/pointer/index.js:40:24)
      at pointerAction (node_modules/.pnpm/@testing-library+user-event@14.6.1_@testing-library+dom@10.4.0/node_modules/@testing-library/user-event/dist/cjs/pointer/index.js:51:43)
      at Object.pointer (node_modules/.pnpm/@testing-library+user-event@14.6.1_@testing-library+dom@10.4.0/node_modules/@testing-library/user-event/dist/cjs/pointer/index.js:27:15)
      at Object.asyncWrapper (node_modules/.pnpm/@testing-library+react@16.3.0_@testing-library+dom@10.4.0_@types+react-dom@18.3.7_@type_efee5276f61270375aed4c032a71d5e5/node_modules/@testing-library/react/dist/pure.js:88:22)
      at Object.<anonymous> (src/components/admin/dashboard/analytics/__tests__/StudentAnalytics.test.tsx:147:5)

    console.error
      TypeError: Cannot destructure property 'activeIndex' of '(0 , _hooks.useAppSelector)(...)' as it is undefined.
          at Tooltip (/Users/invoture/dev.local/hey-peter/node_modules/.pnpm/recharts@3.0.2_@types+react@18.3.23_react-dom@18.3.1_react@18.3.1__react-is@18.3.1_react@18.3.1_redux@5.0.1/node_modules/recharts/lib/component/Tooltip.js:107:5)
          at renderWithHooks (/Users/invoture/dev.local/hey-peter/node_modules/.pnpm/react-dom@18.3.1_react@18.3.1/node_modules/react-dom/cjs/react-dom.development.js:15486:18)
          at mountIndeterminateComponent (/Users/invoture/dev.local/hey-peter/node_modules/.pnpm/react-dom@18.3.1_react@18.3.1/node_modules/react-dom/cjs/react-dom.development.js:20103:13)
          at beginWork (/Users/invoture/dev.local/hey-peter/node_modules/.pnpm/react-dom@18.3.1_react@18.3.1/node_modules/react-dom/cjs/react-dom.development.js:21626:16)
          at beginWork$1 (/Users/invoture/dev.local/hey-peter/node_modules/.pnpm/react-dom@18.3.1_react@18.3.1/node_modules/react-dom/cjs/react-dom.development.js:27465:14)
          at performUnitOfWork (/Users/invoture/dev.local/hey-peter/node_modules/.pnpm/react-dom@18.3.1_react@18.3.1/node_modules/react-dom/cjs/react-dom.development.js:26599:12)
          at workLoopSync (/Users/invoture/dev.local/hey-peter/node_modules/.pnpm/react-dom@18.3.1_react@18.3.1/node_modules/react-dom/cjs/react-dom.development.js:26505:5)
          at renderRootSync (/Users/invoture/dev.local/hey-peter/node_modules/.pnpm/react-dom@18.3.1_react@18.3.1/node_modules/react-dom/cjs/react-dom.development.js:26473:7)
          at performConcurrentWorkOnRoot (/Users/invoture/dev.local/hey-peter/node_modules/.pnpm/react-dom@18.3.1_react@18.3.1/node_modules/react-dom/cjs/react-dom.development.js:25777:74)
          at flushActQueue (/Users/invoture/dev.local/hey-peter/node_modules/.pnpm/react@18.3.1/node_modules/react/cjs/react.development.js:2667:24)
          at act (/Users/invoture/dev.local/hey-peter/node_modules/.pnpm/react@18.3.1/node_modules/react/cjs/react.development.js:2582:11)
          at /Users/invoture/dev.local/hey-peter/node_modules/.pnpm/@testing-library+react@16.3.0_@testing-library+dom@10.4.0_@types+react-dom@18.3.7_@type_efee5276f61270375aed4c032a71d5e5/node_modules/@testing-library/react/dist/act-compat.js:47:25
          at Object.eventWrapper (/Users/invoture/dev.local/hey-peter/node_modules/.pnpm/@testing-library+react@16.3.0_@testing-library+dom@10.4.0_@types+react-dom@18.3.7_@type_efee5276f61270375aed4c032a71d5e5/node_modules/@testing-library/react/dist/pure.js:107:28)
          at Object.wrapEvent (/Users/invoture/dev.local/hey-peter/node_modules/.pnpm/@testing-library+user-event@14.6.1_@testing-library+dom@10.4.0/node_modules/@testing-library/user-event/dist/cjs/event/wrapEvent.js:6:28)
          at Object.dispatchEvent (/Users/invoture/dev.local/hey-peter/node_modules/.pnpm/@testing-library+user-event@14.6.1_@testing-library+dom@10.4.0/node_modules/@testing-library/user-event/dist/cjs/event/dispatchEvent.js:45:22)
          at Object.dispatchUIEvent (/Users/invoture/dev.local/hey-peter/node_modules/.pnpm/@testing-library+user-event@14.6.1_@testing-library+dom@10.4.0/node_modules/@testing-library/user-event/dist/cjs/event/dispatchEvent.js:22:26)
          at Mouse.down (/Users/invoture/dev.local/hey-peter/node_modules/.pnpm/@testing-library+user-event@14.6.1_@testing-library+dom@10.4.0/node_modules/@testing-library/user-event/dist/cjs/system/pointer/mouse.js:76:51)
          at PointerHost.press (/Users/invoture/dev.local/hey-peter/node_modules/.pnpm/@testing-library+user-event@14.6.1_@testing-library+dom@10.4.0/node_modules/@testing-library/user-event/dist/cjs/system/pointer/index.js:40:24)
          at pointerAction (/Users/invoture/dev.local/hey-peter/node_modules/.pnpm/@testing-library+user-event@14.6.1_@testing-library+dom@10.4.0/node_modules/@testing-library/user-event/dist/cjs/pointer/index.js:51:43)
          at Object.pointer (/Users/invoture/dev.local/hey-peter/node_modules/.pnpm/@testing-library+user-event@14.6.1_@testing-library+dom@10.4.0/node_modules/@testing-library/user-event/dist/cjs/pointer/index.js:27:15)
          at Object.asyncWrapper (/Users/invoture/dev.local/hey-peter/node_modules/.pnpm/@testing-library+react@16.3.0_@testing-library+dom@10.4.0_@types+react-dom@18.3.7_@type_efee5276f61270375aed4c032a71d5e5/node_modules/@testing-library/react/dist/pure.js:88:22)
          at Object.<anonymous> (/Users/invoture/dev.local/hey-peter/src/components/admin/dashboard/analytics/__tests__/StudentAnalytics.test.tsx:147:5)

      145 |
      146 |     // Click on Course Analytics tab
    > 147 |     await user.click(screen.getByRole("tab", { name: "Course Analytics" }));
          |     ^
      148 |
      149 |     // Should show course analytics content
      150 |     expect(screen.getByText("Course Popularity & Satisfaction")).toBeInTheDocument();

      at defaultOnRecoverableError (node_modules/.pnpm/react-dom@18.3.1_react@18.3.1/node_modules/react-dom/cjs/react-dom.development.js:29317:19)
      at commitRootImpl (node_modules/.pnpm/react-dom@18.3.1_react@18.3.1/node_modules/react-dom/cjs/react-dom.development.js:26951:7)
      at commitRoot (node_modules/.pnpm/react-dom@18.3.1_react@18.3.1/node_modules/react-dom/cjs/react-dom.development.js:26721:5)
      at finishConcurrentRender (node_modules/.pnpm/react-dom@18.3.1_react@18.3.1/node_modules/react-dom/cjs/react-dom.development.js:26020:9)
      at performConcurrentWorkOnRoot (node_modules/.pnpm/react-dom@18.3.1_react@18.3.1/node_modules/react-dom/cjs/react-dom.development.js:25848:7)
      at flushActQueue (node_modules/.pnpm/react@18.3.1/node_modules/react/cjs/react.development.js:2667:24)
      at act (node_modules/.pnpm/react@18.3.1/node_modules/react/cjs/react.development.js:2582:11)
      at node_modules/.pnpm/@testing-library+react@16.3.0_@testing-library+dom@10.4.0_@types+react-dom@18.3.7_@type_efee5276f61270375aed4c032a71d5e5/node_modules/@testing-library/react/dist/act-compat.js:47:25
      at Object.eventWrapper (node_modules/.pnpm/@testing-library+react@16.3.0_@testing-library+dom@10.4.0_@types+react-dom@18.3.7_@type_efee5276f61270375aed4c032a71d5e5/node_modules/@testing-library/react/dist/pure.js:107:28)
      at Object.wrapEvent (node_modules/.pnpm/@testing-library+user-event@14.6.1_@testing-library+dom@10.4.0/node_modules/@testing-library/user-event/dist/cjs/event/wrapEvent.js:6:28)
      at Object.dispatchEvent (node_modules/.pnpm/@testing-library+user-event@14.6.1_@testing-library+dom@10.4.0/node_modules/@testing-library/user-event/dist/cjs/event/dispatchEvent.js:45:22)
      at Object.dispatchUIEvent (node_modules/.pnpm/@testing-library+user-event@14.6.1_@testing-library+dom@10.4.0/node_modules/@testing-library/user-event/dist/cjs/event/dispatchEvent.js:22:26)
      at Mouse.down (node_modules/.pnpm/@testing-library+user-event@14.6.1_@testing-library+dom@10.4.0/node_modules/@testing-library/user-event/dist/cjs/system/pointer/mouse.js:76:51)
      at PointerHost.press (node_modules/.pnpm/@testing-library+user-event@14.6.1_@testing-library+dom@10.4.0/node_modules/@testing-library/user-event/dist/cjs/system/pointer/index.js:40:24)
      at pointerAction (node_modules/.pnpm/@testing-library+user-event@14.6.1_@testing-library+dom@10.4.0/node_modules/@testing-library/user-event/dist/cjs/pointer/index.js:51:43)
      at Object.pointer (node_modules/.pnpm/@testing-library+user-event@14.6.1_@testing-library+dom@10.4.0/node_modules/@testing-library/user-event/dist/cjs/pointer/index.js:27:15)
      at Object.asyncWrapper (node_modules/.pnpm/@testing-library+react@16.3.0_@testing-library+dom@10.4.0_@types+react-dom@18.3.7_@type_efee5276f61270375aed4c032a71d5e5/node_modules/@testing-library/react/dist/pure.js:88:22)
      at Object.<anonymous> (src/components/admin/dashboard/analytics/__tests__/StudentAnalytics.test.tsx:147:5)

    console.error
      Error: Uncaught [TypeError: Cannot destructure property 'activeIndex' of '(0 , _hooks.useAppSelector)(...)' as it is undefined.]
          at Object.<anonymous> (src/components/admin/dashboard/analytics/__tests__/StudentAnalytics.test.tsx:158:11)
          at new Promise (<anonymous>) {
        detail: TypeError: Cannot destructure property 'activeIndex' of '(0 , _hooks.useAppSelector)(...)' as it is undefined.
            at Tooltip (/Users/invoture/dev.local/hey-peter/node_modules/.pnpm/recharts@3.0.2_@types+react@18.3.23_react-dom@18.3.1_react@18.3.1__react-is@18.3.1_react@18.3.1_redux@5.0.1/node_modules/recharts/lib/component/Tooltip.js:107:5)
            at renderWithHooks (/Users/invoture/dev.local/hey-peter/node_modules/.pnpm/react-dom@18.3.1_react@18.3.1/node_modules/react-dom/cjs/react-dom.development.js:15486:18)
            at mountIndeterminateComponent (/Users/invoture/dev.local/hey-peter/node_modules/.pnpm/react-dom@18.3.1_react@18.3.1/node_modules/react-dom/cjs/react-dom.development.js:20103:13)
            at beginWork (/Users/invoture/dev.local/hey-peter/node_modules/.pnpm/react-dom@18.3.1_react@18.3.1/node_modules/react-dom/cjs/react-dom.development.js:21626:16)
            at HTMLUnknownElement.callCallback (/Users/invoture/dev.local/hey-peter/node_modules/.pnpm/react-dom@18.3.1_react@18.3.1/node_modules/react-dom/cjs/react-dom.development.js:4164:14)
            at HTMLUnknownElement.callTheUserObjectsOperation (/Users/invoture/dev.local/hey-peter/node_modules/.pnpm/jsdom@26.1.0/node_modules/jsdom/lib/jsdom/living/generated/EventListener.js:26:30)
            at innerInvokeEventListeners (/Users/invoture/dev.local/hey-peter/node_modules/.pnpm/jsdom@26.1.0/node_modules/jsdom/lib/jsdom/living/events/EventTarget-impl.js:350:25)
            at invokeEventListeners (/Users/invoture/dev.local/hey-peter/node_modules/.pnpm/jsdom@26.1.0/node_modules/jsdom/lib/jsdom/living/events/EventTarget-impl.js:286:3)
            at HTMLUnknownElementImpl._dispatch (/Users/invoture/dev.local/hey-peter/node_modules/.pnpm/jsdom@26.1.0/node_modules/jsdom/lib/jsdom/living/events/EventTarget-impl.js:233:9)
            at HTMLUnknownElementImpl.dispatchEvent (/Users/invoture/dev.local/hey-peter/node_modules/.pnpm/jsdom@26.1.0/node_modules/jsdom/lib/jsdom/living/events/EventTarget-impl.js:104:17)
            at HTMLUnknownElement.dispatchEvent (/Users/invoture/dev.local/hey-peter/node_modules/.pnpm/jsdom@26.1.0/node_modules/jsdom/lib/jsdom/living/generated/EventTarget.js:241:34)
            at Object.invokeGuardedCallbackDev (/Users/invoture/dev.local/hey-peter/node_modules/.pnpm/react-dom@18.3.1_react@18.3.1/node_modules/react-dom/cjs/react-dom.development.js:4213:16)
            at invokeGuardedCallback (/Users/invoture/dev.local/hey-peter/node_modules/.pnpm/react-dom@18.3.1_react@18.3.1/node_modules/react-dom/cjs/react-dom.development.js:4277:31)
            at beginWork$1 (/Users/invoture/dev.local/hey-peter/node_modules/.pnpm/react-dom@18.3.1_react@18.3.1/node_modules/react-dom/cjs/react-dom.development.js:27490:7)
            at performUnitOfWork (/Users/invoture/dev.local/hey-peter/node_modules/.pnpm/react-dom@18.3.1_react@18.3.1/node_modules/react-dom/cjs/react-dom.development.js:26599:12)
            at workLoopSync (/Users/invoture/dev.local/hey-peter/node_modules/.pnpm/react-dom@18.3.1_react@18.3.1/node_modules/react-dom/cjs/react-dom.development.js:26505:5)
            at renderRootSync (/Users/invoture/dev.local/hey-peter/node_modules/.pnpm/react-dom@18.3.1_react@18.3.1/node_modules/react-dom/cjs/react-dom.development.js:26473:7)
            at performConcurrentWorkOnRoot (/Users/invoture/dev.local/hey-peter/node_modules/.pnpm/react-dom@18.3.1_react@18.3.1/node_modules/react-dom/cjs/react-dom.development.js:25777:74)
            at flushActQueue (/Users/invoture/dev.local/hey-peter/node_modules/.pnpm/react@18.3.1/node_modules/react/cjs/react.development.js:2667:24)
            at act (/Users/invoture/dev.local/hey-peter/node_modules/.pnpm/react@18.3.1/node_modules/react/cjs/react.development.js:2582:11)
            at /Users/invoture/dev.local/hey-peter/node_modules/.pnpm/@testing-library+react@16.3.0_@testing-library+dom@10.4.0_@types+react-dom@18.3.7_@type_efee5276f61270375aed4c032a71d5e5/node_modules/@testing-library/react/dist/act-compat.js:47:25
            at renderRoot (/Users/invoture/dev.local/hey-peter/node_modules/.pnpm/@testing-library+react@16.3.0_@testing-library+dom@10.4.0_@types+react-dom@18.3.7_@type_efee5276f61270375aed4c032a71d5e5/node_modules/@testing-library/react/dist/pure.js:190:26)
            at render (/Users/invoture/dev.local/hey-peter/node_modules/.pnpm/@testing-library+react@16.3.0_@testing-library+dom@10.4.0_@types+react-dom@18.3.7_@type_efee5276f61270375aed4c032a71d5e5/node_modules/@testing-library/react/dist/pure.js:292:10)
            at Object.<anonymous> (/Users/invoture/dev.local/hey-peter/src/components/admin/dashboard/analytics/__tests__/StudentAnalytics.test.tsx:158:11)
            at Promise.finally.completed (/Users/invoture/dev.local/hey-peter/node_modules/.pnpm/jest-circus@30.0.2/node_modules/jest-circus/build/jestAdapterInit.js:1559:28)
            at new Promise (<anonymous>)
            at callAsyncCircusFn (/Users/invoture/dev.local/hey-peter/node_modules/.pnpm/jest-circus@30.0.2/node_modules/jest-circus/build/jestAdapterInit.js:1499:10)
            at _callCircusTest (/Users/invoture/dev.local/hey-peter/node_modules/.pnpm/jest-circus@30.0.2/node_modules/jest-circus/build/jestAdapterInit.js:1009:40)
            at _runTest (/Users/invoture/dev.local/hey-peter/node_modules/.pnpm/jest-circus@30.0.2/node_modules/jest-circus/build/jestAdapterInit.js:949:3)
            at _runTestsForDescribeBlock (/Users/invoture/dev.local/hey-peter/node_modules/.pnpm/jest-circus@30.0.2/node_modules/jest-circus/build/jestAdapterInit.js:839:13)
            at _runTestsForDescribeBlock (/Users/invoture/dev.local/hey-peter/node_modules/.pnpm/jest-circus@30.0.2/node_modules/jest-circus/build/jestAdapterInit.js:829:11)
            at run (/Users/invoture/dev.local/hey-peter/node_modules/.pnpm/jest-circus@30.0.2/node_modules/jest-circus/build/jestAdapterInit.js:757:3)
            at runAndTransformResultsToJestFormat (/Users/invoture/dev.local/hey-peter/node_modules/.pnpm/jest-circus@30.0.2/node_modules/jest-circus/build/jestAdapterInit.js:1920:21)
            at jestAdapter (/Users/invoture/dev.local/hey-peter/node_modules/.pnpm/jest-circus@30.0.2/node_modules/jest-circus/build/runner.js:101:19)
            at runTestInternal (/Users/invoture/dev.local/hey-peter/node_modules/.pnpm/jest-runner@30.0.2/node_modules/jest-runner/build/testWorker.js:272:16)
            at runTest (/Users/invoture/dev.local/hey-peter/node_modules/.pnpm/jest-runner@30.0.2/node_modules/jest-runner/build/testWorker.js:340:7)
            at Object.worker (/Users/invoture/dev.local/hey-peter/node_modules/.pnpm/jest-runner@30.0.2/node_modules/jest-runner/build/testWorker.js:494:12),
        type: 'unhandled exception'
      }

      156 |   it("shows performance trends when tab is selected", async () => {
      157 |     const user = userEvent.setup();
    > 158 |     render(<StudentAnalytics />);
          |           ^
      159 |
      160 |     await waitFor(() => {
      161 |       expect(screen.queryByRole("status")).not.toBeInTheDocument();

      at VirtualConsole.<anonymous> (node_modules/.pnpm/@jest+environment-jsdom-abstract@30.0.4_jsdom@26.1.0/node_modules/@jest/environment-jsdom-abstract/build/index.js:78:23)
      at reportException (node_modules/.pnpm/jsdom@26.1.0/node_modules/jsdom/lib/jsdom/living/helpers/runtime-script-errors.js:70:28)
      at innerInvokeEventListeners (node_modules/.pnpm/jsdom@26.1.0/node_modules/jsdom/lib/jsdom/living/events/EventTarget-impl.js:353:9)
      at invokeEventListeners (node_modules/.pnpm/jsdom@26.1.0/node_modules/jsdom/lib/jsdom/living/events/EventTarget-impl.js:286:3)
      at HTMLUnknownElementImpl._dispatch (node_modules/.pnpm/jsdom@26.1.0/node_modules/jsdom/lib/jsdom/living/events/EventTarget-impl.js:233:9)
      at HTMLUnknownElementImpl.dispatchEvent (node_modules/.pnpm/jsdom@26.1.0/node_modules/jsdom/lib/jsdom/living/events/EventTarget-impl.js:104:17)
      at HTMLUnknownElement.dispatchEvent (node_modules/.pnpm/jsdom@26.1.0/node_modules/jsdom/lib/jsdom/living/generated/EventTarget.js:241:34)
      at Object.invokeGuardedCallbackDev (node_modules/.pnpm/react-dom@18.3.1_react@18.3.1/node_modules/react-dom/cjs/react-dom.development.js:4213:16)
      at invokeGuardedCallback (node_modules/.pnpm/react-dom@18.3.1_react@18.3.1/node_modules/react-dom/cjs/react-dom.development.js:4277:31)
      at beginWork$1 (node_modules/.pnpm/react-dom@18.3.1_react@18.3.1/node_modules/react-dom/cjs/react-dom.development.js:27490:7)
      at performUnitOfWork (node_modules/.pnpm/react-dom@18.3.1_react@18.3.1/node_modules/react-dom/cjs/react-dom.development.js:26599:12)
      at workLoopSync (node_modules/.pnpm/react-dom@18.3.1_react@18.3.1/node_modules/react-dom/cjs/react-dom.development.js:26505:5)
      at renderRootSync (node_modules/.pnpm/react-dom@18.3.1_react@18.3.1/node_modules/react-dom/cjs/react-dom.development.js:26473:7)
      at performConcurrentWorkOnRoot (node_modules/.pnpm/react-dom@18.3.1_react@18.3.1/node_modules/react-dom/cjs/react-dom.development.js:25777:74)
      at flushActQueue (node_modules/.pnpm/react@18.3.1/node_modules/react/cjs/react.development.js:2667:24)
      at act (node_modules/.pnpm/react@18.3.1/node_modules/react/cjs/react.development.js:2582:11)
      at node_modules/.pnpm/@testing-library+react@16.3.0_@testing-library+dom@10.4.0_@types+react-dom@18.3.7_@type_efee5276f61270375aed4c032a71d5e5/node_modules/@testing-library/react/dist/act-compat.js:47:25
      at renderRoot (node_modules/.pnpm/@testing-library+react@16.3.0_@testing-library+dom@10.4.0_@types+react-dom@18.3.7_@type_efee5276f61270375aed4c032a71d5e5/node_modules/@testing-library/react/dist/pure.js:190:26)
      at render (node_modules/.pnpm/@testing-library+react@16.3.0_@testing-library+dom@10.4.0_@types+react-dom@18.3.7_@type_efee5276f61270375aed4c032a71d5e5/node_modules/@testing-library/react/dist/pure.js:292:10)
      at Object.<anonymous> (src/components/admin/dashboard/analytics/__tests__/StudentAnalytics.test.tsx:158:11)

    console.error
      TypeError: Cannot destructure property 'activeIndex' of '(0 , _hooks.useAppSelector)(...)' as it is undefined.
          at Tooltip (/Users/invoture/dev.local/hey-peter/node_modules/.pnpm/recharts@3.0.2_@types+react@18.3.23_react-dom@18.3.1_react@18.3.1__react-is@18.3.1_react@18.3.1_redux@5.0.1/node_modules/recharts/lib/component/Tooltip.js:107:5)
          at renderWithHooks (/Users/invoture/dev.local/hey-peter/node_modules/.pnpm/react-dom@18.3.1_react@18.3.1/node_modules/react-dom/cjs/react-dom.development.js:15486:18)
          at mountIndeterminateComponent (/Users/invoture/dev.local/hey-peter/node_modules/.pnpm/react-dom@18.3.1_react@18.3.1/node_modules/react-dom/cjs/react-dom.development.js:20103:13)
          at beginWork (/Users/invoture/dev.local/hey-peter/node_modules/.pnpm/react-dom@18.3.1_react@18.3.1/node_modules/react-dom/cjs/react-dom.development.js:21626:16)
          at beginWork$1 (/Users/invoture/dev.local/hey-peter/node_modules/.pnpm/react-dom@18.3.1_react@18.3.1/node_modules/react-dom/cjs/react-dom.development.js:27465:14)
          at performUnitOfWork (/Users/invoture/dev.local/hey-peter/node_modules/.pnpm/react-dom@18.3.1_react@18.3.1/node_modules/react-dom/cjs/react-dom.development.js:26599:12)
          at workLoopSync (/Users/invoture/dev.local/hey-peter/node_modules/.pnpm/react-dom@18.3.1_react@18.3.1/node_modules/react-dom/cjs/react-dom.development.js:26505:5)
          at renderRootSync (/Users/invoture/dev.local/hey-peter/node_modules/.pnpm/react-dom@18.3.1_react@18.3.1/node_modules/react-dom/cjs/react-dom.development.js:26473:7)
          at performConcurrentWorkOnRoot (/Users/invoture/dev.local/hey-peter/node_modules/.pnpm/react-dom@18.3.1_react@18.3.1/node_modules/react-dom/cjs/react-dom.development.js:25777:74)
          at flushActQueue (/Users/invoture/dev.local/hey-peter/node_modules/.pnpm/react@18.3.1/node_modules/react/cjs/react.development.js:2667:24)
          at act (/Users/invoture/dev.local/hey-peter/node_modules/.pnpm/react@18.3.1/node_modules/react/cjs/react.development.js:2582:11)
          at /Users/invoture/dev.local/hey-peter/node_modules/.pnpm/@testing-library+react@16.3.0_@testing-library+dom@10.4.0_@types+react-dom@18.3.7_@type_efee5276f61270375aed4c032a71d5e5/node_modules/@testing-library/react/dist/act-compat.js:47:25
          at renderRoot (/Users/invoture/dev.local/hey-peter/node_modules/.pnpm/@testing-library+react@16.3.0_@testing-library+dom@10.4.0_@types+react-dom@18.3.7_@type_efee5276f61270375aed4c032a71d5e5/node_modules/@testing-library/react/dist/pure.js:190:26)
          at render (/Users/invoture/dev.local/hey-peter/node_modules/.pnpm/@testing-library+react@16.3.0_@testing-library+dom@10.4.0_@types+react-dom@18.3.7_@type_efee5276f61270375aed4c032a71d5e5/node_modules/@testing-library/react/dist/pure.js:292:10)
          at Object.<anonymous> (/Users/invoture/dev.local/hey-peter/src/components/admin/dashboard/analytics/__tests__/StudentAnalytics.test.tsx:158:11)
          at Promise.finally.completed (/Users/invoture/dev.local/hey-peter/node_modules/.pnpm/jest-circus@30.0.2/node_modules/jest-circus/build/jestAdapterInit.js:1559:28)
          at new Promise (<anonymous>)
          at callAsyncCircusFn (/Users/invoture/dev.local/hey-peter/node_modules/.pnpm/jest-circus@30.0.2/node_modules/jest-circus/build/jestAdapterInit.js:1499:10)
          at _callCircusTest (/Users/invoture/dev.local/hey-peter/node_modules/.pnpm/jest-circus@30.0.2/node_modules/jest-circus/build/jestAdapterInit.js:1009:40)
          at _runTest (/Users/invoture/dev.local/hey-peter/node_modules/.pnpm/jest-circus@30.0.2/node_modules/jest-circus/build/jestAdapterInit.js:949:3)
          at _runTestsForDescribeBlock (/Users/invoture/dev.local/hey-peter/node_modules/.pnpm/jest-circus@30.0.2/node_modules/jest-circus/build/jestAdapterInit.js:839:13)
          at _runTestsForDescribeBlock (/Users/invoture/dev.local/hey-peter/node_modules/.pnpm/jest-circus@30.0.2/node_modules/jest-circus/build/jestAdapterInit.js:829:11)
          at run (/Users/invoture/dev.local/hey-peter/node_modules/.pnpm/jest-circus@30.0.2/node_modules/jest-circus/build/jestAdapterInit.js:757:3)
          at runAndTransformResultsToJestFormat (/Users/invoture/dev.local/hey-peter/node_modules/.pnpm/jest-circus@30.0.2/node_modules/jest-circus/build/jestAdapterInit.js:1920:21)
          at jestAdapter (/Users/invoture/dev.local/hey-peter/node_modules/.pnpm/jest-circus@30.0.2/node_modules/jest-circus/build/runner.js:101:19)
          at runTestInternal (/Users/invoture/dev.local/hey-peter/node_modules/.pnpm/jest-runner@30.0.2/node_modules/jest-runner/build/testWorker.js:272:16)
          at runTest (/Users/invoture/dev.local/hey-peter/node_modules/.pnpm/jest-runner@30.0.2/node_modules/jest-runner/build/testWorker.js:340:7)
          at Object.worker (/Users/invoture/dev.local/hey-peter/node_modules/.pnpm/jest-runner@30.0.2/node_modules/jest-runner/build/testWorker.js:494:12)

      156 |   it("shows performance trends when tab is selected", async () => {
      157 |     const user = userEvent.setup();
    > 158 |     render(<StudentAnalytics />);
          |           ^
      159 |
      160 |     await waitFor(() => {
      161 |       expect(screen.queryByRole("status")).not.toBeInTheDocument();

      at defaultOnRecoverableError (node_modules/.pnpm/react-dom@18.3.1_react@18.3.1/node_modules/react-dom/cjs/react-dom.development.js:29317:19)
      at commitRootImpl (node_modules/.pnpm/react-dom@18.3.1_react@18.3.1/node_modules/react-dom/cjs/react-dom.development.js:26951:7)
      at commitRoot (node_modules/.pnpm/react-dom@18.3.1_react@18.3.1/node_modules/react-dom/cjs/react-dom.development.js:26721:5)
      at finishConcurrentRender (node_modules/.pnpm/react-dom@18.3.1_react@18.3.1/node_modules/react-dom/cjs/react-dom.development.js:26020:9)
      at performConcurrentWorkOnRoot (node_modules/.pnpm/react-dom@18.3.1_react@18.3.1/node_modules/react-dom/cjs/react-dom.development.js:25848:7)
      at flushActQueue (node_modules/.pnpm/react@18.3.1/node_modules/react/cjs/react.development.js:2667:24)
      at act (node_modules/.pnpm/react@18.3.1/node_modules/react/cjs/react.development.js:2582:11)
      at node_modules/.pnpm/@testing-library+react@16.3.0_@testing-library+dom@10.4.0_@types+react-dom@18.3.7_@type_efee5276f61270375aed4c032a71d5e5/node_modules/@testing-library/react/dist/act-compat.js:47:25
      at renderRoot (node_modules/.pnpm/@testing-library+react@16.3.0_@testing-library+dom@10.4.0_@types+react-dom@18.3.7_@type_efee5276f61270375aed4c032a71d5e5/node_modules/@testing-library/react/dist/pure.js:190:26)
      at render (node_modules/.pnpm/@testing-library+react@16.3.0_@testing-library+dom@10.4.0_@types+react-dom@18.3.7_@type_efee5276f61270375aed4c032a71d5e5/node_modules/@testing-library/react/dist/pure.js:292:10)
      at Object.<anonymous> (src/components/admin/dashboard/analytics/__tests__/StudentAnalytics.test.tsx:158:11)

    console.error
      Error: Uncaught [TypeError: Cannot destructure property 'activeIndex' of '(0 , _hooks.useAppSelector)(...)' as it is undefined.]
          at Object.<anonymous> (src/components/admin/dashboard/analytics/__tests__/StudentAnalytics.test.tsx:165:5) {
        detail: TypeError: Cannot destructure property 'activeIndex' of '(0 , _hooks.useAppSelector)(...)' as it is undefined.
            at Tooltip (/Users/invoture/dev.local/hey-peter/node_modules/.pnpm/recharts@3.0.2_@types+react@18.3.23_react-dom@18.3.1_react@18.3.1__react-is@18.3.1_react@18.3.1_redux@5.0.1/node_modules/recharts/lib/component/Tooltip.js:107:5)
            at renderWithHooks (/Users/invoture/dev.local/hey-peter/node_modules/.pnpm/react-dom@18.3.1_react@18.3.1/node_modules/react-dom/cjs/react-dom.development.js:15486:18)
            at mountIndeterminateComponent (/Users/invoture/dev.local/hey-peter/node_modules/.pnpm/react-dom@18.3.1_react@18.3.1/node_modules/react-dom/cjs/react-dom.development.js:20103:13)
            at beginWork (/Users/invoture/dev.local/hey-peter/node_modules/.pnpm/react-dom@18.3.1_react@18.3.1/node_modules/react-dom/cjs/react-dom.development.js:21626:16)
            at HTMLUnknownElement.callCallback (/Users/invoture/dev.local/hey-peter/node_modules/.pnpm/react-dom@18.3.1_react@18.3.1/node_modules/react-dom/cjs/react-dom.development.js:4164:14)
            at HTMLUnknownElement.callTheUserObjectsOperation (/Users/invoture/dev.local/hey-peter/node_modules/.pnpm/jsdom@26.1.0/node_modules/jsdom/lib/jsdom/living/generated/EventListener.js:26:30)
            at innerInvokeEventListeners (/Users/invoture/dev.local/hey-peter/node_modules/.pnpm/jsdom@26.1.0/node_modules/jsdom/lib/jsdom/living/events/EventTarget-impl.js:350:25)
            at invokeEventListeners (/Users/invoture/dev.local/hey-peter/node_modules/.pnpm/jsdom@26.1.0/node_modules/jsdom/lib/jsdom/living/events/EventTarget-impl.js:286:3)
            at HTMLUnknownElementImpl._dispatch (/Users/invoture/dev.local/hey-peter/node_modules/.pnpm/jsdom@26.1.0/node_modules/jsdom/lib/jsdom/living/events/EventTarget-impl.js:233:9)
            at HTMLUnknownElementImpl.dispatchEvent (/Users/invoture/dev.local/hey-peter/node_modules/.pnpm/jsdom@26.1.0/node_modules/jsdom/lib/jsdom/living/events/EventTarget-impl.js:104:17)
            at HTMLUnknownElement.dispatchEvent (/Users/invoture/dev.local/hey-peter/node_modules/.pnpm/jsdom@26.1.0/node_modules/jsdom/lib/jsdom/living/generated/EventTarget.js:241:34)
            at Object.invokeGuardedCallbackDev (/Users/invoture/dev.local/hey-peter/node_modules/.pnpm/react-dom@18.3.1_react@18.3.1/node_modules/react-dom/cjs/react-dom.development.js:4213:16)
            at invokeGuardedCallback (/Users/invoture/dev.local/hey-peter/node_modules/.pnpm/react-dom@18.3.1_react@18.3.1/node_modules/react-dom/cjs/react-dom.development.js:4277:31)
            at beginWork$1 (/Users/invoture/dev.local/hey-peter/node_modules/.pnpm/react-dom@18.3.1_react@18.3.1/node_modules/react-dom/cjs/react-dom.development.js:27490:7)
            at performUnitOfWork (/Users/invoture/dev.local/hey-peter/node_modules/.pnpm/react-dom@18.3.1_react@18.3.1/node_modules/react-dom/cjs/react-dom.development.js:26599:12)
            at workLoopSync (/Users/invoture/dev.local/hey-peter/node_modules/.pnpm/react-dom@18.3.1_react@18.3.1/node_modules/react-dom/cjs/react-dom.development.js:26505:5)
            at renderRootSync (/Users/invoture/dev.local/hey-peter/node_modules/.pnpm/react-dom@18.3.1_react@18.3.1/node_modules/react-dom/cjs/react-dom.development.js:26473:7)
            at performConcurrentWorkOnRoot (/Users/invoture/dev.local/hey-peter/node_modules/.pnpm/react-dom@18.3.1_react@18.3.1/node_modules/react-dom/cjs/react-dom.development.js:25777:74)
            at flushActQueue (/Users/invoture/dev.local/hey-peter/node_modules/.pnpm/react@18.3.1/node_modules/react/cjs/react.development.js:2667:24)
            at act (/Users/invoture/dev.local/hey-peter/node_modules/.pnpm/react@18.3.1/node_modules/react/cjs/react.development.js:2582:11)
            at /Users/invoture/dev.local/hey-peter/node_modules/.pnpm/@testing-library+react@16.3.0_@testing-library+dom@10.4.0_@types+react-dom@18.3.7_@type_efee5276f61270375aed4c032a71d5e5/node_modules/@testing-library/react/dist/act-compat.js:47:25
            at Object.eventWrapper (/Users/invoture/dev.local/hey-peter/node_modules/.pnpm/@testing-library+react@16.3.0_@testing-library+dom@10.4.0_@types+react-dom@18.3.7_@type_efee5276f61270375aed4c032a71d5e5/node_modules/@testing-library/react/dist/pure.js:107:28)
            at Object.wrapEvent (/Users/invoture/dev.local/hey-peter/node_modules/.pnpm/@testing-library+user-event@14.6.1_@testing-library+dom@10.4.0/node_modules/@testing-library/user-event/dist/cjs/event/wrapEvent.js:6:28)
            at Object.dispatchEvent (/Users/invoture/dev.local/hey-peter/node_modules/.pnpm/@testing-library+user-event@14.6.1_@testing-library+dom@10.4.0/node_modules/@testing-library/user-event/dist/cjs/event/dispatchEvent.js:45:22)
            at Object.dispatchUIEvent (/Users/invoture/dev.local/hey-peter/node_modules/.pnpm/@testing-library+user-event@14.6.1_@testing-library+dom@10.4.0/node_modules/@testing-library/user-event/dist/cjs/event/dispatchEvent.js:22:26)
            at Mouse.down (/Users/invoture/dev.local/hey-peter/node_modules/.pnpm/@testing-library+user-event@14.6.1_@testing-library+dom@10.4.0/node_modules/@testing-library/user-event/dist/cjs/system/pointer/mouse.js:76:51)
            at PointerHost.press (/Users/invoture/dev.local/hey-peter/node_modules/.pnpm/@testing-library+user-event@14.6.1_@testing-library+dom@10.4.0/node_modules/@testing-library/user-event/dist/cjs/system/pointer/index.js:40:24)
            at pointerAction (/Users/invoture/dev.local/hey-peter/node_modules/.pnpm/@testing-library+user-event@14.6.1_@testing-library+dom@10.4.0/node_modules/@testing-library/user-event/dist/cjs/pointer/index.js:51:43)
            at Object.pointer (/Users/invoture/dev.local/hey-peter/node_modules/.pnpm/@testing-library+user-event@14.6.1_@testing-library+dom@10.4.0/node_modules/@testing-library/user-event/dist/cjs/pointer/index.js:27:15)
            at Object.asyncWrapper (/Users/invoture/dev.local/hey-peter/node_modules/.pnpm/@testing-library+react@16.3.0_@testing-library+dom@10.4.0_@types+react-dom@18.3.7_@type_efee5276f61270375aed4c032a71d5e5/node_modules/@testing-library/react/dist/pure.js:88:22)
            at Object.<anonymous> (/Users/invoture/dev.local/hey-peter/src/components/admin/dashboard/analytics/__tests__/StudentAnalytics.test.tsx:165:5),
        type: 'unhandled exception'
      }

      163 |
      164 |     // Click on Performance Trends tab
    > 165 |     await user.click(screen.getByRole("tab", { name: "Performance Trends" }));
          |     ^
      166 |
      167 |     // Should show performance trends content
      168 |     expect(screen.getByText("Performance Trends Over Time")).toBeInTheDocument();

      at VirtualConsole.<anonymous> (node_modules/.pnpm/@jest+environment-jsdom-abstract@30.0.4_jsdom@26.1.0/node_modules/@jest/environment-jsdom-abstract/build/index.js:78:23)
      at reportException (node_modules/.pnpm/jsdom@26.1.0/node_modules/jsdom/lib/jsdom/living/helpers/runtime-script-errors.js:70:28)
      at innerInvokeEventListeners (node_modules/.pnpm/jsdom@26.1.0/node_modules/jsdom/lib/jsdom/living/events/EventTarget-impl.js:353:9)
      at invokeEventListeners (node_modules/.pnpm/jsdom@26.1.0/node_modules/jsdom/lib/jsdom/living/events/EventTarget-impl.js:286:3)
      at HTMLUnknownElementImpl._dispatch (node_modules/.pnpm/jsdom@26.1.0/node_modules/jsdom/lib/jsdom/living/events/EventTarget-impl.js:233:9)
      at HTMLUnknownElementImpl.dispatchEvent (node_modules/.pnpm/jsdom@26.1.0/node_modules/jsdom/lib/jsdom/living/events/EventTarget-impl.js:104:17)
      at HTMLUnknownElement.dispatchEvent (node_modules/.pnpm/jsdom@26.1.0/node_modules/jsdom/lib/jsdom/living/generated/EventTarget.js:241:34)
      at Object.invokeGuardedCallbackDev (node_modules/.pnpm/react-dom@18.3.1_react@18.3.1/node_modules/react-dom/cjs/react-dom.development.js:4213:16)
      at invokeGuardedCallback (node_modules/.pnpm/react-dom@18.3.1_react@18.3.1/node_modules/react-dom/cjs/react-dom.development.js:4277:31)
      at beginWork$1 (node_modules/.pnpm/react-dom@18.3.1_react@18.3.1/node_modules/react-dom/cjs/react-dom.development.js:27490:7)
      at performUnitOfWork (node_modules/.pnpm/react-dom@18.3.1_react@18.3.1/node_modules/react-dom/cjs/react-dom.development.js:26599:12)
      at workLoopSync (node_modules/.pnpm/react-dom@18.3.1_react@18.3.1/node_modules/react-dom/cjs/react-dom.development.js:26505:5)
      at renderRootSync (node_modules/.pnpm/react-dom@18.3.1_react@18.3.1/node_modules/react-dom/cjs/react-dom.development.js:26473:7)
      at performConcurrentWorkOnRoot (node_modules/.pnpm/react-dom@18.3.1_react@18.3.1/node_modules/react-dom/cjs/react-dom.development.js:25777:74)
      at flushActQueue (node_modules/.pnpm/react@18.3.1/node_modules/react/cjs/react.development.js:2667:24)
      at act (node_modules/.pnpm/react@18.3.1/node_modules/react/cjs/react.development.js:2582:11)
      at node_modules/.pnpm/@testing-library+react@16.3.0_@testing-library+dom@10.4.0_@types+react-dom@18.3.7_@type_efee5276f61270375aed4c032a71d5e5/node_modules/@testing-library/react/dist/act-compat.js:47:25
      at Object.eventWrapper (node_modules/.pnpm/@testing-library+react@16.3.0_@testing-library+dom@10.4.0_@types+react-dom@18.3.7_@type_efee5276f61270375aed4c032a71d5e5/node_modules/@testing-library/react/dist/pure.js:107:28)
      at Object.wrapEvent (node_modules/.pnpm/@testing-library+user-event@14.6.1_@testing-library+dom@10.4.0/node_modules/@testing-library/user-event/dist/cjs/event/wrapEvent.js:6:28)
      at Object.dispatchEvent (node_modules/.pnpm/@testing-library+user-event@14.6.1_@testing-library+dom@10.4.0/node_modules/@testing-library/user-event/dist/cjs/event/dispatchEvent.js:45:22)
      at Object.dispatchUIEvent (node_modules/.pnpm/@testing-library+user-event@14.6.1_@testing-library+dom@10.4.0/node_modules/@testing-library/user-event/dist/cjs/event/dispatchEvent.js:22:26)
      at Mouse.down (node_modules/.pnpm/@testing-library+user-event@14.6.1_@testing-library+dom@10.4.0/node_modules/@testing-library/user-event/dist/cjs/system/pointer/mouse.js:76:51)
      at PointerHost.press (node_modules/.pnpm/@testing-library+user-event@14.6.1_@testing-library+dom@10.4.0/node_modules/@testing-library/user-event/dist/cjs/system/pointer/index.js:40:24)
      at pointerAction (node_modules/.pnpm/@testing-library+user-event@14.6.1_@testing-library+dom@10.4.0/node_modules/@testing-library/user-event/dist/cjs/pointer/index.js:51:43)
      at Object.pointer (node_modules/.pnpm/@testing-library+user-event@14.6.1_@testing-library+dom@10.4.0/node_modules/@testing-library/user-event/dist/cjs/pointer/index.js:27:15)
      at Object.asyncWrapper (node_modules/.pnpm/@testing-library+react@16.3.0_@testing-library+dom@10.4.0_@types+react-dom@18.3.7_@type_efee5276f61270375aed4c032a71d5e5/node_modules/@testing-library/react/dist/pure.js:88:22)
      at Object.<anonymous> (src/components/admin/dashboard/analytics/__tests__/StudentAnalytics.test.tsx:165:5)

    console.error
      TypeError: Cannot destructure property 'activeIndex' of '(0 , _hooks.useAppSelector)(...)' as it is undefined.
          at Tooltip (/Users/invoture/dev.local/hey-peter/node_modules/.pnpm/recharts@3.0.2_@types+react@18.3.23_react-dom@18.3.1_react@18.3.1__react-is@18.3.1_react@18.3.1_redux@5.0.1/node_modules/recharts/lib/component/Tooltip.js:107:5)
          at renderWithHooks (/Users/invoture/dev.local/hey-peter/node_modules/.pnpm/react-dom@18.3.1_react@18.3.1/node_modules/react-dom/cjs/react-dom.development.js:15486:18)
          at mountIndeterminateComponent (/Users/invoture/dev.local/hey-peter/node_modules/.pnpm/react-dom@18.3.1_react@18.3.1/node_modules/react-dom/cjs/react-dom.development.js:20103:13)
          at beginWork (/Users/invoture/dev.local/hey-peter/node_modules/.pnpm/react-dom@18.3.1_react@18.3.1/node_modules/react-dom/cjs/react-dom.development.js:21626:16)
          at beginWork$1 (/Users/invoture/dev.local/hey-peter/node_modules/.pnpm/react-dom@18.3.1_react@18.3.1/node_modules/react-dom/cjs/react-dom.development.js:27465:14)
          at performUnitOfWork (/Users/invoture/dev.local/hey-peter/node_modules/.pnpm/react-dom@18.3.1_react@18.3.1/node_modules/react-dom/cjs/react-dom.development.js:26599:12)
          at workLoopSync (/Users/invoture/dev.local/hey-peter/node_modules/.pnpm/react-dom@18.3.1_react@18.3.1/node_modules/react-dom/cjs/react-dom.development.js:26505:5)
          at renderRootSync (/Users/invoture/dev.local/hey-peter/node_modules/.pnpm/react-dom@18.3.1_react@18.3.1/node_modules/react-dom/cjs/react-dom.development.js:26473:7)
          at performConcurrentWorkOnRoot (/Users/invoture/dev.local/hey-peter/node_modules/.pnpm/react-dom@18.3.1_react@18.3.1/node_modules/react-dom/cjs/react-dom.development.js:25777:74)
          at flushActQueue (/Users/invoture/dev.local/hey-peter/node_modules/.pnpm/react@18.3.1/node_modules/react/cjs/react.development.js:2667:24)
          at act (/Users/invoture/dev.local/hey-peter/node_modules/.pnpm/react@18.3.1/node_modules/react/cjs/react.development.js:2582:11)
          at /Users/invoture/dev.local/hey-peter/node_modules/.pnpm/@testing-library+react@16.3.0_@testing-library+dom@10.4.0_@types+react-dom@18.3.7_@type_efee5276f61270375aed4c032a71d5e5/node_modules/@testing-library/react/dist/act-compat.js:47:25
          at Object.eventWrapper (/Users/invoture/dev.local/hey-peter/node_modules/.pnpm/@testing-library+react@16.3.0_@testing-library+dom@10.4.0_@types+react-dom@18.3.7_@type_efee5276f61270375aed4c032a71d5e5/node_modules/@testing-library/react/dist/pure.js:107:28)
          at Object.wrapEvent (/Users/invoture/dev.local/hey-peter/node_modules/.pnpm/@testing-library+user-event@14.6.1_@testing-library+dom@10.4.0/node_modules/@testing-library/user-event/dist/cjs/event/wrapEvent.js:6:28)
          at Object.dispatchEvent (/Users/invoture/dev.local/hey-peter/node_modules/.pnpm/@testing-library+user-event@14.6.1_@testing-library+dom@10.4.0/node_modules/@testing-library/user-event/dist/cjs/event/dispatchEvent.js:45:22)
          at Object.dispatchUIEvent (/Users/invoture/dev.local/hey-peter/node_modules/.pnpm/@testing-library+user-event@14.6.1_@testing-library+dom@10.4.0/node_modules/@testing-library/user-event/dist/cjs/event/dispatchEvent.js:22:26)
          at Mouse.down (/Users/invoture/dev.local/hey-peter/node_modules/.pnpm/@testing-library+user-event@14.6.1_@testing-library+dom@10.4.0/node_modules/@testing-library/user-event/dist/cjs/system/pointer/mouse.js:76:51)
          at PointerHost.press (/Users/invoture/dev.local/hey-peter/node_modules/.pnpm/@testing-library+user-event@14.6.1_@testing-library+dom@10.4.0/node_modules/@testing-library/user-event/dist/cjs/system/pointer/index.js:40:24)
          at pointerAction (/Users/invoture/dev.local/hey-peter/node_modules/.pnpm/@testing-library+user-event@14.6.1_@testing-library+dom@10.4.0/node_modules/@testing-library/user-event/dist/cjs/pointer/index.js:51:43)
          at Object.pointer (/Users/invoture/dev.local/hey-peter/node_modules/.pnpm/@testing-library+user-event@14.6.1_@testing-library+dom@10.4.0/node_modules/@testing-library/user-event/dist/cjs/pointer/index.js:27:15)
          at Object.asyncWrapper (/Users/invoture/dev.local/hey-peter/node_modules/.pnpm/@testing-library+react@16.3.0_@testing-library+dom@10.4.0_@types+react-dom@18.3.7_@type_efee5276f61270375aed4c032a71d5e5/node_modules/@testing-library/react/dist/pure.js:88:22)
          at Object.<anonymous> (/Users/invoture/dev.local/hey-peter/src/components/admin/dashboard/analytics/__tests__/StudentAnalytics.test.tsx:165:5)

      163 |
      164 |     // Click on Performance Trends tab
    > 165 |     await user.click(screen.getByRole("tab", { name: "Performance Trends" }));
          |     ^
      166 |
      167 |     // Should show performance trends content
      168 |     expect(screen.getByText("Performance Trends Over Time")).toBeInTheDocument();

      at defaultOnRecoverableError (node_modules/.pnpm/react-dom@18.3.1_react@18.3.1/node_modules/react-dom/cjs/react-dom.development.js:29317:19)
      at commitRootImpl (node_modules/.pnpm/react-dom@18.3.1_react@18.3.1/node_modules/react-dom/cjs/react-dom.development.js:26951:7)
      at commitRoot (node_modules/.pnpm/react-dom@18.3.1_react@18.3.1/node_modules/react-dom/cjs/react-dom.development.js:26721:5)
      at finishConcurrentRender (node_modules/.pnpm/react-dom@18.3.1_react@18.3.1/node_modules/react-dom/cjs/react-dom.development.js:26020:9)
      at performConcurrentWorkOnRoot (node_modules/.pnpm/react-dom@18.3.1_react@18.3.1/node_modules/react-dom/cjs/react-dom.development.js:25848:7)
      at flushActQueue (node_modules/.pnpm/react@18.3.1/node_modules/react/cjs/react.development.js:2667:24)
      at act (node_modules/.pnpm/react@18.3.1/node_modules/react/cjs/react.development.js:2582:11)
      at node_modules/.pnpm/@testing-library+react@16.3.0_@testing-library+dom@10.4.0_@types+react-dom@18.3.7_@type_efee5276f61270375aed4c032a71d5e5/node_modules/@testing-library/react/dist/act-compat.js:47:25
      at Object.eventWrapper (node_modules/.pnpm/@testing-library+react@16.3.0_@testing-library+dom@10.4.0_@types+react-dom@18.3.7_@type_efee5276f61270375aed4c032a71d5e5/node_modules/@testing-library/react/dist/pure.js:107:28)
      at Object.wrapEvent (node_modules/.pnpm/@testing-library+user-event@14.6.1_@testing-library+dom@10.4.0/node_modules/@testing-library/user-event/dist/cjs/event/wrapEvent.js:6:28)
      at Object.dispatchEvent (node_modules/.pnpm/@testing-library+user-event@14.6.1_@testing-library+dom@10.4.0/node_modules/@testing-library/user-event/dist/cjs/event/dispatchEvent.js:45:22)
      at Object.dispatchUIEvent (node_modules/.pnpm/@testing-library+user-event@14.6.1_@testing-library+dom@10.4.0/node_modules/@testing-library/user-event/dist/cjs/event/dispatchEvent.js:22:26)
      at Mouse.down (node_modules/.pnpm/@testing-library+user-event@14.6.1_@testing-library+dom@10.4.0/node_modules/@testing-library/user-event/dist/cjs/system/pointer/mouse.js:76:51)
      at PointerHost.press (node_modules/.pnpm/@testing-library+user-event@14.6.1_@testing-library+dom@10.4.0/node_modules/@testing-library/user-event/dist/cjs/system/pointer/index.js:40:24)
      at pointerAction (node_modules/.pnpm/@testing-library+user-event@14.6.1_@testing-library+dom@10.4.0/node_modules/@testing-library/user-event/dist/cjs/pointer/index.js:51:43)
      at Object.pointer (node_modules/.pnpm/@testing-library+user-event@14.6.1_@testing-library+dom@10.4.0/node_modules/@testing-library/user-event/dist/cjs/pointer/index.js:27:15)
      at Object.asyncWrapper (node_modules/.pnpm/@testing-library+react@16.3.0_@testing-library+dom@10.4.0_@types+react-dom@18.3.7_@type_efee5276f61270375aed4c032a71d5e5/node_modules/@testing-library/react/dist/pure.js:88:22)
      at Object.<anonymous> (src/components/admin/dashboard/analytics/__tests__/StudentAnalytics.test.tsx:165:5)

PASS src/components/admin/dashboard/__tests__/KPICard.test.tsx
FAIL src/components/admin/__tests__/StudentInformationManagerClient.test.tsx
  ● StudentInformationManagerClient › should pass correct props to StudentInformationManager

    TestingLibraryElementError: Unable to find an element with the text: Loading: false. This could be because the text is broken up by multiple elements. In this case, you can provide a function for your text matcher to make your matcher more flexible.

    Ignored nodes: comments, script, style
    [36m<body>[39m
      [36m<div>[39m
        [36m<div[39m
          [33mdata-testid[39m=[32m"student-information-manager"[39m
        [36m>[39m
          [36m<div>[39m
            [0mStudentInformationManager[0m
          [36m</div>[39m
          [36m<div>[39m
            [0mLoading: [0m
            [0mtrue[0m
          [36m</div>[39m
          [36m<div>[39m
            [0mHandlers: [0m
            [0mfunctions provided[0m
          [36m</div>[39m
        [36m</div>[39m
      [36m</div>[39m
    [36m</body>[39m

      26 |     render(<StudentInformationManagerClient />);
      27 |     
    > 28 |     expect(screen.getByText('Loading: false')).toBeInTheDocument();
         |                   ^
      29 |     expect(screen.getByText('Handlers: functions provided')).toBeInTheDocument();
      30 |   });
      31 | });

      at Object.getElementError (node_modules/.pnpm/@testing-library+dom@10.4.0/node_modules/@testing-library/dom/dist/config.js:37:19)
      at node_modules/.pnpm/@testing-library+dom@10.4.0/node_modules/@testing-library/dom/dist/query-helpers.js:76:38
      at node_modules/.pnpm/@testing-library+dom@10.4.0/node_modules/@testing-library/dom/dist/query-helpers.js:52:17
      at node_modules/.pnpm/@testing-library+dom@10.4.0/node_modules/@testing-library/dom/dist/query-helpers.js:95:19
      at Object.getByText (src/components/admin/__tests__/StudentInformationManagerClient.test.tsx:28:19)

FAIL src/components/admin/dashboard/__tests__/AnalyticsDashboard.test.tsx
  ● Console

    console.error
      Warning: An update to AnalyticsDashboard inside a test was not wrapped in act(...).
      
      When testing, code that causes React state updates should be wrapped into act(...):
      
      act(() => {
        /* fire events that update state */
      });
      /* assert on the output */
      
      This ensures that you're testing the behavior the user would see in the browser. Learn more at https://reactjs.org/link/wrap-tests-with-act
          at className (/Users/invoture/dev.local/hey-peter/src/components/admin/dashboard/AnalyticsDashboard.tsx:48:38)

      81 |       };
      82 |
    > 83 |       setSummary(summaryData);
         |       ^
      84 |       setLastUpdated(new Date());
      85 |     } catch (error) {
      86 |       console.error('Failed to load analytics summary:', error);

      at printWarning (node_modules/.pnpm/react-dom@18.3.1_react@18.3.1/node_modules/react-dom/cjs/react-dom.development.js:86:30)
      at error (node_modules/.pnpm/react-dom@18.3.1_react@18.3.1/node_modules/react-dom/cjs/react-dom.development.js:60:7)
      at warnIfUpdatesNotWrappedWithActDEV (node_modules/.pnpm/react-dom@18.3.1_react@18.3.1/node_modules/react-dom/cjs/react-dom.development.js:27628:9)
      at scheduleUpdateOnFiber (node_modules/.pnpm/react-dom@18.3.1_react@18.3.1/node_modules/react-dom/cjs/react-dom.development.js:25547:5)
      at dispatchSetState (node_modules/.pnpm/react-dom@18.3.1_react@18.3.1/node_modules/react-dom/cjs/react-dom.development.js:16708:7)
      at setSummary (src/components/admin/dashboard/AnalyticsDashboard.tsx:83:7)

    console.error
      Warning: An update to AnalyticsDashboard inside a test was not wrapped in act(...).
      
      When testing, code that causes React state updates should be wrapped into act(...):
      
      act(() => {
        /* fire events that update state */
      });
      /* assert on the output */
      
      This ensures that you're testing the behavior the user would see in the browser. Learn more at https://reactjs.org/link/wrap-tests-with-act
          at className (/Users/invoture/dev.local/hey-peter/src/components/admin/dashboard/AnalyticsDashboard.tsx:48:38)

      82 |
      83 |       setSummary(summaryData);
    > 84 |       setLastUpdated(new Date());
         |       ^
      85 |     } catch (error) {
      86 |       console.error('Failed to load analytics summary:', error);
      87 |     } finally {

      at printWarning (node_modules/.pnpm/react-dom@18.3.1_react@18.3.1/node_modules/react-dom/cjs/react-dom.development.js:86:30)
      at error (node_modules/.pnpm/react-dom@18.3.1_react@18.3.1/node_modules/react-dom/cjs/react-dom.development.js:60:7)
      at warnIfUpdatesNotWrappedWithActDEV (node_modules/.pnpm/react-dom@18.3.1_react@18.3.1/node_modules/react-dom/cjs/react-dom.development.js:27628:9)
      at scheduleUpdateOnFiber (node_modules/.pnpm/react-dom@18.3.1_react@18.3.1/node_modules/react-dom/cjs/react-dom.development.js:25547:5)
      at dispatchSetState (node_modules/.pnpm/react-dom@18.3.1_react@18.3.1/node_modules/react-dom/cjs/react-dom.development.js:16708:7)
      at setLastUpdated (src/components/admin/dashboard/AnalyticsDashboard.tsx:84:7)

    console.error
      Warning: An update to AnalyticsDashboard inside a test was not wrapped in act(...).
      
      When testing, code that causes React state updates should be wrapped into act(...):
      
      act(() => {
        /* fire events that update state */
      });
      /* assert on the output */
      
      This ensures that you're testing the behavior the user would see in the browser. Learn more at https://reactjs.org/link/wrap-tests-with-act
          at className (/Users/invoture/dev.local/hey-peter/src/components/admin/dashboard/AnalyticsDashboard.tsx:48:38)

      86 |       console.error('Failed to load analytics summary:', error);
      87 |     } finally {
    > 88 |       setLoading(false);
         |       ^
      89 |     }
      90 |   };
      91 |

      at printWarning (node_modules/.pnpm/react-dom@18.3.1_react@18.3.1/node_modules/react-dom/cjs/react-dom.development.js:86:30)
      at error (node_modules/.pnpm/react-dom@18.3.1_react@18.3.1/node_modules/react-dom/cjs/react-dom.development.js:60:7)
      at warnIfUpdatesNotWrappedWithActDEV (node_modules/.pnpm/react-dom@18.3.1_react@18.3.1/node_modules/react-dom/cjs/react-dom.development.js:27628:9)
      at scheduleUpdateOnFiber (node_modules/.pnpm/react-dom@18.3.1_react@18.3.1/node_modules/react-dom/cjs/react-dom.development.js:25547:5)
      at dispatchSetState (node_modules/.pnpm/react-dom@18.3.1_react@18.3.1/node_modules/react-dom/cjs/react-dom.development.js:16708:7)
      at setLoading (src/components/admin/dashboard/AnalyticsDashboard.tsx:88:7)

    console.error
      Warning: An update to AnalyticsDashboard inside a test was not wrapped in act(...).
      
      When testing, code that causes React state updates should be wrapped into act(...):
      
      act(() => {
        /* fire events that update state */
      });
      /* assert on the output */
      
      This ensures that you're testing the behavior the user would see in the browser. Learn more at https://reactjs.org/link/wrap-tests-with-act
          at className (/Users/invoture/dev.local/hey-peter/src/components/admin/dashboard/AnalyticsDashboard.tsx:48:38)

      81 |       };
      82 |
    > 83 |       setSummary(summaryData);
         |       ^
      84 |       setLastUpdated(new Date());
      85 |     } catch (error) {
      86 |       console.error('Failed to load analytics summary:', error);

      at printWarning (node_modules/.pnpm/react-dom@18.3.1_react@18.3.1/node_modules/react-dom/cjs/react-dom.development.js:86:30)
      at error (node_modules/.pnpm/react-dom@18.3.1_react@18.3.1/node_modules/react-dom/cjs/react-dom.development.js:60:7)
      at warnIfUpdatesNotWrappedWithActDEV (node_modules/.pnpm/react-dom@18.3.1_react@18.3.1/node_modules/react-dom/cjs/react-dom.development.js:27628:9)
      at scheduleUpdateOnFiber (node_modules/.pnpm/react-dom@18.3.1_react@18.3.1/node_modules/react-dom/cjs/react-dom.development.js:25547:5)
      at dispatchSetState (node_modules/.pnpm/react-dom@18.3.1_react@18.3.1/node_modules/react-dom/cjs/react-dom.development.js:16708:7)
      at setSummary (src/components/admin/dashboard/AnalyticsDashboard.tsx:83:7)

    console.error
      Warning: An update to AnalyticsDashboard inside a test was not wrapped in act(...).
      
      When testing, code that causes React state updates should be wrapped into act(...):
      
      act(() => {
        /* fire events that update state */
      });
      /* assert on the output */
      
      This ensures that you're testing the behavior the user would see in the browser. Learn more at https://reactjs.org/link/wrap-tests-with-act
          at className (/Users/invoture/dev.local/hey-peter/src/components/admin/dashboard/AnalyticsDashboard.tsx:48:38)

      82 |
      83 |       setSummary(summaryData);
    > 84 |       setLastUpdated(new Date());
         |       ^
      85 |     } catch (error) {
      86 |       console.error('Failed to load analytics summary:', error);
      87 |     } finally {

      at printWarning (node_modules/.pnpm/react-dom@18.3.1_react@18.3.1/node_modules/react-dom/cjs/react-dom.development.js:86:30)
      at error (node_modules/.pnpm/react-dom@18.3.1_react@18.3.1/node_modules/react-dom/cjs/react-dom.development.js:60:7)
      at warnIfUpdatesNotWrappedWithActDEV (node_modules/.pnpm/react-dom@18.3.1_react@18.3.1/node_modules/react-dom/cjs/react-dom.development.js:27628:9)
      at scheduleUpdateOnFiber (node_modules/.pnpm/react-dom@18.3.1_react@18.3.1/node_modules/react-dom/cjs/react-dom.development.js:25547:5)
      at dispatchSetState (node_modules/.pnpm/react-dom@18.3.1_react@18.3.1/node_modules/react-dom/cjs/react-dom.development.js:16708:7)
      at setLastUpdated (src/components/admin/dashboard/AnalyticsDashboard.tsx:84:7)

    console.error
      Warning: An update to AnalyticsDashboard inside a test was not wrapped in act(...).
      
      When testing, code that causes React state updates should be wrapped into act(...):
      
      act(() => {
        /* fire events that update state */
      });
      /* assert on the output */
      
      This ensures that you're testing the behavior the user would see in the browser. Learn more at https://reactjs.org/link/wrap-tests-with-act
          at className (/Users/invoture/dev.local/hey-peter/src/components/admin/dashboard/AnalyticsDashboard.tsx:48:38)

      86 |       console.error('Failed to load analytics summary:', error);
      87 |     } finally {
    > 88 |       setLoading(false);
         |       ^
      89 |     }
      90 |   };
      91 |

      at printWarning (node_modules/.pnpm/react-dom@18.3.1_react@18.3.1/node_modules/react-dom/cjs/react-dom.development.js:86:30)
      at error (node_modules/.pnpm/react-dom@18.3.1_react@18.3.1/node_modules/react-dom/cjs/react-dom.development.js:60:7)
      at warnIfUpdatesNotWrappedWithActDEV (node_modules/.pnpm/react-dom@18.3.1_react@18.3.1/node_modules/react-dom/cjs/react-dom.development.js:27628:9)
      at scheduleUpdateOnFiber (node_modules/.pnpm/react-dom@18.3.1_react@18.3.1/node_modules/react-dom/cjs/react-dom.development.js:25547:5)
      at dispatchSetState (node_modules/.pnpm/react-dom@18.3.1_react@18.3.1/node_modules/react-dom/cjs/react-dom.development.js:16708:7)
      at setLoading (src/components/admin/dashboard/AnalyticsDashboard.tsx:88:7)

    console.error
      Warning: React.jsx: type is invalid -- expected a string (for built-in components) or a class/function (for composite components) but got: undefined. You likely forgot to export your component from the file it's defined in, or you might have mixed up default and named imports.
      
      Check the render method of `AnalyticsDashboard`.
          at className (/Users/invoture/dev.local/hey-peter/src/components/admin/dashboard/AnalyticsDashboard.tsx:48:38)

      140 |           </Badge>
      141 |           <Button onClick={handleRefresh} variant="outline" size="sm">
    > 142 |             <Refresh className="h-4 w-4 mr-2" />
          |             ^
      143 |             Refresh
      144 |           </Button>
      145 |           <Button onClick={handleExportData} variant="outline" size="sm">

      at printWarning (node_modules/.pnpm/react@18.3.1/node_modules/react/cjs/react-jsx-runtime.development.js:87:30)
      at error (node_modules/.pnpm/react@18.3.1/node_modules/react/cjs/react-jsx-runtime.development.js:61:7)
      at jsxWithValidation (node_modules/.pnpm/react@18.3.1/node_modules/react/cjs/react-jsx-runtime.development.js:1245:7)
      at jsxWithValidationDynamic (node_modules/.pnpm/react@18.3.1/node_modules/react/cjs/react-jsx-runtime.development.js:1320:12)
      at AnalyticsDashboard (src/components/admin/dashboard/AnalyticsDashboard.tsx:142:13)
      at renderWithHooks (node_modules/.pnpm/react-dom@18.3.1_react@18.3.1/node_modules/react-dom/cjs/react-dom.development.js:15486:18)
      at updateFunctionComponent (node_modules/.pnpm/react-dom@18.3.1_react@18.3.1/node_modules/react-dom/cjs/react-dom.development.js:19617:20)
      at beginWork (node_modules/.pnpm/react-dom@18.3.1_react@18.3.1/node_modules/react-dom/cjs/react-dom.development.js:21640:16)
      at beginWork$1 (node_modules/.pnpm/react-dom@18.3.1_react@18.3.1/node_modules/react-dom/cjs/react-dom.development.js:27465:14)
      at performUnitOfWork (node_modules/.pnpm/react-dom@18.3.1_react@18.3.1/node_modules/react-dom/cjs/react-dom.development.js:26599:12)
      at workLoopSync (node_modules/.pnpm/react-dom@18.3.1_react@18.3.1/node_modules/react-dom/cjs/react-dom.development.js:26505:5)
      at renderRootSync (node_modules/.pnpm/react-dom@18.3.1_react@18.3.1/node_modules/react-dom/cjs/react-dom.development.js:26473:7)
      at performConcurrentWorkOnRoot (node_modules/.pnpm/react-dom@18.3.1_react@18.3.1/node_modules/react-dom/cjs/react-dom.development.js:25777:74)
      at workLoop (node_modules/.pnpm/scheduler@0.23.2/node_modules/scheduler/cjs/scheduler.development.js:266:34)
      at flushWork (node_modules/.pnpm/scheduler@0.23.2/node_modules/scheduler/cjs/scheduler.development.js:239:14)
      at performWorkUntilDeadline (node_modules/.pnpm/scheduler@0.23.2/node_modules/scheduler/cjs/scheduler.development.js:533:21)
      at Timeout.task [as _onTimeout] (node_modules/.pnpm/jsdom@26.1.0/node_modules/jsdom/lib/jsdom/browser/Window.js:579:19)

    console.error
      [Error: Uncaught [Error: Element type is invalid: expected a string (for built-in components) or a class/function (for composite components) but got: undefined. You likely forgot to export your component from the file it's defined in, or you might have mixed up default and named imports.
      
      Check the render method of `AnalyticsDashboard`.]] {
        detail: Error: Element type is invalid: expected a string (for built-in components) or a class/function (for composite components) but got: undefined. You likely forgot to export your component from the file it's defined in, or you might have mixed up default and named imports.
        
        Check the render method of `AnalyticsDashboard`.
            at createFiberFromTypeAndProps (/Users/invoture/dev.local/hey-peter/node_modules/.pnpm/react-dom@18.3.1_react@18.3.1/node_modules/react-dom/cjs/react-dom.development.js:28478:17)
            at createFiberFromElement (/Users/invoture/dev.local/hey-peter/node_modules/.pnpm/react-dom@18.3.1_react@18.3.1/node_modules/react-dom/cjs/react-dom.development.js:28504:15)
            at createChild (/Users/invoture/dev.local/hey-peter/node_modules/.pnpm/react-dom@18.3.1_react@18.3.1/node_modules/react-dom/cjs/react-dom.development.js:13345:28)
            at reconcileChildrenArray (/Users/invoture/dev.local/hey-peter/node_modules/.pnpm/react-dom@18.3.1_react@18.3.1/node_modules/react-dom/cjs/react-dom.development.js:13640:25)
            at reconcileChildFibers (/Users/invoture/dev.local/hey-peter/node_modules/.pnpm/react-dom@18.3.1_react@18.3.1/node_modules/react-dom/cjs/react-dom.development.js:14057:16)
            at reconcileChildren (/Users/invoture/dev.local/hey-peter/node_modules/.pnpm/react-dom@18.3.1_react@18.3.1/node_modules/react-dom/cjs/react-dom.development.js:19186:28)
            at updateHostComponent (/Users/invoture/dev.local/hey-peter/node_modules/.pnpm/react-dom@18.3.1_react@18.3.1/node_modules/react-dom/cjs/react-dom.development.js:19953:3)
            at beginWork (/Users/invoture/dev.local/hey-peter/node_modules/.pnpm/react-dom@18.3.1_react@18.3.1/node_modules/react-dom/cjs/react-dom.development.js:21657:14)
            at HTMLUnknownElement.callCallback (/Users/invoture/dev.local/hey-peter/node_modules/.pnpm/react-dom@18.3.1_react@18.3.1/node_modules/react-dom/cjs/react-dom.development.js:4164:14)
            at HTMLUnknownElement.callTheUserObjectsOperation (/Users/invoture/dev.local/hey-peter/node_modules/.pnpm/jsdom@26.1.0/node_modules/jsdom/lib/jsdom/living/generated/EventListener.js:26:30)
            at innerInvokeEventListeners (/Users/invoture/dev.local/hey-peter/node_modules/.pnpm/jsdom@26.1.0/node_modules/jsdom/lib/jsdom/living/events/EventTarget-impl.js:350:25)
            at invokeEventListeners (/Users/invoture/dev.local/hey-peter/node_modules/.pnpm/jsdom@26.1.0/node_modules/jsdom/lib/jsdom/living/events/EventTarget-impl.js:286:3)
            at HTMLUnknownElementImpl._dispatch (/Users/invoture/dev.local/hey-peter/node_modules/.pnpm/jsdom@26.1.0/node_modules/jsdom/lib/jsdom/living/events/EventTarget-impl.js:233:9)
            at HTMLUnknownElementImpl.dispatchEvent (/Users/invoture/dev.local/hey-peter/node_modules/.pnpm/jsdom@26.1.0/node_modules/jsdom/lib/jsdom/living/events/EventTarget-impl.js:104:17)
            at HTMLUnknownElement.dispatchEvent (/Users/invoture/dev.local/hey-peter/node_modules/.pnpm/jsdom@26.1.0/node_modules/jsdom/lib/jsdom/living/generated/EventTarget.js:241:34)
            at Object.invokeGuardedCallbackDev (/Users/invoture/dev.local/hey-peter/node_modules/.pnpm/react-dom@18.3.1_react@18.3.1/node_modules/react-dom/cjs/react-dom.development.js:4213:16)
            at invokeGuardedCallback (/Users/invoture/dev.local/hey-peter/node_modules/.pnpm/react-dom@18.3.1_react@18.3.1/node_modules/react-dom/cjs/react-dom.development.js:4277:31)
            at beginWork$1 (/Users/invoture/dev.local/hey-peter/node_modules/.pnpm/react-dom@18.3.1_react@18.3.1/node_modules/react-dom/cjs/react-dom.development.js:27490:7)
            at performUnitOfWork (/Users/invoture/dev.local/hey-peter/node_modules/.pnpm/react-dom@18.3.1_react@18.3.1/node_modules/react-dom/cjs/react-dom.development.js:26599:12)
            at workLoopSync (/Users/invoture/dev.local/hey-peter/node_modules/.pnpm/react-dom@18.3.1_react@18.3.1/node_modules/react-dom/cjs/react-dom.development.js:26505:5)
            at renderRootSync (/Users/invoture/dev.local/hey-peter/node_modules/.pnpm/react-dom@18.3.1_react@18.3.1/node_modules/react-dom/cjs/react-dom.development.js:26473:7)
            at performConcurrentWorkOnRoot (/Users/invoture/dev.local/hey-peter/node_modules/.pnpm/react-dom@18.3.1_react@18.3.1/node_modules/react-dom/cjs/react-dom.development.js:25777:74)
            at workLoop (/Users/invoture/dev.local/hey-peter/node_modules/.pnpm/scheduler@0.23.2/node_modules/scheduler/cjs/scheduler.development.js:266:34)
            at flushWork (/Users/invoture/dev.local/hey-peter/node_modules/.pnpm/scheduler@0.23.2/node_modules/scheduler/cjs/scheduler.development.js:239:14)
            at performWorkUntilDeadline (/Users/invoture/dev.local/hey-peter/node_modules/.pnpm/scheduler@0.23.2/node_modules/scheduler/cjs/scheduler.development.js:533:21)
            at Timeout.task [as _onTimeout] (/Users/invoture/dev.local/hey-peter/node_modules/.pnpm/jsdom@26.1.0/node_modules/jsdom/lib/jsdom/browser/Window.js:579:19)
            at listOnTimeout (node:internal/timers:581:17)
            at processTimers (node:internal/timers:519:7),
        type: 'unhandled exception'
      }

      at VirtualConsole.<anonymous> (node_modules/.pnpm/@jest+environment-jsdom-abstract@30.0.4_jsdom@26.1.0/node_modules/@jest/environment-jsdom-abstract/build/index.js:78:23)
      at reportException (node_modules/.pnpm/jsdom@26.1.0/node_modules/jsdom/lib/jsdom/living/helpers/runtime-script-errors.js:70:28)
      at innerInvokeEventListeners (node_modules/.pnpm/jsdom@26.1.0/node_modules/jsdom/lib/jsdom/living/events/EventTarget-impl.js:353:9)
      at invokeEventListeners (node_modules/.pnpm/jsdom@26.1.0/node_modules/jsdom/lib/jsdom/living/events/EventTarget-impl.js:286:3)
      at HTMLUnknownElementImpl._dispatch (node_modules/.pnpm/jsdom@26.1.0/node_modules/jsdom/lib/jsdom/living/events/EventTarget-impl.js:233:9)
      at HTMLUnknownElementImpl.dispatchEvent (node_modules/.pnpm/jsdom@26.1.0/node_modules/jsdom/lib/jsdom/living/events/EventTarget-impl.js:104:17)
      at HTMLUnknownElement.dispatchEvent (node_modules/.pnpm/jsdom@26.1.0/node_modules/jsdom/lib/jsdom/living/generated/EventTarget.js:241:34)
      at Object.invokeGuardedCallbackDev (node_modules/.pnpm/react-dom@18.3.1_react@18.3.1/node_modules/react-dom/cjs/react-dom.development.js:4213:16)
      at invokeGuardedCallback (node_modules/.pnpm/react-dom@18.3.1_react@18.3.1/node_modules/react-dom/cjs/react-dom.development.js:4277:31)
      at beginWork$1 (node_modules/.pnpm/react-dom@18.3.1_react@18.3.1/node_modules/react-dom/cjs/react-dom.development.js:27490:7)
      at performUnitOfWork (node_modules/.pnpm/react-dom@18.3.1_react@18.3.1/node_modules/react-dom/cjs/react-dom.development.js:26599:12)
      at workLoopSync (node_modules/.pnpm/react-dom@18.3.1_react@18.3.1/node_modules/react-dom/cjs/react-dom.development.js:26505:5)
      at renderRootSync (node_modules/.pnpm/react-dom@18.3.1_react@18.3.1/node_modules/react-dom/cjs/react-dom.development.js:26473:7)
      at performConcurrentWorkOnRoot (node_modules/.pnpm/react-dom@18.3.1_react@18.3.1/node_modules/react-dom/cjs/react-dom.development.js:25777:74)
      at workLoop (node_modules/.pnpm/scheduler@0.23.2/node_modules/scheduler/cjs/scheduler.development.js:266:34)
      at flushWork (node_modules/.pnpm/scheduler@0.23.2/node_modules/scheduler/cjs/scheduler.development.js:239:14)
      at performWorkUntilDeadline (node_modules/.pnpm/scheduler@0.23.2/node_modules/scheduler/cjs/scheduler.development.js:533:21)
      at Timeout.task [as _onTimeout] (node_modules/.pnpm/jsdom@26.1.0/node_modules/jsdom/lib/jsdom/browser/Window.js:579:19)

    console.error
      Warning: React.jsx: type is invalid -- expected a string (for built-in components) or a class/function (for composite components) but got: undefined. You likely forgot to export your component from the file it's defined in, or you might have mixed up default and named imports.
      
      Check the render method of `AnalyticsDashboard`.
          at className (/Users/invoture/dev.local/hey-peter/src/components/admin/dashboard/AnalyticsDashboard.tsx:48:38)

      140 |           </Badge>
      141 |           <Button onClick={handleRefresh} variant="outline" size="sm">
    > 142 |             <Refresh className="h-4 w-4 mr-2" />
          |             ^
      143 |             Refresh
      144 |           </Button>
      145 |           <Button onClick={handleExportData} variant="outline" size="sm">

      at printWarning (node_modules/.pnpm/react@18.3.1/node_modules/react/cjs/react-jsx-runtime.development.js:87:30)
      at error (node_modules/.pnpm/react@18.3.1/node_modules/react/cjs/react-jsx-runtime.development.js:61:7)
      at jsxWithValidation (node_modules/.pnpm/react@18.3.1/node_modules/react/cjs/react-jsx-runtime.development.js:1245:7)
      at jsxWithValidationDynamic (node_modules/.pnpm/react@18.3.1/node_modules/react/cjs/react-jsx-runtime.development.js:1320:12)
      at AnalyticsDashboard (src/components/admin/dashboard/AnalyticsDashboard.tsx:142:13)
      at renderWithHooks (node_modules/.pnpm/react-dom@18.3.1_react@18.3.1/node_modules/react-dom/cjs/react-dom.development.js:15486:18)
      at updateFunctionComponent (node_modules/.pnpm/react-dom@18.3.1_react@18.3.1/node_modules/react-dom/cjs/react-dom.development.js:19617:20)
      at beginWork (node_modules/.pnpm/react-dom@18.3.1_react@18.3.1/node_modules/react-dom/cjs/react-dom.development.js:21640:16)
      at beginWork$1 (node_modules/.pnpm/react-dom@18.3.1_react@18.3.1/node_modules/react-dom/cjs/react-dom.development.js:27465:14)
      at performUnitOfWork (node_modules/.pnpm/react-dom@18.3.1_react@18.3.1/node_modules/react-dom/cjs/react-dom.development.js:26599:12)
      at workLoopSync (node_modules/.pnpm/react-dom@18.3.1_react@18.3.1/node_modules/react-dom/cjs/react-dom.development.js:26505:5)
      at renderRootSync (node_modules/.pnpm/react-dom@18.3.1_react@18.3.1/node_modules/react-dom/cjs/react-dom.development.js:26473:7)
      at recoverFromConcurrentError (node_modules/.pnpm/react-dom@18.3.1_react@18.3.1/node_modules/react-dom/cjs/react-dom.development.js:25889:20)
      at performConcurrentWorkOnRoot (node_modules/.pnpm/react-dom@18.3.1_react@18.3.1/node_modules/react-dom/cjs/react-dom.development.js:25789:22)
      at workLoop (node_modules/.pnpm/scheduler@0.23.2/node_modules/scheduler/cjs/scheduler.development.js:266:34)
      at flushWork (node_modules/.pnpm/scheduler@0.23.2/node_modules/scheduler/cjs/scheduler.development.js:239:14)
      at performWorkUntilDeadline (node_modules/.pnpm/scheduler@0.23.2/node_modules/scheduler/cjs/scheduler.development.js:533:21)
      at Timeout.task [as _onTimeout] (node_modules/.pnpm/jsdom@26.1.0/node_modules/jsdom/lib/jsdom/browser/Window.js:579:19)

    console.error
      [Error: Uncaught [Error: Element type is invalid: expected a string (for built-in components) or a class/function (for composite components) but got: undefined. You likely forgot to export your component from the file it's defined in, or you might have mixed up default and named imports.
      
      Check the render method of `AnalyticsDashboard`.]] {
        detail: Error: Element type is invalid: expected a string (for built-in components) or a class/function (for composite components) but got: undefined. You likely forgot to export your component from the file it's defined in, or you might have mixed up default and named imports.
        
        Check the render method of `AnalyticsDashboard`.
            at createFiberFromTypeAndProps (/Users/invoture/dev.local/hey-peter/node_modules/.pnpm/react-dom@18.3.1_react@18.3.1/node_modules/react-dom/cjs/react-dom.development.js:28478:17)
            at createFiberFromElement (/Users/invoture/dev.local/hey-peter/node_modules/.pnpm/react-dom@18.3.1_react@18.3.1/node_modules/react-dom/cjs/react-dom.development.js:28504:15)
            at createChild (/Users/invoture/dev.local/hey-peter/node_modules/.pnpm/react-dom@18.3.1_react@18.3.1/node_modules/react-dom/cjs/react-dom.development.js:13345:28)
            at reconcileChildrenArray (/Users/invoture/dev.local/hey-peter/node_modules/.pnpm/react-dom@18.3.1_react@18.3.1/node_modules/react-dom/cjs/react-dom.development.js:13640:25)
            at reconcileChildFibers (/Users/invoture/dev.local/hey-peter/node_modules/.pnpm/react-dom@18.3.1_react@18.3.1/node_modules/react-dom/cjs/react-dom.development.js:14057:16)
            at reconcileChildren (/Users/invoture/dev.local/hey-peter/node_modules/.pnpm/react-dom@18.3.1_react@18.3.1/node_modules/react-dom/cjs/react-dom.development.js:19186:28)
            at updateHostComponent (/Users/invoture/dev.local/hey-peter/node_modules/.pnpm/react-dom@18.3.1_react@18.3.1/node_modules/react-dom/cjs/react-dom.development.js:19953:3)
            at beginWork (/Users/invoture/dev.local/hey-peter/node_modules/.pnpm/react-dom@18.3.1_react@18.3.1/node_modules/react-dom/cjs/react-dom.development.js:21657:14)
            at HTMLUnknownElement.callCallback (/Users/invoture/dev.local/hey-peter/node_modules/.pnpm/react-dom@18.3.1_react@18.3.1/node_modules/react-dom/cjs/react-dom.development.js:4164:14)
            at HTMLUnknownElement.callTheUserObjectsOperation (/Users/invoture/dev.local/hey-peter/node_modules/.pnpm/jsdom@26.1.0/node_modules/jsdom/lib/jsdom/living/generated/EventListener.js:26:30)
            at innerInvokeEventListeners (/Users/invoture/dev.local/hey-peter/node_modules/.pnpm/jsdom@26.1.0/node_modules/jsdom/lib/jsdom/living/events/EventTarget-impl.js:350:25)
            at invokeEventListeners (/Users/invoture/dev.local/hey-peter/node_modules/.pnpm/jsdom@26.1.0/node_modules/jsdom/lib/jsdom/living/events/EventTarget-impl.js:286:3)
            at HTMLUnknownElementImpl._dispatch (/Users/invoture/dev.local/hey-peter/node_modules/.pnpm/jsdom@26.1.0/node_modules/jsdom/lib/jsdom/living/events/EventTarget-impl.js:233:9)
            at HTMLUnknownElementImpl.dispatchEvent (/Users/invoture/dev.local/hey-peter/node_modules/.pnpm/jsdom@26.1.0/node_modules/jsdom/lib/jsdom/living/events/EventTarget-impl.js:104:17)
            at HTMLUnknownElement.dispatchEvent (/Users/invoture/dev.local/hey-peter/node_modules/.pnpm/jsdom@26.1.0/node_modules/jsdom/lib/jsdom/living/generated/EventTarget.js:241:34)
            at Object.invokeGuardedCallbackDev (/Users/invoture/dev.local/hey-peter/node_modules/.pnpm/react-dom@18.3.1_react@18.3.1/node_modules/react-dom/cjs/react-dom.development.js:4213:16)
            at invokeGuardedCallback (/Users/invoture/dev.local/hey-peter/node_modules/.pnpm/react-dom@18.3.1_react@18.3.1/node_modules/react-dom/cjs/react-dom.development.js:4277:31)
            at beginWork$1 (/Users/invoture/dev.local/hey-peter/node_modules/.pnpm/react-dom@18.3.1_react@18.3.1/node_modules/react-dom/cjs/react-dom.development.js:27490:7)
            at performUnitOfWork (/Users/invoture/dev.local/hey-peter/node_modules/.pnpm/react-dom@18.3.1_react@18.3.1/node_modules/react-dom/cjs/react-dom.development.js:26599:12)
            at workLoopSync (/Users/invoture/dev.local/hey-peter/node_modules/.pnpm/react-dom@18.3.1_react@18.3.1/node_modules/react-dom/cjs/react-dom.development.js:26505:5)
            at renderRootSync (/Users/invoture/dev.local/hey-peter/node_modules/.pnpm/react-dom@18.3.1_react@18.3.1/node_modules/react-dom/cjs/react-dom.development.js:26473:7)
            at recoverFromConcurrentError (/Users/invoture/dev.local/hey-peter/node_modules/.pnpm/react-dom@18.3.1_react@18.3.1/node_modules/react-dom/cjs/react-dom.development.js:25889:20)
            at performConcurrentWorkOnRoot (/Users/invoture/dev.local/hey-peter/node_modules/.pnpm/react-dom@18.3.1_react@18.3.1/node_modules/react-dom/cjs/react-dom.development.js:25789:22)
            at workLoop (/Users/invoture/dev.local/hey-peter/node_modules/.pnpm/scheduler@0.23.2/node_modules/scheduler/cjs/scheduler.development.js:266:34)
            at flushWork (/Users/invoture/dev.local/hey-peter/node_modules/.pnpm/scheduler@0.23.2/node_modules/scheduler/cjs/scheduler.development.js:239:14)
            at performWorkUntilDeadline (/Users/invoture/dev.local/hey-peter/node_modules/.pnpm/scheduler@0.23.2/node_modules/scheduler/cjs/scheduler.development.js:533:21)
            at Timeout.task [as _onTimeout] (/Users/invoture/dev.local/hey-peter/node_modules/.pnpm/jsdom@26.1.0/node_modules/jsdom/lib/jsdom/browser/Window.js:579:19)
            at listOnTimeout (node:internal/timers:581:17)
            at processTimers (node:internal/timers:519:7),
        type: 'unhandled exception'
      }

      at VirtualConsole.<anonymous> (node_modules/.pnpm/@jest+environment-jsdom-abstract@30.0.4_jsdom@26.1.0/node_modules/@jest/environment-jsdom-abstract/build/index.js:78:23)
      at reportException (node_modules/.pnpm/jsdom@26.1.0/node_modules/jsdom/lib/jsdom/living/helpers/runtime-script-errors.js:70:28)
      at innerInvokeEventListeners (node_modules/.pnpm/jsdom@26.1.0/node_modules/jsdom/lib/jsdom/living/events/EventTarget-impl.js:353:9)
      at invokeEventListeners (node_modules/.pnpm/jsdom@26.1.0/node_modules/jsdom/lib/jsdom/living/events/EventTarget-impl.js:286:3)
      at HTMLUnknownElementImpl._dispatch (node_modules/.pnpm/jsdom@26.1.0/node_modules/jsdom/lib/jsdom/living/events/EventTarget-impl.js:233:9)
      at HTMLUnknownElementImpl.dispatchEvent (node_modules/.pnpm/jsdom@26.1.0/node_modules/jsdom/lib/jsdom/living/events/EventTarget-impl.js:104:17)
      at HTMLUnknownElement.dispatchEvent (node_modules/.pnpm/jsdom@26.1.0/node_modules/jsdom/lib/jsdom/living/generated/EventTarget.js:241:34)
      at Object.invokeGuardedCallbackDev (node_modules/.pnpm/react-dom@18.3.1_react@18.3.1/node_modules/react-dom/cjs/react-dom.development.js:4213:16)
      at invokeGuardedCallback (node_modules/.pnpm/react-dom@18.3.1_react@18.3.1/node_modules/react-dom/cjs/react-dom.development.js:4277:31)
      at beginWork$1 (node_modules/.pnpm/react-dom@18.3.1_react@18.3.1/node_modules/react-dom/cjs/react-dom.development.js:27490:7)
      at performUnitOfWork (node_modules/.pnpm/react-dom@18.3.1_react@18.3.1/node_modules/react-dom/cjs/react-dom.development.js:26599:12)
      at workLoopSync (node_modules/.pnpm/react-dom@18.3.1_react@18.3.1/node_modules/react-dom/cjs/react-dom.development.js:26505:5)
      at renderRootSync (node_modules/.pnpm/react-dom@18.3.1_react@18.3.1/node_modules/react-dom/cjs/react-dom.development.js:26473:7)
      at recoverFromConcurrentError (node_modules/.pnpm/react-dom@18.3.1_react@18.3.1/node_modules/react-dom/cjs/react-dom.development.js:25889:20)
      at performConcurrentWorkOnRoot (node_modules/.pnpm/react-dom@18.3.1_react@18.3.1/node_modules/react-dom/cjs/react-dom.development.js:25789:22)
      at workLoop (node_modules/.pnpm/scheduler@0.23.2/node_modules/scheduler/cjs/scheduler.development.js:266:34)
      at flushWork (node_modules/.pnpm/scheduler@0.23.2/node_modules/scheduler/cjs/scheduler.development.js:239:14)
      at performWorkUntilDeadline (node_modules/.pnpm/scheduler@0.23.2/node_modules/scheduler/cjs/scheduler.development.js:533:21)
      at Timeout.task [as _onTimeout] (node_modules/.pnpm/jsdom@26.1.0/node_modules/jsdom/lib/jsdom/browser/Window.js:579:19)

    console.error
      The above error occurred in the <button> component:
      
          at button
          at className (/Users/invoture/dev.local/hey-peter/src/components/ui/button.tsx:44:6)
          at div
          at div
          at div
          at className (/Users/invoture/dev.local/hey-peter/src/components/admin/dashboard/AnalyticsDashboard.tsx:48:38)
      
      Consider adding an error boundary to your tree to customize error handling behavior.
      Visit https://reactjs.org/link/error-boundaries to learn more about error boundaries.

      at logCapturedError (node_modules/.pnpm/react-dom@18.3.1_react@18.3.1/node_modules/react-dom/cjs/react-dom.development.js:18704:23)
      at update.callback (node_modules/.pnpm/react-dom@18.3.1_react@18.3.1/node_modules/react-dom/cjs/react-dom.development.js:18737:5)
      at callCallback (node_modules/.pnpm/react-dom@18.3.1_react@18.3.1/node_modules/react-dom/cjs/react-dom.development.js:15036:12)
      at commitUpdateQueue (node_modules/.pnpm/react-dom@18.3.1_react@18.3.1/node_modules/react-dom/cjs/react-dom.development.js:15057:9)
      at commitLayoutEffectOnFiber (node_modules/.pnpm/react-dom@18.3.1_react@18.3.1/node_modules/react-dom/cjs/react-dom.development.js:23430:13)
      at commitLayoutMountEffects_complete (node_modules/.pnpm/react-dom@18.3.1_react@18.3.1/node_modules/react-dom/cjs/react-dom.development.js:24727:9)
      at commitLayoutEffects_begin (node_modules/.pnpm/react-dom@18.3.1_react@18.3.1/node_modules/react-dom/cjs/react-dom.development.js:24713:7)
      at commitLayoutEffects (node_modules/.pnpm/react-dom@18.3.1_react@18.3.1/node_modules/react-dom/cjs/react-dom.development.js:24651:3)
      at commitRootImpl (node_modules/.pnpm/react-dom@18.3.1_react@18.3.1/node_modules/react-dom/cjs/react-dom.development.js:26862:5)
      at commitRoot (node_modules/.pnpm/react-dom@18.3.1_react@18.3.1/node_modules/react-dom/cjs/react-dom.development.js:26721:5)
      at finishConcurrentRender (node_modules/.pnpm/react-dom@18.3.1_react@18.3.1/node_modules/react-dom/cjs/react-dom.development.js:25931:9)
      at performConcurrentWorkOnRoot (node_modules/.pnpm/react-dom@18.3.1_react@18.3.1/node_modules/react-dom/cjs/react-dom.development.js:25848:7)
      at workLoop (node_modules/.pnpm/scheduler@0.23.2/node_modules/scheduler/cjs/scheduler.development.js:266:34)
      at flushWork (node_modules/.pnpm/scheduler@0.23.2/node_modules/scheduler/cjs/scheduler.development.js:239:14)
      at performWorkUntilDeadline (node_modules/.pnpm/scheduler@0.23.2/node_modules/scheduler/cjs/scheduler.development.js:533:21)
      at Timeout.task [as _onTimeout] (node_modules/.pnpm/jsdom@26.1.0/node_modules/jsdom/lib/jsdom/browser/Window.js:579:19)

    console.error
      [Error: Uncaught [Error: Element type is invalid: expected a string (for built-in components) or a class/function (for composite components) but got: undefined. You likely forgot to export your component from the file it's defined in, or you might have mixed up default and named imports.
      
      Check the render method of `AnalyticsDashboard`.]] {
        detail: Error: Element type is invalid: expected a string (for built-in components) or a class/function (for composite components) but got: undefined. You likely forgot to export your component from the file it's defined in, or you might have mixed up default and named imports.
        
        Check the render method of `AnalyticsDashboard`.
            at createFiberFromTypeAndProps (/Users/invoture/dev.local/hey-peter/node_modules/.pnpm/react-dom@18.3.1_react@18.3.1/node_modules/react-dom/cjs/react-dom.development.js:28478:17)
            at createFiberFromElement (/Users/invoture/dev.local/hey-peter/node_modules/.pnpm/react-dom@18.3.1_react@18.3.1/node_modules/react-dom/cjs/react-dom.development.js:28504:15)
            at createChild (/Users/invoture/dev.local/hey-peter/node_modules/.pnpm/react-dom@18.3.1_react@18.3.1/node_modules/react-dom/cjs/react-dom.development.js:13345:28)
            at reconcileChildrenArray (/Users/invoture/dev.local/hey-peter/node_modules/.pnpm/react-dom@18.3.1_react@18.3.1/node_modules/react-dom/cjs/react-dom.development.js:13640:25)
            at reconcileChildFibers (/Users/invoture/dev.local/hey-peter/node_modules/.pnpm/react-dom@18.3.1_react@18.3.1/node_modules/react-dom/cjs/react-dom.development.js:14057:16)
            at reconcileChildren (/Users/invoture/dev.local/hey-peter/node_modules/.pnpm/react-dom@18.3.1_react@18.3.1/node_modules/react-dom/cjs/react-dom.development.js:19186:28)
            at updateHostComponent (/Users/invoture/dev.local/hey-peter/node_modules/.pnpm/react-dom@18.3.1_react@18.3.1/node_modules/react-dom/cjs/react-dom.development.js:19953:3)
            at beginWork (/Users/invoture/dev.local/hey-peter/node_modules/.pnpm/react-dom@18.3.1_react@18.3.1/node_modules/react-dom/cjs/react-dom.development.js:21657:14)
            at beginWork$1 (/Users/invoture/dev.local/hey-peter/node_modules/.pnpm/react-dom@18.3.1_react@18.3.1/node_modules/react-dom/cjs/react-dom.development.js:27465:14)
            at performUnitOfWork (/Users/invoture/dev.local/hey-peter/node_modules/.pnpm/react-dom@18.3.1_react@18.3.1/node_modules/react-dom/cjs/react-dom.development.js:26599:12)
            at workLoopSync (/Users/invoture/dev.local/hey-peter/node_modules/.pnpm/react-dom@18.3.1_react@18.3.1/node_modules/react-dom/cjs/react-dom.development.js:26505:5)
            at renderRootSync (/Users/invoture/dev.local/hey-peter/node_modules/.pnpm/react-dom@18.3.1_react@18.3.1/node_modules/react-dom/cjs/react-dom.development.js:26473:7)
            at recoverFromConcurrentError (/Users/invoture/dev.local/hey-peter/node_modules/.pnpm/react-dom@18.3.1_react@18.3.1/node_modules/react-dom/cjs/react-dom.development.js:25889:20)
            at performConcurrentWorkOnRoot (/Users/invoture/dev.local/hey-peter/node_modules/.pnpm/react-dom@18.3.1_react@18.3.1/node_modules/react-dom/cjs/react-dom.development.js:25789:22)
            at workLoop (/Users/invoture/dev.local/hey-peter/node_modules/.pnpm/scheduler@0.23.2/node_modules/scheduler/cjs/scheduler.development.js:266:34)
            at flushWork (/Users/invoture/dev.local/hey-peter/node_modules/.pnpm/scheduler@0.23.2/node_modules/scheduler/cjs/scheduler.development.js:239:14)
            at performWorkUntilDeadline (/Users/invoture/dev.local/hey-peter/node_modules/.pnpm/scheduler@0.23.2/node_modules/scheduler/cjs/scheduler.development.js:533:21)
            at Timeout.task [as _onTimeout] (/Users/invoture/dev.local/hey-peter/node_modules/.pnpm/jsdom@26.1.0/node_modules/jsdom/lib/jsdom/browser/Window.js:579:19)
            at listOnTimeout (node:internal/timers:581:17)
            at processTimers (node:internal/timers:519:7),
        type: 'unhandled exception'
      }

      at VirtualConsole.<anonymous> (node_modules/.pnpm/@jest+environment-jsdom-abstract@30.0.4_jsdom@26.1.0/node_modules/@jest/environment-jsdom-abstract/build/index.js:78:23)
      at reportException (node_modules/.pnpm/jsdom@26.1.0/node_modules/jsdom/lib/jsdom/living/helpers/runtime-script-errors.js:70:28)
      at Timeout.task [as _onTimeout] (node_modules/.pnpm/jsdom@26.1.0/node_modules/jsdom/lib/jsdom/browser/Window.js:584:9)

    console.error
      Warning: React.jsx: type is invalid -- expected a string (for built-in components) or a class/function (for composite components) but got: undefined. You likely forgot to export your component from the file it's defined in, or you might have mixed up default and named imports.
      
      Check the render method of `AnalyticsDashboard`.
          at className (/Users/invoture/dev.local/hey-peter/src/components/admin/dashboard/AnalyticsDashboard.tsx:48:38)

      140 |           </Badge>
      141 |           <Button onClick={handleRefresh} variant="outline" size="sm">
    > 142 |             <Refresh className="h-4 w-4 mr-2" />
          |             ^
      143 |             Refresh
      144 |           </Button>
      145 |           <Button onClick={handleExportData} variant="outline" size="sm">

      at printWarning (node_modules/.pnpm/react@18.3.1/node_modules/react/cjs/react-jsx-runtime.development.js:87:30)
      at error (node_modules/.pnpm/react@18.3.1/node_modules/react/cjs/react-jsx-runtime.development.js:61:7)
      at jsxWithValidation (node_modules/.pnpm/react@18.3.1/node_modules/react/cjs/react-jsx-runtime.development.js:1245:7)
      at jsxWithValidationDynamic (node_modules/.pnpm/react@18.3.1/node_modules/react/cjs/react-jsx-runtime.development.js:1320:12)
      at AnalyticsDashboard (src/components/admin/dashboard/AnalyticsDashboard.tsx:142:13)
      at renderWithHooks (node_modules/.pnpm/react-dom@18.3.1_react@18.3.1/node_modules/react-dom/cjs/react-dom.development.js:15486:18)
      at updateFunctionComponent (node_modules/.pnpm/react-dom@18.3.1_react@18.3.1/node_modules/react-dom/cjs/react-dom.development.js:19617:20)
      at beginWork (node_modules/.pnpm/react-dom@18.3.1_react@18.3.1/node_modules/react-dom/cjs/react-dom.development.js:21640:16)
      at beginWork$1 (node_modules/.pnpm/react-dom@18.3.1_react@18.3.1/node_modules/react-dom/cjs/react-dom.development.js:27465:14)
      at performUnitOfWork (node_modules/.pnpm/react-dom@18.3.1_react@18.3.1/node_modules/react-dom/cjs/react-dom.development.js:26599:12)
      at workLoopSync (node_modules/.pnpm/react-dom@18.3.1_react@18.3.1/node_modules/react-dom/cjs/react-dom.development.js:26505:5)
      at renderRootSync (node_modules/.pnpm/react-dom@18.3.1_react@18.3.1/node_modules/react-dom/cjs/react-dom.development.js:26473:7)
      at performConcurrentWorkOnRoot (node_modules/.pnpm/react-dom@18.3.1_react@18.3.1/node_modules/react-dom/cjs/react-dom.development.js:25777:74)
      at workLoop (node_modules/.pnpm/scheduler@0.23.2/node_modules/scheduler/cjs/scheduler.development.js:266:34)
      at flushWork (node_modules/.pnpm/scheduler@0.23.2/node_modules/scheduler/cjs/scheduler.development.js:239:14)
      at performWorkUntilDeadline (node_modules/.pnpm/scheduler@0.23.2/node_modules/scheduler/cjs/scheduler.development.js:533:21)
      at Timeout.task [as _onTimeout] (node_modules/.pnpm/jsdom@26.1.0/node_modules/jsdom/lib/jsdom/browser/Window.js:579:19)

    console.error
      [Error: Uncaught [Error: Element type is invalid: expected a string (for built-in components) or a class/function (for composite components) but got: undefined. You likely forgot to export your component from the file it's defined in, or you might have mixed up default and named imports.
      
      Check the render method of `AnalyticsDashboard`.]] {
        detail: Error: Element type is invalid: expected a string (for built-in components) or a class/function (for composite components) but got: undefined. You likely forgot to export your component from the file it's defined in, or you might have mixed up default and named imports.
        
        Check the render method of `AnalyticsDashboard`.
            at createFiberFromTypeAndProps (/Users/invoture/dev.local/hey-peter/node_modules/.pnpm/react-dom@18.3.1_react@18.3.1/node_modules/react-dom/cjs/react-dom.development.js:28478:17)
            at createFiberFromElement (/Users/invoture/dev.local/hey-peter/node_modules/.pnpm/react-dom@18.3.1_react@18.3.1/node_modules/react-dom/cjs/react-dom.development.js:28504:15)
            at createChild (/Users/invoture/dev.local/hey-peter/node_modules/.pnpm/react-dom@18.3.1_react@18.3.1/node_modules/react-dom/cjs/react-dom.development.js:13345:28)
            at reconcileChildrenArray (/Users/invoture/dev.local/hey-peter/node_modules/.pnpm/react-dom@18.3.1_react@18.3.1/node_modules/react-dom/cjs/react-dom.development.js:13640:25)
            at reconcileChildFibers (/Users/invoture/dev.local/hey-peter/node_modules/.pnpm/react-dom@18.3.1_react@18.3.1/node_modules/react-dom/cjs/react-dom.development.js:14057:16)
            at reconcileChildren (/Users/invoture/dev.local/hey-peter/node_modules/.pnpm/react-dom@18.3.1_react@18.3.1/node_modules/react-dom/cjs/react-dom.development.js:19186:28)
            at updateHostComponent (/Users/invoture/dev.local/hey-peter/node_modules/.pnpm/react-dom@18.3.1_react@18.3.1/node_modules/react-dom/cjs/react-dom.development.js:19953:3)
            at beginWork (/Users/invoture/dev.local/hey-peter/node_modules/.pnpm/react-dom@18.3.1_react@18.3.1/node_modules/react-dom/cjs/react-dom.development.js:21657:14)
            at HTMLUnknownElement.callCallback (/Users/invoture/dev.local/hey-peter/node_modules/.pnpm/react-dom@18.3.1_react@18.3.1/node_modules/react-dom/cjs/react-dom.development.js:4164:14)
            at HTMLUnknownElement.callTheUserObjectsOperation (/Users/invoture/dev.local/hey-peter/node_modules/.pnpm/jsdom@26.1.0/node_modules/jsdom/lib/jsdom/living/generated/EventListener.js:26:30)
            at innerInvokeEventListeners (/Users/invoture/dev.local/hey-peter/node_modules/.pnpm/jsdom@26.1.0/node_modules/jsdom/lib/jsdom/living/events/EventTarget-impl.js:350:25)
            at invokeEventListeners (/Users/invoture/dev.local/hey-peter/node_modules/.pnpm/jsdom@26.1.0/node_modules/jsdom/lib/jsdom/living/events/EventTarget-impl.js:286:3)
            at HTMLUnknownElementImpl._dispatch (/Users/invoture/dev.local/hey-peter/node_modules/.pnpm/jsdom@26.1.0/node_modules/jsdom/lib/jsdom/living/events/EventTarget-impl.js:233:9)
            at HTMLUnknownElementImpl.dispatchEvent (/Users/invoture/dev.local/hey-peter/node_modules/.pnpm/jsdom@26.1.0/node_modules/jsdom/lib/jsdom/living/events/EventTarget-impl.js:104:17)
            at HTMLUnknownElement.dispatchEvent (/Users/invoture/dev.local/hey-peter/node_modules/.pnpm/jsdom@26.1.0/node_modules/jsdom/lib/jsdom/living/generated/EventTarget.js:241:34)
            at Object.invokeGuardedCallbackDev (/Users/invoture/dev.local/hey-peter/node_modules/.pnpm/react-dom@18.3.1_react@18.3.1/node_modules/react-dom/cjs/react-dom.development.js:4213:16)
            at invokeGuardedCallback (/Users/invoture/dev.local/hey-peter/node_modules/.pnpm/react-dom@18.3.1_react@18.3.1/node_modules/react-dom/cjs/react-dom.development.js:4277:31)
            at beginWork$1 (/Users/invoture/dev.local/hey-peter/node_modules/.pnpm/react-dom@18.3.1_react@18.3.1/node_modules/react-dom/cjs/react-dom.development.js:27490:7)
            at performUnitOfWork (/Users/invoture/dev.local/hey-peter/node_modules/.pnpm/react-dom@18.3.1_react@18.3.1/node_modules/react-dom/cjs/react-dom.development.js:26599:12)
            at workLoopSync (/Users/invoture/dev.local/hey-peter/node_modules/.pnpm/react-dom@18.3.1_react@18.3.1/node_modules/react-dom/cjs/react-dom.development.js:26505:5)
            at renderRootSync (/Users/invoture/dev.local/hey-peter/node_modules/.pnpm/react-dom@18.3.1_react@18.3.1/node_modules/react-dom/cjs/react-dom.development.js:26473:7)
            at performConcurrentWorkOnRoot (/Users/invoture/dev.local/hey-peter/node_modules/.pnpm/react-dom@18.3.1_react@18.3.1/node_modules/react-dom/cjs/react-dom.development.js:25777:74)
            at workLoop (/Users/invoture/dev.local/hey-peter/node_modules/.pnpm/scheduler@0.23.2/node_modules/scheduler/cjs/scheduler.development.js:266:34)
            at flushWork (/Users/invoture/dev.local/hey-peter/node_modules/.pnpm/scheduler@0.23.2/node_modules/scheduler/cjs/scheduler.development.js:239:14)
            at performWorkUntilDeadline (/Users/invoture/dev.local/hey-peter/node_modules/.pnpm/scheduler@0.23.2/node_modules/scheduler/cjs/scheduler.development.js:533:21)
            at Timeout.task [as _onTimeout] (/Users/invoture/dev.local/hey-peter/node_modules/.pnpm/jsdom@26.1.0/node_modules/jsdom/lib/jsdom/browser/Window.js:579:19)
            at listOnTimeout (node:internal/timers:581:17)
            at processTimers (node:internal/timers:519:7),
        type: 'unhandled exception'
      }

      at VirtualConsole.<anonymous> (node_modules/.pnpm/@jest+environment-jsdom-abstract@30.0.4_jsdom@26.1.0/node_modules/@jest/environment-jsdom-abstract/build/index.js:78:23)
      at reportException (node_modules/.pnpm/jsdom@26.1.0/node_modules/jsdom/lib/jsdom/living/helpers/runtime-script-errors.js:70:28)
      at innerInvokeEventListeners (node_modules/.pnpm/jsdom@26.1.0/node_modules/jsdom/lib/jsdom/living/events/EventTarget-impl.js:353:9)
      at invokeEventListeners (node_modules/.pnpm/jsdom@26.1.0/node_modules/jsdom/lib/jsdom/living/events/EventTarget-impl.js:286:3)
      at HTMLUnknownElementImpl._dispatch (node_modules/.pnpm/jsdom@26.1.0/node_modules/jsdom/lib/jsdom/living/events/EventTarget-impl.js:233:9)
      at HTMLUnknownElementImpl.dispatchEvent (node_modules/.pnpm/jsdom@26.1.0/node_modules/jsdom/lib/jsdom/living/events/EventTarget-impl.js:104:17)
      at HTMLUnknownElement.dispatchEvent (node_modules/.pnpm/jsdom@26.1.0/node_modules/jsdom/lib/jsdom/living/generated/EventTarget.js:241:34)
      at Object.invokeGuardedCallbackDev (node_modules/.pnpm/react-dom@18.3.1_react@18.3.1/node_modules/react-dom/cjs/react-dom.development.js:4213:16)
      at invokeGuardedCallback (node_modules/.pnpm/react-dom@18.3.1_react@18.3.1/node_modules/react-dom/cjs/react-dom.development.js:4277:31)
      at beginWork$1 (node_modules/.pnpm/react-dom@18.3.1_react@18.3.1/node_modules/react-dom/cjs/react-dom.development.js:27490:7)
      at performUnitOfWork (node_modules/.pnpm/react-dom@18.3.1_react@18.3.1/node_modules/react-dom/cjs/react-dom.development.js:26599:12)
      at workLoopSync (node_modules/.pnpm/react-dom@18.3.1_react@18.3.1/node_modules/react-dom/cjs/react-dom.development.js:26505:5)
      at renderRootSync (node_modules/.pnpm/react-dom@18.3.1_react@18.3.1/node_modules/react-dom/cjs/react-dom.development.js:26473:7)
      at performConcurrentWorkOnRoot (node_modules/.pnpm/react-dom@18.3.1_react@18.3.1/node_modules/react-dom/cjs/react-dom.development.js:25777:74)
      at workLoop (node_modules/.pnpm/scheduler@0.23.2/node_modules/scheduler/cjs/scheduler.development.js:266:34)
      at flushWork (node_modules/.pnpm/scheduler@0.23.2/node_modules/scheduler/cjs/scheduler.development.js:239:14)
      at performWorkUntilDeadline (node_modules/.pnpm/scheduler@0.23.2/node_modules/scheduler/cjs/scheduler.development.js:533:21)
      at Timeout.task [as _onTimeout] (node_modules/.pnpm/jsdom@26.1.0/node_modules/jsdom/lib/jsdom/browser/Window.js:579:19)

    console.error
      Warning: React.jsx: type is invalid -- expected a string (for built-in components) or a class/function (for composite components) but got: undefined. You likely forgot to export your component from the file it's defined in, or you might have mixed up default and named imports.
      
      Check the render method of `AnalyticsDashboard`.
          at className (/Users/invoture/dev.local/hey-peter/src/components/admin/dashboard/AnalyticsDashboard.tsx:48:38)

      140 |           </Badge>
      141 |           <Button onClick={handleRefresh} variant="outline" size="sm">
    > 142 |             <Refresh className="h-4 w-4 mr-2" />
          |             ^
      143 |             Refresh
      144 |           </Button>
      145 |           <Button onClick={handleExportData} variant="outline" size="sm">

      at printWarning (node_modules/.pnpm/react@18.3.1/node_modules/react/cjs/react-jsx-runtime.development.js:87:30)
      at error (node_modules/.pnpm/react@18.3.1/node_modules/react/cjs/react-jsx-runtime.development.js:61:7)
      at jsxWithValidation (node_modules/.pnpm/react@18.3.1/node_modules/react/cjs/react-jsx-runtime.development.js:1245:7)
      at jsxWithValidationDynamic (node_modules/.pnpm/react@18.3.1/node_modules/react/cjs/react-jsx-runtime.development.js:1320:12)
      at AnalyticsDashboard (src/components/admin/dashboard/AnalyticsDashboard.tsx:142:13)
      at renderWithHooks (node_modules/.pnpm/react-dom@18.3.1_react@18.3.1/node_modules/react-dom/cjs/react-dom.development.js:15486:18)
      at updateFunctionComponent (node_modules/.pnpm/react-dom@18.3.1_react@18.3.1/node_modules/react-dom/cjs/react-dom.development.js:19617:20)
      at beginWork (node_modules/.pnpm/react-dom@18.3.1_react@18.3.1/node_modules/react-dom/cjs/react-dom.development.js:21640:16)
      at beginWork$1 (node_modules/.pnpm/react-dom@18.3.1_react@18.3.1/node_modules/react-dom/cjs/react-dom.development.js:27465:14)
      at performUnitOfWork (node_modules/.pnpm/react-dom@18.3.1_react@18.3.1/node_modules/react-dom/cjs/react-dom.development.js:26599:12)
      at workLoopSync (node_modules/.pnpm/react-dom@18.3.1_react@18.3.1/node_modules/react-dom/cjs/react-dom.development.js:26505:5)
      at renderRootSync (node_modules/.pnpm/react-dom@18.3.1_react@18.3.1/node_modules/react-dom/cjs/react-dom.development.js:26473:7)
      at recoverFromConcurrentError (node_modules/.pnpm/react-dom@18.3.1_react@18.3.1/node_modules/react-dom/cjs/react-dom.development.js:25889:20)
      at performConcurrentWorkOnRoot (node_modules/.pnpm/react-dom@18.3.1_react@18.3.1/node_modules/react-dom/cjs/react-dom.development.js:25789:22)
      at workLoop (node_modules/.pnpm/scheduler@0.23.2/node_modules/scheduler/cjs/scheduler.development.js:266:34)
      at flushWork (node_modules/.pnpm/scheduler@0.23.2/node_modules/scheduler/cjs/scheduler.development.js:239:14)
      at performWorkUntilDeadline (node_modules/.pnpm/scheduler@0.23.2/node_modules/scheduler/cjs/scheduler.development.js:533:21)
      at Timeout.task [as _onTimeout] (node_modules/.pnpm/jsdom@26.1.0/node_modules/jsdom/lib/jsdom/browser/Window.js:579:19)

    console.error
      [Error: Uncaught [Error: Element type is invalid: expected a string (for built-in components) or a class/function (for composite components) but got: undefined. You likely forgot to export your component from the file it's defined in, or you might have mixed up default and named imports.
      
      Check the render method of `AnalyticsDashboard`.]] {
        detail: Error: Element type is invalid: expected a string (for built-in components) or a class/function (for composite components) but got: undefined. You likely forgot to export your component from the file it's defined in, or you might have mixed up default and named imports.
        
        Check the render method of `AnalyticsDashboard`.
            at createFiberFromTypeAndProps (/Users/invoture/dev.local/hey-peter/node_modules/.pnpm/react-dom@18.3.1_react@18.3.1/node_modules/react-dom/cjs/react-dom.development.js:28478:17)
            at createFiberFromElement (/Users/invoture/dev.local/hey-peter/node_modules/.pnpm/react-dom@18.3.1_react@18.3.1/node_modules/react-dom/cjs/react-dom.development.js:28504:15)
            at createChild (/Users/invoture/dev.local/hey-peter/node_modules/.pnpm/react-dom@18.3.1_react@18.3.1/node_modules/react-dom/cjs/react-dom.development.js:13345:28)
            at reconcileChildrenArray (/Users/invoture/dev.local/hey-peter/node_modules/.pnpm/react-dom@18.3.1_react@18.3.1/node_modules/react-dom/cjs/react-dom.development.js:13640:25)
            at reconcileChildFibers (/Users/invoture/dev.local/hey-peter/node_modules/.pnpm/react-dom@18.3.1_react@18.3.1/node_modules/react-dom/cjs/react-dom.development.js:14057:16)
            at reconcileChildren (/Users/invoture/dev.local/hey-peter/node_modules/.pnpm/react-dom@18.3.1_react@18.3.1/node_modules/react-dom/cjs/react-dom.development.js:19186:28)
            at updateHostComponent (/Users/invoture/dev.local/hey-peter/node_modules/.pnpm/react-dom@18.3.1_react@18.3.1/node_modules/react-dom/cjs/react-dom.development.js:19953:3)
            at beginWork (/Users/invoture/dev.local/hey-peter/node_modules/.pnpm/react-dom@18.3.1_react@18.3.1/node_modules/react-dom/cjs/react-dom.development.js:21657:14)
            at HTMLUnknownElement.callCallback (/Users/invoture/dev.local/hey-peter/node_modules/.pnpm/react-dom@18.3.1_react@18.3.1/node_modules/react-dom/cjs/react-dom.development.js:4164:14)
            at HTMLUnknownElement.callTheUserObjectsOperation (/Users/invoture/dev.local/hey-peter/node_modules/.pnpm/jsdom@26.1.0/node_modules/jsdom/lib/jsdom/living/generated/EventListener.js:26:30)
            at innerInvokeEventListeners (/Users/invoture/dev.local/hey-peter/node_modules/.pnpm/jsdom@26.1.0/node_modules/jsdom/lib/jsdom/living/events/EventTarget-impl.js:350:25)
            at invokeEventListeners (/Users/invoture/dev.local/hey-peter/node_modules/.pnpm/jsdom@26.1.0/node_modules/jsdom/lib/jsdom/living/events/EventTarget-impl.js:286:3)
            at HTMLUnknownElementImpl._dispatch (/Users/invoture/dev.local/hey-peter/node_modules/.pnpm/jsdom@26.1.0/node_modules/jsdom/lib/jsdom/living/events/EventTarget-impl.js:233:9)
            at HTMLUnknownElementImpl.dispatchEvent (/Users/invoture/dev.local/hey-peter/node_modules/.pnpm/jsdom@26.1.0/node_modules/jsdom/lib/jsdom/living/events/EventTarget-impl.js:104:17)
            at HTMLUnknownElement.dispatchEvent (/Users/invoture/dev.local/hey-peter/node_modules/.pnpm/jsdom@26.1.0/node_modules/jsdom/lib/jsdom/living/generated/EventTarget.js:241:34)
            at Object.invokeGuardedCallbackDev (/Users/invoture/dev.local/hey-peter/node_modules/.pnpm/react-dom@18.3.1_react@18.3.1/node_modules/react-dom/cjs/react-dom.development.js:4213:16)
            at invokeGuardedCallback (/Users/invoture/dev.local/hey-peter/node_modules/.pnpm/react-dom@18.3.1_react@18.3.1/node_modules/react-dom/cjs/react-dom.development.js:4277:31)
            at beginWork$1 (/Users/invoture/dev.local/hey-peter/node_modules/.pnpm/react-dom@18.3.1_react@18.3.1/node_modules/react-dom/cjs/react-dom.development.js:27490:7)
            at performUnitOfWork (/Users/invoture/dev.local/hey-peter/node_modules/.pnpm/react-dom@18.3.1_react@18.3.1/node_modules/react-dom/cjs/react-dom.development.js:26599:12)
            at workLoopSync (/Users/invoture/dev.local/hey-peter/node_modules/.pnpm/react-dom@18.3.1_react@18.3.1/node_modules/react-dom/cjs/react-dom.development.js:26505:5)
            at renderRootSync (/Users/invoture/dev.local/hey-peter/node_modules/.pnpm/react-dom@18.3.1_react@18.3.1/node_modules/react-dom/cjs/react-dom.development.js:26473:7)
            at recoverFromConcurrentError (/Users/invoture/dev.local/hey-peter/node_modules/.pnpm/react-dom@18.3.1_react@18.3.1/node_modules/react-dom/cjs/react-dom.development.js:25889:20)
            at performConcurrentWorkOnRoot (/Users/invoture/dev.local/hey-peter/node_modules/.pnpm/react-dom@18.3.1_react@18.3.1/node_modules/react-dom/cjs/react-dom.development.js:25789:22)
            at workLoop (/Users/invoture/dev.local/hey-peter/node_modules/.pnpm/scheduler@0.23.2/node_modules/scheduler/cjs/scheduler.development.js:266:34)
            at flushWork (/Users/invoture/dev.local/hey-peter/node_modules/.pnpm/scheduler@0.23.2/node_modules/scheduler/cjs/scheduler.development.js:239:14)
            at performWorkUntilDeadline (/Users/invoture/dev.local/hey-peter/node_modules/.pnpm/scheduler@0.23.2/node_modules/scheduler/cjs/scheduler.development.js:533:21)
            at Timeout.task [as _onTimeout] (/Users/invoture/dev.local/hey-peter/node_modules/.pnpm/jsdom@26.1.0/node_modules/jsdom/lib/jsdom/browser/Window.js:579:19)
            at listOnTimeout (node:internal/timers:581:17)
            at processTimers (node:internal/timers:519:7),
        type: 'unhandled exception'
      }

      at VirtualConsole.<anonymous> (node_modules/.pnpm/@jest+environment-jsdom-abstract@30.0.4_jsdom@26.1.0/node_modules/@jest/environment-jsdom-abstract/build/index.js:78:23)
      at reportException (node_modules/.pnpm/jsdom@26.1.0/node_modules/jsdom/lib/jsdom/living/helpers/runtime-script-errors.js:70:28)
      at innerInvokeEventListeners (node_modules/.pnpm/jsdom@26.1.0/node_modules/jsdom/lib/jsdom/living/events/EventTarget-impl.js:353:9)
      at invokeEventListeners (node_modules/.pnpm/jsdom@26.1.0/node_modules/jsdom/lib/jsdom/living/events/EventTarget-impl.js:286:3)
      at HTMLUnknownElementImpl._dispatch (node_modules/.pnpm/jsdom@26.1.0/node_modules/jsdom/lib/jsdom/living/events/EventTarget-impl.js:233:9)
      at HTMLUnknownElementImpl.dispatchEvent (node_modules/.pnpm/jsdom@26.1.0/node_modules/jsdom/lib/jsdom/living/events/EventTarget-impl.js:104:17)
      at HTMLUnknownElement.dispatchEvent (node_modules/.pnpm/jsdom@26.1.0/node_modules/jsdom/lib/jsdom/living/generated/EventTarget.js:241:34)
      at Object.invokeGuardedCallbackDev (node_modules/.pnpm/react-dom@18.3.1_react@18.3.1/node_modules/react-dom/cjs/react-dom.development.js:4213:16)
      at invokeGuardedCallback (node_modules/.pnpm/react-dom@18.3.1_react@18.3.1/node_modules/react-dom/cjs/react-dom.development.js:4277:31)
      at beginWork$1 (node_modules/.pnpm/react-dom@18.3.1_react@18.3.1/node_modules/react-dom/cjs/react-dom.development.js:27490:7)
      at performUnitOfWork (node_modules/.pnpm/react-dom@18.3.1_react@18.3.1/node_modules/react-dom/cjs/react-dom.development.js:26599:12)
      at workLoopSync (node_modules/.pnpm/react-dom@18.3.1_react@18.3.1/node_modules/react-dom/cjs/react-dom.development.js:26505:5)
      at renderRootSync (node_modules/.pnpm/react-dom@18.3.1_react@18.3.1/node_modules/react-dom/cjs/react-dom.development.js:26473:7)
      at recoverFromConcurrentError (node_modules/.pnpm/react-dom@18.3.1_react@18.3.1/node_modules/react-dom/cjs/react-dom.development.js:25889:20)
      at performConcurrentWorkOnRoot (node_modules/.pnpm/react-dom@18.3.1_react@18.3.1/node_modules/react-dom/cjs/react-dom.development.js:25789:22)
      at workLoop (node_modules/.pnpm/scheduler@0.23.2/node_modules/scheduler/cjs/scheduler.development.js:266:34)
      at flushWork (node_modules/.pnpm/scheduler@0.23.2/node_modules/scheduler/cjs/scheduler.development.js:239:14)
      at performWorkUntilDeadline (node_modules/.pnpm/scheduler@0.23.2/node_modules/scheduler/cjs/scheduler.development.js:533:21)
      at Timeout.task [as _onTimeout] (node_modules/.pnpm/jsdom@26.1.0/node_modules/jsdom/lib/jsdom/browser/Window.js:579:19)

    console.error
      The above error occurred in the <button> component:
      
          at button
          at className (/Users/invoture/dev.local/hey-peter/src/components/ui/button.tsx:44:6)
          at div
          at div
          at div
          at className (/Users/invoture/dev.local/hey-peter/src/components/admin/dashboard/AnalyticsDashboard.tsx:48:38)
      
      Consider adding an error boundary to your tree to customize error handling behavior.
      Visit https://reactjs.org/link/error-boundaries to learn more about error boundaries.

      at logCapturedError (node_modules/.pnpm/react-dom@18.3.1_react@18.3.1/node_modules/react-dom/cjs/react-dom.development.js:18704:23)
      at update.callback (node_modules/.pnpm/react-dom@18.3.1_react@18.3.1/node_modules/react-dom/cjs/react-dom.development.js:18737:5)
      at callCallback (node_modules/.pnpm/react-dom@18.3.1_react@18.3.1/node_modules/react-dom/cjs/react-dom.development.js:15036:12)
      at commitUpdateQueue (node_modules/.pnpm/react-dom@18.3.1_react@18.3.1/node_modules/react-dom/cjs/react-dom.development.js:15057:9)
      at commitLayoutEffectOnFiber (node_modules/.pnpm/react-dom@18.3.1_react@18.3.1/node_modules/react-dom/cjs/react-dom.development.js:23430:13)
      at commitLayoutMountEffects_complete (node_modules/.pnpm/react-dom@18.3.1_react@18.3.1/node_modules/react-dom/cjs/react-dom.development.js:24727:9)
      at commitLayoutEffects_begin (node_modules/.pnpm/react-dom@18.3.1_react@18.3.1/node_modules/react-dom/cjs/react-dom.development.js:24713:7)
      at commitLayoutEffects (node_modules/.pnpm/react-dom@18.3.1_react@18.3.1/node_modules/react-dom/cjs/react-dom.development.js:24651:3)
      at commitRootImpl (node_modules/.pnpm/react-dom@18.3.1_react@18.3.1/node_modules/react-dom/cjs/react-dom.development.js:26862:5)
      at commitRoot (node_modules/.pnpm/react-dom@18.3.1_react@18.3.1/node_modules/react-dom/cjs/react-dom.development.js:26721:5)
      at finishConcurrentRender (node_modules/.pnpm/react-dom@18.3.1_react@18.3.1/node_modules/react-dom/cjs/react-dom.development.js:25931:9)
      at performConcurrentWorkOnRoot (node_modules/.pnpm/react-dom@18.3.1_react@18.3.1/node_modules/react-dom/cjs/react-dom.development.js:25848:7)
      at workLoop (node_modules/.pnpm/scheduler@0.23.2/node_modules/scheduler/cjs/scheduler.development.js:266:34)
      at flushWork (node_modules/.pnpm/scheduler@0.23.2/node_modules/scheduler/cjs/scheduler.development.js:239:14)
      at performWorkUntilDeadline (node_modules/.pnpm/scheduler@0.23.2/node_modules/scheduler/cjs/scheduler.development.js:533:21)
      at Timeout.task [as _onTimeout] (node_modules/.pnpm/jsdom@26.1.0/node_modules/jsdom/lib/jsdom/browser/Window.js:579:19)

    console.error
      [Error: Uncaught [Error: Element type is invalid: expected a string (for built-in components) or a class/function (for composite components) but got: undefined. You likely forgot to export your component from the file it's defined in, or you might have mixed up default and named imports.
      
      Check the render method of `AnalyticsDashboard`.]] {
        detail: Error: Element type is invalid: expected a string (for built-in components) or a class/function (for composite components) but got: undefined. You likely forgot to export your component from the file it's defined in, or you might have mixed up default and named imports.
        
        Check the render method of `AnalyticsDashboard`.
            at createFiberFromTypeAndProps (/Users/invoture/dev.local/hey-peter/node_modules/.pnpm/react-dom@18.3.1_react@18.3.1/node_modules/react-dom/cjs/react-dom.development.js:28478:17)
            at createFiberFromElement (/Users/invoture/dev.local/hey-peter/node_modules/.pnpm/react-dom@18.3.1_react@18.3.1/node_modules/react-dom/cjs/react-dom.development.js:28504:15)
            at createChild (/Users/invoture/dev.local/hey-peter/node_modules/.pnpm/react-dom@18.3.1_react@18.3.1/node_modules/react-dom/cjs/react-dom.development.js:13345:28)
            at reconcileChildrenArray (/Users/invoture/dev.local/hey-peter/node_modules/.pnpm/react-dom@18.3.1_react@18.3.1/node_modules/react-dom/cjs/react-dom.development.js:13640:25)
            at reconcileChildFibers (/Users/invoture/dev.local/hey-peter/node_modules/.pnpm/react-dom@18.3.1_react@18.3.1/node_modules/react-dom/cjs/react-dom.development.js:14057:16)
            at reconcileChildren (/Users/invoture/dev.local/hey-peter/node_modules/.pnpm/react-dom@18.3.1_react@18.3.1/node_modules/react-dom/cjs/react-dom.development.js:19186:28)
            at updateHostComponent (/Users/invoture/dev.local/hey-peter/node_modules/.pnpm/react-dom@18.3.1_react@18.3.1/node_modules/react-dom/cjs/react-dom.development.js:19953:3)
            at beginWork (/Users/invoture/dev.local/hey-peter/node_modules/.pnpm/react-dom@18.3.1_react@18.3.1/node_modules/react-dom/cjs/react-dom.development.js:21657:14)
            at beginWork$1 (/Users/invoture/dev.local/hey-peter/node_modules/.pnpm/react-dom@18.3.1_react@18.3.1/node_modules/react-dom/cjs/react-dom.development.js:27465:14)
            at performUnitOfWork (/Users/invoture/dev.local/hey-peter/node_modules/.pnpm/react-dom@18.3.1_react@18.3.1/node_modules/react-dom/cjs/react-dom.development.js:26599:12)
            at workLoopSync (/Users/invoture/dev.local/hey-peter/node_modules/.pnpm/react-dom@18.3.1_react@18.3.1/node_modules/react-dom/cjs/react-dom.development.js:26505:5)
            at renderRootSync (/Users/invoture/dev.local/hey-peter/node_modules/.pnpm/react-dom@18.3.1_react@18.3.1/node_modules/react-dom/cjs/react-dom.development.js:26473:7)
            at recoverFromConcurrentError (/Users/invoture/dev.local/hey-peter/node_modules/.pnpm/react-dom@18.3.1_react@18.3.1/node_modules/react-dom/cjs/react-dom.development.js:25889:20)
            at performConcurrentWorkOnRoot (/Users/invoture/dev.local/hey-peter/node_modules/.pnpm/react-dom@18.3.1_react@18.3.1/node_modules/react-dom/cjs/react-dom.development.js:25789:22)
            at workLoop (/Users/invoture/dev.local/hey-peter/node_modules/.pnpm/scheduler@0.23.2/node_modules/scheduler/cjs/scheduler.development.js:266:34)
            at flushWork (/Users/invoture/dev.local/hey-peter/node_modules/.pnpm/scheduler@0.23.2/node_modules/scheduler/cjs/scheduler.development.js:239:14)
            at performWorkUntilDeadline (/Users/invoture/dev.local/hey-peter/node_modules/.pnpm/scheduler@0.23.2/node_modules/scheduler/cjs/scheduler.development.js:533:21)
            at Timeout.task [as _onTimeout] (/Users/invoture/dev.local/hey-peter/node_modules/.pnpm/jsdom@26.1.0/node_modules/jsdom/lib/jsdom/browser/Window.js:579:19)
            at listOnTimeout (node:internal/timers:581:17)
            at processTimers (node:internal/timers:519:7),
        type: 'unhandled exception'
      }

      at VirtualConsole.<anonymous> (node_modules/.pnpm/@jest+environment-jsdom-abstract@30.0.4_jsdom@26.1.0/node_modules/@jest/environment-jsdom-abstract/build/index.js:78:23)
      at reportException (node_modules/.pnpm/jsdom@26.1.0/node_modules/jsdom/lib/jsdom/living/helpers/runtime-script-errors.js:70:28)
      at Timeout.task [as _onTimeout] (node_modules/.pnpm/jsdom@26.1.0/node_modules/jsdom/lib/jsdom/browser/Window.js:584:9)

    console.error
      Warning: React.jsx: type is invalid -- expected a string (for built-in components) or a class/function (for composite components) but got: undefined. You likely forgot to export your component from the file it's defined in, or you might have mixed up default and named imports.
      
      Check the render method of `AnalyticsDashboard`.
          at className (/Users/invoture/dev.local/hey-peter/src/components/admin/dashboard/AnalyticsDashboard.tsx:48:38)

      140 |           </Badge>
      141 |           <Button onClick={handleRefresh} variant="outline" size="sm">
    > 142 |             <Refresh className="h-4 w-4 mr-2" />
          |             ^
      143 |             Refresh
      144 |           </Button>
      145 |           <Button onClick={handleExportData} variant="outline" size="sm">

      at printWarning (node_modules/.pnpm/react@18.3.1/node_modules/react/cjs/react-jsx-runtime.development.js:87:30)
      at error (node_modules/.pnpm/react@18.3.1/node_modules/react/cjs/react-jsx-runtime.development.js:61:7)
      at jsxWithValidation (node_modules/.pnpm/react@18.3.1/node_modules/react/cjs/react-jsx-runtime.development.js:1245:7)
      at jsxWithValidationDynamic (node_modules/.pnpm/react@18.3.1/node_modules/react/cjs/react-jsx-runtime.development.js:1320:12)
      at AnalyticsDashboard (src/components/admin/dashboard/AnalyticsDashboard.tsx:142:13)
      at renderWithHooks (node_modules/.pnpm/react-dom@18.3.1_react@18.3.1/node_modules/react-dom/cjs/react-dom.development.js:15486:18)
      at updateFunctionComponent (node_modules/.pnpm/react-dom@18.3.1_react@18.3.1/node_modules/react-dom/cjs/react-dom.development.js:19617:20)
      at beginWork (node_modules/.pnpm/react-dom@18.3.1_react@18.3.1/node_modules/react-dom/cjs/react-dom.development.js:21640:16)
      at beginWork$1 (node_modules/.pnpm/react-dom@18.3.1_react@18.3.1/node_modules/react-dom/cjs/react-dom.development.js:27465:14)
      at performUnitOfWork (node_modules/.pnpm/react-dom@18.3.1_react@18.3.1/node_modules/react-dom/cjs/react-dom.development.js:26599:12)
      at workLoopSync (node_modules/.pnpm/react-dom@18.3.1_react@18.3.1/node_modules/react-dom/cjs/react-dom.development.js:26505:5)
      at renderRootSync (node_modules/.pnpm/react-dom@18.3.1_react@18.3.1/node_modules/react-dom/cjs/react-dom.development.js:26473:7)
      at performConcurrentWorkOnRoot (node_modules/.pnpm/react-dom@18.3.1_react@18.3.1/node_modules/react-dom/cjs/react-dom.development.js:25777:74)
      at workLoop (node_modules/.pnpm/scheduler@0.23.2/node_modules/scheduler/cjs/scheduler.development.js:266:34)
      at flushWork (node_modules/.pnpm/scheduler@0.23.2/node_modules/scheduler/cjs/scheduler.development.js:239:14)
      at performWorkUntilDeadline (node_modules/.pnpm/scheduler@0.23.2/node_modules/scheduler/cjs/scheduler.development.js:533:21)
      at Timeout.task [as _onTimeout] (node_modules/.pnpm/jsdom@26.1.0/node_modules/jsdom/lib/jsdom/browser/Window.js:579:19)

    console.error
      [Error: Uncaught [Error: Element type is invalid: expected a string (for built-in components) or a class/function (for composite components) but got: undefined. You likely forgot to export your component from the file it's defined in, or you might have mixed up default and named imports.
      
      Check the render method of `AnalyticsDashboard`.]] {
        detail: Error: Element type is invalid: expected a string (for built-in components) or a class/function (for composite components) but got: undefined. You likely forgot to export your component from the file it's defined in, or you might have mixed up default and named imports.
        
        Check the render method of `AnalyticsDashboard`.
            at createFiberFromTypeAndProps (/Users/invoture/dev.local/hey-peter/node_modules/.pnpm/react-dom@18.3.1_react@18.3.1/node_modules/react-dom/cjs/react-dom.development.js:28478:17)
            at createFiberFromElement (/Users/invoture/dev.local/hey-peter/node_modules/.pnpm/react-dom@18.3.1_react@18.3.1/node_modules/react-dom/cjs/react-dom.development.js:28504:15)
            at createChild (/Users/invoture/dev.local/hey-peter/node_modules/.pnpm/react-dom@18.3.1_react@18.3.1/node_modules/react-dom/cjs/react-dom.development.js:13345:28)
            at reconcileChildrenArray (/Users/invoture/dev.local/hey-peter/node_modules/.pnpm/react-dom@18.3.1_react@18.3.1/node_modules/react-dom/cjs/react-dom.development.js:13640:25)
            at reconcileChildFibers (/Users/invoture/dev.local/hey-peter/node_modules/.pnpm/react-dom@18.3.1_react@18.3.1/node_modules/react-dom/cjs/react-dom.development.js:14057:16)
            at reconcileChildren (/Users/invoture/dev.local/hey-peter/node_modules/.pnpm/react-dom@18.3.1_react@18.3.1/node_modules/react-dom/cjs/react-dom.development.js:19186:28)
            at updateHostComponent (/Users/invoture/dev.local/hey-peter/node_modules/.pnpm/react-dom@18.3.1_react@18.3.1/node_modules/react-dom/cjs/react-dom.development.js:19953:3)
            at beginWork (/Users/invoture/dev.local/hey-peter/node_modules/.pnpm/react-dom@18.3.1_react@18.3.1/node_modules/react-dom/cjs/react-dom.development.js:21657:14)
            at HTMLUnknownElement.callCallback (/Users/invoture/dev.local/hey-peter/node_modules/.pnpm/react-dom@18.3.1_react@18.3.1/node_modules/react-dom/cjs/react-dom.development.js:4164:14)
            at HTMLUnknownElement.callTheUserObjectsOperation (/Users/invoture/dev.local/hey-peter/node_modules/.pnpm/jsdom@26.1.0/node_modules/jsdom/lib/jsdom/living/generated/EventListener.js:26:30)
            at innerInvokeEventListeners (/Users/invoture/dev.local/hey-peter/node_modules/.pnpm/jsdom@26.1.0/node_modules/jsdom/lib/jsdom/living/events/EventTarget-impl.js:350:25)
            at invokeEventListeners (/Users/invoture/dev.local/hey-peter/node_modules/.pnpm/jsdom@26.1.0/node_modules/jsdom/lib/jsdom/living/events/EventTarget-impl.js:286:3)
            at HTMLUnknownElementImpl._dispatch (/Users/invoture/dev.local/hey-peter/node_modules/.pnpm/jsdom@26.1.0/node_modules/jsdom/lib/jsdom/living/events/EventTarget-impl.js:233:9)
            at HTMLUnknownElementImpl.dispatchEvent (/Users/invoture/dev.local/hey-peter/node_modules/.pnpm/jsdom@26.1.0/node_modules/jsdom/lib/jsdom/living/events/EventTarget-impl.js:104:17)
            at HTMLUnknownElement.dispatchEvent (/Users/invoture/dev.local/hey-peter/node_modules/.pnpm/jsdom@26.1.0/node_modules/jsdom/lib/jsdom/living/generated/EventTarget.js:241:34)
            at Object.invokeGuardedCallbackDev (/Users/invoture/dev.local/hey-peter/node_modules/.pnpm/react-dom@18.3.1_react@18.3.1/node_modules/react-dom/cjs/react-dom.development.js:4213:16)
            at invokeGuardedCallback (/Users/invoture/dev.local/hey-peter/node_modules/.pnpm/react-dom@18.3.1_react@18.3.1/node_modules/react-dom/cjs/react-dom.development.js:4277:31)
            at beginWork$1 (/Users/invoture/dev.local/hey-peter/node_modules/.pnpm/react-dom@18.3.1_react@18.3.1/node_modules/react-dom/cjs/react-dom.development.js:27490:7)
            at performUnitOfWork (/Users/invoture/dev.local/hey-peter/node_modules/.pnpm/react-dom@18.3.1_react@18.3.1/node_modules/react-dom/cjs/react-dom.development.js:26599:12)
            at workLoopSync (/Users/invoture/dev.local/hey-peter/node_modules/.pnpm/react-dom@18.3.1_react@18.3.1/node_modules/react-dom/cjs/react-dom.development.js:26505:5)
            at renderRootSync (/Users/invoture/dev.local/hey-peter/node_modules/.pnpm/react-dom@18.3.1_react@18.3.1/node_modules/react-dom/cjs/react-dom.development.js:26473:7)
            at performConcurrentWorkOnRoot (/Users/invoture/dev.local/hey-peter/node_modules/.pnpm/react-dom@18.3.1_react@18.3.1/node_modules/react-dom/cjs/react-dom.development.js:25777:74)
            at workLoop (/Users/invoture/dev.local/hey-peter/node_modules/.pnpm/scheduler@0.23.2/node_modules/scheduler/cjs/scheduler.development.js:266:34)
            at flushWork (/Users/invoture/dev.local/hey-peter/node_modules/.pnpm/scheduler@0.23.2/node_modules/scheduler/cjs/scheduler.development.js:239:14)
            at performWorkUntilDeadline (/Users/invoture/dev.local/hey-peter/node_modules/.pnpm/scheduler@0.23.2/node_modules/scheduler/cjs/scheduler.development.js:533:21)
            at Timeout.task [as _onTimeout] (/Users/invoture/dev.local/hey-peter/node_modules/.pnpm/jsdom@26.1.0/node_modules/jsdom/lib/jsdom/browser/Window.js:579:19)
            at listOnTimeout (node:internal/timers:581:17)
            at processTimers (node:internal/timers:519:7),
        type: 'unhandled exception'
      }

      at VirtualConsole.<anonymous> (node_modules/.pnpm/@jest+environment-jsdom-abstract@30.0.4_jsdom@26.1.0/node_modules/@jest/environment-jsdom-abstract/build/index.js:78:23)
      at reportException (node_modules/.pnpm/jsdom@26.1.0/node_modules/jsdom/lib/jsdom/living/helpers/runtime-script-errors.js:70:28)
      at innerInvokeEventListeners (node_modules/.pnpm/jsdom@26.1.0/node_modules/jsdom/lib/jsdom/living/events/EventTarget-impl.js:353:9)
      at invokeEventListeners (node_modules/.pnpm/jsdom@26.1.0/node_modules/jsdom/lib/jsdom/living/events/EventTarget-impl.js:286:3)
      at HTMLUnknownElementImpl._dispatch (node_modules/.pnpm/jsdom@26.1.0/node_modules/jsdom/lib/jsdom/living/events/EventTarget-impl.js:233:9)
      at HTMLUnknownElementImpl.dispatchEvent (node_modules/.pnpm/jsdom@26.1.0/node_modules/jsdom/lib/jsdom/living/events/EventTarget-impl.js:104:17)
      at HTMLUnknownElement.dispatchEvent (node_modules/.pnpm/jsdom@26.1.0/node_modules/jsdom/lib/jsdom/living/generated/EventTarget.js:241:34)
      at Object.invokeGuardedCallbackDev (node_modules/.pnpm/react-dom@18.3.1_react@18.3.1/node_modules/react-dom/cjs/react-dom.development.js:4213:16)
      at invokeGuardedCallback (node_modules/.pnpm/react-dom@18.3.1_react@18.3.1/node_modules/react-dom/cjs/react-dom.development.js:4277:31)
      at beginWork$1 (node_modules/.pnpm/react-dom@18.3.1_react@18.3.1/node_modules/react-dom/cjs/react-dom.development.js:27490:7)
      at performUnitOfWork (node_modules/.pnpm/react-dom@18.3.1_react@18.3.1/node_modules/react-dom/cjs/react-dom.development.js:26599:12)
      at workLoopSync (node_modules/.pnpm/react-dom@18.3.1_react@18.3.1/node_modules/react-dom/cjs/react-dom.development.js:26505:5)
      at renderRootSync (node_modules/.pnpm/react-dom@18.3.1_react@18.3.1/node_modules/react-dom/cjs/react-dom.development.js:26473:7)
      at performConcurrentWorkOnRoot (node_modules/.pnpm/react-dom@18.3.1_react@18.3.1/node_modules/react-dom/cjs/react-dom.development.js:25777:74)
      at workLoop (node_modules/.pnpm/scheduler@0.23.2/node_modules/scheduler/cjs/scheduler.development.js:266:34)
      at flushWork (node_modules/.pnpm/scheduler@0.23.2/node_modules/scheduler/cjs/scheduler.development.js:239:14)
      at performWorkUntilDeadline (node_modules/.pnpm/scheduler@0.23.2/node_modules/scheduler/cjs/scheduler.development.js:533:21)
      at Timeout.task [as _onTimeout] (node_modules/.pnpm/jsdom@26.1.0/node_modules/jsdom/lib/jsdom/browser/Window.js:579:19)

    console.error
      Warning: React.jsx: type is invalid -- expected a string (for built-in components) or a class/function (for composite components) but got: undefined. You likely forgot to export your component from the file it's defined in, or you might have mixed up default and named imports.
      
      Check the render method of `AnalyticsDashboard`.
          at className (/Users/invoture/dev.local/hey-peter/src/components/admin/dashboard/AnalyticsDashboard.tsx:48:38)

      140 |           </Badge>
      141 |           <Button onClick={handleRefresh} variant="outline" size="sm">
    > 142 |             <Refresh className="h-4 w-4 mr-2" />
          |             ^
      143 |             Refresh
      144 |           </Button>
      145 |           <Button onClick={handleExportData} variant="outline" size="sm">

      at printWarning (node_modules/.pnpm/react@18.3.1/node_modules/react/cjs/react-jsx-runtime.development.js:87:30)
      at error (node_modules/.pnpm/react@18.3.1/node_modules/react/cjs/react-jsx-runtime.development.js:61:7)
      at jsxWithValidation (node_modules/.pnpm/react@18.3.1/node_modules/react/cjs/react-jsx-runtime.development.js:1245:7)
      at jsxWithValidationDynamic (node_modules/.pnpm/react@18.3.1/node_modules/react/cjs/react-jsx-runtime.development.js:1320:12)
      at AnalyticsDashboard (src/components/admin/dashboard/AnalyticsDashboard.tsx:142:13)
      at renderWithHooks (node_modules/.pnpm/react-dom@18.3.1_react@18.3.1/node_modules/react-dom/cjs/react-dom.development.js:15486:18)
      at updateFunctionComponent (node_modules/.pnpm/react-dom@18.3.1_react@18.3.1/node_modules/react-dom/cjs/react-dom.development.js:19617:20)
      at beginWork (node_modules/.pnpm/react-dom@18.3.1_react@18.3.1/node_modules/react-dom/cjs/react-dom.development.js:21640:16)
      at beginWork$1 (node_modules/.pnpm/react-dom@18.3.1_react@18.3.1/node_modules/react-dom/cjs/react-dom.development.js:27465:14)
      at performUnitOfWork (node_modules/.pnpm/react-dom@18.3.1_react@18.3.1/node_modules/react-dom/cjs/react-dom.development.js:26599:12)
      at workLoopSync (node_modules/.pnpm/react-dom@18.3.1_react@18.3.1/node_modules/react-dom/cjs/react-dom.development.js:26505:5)
      at renderRootSync (node_modules/.pnpm/react-dom@18.3.1_react@18.3.1/node_modules/react-dom/cjs/react-dom.development.js:26473:7)
      at recoverFromConcurrentError (node_modules/.pnpm/react-dom@18.3.1_react@18.3.1/node_modules/react-dom/cjs/react-dom.development.js:25889:20)
      at performConcurrentWorkOnRoot (node_modules/.pnpm/react-dom@18.3.1_react@18.3.1/node_modules/react-dom/cjs/react-dom.development.js:25789:22)
      at workLoop (node_modules/.pnpm/scheduler@0.23.2/node_modules/scheduler/cjs/scheduler.development.js:266:34)
      at flushWork (node_modules/.pnpm/scheduler@0.23.2/node_modules/scheduler/cjs/scheduler.development.js:239:14)
      at performWorkUntilDeadline (node_modules/.pnpm/scheduler@0.23.2/node_modules/scheduler/cjs/scheduler.development.js:533:21)
      at Timeout.task [as _onTimeout] (node_modules/.pnpm/jsdom@26.1.0/node_modules/jsdom/lib/jsdom/browser/Window.js:579:19)

    console.error
      [Error: Uncaught [Error: Element type is invalid: expected a string (for built-in components) or a class/function (for composite components) but got: undefined. You likely forgot to export your component from the file it's defined in, or you might have mixed up default and named imports.
      
      Check the render method of `AnalyticsDashboard`.]] {
        detail: Error: Element type is invalid: expected a string (for built-in components) or a class/function (for composite components) but got: undefined. You likely forgot to export your component from the file it's defined in, or you might have mixed up default and named imports.
        
        Check the render method of `AnalyticsDashboard`.
            at createFiberFromTypeAndProps (/Users/invoture/dev.local/hey-peter/node_modules/.pnpm/react-dom@18.3.1_react@18.3.1/node_modules/react-dom/cjs/react-dom.development.js:28478:17)
            at createFiberFromElement (/Users/invoture/dev.local/hey-peter/node_modules/.pnpm/react-dom@18.3.1_react@18.3.1/node_modules/react-dom/cjs/react-dom.development.js:28504:15)
            at createChild (/Users/invoture/dev.local/hey-peter/node_modules/.pnpm/react-dom@18.3.1_react@18.3.1/node_modules/react-dom/cjs/react-dom.development.js:13345:28)
            at reconcileChildrenArray (/Users/invoture/dev.local/hey-peter/node_modules/.pnpm/react-dom@18.3.1_react@18.3.1/node_modules/react-dom/cjs/react-dom.development.js:13640:25)
            at reconcileChildFibers (/Users/invoture/dev.local/hey-peter/node_modules/.pnpm/react-dom@18.3.1_react@18.3.1/node_modules/react-dom/cjs/react-dom.development.js:14057:16)
            at reconcileChildren (/Users/invoture/dev.local/hey-peter/node_modules/.pnpm/react-dom@18.3.1_react@18.3.1/node_modules/react-dom/cjs/react-dom.development.js:19186:28)
            at updateHostComponent (/Users/invoture/dev.local/hey-peter/node_modules/.pnpm/react-dom@18.3.1_react@18.3.1/node_modules/react-dom/cjs/react-dom.development.js:19953:3)
            at beginWork (/Users/invoture/dev.local/hey-peter/node_modules/.pnpm/react-dom@18.3.1_react@18.3.1/node_modules/react-dom/cjs/react-dom.development.js:21657:14)
            at HTMLUnknownElement.callCallback (/Users/invoture/dev.local/hey-peter/node_modules/.pnpm/react-dom@18.3.1_react@18.3.1/node_modules/react-dom/cjs/react-dom.development.js:4164:14)
            at HTMLUnknownElement.callTheUserObjectsOperation (/Users/invoture/dev.local/hey-peter/node_modules/.pnpm/jsdom@26.1.0/node_modules/jsdom/lib/jsdom/living/generated/EventListener.js:26:30)
            at innerInvokeEventListeners (/Users/invoture/dev.local/hey-peter/node_modules/.pnpm/jsdom@26.1.0/node_modules/jsdom/lib/jsdom/living/events/EventTarget-impl.js:350:25)
            at invokeEventListeners (/Users/invoture/dev.local/hey-peter/node_modules/.pnpm/jsdom@26.1.0/node_modules/jsdom/lib/jsdom/living/events/EventTarget-impl.js:286:3)
            at HTMLUnknownElementImpl._dispatch (/Users/invoture/dev.local/hey-peter/node_modules/.pnpm/jsdom@26.1.0/node_modules/jsdom/lib/jsdom/living/events/EventTarget-impl.js:233:9)
            at HTMLUnknownElementImpl.dispatchEvent (/Users/invoture/dev.local/hey-peter/node_modules/.pnpm/jsdom@26.1.0/node_modules/jsdom/lib/jsdom/living/events/EventTarget-impl.js:104:17)
            at HTMLUnknownElement.dispatchEvent (/Users/invoture/dev.local/hey-peter/node_modules/.pnpm/jsdom@26.1.0/node_modules/jsdom/lib/jsdom/living/generated/EventTarget.js:241:34)
            at Object.invokeGuardedCallbackDev (/Users/invoture/dev.local/hey-peter/node_modules/.pnpm/react-dom@18.3.1_react@18.3.1/node_modules/react-dom/cjs/react-dom.development.js:4213:16)
            at invokeGuardedCallback (/Users/invoture/dev.local/hey-peter/node_modules/.pnpm/react-dom@18.3.1_react@18.3.1/node_modules/react-dom/cjs/react-dom.development.js:4277:31)
            at beginWork$1 (/Users/invoture/dev.local/hey-peter/node_modules/.pnpm/react-dom@18.3.1_react@18.3.1/node_modules/react-dom/cjs/react-dom.development.js:27490:7)
            at performUnitOfWork (/Users/invoture/dev.local/hey-peter/node_modules/.pnpm/react-dom@18.3.1_react@18.3.1/node_modules/react-dom/cjs/react-dom.development.js:26599:12)
            at workLoopSync (/Users/invoture/dev.local/hey-peter/node_modules/.pnpm/react-dom@18.3.1_react@18.3.1/node_modules/react-dom/cjs/react-dom.development.js:26505:5)
            at renderRootSync (/Users/invoture/dev.local/hey-peter/node_modules/.pnpm/react-dom@18.3.1_react@18.3.1/node_modules/react-dom/cjs/react-dom.development.js:26473:7)
            at recoverFromConcurrentError (/Users/invoture/dev.local/hey-peter/node_modules/.pnpm/react-dom@18.3.1_react@18.3.1/node_modules/react-dom/cjs/react-dom.development.js:25889:20)
            at performConcurrentWorkOnRoot (/Users/invoture/dev.local/hey-peter/node_modules/.pnpm/react-dom@18.3.1_react@18.3.1/node_modules/react-dom/cjs/react-dom.development.js:25789:22)
            at workLoop (/Users/invoture/dev.local/hey-peter/node_modules/.pnpm/scheduler@0.23.2/node_modules/scheduler/cjs/scheduler.development.js:266:34)
            at flushWork (/Users/invoture/dev.local/hey-peter/node_modules/.pnpm/scheduler@0.23.2/node_modules/scheduler/cjs/scheduler.development.js:239:14)
            at performWorkUntilDeadline (/Users/invoture/dev.local/hey-peter/node_modules/.pnpm/scheduler@0.23.2/node_modules/scheduler/cjs/scheduler.development.js:533:21)
            at Timeout.task [as _onTimeout] (/Users/invoture/dev.local/hey-peter/node_modules/.pnpm/jsdom@26.1.0/node_modules/jsdom/lib/jsdom/browser/Window.js:579:19)
            at listOnTimeout (node:internal/timers:581:17)
            at processTimers (node:internal/timers:519:7),
        type: 'unhandled exception'
      }

      at VirtualConsole.<anonymous> (node_modules/.pnpm/@jest+environment-jsdom-abstract@30.0.4_jsdom@26.1.0/node_modules/@jest/environment-jsdom-abstract/build/index.js:78:23)
      at reportException (node_modules/.pnpm/jsdom@26.1.0/node_modules/jsdom/lib/jsdom/living/helpers/runtime-script-errors.js:70:28)
      at innerInvokeEventListeners (node_modules/.pnpm/jsdom@26.1.0/node_modules/jsdom/lib/jsdom/living/events/EventTarget-impl.js:353:9)
      at invokeEventListeners (node_modules/.pnpm/jsdom@26.1.0/node_modules/jsdom/lib/jsdom/living/events/EventTarget-impl.js:286:3)
      at HTMLUnknownElementImpl._dispatch (node_modules/.pnpm/jsdom@26.1.0/node_modules/jsdom/lib/jsdom/living/events/EventTarget-impl.js:233:9)
      at HTMLUnknownElementImpl.dispatchEvent (node_modules/.pnpm/jsdom@26.1.0/node_modules/jsdom/lib/jsdom/living/events/EventTarget-impl.js:104:17)
      at HTMLUnknownElement.dispatchEvent (node_modules/.pnpm/jsdom@26.1.0/node_modules/jsdom/lib/jsdom/living/generated/EventTarget.js:241:34)
      at Object.invokeGuardedCallbackDev (node_modules/.pnpm/react-dom@18.3.1_react@18.3.1/node_modules/react-dom/cjs/react-dom.development.js:4213:16)
      at invokeGuardedCallback (node_modules/.pnpm/react-dom@18.3.1_react@18.3.1/node_modules/react-dom/cjs/react-dom.development.js:4277:31)
      at beginWork$1 (node_modules/.pnpm/react-dom@18.3.1_react@18.3.1/node_modules/react-dom/cjs/react-dom.development.js:27490:7)
      at performUnitOfWork (node_modules/.pnpm/react-dom@18.3.1_react@18.3.1/node_modules/react-dom/cjs/react-dom.development.js:26599:12)
      at workLoopSync (node_modules/.pnpm/react-dom@18.3.1_react@18.3.1/node_modules/react-dom/cjs/react-dom.development.js:26505:5)
      at renderRootSync (node_modules/.pnpm/react-dom@18.3.1_react@18.3.1/node_modules/react-dom/cjs/react-dom.development.js:26473:7)
      at recoverFromConcurrentError (node_modules/.pnpm/react-dom@18.3.1_react@18.3.1/node_modules/react-dom/cjs/react-dom.development.js:25889:20)
      at performConcurrentWorkOnRoot (node_modules/.pnpm/react-dom@18.3.1_react@18.3.1/node_modules/react-dom/cjs/react-dom.development.js:25789:22)
      at workLoop (node_modules/.pnpm/scheduler@0.23.2/node_modules/scheduler/cjs/scheduler.development.js:266:34)
      at flushWork (node_modules/.pnpm/scheduler@0.23.2/node_modules/scheduler/cjs/scheduler.development.js:239:14)
      at performWorkUntilDeadline (node_modules/.pnpm/scheduler@0.23.2/node_modules/scheduler/cjs/scheduler.development.js:533:21)
      at Timeout.task [as _onTimeout] (node_modules/.pnpm/jsdom@26.1.0/node_modules/jsdom/lib/jsdom/browser/Window.js:579:19)

    console.error
      The above error occurred in the <button> component:
      
          at button
          at className (/Users/invoture/dev.local/hey-peter/src/components/ui/button.tsx:44:6)
          at div
          at div
          at div
          at className (/Users/invoture/dev.local/hey-peter/src/components/admin/dashboard/AnalyticsDashboard.tsx:48:38)
      
      Consider adding an error boundary to your tree to customize error handling behavior.
      Visit https://reactjs.org/link/error-boundaries to learn more about error boundaries.

      at logCapturedError (node_modules/.pnpm/react-dom@18.3.1_react@18.3.1/node_modules/react-dom/cjs/react-dom.development.js:18704:23)
      at update.callback (node_modules/.pnpm/react-dom@18.3.1_react@18.3.1/node_modules/react-dom/cjs/react-dom.development.js:18737:5)
      at callCallback (node_modules/.pnpm/react-dom@18.3.1_react@18.3.1/node_modules/react-dom/cjs/react-dom.development.js:15036:12)
      at commitUpdateQueue (node_modules/.pnpm/react-dom@18.3.1_react@18.3.1/node_modules/react-dom/cjs/react-dom.development.js:15057:9)
      at commitLayoutEffectOnFiber (node_modules/.pnpm/react-dom@18.3.1_react@18.3.1/node_modules/react-dom/cjs/react-dom.development.js:23430:13)
      at commitLayoutMountEffects_complete (node_modules/.pnpm/react-dom@18.3.1_react@18.3.1/node_modules/react-dom/cjs/react-dom.development.js:24727:9)
      at commitLayoutEffects_begin (node_modules/.pnpm/react-dom@18.3.1_react@18.3.1/node_modules/react-dom/cjs/react-dom.development.js:24713:7)
      at commitLayoutEffects (node_modules/.pnpm/react-dom@18.3.1_react@18.3.1/node_modules/react-dom/cjs/react-dom.development.js:24651:3)
      at commitRootImpl (node_modules/.pnpm/react-dom@18.3.1_react@18.3.1/node_modules/react-dom/cjs/react-dom.development.js:26862:5)
      at commitRoot (node_modules/.pnpm/react-dom@18.3.1_react@18.3.1/node_modules/react-dom/cjs/react-dom.development.js:26721:5)
      at finishConcurrentRender (node_modules/.pnpm/react-dom@18.3.1_react@18.3.1/node_modules/react-dom/cjs/react-dom.development.js:25931:9)
      at performConcurrentWorkOnRoot (node_modules/.pnpm/react-dom@18.3.1_react@18.3.1/node_modules/react-dom/cjs/react-dom.development.js:25848:7)
      at workLoop (node_modules/.pnpm/scheduler@0.23.2/node_modules/scheduler/cjs/scheduler.development.js:266:34)
      at flushWork (node_modules/.pnpm/scheduler@0.23.2/node_modules/scheduler/cjs/scheduler.development.js:239:14)
      at performWorkUntilDeadline (node_modules/.pnpm/scheduler@0.23.2/node_modules/scheduler/cjs/scheduler.development.js:533:21)
      at Timeout.task [as _onTimeout] (node_modules/.pnpm/jsdom@26.1.0/node_modules/jsdom/lib/jsdom/browser/Window.js:579:19)

    console.error
      [Error: Uncaught [Error: Element type is invalid: expected a string (for built-in components) or a class/function (for composite components) but got: undefined. You likely forgot to export your component from the file it's defined in, or you might have mixed up default and named imports.
      
      Check the render method of `AnalyticsDashboard`.]] {
        detail: Error: Element type is invalid: expected a string (for built-in components) or a class/function (for composite components) but got: undefined. You likely forgot to export your component from the file it's defined in, or you might have mixed up default and named imports.
        
        Check the render method of `AnalyticsDashboard`.
            at createFiberFromTypeAndProps (/Users/invoture/dev.local/hey-peter/node_modules/.pnpm/react-dom@18.3.1_react@18.3.1/node_modules/react-dom/cjs/react-dom.development.js:28478:17)
            at createFiberFromElement (/Users/invoture/dev.local/hey-peter/node_modules/.pnpm/react-dom@18.3.1_react@18.3.1/node_modules/react-dom/cjs/react-dom.development.js:28504:15)
            at createChild (/Users/invoture/dev.local/hey-peter/node_modules/.pnpm/react-dom@18.3.1_react@18.3.1/node_modules/react-dom/cjs/react-dom.development.js:13345:28)
            at reconcileChildrenArray (/Users/invoture/dev.local/hey-peter/node_modules/.pnpm/react-dom@18.3.1_react@18.3.1/node_modules/react-dom/cjs/react-dom.development.js:13640:25)
            at reconcileChildFibers (/Users/invoture/dev.local/hey-peter/node_modules/.pnpm/react-dom@18.3.1_react@18.3.1/node_modules/react-dom/cjs/react-dom.development.js:14057:16)
            at reconcileChildren (/Users/invoture/dev.local/hey-peter/node_modules/.pnpm/react-dom@18.3.1_react@18.3.1/node_modules/react-dom/cjs/react-dom.development.js:19186:28)
            at updateHostComponent (/Users/invoture/dev.local/hey-peter/node_modules/.pnpm/react-dom@18.3.1_react@18.3.1/node_modules/react-dom/cjs/react-dom.development.js:19953:3)
            at beginWork (/Users/invoture/dev.local/hey-peter/node_modules/.pnpm/react-dom@18.3.1_react@18.3.1/node_modules/react-dom/cjs/react-dom.development.js:21657:14)
            at beginWork$1 (/Users/invoture/dev.local/hey-peter/node_modules/.pnpm/react-dom@18.3.1_react@18.3.1/node_modules/react-dom/cjs/react-dom.development.js:27465:14)
            at performUnitOfWork (/Users/invoture/dev.local/hey-peter/node_modules/.pnpm/react-dom@18.3.1_react@18.3.1/node_modules/react-dom/cjs/react-dom.development.js:26599:12)
            at workLoopSync (/Users/invoture/dev.local/hey-peter/node_modules/.pnpm/react-dom@18.3.1_react@18.3.1/node_modules/react-dom/cjs/react-dom.development.js:26505:5)
            at renderRootSync (/Users/invoture/dev.local/hey-peter/node_modules/.pnpm/react-dom@18.3.1_react@18.3.1/node_modules/react-dom/cjs/react-dom.development.js:26473:7)
            at recoverFromConcurrentError (/Users/invoture/dev.local/hey-peter/node_modules/.pnpm/react-dom@18.3.1_react@18.3.1/node_modules/react-dom/cjs/react-dom.development.js:25889:20)
            at performConcurrentWorkOnRoot (/Users/invoture/dev.local/hey-peter/node_modules/.pnpm/react-dom@18.3.1_react@18.3.1/node_modules/react-dom/cjs/react-dom.development.js:25789:22)
            at workLoop (/Users/invoture/dev.local/hey-peter/node_modules/.pnpm/scheduler@0.23.2/node_modules/scheduler/cjs/scheduler.development.js:266:34)
            at flushWork (/Users/invoture/dev.local/hey-peter/node_modules/.pnpm/scheduler@0.23.2/node_modules/scheduler/cjs/scheduler.development.js:239:14)
            at performWorkUntilDeadline (/Users/invoture/dev.local/hey-peter/node_modules/.pnpm/scheduler@0.23.2/node_modules/scheduler/cjs/scheduler.development.js:533:21)
            at Timeout.task [as _onTimeout] (/Users/invoture/dev.local/hey-peter/node_modules/.pnpm/jsdom@26.1.0/node_modules/jsdom/lib/jsdom/browser/Window.js:579:19)
            at listOnTimeout (node:internal/timers:581:17)
            at processTimers (node:internal/timers:519:7),
        type: 'unhandled exception'
      }

      at VirtualConsole.<anonymous> (node_modules/.pnpm/@jest+environment-jsdom-abstract@30.0.4_jsdom@26.1.0/node_modules/@jest/environment-jsdom-abstract/build/index.js:78:23)
      at reportException (node_modules/.pnpm/jsdom@26.1.0/node_modules/jsdom/lib/jsdom/living/helpers/runtime-script-errors.js:70:28)
      at Timeout.task [as _onTimeout] (node_modules/.pnpm/jsdom@26.1.0/node_modules/jsdom/lib/jsdom/browser/Window.js:584:9)

    console.error
      Warning: React.jsx: type is invalid -- expected a string (for built-in components) or a class/function (for composite components) but got: undefined. You likely forgot to export your component from the file it's defined in, or you might have mixed up default and named imports.
      
      Check the render method of `AnalyticsDashboard`.
          at className (/Users/invoture/dev.local/hey-peter/src/components/admin/dashboard/AnalyticsDashboard.tsx:48:38)

      140 |           </Badge>
      141 |           <Button onClick={handleRefresh} variant="outline" size="sm">
    > 142 |             <Refresh className="h-4 w-4 mr-2" />
          |             ^
      143 |             Refresh
      144 |           </Button>
      145 |           <Button onClick={handleExportData} variant="outline" size="sm">

      at printWarning (node_modules/.pnpm/react@18.3.1/node_modules/react/cjs/react-jsx-runtime.development.js:87:30)
      at error (node_modules/.pnpm/react@18.3.1/node_modules/react/cjs/react-jsx-runtime.development.js:61:7)
      at jsxWithValidation (node_modules/.pnpm/react@18.3.1/node_modules/react/cjs/react-jsx-runtime.development.js:1245:7)
      at jsxWithValidationDynamic (node_modules/.pnpm/react@18.3.1/node_modules/react/cjs/react-jsx-runtime.development.js:1320:12)
      at AnalyticsDashboard (src/components/admin/dashboard/AnalyticsDashboard.tsx:142:13)
      at renderWithHooks (node_modules/.pnpm/react-dom@18.3.1_react@18.3.1/node_modules/react-dom/cjs/react-dom.development.js:15486:18)
      at updateFunctionComponent (node_modules/.pnpm/react-dom@18.3.1_react@18.3.1/node_modules/react-dom/cjs/react-dom.development.js:19617:20)
      at beginWork (node_modules/.pnpm/react-dom@18.3.1_react@18.3.1/node_modules/react-dom/cjs/react-dom.development.js:21640:16)
      at beginWork$1 (node_modules/.pnpm/react-dom@18.3.1_react@18.3.1/node_modules/react-dom/cjs/react-dom.development.js:27465:14)
      at performUnitOfWork (node_modules/.pnpm/react-dom@18.3.1_react@18.3.1/node_modules/react-dom/cjs/react-dom.development.js:26599:12)
      at workLoopSync (node_modules/.pnpm/react-dom@18.3.1_react@18.3.1/node_modules/react-dom/cjs/react-dom.development.js:26505:5)
      at renderRootSync (node_modules/.pnpm/react-dom@18.3.1_react@18.3.1/node_modules/react-dom/cjs/react-dom.development.js:26473:7)
      at performConcurrentWorkOnRoot (node_modules/.pnpm/react-dom@18.3.1_react@18.3.1/node_modules/react-dom/cjs/react-dom.development.js:25777:74)
      at workLoop (node_modules/.pnpm/scheduler@0.23.2/node_modules/scheduler/cjs/scheduler.development.js:266:34)
      at flushWork (node_modules/.pnpm/scheduler@0.23.2/node_modules/scheduler/cjs/scheduler.development.js:239:14)
      at performWorkUntilDeadline (node_modules/.pnpm/scheduler@0.23.2/node_modules/scheduler/cjs/scheduler.development.js:533:21)
      at Timeout.task [as _onTimeout] (node_modules/.pnpm/jsdom@26.1.0/node_modules/jsdom/lib/jsdom/browser/Window.js:579:19)

    console.error
      [Error: Uncaught [Error: Element type is invalid: expected a string (for built-in components) or a class/function (for composite components) but got: undefined. You likely forgot to export your component from the file it's defined in, or you might have mixed up default and named imports.
      
      Check the render method of `AnalyticsDashboard`.]] {
        detail: Error: Element type is invalid: expected a string (for built-in components) or a class/function (for composite components) but got: undefined. You likely forgot to export your component from the file it's defined in, or you might have mixed up default and named imports.
        
        Check the render method of `AnalyticsDashboard`.
            at createFiberFromTypeAndProps (/Users/invoture/dev.local/hey-peter/node_modules/.pnpm/react-dom@18.3.1_react@18.3.1/node_modules/react-dom/cjs/react-dom.development.js:28478:17)
            at createFiberFromElement (/Users/invoture/dev.local/hey-peter/node_modules/.pnpm/react-dom@18.3.1_react@18.3.1/node_modules/react-dom/cjs/react-dom.development.js:28504:15)
            at createChild (/Users/invoture/dev.local/hey-peter/node_modules/.pnpm/react-dom@18.3.1_react@18.3.1/node_modules/react-dom/cjs/react-dom.development.js:13345:28)
            at reconcileChildrenArray (/Users/invoture/dev.local/hey-peter/node_modules/.pnpm/react-dom@18.3.1_react@18.3.1/node_modules/react-dom/cjs/react-dom.development.js:13640:25)
            at reconcileChildFibers (/Users/invoture/dev.local/hey-peter/node_modules/.pnpm/react-dom@18.3.1_react@18.3.1/node_modules/react-dom/cjs/react-dom.development.js:14057:16)
            at reconcileChildren (/Users/invoture/dev.local/hey-peter/node_modules/.pnpm/react-dom@18.3.1_react@18.3.1/node_modules/react-dom/cjs/react-dom.development.js:19186:28)
            at updateHostComponent (/Users/invoture/dev.local/hey-peter/node_modules/.pnpm/react-dom@18.3.1_react@18.3.1/node_modules/react-dom/cjs/react-dom.development.js:19953:3)
            at beginWork (/Users/invoture/dev.local/hey-peter/node_modules/.pnpm/react-dom@18.3.1_react@18.3.1/node_modules/react-dom/cjs/react-dom.development.js:21657:14)
            at HTMLUnknownElement.callCallback (/Users/invoture/dev.local/hey-peter/node_modules/.pnpm/react-dom@18.3.1_react@18.3.1/node_modules/react-dom/cjs/react-dom.development.js:4164:14)
            at HTMLUnknownElement.callTheUserObjectsOperation (/Users/invoture/dev.local/hey-peter/node_modules/.pnpm/jsdom@26.1.0/node_modules/jsdom/lib/jsdom/living/generated/EventListener.js:26:30)
            at innerInvokeEventListeners (/Users/invoture/dev.local/hey-peter/node_modules/.pnpm/jsdom@26.1.0/node_modules/jsdom/lib/jsdom/living/events/EventTarget-impl.js:350:25)
            at invokeEventListeners (/Users/invoture/dev.local/hey-peter/node_modules/.pnpm/jsdom@26.1.0/node_modules/jsdom/lib/jsdom/living/events/EventTarget-impl.js:286:3)
            at HTMLUnknownElementImpl._dispatch (/Users/invoture/dev.local/hey-peter/node_modules/.pnpm/jsdom@26.1.0/node_modules/jsdom/lib/jsdom/living/events/EventTarget-impl.js:233:9)
            at HTMLUnknownElementImpl.dispatchEvent (/Users/invoture/dev.local/hey-peter/node_modules/.pnpm/jsdom@26.1.0/node_modules/jsdom/lib/jsdom/living/events/EventTarget-impl.js:104:17)
            at HTMLUnknownElement.dispatchEvent (/Users/invoture/dev.local/hey-peter/node_modules/.pnpm/jsdom@26.1.0/node_modules/jsdom/lib/jsdom/living/generated/EventTarget.js:241:34)
            at Object.invokeGuardedCallbackDev (/Users/invoture/dev.local/hey-peter/node_modules/.pnpm/react-dom@18.3.1_react@18.3.1/node_modules/react-dom/cjs/react-dom.development.js:4213:16)
            at invokeGuardedCallback (/Users/invoture/dev.local/hey-peter/node_modules/.pnpm/react-dom@18.3.1_react@18.3.1/node_modules/react-dom/cjs/react-dom.development.js:4277:31)
            at beginWork$1 (/Users/invoture/dev.local/hey-peter/node_modules/.pnpm/react-dom@18.3.1_react@18.3.1/node_modules/react-dom/cjs/react-dom.development.js:27490:7)
            at performUnitOfWork (/Users/invoture/dev.local/hey-peter/node_modules/.pnpm/react-dom@18.3.1_react@18.3.1/node_modules/react-dom/cjs/react-dom.development.js:26599:12)
            at workLoopSync (/Users/invoture/dev.local/hey-peter/node_modules/.pnpm/react-dom@18.3.1_react@18.3.1/node_modules/react-dom/cjs/react-dom.development.js:26505:5)
            at renderRootSync (/Users/invoture/dev.local/hey-peter/node_modules/.pnpm/react-dom@18.3.1_react@18.3.1/node_modules/react-dom/cjs/react-dom.development.js:26473:7)
            at performConcurrentWorkOnRoot (/Users/invoture/dev.local/hey-peter/node_modules/.pnpm/react-dom@18.3.1_react@18.3.1/node_modules/react-dom/cjs/react-dom.development.js:25777:74)
            at workLoop (/Users/invoture/dev.local/hey-peter/node_modules/.pnpm/scheduler@0.23.2/node_modules/scheduler/cjs/scheduler.development.js:266:34)
            at flushWork (/Users/invoture/dev.local/hey-peter/node_modules/.pnpm/scheduler@0.23.2/node_modules/scheduler/cjs/scheduler.development.js:239:14)
            at performWorkUntilDeadline (/Users/invoture/dev.local/hey-peter/node_modules/.pnpm/scheduler@0.23.2/node_modules/scheduler/cjs/scheduler.development.js:533:21)
            at Timeout.task [as _onTimeout] (/Users/invoture/dev.local/hey-peter/node_modules/.pnpm/jsdom@26.1.0/node_modules/jsdom/lib/jsdom/browser/Window.js:579:19)
            at listOnTimeout (node:internal/timers:581:17)
            at processTimers (node:internal/timers:519:7),
        type: 'unhandled exception'
      }

      at VirtualConsole.<anonymous> (node_modules/.pnpm/@jest+environment-jsdom-abstract@30.0.4_jsdom@26.1.0/node_modules/@jest/environment-jsdom-abstract/build/index.js:78:23)
      at reportException (node_modules/.pnpm/jsdom@26.1.0/node_modules/jsdom/lib/jsdom/living/helpers/runtime-script-errors.js:70:28)
      at innerInvokeEventListeners (node_modules/.pnpm/jsdom@26.1.0/node_modules/jsdom/lib/jsdom/living/events/EventTarget-impl.js:353:9)
      at invokeEventListeners (node_modules/.pnpm/jsdom@26.1.0/node_modules/jsdom/lib/jsdom/living/events/EventTarget-impl.js:286:3)
      at HTMLUnknownElementImpl._dispatch (node_modules/.pnpm/jsdom@26.1.0/node_modules/jsdom/lib/jsdom/living/events/EventTarget-impl.js:233:9)
      at HTMLUnknownElementImpl.dispatchEvent (node_modules/.pnpm/jsdom@26.1.0/node_modules/jsdom/lib/jsdom/living/events/EventTarget-impl.js:104:17)
      at HTMLUnknownElement.dispatchEvent (node_modules/.pnpm/jsdom@26.1.0/node_modules/jsdom/lib/jsdom/living/generated/EventTarget.js:241:34)
      at Object.invokeGuardedCallbackDev (node_modules/.pnpm/react-dom@18.3.1_react@18.3.1/node_modules/react-dom/cjs/react-dom.development.js:4213:16)
      at invokeGuardedCallback (node_modules/.pnpm/react-dom@18.3.1_react@18.3.1/node_modules/react-dom/cjs/react-dom.development.js:4277:31)
      at beginWork$1 (node_modules/.pnpm/react-dom@18.3.1_react@18.3.1/node_modules/react-dom/cjs/react-dom.development.js:27490:7)
      at performUnitOfWork (node_modules/.pnpm/react-dom@18.3.1_react@18.3.1/node_modules/react-dom/cjs/react-dom.development.js:26599:12)
      at workLoopSync (node_modules/.pnpm/react-dom@18.3.1_react@18.3.1/node_modules/react-dom/cjs/react-dom.development.js:26505:5)
      at renderRootSync (node_modules/.pnpm/react-dom@18.3.1_react@18.3.1/node_modules/react-dom/cjs/react-dom.development.js:26473:7)
      at performConcurrentWorkOnRoot (node_modules/.pnpm/react-dom@18.3.1_react@18.3.1/node_modules/react-dom/cjs/react-dom.development.js:25777:74)
      at workLoop (node_modules/.pnpm/scheduler@0.23.2/node_modules/scheduler/cjs/scheduler.development.js:266:34)
      at flushWork (node_modules/.pnpm/scheduler@0.23.2/node_modules/scheduler/cjs/scheduler.development.js:239:14)
      at performWorkUntilDeadline (node_modules/.pnpm/scheduler@0.23.2/node_modules/scheduler/cjs/scheduler.development.js:533:21)
      at Timeout.task [as _onTimeout] (node_modules/.pnpm/jsdom@26.1.0/node_modules/jsdom/lib/jsdom/browser/Window.js:579:19)

    console.error
      Warning: React.jsx: type is invalid -- expected a string (for built-in components) or a class/function (for composite components) but got: undefined. You likely forgot to export your component from the file it's defined in, or you might have mixed up default and named imports.
      
      Check the render method of `AnalyticsDashboard`.
          at className (/Users/invoture/dev.local/hey-peter/src/components/admin/dashboard/AnalyticsDashboard.tsx:48:38)

      140 |           </Badge>
      141 |           <Button onClick={handleRefresh} variant="outline" size="sm">
    > 142 |             <Refresh className="h-4 w-4 mr-2" />
          |             ^
      143 |             Refresh
      144 |           </Button>
      145 |           <Button onClick={handleExportData} variant="outline" size="sm">

      at printWarning (node_modules/.pnpm/react@18.3.1/node_modules/react/cjs/react-jsx-runtime.development.js:87:30)
      at error (node_modules/.pnpm/react@18.3.1/node_modules/react/cjs/react-jsx-runtime.development.js:61:7)
      at jsxWithValidation (node_modules/.pnpm/react@18.3.1/node_modules/react/cjs/react-jsx-runtime.development.js:1245:7)
      at jsxWithValidationDynamic (node_modules/.pnpm/react@18.3.1/node_modules/react/cjs/react-jsx-runtime.development.js:1320:12)
      at AnalyticsDashboard (src/components/admin/dashboard/AnalyticsDashboard.tsx:142:13)
      at renderWithHooks (node_modules/.pnpm/react-dom@18.3.1_react@18.3.1/node_modules/react-dom/cjs/react-dom.development.js:15486:18)
      at updateFunctionComponent (node_modules/.pnpm/react-dom@18.3.1_react@18.3.1/node_modules/react-dom/cjs/react-dom.development.js:19617:20)
      at beginWork (node_modules/.pnpm/react-dom@18.3.1_react@18.3.1/node_modules/react-dom/cjs/react-dom.development.js:21640:16)
      at beginWork$1 (node_modules/.pnpm/react-dom@18.3.1_react@18.3.1/node_modules/react-dom/cjs/react-dom.development.js:27465:14)
      at performUnitOfWork (node_modules/.pnpm/react-dom@18.3.1_react@18.3.1/node_modules/react-dom/cjs/react-dom.development.js:26599:12)
      at workLoopSync (node_modules/.pnpm/react-dom@18.3.1_react@18.3.1/node_modules/react-dom/cjs/react-dom.development.js:26505:5)
      at renderRootSync (node_modules/.pnpm/react-dom@18.3.1_react@18.3.1/node_modules/react-dom/cjs/react-dom.development.js:26473:7)
      at recoverFromConcurrentError (node_modules/.pnpm/react-dom@18.3.1_react@18.3.1/node_modules/react-dom/cjs/react-dom.development.js:25889:20)
      at performConcurrentWorkOnRoot (node_modules/.pnpm/react-dom@18.3.1_react@18.3.1/node_modules/react-dom/cjs/react-dom.development.js:25789:22)
      at workLoop (node_modules/.pnpm/scheduler@0.23.2/node_modules/scheduler/cjs/scheduler.development.js:266:34)
      at flushWork (node_modules/.pnpm/scheduler@0.23.2/node_modules/scheduler/cjs/scheduler.development.js:239:14)
      at performWorkUntilDeadline (node_modules/.pnpm/scheduler@0.23.2/node_modules/scheduler/cjs/scheduler.development.js:533:21)
      at Timeout.task [as _onTimeout] (node_modules/.pnpm/jsdom@26.1.0/node_modules/jsdom/lib/jsdom/browser/Window.js:579:19)

    console.error
      [Error: Uncaught [Error: Element type is invalid: expected a string (for built-in components) or a class/function (for composite components) but got: undefined. You likely forgot to export your component from the file it's defined in, or you might have mixed up default and named imports.
      
      Check the render method of `AnalyticsDashboard`.]] {
        detail: Error: Element type is invalid: expected a string (for built-in components) or a class/function (for composite components) but got: undefined. You likely forgot to export your component from the file it's defined in, or you might have mixed up default and named imports.
        
        Check the render method of `AnalyticsDashboard`.
            at createFiberFromTypeAndProps (/Users/invoture/dev.local/hey-peter/node_modules/.pnpm/react-dom@18.3.1_react@18.3.1/node_modules/react-dom/cjs/react-dom.development.js:28478:17)
            at createFiberFromElement (/Users/invoture/dev.local/hey-peter/node_modules/.pnpm/react-dom@18.3.1_react@18.3.1/node_modules/react-dom/cjs/react-dom.development.js:28504:15)
            at createChild (/Users/invoture/dev.local/hey-peter/node_modules/.pnpm/react-dom@18.3.1_react@18.3.1/node_modules/react-dom/cjs/react-dom.development.js:13345:28)
            at reconcileChildrenArray (/Users/invoture/dev.local/hey-peter/node_modules/.pnpm/react-dom@18.3.1_react@18.3.1/node_modules/react-dom/cjs/react-dom.development.js:13640:25)
            at reconcileChildFibers (/Users/invoture/dev.local/hey-peter/node_modules/.pnpm/react-dom@18.3.1_react@18.3.1/node_modules/react-dom/cjs/react-dom.development.js:14057:16)
            at reconcileChildren (/Users/invoture/dev.local/hey-peter/node_modules/.pnpm/react-dom@18.3.1_react@18.3.1/node_modules/react-dom/cjs/react-dom.development.js:19186:28)
            at updateHostComponent (/Users/invoture/dev.local/hey-peter/node_modules/.pnpm/react-dom@18.3.1_react@18.3.1/node_modules/react-dom/cjs/react-dom.development.js:19953:3)
            at beginWork (/Users/invoture/dev.local/hey-peter/node_modules/.pnpm/react-dom@18.3.1_react@18.3.1/node_modules/react-dom/cjs/react-dom.development.js:21657:14)
            at HTMLUnknownElement.callCallback (/Users/invoture/dev.local/hey-peter/node_modules/.pnpm/react-dom@18.3.1_react@18.3.1/node_modules/react-dom/cjs/react-dom.development.js:4164:14)
            at HTMLUnknownElement.callTheUserObjectsOperation (/Users/invoture/dev.local/hey-peter/node_modules/.pnpm/jsdom@26.1.0/node_modules/jsdom/lib/jsdom/living/generated/EventListener.js:26:30)
            at innerInvokeEventListeners (/Users/invoture/dev.local/hey-peter/node_modules/.pnpm/jsdom@26.1.0/node_modules/jsdom/lib/jsdom/living/events/EventTarget-impl.js:350:25)
            at invokeEventListeners (/Users/invoture/dev.local/hey-peter/node_modules/.pnpm/jsdom@26.1.0/node_modules/jsdom/lib/jsdom/living/events/EventTarget-impl.js:286:3)
            at HTMLUnknownElementImpl._dispatch (/Users/invoture/dev.local/hey-peter/node_modules/.pnpm/jsdom@26.1.0/node_modules/jsdom/lib/jsdom/living/events/EventTarget-impl.js:233:9)
            at HTMLUnknownElementImpl.dispatchEvent (/Users/invoture/dev.local/hey-peter/node_modules/.pnpm/jsdom@26.1.0/node_modules/jsdom/lib/jsdom/living/events/EventTarget-impl.js:104:17)
            at HTMLUnknownElement.dispatchEvent (/Users/invoture/dev.local/hey-peter/node_modules/.pnpm/jsdom@26.1.0/node_modules/jsdom/lib/jsdom/living/generated/EventTarget.js:241:34)
            at Object.invokeGuardedCallbackDev (/Users/invoture/dev.local/hey-peter/node_modules/.pnpm/react-dom@18.3.1_react@18.3.1/node_modules/react-dom/cjs/react-dom.development.js:4213:16)
            at invokeGuardedCallback (/Users/invoture/dev.local/hey-peter/node_modules/.pnpm/react-dom@18.3.1_react@18.3.1/node_modules/react-dom/cjs/react-dom.development.js:4277:31)
            at beginWork$1 (/Users/invoture/dev.local/hey-peter/node_modules/.pnpm/react-dom@18.3.1_react@18.3.1/node_modules/react-dom/cjs/react-dom.development.js:27490:7)
            at performUnitOfWork (/Users/invoture/dev.local/hey-peter/node_modules/.pnpm/react-dom@18.3.1_react@18.3.1/node_modules/react-dom/cjs/react-dom.development.js:26599:12)
            at workLoopSync (/Users/invoture/dev.local/hey-peter/node_modules/.pnpm/react-dom@18.3.1_react@18.3.1/node_modules/react-dom/cjs/react-dom.development.js:26505:5)
            at renderRootSync (/Users/invoture/dev.local/hey-peter/node_modules/.pnpm/react-dom@18.3.1_react@18.3.1/node_modules/react-dom/cjs/react-dom.development.js:26473:7)
            at recoverFromConcurrentError (/Users/invoture/dev.local/hey-peter/node_modules/.pnpm/react-dom@18.3.1_react@18.3.1/node_modules/react-dom/cjs/react-dom.development.js:25889:20)
            at performConcurrentWorkOnRoot (/Users/invoture/dev.local/hey-peter/node_modules/.pnpm/react-dom@18.3.1_react@18.3.1/node_modules/react-dom/cjs/react-dom.development.js:25789:22)
            at workLoop (/Users/invoture/dev.local/hey-peter/node_modules/.pnpm/scheduler@0.23.2/node_modules/scheduler/cjs/scheduler.development.js:266:34)
            at flushWork (/Users/invoture/dev.local/hey-peter/node_modules/.pnpm/scheduler@0.23.2/node_modules/scheduler/cjs/scheduler.development.js:239:14)
            at performWorkUntilDeadline (/Users/invoture/dev.local/hey-peter/node_modules/.pnpm/scheduler@0.23.2/node_modules/scheduler/cjs/scheduler.development.js:533:21)
            at Timeout.task [as _onTimeout] (/Users/invoture/dev.local/hey-peter/node_modules/.pnpm/jsdom@26.1.0/node_modules/jsdom/lib/jsdom/browser/Window.js:579:19)
            at listOnTimeout (node:internal/timers:581:17)
            at processTimers (node:internal/timers:519:7),
        type: 'unhandled exception'
      }

      at VirtualConsole.<anonymous> (node_modules/.pnpm/@jest+environment-jsdom-abstract@30.0.4_jsdom@26.1.0/node_modules/@jest/environment-jsdom-abstract/build/index.js:78:23)
      at reportException (node_modules/.pnpm/jsdom@26.1.0/node_modules/jsdom/lib/jsdom/living/helpers/runtime-script-errors.js:70:28)
      at innerInvokeEventListeners (node_modules/.pnpm/jsdom@26.1.0/node_modules/jsdom/lib/jsdom/living/events/EventTarget-impl.js:353:9)
      at invokeEventListeners (node_modules/.pnpm/jsdom@26.1.0/node_modules/jsdom/lib/jsdom/living/events/EventTarget-impl.js:286:3)
      at HTMLUnknownElementImpl._dispatch (node_modules/.pnpm/jsdom@26.1.0/node_modules/jsdom/lib/jsdom/living/events/EventTarget-impl.js:233:9)
      at HTMLUnknownElementImpl.dispatchEvent (node_modules/.pnpm/jsdom@26.1.0/node_modules/jsdom/lib/jsdom/living/events/EventTarget-impl.js:104:17)
      at HTMLUnknownElement.dispatchEvent (node_modules/.pnpm/jsdom@26.1.0/node_modules/jsdom/lib/jsdom/living/generated/EventTarget.js:241:34)
      at Object.invokeGuardedCallbackDev (node_modules/.pnpm/react-dom@18.3.1_react@18.3.1/node_modules/react-dom/cjs/react-dom.development.js:4213:16)
      at invokeGuardedCallback (node_modules/.pnpm/react-dom@18.3.1_react@18.3.1/node_modules/react-dom/cjs/react-dom.development.js:4277:31)
      at beginWork$1 (node_modules/.pnpm/react-dom@18.3.1_react@18.3.1/node_modules/react-dom/cjs/react-dom.development.js:27490:7)
      at performUnitOfWork (node_modules/.pnpm/react-dom@18.3.1_react@18.3.1/node_modules/react-dom/cjs/react-dom.development.js:26599:12)
      at workLoopSync (node_modules/.pnpm/react-dom@18.3.1_react@18.3.1/node_modules/react-dom/cjs/react-dom.development.js:26505:5)
      at renderRootSync (node_modules/.pnpm/react-dom@18.3.1_react@18.3.1/node_modules/react-dom/cjs/react-dom.development.js:26473:7)
      at recoverFromConcurrentError (node_modules/.pnpm/react-dom@18.3.1_react@18.3.1/node_modules/react-dom/cjs/react-dom.development.js:25889:20)
      at performConcurrentWorkOnRoot (node_modules/.pnpm/react-dom@18.3.1_react@18.3.1/node_modules/react-dom/cjs/react-dom.development.js:25789:22)
      at workLoop (node_modules/.pnpm/scheduler@0.23.2/node_modules/scheduler/cjs/scheduler.development.js:266:34)
      at flushWork (node_modules/.pnpm/scheduler@0.23.2/node_modules/scheduler/cjs/scheduler.development.js:239:14)
      at performWorkUntilDeadline (node_modules/.pnpm/scheduler@0.23.2/node_modules/scheduler/cjs/scheduler.development.js:533:21)
      at Timeout.task [as _onTimeout] (node_modules/.pnpm/jsdom@26.1.0/node_modules/jsdom/lib/jsdom/browser/Window.js:579:19)

    console.error
      The above error occurred in the <button> component:
      
          at button
          at className (/Users/invoture/dev.local/hey-peter/src/components/ui/button.tsx:44:6)
          at div
          at div
          at div
          at className (/Users/invoture/dev.local/hey-peter/src/components/admin/dashboard/AnalyticsDashboard.tsx:48:38)
      
      Consider adding an error boundary to your tree to customize error handling behavior.
      Visit https://reactjs.org/link/error-boundaries to learn more about error boundaries.

      at logCapturedError (node_modules/.pnpm/react-dom@18.3.1_react@18.3.1/node_modules/react-dom/cjs/react-dom.development.js:18704:23)
      at update.callback (node_modules/.pnpm/react-dom@18.3.1_react@18.3.1/node_modules/react-dom/cjs/react-dom.development.js:18737:5)
      at callCallback (node_modules/.pnpm/react-dom@18.3.1_react@18.3.1/node_modules/react-dom/cjs/react-dom.development.js:15036:12)
      at commitUpdateQueue (node_modules/.pnpm/react-dom@18.3.1_react@18.3.1/node_modules/react-dom/cjs/react-dom.development.js:15057:9)
      at commitLayoutEffectOnFiber (node_modules/.pnpm/react-dom@18.3.1_react@18.3.1/node_modules/react-dom/cjs/react-dom.development.js:23430:13)
      at commitLayoutMountEffects_complete (node_modules/.pnpm/react-dom@18.3.1_react@18.3.1/node_modules/react-dom/cjs/react-dom.development.js:24727:9)
      at commitLayoutEffects_begin (node_modules/.pnpm/react-dom@18.3.1_react@18.3.1/node_modules/react-dom/cjs/react-dom.development.js:24713:7)
      at commitLayoutEffects (node_modules/.pnpm/react-dom@18.3.1_react@18.3.1/node_modules/react-dom/cjs/react-dom.development.js:24651:3)
      at commitRootImpl (node_modules/.pnpm/react-dom@18.3.1_react@18.3.1/node_modules/react-dom/cjs/react-dom.development.js:26862:5)
      at commitRoot (node_modules/.pnpm/react-dom@18.3.1_react@18.3.1/node_modules/react-dom/cjs/react-dom.development.js:26721:5)
      at finishConcurrentRender (node_modules/.pnpm/react-dom@18.3.1_react@18.3.1/node_modules/react-dom/cjs/react-dom.development.js:25931:9)
      at performConcurrentWorkOnRoot (node_modules/.pnpm/react-dom@18.3.1_react@18.3.1/node_modules/react-dom/cjs/react-dom.development.js:25848:7)
      at workLoop (node_modules/.pnpm/scheduler@0.23.2/node_modules/scheduler/cjs/scheduler.development.js:266:34)
      at flushWork (node_modules/.pnpm/scheduler@0.23.2/node_modules/scheduler/cjs/scheduler.development.js:239:14)
      at performWorkUntilDeadline (node_modules/.pnpm/scheduler@0.23.2/node_modules/scheduler/cjs/scheduler.development.js:533:21)
      at Timeout.task [as _onTimeout] (node_modules/.pnpm/jsdom@26.1.0/node_modules/jsdom/lib/jsdom/browser/Window.js:579:19)

    console.error
      [Error: Uncaught [Error: Element type is invalid: expected a string (for built-in components) or a class/function (for composite components) but got: undefined. You likely forgot to export your component from the file it's defined in, or you might have mixed up default and named imports.
      
      Check the render method of `AnalyticsDashboard`.]] {
        detail: Error: Element type is invalid: expected a string (for built-in components) or a class/function (for composite components) but got: undefined. You likely forgot to export your component from the file it's defined in, or you might have mixed up default and named imports.
        
        Check the render method of `AnalyticsDashboard`.
            at createFiberFromTypeAndProps (/Users/invoture/dev.local/hey-peter/node_modules/.pnpm/react-dom@18.3.1_react@18.3.1/node_modules/react-dom/cjs/react-dom.development.js:28478:17)
            at createFiberFromElement (/Users/invoture/dev.local/hey-peter/node_modules/.pnpm/react-dom@18.3.1_react@18.3.1/node_modules/react-dom/cjs/react-dom.development.js:28504:15)
            at createChild (/Users/invoture/dev.local/hey-peter/node_modules/.pnpm/react-dom@18.3.1_react@18.3.1/node_modules/react-dom/cjs/react-dom.development.js:13345:28)
            at reconcileChildrenArray (/Users/invoture/dev.local/hey-peter/node_modules/.pnpm/react-dom@18.3.1_react@18.3.1/node_modules/react-dom/cjs/react-dom.development.js:13640:25)
            at reconcileChildFibers (/Users/invoture/dev.local/hey-peter/node_modules/.pnpm/react-dom@18.3.1_react@18.3.1/node_modules/react-dom/cjs/react-dom.development.js:14057:16)
            at reconcileChildren (/Users/invoture/dev.local/hey-peter/node_modules/.pnpm/react-dom@18.3.1_react@18.3.1/node_modules/react-dom/cjs/react-dom.development.js:19186:28)
            at updateHostComponent (/Users/invoture/dev.local/hey-peter/node_modules/.pnpm/react-dom@18.3.1_react@18.3.1/node_modules/react-dom/cjs/react-dom.development.js:19953:3)
            at beginWork (/Users/invoture/dev.local/hey-peter/node_modules/.pnpm/react-dom@18.3.1_react@18.3.1/node_modules/react-dom/cjs/react-dom.development.js:21657:14)
            at beginWork$1 (/Users/invoture/dev.local/hey-peter/node_modules/.pnpm/react-dom@18.3.1_react@18.3.1/node_modules/react-dom/cjs/react-dom.development.js:27465:14)
            at performUnitOfWork (/Users/invoture/dev.local/hey-peter/node_modules/.pnpm/react-dom@18.3.1_react@18.3.1/node_modules/react-dom/cjs/react-dom.development.js:26599:12)
            at workLoopSync (/Users/invoture/dev.local/hey-peter/node_modules/.pnpm/react-dom@18.3.1_react@18.3.1/node_modules/react-dom/cjs/react-dom.development.js:26505:5)
            at renderRootSync (/Users/invoture/dev.local/hey-peter/node_modules/.pnpm/react-dom@18.3.1_react@18.3.1/node_modules/react-dom/cjs/react-dom.development.js:26473:7)
            at recoverFromConcurrentError (/Users/invoture/dev.local/hey-peter/node_modules/.pnpm/react-dom@18.3.1_react@18.3.1/node_modules/react-dom/cjs/react-dom.development.js:25889:20)
            at performConcurrentWorkOnRoot (/Users/invoture/dev.local/hey-peter/node_modules/.pnpm/react-dom@18.3.1_react@18.3.1/node_modules/react-dom/cjs/react-dom.development.js:25789:22)
            at workLoop (/Users/invoture/dev.local/hey-peter/node_modules/.pnpm/scheduler@0.23.2/node_modules/scheduler/cjs/scheduler.development.js:266:34)
            at flushWork (/Users/invoture/dev.local/hey-peter/node_modules/.pnpm/scheduler@0.23.2/node_modules/scheduler/cjs/scheduler.development.js:239:14)
            at performWorkUntilDeadline (/Users/invoture/dev.local/hey-peter/node_modules/.pnpm/scheduler@0.23.2/node_modules/scheduler/cjs/scheduler.development.js:533:21)
            at Timeout.task [as _onTimeout] (/Users/invoture/dev.local/hey-peter/node_modules/.pnpm/jsdom@26.1.0/node_modules/jsdom/lib/jsdom/browser/Window.js:579:19)
            at listOnTimeout (node:internal/timers:581:17)
            at processTimers (node:internal/timers:519:7),
        type: 'unhandled exception'
      }

      at VirtualConsole.<anonymous> (node_modules/.pnpm/@jest+environment-jsdom-abstract@30.0.4_jsdom@26.1.0/node_modules/@jest/environment-jsdom-abstract/build/index.js:78:23)
      at reportException (node_modules/.pnpm/jsdom@26.1.0/node_modules/jsdom/lib/jsdom/living/helpers/runtime-script-errors.js:70:28)
      at Timeout.task [as _onTimeout] (node_modules/.pnpm/jsdom@26.1.0/node_modules/jsdom/lib/jsdom/browser/Window.js:584:9)

    console.error
      Warning: React.jsx: type is invalid -- expected a string (for built-in components) or a class/function (for composite components) but got: undefined. You likely forgot to export your component from the file it's defined in, or you might have mixed up default and named imports.
      
      Check the render method of `AnalyticsDashboard`.
          at className (/Users/invoture/dev.local/hey-peter/src/components/admin/dashboard/AnalyticsDashboard.tsx:48:38)

      140 |           </Badge>
      141 |           <Button onClick={handleRefresh} variant="outline" size="sm">
    > 142 |             <Refresh className="h-4 w-4 mr-2" />
          |             ^
      143 |             Refresh
      144 |           </Button>
      145 |           <Button onClick={handleExportData} variant="outline" size="sm">

      at printWarning (node_modules/.pnpm/react@18.3.1/node_modules/react/cjs/react-jsx-runtime.development.js:87:30)
      at error (node_modules/.pnpm/react@18.3.1/node_modules/react/cjs/react-jsx-runtime.development.js:61:7)
      at jsxWithValidation (node_modules/.pnpm/react@18.3.1/node_modules/react/cjs/react-jsx-runtime.development.js:1245:7)
      at jsxWithValidationDynamic (node_modules/.pnpm/react@18.3.1/node_modules/react/cjs/react-jsx-runtime.development.js:1320:12)
      at AnalyticsDashboard (src/components/admin/dashboard/AnalyticsDashboard.tsx:142:13)
      at renderWithHooks (node_modules/.pnpm/react-dom@18.3.1_react@18.3.1/node_modules/react-dom/cjs/react-dom.development.js:15486:18)
      at updateFunctionComponent (node_modules/.pnpm/react-dom@18.3.1_react@18.3.1/node_modules/react-dom/cjs/react-dom.development.js:19617:20)
      at beginWork (node_modules/.pnpm/react-dom@18.3.1_react@18.3.1/node_modules/react-dom/cjs/react-dom.development.js:21640:16)
      at beginWork$1 (node_modules/.pnpm/react-dom@18.3.1_react@18.3.1/node_modules/react-dom/cjs/react-dom.development.js:27465:14)
      at performUnitOfWork (node_modules/.pnpm/react-dom@18.3.1_react@18.3.1/node_modules/react-dom/cjs/react-dom.development.js:26599:12)
      at workLoopSync (node_modules/.pnpm/react-dom@18.3.1_react@18.3.1/node_modules/react-dom/cjs/react-dom.development.js:26505:5)
      at renderRootSync (node_modules/.pnpm/react-dom@18.3.1_react@18.3.1/node_modules/react-dom/cjs/react-dom.development.js:26473:7)
      at performConcurrentWorkOnRoot (node_modules/.pnpm/react-dom@18.3.1_react@18.3.1/node_modules/react-dom/cjs/react-dom.development.js:25777:74)
      at workLoop (node_modules/.pnpm/scheduler@0.23.2/node_modules/scheduler/cjs/scheduler.development.js:266:34)
      at flushWork (node_modules/.pnpm/scheduler@0.23.2/node_modules/scheduler/cjs/scheduler.development.js:239:14)
      at performWorkUntilDeadline (node_modules/.pnpm/scheduler@0.23.2/node_modules/scheduler/cjs/scheduler.development.js:533:21)
      at Timeout.task [as _onTimeout] (node_modules/.pnpm/jsdom@26.1.0/node_modules/jsdom/lib/jsdom/browser/Window.js:579:19)

    console.error
      [Error: Uncaught [Error: Element type is invalid: expected a string (for built-in components) or a class/function (for composite components) but got: undefined. You likely forgot to export your component from the file it's defined in, or you might have mixed up default and named imports.
      
      Check the render method of `AnalyticsDashboard`.]] {
        detail: Error: Element type is invalid: expected a string (for built-in components) or a class/function (for composite components) but got: undefined. You likely forgot to export your component from the file it's defined in, or you might have mixed up default and named imports.
        
        Check the render method of `AnalyticsDashboard`.
            at createFiberFromTypeAndProps (/Users/invoture/dev.local/hey-peter/node_modules/.pnpm/react-dom@18.3.1_react@18.3.1/node_modules/react-dom/cjs/react-dom.development.js:28478:17)
            at createFiberFromElement (/Users/invoture/dev.local/hey-peter/node_modules/.pnpm/react-dom@18.3.1_react@18.3.1/node_modules/react-dom/cjs/react-dom.development.js:28504:15)
            at createChild (/Users/invoture/dev.local/hey-peter/node_modules/.pnpm/react-dom@18.3.1_react@18.3.1/node_modules/react-dom/cjs/react-dom.development.js:13345:28)
            at reconcileChildrenArray (/Users/invoture/dev.local/hey-peter/node_modules/.pnpm/react-dom@18.3.1_react@18.3.1/node_modules/react-dom/cjs/react-dom.development.js:13640:25)
            at reconcileChildFibers (/Users/invoture/dev.local/hey-peter/node_modules/.pnpm/react-dom@18.3.1_react@18.3.1/node_modules/react-dom/cjs/react-dom.development.js:14057:16)
            at reconcileChildren (/Users/invoture/dev.local/hey-peter/node_modules/.pnpm/react-dom@18.3.1_react@18.3.1/node_modules/react-dom/cjs/react-dom.development.js:19186:28)
            at updateHostComponent (/Users/invoture/dev.local/hey-peter/node_modules/.pnpm/react-dom@18.3.1_react@18.3.1/node_modules/react-dom/cjs/react-dom.development.js:19953:3)
            at beginWork (/Users/invoture/dev.local/hey-peter/node_modules/.pnpm/react-dom@18.3.1_react@18.3.1/node_modules/react-dom/cjs/react-dom.development.js:21657:14)
            at HTMLUnknownElement.callCallback (/Users/invoture/dev.local/hey-peter/node_modules/.pnpm/react-dom@18.3.1_react@18.3.1/node_modules/react-dom/cjs/react-dom.development.js:4164:14)
            at HTMLUnknownElement.callTheUserObjectsOperation (/Users/invoture/dev.local/hey-peter/node_modules/.pnpm/jsdom@26.1.0/node_modules/jsdom/lib/jsdom/living/generated/EventListener.js:26:30)
            at innerInvokeEventListeners (/Users/invoture/dev.local/hey-peter/node_modules/.pnpm/jsdom@26.1.0/node_modules/jsdom/lib/jsdom/living/events/EventTarget-impl.js:350:25)
            at invokeEventListeners (/Users/invoture/dev.local/hey-peter/node_modules/.pnpm/jsdom@26.1.0/node_modules/jsdom/lib/jsdom/living/events/EventTarget-impl.js:286:3)
            at HTMLUnknownElementImpl._dispatch (/Users/invoture/dev.local/hey-peter/node_modules/.pnpm/jsdom@26.1.0/node_modules/jsdom/lib/jsdom/living/events/EventTarget-impl.js:233:9)
            at HTMLUnknownElementImpl.dispatchEvent (/Users/invoture/dev.local/hey-peter/node_modules/.pnpm/jsdom@26.1.0/node_modules/jsdom/lib/jsdom/living/events/EventTarget-impl.js:104:17)
            at HTMLUnknownElement.dispatchEvent (/Users/invoture/dev.local/hey-peter/node_modules/.pnpm/jsdom@26.1.0/node_modules/jsdom/lib/jsdom/living/generated/EventTarget.js:241:34)
            at Object.invokeGuardedCallbackDev (/Users/invoture/dev.local/hey-peter/node_modules/.pnpm/react-dom@18.3.1_react@18.3.1/node_modules/react-dom/cjs/react-dom.development.js:4213:16)
            at invokeGuardedCallback (/Users/invoture/dev.local/hey-peter/node_modules/.pnpm/react-dom@18.3.1_react@18.3.1/node_modules/react-dom/cjs/react-dom.development.js:4277:31)
            at beginWork$1 (/Users/invoture/dev.local/hey-peter/node_modules/.pnpm/react-dom@18.3.1_react@18.3.1/node_modules/react-dom/cjs/react-dom.development.js:27490:7)
            at performUnitOfWork (/Users/invoture/dev.local/hey-peter/node_modules/.pnpm/react-dom@18.3.1_react@18.3.1/node_modules/react-dom/cjs/react-dom.development.js:26599:12)
            at workLoopSync (/Users/invoture/dev.local/hey-peter/node_modules/.pnpm/react-dom@18.3.1_react@18.3.1/node_modules/react-dom/cjs/react-dom.development.js:26505:5)
            at renderRootSync (/Users/invoture/dev.local/hey-peter/node_modules/.pnpm/react-dom@18.3.1_react@18.3.1/node_modules/react-dom/cjs/react-dom.development.js:26473:7)
            at performConcurrentWorkOnRoot (/Users/invoture/dev.local/hey-peter/node_modules/.pnpm/react-dom@18.3.1_react@18.3.1/node_modules/react-dom/cjs/react-dom.development.js:25777:74)
            at workLoop (/Users/invoture/dev.local/hey-peter/node_modules/.pnpm/scheduler@0.23.2/node_modules/scheduler/cjs/scheduler.development.js:266:34)
            at flushWork (/Users/invoture/dev.local/hey-peter/node_modules/.pnpm/scheduler@0.23.2/node_modules/scheduler/cjs/scheduler.development.js:239:14)
            at performWorkUntilDeadline (/Users/invoture/dev.local/hey-peter/node_modules/.pnpm/scheduler@0.23.2/node_modules/scheduler/cjs/scheduler.development.js:533:21)
            at Timeout.task [as _onTimeout] (/Users/invoture/dev.local/hey-peter/node_modules/.pnpm/jsdom@26.1.0/node_modules/jsdom/lib/jsdom/browser/Window.js:579:19)
            at listOnTimeout (node:internal/timers:581:17)
            at processTimers (node:internal/timers:519:7),
        type: 'unhandled exception'
      }

      at VirtualConsole.<anonymous> (node_modules/.pnpm/@jest+environment-jsdom-abstract@30.0.4_jsdom@26.1.0/node_modules/@jest/environment-jsdom-abstract/build/index.js:78:23)
      at reportException (node_modules/.pnpm/jsdom@26.1.0/node_modules/jsdom/lib/jsdom/living/helpers/runtime-script-errors.js:70:28)
      at innerInvokeEventListeners (node_modules/.pnpm/jsdom@26.1.0/node_modules/jsdom/lib/jsdom/living/events/EventTarget-impl.js:353:9)
      at invokeEventListeners (node_modules/.pnpm/jsdom@26.1.0/node_modules/jsdom/lib/jsdom/living/events/EventTarget-impl.js:286:3)
      at HTMLUnknownElementImpl._dispatch (node_modules/.pnpm/jsdom@26.1.0/node_modules/jsdom/lib/jsdom/living/events/EventTarget-impl.js:233:9)
      at HTMLUnknownElementImpl.dispatchEvent (node_modules/.pnpm/jsdom@26.1.0/node_modules/jsdom/lib/jsdom/living/events/EventTarget-impl.js:104:17)
      at HTMLUnknownElement.dispatchEvent (node_modules/.pnpm/jsdom@26.1.0/node_modules/jsdom/lib/jsdom/living/generated/EventTarget.js:241:34)
      at Object.invokeGuardedCallbackDev (node_modules/.pnpm/react-dom@18.3.1_react@18.3.1/node_modules/react-dom/cjs/react-dom.development.js:4213:16)
      at invokeGuardedCallback (node_modules/.pnpm/react-dom@18.3.1_react@18.3.1/node_modules/react-dom/cjs/react-dom.development.js:4277:31)
      at beginWork$1 (node_modules/.pnpm/react-dom@18.3.1_react@18.3.1/node_modules/react-dom/cjs/react-dom.development.js:27490:7)
      at performUnitOfWork (node_modules/.pnpm/react-dom@18.3.1_react@18.3.1/node_modules/react-dom/cjs/react-dom.development.js:26599:12)
      at workLoopSync (node_modules/.pnpm/react-dom@18.3.1_react@18.3.1/node_modules/react-dom/cjs/react-dom.development.js:26505:5)
      at renderRootSync (node_modules/.pnpm/react-dom@18.3.1_react@18.3.1/node_modules/react-dom/cjs/react-dom.development.js:26473:7)
      at performConcurrentWorkOnRoot (node_modules/.pnpm/react-dom@18.3.1_react@18.3.1/node_modules/react-dom/cjs/react-dom.development.js:25777:74)
      at workLoop (node_modules/.pnpm/scheduler@0.23.2/node_modules/scheduler/cjs/scheduler.development.js:266:34)
      at flushWork (node_modules/.pnpm/scheduler@0.23.2/node_modules/scheduler/cjs/scheduler.development.js:239:14)
      at performWorkUntilDeadline (node_modules/.pnpm/scheduler@0.23.2/node_modules/scheduler/cjs/scheduler.development.js:533:21)
      at Timeout.task [as _onTimeout] (node_modules/.pnpm/jsdom@26.1.0/node_modules/jsdom/lib/jsdom/browser/Window.js:579:19)

    console.error
      Warning: React.jsx: type is invalid -- expected a string (for built-in components) or a class/function (for composite components) but got: undefined. You likely forgot to export your component from the file it's defined in, or you might have mixed up default and named imports.
      
      Check the render method of `AnalyticsDashboard`.
          at className (/Users/invoture/dev.local/hey-peter/src/components/admin/dashboard/AnalyticsDashboard.tsx:48:38)

      140 |           </Badge>
      141 |           <Button onClick={handleRefresh} variant="outline" size="sm">
    > 142 |             <Refresh className="h-4 w-4 mr-2" />
          |             ^
      143 |             Refresh
      144 |           </Button>
      145 |           <Button onClick={handleExportData} variant="outline" size="sm">

      at printWarning (node_modules/.pnpm/react@18.3.1/node_modules/react/cjs/react-jsx-runtime.development.js:87:30)
      at error (node_modules/.pnpm/react@18.3.1/node_modules/react/cjs/react-jsx-runtime.development.js:61:7)
      at jsxWithValidation (node_modules/.pnpm/react@18.3.1/node_modules/react/cjs/react-jsx-runtime.development.js:1245:7)
      at jsxWithValidationDynamic (node_modules/.pnpm/react@18.3.1/node_modules/react/cjs/react-jsx-runtime.development.js:1320:12)
      at AnalyticsDashboard (src/components/admin/dashboard/AnalyticsDashboard.tsx:142:13)
      at renderWithHooks (node_modules/.pnpm/react-dom@18.3.1_react@18.3.1/node_modules/react-dom/cjs/react-dom.development.js:15486:18)
      at updateFunctionComponent (node_modules/.pnpm/react-dom@18.3.1_react@18.3.1/node_modules/react-dom/cjs/react-dom.development.js:19617:20)
      at beginWork (node_modules/.pnpm/react-dom@18.3.1_react@18.3.1/node_modules/react-dom/cjs/react-dom.development.js:21640:16)
      at beginWork$1 (node_modules/.pnpm/react-dom@18.3.1_react@18.3.1/node_modules/react-dom/cjs/react-dom.development.js:27465:14)
      at performUnitOfWork (node_modules/.pnpm/react-dom@18.3.1_react@18.3.1/node_modules/react-dom/cjs/react-dom.development.js:26599:12)
      at workLoopSync (node_modules/.pnpm/react-dom@18.3.1_react@18.3.1/node_modules/react-dom/cjs/react-dom.development.js:26505:5)
      at renderRootSync (node_modules/.pnpm/react-dom@18.3.1_react@18.3.1/node_modules/react-dom/cjs/react-dom.development.js:26473:7)
      at recoverFromConcurrentError (node_modules/.pnpm/react-dom@18.3.1_react@18.3.1/node_modules/react-dom/cjs/react-dom.development.js:25889:20)
      at performConcurrentWorkOnRoot (node_modules/.pnpm/react-dom@18.3.1_react@18.3.1/node_modules/react-dom/cjs/react-dom.development.js:25789:22)
      at workLoop (node_modules/.pnpm/scheduler@0.23.2/node_modules/scheduler/cjs/scheduler.development.js:266:34)
      at flushWork (node_modules/.pnpm/scheduler@0.23.2/node_modules/scheduler/cjs/scheduler.development.js:239:14)
      at performWorkUntilDeadline (node_modules/.pnpm/scheduler@0.23.2/node_modules/scheduler/cjs/scheduler.development.js:533:21)
      at Timeout.task [as _onTimeout] (node_modules/.pnpm/jsdom@26.1.0/node_modules/jsdom/lib/jsdom/browser/Window.js:579:19)

    console.error
      [Error: Uncaught [Error: Element type is invalid: expected a string (for built-in components) or a class/function (for composite components) but got: undefined. You likely forgot to export your component from the file it's defined in, or you might have mixed up default and named imports.
      
      Check the render method of `AnalyticsDashboard`.]] {
        detail: Error: Element type is invalid: expected a string (for built-in components) or a class/function (for composite components) but got: undefined. You likely forgot to export your component from the file it's defined in, or you might have mixed up default and named imports.
        
        Check the render method of `AnalyticsDashboard`.
            at createFiberFromTypeAndProps (/Users/invoture/dev.local/hey-peter/node_modules/.pnpm/react-dom@18.3.1_react@18.3.1/node_modules/react-dom/cjs/react-dom.development.js:28478:17)
            at createFiberFromElement (/Users/invoture/dev.local/hey-peter/node_modules/.pnpm/react-dom@18.3.1_react@18.3.1/node_modules/react-dom/cjs/react-dom.development.js:28504:15)
            at createChild (/Users/invoture/dev.local/hey-peter/node_modules/.pnpm/react-dom@18.3.1_react@18.3.1/node_modules/react-dom/cjs/react-dom.development.js:13345:28)
            at reconcileChildrenArray (/Users/invoture/dev.local/hey-peter/node_modules/.pnpm/react-dom@18.3.1_react@18.3.1/node_modules/react-dom/cjs/react-dom.development.js:13640:25)
            at reconcileChildFibers (/Users/invoture/dev.local/hey-peter/node_modules/.pnpm/react-dom@18.3.1_react@18.3.1/node_modules/react-dom/cjs/react-dom.development.js:14057:16)
            at reconcileChildren (/Users/invoture/dev.local/hey-peter/node_modules/.pnpm/react-dom@18.3.1_react@18.3.1/node_modules/react-dom/cjs/react-dom.development.js:19186:28)
            at updateHostComponent (/Users/invoture/dev.local/hey-peter/node_modules/.pnpm/react-dom@18.3.1_react@18.3.1/node_modules/react-dom/cjs/react-dom.development.js:19953:3)
            at beginWork (/Users/invoture/dev.local/hey-peter/node_modules/.pnpm/react-dom@18.3.1_react@18.3.1/node_modules/react-dom/cjs/react-dom.development.js:21657:14)
            at HTMLUnknownElement.callCallback (/Users/invoture/dev.local/hey-peter/node_modules/.pnpm/react-dom@18.3.1_react@18.3.1/node_modules/react-dom/cjs/react-dom.development.js:4164:14)
            at HTMLUnknownElement.callTheUserObjectsOperation (/Users/invoture/dev.local/hey-peter/node_modules/.pnpm/jsdom@26.1.0/node_modules/jsdom/lib/jsdom/living/generated/EventListener.js:26:30)
            at innerInvokeEventListeners (/Users/invoture/dev.local/hey-peter/node_modules/.pnpm/jsdom@26.1.0/node_modules/jsdom/lib/jsdom/living/events/EventTarget-impl.js:350:25)
            at invokeEventListeners (/Users/invoture/dev.local/hey-peter/node_modules/.pnpm/jsdom@26.1.0/node_modules/jsdom/lib/jsdom/living/events/EventTarget-impl.js:286:3)
            at HTMLUnknownElementImpl._dispatch (/Users/invoture/dev.local/hey-peter/node_modules/.pnpm/jsdom@26.1.0/node_modules/jsdom/lib/jsdom/living/events/EventTarget-impl.js:233:9)
            at HTMLUnknownElementImpl.dispatchEvent (/Users/invoture/dev.local/hey-peter/node_modules/.pnpm/jsdom@26.1.0/node_modules/jsdom/lib/jsdom/living/events/EventTarget-impl.js:104:17)
            at HTMLUnknownElement.dispatchEvent (/Users/invoture/dev.local/hey-peter/node_modules/.pnpm/jsdom@26.1.0/node_modules/jsdom/lib/jsdom/living/generated/EventTarget.js:241:34)
            at Object.invokeGuardedCallbackDev (/Users/invoture/dev.local/hey-peter/node_modules/.pnpm/react-dom@18.3.1_react@18.3.1/node_modules/react-dom/cjs/react-dom.development.js:4213:16)
            at invokeGuardedCallback (/Users/invoture/dev.local/hey-peter/node_modules/.pnpm/react-dom@18.3.1_react@18.3.1/node_modules/react-dom/cjs/react-dom.development.js:4277:31)
            at beginWork$1 (/Users/invoture/dev.local/hey-peter/node_modules/.pnpm/react-dom@18.3.1_react@18.3.1/node_modules/react-dom/cjs/react-dom.development.js:27490:7)
            at performUnitOfWork (/Users/invoture/dev.local/hey-peter/node_modules/.pnpm/react-dom@18.3.1_react@18.3.1/node_modules/react-dom/cjs/react-dom.development.js:26599:12)
            at workLoopSync (/Users/invoture/dev.local/hey-peter/node_modules/.pnpm/react-dom@18.3.1_react@18.3.1/node_modules/react-dom/cjs/react-dom.development.js:26505:5)
            at renderRootSync (/Users/invoture/dev.local/hey-peter/node_modules/.pnpm/react-dom@18.3.1_react@18.3.1/node_modules/react-dom/cjs/react-dom.development.js:26473:7)
            at recoverFromConcurrentError (/Users/invoture/dev.local/hey-peter/node_modules/.pnpm/react-dom@18.3.1_react@18.3.1/node_modules/react-dom/cjs/react-dom.development.js:25889:20)
            at performConcurrentWorkOnRoot (/Users/invoture/dev.local/hey-peter/node_modules/.pnpm/react-dom@18.3.1_react@18.3.1/node_modules/react-dom/cjs/react-dom.development.js:25789:22)
            at workLoop (/Users/invoture/dev.local/hey-peter/node_modules/.pnpm/scheduler@0.23.2/node_modules/scheduler/cjs/scheduler.development.js:266:34)
            at flushWork (/Users/invoture/dev.local/hey-peter/node_modules/.pnpm/scheduler@0.23.2/node_modules/scheduler/cjs/scheduler.development.js:239:14)
            at performWorkUntilDeadline (/Users/invoture/dev.local/hey-peter/node_modules/.pnpm/scheduler@0.23.2/node_modules/scheduler/cjs/scheduler.development.js:533:21)
            at Timeout.task [as _onTimeout] (/Users/invoture/dev.local/hey-peter/node_modules/.pnpm/jsdom@26.1.0/node_modules/jsdom/lib/jsdom/browser/Window.js:579:19)
            at listOnTimeout (node:internal/timers:581:17)
            at processTimers (node:internal/timers:519:7),
        type: 'unhandled exception'
      }

      at VirtualConsole.<anonymous> (node_modules/.pnpm/@jest+environment-jsdom-abstract@30.0.4_jsdom@26.1.0/node_modules/@jest/environment-jsdom-abstract/build/index.js:78:23)
      at reportException (node_modules/.pnpm/jsdom@26.1.0/node_modules/jsdom/lib/jsdom/living/helpers/runtime-script-errors.js:70:28)
      at innerInvokeEventListeners (node_modules/.pnpm/jsdom@26.1.0/node_modules/jsdom/lib/jsdom/living/events/EventTarget-impl.js:353:9)
      at invokeEventListeners (node_modules/.pnpm/jsdom@26.1.0/node_modules/jsdom/lib/jsdom/living/events/EventTarget-impl.js:286:3)
      at HTMLUnknownElementImpl._dispatch (node_modules/.pnpm/jsdom@26.1.0/node_modules/jsdom/lib/jsdom/living/events/EventTarget-impl.js:233:9)
      at HTMLUnknownElementImpl.dispatchEvent (node_modules/.pnpm/jsdom@26.1.0/node_modules/jsdom/lib/jsdom/living/events/EventTarget-impl.js:104:17)
      at HTMLUnknownElement.dispatchEvent (node_modules/.pnpm/jsdom@26.1.0/node_modules/jsdom/lib/jsdom/living/generated/EventTarget.js:241:34)
      at Object.invokeGuardedCallbackDev (node_modules/.pnpm/react-dom@18.3.1_react@18.3.1/node_modules/react-dom/cjs/react-dom.development.js:4213:16)
      at invokeGuardedCallback (node_modules/.pnpm/react-dom@18.3.1_react@18.3.1/node_modules/react-dom/cjs/react-dom.development.js:4277:31)
      at beginWork$1 (node_modules/.pnpm/react-dom@18.3.1_react@18.3.1/node_modules/react-dom/cjs/react-dom.development.js:27490:7)
      at performUnitOfWork (node_modules/.pnpm/react-dom@18.3.1_react@18.3.1/node_modules/react-dom/cjs/react-dom.development.js:26599:12)
      at workLoopSync (node_modules/.pnpm/react-dom@18.3.1_react@18.3.1/node_modules/react-dom/cjs/react-dom.development.js:26505:5)
      at renderRootSync (node_modules/.pnpm/react-dom@18.3.1_react@18.3.1/node_modules/react-dom/cjs/react-dom.development.js:26473:7)
      at recoverFromConcurrentError (node_modules/.pnpm/react-dom@18.3.1_react@18.3.1/node_modules/react-dom/cjs/react-dom.development.js:25889:20)
      at performConcurrentWorkOnRoot (node_modules/.pnpm/react-dom@18.3.1_react@18.3.1/node_modules/react-dom/cjs/react-dom.development.js:25789:22)
      at workLoop (node_modules/.pnpm/scheduler@0.23.2/node_modules/scheduler/cjs/scheduler.development.js:266:34)
      at flushWork (node_modules/.pnpm/scheduler@0.23.2/node_modules/scheduler/cjs/scheduler.development.js:239:14)
      at performWorkUntilDeadline (node_modules/.pnpm/scheduler@0.23.2/node_modules/scheduler/cjs/scheduler.development.js:533:21)
      at Timeout.task [as _onTimeout] (node_modules/.pnpm/jsdom@26.1.0/node_modules/jsdom/lib/jsdom/browser/Window.js:579:19)

    console.error
      The above error occurred in the <button> component:
      
          at button
          at className (/Users/invoture/dev.local/hey-peter/src/components/ui/button.tsx:44:6)
          at div
          at div
          at div
          at className (/Users/invoture/dev.local/hey-peter/src/components/admin/dashboard/AnalyticsDashboard.tsx:48:38)
      
      Consider adding an error boundary to your tree to customize error handling behavior.
      Visit https://reactjs.org/link/error-boundaries to learn more about error boundaries.

      at logCapturedError (node_modules/.pnpm/react-dom@18.3.1_react@18.3.1/node_modules/react-dom/cjs/react-dom.development.js:18704:23)
      at update.callback (node_modules/.pnpm/react-dom@18.3.1_react@18.3.1/node_modules/react-dom/cjs/react-dom.development.js:18737:5)
      at callCallback (node_modules/.pnpm/react-dom@18.3.1_react@18.3.1/node_modules/react-dom/cjs/react-dom.development.js:15036:12)
      at commitUpdateQueue (node_modules/.pnpm/react-dom@18.3.1_react@18.3.1/node_modules/react-dom/cjs/react-dom.development.js:15057:9)
      at commitLayoutEffectOnFiber (node_modules/.pnpm/react-dom@18.3.1_react@18.3.1/node_modules/react-dom/cjs/react-dom.development.js:23430:13)
      at commitLayoutMountEffects_complete (node_modules/.pnpm/react-dom@18.3.1_react@18.3.1/node_modules/react-dom/cjs/react-dom.development.js:24727:9)
      at commitLayoutEffects_begin (node_modules/.pnpm/react-dom@18.3.1_react@18.3.1/node_modules/react-dom/cjs/react-dom.development.js:24713:7)
      at commitLayoutEffects (node_modules/.pnpm/react-dom@18.3.1_react@18.3.1/node_modules/react-dom/cjs/react-dom.development.js:24651:3)
      at commitRootImpl (node_modules/.pnpm/react-dom@18.3.1_react@18.3.1/node_modules/react-dom/cjs/react-dom.development.js:26862:5)
      at commitRoot (node_modules/.pnpm/react-dom@18.3.1_react@18.3.1/node_modules/react-dom/cjs/react-dom.development.js:26721:5)
      at finishConcurrentRender (node_modules/.pnpm/react-dom@18.3.1_react@18.3.1/node_modules/react-dom/cjs/react-dom.development.js:25931:9)
      at performConcurrentWorkOnRoot (node_modules/.pnpm/react-dom@18.3.1_react@18.3.1/node_modules/react-dom/cjs/react-dom.development.js:25848:7)
      at workLoop (node_modules/.pnpm/scheduler@0.23.2/node_modules/scheduler/cjs/scheduler.development.js:266:34)
      at flushWork (node_modules/.pnpm/scheduler@0.23.2/node_modules/scheduler/cjs/scheduler.development.js:239:14)
      at performWorkUntilDeadline (node_modules/.pnpm/scheduler@0.23.2/node_modules/scheduler/cjs/scheduler.development.js:533:21)
      at Timeout.task [as _onTimeout] (node_modules/.pnpm/jsdom@26.1.0/node_modules/jsdom/lib/jsdom/browser/Window.js:579:19)

    console.error
      [Error: Uncaught [Error: Element type is invalid: expected a string (for built-in components) or a class/function (for composite components) but got: undefined. You likely forgot to export your component from the file it's defined in, or you might have mixed up default and named imports.
      
      Check the render method of `AnalyticsDashboard`.]] {
        detail: Error: Element type is invalid: expected a string (for built-in components) or a class/function (for composite components) but got: undefined. You likely forgot to export your component from the file it's defined in, or you might have mixed up default and named imports.
        
        Check the render method of `AnalyticsDashboard`.
            at createFiberFromTypeAndProps (/Users/invoture/dev.local/hey-peter/node_modules/.pnpm/react-dom@18.3.1_react@18.3.1/node_modules/react-dom/cjs/react-dom.development.js:28478:17)
            at createFiberFromElement (/Users/invoture/dev.local/hey-peter/node_modules/.pnpm/react-dom@18.3.1_react@18.3.1/node_modules/react-dom/cjs/react-dom.development.js:28504:15)
            at createChild (/Users/invoture/dev.local/hey-peter/node_modules/.pnpm/react-dom@18.3.1_react@18.3.1/node_modules/react-dom/cjs/react-dom.development.js:13345:28)
            at reconcileChildrenArray (/Users/invoture/dev.local/hey-peter/node_modules/.pnpm/react-dom@18.3.1_react@18.3.1/node_modules/react-dom/cjs/react-dom.development.js:13640:25)
            at reconcileChildFibers (/Users/invoture/dev.local/hey-peter/node_modules/.pnpm/react-dom@18.3.1_react@18.3.1/node_modules/react-dom/cjs/react-dom.development.js:14057:16)
            at reconcileChildren (/Users/invoture/dev.local/hey-peter/node_modules/.pnpm/react-dom@18.3.1_react@18.3.1/node_modules/react-dom/cjs/react-dom.development.js:19186:28)
            at updateHostComponent (/Users/invoture/dev.local/hey-peter/node_modules/.pnpm/react-dom@18.3.1_react@18.3.1/node_modules/react-dom/cjs/react-dom.development.js:19953:3)
            at beginWork (/Users/invoture/dev.local/hey-peter/node_modules/.pnpm/react-dom@18.3.1_react@18.3.1/node_modules/react-dom/cjs/react-dom.development.js:21657:14)
            at beginWork$1 (/Users/invoture/dev.local/hey-peter/node_modules/.pnpm/react-dom@18.3.1_react@18.3.1/node_modules/react-dom/cjs/react-dom.development.js:27465:14)
            at performUnitOfWork (/Users/invoture/dev.local/hey-peter/node_modules/.pnpm/react-dom@18.3.1_react@18.3.1/node_modules/react-dom/cjs/react-dom.development.js:26599:12)
            at workLoopSync (/Users/invoture/dev.local/hey-peter/node_modules/.pnpm/react-dom@18.3.1_react@18.3.1/node_modules/react-dom/cjs/react-dom.development.js:26505:5)
            at renderRootSync (/Users/invoture/dev.local/hey-peter/node_modules/.pnpm/react-dom@18.3.1_react@18.3.1/node_modules/react-dom/cjs/react-dom.development.js:26473:7)
            at recoverFromConcurrentError (/Users/invoture/dev.local/hey-peter/node_modules/.pnpm/react-dom@18.3.1_react@18.3.1/node_modules/react-dom/cjs/react-dom.development.js:25889:20)
            at performConcurrentWorkOnRoot (/Users/invoture/dev.local/hey-peter/node_modules/.pnpm/react-dom@18.3.1_react@18.3.1/node_modules/react-dom/cjs/react-dom.development.js:25789:22)
            at workLoop (/Users/invoture/dev.local/hey-peter/node_modules/.pnpm/scheduler@0.23.2/node_modules/scheduler/cjs/scheduler.development.js:266:34)
            at flushWork (/Users/invoture/dev.local/hey-peter/node_modules/.pnpm/scheduler@0.23.2/node_modules/scheduler/cjs/scheduler.development.js:239:14)
            at performWorkUntilDeadline (/Users/invoture/dev.local/hey-peter/node_modules/.pnpm/scheduler@0.23.2/node_modules/scheduler/cjs/scheduler.development.js:533:21)
            at Timeout.task [as _onTimeout] (/Users/invoture/dev.local/hey-peter/node_modules/.pnpm/jsdom@26.1.0/node_modules/jsdom/lib/jsdom/browser/Window.js:579:19)
            at listOnTimeout (node:internal/timers:581:17)
            at processTimers (node:internal/timers:519:7),
        type: 'unhandled exception'
      }

      at VirtualConsole.<anonymous> (node_modules/.pnpm/@jest+environment-jsdom-abstract@30.0.4_jsdom@26.1.0/node_modules/@jest/environment-jsdom-abstract/build/index.js:78:23)
      at reportException (node_modules/.pnpm/jsdom@26.1.0/node_modules/jsdom/lib/jsdom/living/helpers/runtime-script-errors.js:70:28)
      at Timeout.task [as _onTimeout] (node_modules/.pnpm/jsdom@26.1.0/node_modules/jsdom/lib/jsdom/browser/Window.js:584:9)

    console.error
      Warning: React.jsx: type is invalid -- expected a string (for built-in components) or a class/function (for composite components) but got: undefined. You likely forgot to export your component from the file it's defined in, or you might have mixed up default and named imports.
      
      Check the render method of `AnalyticsDashboard`.
          at className (/Users/invoture/dev.local/hey-peter/src/components/admin/dashboard/AnalyticsDashboard.tsx:48:38)

      140 |           </Badge>
      141 |           <Button onClick={handleRefresh} variant="outline" size="sm">
    > 142 |             <Refresh className="h-4 w-4 mr-2" />
          |             ^
      143 |             Refresh
      144 |           </Button>
      145 |           <Button onClick={handleExportData} variant="outline" size="sm">

      at printWarning (node_modules/.pnpm/react@18.3.1/node_modules/react/cjs/react-jsx-runtime.development.js:87:30)
      at error (node_modules/.pnpm/react@18.3.1/node_modules/react/cjs/react-jsx-runtime.development.js:61:7)
      at jsxWithValidation (node_modules/.pnpm/react@18.3.1/node_modules/react/cjs/react-jsx-runtime.development.js:1245:7)
      at jsxWithValidationDynamic (node_modules/.pnpm/react@18.3.1/node_modules/react/cjs/react-jsx-runtime.development.js:1320:12)
      at AnalyticsDashboard (src/components/admin/dashboard/AnalyticsDashboard.tsx:142:13)
      at renderWithHooks (node_modules/.pnpm/react-dom@18.3.1_react@18.3.1/node_modules/react-dom/cjs/react-dom.development.js:15486:18)
      at updateFunctionComponent (node_modules/.pnpm/react-dom@18.3.1_react@18.3.1/node_modules/react-dom/cjs/react-dom.development.js:19617:20)
      at beginWork (node_modules/.pnpm/react-dom@18.3.1_react@18.3.1/node_modules/react-dom/cjs/react-dom.development.js:21640:16)
      at beginWork$1 (node_modules/.pnpm/react-dom@18.3.1_react@18.3.1/node_modules/react-dom/cjs/react-dom.development.js:27465:14)
      at performUnitOfWork (node_modules/.pnpm/react-dom@18.3.1_react@18.3.1/node_modules/react-dom/cjs/react-dom.development.js:26599:12)
      at workLoopSync (node_modules/.pnpm/react-dom@18.3.1_react@18.3.1/node_modules/react-dom/cjs/react-dom.development.js:26505:5)
      at renderRootSync (node_modules/.pnpm/react-dom@18.3.1_react@18.3.1/node_modules/react-dom/cjs/react-dom.development.js:26473:7)
      at performConcurrentWorkOnRoot (node_modules/.pnpm/react-dom@18.3.1_react@18.3.1/node_modules/react-dom/cjs/react-dom.development.js:25777:74)
      at workLoop (node_modules/.pnpm/scheduler@0.23.2/node_modules/scheduler/cjs/scheduler.development.js:266:34)
      at flushWork (node_modules/.pnpm/scheduler@0.23.2/node_modules/scheduler/cjs/scheduler.development.js:239:14)
      at performWorkUntilDeadline (node_modules/.pnpm/scheduler@0.23.2/node_modules/scheduler/cjs/scheduler.development.js:533:21)
      at Timeout.task [as _onTimeout] (node_modules/.pnpm/jsdom@26.1.0/node_modules/jsdom/lib/jsdom/browser/Window.js:579:19)

    console.error
      [Error: Uncaught [Error: Element type is invalid: expected a string (for built-in components) or a class/function (for composite components) but got: undefined. You likely forgot to export your component from the file it's defined in, or you might have mixed up default and named imports.
      
      Check the render method of `AnalyticsDashboard`.]] {
        detail: Error: Element type is invalid: expected a string (for built-in components) or a class/function (for composite components) but got: undefined. You likely forgot to export your component from the file it's defined in, or you might have mixed up default and named imports.
        
        Check the render method of `AnalyticsDashboard`.
            at createFiberFromTypeAndProps (/Users/invoture/dev.local/hey-peter/node_modules/.pnpm/react-dom@18.3.1_react@18.3.1/node_modules/react-dom/cjs/react-dom.development.js:28478:17)
            at createFiberFromElement (/Users/invoture/dev.local/hey-peter/node_modules/.pnpm/react-dom@18.3.1_react@18.3.1/node_modules/react-dom/cjs/react-dom.development.js:28504:15)
            at createChild (/Users/invoture/dev.local/hey-peter/node_modules/.pnpm/react-dom@18.3.1_react@18.3.1/node_modules/react-dom/cjs/react-dom.development.js:13345:28)
            at reconcileChildrenArray (/Users/invoture/dev.local/hey-peter/node_modules/.pnpm/react-dom@18.3.1_react@18.3.1/node_modules/react-dom/cjs/react-dom.development.js:13640:25)
            at reconcileChildFibers (/Users/invoture/dev.local/hey-peter/node_modules/.pnpm/react-dom@18.3.1_react@18.3.1/node_modules/react-dom/cjs/react-dom.development.js:14057:16)
            at reconcileChildren (/Users/invoture/dev.local/hey-peter/node_modules/.pnpm/react-dom@18.3.1_react@18.3.1/node_modules/react-dom/cjs/react-dom.development.js:19186:28)
            at updateHostComponent (/Users/invoture/dev.local/hey-peter/node_modules/.pnpm/react-dom@18.3.1_react@18.3.1/node_modules/react-dom/cjs/react-dom.development.js:19953:3)
            at beginWork (/Users/invoture/dev.local/hey-peter/node_modules/.pnpm/react-dom@18.3.1_react@18.3.1/node_modules/react-dom/cjs/react-dom.development.js:21657:14)
            at HTMLUnknownElement.callCallback (/Users/invoture/dev.local/hey-peter/node_modules/.pnpm/react-dom@18.3.1_react@18.3.1/node_modules/react-dom/cjs/react-dom.development.js:4164:14)
            at HTMLUnknownElement.callTheUserObjectsOperation (/Users/invoture/dev.local/hey-peter/node_modules/.pnpm/jsdom@26.1.0/node_modules/jsdom/lib/jsdom/living/generated/EventListener.js:26:30)
            at innerInvokeEventListeners (/Users/invoture/dev.local/hey-peter/node_modules/.pnpm/jsdom@26.1.0/node_modules/jsdom/lib/jsdom/living/events/EventTarget-impl.js:350:25)
            at invokeEventListeners (/Users/invoture/dev.local/hey-peter/node_modules/.pnpm/jsdom@26.1.0/node_modules/jsdom/lib/jsdom/living/events/EventTarget-impl.js:286:3)
            at HTMLUnknownElementImpl._dispatch (/Users/invoture/dev.local/hey-peter/node_modules/.pnpm/jsdom@26.1.0/node_modules/jsdom/lib/jsdom/living/events/EventTarget-impl.js:233:9)
            at HTMLUnknownElementImpl.dispatchEvent (/Users/invoture/dev.local/hey-peter/node_modules/.pnpm/jsdom@26.1.0/node_modules/jsdom/lib/jsdom/living/events/EventTarget-impl.js:104:17)
            at HTMLUnknownElement.dispatchEvent (/Users/invoture/dev.local/hey-peter/node_modules/.pnpm/jsdom@26.1.0/node_modules/jsdom/lib/jsdom/living/generated/EventTarget.js:241:34)
            at Object.invokeGuardedCallbackDev (/Users/invoture/dev.local/hey-peter/node_modules/.pnpm/react-dom@18.3.1_react@18.3.1/node_modules/react-dom/cjs/react-dom.development.js:4213:16)
            at invokeGuardedCallback (/Users/invoture/dev.local/hey-peter/node_modules/.pnpm/react-dom@18.3.1_react@18.3.1/node_modules/react-dom/cjs/react-dom.development.js:4277:31)
            at beginWork$1 (/Users/invoture/dev.local/hey-peter/node_modules/.pnpm/react-dom@18.3.1_react@18.3.1/node_modules/react-dom/cjs/react-dom.development.js:27490:7)
            at performUnitOfWork (/Users/invoture/dev.local/hey-peter/node_modules/.pnpm/react-dom@18.3.1_react@18.3.1/node_modules/react-dom/cjs/react-dom.development.js:26599:12)
            at workLoopSync (/Users/invoture/dev.local/hey-peter/node_modules/.pnpm/react-dom@18.3.1_react@18.3.1/node_modules/react-dom/cjs/react-dom.development.js:26505:5)
            at renderRootSync (/Users/invoture/dev.local/hey-peter/node_modules/.pnpm/react-dom@18.3.1_react@18.3.1/node_modules/react-dom/cjs/react-dom.development.js:26473:7)
            at performConcurrentWorkOnRoot (/Users/invoture/dev.local/hey-peter/node_modules/.pnpm/react-dom@18.3.1_react@18.3.1/node_modules/react-dom/cjs/react-dom.development.js:25777:74)
            at workLoop (/Users/invoture/dev.local/hey-peter/node_modules/.pnpm/scheduler@0.23.2/node_modules/scheduler/cjs/scheduler.development.js:266:34)
            at flushWork (/Users/invoture/dev.local/hey-peter/node_modules/.pnpm/scheduler@0.23.2/node_modules/scheduler/cjs/scheduler.development.js:239:14)
            at performWorkUntilDeadline (/Users/invoture/dev.local/hey-peter/node_modules/.pnpm/scheduler@0.23.2/node_modules/scheduler/cjs/scheduler.development.js:533:21)
            at Timeout.task [as _onTimeout] (/Users/invoture/dev.local/hey-peter/node_modules/.pnpm/jsdom@26.1.0/node_modules/jsdom/lib/jsdom/browser/Window.js:579:19)
            at listOnTimeout (node:internal/timers:581:17)
            at processTimers (node:internal/timers:519:7),
        type: 'unhandled exception'
      }

      at VirtualConsole.<anonymous> (node_modules/.pnpm/@jest+environment-jsdom-abstract@30.0.4_jsdom@26.1.0/node_modules/@jest/environment-jsdom-abstract/build/index.js:78:23)
      at reportException (node_modules/.pnpm/jsdom@26.1.0/node_modules/jsdom/lib/jsdom/living/helpers/runtime-script-errors.js:70:28)
      at innerInvokeEventListeners (node_modules/.pnpm/jsdom@26.1.0/node_modules/jsdom/lib/jsdom/living/events/EventTarget-impl.js:353:9)
      at invokeEventListeners (node_modules/.pnpm/jsdom@26.1.0/node_modules/jsdom/lib/jsdom/living/events/EventTarget-impl.js:286:3)
      at HTMLUnknownElementImpl._dispatch (node_modules/.pnpm/jsdom@26.1.0/node_modules/jsdom/lib/jsdom/living/events/EventTarget-impl.js:233:9)
      at HTMLUnknownElementImpl.dispatchEvent (node_modules/.pnpm/jsdom@26.1.0/node_modules/jsdom/lib/jsdom/living/events/EventTarget-impl.js:104:17)
      at HTMLUnknownElement.dispatchEvent (node_modules/.pnpm/jsdom@26.1.0/node_modules/jsdom/lib/jsdom/living/generated/EventTarget.js:241:34)
      at Object.invokeGuardedCallbackDev (node_modules/.pnpm/react-dom@18.3.1_react@18.3.1/node_modules/react-dom/cjs/react-dom.development.js:4213:16)
      at invokeGuardedCallback (node_modules/.pnpm/react-dom@18.3.1_react@18.3.1/node_modules/react-dom/cjs/react-dom.development.js:4277:31)
      at beginWork$1 (node_modules/.pnpm/react-dom@18.3.1_react@18.3.1/node_modules/react-dom/cjs/react-dom.development.js:27490:7)
      at performUnitOfWork (node_modules/.pnpm/react-dom@18.3.1_react@18.3.1/node_modules/react-dom/cjs/react-dom.development.js:26599:12)
      at workLoopSync (node_modules/.pnpm/react-dom@18.3.1_react@18.3.1/node_modules/react-dom/cjs/react-dom.development.js:26505:5)
      at renderRootSync (node_modules/.pnpm/react-dom@18.3.1_react@18.3.1/node_modules/react-dom/cjs/react-dom.development.js:26473:7)
      at performConcurrentWorkOnRoot (node_modules/.pnpm/react-dom@18.3.1_react@18.3.1/node_modules/react-dom/cjs/react-dom.development.js:25777:74)
      at workLoop (node_modules/.pnpm/scheduler@0.23.2/node_modules/scheduler/cjs/scheduler.development.js:266:34)
      at flushWork (node_modules/.pnpm/scheduler@0.23.2/node_modules/scheduler/cjs/scheduler.development.js:239:14)
      at performWorkUntilDeadline (node_modules/.pnpm/scheduler@0.23.2/node_modules/scheduler/cjs/scheduler.development.js:533:21)
      at Timeout.task [as _onTimeout] (node_modules/.pnpm/jsdom@26.1.0/node_modules/jsdom/lib/jsdom/browser/Window.js:579:19)

    console.error
      Warning: React.jsx: type is invalid -- expected a string (for built-in components) or a class/function (for composite components) but got: undefined. You likely forgot to export your component from the file it's defined in, or you might have mixed up default and named imports.
      
      Check the render method of `AnalyticsDashboard`.
          at className (/Users/invoture/dev.local/hey-peter/src/components/admin/dashboard/AnalyticsDashboard.tsx:48:38)

      140 |           </Badge>
      141 |           <Button onClick={handleRefresh} variant="outline" size="sm">
    > 142 |             <Refresh className="h-4 w-4 mr-2" />
          |             ^
      143 |             Refresh
      144 |           </Button>
      145 |           <Button onClick={handleExportData} variant="outline" size="sm">

      at printWarning (node_modules/.pnpm/react@18.3.1/node_modules/react/cjs/react-jsx-runtime.development.js:87:30)
      at error (node_modules/.pnpm/react@18.3.1/node_modules/react/cjs/react-jsx-runtime.development.js:61:7)
      at jsxWithValidation (node_modules/.pnpm/react@18.3.1/node_modules/react/cjs/react-jsx-runtime.development.js:1245:7)
      at jsxWithValidationDynamic (node_modules/.pnpm/react@18.3.1/node_modules/react/cjs/react-jsx-runtime.development.js:1320:12)
      at AnalyticsDashboard (src/components/admin/dashboard/AnalyticsDashboard.tsx:142:13)
      at renderWithHooks (node_modules/.pnpm/react-dom@18.3.1_react@18.3.1/node_modules/react-dom/cjs/react-dom.development.js:15486:18)
      at updateFunctionComponent (node_modules/.pnpm/react-dom@18.3.1_react@18.3.1/node_modules/react-dom/cjs/react-dom.development.js:19617:20)
      at beginWork (node_modules/.pnpm/react-dom@18.3.1_react@18.3.1/node_modules/react-dom/cjs/react-dom.development.js:21640:16)
      at beginWork$1 (node_modules/.pnpm/react-dom@18.3.1_react@18.3.1/node_modules/react-dom/cjs/react-dom.development.js:27465:14)
      at performUnitOfWork (node_modules/.pnpm/react-dom@18.3.1_react@18.3.1/node_modules/react-dom/cjs/react-dom.development.js:26599:12)
      at workLoopSync (node_modules/.pnpm/react-dom@18.3.1_react@18.3.1/node_modules/react-dom/cjs/react-dom.development.js:26505:5)
      at renderRootSync (node_modules/.pnpm/react-dom@18.3.1_react@18.3.1/node_modules/react-dom/cjs/react-dom.development.js:26473:7)
      at recoverFromConcurrentError (node_modules/.pnpm/react-dom@18.3.1_react@18.3.1/node_modules/react-dom/cjs/react-dom.development.js:25889:20)
      at performConcurrentWorkOnRoot (node_modules/.pnpm/react-dom@18.3.1_react@18.3.1/node_modules/react-dom/cjs/react-dom.development.js:25789:22)
      at workLoop (node_modules/.pnpm/scheduler@0.23.2/node_modules/scheduler/cjs/scheduler.development.js:266:34)
      at flushWork (node_modules/.pnpm/scheduler@0.23.2/node_modules/scheduler/cjs/scheduler.development.js:239:14)
      at performWorkUntilDeadline (node_modules/.pnpm/scheduler@0.23.2/node_modules/scheduler/cjs/scheduler.development.js:533:21)
      at Timeout.task [as _onTimeout] (node_modules/.pnpm/jsdom@26.1.0/node_modules/jsdom/lib/jsdom/browser/Window.js:579:19)

    console.error
      [Error: Uncaught [Error: Element type is invalid: expected a string (for built-in components) or a class/function (for composite components) but got: undefined. You likely forgot to export your component from the file it's defined in, or you might have mixed up default and named imports.
      
      Check the render method of `AnalyticsDashboard`.]] {
        detail: Error: Element type is invalid: expected a string (for built-in components) or a class/function (for composite components) but got: undefined. You likely forgot to export your component from the file it's defined in, or you might have mixed up default and named imports.
        
        Check the render method of `AnalyticsDashboard`.
            at createFiberFromTypeAndProps (/Users/invoture/dev.local/hey-peter/node_modules/.pnpm/react-dom@18.3.1_react@18.3.1/node_modules/react-dom/cjs/react-dom.development.js:28478:17)
            at createFiberFromElement (/Users/invoture/dev.local/hey-peter/node_modules/.pnpm/react-dom@18.3.1_react@18.3.1/node_modules/react-dom/cjs/react-dom.development.js:28504:15)
            at createChild (/Users/invoture/dev.local/hey-peter/node_modules/.pnpm/react-dom@18.3.1_react@18.3.1/node_modules/react-dom/cjs/react-dom.development.js:13345:28)
            at reconcileChildrenArray (/Users/invoture/dev.local/hey-peter/node_modules/.pnpm/react-dom@18.3.1_react@18.3.1/node_modules/react-dom/cjs/react-dom.development.js:13640:25)
            at reconcileChildFibers (/Users/invoture/dev.local/hey-peter/node_modules/.pnpm/react-dom@18.3.1_react@18.3.1/node_modules/react-dom/cjs/react-dom.development.js:14057:16)
            at reconcileChildren (/Users/invoture/dev.local/hey-peter/node_modules/.pnpm/react-dom@18.3.1_react@18.3.1/node_modules/react-dom/cjs/react-dom.development.js:19186:28)
            at updateHostComponent (/Users/invoture/dev.local/hey-peter/node_modules/.pnpm/react-dom@18.3.1_react@18.3.1/node_modules/react-dom/cjs/react-dom.development.js:19953:3)
            at beginWork (/Users/invoture/dev.local/hey-peter/node_modules/.pnpm/react-dom@18.3.1_react@18.3.1/node_modules/react-dom/cjs/react-dom.development.js:21657:14)
            at HTMLUnknownElement.callCallback (/Users/invoture/dev.local/hey-peter/node_modules/.pnpm/react-dom@18.3.1_react@18.3.1/node_modules/react-dom/cjs/react-dom.development.js:4164:14)
            at HTMLUnknownElement.callTheUserObjectsOperation (/Users/invoture/dev.local/hey-peter/node_modules/.pnpm/jsdom@26.1.0/node_modules/jsdom/lib/jsdom/living/generated/EventListener.js:26:30)
            at innerInvokeEventListeners (/Users/invoture/dev.local/hey-peter/node_modules/.pnpm/jsdom@26.1.0/node_modules/jsdom/lib/jsdom/living/events/EventTarget-impl.js:350:25)
            at invokeEventListeners (/Users/invoture/dev.local/hey-peter/node_modules/.pnpm/jsdom@26.1.0/node_modules/jsdom/lib/jsdom/living/events/EventTarget-impl.js:286:3)
            at HTMLUnknownElementImpl._dispatch (/Users/invoture/dev.local/hey-peter/node_modules/.pnpm/jsdom@26.1.0/node_modules/jsdom/lib/jsdom/living/events/EventTarget-impl.js:233:9)
            at HTMLUnknownElementImpl.dispatchEvent (/Users/invoture/dev.local/hey-peter/node_modules/.pnpm/jsdom@26.1.0/node_modules/jsdom/lib/jsdom/living/events/EventTarget-impl.js:104:17)
            at HTMLUnknownElement.dispatchEvent (/Users/invoture/dev.local/hey-peter/node_modules/.pnpm/jsdom@26.1.0/node_modules/jsdom/lib/jsdom/living/generated/EventTarget.js:241:34)
            at Object.invokeGuardedCallbackDev (/Users/invoture/dev.local/hey-peter/node_modules/.pnpm/react-dom@18.3.1_react@18.3.1/node_modules/react-dom/cjs/react-dom.development.js:4213:16)
            at invokeGuardedCallback (/Users/invoture/dev.local/hey-peter/node_modules/.pnpm/react-dom@18.3.1_react@18.3.1/node_modules/react-dom/cjs/react-dom.development.js:4277:31)
            at beginWork$1 (/Users/invoture/dev.local/hey-peter/node_modules/.pnpm/react-dom@18.3.1_react@18.3.1/node_modules/react-dom/cjs/react-dom.development.js:27490:7)
            at performUnitOfWork (/Users/invoture/dev.local/hey-peter/node_modules/.pnpm/react-dom@18.3.1_react@18.3.1/node_modules/react-dom/cjs/react-dom.development.js:26599:12)
            at workLoopSync (/Users/invoture/dev.local/hey-peter/node_modules/.pnpm/react-dom@18.3.1_react@18.3.1/node_modules/react-dom/cjs/react-dom.development.js:26505:5)
            at renderRootSync (/Users/invoture/dev.local/hey-peter/node_modules/.pnpm/react-dom@18.3.1_react@18.3.1/node_modules/react-dom/cjs/react-dom.development.js:26473:7)
            at recoverFromConcurrentError (/Users/invoture/dev.local/hey-peter/node_modules/.pnpm/react-dom@18.3.1_react@18.3.1/node_modules/react-dom/cjs/react-dom.development.js:25889:20)
            at performConcurrentWorkOnRoot (/Users/invoture/dev.local/hey-peter/node_modules/.pnpm/react-dom@18.3.1_react@18.3.1/node_modules/react-dom/cjs/react-dom.development.js:25789:22)
            at workLoop (/Users/invoture/dev.local/hey-peter/node_modules/.pnpm/scheduler@0.23.2/node_modules/scheduler/cjs/scheduler.development.js:266:34)
            at flushWork (/Users/invoture/dev.local/hey-peter/node_modules/.pnpm/scheduler@0.23.2/node_modules/scheduler/cjs/scheduler.development.js:239:14)
            at performWorkUntilDeadline (/Users/invoture/dev.local/hey-peter/node_modules/.pnpm/scheduler@0.23.2/node_modules/scheduler/cjs/scheduler.development.js:533:21)
            at Timeout.task [as _onTimeout] (/Users/invoture/dev.local/hey-peter/node_modules/.pnpm/jsdom@26.1.0/node_modules/jsdom/lib/jsdom/browser/Window.js:579:19)
            at listOnTimeout (node:internal/timers:581:17)
            at processTimers (node:internal/timers:519:7),
        type: 'unhandled exception'
      }

      at VirtualConsole.<anonymous> (node_modules/.pnpm/@jest+environment-jsdom-abstract@30.0.4_jsdom@26.1.0/node_modules/@jest/environment-jsdom-abstract/build/index.js:78:23)
      at reportException (node_modules/.pnpm/jsdom@26.1.0/node_modules/jsdom/lib/jsdom/living/helpers/runtime-script-errors.js:70:28)
      at innerInvokeEventListeners (node_modules/.pnpm/jsdom@26.1.0/node_modules/jsdom/lib/jsdom/living/events/EventTarget-impl.js:353:9)
      at invokeEventListeners (node_modules/.pnpm/jsdom@26.1.0/node_modules/jsdom/lib/jsdom/living/events/EventTarget-impl.js:286:3)
      at HTMLUnknownElementImpl._dispatch (node_modules/.pnpm/jsdom@26.1.0/node_modules/jsdom/lib/jsdom/living/events/EventTarget-impl.js:233:9)
      at HTMLUnknownElementImpl.dispatchEvent (node_modules/.pnpm/jsdom@26.1.0/node_modules/jsdom/lib/jsdom/living/events/EventTarget-impl.js:104:17)
      at HTMLUnknownElement.dispatchEvent (node_modules/.pnpm/jsdom@26.1.0/node_modules/jsdom/lib/jsdom/living/generated/EventTarget.js:241:34)
      at Object.invokeGuardedCallbackDev (node_modules/.pnpm/react-dom@18.3.1_react@18.3.1/node_modules/react-dom/cjs/react-dom.development.js:4213:16)
      at invokeGuardedCallback (node_modules/.pnpm/react-dom@18.3.1_react@18.3.1/node_modules/react-dom/cjs/react-dom.development.js:4277:31)
      at beginWork$1 (node_modules/.pnpm/react-dom@18.3.1_react@18.3.1/node_modules/react-dom/cjs/react-dom.development.js:27490:7)
      at performUnitOfWork (node_modules/.pnpm/react-dom@18.3.1_react@18.3.1/node_modules/react-dom/cjs/react-dom.development.js:26599:12)
      at workLoopSync (node_modules/.pnpm/react-dom@18.3.1_react@18.3.1/node_modules/react-dom/cjs/react-dom.development.js:26505:5)
      at renderRootSync (node_modules/.pnpm/react-dom@18.3.1_react@18.3.1/node_modules/react-dom/cjs/react-dom.development.js:26473:7)
      at recoverFromConcurrentError (node_modules/.pnpm/react-dom@18.3.1_react@18.3.1/node_modules/react-dom/cjs/react-dom.development.js:25889:20)
      at performConcurrentWorkOnRoot (node_modules/.pnpm/react-dom@18.3.1_react@18.3.1/node_modules/react-dom/cjs/react-dom.development.js:25789:22)
      at workLoop (node_modules/.pnpm/scheduler@0.23.2/node_modules/scheduler/cjs/scheduler.development.js:266:34)
      at flushWork (node_modules/.pnpm/scheduler@0.23.2/node_modules/scheduler/cjs/scheduler.development.js:239:14)
      at performWorkUntilDeadline (node_modules/.pnpm/scheduler@0.23.2/node_modules/scheduler/cjs/scheduler.development.js:533:21)
      at Timeout.task [as _onTimeout] (node_modules/.pnpm/jsdom@26.1.0/node_modules/jsdom/lib/jsdom/browser/Window.js:579:19)

    console.error
      The above error occurred in the <button> component:
      
          at button
          at className (/Users/invoture/dev.local/hey-peter/src/components/ui/button.tsx:44:6)
          at div
          at div
          at div
          at className (/Users/invoture/dev.local/hey-peter/src/components/admin/dashboard/AnalyticsDashboard.tsx:48:38)
      
      Consider adding an error boundary to your tree to customize error handling behavior.
      Visit https://reactjs.org/link/error-boundaries to learn more about error boundaries.

      at logCapturedError (node_modules/.pnpm/react-dom@18.3.1_react@18.3.1/node_modules/react-dom/cjs/react-dom.development.js:18704:23)
      at update.callback (node_modules/.pnpm/react-dom@18.3.1_react@18.3.1/node_modules/react-dom/cjs/react-dom.development.js:18737:5)
      at callCallback (node_modules/.pnpm/react-dom@18.3.1_react@18.3.1/node_modules/react-dom/cjs/react-dom.development.js:15036:12)
      at commitUpdateQueue (node_modules/.pnpm/react-dom@18.3.1_react@18.3.1/node_modules/react-dom/cjs/react-dom.development.js:15057:9)
      at commitLayoutEffectOnFiber (node_modules/.pnpm/react-dom@18.3.1_react@18.3.1/node_modules/react-dom/cjs/react-dom.development.js:23430:13)
      at commitLayoutMountEffects_complete (node_modules/.pnpm/react-dom@18.3.1_react@18.3.1/node_modules/react-dom/cjs/react-dom.development.js:24727:9)
      at commitLayoutEffects_begin (node_modules/.pnpm/react-dom@18.3.1_react@18.3.1/node_modules/react-dom/cjs/react-dom.development.js:24713:7)
      at commitLayoutEffects (node_modules/.pnpm/react-dom@18.3.1_react@18.3.1/node_modules/react-dom/cjs/react-dom.development.js:24651:3)
      at commitRootImpl (node_modules/.pnpm/react-dom@18.3.1_react@18.3.1/node_modules/react-dom/cjs/react-dom.development.js:26862:5)
      at commitRoot (node_modules/.pnpm/react-dom@18.3.1_react@18.3.1/node_modules/react-dom/cjs/react-dom.development.js:26721:5)
      at finishConcurrentRender (node_modules/.pnpm/react-dom@18.3.1_react@18.3.1/node_modules/react-dom/cjs/react-dom.development.js:25931:9)
      at performConcurrentWorkOnRoot (node_modules/.pnpm/react-dom@18.3.1_react@18.3.1/node_modules/react-dom/cjs/react-dom.development.js:25848:7)
      at workLoop (node_modules/.pnpm/scheduler@0.23.2/node_modules/scheduler/cjs/scheduler.development.js:266:34)
      at flushWork (node_modules/.pnpm/scheduler@0.23.2/node_modules/scheduler/cjs/scheduler.development.js:239:14)
      at performWorkUntilDeadline (node_modules/.pnpm/scheduler@0.23.2/node_modules/scheduler/cjs/scheduler.development.js:533:21)
      at Timeout.task [as _onTimeout] (node_modules/.pnpm/jsdom@26.1.0/node_modules/jsdom/lib/jsdom/browser/Window.js:579:19)

    console.error
      [Error: Uncaught [Error: Element type is invalid: expected a string (for built-in components) or a class/function (for composite components) but got: undefined. You likely forgot to export your component from the file it's defined in, or you might have mixed up default and named imports.
      
      Check the render method of `AnalyticsDashboard`.]] {
        detail: Error: Element type is invalid: expected a string (for built-in components) or a class/function (for composite components) but got: undefined. You likely forgot to export your component from the file it's defined in, or you might have mixed up default and named imports.
        
        Check the render method of `AnalyticsDashboard`.
            at createFiberFromTypeAndProps (/Users/invoture/dev.local/hey-peter/node_modules/.pnpm/react-dom@18.3.1_react@18.3.1/node_modules/react-dom/cjs/react-dom.development.js:28478:17)
            at createFiberFromElement (/Users/invoture/dev.local/hey-peter/node_modules/.pnpm/react-dom@18.3.1_react@18.3.1/node_modules/react-dom/cjs/react-dom.development.js:28504:15)
            at createChild (/Users/invoture/dev.local/hey-peter/node_modules/.pnpm/react-dom@18.3.1_react@18.3.1/node_modules/react-dom/cjs/react-dom.development.js:13345:28)
            at reconcileChildrenArray (/Users/invoture/dev.local/hey-peter/node_modules/.pnpm/react-dom@18.3.1_react@18.3.1/node_modules/react-dom/cjs/react-dom.development.js:13640:25)
            at reconcileChildFibers (/Users/invoture/dev.local/hey-peter/node_modules/.pnpm/react-dom@18.3.1_react@18.3.1/node_modules/react-dom/cjs/react-dom.development.js:14057:16)
            at reconcileChildren (/Users/invoture/dev.local/hey-peter/node_modules/.pnpm/react-dom@18.3.1_react@18.3.1/node_modules/react-dom/cjs/react-dom.development.js:19186:28)
            at updateHostComponent (/Users/invoture/dev.local/hey-peter/node_modules/.pnpm/react-dom@18.3.1_react@18.3.1/node_modules/react-dom/cjs/react-dom.development.js:19953:3)
            at beginWork (/Users/invoture/dev.local/hey-peter/node_modules/.pnpm/react-dom@18.3.1_react@18.3.1/node_modules/react-dom/cjs/react-dom.development.js:21657:14)
            at beginWork$1 (/Users/invoture/dev.local/hey-peter/node_modules/.pnpm/react-dom@18.3.1_react@18.3.1/node_modules/react-dom/cjs/react-dom.development.js:27465:14)
            at performUnitOfWork (/Users/invoture/dev.local/hey-peter/node_modules/.pnpm/react-dom@18.3.1_react@18.3.1/node_modules/react-dom/cjs/react-dom.development.js:26599:12)
            at workLoopSync (/Users/invoture/dev.local/hey-peter/node_modules/.pnpm/react-dom@18.3.1_react@18.3.1/node_modules/react-dom/cjs/react-dom.development.js:26505:5)
            at renderRootSync (/Users/invoture/dev.local/hey-peter/node_modules/.pnpm/react-dom@18.3.1_react@18.3.1/node_modules/react-dom/cjs/react-dom.development.js:26473:7)
            at recoverFromConcurrentError (/Users/invoture/dev.local/hey-peter/node_modules/.pnpm/react-dom@18.3.1_react@18.3.1/node_modules/react-dom/cjs/react-dom.development.js:25889:20)
            at performConcurrentWorkOnRoot (/Users/invoture/dev.local/hey-peter/node_modules/.pnpm/react-dom@18.3.1_react@18.3.1/node_modules/react-dom/cjs/react-dom.development.js:25789:22)
            at workLoop (/Users/invoture/dev.local/hey-peter/node_modules/.pnpm/scheduler@0.23.2/node_modules/scheduler/cjs/scheduler.development.js:266:34)
            at flushWork (/Users/invoture/dev.local/hey-peter/node_modules/.pnpm/scheduler@0.23.2/node_modules/scheduler/cjs/scheduler.development.js:239:14)
            at performWorkUntilDeadline (/Users/invoture/dev.local/hey-peter/node_modules/.pnpm/scheduler@0.23.2/node_modules/scheduler/cjs/scheduler.development.js:533:21)
            at Timeout.task [as _onTimeout] (/Users/invoture/dev.local/hey-peter/node_modules/.pnpm/jsdom@26.1.0/node_modules/jsdom/lib/jsdom/browser/Window.js:579:19)
            at listOnTimeout (node:internal/timers:581:17)
            at processTimers (node:internal/timers:519:7),
        type: 'unhandled exception'
      }

      at VirtualConsole.<anonymous> (node_modules/.pnpm/@jest+environment-jsdom-abstract@30.0.4_jsdom@26.1.0/node_modules/@jest/environment-jsdom-abstract/build/index.js:78:23)
      at reportException (node_modules/.pnpm/jsdom@26.1.0/node_modules/jsdom/lib/jsdom/living/helpers/runtime-script-errors.js:70:28)
      at Timeout.task [as _onTimeout] (node_modules/.pnpm/jsdom@26.1.0/node_modules/jsdom/lib/jsdom/browser/Window.js:584:9)

  ● AnalyticsDashboard › renders the analytics dashboard with main sections

    TestingLibraryElementError: Unable to find an element with the text: Analytics Dashboard. This could be because the text is broken up by multiple elements. In this case, you can provide a function for your text matcher to make your matcher more flexible.

    Ignored nodes: comments, script, style
    [36m<body>[39m
      [36m<div>[39m
        [36m<div[39m
          [33mclass[39m=[32m"flex items-center justify-center h-96"[39m
        [36m>[39m
          [36m<div[39m
            [33mclass[39m=[32m"text-center"[39m
          [36m>[39m
            [36m<div[39m
              [33mclass[39m=[32m"animate-spin rounded-full h-8 w-8 border-b-2 border-primary mx-auto"[39m
            [36m/>[39m
            [36m<p[39m
              [33mclass[39m=[32m"mt-2 text-sm text-muted-foreground"[39m
            [36m>[39m
              [0mLoading analytics...[0m
            [36m</p>[39m
          [36m</div>[39m
        [36m</div>[39m
      [36m</div>[39m
    [36m</body>[39m

      40 |
      41 |     // Check for main title
    > 42 |     expect(screen.getByText("Analytics Dashboard")).toBeInTheDocument();
         |                   ^
      43 |     expect(
      44 |       screen.getByText("Comprehensive insights into student progress, teacher performance, and system analytics")
      45 |     ).toBeInTheDocument();

      at Object.getElementError (node_modules/.pnpm/@testing-library+dom@10.4.0/node_modules/@testing-library/dom/dist/config.js:37:19)
      at node_modules/.pnpm/@testing-library+dom@10.4.0/node_modules/@testing-library/dom/dist/query-helpers.js:76:38
      at node_modules/.pnpm/@testing-library+dom@10.4.0/node_modules/@testing-library/dom/dist/query-helpers.js:52:17
      at node_modules/.pnpm/@testing-library+dom@10.4.0/node_modules/@testing-library/dom/dist/query-helpers.js:95:19
      at Object.getByText (src/components/admin/dashboard/__tests__/AnalyticsDashboard.test.tsx:42:19)

  ● AnalyticsDashboard › displays tabs for different analytics sections

    Element type is invalid: expected a string (for built-in components) or a class/function (for composite components) but got: undefined. You likely forgot to export your component from the file it's defined in, or you might have mixed up default and named imports.

    Check the render method of `AnalyticsDashboard`.

      at createFiberFromTypeAndProps (node_modules/.pnpm/react-dom@18.3.1_react@18.3.1/node_modules/react-dom/cjs/react-dom.development.js:28478:17)
      at createFiberFromElement (node_modules/.pnpm/react-dom@18.3.1_react@18.3.1/node_modules/react-dom/cjs/react-dom.development.js:28504:15)
      at createChild (node_modules/.pnpm/react-dom@18.3.1_react@18.3.1/node_modules/react-dom/cjs/react-dom.development.js:13345:28)
      at reconcileChildrenArray (node_modules/.pnpm/react-dom@18.3.1_react@18.3.1/node_modules/react-dom/cjs/react-dom.development.js:13640:25)
      at reconcileChildFibers (node_modules/.pnpm/react-dom@18.3.1_react@18.3.1/node_modules/react-dom/cjs/react-dom.development.js:14057:16)
      at reconcileChildren (node_modules/.pnpm/react-dom@18.3.1_react@18.3.1/node_modules/react-dom/cjs/react-dom.development.js:19186:28)
      at updateHostComponent (node_modules/.pnpm/react-dom@18.3.1_react@18.3.1/node_modules/react-dom/cjs/react-dom.development.js:19953:3)
      at beginWork (node_modules/.pnpm/react-dom@18.3.1_react@18.3.1/node_modules/react-dom/cjs/react-dom.development.js:21657:14)
      at beginWork$1 (node_modules/.pnpm/react-dom@18.3.1_react@18.3.1/node_modules/react-dom/cjs/react-dom.development.js:27465:14)
      at performUnitOfWork (node_modules/.pnpm/react-dom@18.3.1_react@18.3.1/node_modules/react-dom/cjs/react-dom.development.js:26599:12)
      at workLoopSync (node_modules/.pnpm/react-dom@18.3.1_react@18.3.1/node_modules/react-dom/cjs/react-dom.development.js:26505:5)
      at renderRootSync (node_modules/.pnpm/react-dom@18.3.1_react@18.3.1/node_modules/react-dom/cjs/react-dom.development.js:26473:7)
      at recoverFromConcurrentError (node_modules/.pnpm/react-dom@18.3.1_react@18.3.1/node_modules/react-dom/cjs/react-dom.development.js:25889:20)
      at performConcurrentWorkOnRoot (node_modules/.pnpm/react-dom@18.3.1_react@18.3.1/node_modules/react-dom/cjs/react-dom.development.js:25789:22)
      at workLoop (node_modules/.pnpm/scheduler@0.23.2/node_modules/scheduler/cjs/scheduler.development.js:266:34)
      at flushWork (node_modules/.pnpm/scheduler@0.23.2/node_modules/scheduler/cjs/scheduler.development.js:239:14)
      at performWorkUntilDeadline (node_modules/.pnpm/scheduler@0.23.2/node_modules/scheduler/cjs/scheduler.development.js:533:21)
      at Timeout.task [as _onTimeout] (node_modules/.pnpm/jsdom@26.1.0/node_modules/jsdom/lib/jsdom/browser/Window.js:579:19)

  ● AnalyticsDashboard › displays tabs for different analytics sections

    TestingLibraryElementError: Unable to find an accessible element with the role "tab" and name "Overview"

    There are no accessible roles. But there might be some inaccessible roles. If you wish to access them, then set the `hidden` option to `true`. Learn more about this here: https://testing-library.com/docs/dom-testing-library/api-queries#byrole

    Ignored nodes: comments, script, style
    [36m<body>[39m
      [36m<div />[39m
    [36m</body>[39m

      70 |
      71 |     // Check for analytics tabs
    > 72 |     expect(screen.getByRole("tab", { name: "Overview" })).toBeInTheDocument();
         |                   ^
      73 |     expect(screen.getByRole("tab", { name: "Student Analytics" })).toBeInTheDocument();
      74 |     expect(screen.getByRole("tab", { name: "Teacher Analytics" })).toBeInTheDocument();
      75 |     expect(screen.getByRole("tab", { name: "System Analytics" })).toBeInTheDocument();

      at Object.getElementError (node_modules/.pnpm/@testing-library+dom@10.4.0/node_modules/@testing-library/dom/dist/config.js:37:19)
      at node_modules/.pnpm/@testing-library+dom@10.4.0/node_modules/@testing-library/dom/dist/query-helpers.js:76:38
      at node_modules/.pnpm/@testing-library+dom@10.4.0/node_modules/@testing-library/dom/dist/query-helpers.js:52:17
      at node_modules/.pnpm/@testing-library+dom@10.4.0/node_modules/@testing-library/dom/dist/query-helpers.js:95:19
      at Object.getByRole (src/components/admin/dashboard/__tests__/AnalyticsDashboard.test.tsx:72:19)

  ● AnalyticsDashboard › allows switching between different analytics tabs

    Element type is invalid: expected a string (for built-in components) or a class/function (for composite components) but got: undefined. You likely forgot to export your component from the file it's defined in, or you might have mixed up default and named imports.

    Check the render method of `AnalyticsDashboard`.

      at createFiberFromTypeAndProps (node_modules/.pnpm/react-dom@18.3.1_react@18.3.1/node_modules/react-dom/cjs/react-dom.development.js:28478:17)
      at createFiberFromElement (node_modules/.pnpm/react-dom@18.3.1_react@18.3.1/node_modules/react-dom/cjs/react-dom.development.js:28504:15)
      at createChild (node_modules/.pnpm/react-dom@18.3.1_react@18.3.1/node_modules/react-dom/cjs/react-dom.development.js:13345:28)
      at reconcileChildrenArray (node_modules/.pnpm/react-dom@18.3.1_react@18.3.1/node_modules/react-dom/cjs/react-dom.development.js:13640:25)
      at reconcileChildFibers (node_modules/.pnpm/react-dom@18.3.1_react@18.3.1/node_modules/react-dom/cjs/react-dom.development.js:14057:16)
      at reconcileChildren (node_modules/.pnpm/react-dom@18.3.1_react@18.3.1/node_modules/react-dom/cjs/react-dom.development.js:19186:28)
      at updateHostComponent (node_modules/.pnpm/react-dom@18.3.1_react@18.3.1/node_modules/react-dom/cjs/react-dom.development.js:19953:3)
      at beginWork (node_modules/.pnpm/react-dom@18.3.1_react@18.3.1/node_modules/react-dom/cjs/react-dom.development.js:21657:14)
      at beginWork$1 (node_modules/.pnpm/react-dom@18.3.1_react@18.3.1/node_modules/react-dom/cjs/react-dom.development.js:27465:14)
      at performUnitOfWork (node_modules/.pnpm/react-dom@18.3.1_react@18.3.1/node_modules/react-dom/cjs/react-dom.development.js:26599:12)
      at workLoopSync (node_modules/.pnpm/react-dom@18.3.1_react@18.3.1/node_modules/react-dom/cjs/react-dom.development.js:26505:5)
      at renderRootSync (node_modules/.pnpm/react-dom@18.3.1_react@18.3.1/node_modules/react-dom/cjs/react-dom.development.js:26473:7)
      at recoverFromConcurrentError (node_modules/.pnpm/react-dom@18.3.1_react@18.3.1/node_modules/react-dom/cjs/react-dom.development.js:25889:20)
      at performConcurrentWorkOnRoot (node_modules/.pnpm/react-dom@18.3.1_react@18.3.1/node_modules/react-dom/cjs/react-dom.development.js:25789:22)
      at workLoop (node_modules/.pnpm/scheduler@0.23.2/node_modules/scheduler/cjs/scheduler.development.js:266:34)
      at flushWork (node_modules/.pnpm/scheduler@0.23.2/node_modules/scheduler/cjs/scheduler.development.js:239:14)
      at performWorkUntilDeadline (node_modules/.pnpm/scheduler@0.23.2/node_modules/scheduler/cjs/scheduler.development.js:533:21)
      at Timeout.task [as _onTimeout] (node_modules/.pnpm/jsdom@26.1.0/node_modules/jsdom/lib/jsdom/browser/Window.js:579:19)

  ● AnalyticsDashboard › allows switching between different analytics tabs

    TestingLibraryElementError: Unable to find an accessible element with the role "tab" and name "Student Analytics"

    There are no accessible roles. But there might be some inaccessible roles. If you wish to access them, then set the `hidden` option to `true`. Learn more about this here: https://testing-library.com/docs/dom-testing-library/api-queries#byrole

    Ignored nodes: comments, script, style
    [36m<body>[39m
      [36m<div />[39m
    [36m</body>[39m

      85 |
      86 |     // Click on Student Analytics tab
    > 87 |     await user.click(screen.getByRole("tab", { name: "Student Analytics" }));
         |                             ^
      88 |     
      89 |     // Should show student analytics content
      90 |     await waitFor(() => {

      at Object.getElementError (node_modules/.pnpm/@testing-library+dom@10.4.0/node_modules/@testing-library/dom/dist/config.js:37:19)
      at node_modules/.pnpm/@testing-library+dom@10.4.0/node_modules/@testing-library/dom/dist/query-helpers.js:76:38
      at node_modules/.pnpm/@testing-library+dom@10.4.0/node_modules/@testing-library/dom/dist/query-helpers.js:52:17
      at node_modules/.pnpm/@testing-library+dom@10.4.0/node_modules/@testing-library/dom/dist/query-helpers.js:95:19
      at Object.getByRole (src/components/admin/dashboard/__tests__/AnalyticsDashboard.test.tsx:87:29)

  ● AnalyticsDashboard › handles refresh functionality

    Element type is invalid: expected a string (for built-in components) or a class/function (for composite components) but got: undefined. You likely forgot to export your component from the file it's defined in, or you might have mixed up default and named imports.

    Check the render method of `AnalyticsDashboard`.

      at createFiberFromTypeAndProps (node_modules/.pnpm/react-dom@18.3.1_react@18.3.1/node_modules/react-dom/cjs/react-dom.development.js:28478:17)
      at createFiberFromElement (node_modules/.pnpm/react-dom@18.3.1_react@18.3.1/node_modules/react-dom/cjs/react-dom.development.js:28504:15)
      at createChild (node_modules/.pnpm/react-dom@18.3.1_react@18.3.1/node_modules/react-dom/cjs/react-dom.development.js:13345:28)
      at reconcileChildrenArray (node_modules/.pnpm/react-dom@18.3.1_react@18.3.1/node_modules/react-dom/cjs/react-dom.development.js:13640:25)
      at reconcileChildFibers (node_modules/.pnpm/react-dom@18.3.1_react@18.3.1/node_modules/react-dom/cjs/react-dom.development.js:14057:16)
      at reconcileChildren (node_modules/.pnpm/react-dom@18.3.1_react@18.3.1/node_modules/react-dom/cjs/react-dom.development.js:19186:28)
      at updateHostComponent (node_modules/.pnpm/react-dom@18.3.1_react@18.3.1/node_modules/react-dom/cjs/react-dom.development.js:19953:3)
      at beginWork (node_modules/.pnpm/react-dom@18.3.1_react@18.3.1/node_modules/react-dom/cjs/react-dom.development.js:21657:14)
      at beginWork$1 (node_modules/.pnpm/react-dom@18.3.1_react@18.3.1/node_modules/react-dom/cjs/react-dom.development.js:27465:14)
      at performUnitOfWork (node_modules/.pnpm/react-dom@18.3.1_react@18.3.1/node_modules/react-dom/cjs/react-dom.development.js:26599:12)
      at workLoopSync (node_modules/.pnpm/react-dom@18.3.1_react@18.3.1/node_modules/react-dom/cjs/react-dom.development.js:26505:5)
      at renderRootSync (node_modules/.pnpm/react-dom@18.3.1_react@18.3.1/node_modules/react-dom/cjs/react-dom.development.js:26473:7)
      at recoverFromConcurrentError (node_modules/.pnpm/react-dom@18.3.1_react@18.3.1/node_modules/react-dom/cjs/react-dom.development.js:25889:20)
      at performConcurrentWorkOnRoot (node_modules/.pnpm/react-dom@18.3.1_react@18.3.1/node_modules/react-dom/cjs/react-dom.development.js:25789:22)
      at workLoop (node_modules/.pnpm/scheduler@0.23.2/node_modules/scheduler/cjs/scheduler.development.js:266:34)
      at flushWork (node_modules/.pnpm/scheduler@0.23.2/node_modules/scheduler/cjs/scheduler.development.js:239:14)
      at performWorkUntilDeadline (node_modules/.pnpm/scheduler@0.23.2/node_modules/scheduler/cjs/scheduler.development.js:533:21)
      at Timeout.task [as _onTimeout] (node_modules/.pnpm/jsdom@26.1.0/node_modules/jsdom/lib/jsdom/browser/Window.js:579:19)

  ● AnalyticsDashboard › handles refresh functionality

    TestingLibraryElementError: Unable to find an accessible element with the role "button" and name `/refresh/i`

    There are no accessible roles. But there might be some inaccessible roles. If you wish to access them, then set the `hidden` option to `true`. Learn more about this here: https://testing-library.com/docs/dom-testing-library/api-queries#byrole

    Ignored nodes: comments, script, style
    [36m<body>[39m
      [36m<div />[39m
    [36m</body>[39m

      110 |
      111 |     // Find and click refresh button
    > 112 |     const refreshButton = screen.getByRole("button", { name: /refresh/i });
          |                                  ^
      113 |     await user.click(refreshButton);
      114 |
      115 |     // Should show loading again briefly

      at Object.getElementError (node_modules/.pnpm/@testing-library+dom@10.4.0/node_modules/@testing-library/dom/dist/config.js:37:19)
      at node_modules/.pnpm/@testing-library+dom@10.4.0/node_modules/@testing-library/dom/dist/query-helpers.js:76:38
      at node_modules/.pnpm/@testing-library+dom@10.4.0/node_modules/@testing-library/dom/dist/query-helpers.js:52:17
      at node_modules/.pnpm/@testing-library+dom@10.4.0/node_modules/@testing-library/dom/dist/query-helpers.js:95:19
      at Object.getByRole (src/components/admin/dashboard/__tests__/AnalyticsDashboard.test.tsx:112:34)

  ● AnalyticsDashboard › displays last updated timestamp

    Element type is invalid: expected a string (for built-in components) or a class/function (for composite components) but got: undefined. You likely forgot to export your component from the file it's defined in, or you might have mixed up default and named imports.

    Check the render method of `AnalyticsDashboard`.

      at createFiberFromTypeAndProps (node_modules/.pnpm/react-dom@18.3.1_react@18.3.1/node_modules/react-dom/cjs/react-dom.development.js:28478:17)
      at createFiberFromElement (node_modules/.pnpm/react-dom@18.3.1_react@18.3.1/node_modules/react-dom/cjs/react-dom.development.js:28504:15)
      at createChild (node_modules/.pnpm/react-dom@18.3.1_react@18.3.1/node_modules/react-dom/cjs/react-dom.development.js:13345:28)
      at reconcileChildrenArray (node_modules/.pnpm/react-dom@18.3.1_react@18.3.1/node_modules/react-dom/cjs/react-dom.development.js:13640:25)
      at reconcileChildFibers (node_modules/.pnpm/react-dom@18.3.1_react@18.3.1/node_modules/react-dom/cjs/react-dom.development.js:14057:16)
      at reconcileChildren (node_modules/.pnpm/react-dom@18.3.1_react@18.3.1/node_modules/react-dom/cjs/react-dom.development.js:19186:28)
      at updateHostComponent (node_modules/.pnpm/react-dom@18.3.1_react@18.3.1/node_modules/react-dom/cjs/react-dom.development.js:19953:3)
      at beginWork (node_modules/.pnpm/react-dom@18.3.1_react@18.3.1/node_modules/react-dom/cjs/react-dom.development.js:21657:14)
      at beginWork$1 (node_modules/.pnpm/react-dom@18.3.1_react@18.3.1/node_modules/react-dom/cjs/react-dom.development.js:27465:14)
      at performUnitOfWork (node_modules/.pnpm/react-dom@18.3.1_react@18.3.1/node_modules/react-dom/cjs/react-dom.development.js:26599:12)
      at workLoopSync (node_modules/.pnpm/react-dom@18.3.1_react@18.3.1/node_modules/react-dom/cjs/react-dom.development.js:26505:5)
      at renderRootSync (node_modules/.pnpm/react-dom@18.3.1_react@18.3.1/node_modules/react-dom/cjs/react-dom.development.js:26473:7)
      at recoverFromConcurrentError (node_modules/.pnpm/react-dom@18.3.1_react@18.3.1/node_modules/react-dom/cjs/react-dom.development.js:25889:20)
      at performConcurrentWorkOnRoot (node_modules/.pnpm/react-dom@18.3.1_react@18.3.1/node_modules/react-dom/cjs/react-dom.development.js:25789:22)
      at workLoop (node_modules/.pnpm/scheduler@0.23.2/node_modules/scheduler/cjs/scheduler.development.js:266:34)
      at flushWork (node_modules/.pnpm/scheduler@0.23.2/node_modules/scheduler/cjs/scheduler.development.js:239:14)
      at performWorkUntilDeadline (node_modules/.pnpm/scheduler@0.23.2/node_modules/scheduler/cjs/scheduler.development.js:533:21)
      at Timeout.task [as _onTimeout] (node_modules/.pnpm/jsdom@26.1.0/node_modules/jsdom/lib/jsdom/browser/Window.js:579:19)

  ● AnalyticsDashboard › displays last updated timestamp

    TestingLibraryElementError: Unable to find an element with the text: /Last updated:/. This could be because the text is broken up by multiple elements. In this case, you can provide a function for your text matcher to make your matcher more flexible.

    Ignored nodes: comments, script, style
    [36m<body>[39m
      [36m<div />[39m
    [36m</body>[39m

      125 |
      126 |     // Check for last updated badge
    > 127 |     expect(screen.getByText(/Last updated:/)).toBeInTheDocument();
          |                   ^
      128 |   });
      129 |
      130 |   it("shows export functionality", async () => {

      at Object.getElementError (node_modules/.pnpm/@testing-library+dom@10.4.0/node_modules/@testing-library/dom/dist/config.js:37:19)
      at node_modules/.pnpm/@testing-library+dom@10.4.0/node_modules/@testing-library/dom/dist/query-helpers.js:76:38
      at node_modules/.pnpm/@testing-library+dom@10.4.0/node_modules/@testing-library/dom/dist/query-helpers.js:52:17
      at node_modules/.pnpm/@testing-library+dom@10.4.0/node_modules/@testing-library/dom/dist/query-helpers.js:95:19
      at Object.getByText (src/components/admin/dashboard/__tests__/AnalyticsDashboard.test.tsx:127:19)

  ● AnalyticsDashboard › shows export functionality

    Element type is invalid: expected a string (for built-in components) or a class/function (for composite components) but got: undefined. You likely forgot to export your component from the file it's defined in, or you might have mixed up default and named imports.

    Check the render method of `AnalyticsDashboard`.

      at createFiberFromTypeAndProps (node_modules/.pnpm/react-dom@18.3.1_react@18.3.1/node_modules/react-dom/cjs/react-dom.development.js:28478:17)
      at createFiberFromElement (node_modules/.pnpm/react-dom@18.3.1_react@18.3.1/node_modules/react-dom/cjs/react-dom.development.js:28504:15)
      at createChild (node_modules/.pnpm/react-dom@18.3.1_react@18.3.1/node_modules/react-dom/cjs/react-dom.development.js:13345:28)
      at reconcileChildrenArray (node_modules/.pnpm/react-dom@18.3.1_react@18.3.1/node_modules/react-dom/cjs/react-dom.development.js:13640:25)
      at reconcileChildFibers (node_modules/.pnpm/react-dom@18.3.1_react@18.3.1/node_modules/react-dom/cjs/react-dom.development.js:14057:16)
      at reconcileChildren (node_modules/.pnpm/react-dom@18.3.1_react@18.3.1/node_modules/react-dom/cjs/react-dom.development.js:19186:28)
      at updateHostComponent (node_modules/.pnpm/react-dom@18.3.1_react@18.3.1/node_modules/react-dom/cjs/react-dom.development.js:19953:3)
      at beginWork (node_modules/.pnpm/react-dom@18.3.1_react@18.3.1/node_modules/react-dom/cjs/react-dom.development.js:21657:14)
      at beginWork$1 (node_modules/.pnpm/react-dom@18.3.1_react@18.3.1/node_modules/react-dom/cjs/react-dom.development.js:27465:14)
      at performUnitOfWork (node_modules/.pnpm/react-dom@18.3.1_react@18.3.1/node_modules/react-dom/cjs/react-dom.development.js:26599:12)
      at workLoopSync (node_modules/.pnpm/react-dom@18.3.1_react@18.3.1/node_modules/react-dom/cjs/react-dom.development.js:26505:5)
      at renderRootSync (node_modules/.pnpm/react-dom@18.3.1_react@18.3.1/node_modules/react-dom/cjs/react-dom.development.js:26473:7)
      at recoverFromConcurrentError (node_modules/.pnpm/react-dom@18.3.1_react@18.3.1/node_modules/react-dom/cjs/react-dom.development.js:25889:20)
      at performConcurrentWorkOnRoot (node_modules/.pnpm/react-dom@18.3.1_react@18.3.1/node_modules/react-dom/cjs/react-dom.development.js:25789:22)
      at workLoop (node_modules/.pnpm/scheduler@0.23.2/node_modules/scheduler/cjs/scheduler.development.js:266:34)
      at flushWork (node_modules/.pnpm/scheduler@0.23.2/node_modules/scheduler/cjs/scheduler.development.js:239:14)
      at performWorkUntilDeadline (node_modules/.pnpm/scheduler@0.23.2/node_modules/scheduler/cjs/scheduler.development.js:533:21)
      at Timeout.task [as _onTimeout] (node_modules/.pnpm/jsdom@26.1.0/node_modules/jsdom/lib/jsdom/browser/Window.js:579:19)

  ● AnalyticsDashboard › shows export functionality

    TestingLibraryElementError: Unable to find an accessible element with the role "button" and name `/export/i`

    There are no accessible roles. But there might be some inaccessible roles. If you wish to access them, then set the `hidden` option to `true`. Learn more about this here: https://testing-library.com/docs/dom-testing-library/api-queries#byrole

    Ignored nodes: comments, script, style
    [36m<body>[39m
      [36m<div />[39m
    [36m</body>[39m

      136 |
      137 |     // Check for export button
    > 138 |     const exportButton = screen.getByRole("button", { name: /export/i });
          |                                 ^
      139 |     expect(exportButton).toBeInTheDocument();
      140 |   });
      141 |

      at Object.getElementError (node_modules/.pnpm/@testing-library+dom@10.4.0/node_modules/@testing-library/dom/dist/config.js:37:19)
      at node_modules/.pnpm/@testing-library+dom@10.4.0/node_modules/@testing-library/dom/dist/query-helpers.js:76:38
      at node_modules/.pnpm/@testing-library+dom@10.4.0/node_modules/@testing-library/dom/dist/query-helpers.js:52:17
      at node_modules/.pnpm/@testing-library+dom@10.4.0/node_modules/@testing-library/dom/dist/query-helpers.js:95:19
      at Object.getByRole (src/components/admin/dashboard/__tests__/AnalyticsDashboard.test.tsx:138:33)

  ● AnalyticsDashboard › displays quick insights cards

    Element type is invalid: expected a string (for built-in components) or a class/function (for composite components) but got: undefined. You likely forgot to export your component from the file it's defined in, or you might have mixed up default and named imports.

    Check the render method of `AnalyticsDashboard`.

      at createFiberFromTypeAndProps (node_modules/.pnpm/react-dom@18.3.1_react@18.3.1/node_modules/react-dom/cjs/react-dom.development.js:28478:17)
      at createFiberFromElement (node_modules/.pnpm/react-dom@18.3.1_react@18.3.1/node_modules/react-dom/cjs/react-dom.development.js:28504:15)
      at createChild (node_modules/.pnpm/react-dom@18.3.1_react@18.3.1/node_modules/react-dom/cjs/react-dom.development.js:13345:28)
      at reconcileChildrenArray (node_modules/.pnpm/react-dom@18.3.1_react@18.3.1/node_modules/react-dom/cjs/react-dom.development.js:13640:25)
      at reconcileChildFibers (node_modules/.pnpm/react-dom@18.3.1_react@18.3.1/node_modules/react-dom/cjs/react-dom.development.js:14057:16)
      at reconcileChildren (node_modules/.pnpm/react-dom@18.3.1_react@18.3.1/node_modules/react-dom/cjs/react-dom.development.js:19186:28)
      at updateHostComponent (node_modules/.pnpm/react-dom@18.3.1_react@18.3.1/node_modules/react-dom/cjs/react-dom.development.js:19953:3)
      at beginWork (node_modules/.pnpm/react-dom@18.3.1_react@18.3.1/node_modules/react-dom/cjs/react-dom.development.js:21657:14)
      at beginWork$1 (node_modules/.pnpm/react-dom@18.3.1_react@18.3.1/node_modules/react-dom/cjs/react-dom.development.js:27465:14)
      at performUnitOfWork (node_modules/.pnpm/react-dom@18.3.1_react@18.3.1/node_modules/react-dom/cjs/react-dom.development.js:26599:12)
      at workLoopSync (node_modules/.pnpm/react-dom@18.3.1_react@18.3.1/node_modules/react-dom/cjs/react-dom.development.js:26505:5)
      at renderRootSync (node_modules/.pnpm/react-dom@18.3.1_react@18.3.1/node_modules/react-dom/cjs/react-dom.development.js:26473:7)
      at recoverFromConcurrentError (node_modules/.pnpm/react-dom@18.3.1_react@18.3.1/node_modules/react-dom/cjs/react-dom.development.js:25889:20)
      at performConcurrentWorkOnRoot (node_modules/.pnpm/react-dom@18.3.1_react@18.3.1/node_modules/react-dom/cjs/react-dom.development.js:25789:22)
      at workLoop (node_modules/.pnpm/scheduler@0.23.2/node_modules/scheduler/cjs/scheduler.development.js:266:34)
      at flushWork (node_modules/.pnpm/scheduler@0.23.2/node_modules/scheduler/cjs/scheduler.development.js:239:14)
      at performWorkUntilDeadline (node_modules/.pnpm/scheduler@0.23.2/node_modules/scheduler/cjs/scheduler.development.js:533:21)
      at Timeout.task [as _onTimeout] (node_modules/.pnpm/jsdom@26.1.0/node_modules/jsdom/lib/jsdom/browser/Window.js:579:19)

  ● AnalyticsDashboard › displays quick insights cards

    TestingLibraryElementError: Unable to find an element with the text: Attendance Rate. This could be because the text is broken up by multiple elements. In this case, you can provide a function for your text matcher to make your matcher more flexible.

    Ignored nodes: comments, script, style
    [36m<body>[39m
      [36m<div />[39m
    [36m</body>[39m

      148 |
      149 |     // Check for quick insight cards
    > 150 |     expect(screen.getByText("Attendance Rate")).toBeInTheDocument();
          |                   ^
      151 |     expect(screen.getByText("Classes This Month")).toBeInTheDocument();
      152 |     expect(screen.getByText("Risk Alerts")).toBeInTheDocument();
      153 |   });

      at Object.getElementError (node_modules/.pnpm/@testing-library+dom@10.4.0/node_modules/@testing-library/dom/dist/config.js:37:19)
      at node_modules/.pnpm/@testing-library+dom@10.4.0/node_modules/@testing-library/dom/dist/query-helpers.js:76:38
      at node_modules/.pnpm/@testing-library+dom@10.4.0/node_modules/@testing-library/dom/dist/query-helpers.js:52:17
      at node_modules/.pnpm/@testing-library+dom@10.4.0/node_modules/@testing-library/dom/dist/query-helpers.js:95:19
      at Object.getByText (src/components/admin/dashboard/__tests__/AnalyticsDashboard.test.tsx:150:19)

PASS src/components/auth/__tests__/UpdatePasswordForm.test.tsx
PASS src/lib/services/__tests__/attendance-simple.test.ts
PASS src/lib/services/__tests__/one-on-one-booking-service.test.ts
PASS src/lib/services/__tests__/feedback-service-simple.test.ts
  ● Console

    console.warn
      Multiple GoTrueClient instances detected in the same browser context. It is not an error, but this should be avoided as it may produce undefined behavior when used concurrently under the same storage key.

       7 |
       8 | export function createClient() {
    >  9 |   return createSupabaseClient(supabaseUrl, supabaseAnonKey)
         |                              ^
      10 | }

      at new GoTrueClient (node_modules/.pnpm/@supabase+auth-js@2.70.0/node_modules/@supabase/auth-js/src/GoTrueClient.ts:201:15)
      at new SupabaseAuthClient (node_modules/.pnpm/@supabase+supabase-js@2.50.0/node_modules/@supabase/supabase-js/src/lib/SupabaseAuthClient.ts:6:5)
      at SupabaseClient._initSupabaseAuthClient (node_modules/.pnpm/@supabase+supabase-js@2.50.0/node_modules/@supabase/supabase-js/src/SupabaseClient.ts:299:12)
      at new SupabaseClient (node_modules/.pnpm/@supabase+supabase-js@2.50.0/node_modules/@supabase/supabase-js/src/SupabaseClient.ts:102:24)
      at createClient (node_modules/.pnpm/@supabase+supabase-js@2.50.0/node_modules/@supabase/supabase-js/src/index.ts:40:10)
      at createClient (src/lib/supabase.ts:9:30)
      at new FeedbackService (src/lib/services/feedback-service.ts:166:34)
      at Object.<anonymous> (src/lib/services/feedback-service.ts:755:32)
      at src/lib/services/__tests__/feedback-service-simple.test.ts:87:39
      at Object.<anonymous> (src/lib/services/__tests__/feedback-service-simple.test.ts:87:33)

    console.warn
      Multiple GoTrueClient instances detected in the same browser context. It is not an error, but this should be avoided as it may produce undefined behavior when used concurrently under the same storage key.

       7 |
       8 | export function createClient() {
    >  9 |   return createSupabaseClient(supabaseUrl, supabaseAnonKey)
         |                              ^
      10 | }

      at new GoTrueClient (node_modules/.pnpm/@supabase+auth-js@2.70.0/node_modules/@supabase/auth-js/src/GoTrueClient.ts:201:15)
      at new SupabaseAuthClient (node_modules/.pnpm/@supabase+supabase-js@2.50.0/node_modules/@supabase/supabase-js/src/lib/SupabaseAuthClient.ts:6:5)
      at SupabaseClient._initSupabaseAuthClient (node_modules/.pnpm/@supabase+supabase-js@2.50.0/node_modules/@supabase/supabase-js/src/SupabaseClient.ts:299:12)
      at new SupabaseClient (node_modules/.pnpm/@supabase+supabase-js@2.50.0/node_modules/@supabase/supabase-js/src/SupabaseClient.ts:102:24)
      at createClient (node_modules/.pnpm/@supabase+supabase-js@2.50.0/node_modules/@supabase/supabase-js/src/index.ts:40:10)
      at createClient (src/lib/supabase.ts:9:30)
      at new FeedbackNotificationService (src/lib/services/feedback-notification-service.ts:53:34)
      at Object.<anonymous> (src/lib/services/feedback-notification-service.ts:638:44)
      at src/lib/services/__tests__/feedback-service-simple.test.ts:92:51
      at Object.<anonymous> (src/lib/services/__tests__/feedback-service-simple.test.ts:92:45)

    console.warn
      Multiple GoTrueClient instances detected in the same browser context. It is not an error, but this should be avoided as it may produce undefined behavior when used concurrently under the same storage key.

       7 |
       8 | export function createClient() {
    >  9 |   return createSupabaseClient(supabaseUrl, supabaseAnonKey)
         |                              ^
      10 | }

      at new GoTrueClient (node_modules/.pnpm/@supabase+auth-js@2.70.0/node_modules/@supabase/auth-js/src/GoTrueClient.ts:201:15)
      at new SupabaseAuthClient (node_modules/.pnpm/@supabase+supabase-js@2.50.0/node_modules/@supabase/supabase-js/src/lib/SupabaseAuthClient.ts:6:5)
      at SupabaseClient._initSupabaseAuthClient (node_modules/.pnpm/@supabase+supabase-js@2.50.0/node_modules/@supabase/supabase-js/src/SupabaseClient.ts:299:12)
      at new SupabaseClient (node_modules/.pnpm/@supabase+supabase-js@2.50.0/node_modules/@supabase/supabase-js/src/SupabaseClient.ts:102:24)
      at createClient (node_modules/.pnpm/@supabase+supabase-js@2.50.0/node_modules/@supabase/supabase-js/src/index.ts:40:10)
      at createClient (src/lib/supabase.ts:9:30)
      at new FeedbackRecommendationEngine (src/lib/services/feedback-recommendation-engine.ts:81:34)
      at Object.<anonymous> (src/lib/services/feedback-recommendation-engine.ts:881:45)
      at src/lib/services/__tests__/feedback-service-simple.test.ts:97:52
      at Object.<anonymous> (src/lib/services/__tests__/feedback-service-simple.test.ts:97:46)

PASS src/components/student/__tests__/OneOnOneBooking.test.tsx
  ● Console

    console.error
      Warning: An update to OneOnOneBooking inside a test was not wrapped in act(...).
      
      When testing, code that causes React state updates should be wrapped into act(...):
      
      act(() => {
        /* fire events that update state */
      });
      /* assert on the output */
      
      This ensures that you're testing the behavior the user would see in the browser. Learn more at https://reactjs.org/link/wrap-tests-with-act
          at studentId (/Users/invoture/dev.local/hey-peter/src/components/student/OneOnOneBooking.tsx:48:3)

      113 |       
      114 |       const teachers = await oneOnOneBookingService.getAvailableTeachers(mockRequest);
    > 115 |       setAvailableTeachers(teachers);
          |       ^
      116 |     } catch (err) {
      117 |       setError(err instanceof Error ? err.message : 'Failed to load teachers');
      118 |     } finally {

      at printWarning (node_modules/.pnpm/react-dom@18.3.1_react@18.3.1/node_modules/react-dom/cjs/react-dom.development.js:86:30)
      at error (node_modules/.pnpm/react-dom@18.3.1_react@18.3.1/node_modules/react-dom/cjs/react-dom.development.js:60:7)
      at warnIfUpdatesNotWrappedWithActDEV (node_modules/.pnpm/react-dom@18.3.1_react@18.3.1/node_modules/react-dom/cjs/react-dom.development.js:27628:9)
      at scheduleUpdateOnFiber (node_modules/.pnpm/react-dom@18.3.1_react@18.3.1/node_modules/react-dom/cjs/react-dom.development.js:25547:5)
      at dispatchSetState (node_modules/.pnpm/react-dom@18.3.1_react@18.3.1/node_modules/react-dom/cjs/react-dom.development.js:16708:7)
      at setAvailableTeachers (src/components/student/OneOnOneBooking.tsx:115:7)

    console.error
      Warning: An update to OneOnOneBooking inside a test was not wrapped in act(...).
      
      When testing, code that causes React state updates should be wrapped into act(...):
      
      act(() => {
        /* fire events that update state */
      });
      /* assert on the output */
      
      This ensures that you're testing the behavior the user would see in the browser. Learn more at https://reactjs.org/link/wrap-tests-with-act
          at studentId (/Users/invoture/dev.local/hey-peter/src/components/student/OneOnOneBooking.tsx:48:3)

      117 |       setError(err instanceof Error ? err.message : 'Failed to load teachers');
      118 |     } finally {
    > 119 |       setLoading(false);
          |       ^
      120 |     }
      121 |   };
      122 |

      at printWarning (node_modules/.pnpm/react-dom@18.3.1_react@18.3.1/node_modules/react-dom/cjs/react-dom.development.js:86:30)
      at error (node_modules/.pnpm/react-dom@18.3.1_react@18.3.1/node_modules/react-dom/cjs/react-dom.development.js:60:7)
      at warnIfUpdatesNotWrappedWithActDEV (node_modules/.pnpm/react-dom@18.3.1_react@18.3.1/node_modules/react-dom/cjs/react-dom.development.js:27628:9)
      at scheduleUpdateOnFiber (node_modules/.pnpm/react-dom@18.3.1_react@18.3.1/node_modules/react-dom/cjs/react-dom.development.js:25547:5)
      at dispatchSetState (node_modules/.pnpm/react-dom@18.3.1_react@18.3.1/node_modules/react-dom/cjs/react-dom.development.js:16708:7)
      at setLoading (src/components/student/OneOnOneBooking.tsx:119:7)

    console.error
      Warning: An update to OneOnOneBooking inside a test was not wrapped in act(...).
      
      When testing, code that causes React state updates should be wrapped into act(...):
      
      act(() => {
        /* fire events that update state */
      });
      /* assert on the output */
      
      This ensures that you're testing the behavior the user would see in the browser. Learn more at https://reactjs.org/link/wrap-tests-with-act
          at studentId (/Users/invoture/dev.local/hey-peter/src/components/student/OneOnOneBooking.tsx:48:3)

      113 |       
      114 |       const teachers = await oneOnOneBookingService.getAvailableTeachers(mockRequest);
    > 115 |       setAvailableTeachers(teachers);
          |       ^
      116 |     } catch (err) {
      117 |       setError(err instanceof Error ? err.message : 'Failed to load teachers');
      118 |     } finally {

      at printWarning (node_modules/.pnpm/react-dom@18.3.1_react@18.3.1/node_modules/react-dom/cjs/react-dom.development.js:86:30)
      at error (node_modules/.pnpm/react-dom@18.3.1_react@18.3.1/node_modules/react-dom/cjs/react-dom.development.js:60:7)
      at warnIfUpdatesNotWrappedWithActDEV (node_modules/.pnpm/react-dom@18.3.1_react@18.3.1/node_modules/react-dom/cjs/react-dom.development.js:27628:9)
      at scheduleUpdateOnFiber (node_modules/.pnpm/react-dom@18.3.1_react@18.3.1/node_modules/react-dom/cjs/react-dom.development.js:25547:5)
      at dispatchSetState (node_modules/.pnpm/react-dom@18.3.1_react@18.3.1/node_modules/react-dom/cjs/react-dom.development.js:16708:7)
      at setAvailableTeachers (src/components/student/OneOnOneBooking.tsx:115:7)

    console.error
      Warning: An update to OneOnOneBooking inside a test was not wrapped in act(...).
      
      When testing, code that causes React state updates should be wrapped into act(...):
      
      act(() => {
        /* fire events that update state */
      });
      /* assert on the output */
      
      This ensures that you're testing the behavior the user would see in the browser. Learn more at https://reactjs.org/link/wrap-tests-with-act
          at studentId (/Users/invoture/dev.local/hey-peter/src/components/student/OneOnOneBooking.tsx:48:3)

      117 |       setError(err instanceof Error ? err.message : 'Failed to load teachers');
      118 |     } finally {
    > 119 |       setLoading(false);
          |       ^
      120 |     }
      121 |   };
      122 |

      at printWarning (node_modules/.pnpm/react-dom@18.3.1_react@18.3.1/node_modules/react-dom/cjs/react-dom.development.js:86:30)
      at error (node_modules/.pnpm/react-dom@18.3.1_react@18.3.1/node_modules/react-dom/cjs/react-dom.development.js:60:7)
      at warnIfUpdatesNotWrappedWithActDEV (node_modules/.pnpm/react-dom@18.3.1_react@18.3.1/node_modules/react-dom/cjs/react-dom.development.js:27628:9)
      at scheduleUpdateOnFiber (node_modules/.pnpm/react-dom@18.3.1_react@18.3.1/node_modules/react-dom/cjs/react-dom.development.js:25547:5)
      at dispatchSetState (node_modules/.pnpm/react-dom@18.3.1_react@18.3.1/node_modules/react-dom/cjs/react-dom.development.js:16708:7)
      at setLoading (src/components/student/OneOnOneBooking.tsx:119:7)

    console.error
      Warning: An update to OneOnOneBooking inside a test was not wrapped in act(...).
      
      When testing, code that causes React state updates should be wrapped into act(...):
      
      act(() => {
        /* fire events that update state */
      });
      /* assert on the output */
      
      This ensures that you're testing the behavior the user would see in the browser. Learn more at https://reactjs.org/link/wrap-tests-with-act
          at studentId (/Users/invoture/dev.local/hey-peter/src/components/student/OneOnOneBooking.tsx:48:3)

      113 |       
      114 |       const teachers = await oneOnOneBookingService.getAvailableTeachers(mockRequest);
    > 115 |       setAvailableTeachers(teachers);
          |       ^
      116 |     } catch (err) {
      117 |       setError(err instanceof Error ? err.message : 'Failed to load teachers');
      118 |     } finally {

      at printWarning (node_modules/.pnpm/react-dom@18.3.1_react@18.3.1/node_modules/react-dom/cjs/react-dom.development.js:86:30)
      at error (node_modules/.pnpm/react-dom@18.3.1_react@18.3.1/node_modules/react-dom/cjs/react-dom.development.js:60:7)
      at warnIfUpdatesNotWrappedWithActDEV (node_modules/.pnpm/react-dom@18.3.1_react@18.3.1/node_modules/react-dom/cjs/react-dom.development.js:27628:9)
      at scheduleUpdateOnFiber (node_modules/.pnpm/react-dom@18.3.1_react@18.3.1/node_modules/react-dom/cjs/react-dom.development.js:25547:5)
      at dispatchSetState (node_modules/.pnpm/react-dom@18.3.1_react@18.3.1/node_modules/react-dom/cjs/react-dom.development.js:16708:7)
      at setAvailableTeachers (src/components/student/OneOnOneBooking.tsx:115:7)

    console.error
      Warning: An update to OneOnOneBooking inside a test was not wrapped in act(...).
      
      When testing, code that causes React state updates should be wrapped into act(...):
      
      act(() => {
        /* fire events that update state */
      });
      /* assert on the output */
      
      This ensures that you're testing the behavior the user would see in the browser. Learn more at https://reactjs.org/link/wrap-tests-with-act
          at studentId (/Users/invoture/dev.local/hey-peter/src/components/student/OneOnOneBooking.tsx:48:3)

      117 |       setError(err instanceof Error ? err.message : 'Failed to load teachers');
      118 |     } finally {
    > 119 |       setLoading(false);
          |       ^
      120 |     }
      121 |   };
      122 |

      at printWarning (node_modules/.pnpm/react-dom@18.3.1_react@18.3.1/node_modules/react-dom/cjs/react-dom.development.js:86:30)
      at error (node_modules/.pnpm/react-dom@18.3.1_react@18.3.1/node_modules/react-dom/cjs/react-dom.development.js:60:7)
      at warnIfUpdatesNotWrappedWithActDEV (node_modules/.pnpm/react-dom@18.3.1_react@18.3.1/node_modules/react-dom/cjs/react-dom.development.js:27628:9)
      at scheduleUpdateOnFiber (node_modules/.pnpm/react-dom@18.3.1_react@18.3.1/node_modules/react-dom/cjs/react-dom.development.js:25547:5)
      at dispatchSetState (node_modules/.pnpm/react-dom@18.3.1_react@18.3.1/node_modules/react-dom/cjs/react-dom.development.js:16708:7)
      at setLoading (src/components/student/OneOnOneBooking.tsx:119:7)

    console.error
      Warning: An update to OneOnOneBooking inside a test was not wrapped in act(...).
      
      When testing, code that causes React state updates should be wrapped into act(...):
      
      act(() => {
        /* fire events that update state */
      });
      /* assert on the output */
      
      This ensures that you're testing the behavior the user would see in the browser. Learn more at https://reactjs.org/link/wrap-tests-with-act
          at studentId (/Users/invoture/dev.local/hey-peter/src/components/student/OneOnOneBooking.tsx:48:3)

      113 |       
      114 |       const teachers = await oneOnOneBookingService.getAvailableTeachers(mockRequest);
    > 115 |       setAvailableTeachers(teachers);
          |       ^
      116 |     } catch (err) {
      117 |       setError(err instanceof Error ? err.message : 'Failed to load teachers');
      118 |     } finally {

      at printWarning (node_modules/.pnpm/react-dom@18.3.1_react@18.3.1/node_modules/react-dom/cjs/react-dom.development.js:86:30)
      at error (node_modules/.pnpm/react-dom@18.3.1_react@18.3.1/node_modules/react-dom/cjs/react-dom.development.js:60:7)
      at warnIfUpdatesNotWrappedWithActDEV (node_modules/.pnpm/react-dom@18.3.1_react@18.3.1/node_modules/react-dom/cjs/react-dom.development.js:27628:9)
      at scheduleUpdateOnFiber (node_modules/.pnpm/react-dom@18.3.1_react@18.3.1/node_modules/react-dom/cjs/react-dom.development.js:25547:5)
      at dispatchSetState (node_modules/.pnpm/react-dom@18.3.1_react@18.3.1/node_modules/react-dom/cjs/react-dom.development.js:16708:7)
      at setAvailableTeachers (src/components/student/OneOnOneBooking.tsx:115:7)

    console.error
      Warning: An update to OneOnOneBooking inside a test was not wrapped in act(...).
      
      When testing, code that causes React state updates should be wrapped into act(...):
      
      act(() => {
        /* fire events that update state */
      });
      /* assert on the output */
      
      This ensures that you're testing the behavior the user would see in the browser. Learn more at https://reactjs.org/link/wrap-tests-with-act
          at studentId (/Users/invoture/dev.local/hey-peter/src/components/student/OneOnOneBooking.tsx:48:3)

      117 |       setError(err instanceof Error ? err.message : 'Failed to load teachers');
      118 |     } finally {
    > 119 |       setLoading(false);
          |       ^
      120 |     }
      121 |   };
      122 |

      at printWarning (node_modules/.pnpm/react-dom@18.3.1_react@18.3.1/node_modules/react-dom/cjs/react-dom.development.js:86:30)
      at error (node_modules/.pnpm/react-dom@18.3.1_react@18.3.1/node_modules/react-dom/cjs/react-dom.development.js:60:7)
      at warnIfUpdatesNotWrappedWithActDEV (node_modules/.pnpm/react-dom@18.3.1_react@18.3.1/node_modules/react-dom/cjs/react-dom.development.js:27628:9)
      at scheduleUpdateOnFiber (node_modules/.pnpm/react-dom@18.3.1_react@18.3.1/node_modules/react-dom/cjs/react-dom.development.js:25547:5)
      at dispatchSetState (node_modules/.pnpm/react-dom@18.3.1_react@18.3.1/node_modules/react-dom/cjs/react-dom.development.js:16708:7)
      at setLoading (src/components/student/OneOnOneBooking.tsx:119:7)

FAIL src/lib/services/__tests__/hour-consumption-analytics-service.test.ts
  ● Test suite failed to run

    ReferenceError: Cannot access 'mockSupabase' before initialization

      12 | // Mock the Supabase client
      13 | jest.mock('../../../lib/supabase', () => ({
    > 14 |   createClient: () => mockSupabase
         |                       ^
      15 | }));
      16 |
      17 | describe('HourConsumptionAnalyticsService', () => {

      at mockSupabase (src/lib/services/__tests__/hour-consumption-analytics-service.test.ts:14:23)
      at new HourConsumptionAnalyticsService (src/lib/services/hour-consumption-analytics-service.ts:141:34)
      at Object.<anonymous> (src/lib/services/hour-consumption-analytics-service.ts:922:48)
      at Object.<anonymous> (src/lib/services/__tests__/hour-consumption-analytics-service.test.ts:9:42)

FAIL src/lib/services/__tests__/auto-postponement.test.ts
  ● Test suite failed to run

    Cannot find module 'vitest' from 'src/lib/services/__tests__/auto-postponement.test.ts'

       7 | import { describe, it, expect, beforeEach, afterEach, vi } from 'vitest';
       8 | import { autoPostponementService } from '../auto-postponement-service';
    >  9 | import { makeUpClassSuggestionService } from '../makeup-class-suggestion-service';
         |                 ^
      10 | import { schedulingIntegrationService } from '../scheduling-integration-service';
      11 |
      12 | // Mock Supabase client

      at Resolver._throwModNotFoundError (node_modules/.pnpm/jest-resolve@30.0.2/node_modules/jest-resolve/build/index.js:863:11)
      at Object.<anonymous> (src/lib/services/__tests__/auto-postponement.test.ts:9:17)

FAIL src/lib/services/__tests__/email-service-mock.test.ts
  ● Test suite failed to run

    Cannot find module 'mailgun.js' from 'src/lib/services/email-service.ts'

    Require stack:
      src/lib/services/email-service.ts
      src/lib/services/__tests__/email-service-mock.test.ts

      30 | }
      31 |
    > 32 | // Email status tracking
         |                         ^
      33 | export enum EmailStatus {
      34 |   PENDING = 'pending',
      35 |   SENT = 'sent',

      at Resolver._throwModNotFoundError (node_modules/.pnpm/jest-resolve@30.0.2/node_modules/jest-resolve/build/index.js:863:11)
      at Object.<anonymous> (src/lib/services/email-service.ts:32:57)
      at Object.<anonymous> (src/lib/services/__tests__/email-service-mock.test.ts:5:23)

FAIL src/lib/services/__tests__/email-service.test.ts
  ● Test suite failed to run

    Cannot find module 'mailgun.js' from 'src/lib/services/__tests__/email-service.test.ts'

      2 |
      3 | // Mock Mailgun
    > 4 | jest.mock('mailgun.js', () => {
        |      ^
      5 |   return jest.fn().mockImplementation(() => ({
      6 |     client: jest.fn().mockReturnValue({
      7 |       messages: {

      at Resolver._throwModNotFoundError (node_modules/.pnpm/jest-resolve@30.0.2/node_modules/jest-resolve/build/index.js:863:11)
      at Object.mock (src/lib/services/__tests__/email-service.test.ts:4:6)

FAIL src/lib/services/__tests__/hour-management-service.test.ts
  ● Test suite failed to run

    Configuration error:

    Could not locate module @/lib/supabase/client mapped as:
    /Users/invoture/dev.local/hey-peter/src/$1.

    Please check your configuration for these entries:
    {
      "moduleNameMapper": {
        "/^@\/(.*)$/": "/Users/invoture/dev.local/hey-peter/src/$1"
      },
      "resolver": undefined
    }

       9 |
      10 | // Mock Supabase client
    > 11 | jest.mock('@/lib/supabase/client', () => ({
         |      ^
      12 |   createClient: jest.fn(() => ({
      13 |     from: jest.fn().mockReturnThis(),
      14 |     select: jest.fn().mockReturnThis(),

      at createNoMappedModuleFoundError (node_modules/.pnpm/jest-resolve@30.0.2/node_modules/jest-resolve/build/index.js:1117:17)
      at Object.mock (src/lib/services/__tests__/hour-management-service.test.ts:11:6)

FAIL src/lib/services/__tests__/leave-request-service.test.ts
  ● Test suite failed to run

    Cannot find module '../supabase/client' from 'src/lib/services/leave-request-service.ts'

    Require stack:
      src/lib/services/leave-request-service.ts
      src/lib/services/__tests__/leave-request-service.test.ts

      22 |   private supabase = createClient();
      23 |
    > 24 |   /**
         |      ^
      25 |    * Validate a leave request before submission
      26 |    */
      27 |   async validateLeaveRequest(

      at Resolver._throwModNotFoundError (node_modules/.pnpm/jest-resolve@30.0.2/node_modules/jest-resolve/build/index.js:863:11)
      at Object.<anonymous> (src/lib/services/leave-request-service.ts:24:17)
      at Object.<anonymous> (src/lib/services/__tests__/leave-request-service.test.ts:7:30)

FAIL src/lib/services/__tests__/attendance-integration.test.ts
  ● Test suite failed to run

    Cannot find module 'file-saver' from 'src/lib/services/analytics-export-service.ts'

    Require stack:
      src/lib/services/analytics-export-service.ts
      src/lib/services/__tests__/attendance-integration.test.ts

      11 |   dateFormat?: string;
      12 |   includeMetadata?: boolean;
    > 13 |   customTemplate?: string;
         |                    ^
      14 |   emailDelivery?: {
      15 |     enabled: boolean;
      16 |     recipients: string[];

      at Resolver._throwModNotFoundError (node_modules/.pnpm/jest-resolve@30.0.2/node_modules/jest-resolve/build/index.js:863:11)
      at Object.<anonymous> (src/lib/services/analytics-export-service.ts:13:20)
      at Object.<anonymous> (src/lib/services/__tests__/attendance-integration.test.ts:6:33)

PASS src/components/student/__tests__/StudentProgressTracking.test.tsx
FAIL src/components/student/__tests__/HourBalanceDisplay.test.tsx
  ● Console

    console.error
      Warning: An update to HourBalanceDisplay inside a test was not wrapped in act(...).
      
      When testing, code that causes React state updates should be wrapped into act(...):
      
      act(() => {
        /* fire events that update state */
      });
      /* assert on the output */
      
      This ensures that you're testing the behavior the user would see in the browser. Learn more at https://reactjs.org/link/wrap-tests-with-act
          at studentId (/Users/invoture/dev.local/hey-peter/src/components/student/HourBalanceDisplay.tsx:29:3)

      48 |       
      49 |       if (response.success && response.data) {
    > 50 |         setSummary(response.data);
         |         ^
      51 |       } else {
      52 |         setError(response.error || 'Failed to load hour summary');
      53 |       }

      at printWarning (node_modules/.pnpm/react-dom@18.3.1_react@18.3.1/node_modules/react-dom/cjs/react-dom.development.js:86:30)
      at error (node_modules/.pnpm/react-dom@18.3.1_react@18.3.1/node_modules/react-dom/cjs/react-dom.development.js:60:7)
      at warnIfUpdatesNotWrappedWithActDEV (node_modules/.pnpm/react-dom@18.3.1_react@18.3.1/node_modules/react-dom/cjs/react-dom.development.js:27628:9)
      at scheduleUpdateOnFiber (node_modules/.pnpm/react-dom@18.3.1_react@18.3.1/node_modules/react-dom/cjs/react-dom.development.js:25547:5)
      at dispatchSetState (node_modules/.pnpm/react-dom@18.3.1_react@18.3.1/node_modules/react-dom/cjs/react-dom.development.js:16708:7)
      at setSummary (src/components/student/HourBalanceDisplay.tsx:50:9)

    console.error
      Warning: An update to HourBalanceDisplay inside a test was not wrapped in act(...).
      
      When testing, code that causes React state updates should be wrapped into act(...):
      
      act(() => {
        /* fire events that update state */
      });
      /* assert on the output */
      
      This ensures that you're testing the behavior the user would see in the browser. Learn more at https://reactjs.org/link/wrap-tests-with-act
          at studentId (/Users/invoture/dev.local/hey-peter/src/components/student/HourBalanceDisplay.tsx:29:3)

      56 |       console.error('Error loading hour summary:', err);
      57 |     } finally {
    > 58 |       setLoading(false);
         |       ^
      59 |     }
      60 |   };
      61 |

      at printWarning (node_modules/.pnpm/react-dom@18.3.1_react@18.3.1/node_modules/react-dom/cjs/react-dom.development.js:86:30)
      at error (node_modules/.pnpm/react-dom@18.3.1_react@18.3.1/node_modules/react-dom/cjs/react-dom.development.js:60:7)
      at warnIfUpdatesNotWrappedWithActDEV (node_modules/.pnpm/react-dom@18.3.1_react@18.3.1/node_modules/react-dom/cjs/react-dom.development.js:27628:9)
      at scheduleUpdateOnFiber (node_modules/.pnpm/react-dom@18.3.1_react@18.3.1/node_modules/react-dom/cjs/react-dom.development.js:25547:5)
      at dispatchSetState (node_modules/.pnpm/react-dom@18.3.1_react@18.3.1/node_modules/react-dom/cjs/react-dom.development.js:16708:7)
      at setLoading (src/components/student/HourBalanceDisplay.tsx:58:7)

  ● HourBalanceDisplay › renders hour balance information correctly

    TestingLibraryElementError: Unable to find an element with the text: Loading.... This could be because the text is broken up by multiple elements. In this case, you can provide a function for your text matcher to make your matcher more flexible.

    Ignored nodes: comments, script, style
    [36m<body>[39m
      [36m<div>[39m
        [36m<div[39m
          [33mclass[39m=[32m"bg-card text-card-foreground flex flex-col gap-6 rounded-xl border py-6 shadow-sm"[39m
          [33mdata-slot[39m=[32m"card"[39m
        [36m>[39m
          [36m<div[39m
            [33mclass[39m=[32m"p-6"[39m
            [33mdata-slot[39m=[32m"card-content"[39m
          [36m>[39m
            [36m<div[39m
              [33mclass[39m=[32m"animate-pulse"[39m
            [36m>[39m
              [36m<div[39m
                [33mclass[39m=[32m"h-4 bg-gray-200 rounded w-1/4 mb-4"[39m
              [36m/>[39m
              [36m<div[39m
                [33mclass[39m=[32m"h-8 bg-gray-200 rounded w-1/2 mb-4"[39m
              [36m/>[39m
              [36m<div[39m
                [33mclass[39m=[32m"h-4 bg-gray-200 rounded w-3/4"[39m
              [36m/>[39m
            [36m</div>[39m
          [36m</div>[39m
        [36m</div>[39m
      [36m</div>[39m
    [36m</body>[39m

      40 |
      41 |     // Should show loading initially
    > 42 |     expect(screen.getByText('Loading...')).toBeInTheDocument();
         |                   ^
      43 |
      44 |     // Wait for data to load
      45 |     await waitFor(() => {

      at Object.getElementError (node_modules/.pnpm/@testing-library+dom@10.4.0/node_modules/@testing-library/dom/dist/config.js:37:19)
      at node_modules/.pnpm/@testing-library+dom@10.4.0/node_modules/@testing-library/dom/dist/query-helpers.js:76:38
      at node_modules/.pnpm/@testing-library+dom@10.4.0/node_modules/@testing-library/dom/dist/query-helpers.js:52:17
      at node_modules/.pnpm/@testing-library+dom@10.4.0/node_modules/@testing-library/dom/dist/query-helpers.js:95:19
      at Object.getByText (src/components/student/__tests__/HourBalanceDisplay.test.tsx:42:19)

  ● HourBalanceDisplay › shows low balance warning

    Unable to find an element with the text: /low hour balance/i. This could be because the text is broken up by multiple elements. In this case, you can provide a function for your text matcher to make your matcher more flexible.

    Ignored nodes: comments, script, style
    [36m<body>[39m
      [36m<div>[39m
        [36m<div[39m
          [33mclass[39m=[32m"bg-card text-card-foreground flex flex-col gap-6 rounded-xl border py-6 shadow-sm w-full"[39m
          [33mdata-slot[39m=[32m"card"[39m
        [36m>[39m
          [36m<div[39m
            [33mclass[39m=[32m"@container/card-header grid auto-rows-min grid-rows-[auto_auto] items-start gap-1.5 px-6 has-data-[slot=card-action]:grid-cols-[1fr_auto] [.border-b]:pb-6"[39m
            [33mdata-slot[39m=[32m"card-header"[39m
          [36m>[39m
            [36m<div[39m
              [33mclass[39m=[32m"leading-none font-semibold flex items-center justify-between"[39m
              [33mdata-slot[39m=[32m"card-title"[39m
            [36m>[39m
              [36m<span[39m
                [33mclass[39m=[32m"flex items-center"[39m
              [36m>[39m
                [36m<svg[39m
                  [33maria-hidden[39m=[32m"true"[39m
                  [33mclass[39m=[32m"lucide lucide-clock h-5 w-5 mr-2 text-blue-500"[39m
                  [33mfill[39m=[32m"none"[39m
                  [33mheight[39m=[32m"24"[39m
                  [33mstroke[39m=[32m"currentColor"[39m
                  [33mstroke-linecap[39m=[32m"round"[39m
                  [33mstroke-linejoin[39m=[32m"round"[39m
                  [33mstroke-width[39m=[32m"2"[39m
                  [33mviewBox[39m=[32m"0 0 24 24"[39m
                  [33mwidth[39m=[32m"24"[39m
                  [33mxmlns[39m=[32m"http://www.w3.org/2000/svg"[39m
                [36m>[39m
                  [36m<circle[39m
                    [33mcx[39m=[32m"12"[39m
                    [33mcy[39m=[32m"12"[39m
                    [33mr[39m=[32m"10"[39m
                  [36m/>[39m
                  [36m<polyline[39m
                    [33mpoints[39m=[32m"12 6 12 12 16 14"[39m
                  [36m/>[39m
                [36m</svg>[39m
                [0mHour Balance[0m
              [36m</span>[39m
              [36m<div[39m
                [33mclass[39m=[32m"inline-flex items-center rounded-full border px-2.5 py-0.5 text-xs font-semibold transition-colors focus:outline-none focus:ring-2 focus:ring-ring focus:ring-offset-2 border-transparent bg-secondary text-secondary-foreground hover:bg-secondary/80"[39m
              [36m>[39m
                [0mLow Balance[0m
              [36m</div>[39m
            [36m</div>[39m
          [36m</div>[39m
          [36m<div[39m
            [33mclass[39m=[32m"px-6 space-y-6"[39m
            [33mdata-slot[39m=[32m"card-content"[39m
          [36m>[39m
            [36m<div[39m
              [33mclass[39m=[32m"text-center"[39m
            [36m>[39m
              [36m<p[39m
                [33mclass[39m=[32m"text-3xl font-bold text-blue-600"[39m
              [36m>[39m
                [0m3.0[0m
              [36m</p>[39m
              [36m<p[39m
                [33mclass[39m=[32m"text-sm text-gray-500"[39m
              [36m>[39m
                [0mhours remaining[0m
              [36m</p>[39m
            [36m</div>[39m
            [36m<div[39m
              [33mclass[39m=[32m"space-y-2"[39m
            [36m>[39m
              [36m<div[39m
                [33mclass[39m=[32m"flex justify-between text-sm"[39m
              [36m>[39m
                [36m<span>[39m
                  [0mHours Used[0m
                [36m</span>[39m
                [36m<span>[39m
                  [0m5[0m
                  [0m / [0m
                  [0m20[0m
                [36m</span>[39m
              [36m</div>[39m
              [36m<div[39m
                [33maria-valuemax[39m=[32m"100"[39m
                [33maria-valuemin[39m=[32m"0"[39m
                [33mclass[39m=[32m"bg-primary/20 relative w-full overflow-hidden rounded-full h-2"[39m
                [33mdata-max[39m=[32m"100"[39m
                [33mdata-slot[39m=[32m"progress"[39m
                [33mdata-state[39m=[32m"indeterminate"[39m
                [33mrole[39m=[32m"progressbar"[39m
              [36m>[39m
                [36m<div[39m
                  [33mclass[39m=[32m"bg-primary h-full w-full flex-1 transition-all"[39m
                  [33mdata-max[39m=[32m"100"[39m
                  [33mdata-slot[39m=[32m"progress-indicator"[39m
                  [33mdata-state[39m=[32m"indeterminate"[39m
                  [33mstyle[39m=[32m"transform: translateX(-75%);"[39m
                [36m/>[39m
              [36m</div>[39m
              [36m<p[39m
                [33mclass[39m=[32m"text-xs text-gray-500 text-center"[39m
              [36m>[39m
                [0m25.0[0m
                [0m% of purchased hours used[0m
              [36m</p>[39m
            [36m</div>[39m
            [36m<div[39m
              [33mclass[39m=[32m"grid grid-cols-2 gap-4 pt-4 border-t"[39m
            [36m>[39m
              [36m<div[39m
                [33mclass[39m=[32m"text-center"[39m
              [36m>[39m
                [36m<div[39m
                  [33mclass[39m=[32m"flex items-center justify-center mb-1"[39m
                [36m>[39m
                  [36m<svg[39m
                    [33maria-hidden[39m=[32m"true"[39m
                    [33mclass[39m=[32m"lucide lucide-trending-up h-4 w-4 text-green-500 mr-1"[39m
                    [33mfill[39m=[32m"none"[39m
                    [33mheight[39m=[32m"24"[39m
                    [33mstroke[39m=[32m"currentColor"[39m
                    [33mstroke-linecap[39m=[32m"round"[39m
                    [33mstroke-linejoin[39m=[32m"round"[39m
                    [33mstroke-width[39m=[32m"2"[39m
                    [33mviewBox[39m=[32m"0 0 24 24"[39m
                    [33mwidth[39m=[32m"24"[39m
                    [33mxmlns[39m=[32m"http://www.w3.org/2000/svg"[39m
                  [36m>[39m
                    [36m<path[39m
                      [33md[39m=[32m"M16 7h6v6"[39m
                    [36m/>[39m
                    [36m<path[39m
                      [33md[39m=[32m"m22 7-8.5 8.5-5-5L2 17"[39m
                    [36m/>[39m
                  [36m</svg>[39m
                  [36m<span[39m
                    [33mclass[39m=[32m"text-sm font-medium"[39m
                  [36m>[39m
                    [0mPurchased[0m
                  [36m</span>[39m
                [36m</div>[39m
                [36m<p[39m
                  [33mclass[39m=[32m"text-lg font-semibold"[39m
                [36m>[39m
                  [0m20[0m
                [36m</p>[39m
              [36m</div>[39m
              [36m<div[39m
                [33mclass[39m=[32m"text-center"[39m
              [36m>[39m
                [36m<div[39m
                  [33mclass[39m=[32m"flex items-center justify-center mb-1"[39m
                [36m>[39m
                  [36m<svg[39m
                    [33maria-hidden[39m=[32m"true"[39m
                    [33mclass[39m=[32m"lucide lucide-clock h-4 w-4 text-orange-500 mr-1"[39m
                    [33mfill[39m=[32m"none"[39m
                    [33mheight[39m=[32m"24"[39m
                    [33mstroke[39m=[32m"currentColor"[39m
                    [33mstroke-linecap[39m=[32m"round"[39m
                    [33mstroke-linejoin[39m=[32m"round"[39m
                    [33mstroke-width[39m=[32m"2"[39m
                    [33mviewBox[39m=[32m"0 0 24 24"[39m
                    [33mwidth[39m=[32m"24"[39m
                    [33mxmlns[39m=[32m"http://www.w3.org/2000/svg"[39m
                  [36m>[39m
                    [36m<circle[39m
                      [33mcx[39m=[32m"12"[39m
                      [33mcy[39m=[32m"12"[39m
                      [33mr[39m=[32m"10"[39m
                    [36m/>[39m
                    [36m<polyline[39m
                      [33mpoints[39m=[32m"12 6 12 12 16 14"[39m
                    [36m/>[39m
                  [36m</svg>[39m
                  [36m<span[39m
                    [33mclass[39m=[32m"text-sm font-medium"[39m
                  [36m>[39m
                    [0mUsed[0m
                  [36m</span>[39m
                [36m</div>[39m
                [36m<p[39m
                  [33mclass[39m=[32m"text-lg font-semibold"[39m
                [36m>[39m
                  [0m5[0m
                [36m</p>[39m
              [36m</div>[39m
            [36m</div>[39m
            [36m<div[39m
              [33mclass[39m=[32m"space-y-3 pt-4 border-t"[39m
            [36m>[39m
              [36m<div[39m
                [33mclass[39m=[32m"relative w-full rounded-lg border p-4 [&>svg~*]:pl-7 [&>svg+div]:translate-y-[-3px] [&>svg]:absolute [&>svg]:left-4 [&>svg]:top-4 border-destructive/50 text-destructive dark:border-destructive [&>svg]:text-destructive"[39m
                [33mrole[39m=[32m"alert"[39m
              [36m>[39m
                [36m<svg[39m
                  [33maria-hidden[39m=[32m"true"[39m
                  [33mclass[39m=[32m"lucide lucide-triangle-alert h-4 w-4"[39m
                  [33mfill[39m=[32m"none"[39m
                  [33mheight[39m=[32m"24"[39m
                  [33mstroke[39m=[32m"currentColor"[39m
                  [33mstroke-linecap[39m=[32m"round"[39m
                  [33mstroke-linejoin[39m=[32m"round"[39m
                  [33mstroke-width[39m=[32m"2"[39m
                  [33mviewBox[39m=[32m"0 0 24 24"[39m
                  [33mwidth[39m=[32m"24"[39m
                  [33mxmlns[39m=[32m"http://www.w3.org/2000/svg"[39m
                [36m>[39m
                  [36m<path[39m
                    [33md[39m=[32m"m21.73 18-8-14a2 2 0 0 0-3.48 0l-8 14A2 2 0 0 0 4 21h16a2 2 0 0 0 1.73-3"[39m
                  [36m/>[39m
                  [36m<path[39m
                    [33md[39m=[32m"M12 9v4"[39m
                  [36m/>[39m
                  [36m<path[39m
                    [33md[39m=[32m"M12 17h.01"[39m
                  [36m/>[39m
                [36m</svg>[39m
                [36m<div[39m
                  [33mclass[39m=[32m"text-sm [&_p]:leading-relaxed"[39m
                [36m>[39m
                  [0mYour hour balance is low! Consider purchasing more hours to continue your classes.[0m
                [36m</div>[39m
              [36m</div>[39m
            [36m</div>[39m
            [36m<div[39m
              [33mclass[39m=[32m"flex space-x-2 pt-4"[39m
            [36m/>[39m
            [36m<div[39m
              [33mclass[39m=[32m"text-xs text-gray-500 text-center pt-2 border-t"[39m
            [36m>[39m
              [0mLast activity: [0m
              [0m7/1/2024[0m
            [36m</div>[39m
          [36m</div>[39m
        [36m</div>[39m
      [36m</div>[39m
    [36m</body>[39m

      83 |     render(<HourBalanceDisplay studentId="student-1" />);
      84 |
    > 85 |     await waitFor(() => {
         |                  ^
      86 |       expect(screen.getByText('Low Balance')).toBeInTheDocument();
      87 |       expect(screen.getByText(/low hour balance/i)).toBeInTheDocument();
      88 |     });

      at waitForWrapper (node_modules/.pnpm/@testing-library+dom@10.4.0/node_modules/@testing-library/dom/dist/wait-for.js:163:27)
      at Object.<anonymous> (src/components/student/__tests__/HourBalanceDisplay.test.tsx:85:18)

  ● HourBalanceDisplay › shows expiring hours warning

    Unable to find an element with the text: 5.0 hours expiring soon. This could be because the text is broken up by multiple elements. In this case, you can provide a function for your text matcher to make your matcher more flexible.

    Ignored nodes: comments, script, style
    [36m<body>[39m
      [36m<div>[39m
        [36m<div[39m
          [33mclass[39m=[32m"bg-card text-card-foreground flex flex-col gap-6 rounded-xl border py-6 shadow-sm w-full"[39m
          [33mdata-slot[39m=[32m"card"[39m
        [36m>[39m
          [36m<div[39m
            [33mclass[39m=[32m"@container/card-header grid auto-rows-min grid-rows-[auto_auto] items-start gap-1.5 px-6 has-data-[slot=card-action]:grid-cols-[1fr_auto] [.border-b]:pb-6"[39m
            [33mdata-slot[39m=[32m"card-header"[39m
          [36m>[39m
            [36m<div[39m
              [33mclass[39m=[32m"leading-none font-semibold flex items-center justify-between"[39m
              [33mdata-slot[39m=[32m"card-title"[39m
            [36m>[39m
              [36m<span[39m
                [33mclass[39m=[32m"flex items-center"[39m
              [36m>[39m
                [36m<svg[39m
                  [33maria-hidden[39m=[32m"true"[39m
                  [33mclass[39m=[32m"lucide lucide-clock h-5 w-5 mr-2 text-blue-500"[39m
                  [33mfill[39m=[32m"none"[39m
                  [33mheight[39m=[32m"24"[39m
                  [33mstroke[39m=[32m"currentColor"[39m
                  [33mstroke-linecap[39m=[32m"round"[39m
                  [33mstroke-linejoin[39m=[32m"round"[39m
                  [33mstroke-width[39m=[32m"2"[39m
                  [33mviewBox[39m=[32m"0 0 24 24"[39m
                  [33mwidth[39m=[32m"24"[39m
                  [33mxmlns[39m=[32m"http://www.w3.org/2000/svg"[39m
                [36m>[39m
                  [36m<circle[39m
                    [33mcx[39m=[32m"12"[39m
                    [33mcy[39m=[32m"12"[39m
                    [33mr[39m=[32m"10"[39m
                  [36m/>[39m
                  [36m<polyline[39m
                    [33mpoints[39m=[32m"12 6 12 12 16 14"[39m
                  [36m/>[39m
                [36m</svg>[39m
                [0mHour Balance[0m
              [36m</span>[39m
              [36m<div[39m
                [33mclass[39m=[32m"inline-flex items-center rounded-full border px-2.5 py-0.5 text-xs font-semibold transition-colors focus:outline-none focus:ring-2 focus:ring-ring focus:ring-offset-2 border-transparent bg-primary text-primary-foreground hover:bg-primary/80"[39m
              [36m>[39m
                [0mActive[0m
              [36m</div>[39m
            [36m</div>[39m
          [36m</div>[39m
          [36m<div[39m
            [33mclass[39m=[32m"px-6 space-y-6"[39m
            [33mdata-slot[39m=[32m"card-content"[39m
          [36m>[39m
            [36m<div[39m
              [33mclass[39m=[32m"text-center"[39m
            [36m>[39m
              [36m<p[39m
                [33mclass[39m=[32m"text-3xl font-bold text-blue-600"[39m
              [36m>[39m
                [0m15.0[0m
              [36m</p>[39m
              [36m<p[39m
                [33mclass[39m=[32m"text-sm text-gray-500"[39m
              [36m>[39m
                [0mhours remaining[0m
              [36m</p>[39m
            [36m</div>[39m
            [36m<div[39m
              [33mclass[39m=[32m"space-y-2"[39m
            [36m>[39m
              [36m<div[39m
                [33mclass[39m=[32m"flex justify-between text-sm"[39m
              [36m>[39m
                [36m<span>[39m
                  [0mHours Used[0m
                [36m</span>[39m
                [36m<span>[39m
                  [0m5[0m
                  [0m / [0m
                  [0m20[0m
                [36m</span>[39m
              [36m</div>[39m
              [36m<div[39m
                [33maria-valuemax[39m=[32m"100"[39m
                [33maria-valuemin[39m=[32m"0"[39m
                [33mclass[39m=[32m"bg-primary/20 relative w-full overflow-hidden rounded-full h-2"[39m
                [33mdata-max[39m=[32m"100"[39m
                [33mdata-slot[39m=[32m"progress"[39m
                [33mdata-state[39m=[32m"indeterminate"[39m
                [33mrole[39m=[32m"progressbar"[39m
              [36m>[39m
                [36m<div[39m
                  [33mclass[39m=[32m"bg-primary h-full w-full flex-1 transition-all"[39m
                  [33mdata-max[39m=[32m"100"[39m
                  [33mdata-slot[39m=[32m"progress-indicator"[39m
                  [33mdata-state[39m=[32m"indeterminate"[39m
                  [33mstyle[39m=[32m"transform: translateX(-75%);"[39m
                [36m/>[39m
              [36m</div>[39m
              [36m<p[39m
                [33mclass[39m=[32m"text-xs text-gray-500 text-center"[39m
              [36m>[39m
                [0m25.0[0m
                [0m% of purchased hours used[0m
              [36m</p>[39m
            [36m</div>[39m
            [36m<div[39m
              [33mclass[39m=[32m"grid grid-cols-2 gap-4 pt-4 border-t"[39m
            [36m>[39m
              [36m<div[39m
                [33mclass[39m=[32m"text-center"[39m
              [36m>[39m
                [36m<div[39m
                  [33mclass[39m=[32m"flex items-center justify-center mb-1"[39m
                [36m>[39m
                  [36m<svg[39m
                    [33maria-hidden[39m=[32m"true"[39m
                    [33mclass[39m=[32m"lucide lucide-trending-up h-4 w-4 text-green-500 mr-1"[39m
                    [33mfill[39m=[32m"none"[39m
                    [33mheight[39m=[32m"24"[39m
                    [33mstroke[39m=[32m"currentColor"[39m
                    [33mstroke-linecap[39m=[32m"round"[39m
                    [33mstroke-linejoin[39m=[32m"round"[39m
                    [33mstroke-width[39m=[32m"2"[39m
                    [33mviewBox[39m=[32m"0 0 24 24"[39m
                    [33mwidth[39m=[32m"24"[39m
                    [33mxmlns[39m=[32m"http://www.w3.org/2000/svg"[39m
                  [36m>[39m
                    [36m<path[39m
                      [33md[39m=[32m"M16 7h6v6"[39m
                    [36m/>[39m
                    [36m<path[39m
                      [33md[39m=[32m"m22 7-8.5 8.5-5-5L2 17"[39m
                    [36m/>[39m
                  [36m</svg>[39m
                  [36m<span[39m
                    [33mclass[39m=[32m"text-sm font-medium"[39m
                  [36m>[39m
                    [0mPurchased[0m
                  [36m</span>[39m
                [36m</div>[39m
                [36m<p[39m
                  [33mclass[39m=[32m"text-lg font-semibold"[39m
                [36m>[39m
                  [0m20[0m
                [36m</p>[39m
              [36m</div>[39m
              [36m<div[39m
                [33mclass[39m=[32m"text-center"[39m
              [36m>[39m
                [36m<div[39m
                  [33mclass[39m=[32m"flex items-center justify-center mb-1"[39m
                [36m>[39m
                  [36m<svg[39m
                    [33maria-hidden[39m=[32m"true"[39m
                    [33mclass[39m=[32m"lucide lucide-clock h-4 w-4 text-orange-500 mr-1"[39m
                    [33mfill[39m=[32m"none"[39m
                    [33mheight[39m=[32m"24"[39m
                    [33mstroke[39m=[32m"currentColor"[39m
                    [33mstroke-linecap[39m=[32m"round"[39m
                    [33mstroke-linejoin[39m=[32m"round"[39m
                    [33mstroke-width[39m=[32m"2"[39m
                    [33mviewBox[39m=[32m"0 0 24 24"[39m
                    [33mwidth[39m=[32m"24"[39m
                    [33mxmlns[39m=[32m"http://www.w3.org/2000/svg"[39m
                  [36m>[39m
                    [36m<circle[39m
                      [33mcx[39m=[32m"12"[39m
                      [33mcy[39m=[32m"12"[39m
                      [33mr[39m=[32m"10"[39m
                    [36m/>[39m
                    [36m<polyline[39m
                      [33mpoints[39m=[32m"12 6 12 12 16 14"[39m
                    [36m/>[39m
                  [36m</svg>[39m
                  [36m<span[39m
                    [33mclass[39m=[32m"text-sm font-medium"[39m
                  [36m>[39m
                    [0mUsed[0m
                  [36m</span>[39m
                [36m</div>[39m
                [36m<p[39m
                  [33mclass[39m=[32m"text-lg font-semibold"[39m
                [36m>[39m
                  [0m5[0m
                [36m</p>[39m
              [36m</div>[39m
            [36m</div>[39m
            [36m<div[39m
              [33mclass[39m=[32m"space-y-3 pt-4 border-t"[39m
            [36m>[39m
              [36m<div[39m
                [33mclass[39m=[32m"relative w-full rounded-lg border p-4 [&>svg~*]:pl-7 [&>svg+div]:translate-y-[-3px] [&>svg]:absolute [&>svg]:left-4 [&>svg]:top-4 [&>svg]:text-foreground bg-background text-foreground"[39m
                [33mrole[39m=[32m"alert"[39m
              [36m>[39m
                [36m<svg[39m
                  [33maria-hidden[39m=[32m"true"[39m
                  [33mclass[39m=[32m"lucide lucide-calendar h-4 w-4"[39m
                  [33mfill[39m=[32m"none"[39m
                  [33mheight[39m=[32m"24"[39m
                  [33mstroke[39m=[32m"currentColor"[39m
                  [33mstroke-linecap[39m=[32m"round"[39m
                  [33mstroke-linejoin[39m=[32m"round"[39m
                  [33mstroke-width[39m=[32m"2"[39m
                  [33mviewBox[39m=[32m"0 0 24 24"[39m
                  [33mwidth[39m=[32m"24"[39m
                  [33mxmlns[39m=[32m"http://www.w3.org/2000/svg"[39m
                [36m>[39m
                  [36m<path[39m
                    [33md[39m=[32m"M8 2v4"[39m
                  [36m/>[39m
                  [36m<path[39m
                    [33md[39m=[32m"M16 2v4"[39m
                  [36m/>[39m
                  [36m<rect[39m
                    [33mheight[39m=[32m"18"[39m
                    [33mrx[39m=[32m"2"[39m
                    [33mwidth[39m=[32m"18"[39m
                    [33mx[39m=[32m"3"[39m
                    [33my[39m=[32m"4"[39m
                  [36m/>[39m
                  [36m<path[39m
                    [33md[39m=[32m"M3 10h18"[39m
                  [36m/>[39m
                [36m</svg>[39m
                [36m<div[39m
                  [33mclass[39m=[32m"text-sm [&_p]:leading-relaxed"[39m
                [36m>[39m
                  [0mYou have [0m
                  [0m5.0[0m
                  [0m hours expiring soon.[0m
                  [36m<span[39m
                    [33mclass[39m=[32m"block text-xs mt-1"[39m
                  [36m>[39m
                    [0mNext expiration: [0m
                    [0m7/20/2024[0m
                  [36m</span>[39m
                [36m</div>[39m
              [36m</div>[39m
            [36m</div>[39m
            [36m<div[39m
              [33mclass[39m=[32m"flex space-x-2 pt-4"[39m
            [36m/>[39m
            [36m<div[39m
              [33mclass[39m=[32m"text-xs text-gray-500 text-center pt-2 border-t"[39m
            [36m>[39m
              [0mLast activity: [0m
              [0m7/1/2024[0m
            [36m</div>[39m
          [36m</div>[39m
        [36m</div>[39m
      [36m</div>[39m
    [36m</body>[39m

      103 |     render(<HourBalanceDisplay studentId="student-1" />);
      104 |
    > 105 |     await waitFor(() => {
          |                  ^
      106 |       expect(screen.getByText('5.0 hours expiring soon')).toBeInTheDocument();
      107 |     });
      108 |   });

      at waitForWrapper (node_modules/.pnpm/@testing-library+dom@10.4.0/node_modules/@testing-library/dom/dist/wait-for.js:163:27)
      at Object.<anonymous> (src/components/student/__tests__/HourBalanceDisplay.test.tsx:105:18)

FAIL src/components/teacher/__tests__/TeacherClassManagement.test.tsx (10.696 s)
  ● TeacherClassManagement › Class Schedules › should display class schedules

    Found multiple elements with the text: /10:00 - 11:30/i

    Here are the matching elements:

    Ignored nodes: comments, script, style
    [36m<p[39m
      [33mclass[39m=[32m"text-sm text-muted-foreground"[39m
    [36m>[39m
      [0m10:00[0m
      [0m - [0m
      [0m11:30[0m
    [36m</p>[39m

    Ignored nodes: comments, script, style
    [36m<p[39m
      [33mclass[39m=[32m"text-sm text-muted-foreground"[39m
    [36m>[39m
      [0m10:00[0m
      [0m - [0m
      [0m11:30[0m
    [36m</p>[39m

    (If this is intentional, then use the `*AllBy*` variant of the query (like `queryAllByText`, `getAllByText`, or `findAllByText`)).

    Ignored nodes: comments, script, style
    [36m<body[39m
      [33mdata-scroll-locked[39m=[32m"1"[39m
      [33mstyle[39m=[32m"pointer-events: none;"[39m
    [36m>[39m
      [36m<span[39m
        [33maria-hidden[39m=[32m"true"[39m
        [33mdata-aria-hidden[39m=[32m"true"[39m
        [33mdata-radix-focus-guard[39m=[32m""[39m
        [33mstyle[39m=[32m"outline: none; opacity: 0; position: fixed; pointer-events: none;"[39m
        [33mtabindex[39m=[32m"0"[39m
      [36m/>[39m
      [36m<div[39m
        [33maria-hidden[39m=[32m"true"[39m
        [33mdata-aria-hidden[39m=[32m"true"[39m
      [36m>[39m
        [36m<div[39m
          [33mclass[39m=[32m"space-y-6"[39m
        [36m>[39m
          [36m<div[39m
            [33mclass[39m=[32m"flex flex-col gap-4 sm:flex-row sm:items-center sm:justify-between"[39m
          [36m>[39m
            [36m<div>[39m
              [36m<h2[39m
                [33mclass[39m=[32m"text-2xl font-bold"[39m
              [36m>[39m
                [0mClass Management[0m
              [36m</h2>[39m
              [36m<p[39m
                [33mclass[39m=[32m"text-muted-foreground"[39m
              [36m>[39m
                [0mManage your classes and schedules[0m
              [36m</p>[39m
            [36m</div>[39m
            [36m<button[39m
              [33mclass[39m=[32m"inline-flex items-center justify-center gap-2 whitespace-nowrap rounded-md text-sm font-medium transition-all disabled:pointer-events-none disabled:opacity-50 [&_svg]:pointer-events-none [&_svg:not([class*='size-'])]:size-4 shrink-0 [&_svg]:shrink-0 outline-none focus-visible:border-ring focus-visible:ring-ring/50 focus-visible:ring-[3px] aria-invalid:ring-destructive/20 dark:aria-invalid:ring-destructive/40 aria-invalid:border-destructive bg-primary text-primary-foreground shadow-xs hover:bg-primary/90 h-9 px-4 py-2 has-[>svg]:px-3"[39m
              [33mdata-slot[39m=[32m"button"[39m
            [36m>[39m
              [36m<svg[39m
                [33maria-hidden[39m=[32m"true"[39m
                [33mclass[39m=[32m"lucide lucide-plus mr-2 h-4 w-4"[39m
                [33mfill[39m=[32m"none"[39m
                [33mheight[39m=[32m"24"[39m
                [33mstroke[39m=[32m"currentColor"[39m
                [33mstroke-linecap[39m=[32m"round"[39m
                [33mstroke-linejoin[39m=[32m"round"[39m
                [33mstroke-width[39m=[32m"2"[39m
                [33mviewBox[39m=[32m"0 0 24 24"[39m
                [33mwidth[39m=[32m"24"[39m
                [33mxmlns[39m=[32m"http://www.w3.org/2000/svg"[39m
              [36m>[39m
                [36m<path[39m
                  [33md[39m=[32m"M5 12h14"[39m
                [36m/>[39m
                [36m<path[39m
                  [33md[39m=[32m"M12 5v14"[39m
                [36m/>[39m
              [36m</svg>[39m
              [0mNew Class[0m
            [36m</button>[39m
          [36m</div>[39m
          [36m<div[39m
            [33mclass[39m=[32m"flex flex-col gap-4 sm:flex-row sm:items-center"[39m
          [36m>[39m
            [36m<div[39m
              [33mclass[39m=[32m"relative flex-1"[39m
            [36m>[39m
              [36m<svg[39m
                [33maria-hidden[39m=[32m"true"[39m
                [33mclass[39m=[32m"lucide lucide-search absolute left-3 top-1/2 h-4 w-4 -translate-y-1/2 text-muted-foreground"[39m
                [33mfill[39m=[32m"none"[39m
                [33mheight[39m=[32m"24"[39m
                [33mstroke[39m=[32m"currentColor"[39m
                [33mstroke-linecap[39m=[32m"round"[39m
                [33mstroke-linejoin[39m=[32m"round"[39m
                [33mstroke-width[39m=[32m"2"[39m
                [33mviewBox[39m=[32m"0 0 24 24"[39m
                [33mwidth[39m=[32m"24"[39m
                [33mxmlns[39m=[32m"http://www.w3.org/2000/svg"[39m
              [36m>[39m
                [36m<path[39m
                  [33md[39m=[32m"m21 21-4.34-4.34"[39m
                [36m/>[39m
                [36m<circle[39m
                  [33mcx[39m=[32m"11"[39m
                  [33mcy[39m=[32m"11"[39m
                  [33mr[39m=[32m"8"[39m
                [36m/>[39m
              [36m</svg>[39m
              [36m<input[39m
                [33maria-label[39m=[32m"Search classes"[39m
                [33mclass[39m=[32m"file:text-foreground placeholder:text-muted-foreground selection:bg-primary selection:text-primary-foreground dark:bg-input/30 border-input flex h-9 w-full min-w-0 rounded-md border bg-transparent px-3 py-1 text-base shadow-xs transition-[color,box-shadow] outline-none file:inline-flex file:h-7 file:border-0 file:bg-transparent file:text-sm file:font-medium disabled:pointer-events-none disabled:cursor-not-allowed disabled:opacity-50 md:text-sm focus-visible:border-ring focus-visible:ring-ring/50 focus-visible:ring-[3px] aria-invalid:ring-destructive/20 dark:aria-invalid:ring-destructive/40 aria-invalid:border-destructive pl-9"[39m
                [33mdata-slot[39m=[32m"input"[39m
                [33mplaceholder[39m=[32m"Search classes..."[39m
                [33mrole[39m=[32m"searchbox"[39m
                [33mvalue[39m=[32m""[39m
              [36m/>[39m
            [36m</div>[39m
            [36m<button[39m
              [33maria-autocomplete[39m=[32m"none"[39m
              [33maria-controls[39m=[32m"radix-:rqj:"[39m
              [33maria-expanded[39m=[32m"false"[39m
              [33maria-label[39m=[32m"Filter by status"[39m
              [33mclass[39m=[32m"flex h-9 items-center justify-between rounded-md border border-input bg-transparent px-3 py-2 text-sm ring-offset-background placeholder:text-muted-foreground focus:outline-none focus:ring-2 focus:ring-ring focus:ring-offset-2 disabled:cursor-not-allowed disabled:opacity-50 [&>span]:line-clamp-1 w-[200px]"[39m
              [33mdata-state[39m=[32m"closed"[39m
              [33mdir[39m=[32m"ltr"[39m
              [33mrole[39m=[32m"combobox"[39m
              [33mtype[39m=[32m"button"[39m
            [36m>[39m
              [36m<span[39m
                [33mstyle[39m=[32m"pointer-events: none;"[39m
              [36m>[39m
                [0mAll statuses[0m
              [36m</span>[39m
              [36m<svg[39m
                [33maria-hidden[39m=[32m"true"[39m
                [33mclass[39m=[32m"lucide lucide-chevron-down h-4 w-4 opacity-50"[39m
                [33mfill[39m=[32m"none"[39m
                [33mheight[39m=[32m"24"[39m
                [33mstroke[39m=[32m"currentColor"[39m
                [33mstroke-linecap[39m=[32m"round"[39m
                [33mstroke-linejoin[39m=[32m"round"[39m
                [33mstroke-width[39m=[32m"2"[39m
                [33mviewBox[39m=[32m"0 0 24 24"[39m
                [33mwidth[39m=[32m"24"[39m
                [33mxmlns[39m=[32m"http://www.w3.org/2000/svg"[39m
              [36m>[39m
                [36m<path[39m
                  [33md[39m=[32m"m6 9 6 6 6-6"[39m
                [36m/>[39m
              [36m</svg>[39m
            [36m</button>[39m
          [36m</div>[39m
          [36m<div[39m
            [33mclass[39m=[32m"space-y-4"[39m
          [36m>[39m
            [36m<div[39m
              [33mclass[39m=[32m"flex items-center gap-2"[39m
    ...

      471 |       fireEvent.click(viewButtons[0]);
      472 |
    > 473 |       await waitFor(() => {
          |                    ^
      474 |         expect(screen.getByText(/monday/i)).toBeInTheDocument();
      475 |         expect(screen.getByText(/10:00 - 11:30/i)).toBeInTheDocument();
      476 |         expect(screen.getByText(/wednesday/i)).toBeInTheDocument();

      at waitForWrapper (node_modules/.pnpm/@testing-library+dom@10.4.0/node_modules/@testing-library/dom/dist/wait-for.js:163:27)
      at Object.<anonymous> (src/components/teacher/__tests__/TeacherClassManagement.test.tsx:473:20)

  ● TeacherClassManagement › Class Schedules › should add new schedule slot

    expect(jest.fn()).toHaveBeenCalledWith(...expected)

    Expected: ObjectContaining {"class_id": "1", "day_of_week": 5, "end_time": "15:30:00", "start_time": "14:00:00"}
    Received: {"class_id": "1", "day_of_week": 5, "effective_from": "2025-07-11", "end_time": "11:59:00", "start_time": "10:59:00"}

    Number of calls: 1

    Ignored nodes: comments, script, style
    [36m<html>[39m
      [36m<head />[39m
      [36m<body[39m
        [33mdata-scroll-locked[39m=[32m"1"[39m
        [33mstyle[39m=[32m"pointer-events: none;"[39m
      [36m>[39m
        [36m<div[39m
          [33maria-hidden[39m=[32m"true"[39m
        [36m>[39m
          [36m<div[39m
            [33mclass[39m=[32m"space-y-6"[39m
          [36m>[39m
            [36m<div[39m
              [33mclass[39m=[32m"flex flex-col gap-4 sm:flex-row sm:items-center sm:justify-between"[39m
            [36m>[39m
              [36m<div>[39m
                [36m<h2[39m
                  [33mclass[39m=[32m"text-2xl font-bold"[39m
                [36m>[39m
                  [0mClass Management[0m
                [36m</h2>[39m
                [36m<p[39m
                  [33mclass[39m=[32m"text-muted-foreground"[39m
                [36m>[39m
                  [0mManage your classes and schedules[0m
                [36m</p>[39m
              [36m</div>[39m
              [36m<button[39m
                [33mclass[39m=[32m"inline-flex items-center justify-center gap-2 whitespace-nowrap rounded-md text-sm font-medium transition-all disabled:pointer-events-none disabled:opacity-50 [&_svg]:pointer-events-none [&_svg:not([class*='size-'])]:size-4 shrink-0 [&_svg]:shrink-0 outline-none focus-visible:border-ring focus-visible:ring-ring/50 focus-visible:ring-[3px] aria-invalid:ring-destructive/20 dark:aria-invalid:ring-destructive/40 aria-invalid:border-destructive bg-primary text-primary-foreground shadow-xs hover:bg-primary/90 h-9 px-4 py-2 has-[>svg]:px-3"[39m
                [33mdata-slot[39m=[32m"button"[39m
              [36m>[39m
                [36m<svg[39m
                  [33maria-hidden[39m=[32m"true"[39m
                  [33mclass[39m=[32m"lucide lucide-plus mr-2 h-4 w-4"[39m
                  [33mfill[39m=[32m"none"[39m
                  [33mheight[39m=[32m"24"[39m
                  [33mstroke[39m=[32m"currentColor"[39m
                  [33mstroke-linecap[39m=[32m"round"[39m
                  [33mstroke-linejoin[39m=[32m"round"[39m
                  [33mstroke-width[39m=[32m"2"[39m
                  [33mviewBox[39m=[32m"0 0 24 24"[39m
                  [33mwidth[39m=[32m"24"[39m
                  [33mxmlns[39m=[32m"http://www.w3.org/2000/svg"[39m
                [36m>[39m
                  [36m<path[39m
                    [33md[39m=[32m"M5 12h14"[39m
                  [36m/>[39m
                  [36m<path[39m
                    [33md[39m=[32m"M12 5v14"[39m
                  [36m/>[39m
                [36m</svg>[39m
                [0mNew Class[0m
              [36m</button>[39m
            [36m</div>[39m
            [36m<div[39m
              [33mclass[39m=[32m"flex flex-col gap-4 sm:flex-row sm:items-center"[39m
            [36m>[39m
              [36m<div[39m
                [33mclass[39m=[32m"relative flex-1"[39m
              [36m>[39m
                [36m<svg[39m
                  [33maria-hidden[39m=[32m"true"[39m
                  [33mclass[39m=[32m"lucide lucide-search absolute left-3 top-1/2 h-4 w-4 -translate-y-1/2 text-muted-foreground"[39m
                  [33mfill[39m=[32m"none"[39m
                  [33mheight[39m=[32m"24"[39m
                  [33mstroke[39m=[32m"currentColor"[39m
                  [33mstroke-linecap[39m=[32m"round"[39m
                  [33mstroke-linejoin[39m=[32m"round"[39m
                  [33mstroke-width[39m=[32m"2"[39m
                  [33mviewBox[39m=[32m"0 0 24 24"[39m
                  [33mwidth[39m=[32m"24"[39m
                  [33mxmlns[39m=[32m"http://www.w3.org/2000/svg"[39m
                [36m>[39m
                  [36m<path[39m
                    [33md[39m=[32m"m21 21-4.34-4.34"[39m
                  [36m/>[39m
                  [36m<circle[39m
                    [33mcx[39m=[32m"11"[39m
                    [33mcy[39m=[32m"11"[39m
                    [33mr[39m=[32m"8"[39m
                  [36m/>[39m
                [36m</svg>[39m
                [36m<input[39m
                  [33maria-label[39m=[32m"Search classes"[39m
                  [33mclass[39m=[32m"file:text-foreground placeholder:text-muted-foreground selection:bg-primary selection:text-primary-foreground dark:bg-input/30 border-input flex h-9 w-full min-w-0 rounded-md border bg-transparent px-3 py-1 text-base shadow-xs transition-[color,box-shadow] outline-none file:inline-flex file:h-7 file:border-0 file:bg-transparent file:text-sm file:font-medium disabled:pointer-events-none disabled:cursor-not-allowed disabled:opacity-50 md:text-sm focus-visible:border-ring focus-visible:ring-ring/50 focus-visible:ring-[3px] aria-invalid:ring-destructive/20 dark:aria-invalid:ring-destructive/40 aria-invalid:border-destructive pl-9"[39m
                  [33mdata-slot[39m=[32m"input"[39m
                  [33mplaceholder[39m=[32m"Search classes..."[39m
                  [33mrole[39m=[32m"searchbox"[39m
                  [33mvalue[39m=[32m""[39m
                [36m/>[39m
              [36m</div>[39m
              [36m<button[39m
                [33maria-autocomplete[39m=[32m"none"[39m
                [33maria-controls[39m=[32m"radix-:rt3:"[39m
                [33maria-expanded[39m=[32m"false"[39m
                [33maria-label[39m=[32m"Filter by status"[39m
                [33mclass[39m=[32m"flex h-9 items-center justify-between rounded-md border border-input bg-transparent px-3 py-2 text-sm ring-offset-background placeholder:text-muted-foreground focus:outline-none focus:ring-2 focus:ring-ring focus:ring-offset-2 disabled:cursor-not-allowed disabled:opacity-50 [&>span]:line-clamp-1 w-[200px]"[39m
                [33mdata-state[39m=[32m"closed"[39m
                [33mdir[39m=[32m"ltr"[39m
                [33mrole[39m=[32m"combobox"[39m
                [33mtype[39m=[32m"button"[39m
              [36m>[39m
                [36m<span[39m
                  [33mstyle[39m=[32m"pointer-events: none;"[39m
                [36m>[39m
                  [0mAll statuses[0m
                [36m</span>[39m
                [36m<svg[39m
                  [33maria-hidden[39m=[32m"true"[39m
                  [33mclass[39m=[32m"lucide lucide-chevron-down h-4 w-4 opacity-50"[39m
                  [33mfill[39m=[32m"none"[39m
                  [33mheight[39m=[32m"24"[39m
                  [33mstroke[39m=[32m"currentColor"[39m
                  [33mstroke-linecap[39m=[32m"round"[39m
                  [33mstroke-linejoin[39m=[32m"round"[39m
                  [33mstroke-width[39m=[32m"2"[39m
                  [33mviewBox[39m=[32m"0 0 24 24"[39m
                  [33mwidth[39m=[32m"24"[39m
                  [33mxmlns[39m=[32m"http://www.w3.org/2000/svg"[39m
                [36m>[39m
                  [36m<path[39m
                    [33md[39m=[32m"m6 9 6 6 6-6"[39m
                  [36m/>[39m
                [36m</svg>[39m
              [36m</button>[39m
            [36m</div>[39m
            [36m<div[39m
              [33mclass[39m=[32m"space-y-4"[39m
            [36m>[39m
              [36m<div[39m
                [33mclass[39m=[32m"flex items-center gap-2"[39m
              [36m>[39m
                [36m<button[39m
             ...

      536 |
      537 |       await waitFor(() => {
    > 538 |         expect(mockInsert).toHaveBeenCalledWith(expect.objectContaining({
          |                            ^
      539 |           class_id: '1',
      540 |           day_of_week: 5,
      541 |           start_time: '14:00:00',

      at toHaveBeenCalledWith (src/components/teacher/__tests__/TeacherClassManagement.test.tsx:538:28)
      at runWithExpensiveErrorDiagnosticsDisabled (node_modules/.pnpm/@testing-library+dom@10.4.0/node_modules/@testing-library/dom/dist/config.js:47:12)
      at checkCallback (node_modules/.pnpm/@testing-library+dom@10.4.0/node_modules/@testing-library/dom/dist/wait-for.js:124:77)
      at checkRealTimersCallback (node_modules/.pnpm/@testing-library+dom@10.4.0/node_modules/@testing-library/dom/dist/wait-for.js:118:16)
      at Timeout.task [as _onTimeout] (node_modules/.pnpm/jsdom@26.1.0/node_modules/jsdom/lib/jsdom/browser/Window.js:579:19)

  ● TeacherClassManagement › Student Roster › should display enrolled students

    Unable to find an element with the text: John Doe. This could be because the text is broken up by multiple elements. In this case, you can provide a function for your text matcher to make your matcher more flexible.

    Ignored nodes: comments, script, style
    [36m<body[39m
      [33mdata-scroll-locked[39m=[32m"1"[39m
      [33mstyle[39m=[32m"pointer-events: none;"[39m
    [36m>[39m
      [36m<span[39m
        [33maria-hidden[39m=[32m"true"[39m
        [33mdata-aria-hidden[39m=[32m"true"[39m
        [33mdata-radix-focus-guard[39m=[32m""[39m
        [33mstyle[39m=[32m"outline: none; opacity: 0; position: fixed; pointer-events: none;"[39m
        [33mtabindex[39m=[32m"0"[39m
      [36m/>[39m
      [36m<div[39m
        [33maria-hidden[39m=[32m"true"[39m
        [33mdata-aria-hidden[39m=[32m"true"[39m
      [36m>[39m
        [36m<div[39m
          [33mclass[39m=[32m"space-y-6"[39m
        [36m>[39m
          [36m<div[39m
            [33mclass[39m=[32m"flex flex-col gap-4 sm:flex-row sm:items-center sm:justify-between"[39m
          [36m>[39m
            [36m<div>[39m
              [36m<h2[39m
                [33mclass[39m=[32m"text-2xl font-bold"[39m
              [36m>[39m
                [0mClass Management[0m
              [36m</h2>[39m
              [36m<p[39m
                [33mclass[39m=[32m"text-muted-foreground"[39m
              [36m>[39m
                [0mManage your classes and schedules[0m
              [36m</p>[39m
            [36m</div>[39m
            [36m<button[39m
              [33mclass[39m=[32m"inline-flex items-center justify-center gap-2 whitespace-nowrap rounded-md text-sm font-medium transition-all disabled:pointer-events-none disabled:opacity-50 [&_svg]:pointer-events-none [&_svg:not([class*='size-'])]:size-4 shrink-0 [&_svg]:shrink-0 outline-none focus-visible:border-ring focus-visible:ring-ring/50 focus-visible:ring-[3px] aria-invalid:ring-destructive/20 dark:aria-invalid:ring-destructive/40 aria-invalid:border-destructive bg-primary text-primary-foreground shadow-xs hover:bg-primary/90 h-9 px-4 py-2 has-[>svg]:px-3"[39m
              [33mdata-slot[39m=[32m"button"[39m
            [36m>[39m
              [36m<svg[39m
                [33maria-hidden[39m=[32m"true"[39m
                [33mclass[39m=[32m"lucide lucide-plus mr-2 h-4 w-4"[39m
                [33mfill[39m=[32m"none"[39m
                [33mheight[39m=[32m"24"[39m
                [33mstroke[39m=[32m"currentColor"[39m
                [33mstroke-linecap[39m=[32m"round"[39m
                [33mstroke-linejoin[39m=[32m"round"[39m
                [33mstroke-width[39m=[32m"2"[39m
                [33mviewBox[39m=[32m"0 0 24 24"[39m
                [33mwidth[39m=[32m"24"[39m
                [33mxmlns[39m=[32m"http://www.w3.org/2000/svg"[39m
              [36m>[39m
                [36m<path[39m
                  [33md[39m=[32m"M5 12h14"[39m
                [36m/>[39m
                [36m<path[39m
                  [33md[39m=[32m"M12 5v14"[39m
                [36m/>[39m
              [36m</svg>[39m
              [0mNew Class[0m
            [36m</button>[39m
          [36m</div>[39m
          [36m<div[39m
            [33mclass[39m=[32m"flex flex-col gap-4 sm:flex-row sm:items-center"[39m
          [36m>[39m
            [36m<div[39m
              [33mclass[39m=[32m"relative flex-1"[39m
            [36m>[39m
              [36m<svg[39m
                [33maria-hidden[39m=[32m"true"[39m
                [33mclass[39m=[32m"lucide lucide-search absolute left-3 top-1/2 h-4 w-4 -translate-y-1/2 text-muted-foreground"[39m
                [33mfill[39m=[32m"none"[39m
                [33mheight[39m=[32m"24"[39m
                [33mstroke[39m=[32m"currentColor"[39m
                [33mstroke-linecap[39m=[32m"round"[39m
                [33mstroke-linejoin[39m=[32m"round"[39m
                [33mstroke-width[39m=[32m"2"[39m
                [33mviewBox[39m=[32m"0 0 24 24"[39m
                [33mwidth[39m=[32m"24"[39m
                [33mxmlns[39m=[32m"http://www.w3.org/2000/svg"[39m
              [36m>[39m
                [36m<path[39m
                  [33md[39m=[32m"m21 21-4.34-4.34"[39m
                [36m/>[39m
                [36m<circle[39m
                  [33mcx[39m=[32m"11"[39m
                  [33mcy[39m=[32m"11"[39m
                  [33mr[39m=[32m"8"[39m
                [36m/>[39m
              [36m</svg>[39m
              [36m<input[39m
                [33maria-label[39m=[32m"Search classes"[39m
                [33mclass[39m=[32m"file:text-foreground placeholder:text-muted-foreground selection:bg-primary selection:text-primary-foreground dark:bg-input/30 border-input flex h-9 w-full min-w-0 rounded-md border bg-transparent px-3 py-1 text-base shadow-xs transition-[color,box-shadow] outline-none file:inline-flex file:h-7 file:border-0 file:bg-transparent file:text-sm file:font-medium disabled:pointer-events-none disabled:cursor-not-allowed disabled:opacity-50 md:text-sm focus-visible:border-ring focus-visible:ring-ring/50 focus-visible:ring-[3px] aria-invalid:ring-destructive/20 dark:aria-invalid:ring-destructive/40 aria-invalid:border-destructive pl-9"[39m
                [33mdata-slot[39m=[32m"input"[39m
                [33mplaceholder[39m=[32m"Search classes..."[39m
                [33mrole[39m=[32m"searchbox"[39m
                [33mvalue[39m=[32m""[39m
              [36m/>[39m
            [36m</div>[39m
            [36m<button[39m
              [33maria-autocomplete[39m=[32m"none"[39m
              [33maria-controls[39m=[32m"radix-:r12p:"[39m
              [33maria-expanded[39m=[32m"false"[39m
              [33maria-label[39m=[32m"Filter by status"[39m
              [33mclass[39m=[32m"flex h-9 items-center justify-between rounded-md border border-input bg-transparent px-3 py-2 text-sm ring-offset-background placeholder:text-muted-foreground focus:outline-none focus:ring-2 focus:ring-ring focus:ring-offset-2 disabled:cursor-not-allowed disabled:opacity-50 [&>span]:line-clamp-1 w-[200px]"[39m
              [33mdata-state[39m=[32m"closed"[39m
              [33mdir[39m=[32m"ltr"[39m
              [33mrole[39m=[32m"combobox"[39m
              [33mtype[39m=[32m"button"[39m
            [36m>[39m
              [36m<span[39m
                [33mstyle[39m=[32m"pointer-events: none;"[39m
              [36m>[39m
                [0mAll statuses[0m
              [36m</span>[39m
              [36m<svg[39m
                [33maria-hidden[39m=[32m"true"[39m
                [33mclass[39m=[32m"lucide lucide-chevron-down h-4 w-4 opacity-50"[39m
                [33mfill[39m=[32m"none"[39m
                [33mheight[39m=[32m"24"[39m
                [33mstroke[39m=[32m"currentColor"[39m
                [33mstroke-linecap[39m=[32m"round"[39m
                [33mstroke-linejoin[39m=[32m"round"[39m
                [33mstroke-width[39m=[32m"2"[39m
                [33mviewBox[39m=[32m"0 0 24 24"[39m
                [33mwidth[39m=[32m"24"[39m
                [33mxmlns[39m=[32m"http://www.w3.org/2000/svg"[39m
              [36m>[39m
                [36m<path[39m
                  [33md[39m=[32m"m6 9 6 6 6-6"[39m
                [36m/>[39m
              [36m</svg>[39m
            [36m</button>[39m
          [36m</div>[39m
          [36m<div[39m
            [33mclass[39m=[32m"space-y-4"[39m
          [36m>[39m
            [36m<div[39m
              [33mclass[39m=[32m"flex items-center gap-2"[39m...

      638 |       fireEvent.click(rosterTab);
      639 |
    > 640 |       await waitFor(() => {
          |                    ^
      641 |         expect(screen.getByText('John Doe')).toBeInTheDocument();
      642 |         expect(screen.getByText('john@example.com')).toBeInTheDocument();
      643 |         expect(screen.getByText('Jane Smith')).toBeInTheDocument();

      at waitForWrapper (node_modules/.pnpm/@testing-library+dom@10.4.0/node_modules/@testing-library/dom/dist/wait-for.js:163:27)
      at Object.<anonymous> (src/components/teacher/__tests__/TeacherClassManagement.test.tsx:640:20)

  ● TeacherClassManagement › Student Roster › should remove student from class

    Unable to find an element with the text: John Doe. This could be because the text is broken up by multiple elements. In this case, you can provide a function for your text matcher to make your matcher more flexible.

    Ignored nodes: comments, script, style
    [36m<body[39m
      [33mdata-scroll-locked[39m=[32m"1"[39m
      [33mstyle[39m=[32m"pointer-events: none;"[39m
    [36m>[39m
      [36m<span[39m
        [33maria-hidden[39m=[32m"true"[39m
        [33mdata-aria-hidden[39m=[32m"true"[39m
        [33mdata-radix-focus-guard[39m=[32m""[39m
        [33mstyle[39m=[32m"outline: none; opacity: 0; position: fixed; pointer-events: none;"[39m
        [33mtabindex[39m=[32m"0"[39m
      [36m/>[39m
      [36m<div[39m
        [33maria-hidden[39m=[32m"true"[39m
        [33mdata-aria-hidden[39m=[32m"true"[39m
      [36m>[39m
        [36m<div[39m
          [33mclass[39m=[32m"space-y-6"[39m
        [36m>[39m
          [36m<div[39m
            [33mclass[39m=[32m"flex flex-col gap-4 sm:flex-row sm:items-center sm:justify-between"[39m
          [36m>[39m
            [36m<div>[39m
              [36m<h2[39m
                [33mclass[39m=[32m"text-2xl font-bold"[39m
              [36m>[39m
                [0mClass Management[0m
              [36m</h2>[39m
              [36m<p[39m
                [33mclass[39m=[32m"text-muted-foreground"[39m
              [36m>[39m
                [0mManage your classes and schedules[0m
              [36m</p>[39m
            [36m</div>[39m
            [36m<button[39m
              [33mclass[39m=[32m"inline-flex items-center justify-center gap-2 whitespace-nowrap rounded-md text-sm font-medium transition-all disabled:pointer-events-none disabled:opacity-50 [&_svg]:pointer-events-none [&_svg:not([class*='size-'])]:size-4 shrink-0 [&_svg]:shrink-0 outline-none focus-visible:border-ring focus-visible:ring-ring/50 focus-visible:ring-[3px] aria-invalid:ring-destructive/20 dark:aria-invalid:ring-destructive/40 aria-invalid:border-destructive bg-primary text-primary-foreground shadow-xs hover:bg-primary/90 h-9 px-4 py-2 has-[>svg]:px-3"[39m
              [33mdata-slot[39m=[32m"button"[39m
            [36m>[39m
              [36m<svg[39m
                [33maria-hidden[39m=[32m"true"[39m
                [33mclass[39m=[32m"lucide lucide-plus mr-2 h-4 w-4"[39m
                [33mfill[39m=[32m"none"[39m
                [33mheight[39m=[32m"24"[39m
                [33mstroke[39m=[32m"currentColor"[39m
                [33mstroke-linecap[39m=[32m"round"[39m
                [33mstroke-linejoin[39m=[32m"round"[39m
                [33mstroke-width[39m=[32m"2"[39m
                [33mviewBox[39m=[32m"0 0 24 24"[39m
                [33mwidth[39m=[32m"24"[39m
                [33mxmlns[39m=[32m"http://www.w3.org/2000/svg"[39m
              [36m>[39m
                [36m<path[39m
                  [33md[39m=[32m"M5 12h14"[39m
                [36m/>[39m
                [36m<path[39m
                  [33md[39m=[32m"M12 5v14"[39m
                [36m/>[39m
              [36m</svg>[39m
              [0mNew Class[0m
            [36m</button>[39m
          [36m</div>[39m
          [36m<div[39m
            [33mclass[39m=[32m"flex flex-col gap-4 sm:flex-row sm:items-center"[39m
          [36m>[39m
            [36m<div[39m
              [33mclass[39m=[32m"relative flex-1"[39m
            [36m>[39m
              [36m<svg[39m
                [33maria-hidden[39m=[32m"true"[39m
                [33mclass[39m=[32m"lucide lucide-search absolute left-3 top-1/2 h-4 w-4 -translate-y-1/2 text-muted-foreground"[39m
                [33mfill[39m=[32m"none"[39m
                [33mheight[39m=[32m"24"[39m
                [33mstroke[39m=[32m"currentColor"[39m
                [33mstroke-linecap[39m=[32m"round"[39m
                [33mstroke-linejoin[39m=[32m"round"[39m
                [33mstroke-width[39m=[32m"2"[39m
                [33mviewBox[39m=[32m"0 0 24 24"[39m
                [33mwidth[39m=[32m"24"[39m
                [33mxmlns[39m=[32m"http://www.w3.org/2000/svg"[39m
              [36m>[39m
                [36m<path[39m
                  [33md[39m=[32m"m21 21-4.34-4.34"[39m
                [36m/>[39m
                [36m<circle[39m
                  [33mcx[39m=[32m"11"[39m
                  [33mcy[39m=[32m"11"[39m
                  [33mr[39m=[32m"8"[39m
                [36m/>[39m
              [36m</svg>[39m
              [36m<input[39m
                [33maria-label[39m=[32m"Search classes"[39m
                [33mclass[39m=[32m"file:text-foreground placeholder:text-muted-foreground selection:bg-primary selection:text-primary-foreground dark:bg-input/30 border-input flex h-9 w-full min-w-0 rounded-md border bg-transparent px-3 py-1 text-base shadow-xs transition-[color,box-shadow] outline-none file:inline-flex file:h-7 file:border-0 file:bg-transparent file:text-sm file:font-medium disabled:pointer-events-none disabled:cursor-not-allowed disabled:opacity-50 md:text-sm focus-visible:border-ring focus-visible:ring-ring/50 focus-visible:ring-[3px] aria-invalid:ring-destructive/20 dark:aria-invalid:ring-destructive/40 aria-invalid:border-destructive pl-9"[39m
                [33mdata-slot[39m=[32m"input"[39m
                [33mplaceholder[39m=[32m"Search classes..."[39m
                [33mrole[39m=[32m"searchbox"[39m
                [33mvalue[39m=[32m""[39m
              [36m/>[39m
            [36m</div>[39m
            [36m<button[39m
              [33maria-autocomplete[39m=[32m"none"[39m
              [33maria-controls[39m=[32m"radix-:r159:"[39m
              [33maria-expanded[39m=[32m"false"[39m
              [33maria-label[39m=[32m"Filter by status"[39m
              [33mclass[39m=[32m"flex h-9 items-center justify-between rounded-md border border-input bg-transparent px-3 py-2 text-sm ring-offset-background placeholder:text-muted-foreground focus:outline-none focus:ring-2 focus:ring-ring focus:ring-offset-2 disabled:cursor-not-allowed disabled:opacity-50 [&>span]:line-clamp-1 w-[200px]"[39m
              [33mdata-state[39m=[32m"closed"[39m
              [33mdir[39m=[32m"ltr"[39m
              [33mrole[39m=[32m"combobox"[39m
              [33mtype[39m=[32m"button"[39m
            [36m>[39m
              [36m<span[39m
                [33mstyle[39m=[32m"pointer-events: none;"[39m
              [36m>[39m
                [0mAll statuses[0m
              [36m</span>[39m
              [36m<svg[39m
                [33maria-hidden[39m=[32m"true"[39m
                [33mclass[39m=[32m"lucide lucide-chevron-down h-4 w-4 opacity-50"[39m
                [33mfill[39m=[32m"none"[39m
                [33mheight[39m=[32m"24"[39m
                [33mstroke[39m=[32m"currentColor"[39m
                [33mstroke-linecap[39m=[32m"round"[39m
                [33mstroke-linejoin[39m=[32m"round"[39m
                [33mstroke-width[39m=[32m"2"[39m
                [33mviewBox[39m=[32m"0 0 24 24"[39m
                [33mwidth[39m=[32m"24"[39m
                [33mxmlns[39m=[32m"http://www.w3.org/2000/svg"[39m
              [36m>[39m
                [36m<path[39m
                  [33md[39m=[32m"m6 9 6 6 6-6"[39m
                [36m/>[39m
              [36m</svg>[39m
            [36m</button>[39m
          [36m</div>[39m
          [36m<div[39m
            [33mclass[39m=[32m"space-y-4"[39m
          [36m>[39m
            [36m<div[39m
              [33mclass[39m=[32m"flex items-center gap-2"[39m...

      687 |       fireEvent.click(rosterTab);
      688 |
    > 689 |       await waitFor(() => {
          |                    ^
      690 |         expect(screen.getByText('John Doe')).toBeInTheDocument();
      691 |       });
      692 |

      at waitForWrapper (node_modules/.pnpm/@testing-library+dom@10.4.0/node_modules/@testing-library/dom/dist/wait-for.js:163:27)
      at Object.<anonymous> (src/components/teacher/__tests__/TeacherClassManagement.test.tsx:689:20)

  ● TeacherClassManagement › Cancel and Reschedule › should cancel a class

    TestingLibraryElementError: Unable to find an accessible element with the role "menuitem" and name `/cancel class/i`

    Here are the accessible roles:

      heading:

      Name "Class Management":
      [36m<h2[39m
        [33mclass[39m=[32m"text-2xl font-bold"[39m
      [36m/>[39m

      --------------------------------------------------
      paragraph:

      Name "":
      [36m<p[39m
        [33mclass[39m=[32m"text-muted-foreground"[39m
      [36m/>[39m

      --------------------------------------------------
      button:

      Name "New Class":
      [36m<button[39m
        [33mclass[39m=[32m"inline-flex items-center justify-center gap-2 whitespace-nowrap rounded-md text-sm font-medium transition-all disabled:pointer-events-none disabled:opacity-50 [&_svg]:pointer-events-none [&_svg:not([class*='size-'])]:size-4 shrink-0 [&_svg]:shrink-0 outline-none focus-visible:border-ring focus-visible:ring-ring/50 focus-visible:ring-[3px] aria-invalid:ring-destructive/20 dark:aria-invalid:ring-destructive/40 aria-invalid:border-destructive bg-primary text-primary-foreground shadow-xs hover:bg-primary/90 h-9 px-4 py-2 has-[>svg]:px-3"[39m
        [33mdata-slot[39m=[32m"button"[39m
      [36m/>[39m

      Name "More options":
      [36m<button[39m
        [33maria-expanded[39m=[32m"false"[39m
        [33maria-haspopup[39m=[32m"menu"[39m
        [33maria-label[39m=[32m"More options"[39m
        [33mclass[39m=[32m"inline-flex items-center justify-center gap-2 whitespace-nowrap rounded-md text-sm font-medium transition-all disabled:pointer-events-none disabled:opacity-50 [&_svg]:pointer-events-none [&_svg:not([class*='size-'])]:size-4 shrink-0 [&_svg]:shrink-0 outline-none focus-visible:border-ring focus-visible:ring-ring/50 focus-visible:ring-[3px] aria-invalid:ring-destructive/20 dark:aria-invalid:ring-destructive/40 aria-invalid:border-destructive hover:bg-accent hover:text-accent-foreground dark:hover:bg-accent/50 size-9"[39m
        [33mdata-slot[39m=[32m"dropdown-menu-trigger"[39m
        [33mdata-state[39m=[32m"closed"[39m
        [33mid[39m=[32m"radix-:r17q:"[39m
        [33mtype[39m=[32m"button"[39m
      [36m/>[39m

      Name "Edit":
      [36m<button[39m
        [33mclass[39m=[32m"inline-flex items-center justify-center whitespace-nowrap text-sm font-medium transition-all disabled:pointer-events-none disabled:opacity-50 [&_svg]:pointer-events-none [&_svg:not([class*='size-'])]:size-4 shrink-0 [&_svg]:shrink-0 outline-none focus-visible:border-ring focus-visible:ring-ring/50 focus-visible:ring-[3px] aria-invalid:ring-destructive/20 dark:aria-invalid:ring-destructive/40 aria-invalid:border-destructive border bg-background shadow-xs hover:bg-accent hover:text-accent-foreground dark:bg-input/30 dark:border-input dark:hover:bg-input/50 h-8 rounded-md gap-1.5 px-3 has-[>svg]:px-2.5"[39m
        [33mdata-slot[39m=[32m"button"[39m
      [36m/>[39m

      Name "View Details":
      [36m<button[39m
        [33mclass[39m=[32m"inline-flex items-center justify-center whitespace-nowrap text-sm font-medium transition-all disabled:pointer-events-none disabled:opacity-50 [&_svg]:pointer-events-none [&_svg:not([class*='size-'])]:size-4 shrink-0 [&_svg]:shrink-0 outline-none focus-visible:border-ring focus-visible:ring-ring/50 focus-visible:ring-[3px] aria-invalid:ring-destructive/20 dark:aria-invalid:ring-destructive/40 aria-invalid:border-destructive border bg-background shadow-xs hover:bg-accent hover:text-accent-foreground dark:bg-input/30 dark:border-input dark:hover:bg-input/50 h-8 rounded-md gap-1.5 px-3 has-[>svg]:px-2.5"[39m
        [33mdata-slot[39m=[32m"button"[39m
      [36m/>[39m

      Name "More options":
      [36m<button[39m
        [33maria-expanded[39m=[32m"false"[39m
        [33maria-haspopup[39m=[32m"menu"[39m
        [33maria-label[39m=[32m"More options"[39m
        [33mclass[39m=[32m"inline-flex items-center justify-center gap-2 whitespace-nowrap rounded-md text-sm font-medium transition-all disabled:pointer-events-none disabled:opacity-50 [&_svg]:pointer-events-none [&_svg:not([class*='size-'])]:size-4 shrink-0 [&_svg]:shrink-0 outline-none focus-visible:border-ring focus-visible:ring-ring/50 focus-visible:ring-[3px] aria-invalid:ring-destructive/20 dark:aria-invalid:ring-destructive/40 aria-invalid:border-destructive hover:bg-accent hover:text-accent-foreground dark:hover:bg-accent/50 size-9"[39m
        [33mdata-slot[39m=[32m"dropdown-menu-trigger"[39m
        [33mdata-state[39m=[32m"closed"[39m
        [33mid[39m=[32m"radix-:r17s:"[39m
        [33mtype[39m=[32m"button"[39m
      [36m/>[39m

      Name "Edit":
      [36m<button[39m
        [33mclass[39m=[32m"inline-flex items-center justify-center whitespace-nowrap text-sm font-medium transition-all disabled:pointer-events-none disabled:opacity-50 [&_svg]:pointer-events-none [&_svg:not([class*='size-'])]:size-4 shrink-0 [&_svg]:shrink-0 outline-none focus-visible:border-ring focus-visible:ring-ring/50 focus-visible:ring-[3px] aria-invalid:ring-destructive/20 dark:aria-invalid:ring-destructive/40 aria-invalid:border-destructive border bg-background shadow-xs hover:bg-accent hover:text-accent-foreground dark:bg-input/30 dark:border-input dark:hover:bg-input/50 h-8 rounded-md gap-1.5 px-3 has-[>svg]:px-2.5"[39m
        [33mdata-slot[39m=[32m"button"[39m
      [36m/>[39m

      Name "View Details":
      [36m<button[39m
        [33mclass[39m=[32m"inline-flex items-center justify-center whitespace-nowrap text-sm font-medium transition-all disabled:pointer-events-none disabled:opacity-50 [&_svg]:pointer-events-none [&_svg:not([class*='size-'])]:size-4 shrink-0 [&_svg]:shrink-0 outline-none focus-visible:border-ring focus-visible:ring-ring/50 focus-visible:ring-[3px] aria-invalid:ring-destructive/20 dark:aria-invalid:ring-destructive/40 aria-invalid:border-destructive border bg-background shadow-xs hover:bg-accent hover:text-accent-foreground dark:bg-input/30 dark:border-input dark:hover:bg-input/50 h-8 rounded-md gap-1.5 px-3 has-[>svg]:px-2.5"[39m
        [33mdata-slot[39m=[32m"button"[39m
      [36m/>[39m

      Name "More options":
      [36m<button[39m
        [33maria-expanded[39m=[32m"false"[39m
        [33maria-haspopup[39m=[32m"menu"[39m
        [33maria-label[39m=[32m"More options"[39m
        [33mclass[39m=[32m"inline-flex items-center justify-center gap-2 whitespace-nowrap rounded-md text-sm font-medium transition-all disabled:pointer-events-none disabled:opacity-50 [&_svg]:pointer-events-none [&_svg:not([class*='size-'])]:size-4 shrink-0 [&_svg]:shrink-0 outline-none focus-visible:border-ring focus-visible:ring-ring/50 focus-visible:ring-[3px] aria-invalid:ring-destructive/20 dark:aria-invalid:ring-destructive/40 aria-invalid:border-destructive hover:bg-accent hover:text-accent-foreground dark:hover:bg-accent/50 size-9"[39m
        [33mdata-slot[39m=[32m"dropdown-menu-trigger"[39m
        [33mdata-state[39m=[32m"closed"[39m
        [33mid[39m=[32m"radix-:r17u:"[39m
        [33mtype[39m=[32m"button"[39m
      [36m/>[39m

      Name "Edit":
      [36m<button[39m
        [33mclass[39m=[32m"inline-flex items-center justify-center whitespace-nowrap text-sm font-medium transition-all disabled:pointer-events-none disabled:opacity-50 [&_svg]:pointer-events-none [&_svg:not([class*='size-'])]:size-4 shrink-0 [&_svg]:shrink-0 outline-none focus-visible:border-ring focus-visible:ring-ring/50 focus-visible:ring-[3px] aria-invalid:ring-destructive/20 dark:aria-invalid:ring-destructive/40 aria-invalid:border-destructive border bg-background shadow-xs hover:bg-accent hover:text-accent-foreground dark:bg-input/30 dark:border-input dark:hover:bg-input/50 h-8 rounded-md gap-1.5 px-3 has-[>svg]:px-2.5"[39m
        [33mdata-slot[39m=[32m"button"[39m
      [36m/>[39m

      Name "View Details":
      [36m<button[39m
        [33mclass[39m=[32m"inline-flex items-center justify-center whitespace-nowrap text-sm font-medium transition-all disabled:pointer-events-none disabled:opacity-50 [&_svg]:pointer-events-none [&_svg:not([class*='size-'])]:size-4 shrink-0 [&_svg]:shrink-0 outline-none focus-visible:border-ring focus-visible:ring-ring/50 focus-visible:ring-[3px] aria-invalid:ring-destructive/20 dark:aria-invalid:ring-destructive/40 aria-invalid:border-destructive border bg-background shadow-xs hover:bg-accent hover:text-accent-foreground dark:bg-input/30 dark:border-input dark:hover:bg-input/50 h-8 rounded-md gap-1.5 px-3 has-[>svg]:px-2.5"[39m
        [33mdata-slot[39m=[32m"button"[39m
      [36m/>[39m

      --------------------------------------------------
      searchbox:

      Name "Search classes":
      [36m<input[39m
        [33maria-label[39m=[32m"Search classes"[39m
        [33mclass[39m=[32m"file:text-foreground placeholder:text-muted-foreground selection:bg-primary selection:text-primary-foreground dark:bg-input/30 border-input flex h-9 w-full min-w-0 rounded-md border bg-transparent px-3 py-1 text-base shadow-xs transition-[color,box-shadow] outline-none file:inline-flex file:h-7 file:border-0 file:bg-transparent file:text-sm file:font-medium disabled:pointer-events-none disabled:cursor-not-allowed disabled:opacity-50 md:text-sm focus-visible:border-ring focus-visible:ring-ring/50 focus-visible:ring-[3px] aria-invalid:ring-destructive/20 dark:aria-invalid:ring-destructive/40 aria-invalid:border-destructive pl-9"[39m
        [33mdata-slot[39m=[32m"input"[39m
        [33mplaceholder[39m=[32m"Search classes..."[39m
        [33mrole[39m=[32m"searchbox"[39m
        [33mvalue[39m=[32m""[39m
      [36m/>[39m

      --------------------------------------------------
      combobox:

      Name "Filter by status":
      [36m<button[39m
        [33maria-autocomplete[39m=[32m"none"[39m
        [33maria-controls[39m=[32m"radix-:r17p:"[39m
        [33maria-expanded[39m=[32m"false"[39m
        [33maria-label[39m=[32m"Filter by status"[39m
        [33mclass[39m=[32m"flex h-9 items-center justify-between rounded-md border border-input bg-transparent px-3 py-2 text-sm ring-offset-background placeholder:text-muted-foreground focus:outline-none focus:ring-2 focus:ring-ring focus:ring-offset-2 disabled:cursor-not-allowed disabled:opacity-50 [&>span]:line-clamp-1 w-[200px]"[39m
        [33mdata-state[39m=[32m"closed"[39m
        [33mdir[39m=[32m"ltr"[39m
        [33mrole[39m=[32m"combobox"[39m
        [33mtype[39m=[32m"button"[39m
      [36m/>[39m

      --------------------------------------------------
      checkbox:

      Name "":
      [36m<button[39m
        [33maria-checked[39m=[32m"false"[39m
        [33mclass[39m=[32m"peer h-4 w-4 shrink-0 rounded-sm border border-primary ring-offset-background focus-visible:outline-none focus-visible:ring-2 focus-visible:ring-ring focus-visible:ring-offset-2 disabled:cursor-not-allowed disabled:opacity-50 data-[state=checked]:bg-primary data-[state=checked]:text-primary-foreground"[39m
        [33mdata-state[39m=[32m"unchecked"[39m
        [33mrole[39m=[32m"checkbox"[39m
        [33mtype[39m=[32m"button"[39m
        [33mvalue[39m=[32m"on"[39m
      [36m/>[39m

      Name "":
      [36m<button[39m
        [33maria-checked[39m=[32m"false"[39m
        [33mclass[39m=[32m"peer h-4 w-4 shrink-0 rounded-sm border border-primary ring-offset-background focus-visible:outline-none focus-visible:ring-2 focus-visible:ring-ring focus-visible:ring-offset-2 disabled:cursor-not-allowed disabled:opacity-50 data-[state=checked]:bg-primary data-[state=checked]:text-primary-foreground"[39m
        [33mdata-state[39m=[32m"unchecked"[39m
        [33mrole[39m=[32m"checkbox"[39m
        [33mtype[39m=[32m"button"[39m
        [33mvalue[39m=[32m"on"[39m
      [36m/>[39m

      Name "":
      [36m<button[39m
        [33maria-checked[39m=[32m"false"[39m
        [33mclass[39m=[32m"peer h-4 w-4 shrink-0 rounded-sm border border-primary ring-offset-background focus-visible:outline-none focus-visible:ring-2 focus-visible:ring-ring focus-visible:ring-offset-2 disabled:cursor-not-allowed disabled:opacity-50 data-[state=checked]:bg-primary data-[state=checked]:text-primary-foreground"[39m
        [33mdata-state[39m=[32m"unchecked"[39m
        [33mrole[39m=[32m"checkbox"[39m
        [33mtype[39m=[32m"button"[39m
        [33mvalue[39m=[32m"on"[39m
      [36m/>[39m

      Name "":
      [36m<button[39m
        [33maria-checked[39m=[32m"false"[39m
        [33mclass[39m=[32m"peer h-4 w-4 shrink-0 rounded-sm border border-primary ring-offset-background focus-visible:outline-none focus-visible:ring-2 focus-visible:ring-ring focus-visible:ring-offset-2 disabled:cursor-not-allowed disabled:opacity-50 data-[state=checked]:bg-primary data-[state=checked]:text-primary-foreground"[39m
        [33mdata-state[39m=[32m"unchecked"[39m
        [33mrole[39m=[32m"checkbox"[39m
        [33mtype[39m=[32m"button"[39m
        [33mvalue[39m=[32m"on"[39m
      [36m/>[39m

      --------------------------------------------------

    Ignored nodes: comments, script, style
    [36m<body[39m
      [33mstyle[39m=[32m""[39m
    [36m>[39m
      [36m<div>[39m
        [36m<div[39m
          [33mclass[39m=[32m"space-y-6"[39m
        [36m>[39m
          [36m<div[39m
            [33mclass[39m=[32m"flex flex-col gap-4 sm:flex-row sm:items-center sm:justify-between"[39m
          [36m>[39m
            [36m<div>[39m
              [36m<h2[39m
                [33mclass[39m=[32m"text-2xl font-bold"[39m
              [36m>[39m
                [0mClass Management[0m
              [36m</h2>[39m
              [36m<p[39m
                [33mclass[39m=[32m"text-muted-foreground"[39m
              [36m>[39m
                [0mManage your classes and schedules[0m
              [36m</p>[39m
            [36m</div>[39m
            [36m<button[39m
              [33mclass[39m=[32m"inline-flex items-center justify-center gap-2 whitespace-nowrap rounded-md text-sm font-medium transition-all disabled:pointer-events-none disabled:opacity-50 [&_svg]:pointer-events-none [&_svg:not([class*='size-'])]:size-4 shrink-0 [&_svg]:shrink-0 outline-none focus-visible:border-ring focus-visible:ring-ring/50 focus-visible:ring-[3px] aria-invalid:ring-destructive/20 dark:aria-invalid:ring-destructive/40 aria-invalid:border-destructive bg-primary text-primary-foreground shadow-xs hover:bg-primary/90 h-9 px-4 py-2 has-[>svg]:px-3"[39m
              [33mdata-slot[39m=[32m"button"[39m
            [36m>[39m
              [36m<svg[39m
                [33maria-hidden[39m=[32m"true"[39m
                [33mclass[39m=[32m"lucide lucide-plus mr-2 h-4 w-4"[39m
                [33mfill[39m=[32m"none"[39m
                [33mheight[39m=[32m"24"[39m
                [33mstroke[39m=[32m"currentColor"[39m
                [33mstroke-linecap[39m=[32m"round"[39m
                [33mstroke-linejoin[39m=[32m"round"[39m
                [33mstroke-width[39m=[32m"2"[39m
                [33mviewBox[39m=[32m"0 0 24 24"[39m
                [33mwidth[39m=[32m"24"[39m
                [33mxmlns[39m=[32m"http://www.w3.org/2000/svg"[39m
              [36m>[39m
                [36m<path[39m
                  [33md[39m=[32m"M5 12h14"[39m
                [36m/>[39m
                [36m<path[39m
                  [33md[39m=[32m"M12 5v14"[39m
                [36m/>[39m
              [36m</svg>[39m
              [0mNew Class[0m
            [36m</button>[39m
          [36m</div>[39m
          [36m<div[39m
            [33mclass[39m=[32m"flex flex-col gap-4 sm:flex-row sm:items-center"[39m
          [36m>[39m
            [36m<div[39m
              [33mclass[39m=[32m"relative flex-1"[39m
            [36m>[39m
              [36m<svg[39m
                [33maria-hidden[39m=[32m"true"[39m
                [33mclass[39m=[32m"lucide lucide-search absolute left-3 top-1/2 h-4 w-4 -translate-y-1/2 text-muted-foreground"[39m
                [33mfill[39m=[32m"none"[39m
                [33mheight[39m=[32m"24"[39m
                [33mstroke[39m=[32m"currentColor"[39m
                [33mstroke-linecap[39m=[32m"round"[39m
                [33mstroke-linejoin[39m=[32m"round"[39m
                [33mstroke-width[39m=[32m"2"[39m
                [33mviewBox[39m=[32m"0 0 24 24"[39m
                [33mwidth[39m=[32m"24"[39m
                [33mxmlns[39m=[32m"http://www.w3.org/2000/svg"[39m
              [36m>[39m
                [36m<path[39m
                  [33md[39m=[32m"m21 21-4.34-4.34"[39m
                [36m/>[39m
                [36m<circle[39m
                  [33mcx[39m=[32m"11"[39m
                  [33mcy[39m=[32m"11"[39m
                  [33mr[39m=[32m"8"[39m
                [36m/>[39m
              [36m</svg>[39m
              [36m<input[39m
                [33maria-label[39m=[32m"Search classes"[39m
                [33mclass[39m=[32m"file:text-foreground placeholder:text-muted-foreground selection:bg-primary selection:text-primary-foreground dark:bg-input/30 border-input flex h-9 w-full min-w-0 rounded-md border bg-transparent px-3 py-1 text-base shadow-xs transition-[color,box-shadow] outline-none file:inline-flex file:h-7 file:border-0 file:bg-transparent file:text-sm file:font-medium disabled:pointer-events-none disabled:cursor-not-allowed disabled:opacity-50 md:text-sm focus-visible:border-ring focus-visible:ring-ring/50 focus-visible:ring-[3px] aria-invalid:ring-destructive/20 dark:aria-invalid:ring-destructive/40 aria-invalid:border-destructive pl-9"[39m
                [33mdata-slot[39m=[32m"input"[39m
                [33mplaceholder[39m=[32m"Search classes..."[39m
                [33mrole[39m=[32m"searchbox"[39m
                [33mvalue[39m=[32m""[39m
              [36m/>[39m
            [36m</div>[39m
            [36m<button[39m
              [33maria-autocomplete[39m=[32m"none"[39m
              [33maria-controls[39m=[32m"radix-:r17p:"[39m
              [33maria-expanded[39m=[32m"false"[39m
              [33maria-label[39m=[32m"Filter by status"[39m
              [33mclass[39m=[32m"flex h-9 items-center justify-between rounded-md border border-input bg-transparent px-3 py-2 text-sm ring-offset-background placeholder:text-muted-foreground focus:outline-none focus:ring-2 focus:ring-ring focus:ring-offset-2 disabled:cursor-not-allowed disabled:opacity-50 [&>span]:line-clamp-1 w-[200px]"[39m
              [33mdata-state[39m=[32m"closed"[39m
              [33mdir[39m=[32m"ltr"[39m
              [33mrole[39m=[32m"combobox"[39m
              [33mtype[39m=[32m"button"[39m
            [36m>[39m
              [36m<span[39m
                [33mstyle[39m=[32m"pointer-events: none;"[39m
              [36m>[39m
                [0mAll statuses[0m
              [36m</span>[39m
              [36m<svg[39m
                [33maria-hidden[39m=[32m"true"[39m
                [33mclass[39m=[32m"lucide lucide-chevron-down h-4 w-4 opacity-50"[39m
                [33mfill[39m=[32m"none"[39m
                [33mheight[39m=[32m"24"[39m
                [33mstroke[39m=[32m"currentColor"[39m
                [33mstroke-linecap[39m=[32m"round"[39m
                [33mstroke-linejoin[39m=[32m"round"[39m
                [33mstroke-width[39m=[32m"2"[39m
                [33mviewBox[39m=[32m"0 0 24 24"[39m
                [33mwidth[39m=[32m"24"[39m
                [33mxmlns[39m=[32m"http://www.w3.org/2000/svg"[39m
              [36m>[39m
                [36m<path[39m
                  [33md[39m=[32m"m6 9 6 6 6-6"[39m
                [36m/>[39m
              [36m</svg>[39m
            [36m</button>[39m
          [36m</div>[39m
          [36m<div[39m
            [33mclass[39m=[32m"space-y-4"[39m
          [36m>[39m
            [36m<div[39m
              [33mclass[39m=[32m"flex items-center gap-2"[39m
            [36m>[39m
              [36m<button[39m
                [33maria-checked[39m=[32m"false"[39m
                [33mclass[39m=[32m"peer h-4 w-4 shrink-0 rounded-sm border border-primary ring-offset-background focus-visible:outline-none focus-visible:ring-2 focus-visible:ring-ring focus-visible:ring-offset-2 disabled:cursor-not-allowed disabled:opacity-50 data-[state=checked]:bg-primary data-[state=checked]:text-primary-foreground"[39m
                [33mdata-state[39m=...

      739 |       fireEvent.click(moreButtons[0]);
      740 |
    > 741 |       const cancelOption = screen.getByRole('menuitem', { name: /cancel class/i });
          |                                   ^
      742 |       fireEvent.click(cancelOption);
      743 |
      744 |       // Confirm cancellation

      at Object.getElementError (node_modules/.pnpm/@testing-library+dom@10.4.0/node_modules/@testing-library/dom/dist/config.js:37:19)
      at node_modules/.pnpm/@testing-library+dom@10.4.0/node_modules/@testing-library/dom/dist/query-helpers.js:76:38
      at node_modules/.pnpm/@testing-library+dom@10.4.0/node_modules/@testing-library/dom/dist/query-helpers.js:52:17
      at node_modules/.pnpm/@testing-library+dom@10.4.0/node_modules/@testing-library/dom/dist/query-helpers.js:95:19
      at Object.getByRole (src/components/teacher/__tests__/TeacherClassManagement.test.tsx:741:35)

  ● TeacherClassManagement › Cancel and Reschedule › should reschedule a class session

    Unable to find an element with the text: Business English Advanced. This could be because the text is broken up by multiple elements. In this case, you can provide a function for your text matcher to make your matcher more flexible.

    Ignored nodes: comments, script, style
    [36m<body[39m
      [33mstyle[39m=[32m""[39m
    [36m>[39m
      [36m<div>[39m
        [36m<div[39m
          [33mclass[39m=[32m"space-y-6"[39m
        [36m>[39m
          [36m<div[39m
            [33mclass[39m=[32m"flex flex-col gap-4 sm:flex-row sm:items-center sm:justify-between"[39m
          [36m>[39m
            [36m<div>[39m
              [36m<h2[39m
                [33mclass[39m=[32m"text-2xl font-bold"[39m
              [36m>[39m
                [0mClass Management[0m
              [36m</h2>[39m
              [36m<p[39m
                [33mclass[39m=[32m"text-muted-foreground"[39m
              [36m>[39m
                [0mManage your classes and schedules[0m
              [36m</p>[39m
            [36m</div>[39m
            [36m<button[39m
              [33mclass[39m=[32m"inline-flex items-center justify-center gap-2 whitespace-nowrap rounded-md text-sm font-medium transition-all disabled:pointer-events-none disabled:opacity-50 [&_svg]:pointer-events-none [&_svg:not([class*='size-'])]:size-4 shrink-0 [&_svg]:shrink-0 outline-none focus-visible:border-ring focus-visible:ring-ring/50 focus-visible:ring-[3px] aria-invalid:ring-destructive/20 dark:aria-invalid:ring-destructive/40 aria-invalid:border-destructive bg-primary text-primary-foreground shadow-xs hover:bg-primary/90 h-9 px-4 py-2 has-[>svg]:px-3"[39m
              [33mdata-slot[39m=[32m"button"[39m
            [36m>[39m
              [36m<svg[39m
                [33maria-hidden[39m=[32m"true"[39m
                [33mclass[39m=[32m"lucide lucide-plus mr-2 h-4 w-4"[39m
                [33mfill[39m=[32m"none"[39m
                [33mheight[39m=[32m"24"[39m
                [33mstroke[39m=[32m"currentColor"[39m
                [33mstroke-linecap[39m=[32m"round"[39m
                [33mstroke-linejoin[39m=[32m"round"[39m
                [33mstroke-width[39m=[32m"2"[39m
                [33mviewBox[39m=[32m"0 0 24 24"[39m
                [33mwidth[39m=[32m"24"[39m
                [33mxmlns[39m=[32m"http://www.w3.org/2000/svg"[39m
              [36m>[39m
                [36m<path[39m
                  [33md[39m=[32m"M5 12h14"[39m
                [36m/>[39m
                [36m<path[39m
                  [33md[39m=[32m"M12 5v14"[39m
                [36m/>[39m
              [36m</svg>[39m
              [0mNew Class[0m
            [36m</button>[39m
          [36m</div>[39m
          [36m<div[39m
            [33mclass[39m=[32m"flex flex-col gap-4 sm:flex-row sm:items-center"[39m
          [36m>[39m
            [36m<div[39m
              [33mclass[39m=[32m"relative flex-1"[39m
            [36m>[39m
              [36m<svg[39m
                [33maria-hidden[39m=[32m"true"[39m
                [33mclass[39m=[32m"lucide lucide-search absolute left-3 top-1/2 h-4 w-4 -translate-y-1/2 text-muted-foreground"[39m
                [33mfill[39m=[32m"none"[39m
                [33mheight[39m=[32m"24"[39m
                [33mstroke[39m=[32m"currentColor"[39m
                [33mstroke-linecap[39m=[32m"round"[39m
                [33mstroke-linejoin[39m=[32m"round"[39m
                [33mstroke-width[39m=[32m"2"[39m
                [33mviewBox[39m=[32m"0 0 24 24"[39m
                [33mwidth[39m=[32m"24"[39m
                [33mxmlns[39m=[32m"http://www.w3.org/2000/svg"[39m
              [36m>[39m
                [36m<path[39m
                  [33md[39m=[32m"m21 21-4.34-4.34"[39m
                [36m/>[39m
                [36m<circle[39m
                  [33mcx[39m=[32m"11"[39m
                  [33mcy[39m=[32m"11"[39m
                  [33mr[39m=[32m"8"[39m
                [36m/>[39m
              [36m</svg>[39m
              [36m<input[39m
                [33maria-label[39m=[32m"Search classes"[39m
                [33mclass[39m=[32m"file:text-foreground placeholder:text-muted-foreground selection:bg-primary selection:text-primary-foreground dark:bg-input/30 border-input flex h-9 w-full min-w-0 rounded-md border bg-transparent px-3 py-1 text-base shadow-xs transition-[color,box-shadow] outline-none file:inline-flex file:h-7 file:border-0 file:bg-transparent file:text-sm file:font-medium disabled:pointer-events-none disabled:cursor-not-allowed disabled:opacity-50 md:text-sm focus-visible:border-ring focus-visible:ring-ring/50 focus-visible:ring-[3px] aria-invalid:ring-destructive/20 dark:aria-invalid:ring-destructive/40 aria-invalid:border-destructive pl-9"[39m
                [33mdata-slot[39m=[32m"input"[39m
                [33mplaceholder[39m=[32m"Search classes..."[39m
                [33mrole[39m=[32m"searchbox"[39m
                [33mvalue[39m=[32m""[39m
              [36m/>[39m
            [36m</div>[39m
            [36m<button[39m
              [33maria-autocomplete[39m=[32m"none"[39m
              [33maria-controls[39m=[32m"radix-:r1a5:"[39m
              [33maria-expanded[39m=[32m"false"[39m
              [33maria-label[39m=[32m"Filter by status"[39m
              [33mclass[39m=[32m"flex h-9 items-center justify-between rounded-md border border-input bg-transparent px-3 py-2 text-sm ring-offset-background placeholder:text-muted-foreground focus:outline-none focus:ring-2 focus:ring-ring focus:ring-offset-2 disabled:cursor-not-allowed disabled:opacity-50 [&>span]:line-clamp-1 w-[200px]"[39m
              [33mdata-state[39m=[32m"closed"[39m
              [33mdir[39m=[32m"ltr"[39m
              [33mrole[39m=[32m"combobox"[39m
              [33mtype[39m=[32m"button"[39m
            [36m>[39m
              [36m<span[39m
                [33mstyle[39m=[32m"pointer-events: none;"[39m
              [36m>[39m
                [0mAll statuses[0m
              [36m</span>[39m
              [36m<svg[39m
                [33maria-hidden[39m=[32m"true"[39m
                [33mclass[39m=[32m"lucide lucide-chevron-down h-4 w-4 opacity-50"[39m
                [33mfill[39m=[32m"none"[39m
                [33mheight[39m=[32m"24"[39m
                [33mstroke[39m=[32m"currentColor"[39m
                [33mstroke-linecap[39m=[32m"round"[39m
                [33mstroke-linejoin[39m=[32m"round"[39m
                [33mstroke-width[39m=[32m"2"[39m
                [33mviewBox[39m=[32m"0 0 24 24"[39m
                [33mwidth[39m=[32m"24"[39m
                [33mxmlns[39m=[32m"http://www.w3.org/2000/svg"[39m
              [36m>[39m
                [36m<path[39m
                  [33md[39m=[32m"m6 9 6 6 6-6"[39m
                [36m/>[39m
              [36m</svg>[39m
            [36m</button>[39m
          [36m</div>[39m
          [36m<div[39m
            [33mclass[39m=[32m"space-y-4"[39m
          [36m>[39m
            [36m<div[39m
              [33mclass[39m=[32m"bg-card text-card-foreground flex flex-col gap-6 rounded-xl border py-6 shadow-sm"[39m
              [33mdata-slot[39m=[32m"card"[39m
            [36m>[39m
              [36m<div[39m
                [33mclass[39m=[32m"px-6 flex flex-col items-center justify-center h-64"[39m
                [33mdata-slot[39m=[32m"card-content"[39m
              [36m>[39m
                [36m<p[39m
                  [33mclass[39m=[32m"text-muted-foreground"[39m
                [36m>[39m
                  [0mNo classes found[0m
                [36m</p>[39m
              [36m</div>[39m
            [36m</div>[39m
          [36m</div>[39m
        [36m</div>[39m
      [36m</div>[39m
    [36m</body>[39m

      764 |       render(<TeacherClassManagement />, { wrapper: createWrapper() });
      765 |
    > 766 |       await waitFor(() => {
          |                    ^
      767 |         expect(screen.getByText('Business English Advanced')).toBeInTheDocument();
      768 |       });
      769 |

      at waitForWrapper (node_modules/.pnpm/@testing-library+dom@10.4.0/node_modules/@testing-library/dom/dist/wait-for.js:163:27)
      at Object.<anonymous> (src/components/teacher/__tests__/TeacherClassManagement.test.tsx:766:20)

  ● TeacherClassManagement › Clone Class › should clone existing class

    TestingLibraryElementError: Unable to find an accessible element with the role "menuitem" and name `/clone class/i`

    Here are the accessible roles:

      heading:

      Name "Class Management":
      [36m<h2[39m
        [33mclass[39m=[32m"text-2xl font-bold"[39m
      [36m/>[39m

      --------------------------------------------------
      paragraph:

      Name "":
      [36m<p[39m
        [33mclass[39m=[32m"text-muted-foreground"[39m
      [36m/>[39m

      --------------------------------------------------
      button:

      Name "New Class":
      [36m<button[39m
        [33mclass[39m=[32m"inline-flex items-center justify-center gap-2 whitespace-nowrap rounded-md text-sm font-medium transition-all disabled:pointer-events-none disabled:opacity-50 [&_svg]:pointer-events-none [&_svg:not([class*='size-'])]:size-4 shrink-0 [&_svg]:shrink-0 outline-none focus-visible:border-ring focus-visible:ring-ring/50 focus-visible:ring-[3px] aria-invalid:ring-destructive/20 dark:aria-invalid:ring-destructive/40 aria-invalid:border-destructive bg-primary text-primary-foreground shadow-xs hover:bg-primary/90 h-9 px-4 py-2 has-[>svg]:px-3"[39m
        [33mdata-slot[39m=[32m"button"[39m
      [36m/>[39m

      Name "More options":
      [36m<button[39m
        [33maria-expanded[39m=[32m"false"[39m
        [33maria-haspopup[39m=[32m"menu"[39m
        [33maria-label[39m=[32m"More options"[39m
        [33mclass[39m=[32m"inline-flex items-center justify-center gap-2 whitespace-nowrap rounded-md text-sm font-medium transition-all disabled:pointer-events-none disabled:opacity-50 [&_svg]:pointer-events-none [&_svg:not([class*='size-'])]:size-4 shrink-0 [&_svg]:shrink-0 outline-none focus-visible:border-ring focus-visible:ring-ring/50 focus-visible:ring-[3px] aria-invalid:ring-destructive/20 dark:aria-invalid:ring-destructive/40 aria-invalid:border-destructive hover:bg-accent hover:text-accent-foreground dark:hover:bg-accent/50 size-9"[39m
        [33mdata-slot[39m=[32m"dropdown-menu-trigger"[39m
        [33mdata-state[39m=[32m"closed"[39m
        [33mid[39m=[32m"radix-:r1cc:"[39m
        [33mtype[39m=[32m"button"[39m
      [36m/>[39m

      Name "Edit":
      [36m<button[39m
        [33mclass[39m=[32m"inline-flex items-center justify-center whitespace-nowrap text-sm font-medium transition-all disabled:pointer-events-none disabled:opacity-50 [&_svg]:pointer-events-none [&_svg:not([class*='size-'])]:size-4 shrink-0 [&_svg]:shrink-0 outline-none focus-visible:border-ring focus-visible:ring-ring/50 focus-visible:ring-[3px] aria-invalid:ring-destructive/20 dark:aria-invalid:ring-destructive/40 aria-invalid:border-destructive border bg-background shadow-xs hover:bg-accent hover:text-accent-foreground dark:bg-input/30 dark:border-input dark:hover:bg-input/50 h-8 rounded-md gap-1.5 px-3 has-[>svg]:px-2.5"[39m
        [33mdata-slot[39m=[32m"button"[39m
      [36m/>[39m

      Name "View Details":
      [36m<button[39m
        [33mclass[39m=[32m"inline-flex items-center justify-center whitespace-nowrap text-sm font-medium transition-all disabled:pointer-events-none disabled:opacity-50 [&_svg]:pointer-events-none [&_svg:not([class*='size-'])]:size-4 shrink-0 [&_svg]:shrink-0 outline-none focus-visible:border-ring focus-visible:ring-ring/50 focus-visible:ring-[3px] aria-invalid:ring-destructive/20 dark:aria-invalid:ring-destructive/40 aria-invalid:border-destructive border bg-background shadow-xs hover:bg-accent hover:text-accent-foreground dark:bg-input/30 dark:border-input dark:hover:bg-input/50 h-8 rounded-md gap-1.5 px-3 has-[>svg]:px-2.5"[39m
        [33mdata-slot[39m=[32m"button"[39m
      [36m/>[39m

      Name "More options":
      [36m<button[39m
        [33maria-expanded[39m=[32m"false"[39m
        [33maria-haspopup[39m=[32m"menu"[39m
        [33maria-label[39m=[32m"More options"[39m
        [33mclass[39m=[32m"inline-flex items-center justify-center gap-2 whitespace-nowrap rounded-md text-sm font-medium transition-all disabled:pointer-events-none disabled:opacity-50 [&_svg]:pointer-events-none [&_svg:not([class*='size-'])]:size-4 shrink-0 [&_svg]:shrink-0 outline-none focus-visible:border-ring focus-visible:ring-ring/50 focus-visible:ring-[3px] aria-invalid:ring-destructive/20 dark:aria-invalid:ring-destructive/40 aria-invalid:border-destructive hover:bg-accent hover:text-accent-foreground dark:hover:bg-accent/50 size-9"[39m
        [33mdata-slot[39m=[32m"dropdown-menu-trigger"[39m
        [33mdata-state[39m=[32m"closed"[39m
        [33mid[39m=[32m"radix-:r1ce:"[39m
        [33mtype[39m=[32m"button"[39m
      [36m/>[39m

      Name "Edit":
      [36m<button[39m
        [33mclass[39m=[32m"inline-flex items-center justify-center whitespace-nowrap text-sm font-medium transition-all disabled:pointer-events-none disabled:opacity-50 [&_svg]:pointer-events-none [&_svg:not([class*='size-'])]:size-4 shrink-0 [&_svg]:shrink-0 outline-none focus-visible:border-ring focus-visible:ring-ring/50 focus-visible:ring-[3px] aria-invalid:ring-destructive/20 dark:aria-invalid:ring-destructive/40 aria-invalid:border-destructive border bg-background shadow-xs hover:bg-accent hover:text-accent-foreground dark:bg-input/30 dark:border-input dark:hover:bg-input/50 h-8 rounded-md gap-1.5 px-3 has-[>svg]:px-2.5"[39m
        [33mdata-slot[39m=[32m"button"[39m
      [36m/>[39m

      Name "View Details":
      [36m<button[39m
        [33mclass[39m=[32m"inline-flex items-center justify-center whitespace-nowrap text-sm font-medium transition-all disabled:pointer-events-none disabled:opacity-50 [&_svg]:pointer-events-none [&_svg:not([class*='size-'])]:size-4 shrink-0 [&_svg]:shrink-0 outline-none focus-visible:border-ring focus-visible:ring-ring/50 focus-visible:ring-[3px] aria-invalid:ring-destructive/20 dark:aria-invalid:ring-destructive/40 aria-invalid:border-destructive border bg-background shadow-xs hover:bg-accent hover:text-accent-foreground dark:bg-input/30 dark:border-input dark:hover:bg-input/50 h-8 rounded-md gap-1.5 px-3 has-[>svg]:px-2.5"[39m
        [33mdata-slot[39m=[32m"button"[39m
      [36m/>[39m

      Name "More options":
      [36m<button[39m
        [33maria-expanded[39m=[32m"false"[39m
        [33maria-haspopup[39m=[32m"menu"[39m
        [33maria-label[39m=[32m"More options"[39m
        [33mclass[39m=[32m"inline-flex items-center justify-center gap-2 whitespace-nowrap rounded-md text-sm font-medium transition-all disabled:pointer-events-none disabled:opacity-50 [&_svg]:pointer-events-none [&_svg:not([class*='size-'])]:size-4 shrink-0 [&_svg]:shrink-0 outline-none focus-visible:border-ring focus-visible:ring-ring/50 focus-visible:ring-[3px] aria-invalid:ring-destructive/20 dark:aria-invalid:ring-destructive/40 aria-invalid:border-destructive hover:bg-accent hover:text-accent-foreground dark:hover:bg-accent/50 size-9"[39m
        [33mdata-slot[39m=[32m"dropdown-menu-trigger"[39m
        [33mdata-state[39m=[32m"closed"[39m
        [33mid[39m=[32m"radix-:r1cg:"[39m
        [33mtype[39m=[32m"button"[39m
      [36m/>[39m

      Name "Edit":
      [36m<button[39m
        [33mclass[39m=[32m"inline-flex items-center justify-center whitespace-nowrap text-sm font-medium transition-all disabled:pointer-events-none disabled:opacity-50 [&_svg]:pointer-events-none [&_svg:not([class*='size-'])]:size-4 shrink-0 [&_svg]:shrink-0 outline-none focus-visible:border-ring focus-visible:ring-ring/50 focus-visible:ring-[3px] aria-invalid:ring-destructive/20 dark:aria-invalid:ring-destructive/40 aria-invalid:border-destructive border bg-background shadow-xs hover:bg-accent hover:text-accent-foreground dark:bg-input/30 dark:border-input dark:hover:bg-input/50 h-8 rounded-md gap-1.5 px-3 has-[>svg]:px-2.5"[39m
        [33mdata-slot[39m=[32m"button"[39m
      [36m/>[39m

      Name "View Details":
      [36m<button[39m
        [33mclass[39m=[32m"inline-flex items-center justify-center whitespace-nowrap text-sm font-medium transition-all disabled:pointer-events-none disabled:opacity-50 [&_svg]:pointer-events-none [&_svg:not([class*='size-'])]:size-4 shrink-0 [&_svg]:shrink-0 outline-none focus-visible:border-ring focus-visible:ring-ring/50 focus-visible:ring-[3px] aria-invalid:ring-destructive/20 dark:aria-invalid:ring-destructive/40 aria-invalid:border-destructive border bg-background shadow-xs hover:bg-accent hover:text-accent-foreground dark:bg-input/30 dark:border-input dark:hover:bg-input/50 h-8 rounded-md gap-1.5 px-3 has-[>svg]:px-2.5"[39m
        [33mdata-slot[39m=[32m"button"[39m
      [36m/>[39m

      --------------------------------------------------
      searchbox:

      Name "Search classes":
      [36m<input[39m
        [33maria-label[39m=[32m"Search classes"[39m
        [33mclass[39m=[32m"file:text-foreground placeholder:text-muted-foreground selection:bg-primary selection:text-primary-foreground dark:bg-input/30 border-input flex h-9 w-full min-w-0 rounded-md border bg-transparent px-3 py-1 text-base shadow-xs transition-[color,box-shadow] outline-none file:inline-flex file:h-7 file:border-0 file:bg-transparent file:text-sm file:font-medium disabled:pointer-events-none disabled:cursor-not-allowed disabled:opacity-50 md:text-sm focus-visible:border-ring focus-visible:ring-ring/50 focus-visible:ring-[3px] aria-invalid:ring-destructive/20 dark:aria-invalid:ring-destructive/40 aria-invalid:border-destructive pl-9"[39m
        [33mdata-slot[39m=[32m"input"[39m
        [33mplaceholder[39m=[32m"Search classes..."[39m
        [33mrole[39m=[32m"searchbox"[39m
        [33mvalue[39m=[32m""[39m
      [36m/>[39m

      --------------------------------------------------
      combobox:

      Name "Filter by status":
      [36m<button[39m
        [33maria-autocomplete[39m=[32m"none"[39m
        [33maria-controls[39m=[32m"radix-:r1cb:"[39m
        [33maria-expanded[39m=[32m"false"[39m
        [33maria-label[39m=[32m"Filter by status"[39m
        [33mclass[39m=[32m"flex h-9 items-center justify-between rounded-md border border-input bg-transparent px-3 py-2 text-sm ring-offset-background placeholder:text-muted-foreground focus:outline-none focus:ring-2 focus:ring-ring focus:ring-offset-2 disabled:cursor-not-allowed disabled:opacity-50 [&>span]:line-clamp-1 w-[200px]"[39m
        [33mdata-state[39m=[32m"closed"[39m
        [33mdir[39m=[32m"ltr"[39m
        [33mrole[39m=[32m"combobox"[39m
        [33mtype[39m=[32m"button"[39m
      [36m/>[39m

      --------------------------------------------------
      checkbox:

      Name "":
      [36m<button[39m
        [33maria-checked[39m=[32m"false"[39m
        [33mclass[39m=[32m"peer h-4 w-4 shrink-0 rounded-sm border border-primary ring-offset-background focus-visible:outline-none focus-visible:ring-2 focus-visible:ring-ring focus-visible:ring-offset-2 disabled:cursor-not-allowed disabled:opacity-50 data-[state=checked]:bg-primary data-[state=checked]:text-primary-foreground"[39m
        [33mdata-state[39m=[32m"unchecked"[39m
        [33mrole[39m=[32m"checkbox"[39m
        [33mtype[39m=[32m"button"[39m
        [33mvalue[39m=[32m"on"[39m
      [36m/>[39m

      Name "":
      [36m<button[39m
        [33maria-checked[39m=[32m"false"[39m
        [33mclass[39m=[32m"peer h-4 w-4 shrink-0 rounded-sm border border-primary ring-offset-background focus-visible:outline-none focus-visible:ring-2 focus-visible:ring-ring focus-visible:ring-offset-2 disabled:cursor-not-allowed disabled:opacity-50 data-[state=checked]:bg-primary data-[state=checked]:text-primary-foreground"[39m
        [33mdata-state[39m=[32m"unchecked"[39m
        [33mrole[39m=[32m"checkbox"[39m
        [33mtype[39m=[32m"button"[39m
        [33mvalue[39m=[32m"on"[39m
      [36m/>[39m

      Name "":
      [36m<button[39m
        [33maria-checked[39m=[32m"false"[39m
        [33mclass[39m=[32m"peer h-4 w-4 shrink-0 rounded-sm border border-primary ring-offset-background focus-visible:outline-none focus-visible:ring-2 focus-visible:ring-ring focus-visible:ring-offset-2 disabled:cursor-not-allowed disabled:opacity-50 data-[state=checked]:bg-primary data-[state=checked]:text-primary-foreground"[39m
        [33mdata-state[39m=[32m"unchecked"[39m
        [33mrole[39m=[32m"checkbox"[39m
        [33mtype[39m=[32m"button"[39m
        [33mvalue[39m=[32m"on"[39m
      [36m/>[39m

      Name "":
      [36m<button[39m
        [33maria-checked[39m=[32m"false"[39m
        [33mclass[39m=[32m"peer h-4 w-4 shrink-0 rounded-sm border border-primary ring-offset-background focus-visible:outline-none focus-visible:ring-2 focus-visible:ring-ring focus-visible:ring-offset-2 disabled:cursor-not-allowed disabled:opacity-50 data-[state=checked]:bg-primary data-[state=checked]:text-primary-foreground"[39m
        [33mdata-state[39m=[32m"unchecked"[39m
        [33mrole[39m=[32m"checkbox"[39m
        [33mtype[39m=[32m"button"[39m
        [33mvalue[39m=[32m"on"[39m
      [36m/>[39m

      --------------------------------------------------

    Ignored nodes: comments, script, style
    [36m<body[39m
      [33mstyle[39m=[32m""[39m
    [36m>[39m
      [36m<div>[39m
        [36m<div[39m
          [33mclass[39m=[32m"space-y-6"[39m
        [36m>[39m
          [36m<div[39m
            [33mclass[39m=[32m"flex flex-col gap-4 sm:flex-row sm:items-center sm:justify-between"[39m
          [36m>[39m
            [36m<div>[39m
              [36m<h2[39m
                [33mclass[39m=[32m"text-2xl font-bold"[39m
              [36m>[39m
                [0mClass Management[0m
              [36m</h2>[39m
              [36m<p[39m
                [33mclass[39m=[32m"text-muted-foreground"[39m
              [36m>[39m
                [0mManage your classes and schedules[0m
              [36m</p>[39m
            [36m</div>[39m
            [36m<button[39m
              [33mclass[39m=[32m"inline-flex items-center justify-center gap-2 whitespace-nowrap rounded-md text-sm font-medium transition-all disabled:pointer-events-none disabled:opacity-50 [&_svg]:pointer-events-none [&_svg:not([class*='size-'])]:size-4 shrink-0 [&_svg]:shrink-0 outline-none focus-visible:border-ring focus-visible:ring-ring/50 focus-visible:ring-[3px] aria-invalid:ring-destructive/20 dark:aria-invalid:ring-destructive/40 aria-invalid:border-destructive bg-primary text-primary-foreground shadow-xs hover:bg-primary/90 h-9 px-4 py-2 has-[>svg]:px-3"[39m
              [33mdata-slot[39m=[32m"button"[39m
            [36m>[39m
              [36m<svg[39m
                [33maria-hidden[39m=[32m"true"[39m
                [33mclass[39m=[32m"lucide lucide-plus mr-2 h-4 w-4"[39m
                [33mfill[39m=[32m"none"[39m
                [33mheight[39m=[32m"24"[39m
                [33mstroke[39m=[32m"currentColor"[39m
                [33mstroke-linecap[39m=[32m"round"[39m
                [33mstroke-linejoin[39m=[32m"round"[39m
                [33mstroke-width[39m=[32m"2"[39m
                [33mviewBox[39m=[32m"0 0 24 24"[39m
                [33mwidth[39m=[32m"24"[39m
                [33mxmlns[39m=[32m"http://www.w3.org/2000/svg"[39m
              [36m>[39m
                [36m<path[39m
                  [33md[39m=[32m"M5 12h14"[39m
                [36m/>[39m
                [36m<path[39m
                  [33md[39m=[32m"M12 5v14"[39m
                [36m/>[39m
              [36m</svg>[39m
              [0mNew Class[0m
            [36m</button>[39m
          [36m</div>[39m
          [36m<div[39m
            [33mclass[39m=[32m"flex flex-col gap-4 sm:flex-row sm:items-center"[39m
          [36m>[39m
            [36m<div[39m
              [33mclass[39m=[32m"relative flex-1"[39m
            [36m>[39m
              [36m<svg[39m
                [33maria-hidden[39m=[32m"true"[39m
                [33mclass[39m=[32m"lucide lucide-search absolute left-3 top-1/2 h-4 w-4 -translate-y-1/2 text-muted-foreground"[39m
                [33mfill[39m=[32m"none"[39m
                [33mheight[39m=[32m"24"[39m
                [33mstroke[39m=[32m"currentColor"[39m
                [33mstroke-linecap[39m=[32m"round"[39m
                [33mstroke-linejoin[39m=[32m"round"[39m
                [33mstroke-width[39m=[32m"2"[39m
                [33mviewBox[39m=[32m"0 0 24 24"[39m
                [33mwidth[39m=[32m"24"[39m
                [33mxmlns[39m=[32m"http://www.w3.org/2000/svg"[39m
              [36m>[39m
                [36m<path[39m
                  [33md[39m=[32m"m21 21-4.34-4.34"[39m
                [36m/>[39m
                [36m<circle[39m
                  [33mcx[39m=[32m"11"[39m
                  [33mcy[39m=[32m"11"[39m
                  [33mr[39m=[32m"8"[39m
                [36m/>[39m
              [36m</svg>[39m
              [36m<input[39m
                [33maria-label[39m=[32m"Search classes"[39m
                [33mclass[39m=[32m"file:text-foreground placeholder:text-muted-foreground selection:bg-primary selection:text-primary-foreground dark:bg-input/30 border-input flex h-9 w-full min-w-0 rounded-md border bg-transparent px-3 py-1 text-base shadow-xs transition-[color,box-shadow] outline-none file:inline-flex file:h-7 file:border-0 file:bg-transparent file:text-sm file:font-medium disabled:pointer-events-none disabled:cursor-not-allowed disabled:opacity-50 md:text-sm focus-visible:border-ring focus-visible:ring-ring/50 focus-visible:ring-[3px] aria-invalid:ring-destructive/20 dark:aria-invalid:ring-destructive/40 aria-invalid:border-destructive pl-9"[39m
                [33mdata-slot[39m=[32m"input"[39m
                [33mplaceholder[39m=[32m"Search classes..."[39m
                [33mrole[39m=[32m"searchbox"[39m
                [33mvalue[39m=[32m""[39m
              [36m/>[39m
            [36m</div>[39m
            [36m<button[39m
              [33maria-autocomplete[39m=[32m"none"[39m
              [33maria-controls[39m=[32m"radix-:r1cb:"[39m
              [33maria-expanded[39m=[32m"false"[39m
              [33maria-label[39m=[32m"Filter by status"[39m
              [33mclass[39m=[32m"flex h-9 items-center justify-between rounded-md border border-input bg-transparent px-3 py-2 text-sm ring-offset-background placeholder:text-muted-foreground focus:outline-none focus:ring-2 focus:ring-ring focus:ring-offset-2 disabled:cursor-not-allowed disabled:opacity-50 [&>span]:line-clamp-1 w-[200px]"[39m
              [33mdata-state[39m=[32m"closed"[39m
              [33mdir[39m=[32m"ltr"[39m
              [33mrole[39m=[32m"combobox"[39m
              [33mtype[39m=[32m"button"[39m
            [36m>[39m
              [36m<span[39m
                [33mstyle[39m=[32m"pointer-events: none;"[39m
              [36m>[39m
                [0mAll statuses[0m
              [36m</span>[39m
              [36m<svg[39m
                [33maria-hidden[39m=[32m"true"[39m
                [33mclass[39m=[32m"lucide lucide-chevron-down h-4 w-4 opacity-50"[39m
                [33mfill[39m=[32m"none"[39m
                [33mheight[39m=[32m"24"[39m
                [33mstroke[39m=[32m"currentColor"[39m
                [33mstroke-linecap[39m=[32m"round"[39m
                [33mstroke-linejoin[39m=[32m"round"[39m
                [33mstroke-width[39m=[32m"2"[39m
                [33mviewBox[39m=[32m"0 0 24 24"[39m
                [33mwidth[39m=[32m"24"[39m
                [33mxmlns[39m=[32m"http://www.w3.org/2000/svg"[39m
              [36m>[39m
                [36m<path[39m
                  [33md[39m=[32m"m6 9 6 6 6-6"[39m
                [36m/>[39m
              [36m</svg>[39m
            [36m</button>[39m
          [36m</div>[39m
          [36m<div[39m
            [33mclass[39m=[32m"space-y-4"[39m
          [36m>[39m
            [36m<div[39m
              [33mclass[39m=[32m"flex items-center gap-2"[39m
            [36m>[39m
              [36m<button[39m
                [33maria-checked[39m=[32m"false"[39m
                [33mclass[39m=[32m"peer h-4 w-4 shrink-0 rounded-sm border border-primary ring-offset-background focus-visible:outline-none focus-visible:ring-2 focus-visible:ring-ring focus-visible:ring-offset-2 disabled:cursor-not-allowed disabled:opacity-50 data-[state=checked]:bg-primary data-[state=checked]:text-primary-foreground"[39m
                [33mdata-state[39m=...

      821 |       fireEvent.click(moreButtons[0]);
      822 |
    > 823 |       const cloneOption = screen.getByRole('menuitem', { name: /clone class/i });
          |                                  ^
      824 |       fireEvent.click(cloneOption);
      825 |
      826 |       // Confirm clone

      at Object.getElementError (node_modules/.pnpm/@testing-library+dom@10.4.0/node_modules/@testing-library/dom/dist/config.js:37:19)
      at node_modules/.pnpm/@testing-library+dom@10.4.0/node_modules/@testing-library/dom/dist/query-helpers.js:76:38
      at node_modules/.pnpm/@testing-library+dom@10.4.0/node_modules/@testing-library/dom/dist/query-helpers.js:52:17
      at node_modules/.pnpm/@testing-library+dom@10.4.0/node_modules/@testing-library/dom/dist/query-helpers.js:95:19
      at Object.getByRole (src/components/teacher/__tests__/TeacherClassManagement.test.tsx:823:34)

  ● TeacherClassManagement › Clone Class › should allow editing cloned class name

    Unable to find an element with the text: Business English Advanced. This could be because the text is broken up by multiple elements. In this case, you can provide a function for your text matcher to make your matcher more flexible.

    Ignored nodes: comments, script, style
    [36m<body[39m
      [33mstyle[39m=[32m""[39m
    [36m>[39m
      [36m<div>[39m
        [36m<div[39m
          [33mclass[39m=[32m"space-y-6"[39m
        [36m>[39m
          [36m<div[39m
            [33mclass[39m=[32m"flex flex-col gap-4 sm:flex-row sm:items-center sm:justify-between"[39m
          [36m>[39m
            [36m<div>[39m
              [36m<h2[39m
                [33mclass[39m=[32m"text-2xl font-bold"[39m
              [36m>[39m
                [0mClass Management[0m
              [36m</h2>[39m
              [36m<p[39m
                [33mclass[39m=[32m"text-muted-foreground"[39m
              [36m>[39m
                [0mManage your classes and schedules[0m
              [36m</p>[39m
            [36m</div>[39m
            [36m<button[39m
              [33mclass[39m=[32m"inline-flex items-center justify-center gap-2 whitespace-nowrap rounded-md text-sm font-medium transition-all disabled:pointer-events-none disabled:opacity-50 [&_svg]:pointer-events-none [&_svg:not([class*='size-'])]:size-4 shrink-0 [&_svg]:shrink-0 outline-none focus-visible:border-ring focus-visible:ring-ring/50 focus-visible:ring-[3px] aria-invalid:ring-destructive/20 dark:aria-invalid:ring-destructive/40 aria-invalid:border-destructive bg-primary text-primary-foreground shadow-xs hover:bg-primary/90 h-9 px-4 py-2 has-[>svg]:px-3"[39m
              [33mdata-slot[39m=[32m"button"[39m
            [36m>[39m
              [36m<svg[39m
                [33maria-hidden[39m=[32m"true"[39m
                [33mclass[39m=[32m"lucide lucide-plus mr-2 h-4 w-4"[39m
                [33mfill[39m=[32m"none"[39m
                [33mheight[39m=[32m"24"[39m
                [33mstroke[39m=[32m"currentColor"[39m
                [33mstroke-linecap[39m=[32m"round"[39m
                [33mstroke-linejoin[39m=[32m"round"[39m
                [33mstroke-width[39m=[32m"2"[39m
                [33mviewBox[39m=[32m"0 0 24 24"[39m
                [33mwidth[39m=[32m"24"[39m
                [33mxmlns[39m=[32m"http://www.w3.org/2000/svg"[39m
              [36m>[39m
                [36m<path[39m
                  [33md[39m=[32m"M5 12h14"[39m
                [36m/>[39m
                [36m<path[39m
                  [33md[39m=[32m"M12 5v14"[39m
                [36m/>[39m
              [36m</svg>[39m
              [0mNew Class[0m
            [36m</button>[39m
          [36m</div>[39m
          [36m<div[39m
            [33mclass[39m=[32m"flex flex-col gap-4 sm:flex-row sm:items-center"[39m
          [36m>[39m
            [36m<div[39m
              [33mclass[39m=[32m"relative flex-1"[39m
            [36m>[39m
              [36m<svg[39m
                [33maria-hidden[39m=[32m"true"[39m
                [33mclass[39m=[32m"lucide lucide-search absolute left-3 top-1/2 h-4 w-4 -translate-y-1/2 text-muted-foreground"[39m
                [33mfill[39m=[32m"none"[39m
                [33mheight[39m=[32m"24"[39m
                [33mstroke[39m=[32m"currentColor"[39m
                [33mstroke-linecap[39m=[32m"round"[39m
                [33mstroke-linejoin[39m=[32m"round"[39m
                [33mstroke-width[39m=[32m"2"[39m
                [33mviewBox[39m=[32m"0 0 24 24"[39m
                [33mwidth[39m=[32m"24"[39m
                [33mxmlns[39m=[32m"http://www.w3.org/2000/svg"[39m
              [36m>[39m
                [36m<path[39m
                  [33md[39m=[32m"m21 21-4.34-4.34"[39m
                [36m/>[39m
                [36m<circle[39m
                  [33mcx[39m=[32m"11"[39m
                  [33mcy[39m=[32m"11"[39m
                  [33mr[39m=[32m"8"[39m
                [36m/>[39m
              [36m</svg>[39m
              [36m<input[39m
                [33maria-label[39m=[32m"Search classes"[39m
                [33mclass[39m=[32m"file:text-foreground placeholder:text-muted-foreground selection:bg-primary selection:text-primary-foreground dark:bg-input/30 border-input flex h-9 w-full min-w-0 rounded-md border bg-transparent px-3 py-1 text-base shadow-xs transition-[color,box-shadow] outline-none file:inline-flex file:h-7 file:border-0 file:bg-transparent file:text-sm file:font-medium disabled:pointer-events-none disabled:cursor-not-allowed disabled:opacity-50 md:text-sm focus-visible:border-ring focus-visible:ring-ring/50 focus-visible:ring-[3px] aria-invalid:ring-destructive/20 dark:aria-invalid:ring-destructive/40 aria-invalid:border-destructive pl-9"[39m
                [33mdata-slot[39m=[32m"input"[39m
                [33mplaceholder[39m=[32m"Search classes..."[39m
                [33mrole[39m=[32m"searchbox"[39m
                [33mvalue[39m=[32m""[39m
              [36m/>[39m
            [36m</div>[39m
            [36m<button[39m
              [33maria-autocomplete[39m=[32m"none"[39m
              [33maria-controls[39m=[32m"radix-:r1en:"[39m
              [33maria-expanded[39m=[32m"false"[39m
              [33maria-label[39m=[32m"Filter by status"[39m
              [33mclass[39m=[32m"flex h-9 items-center justify-between rounded-md border border-input bg-transparent px-3 py-2 text-sm ring-offset-background placeholder:text-muted-foreground focus:outline-none focus:ring-2 focus:ring-ring focus:ring-offset-2 disabled:cursor-not-allowed disabled:opacity-50 [&>span]:line-clamp-1 w-[200px]"[39m
              [33mdata-state[39m=[32m"closed"[39m
              [33mdir[39m=[32m"ltr"[39m
              [33mrole[39m=[32m"combobox"[39m
              [33mtype[39m=[32m"button"[39m
            [36m>[39m
              [36m<span[39m
                [33mstyle[39m=[32m"pointer-events: none;"[39m
              [36m>[39m
                [0mAll statuses[0m
              [36m</span>[39m
              [36m<svg[39m
                [33maria-hidden[39m=[32m"true"[39m
                [33mclass[39m=[32m"lucide lucide-chevron-down h-4 w-4 opacity-50"[39m
                [33mfill[39m=[32m"none"[39m
                [33mheight[39m=[32m"24"[39m
                [33mstroke[39m=[32m"currentColor"[39m
                [33mstroke-linecap[39m=[32m"round"[39m
                [33mstroke-linejoin[39m=[32m"round"[39m
                [33mstroke-width[39m=[32m"2"[39m
                [33mviewBox[39m=[32m"0 0 24 24"[39m
                [33mwidth[39m=[32m"24"[39m
                [33mxmlns[39m=[32m"http://www.w3.org/2000/svg"[39m
              [36m>[39m
                [36m<path[39m
                  [33md[39m=[32m"m6 9 6 6 6-6"[39m
                [36m/>[39m
              [36m</svg>[39m
            [36m</button>[39m
          [36m</div>[39m
          [36m<div[39m
            [33mclass[39m=[32m"space-y-4"[39m
          [36m>[39m
            [36m<div[39m
              [33mclass[39m=[32m"bg-card text-card-foreground flex flex-col gap-6 rounded-xl border py-6 shadow-sm"[39m
              [33mdata-slot[39m=[32m"card"[39m
            [36m>[39m
              [36m<div[39m
                [33mclass[39m=[32m"px-6 flex flex-col items-center justify-center h-64"[39m
                [33mdata-slot[39m=[32m"card-content"[39m
              [36m>[39m
                [36m<p[39m
                  [33mclass[39m=[32m"text-muted-foreground"[39m
                [36m>[39m
                  [0mNo classes found[0m
                [36m</p>[39m
              [36m</div>[39m
            [36m</div>[39m
          [36m</div>[39m
        [36m</div>[39m
      [36m</div>[39m
    [36m</body>[39m

      850 |       render(<TeacherClassManagement />, { wrapper: createWrapper() });
      851 |
    > 852 |       await waitFor(() => {
          |                    ^
      853 |         expect(screen.getByText('Business English Advanced')).toBeInTheDocument();
      854 |       });
      855 |

      at waitForWrapper (node_modules/.pnpm/@testing-library+dom@10.4.0/node_modules/@testing-library/dom/dist/wait-for.js:163:27)
      at Object.<anonymous> (src/components/teacher/__tests__/TeacherClassManagement.test.tsx:852:20)

  ● TeacherClassManagement › Materials and Requirements › should display class materials and requirements

    Unable to find an element with the text: Textbook chapters 5-8. This could be because the text is broken up by multiple elements. In this case, you can provide a function for your text matcher to make your matcher more flexible.

    Ignored nodes: comments, script, style
    [36m<body[39m
      [33mdata-scroll-locked[39m=[32m"1"[39m
      [33mstyle[39m=[32m"pointer-events: none;"[39m
    [36m>[39m
      [36m<span[39m
        [33maria-hidden[39m=[32m"true"[39m
        [33mdata-aria-hidden[39m=[32m"true"[39m
        [33mdata-radix-focus-guard[39m=[32m""[39m
        [33mstyle[39m=[32m"outline: none; opacity: 0; position: fixed; pointer-events: none;"[39m
        [33mtabindex[39m=[32m"0"[39m
      [36m/>[39m
      [36m<div[39m
        [33maria-hidden[39m=[32m"true"[39m
        [33mdata-aria-hidden[39m=[32m"true"[39m
      [36m>[39m
        [36m<div[39m
          [33mclass[39m=[32m"space-y-6"[39m
        [36m>[39m
          [36m<div[39m
            [33mclass[39m=[32m"flex flex-col gap-4 sm:flex-row sm:items-center sm:justify-between"[39m
          [36m>[39m
            [36m<div>[39m
              [36m<h2[39m
                [33mclass[39m=[32m"text-2xl font-bold"[39m
              [36m>[39m
                [0mClass Management[0m
              [36m</h2>[39m
              [36m<p[39m
                [33mclass[39m=[32m"text-muted-foreground"[39m
              [36m>[39m
                [0mManage your classes and schedules[0m
              [36m</p>[39m
            [36m</div>[39m
            [36m<button[39m
              [33mclass[39m=[32m"inline-flex items-center justify-center gap-2 whitespace-nowrap rounded-md text-sm font-medium transition-all disabled:pointer-events-none disabled:opacity-50 [&_svg]:pointer-events-none [&_svg:not([class*='size-'])]:size-4 shrink-0 [&_svg]:shrink-0 outline-none focus-visible:border-ring focus-visible:ring-ring/50 focus-visible:ring-[3px] aria-invalid:ring-destructive/20 dark:aria-invalid:ring-destructive/40 aria-invalid:border-destructive bg-primary text-primary-foreground shadow-xs hover:bg-primary/90 h-9 px-4 py-2 has-[>svg]:px-3"[39m
              [33mdata-slot[39m=[32m"button"[39m
            [36m>[39m
              [36m<svg[39m
                [33maria-hidden[39m=[32m"true"[39m
                [33mclass[39m=[32m"lucide lucide-plus mr-2 h-4 w-4"[39m
                [33mfill[39m=[32m"none"[39m
                [33mheight[39m=[32m"24"[39m
                [33mstroke[39m=[32m"currentColor"[39m
                [33mstroke-linecap[39m=[32m"round"[39m
                [33mstroke-linejoin[39m=[32m"round"[39m
                [33mstroke-width[39m=[32m"2"[39m
                [33mviewBox[39m=[32m"0 0 24 24"[39m
                [33mwidth[39m=[32m"24"[39m
                [33mxmlns[39m=[32m"http://www.w3.org/2000/svg"[39m
              [36m>[39m
                [36m<path[39m
                  [33md[39m=[32m"M5 12h14"[39m
                [36m/>[39m
                [36m<path[39m
                  [33md[39m=[32m"M12 5v14"[39m
                [36m/>[39m
              [36m</svg>[39m
              [0mNew Class[0m
            [36m</button>[39m
          [36m</div>[39m
          [36m<div[39m
            [33mclass[39m=[32m"flex flex-col gap-4 sm:flex-row sm:items-center"[39m
          [36m>[39m
            [36m<div[39m
              [33mclass[39m=[32m"relative flex-1"[39m
            [36m>[39m
              [36m<svg[39m
                [33maria-hidden[39m=[32m"true"[39m
                [33mclass[39m=[32m"lucide lucide-search absolute left-3 top-1/2 h-4 w-4 -translate-y-1/2 text-muted-foreground"[39m
                [33mfill[39m=[32m"none"[39m
                [33mheight[39m=[32m"24"[39m
                [33mstroke[39m=[32m"currentColor"[39m
                [33mstroke-linecap[39m=[32m"round"[39m
                [33mstroke-linejoin[39m=[32m"round"[39m
                [33mstroke-width[39m=[32m"2"[39m
                [33mviewBox[39m=[32m"0 0 24 24"[39m
                [33mwidth[39m=[32m"24"[39m
                [33mxmlns[39m=[32m"http://www.w3.org/2000/svg"[39m
              [36m>[39m
                [36m<path[39m
                  [33md[39m=[32m"m21 21-4.34-4.34"[39m
                [36m/>[39m
                [36m<circle[39m
                  [33mcx[39m=[32m"11"[39m
                  [33mcy[39m=[32m"11"[39m
                  [33mr[39m=[32m"8"[39m
                [36m/>[39m
              [36m</svg>[39m
              [36m<input[39m
                [33maria-label[39m=[32m"Search classes"[39m
                [33mclass[39m=[32m"file:text-foreground placeholder:text-muted-foreground selection:bg-primary selection:text-primary-foreground dark:bg-input/30 border-input flex h-9 w-full min-w-0 rounded-md border bg-transparent px-3 py-1 text-base shadow-xs transition-[color,box-shadow] outline-none file:inline-flex file:h-7 file:border-0 file:bg-transparent file:text-sm file:font-medium disabled:pointer-events-none disabled:cursor-not-allowed disabled:opacity-50 md:text-sm focus-visible:border-ring focus-visible:ring-ring/50 focus-visible:ring-[3px] aria-invalid:ring-destructive/20 dark:aria-invalid:ring-destructive/40 aria-invalid:border-destructive pl-9"[39m
                [33mdata-slot[39m=[32m"input"[39m
                [33mplaceholder[39m=[32m"Search classes..."[39m
                [33mrole[39m=[32m"searchbox"[39m
                [33mvalue[39m=[32m""[39m
              [36m/>[39m
            [36m</div>[39m
            [36m<button[39m
              [33maria-autocomplete[39m=[32m"none"[39m
              [33maria-controls[39m=[32m"radix-:r1gt:"[39m
              [33maria-expanded[39m=[32m"false"[39m
              [33maria-label[39m=[32m"Filter by status"[39m
              [33mclass[39m=[32m"flex h-9 items-center justify-between rounded-md border border-input bg-transparent px-3 py-2 text-sm ring-offset-background placeholder:text-muted-foreground focus:outline-none focus:ring-2 focus:ring-ring focus:ring-offset-2 disabled:cursor-not-allowed disabled:opacity-50 [&>span]:line-clamp-1 w-[200px]"[39m
              [33mdata-state[39m=[32m"closed"[39m
              [33mdir[39m=[32m"ltr"[39m
              [33mrole[39m=[32m"combobox"[39m
              [33mtype[39m=[32m"button"[39m
            [36m>[39m
              [36m<span[39m
                [33mstyle[39m=[32m"pointer-events: none;"[39m
              [36m>[39m
                [0mAll statuses[0m
              [36m</span>[39m
              [36m<svg[39m
                [33maria-hidden[39m=[32m"true"[39m
                [33mclass[39m=[32m"lucide lucide-chevron-down h-4 w-4 opacity-50"[39m
                [33mfill[39m=[32m"none"[39m
                [33mheight[39m=[32m"24"[39m
                [33mstroke[39m=[32m"currentColor"[39m
                [33mstroke-linecap[39m=[32m"round"[39m
                [33mstroke-linejoin[39m=[32m"round"[39m
                [33mstroke-width[39m=[32m"2"[39m
                [33mviewBox[39m=[32m"0 0 24 24"[39m
                [33mwidth[39m=[32m"24"[39m
                [33mxmlns[39m=[32m"http://www.w3.org/2000/svg"[39m
              [36m>[39m
                [36m<path[39m
                  [33md[39m=[32m"m6 9 6 6 6-6"[39m
                [36m/>[39m
              [36m</svg>[39m
            [36m</button>[39m
          [36m</div>[39m
          [36m<div[39m
            [33mclass[39m=[32m"space-y-4"[39m
          [36m>[39m
            [36m<div[39m
              [33mclass[39m=[32m"flex items-center gap-2"[39m...

      894 |       fireEvent.click(materialsTab);
      895 |
    > 896 |       await waitFor(() => {
          |                    ^
      897 |         expect(screen.getByText('Textbook chapters 5-8')).toBeInTheDocument();
      898 |         expect(screen.getByText('B2 level or higher')).toBeInTheDocument();
      899 |       });

      at waitForWrapper (node_modules/.pnpm/@testing-library+dom@10.4.0/node_modules/@testing-library/dom/dist/wait-for.js:163:27)
      at Object.<anonymous> (src/components/teacher/__tests__/TeacherClassManagement.test.tsx:896:20)

  ● TeacherClassManagement › Materials and Requirements › should update class materials

    TestingLibraryElementError: Unable to find an accessible element with the role "button" and name `/edit materials/i`

    Here are the accessible roles:

      dialog:

      Name "Business English Advanced":
      [36m<div[39m
        [33maria-describedby[39m=[32m"radix-:r1js:"[39m
        [33maria-labelledby[39m=[32m"radix-:r1jr:"[39m
        [33mclass[39m=[32m"fixed left-[50%] top-[50%] z-50 grid w-full translate-x-[-50%] translate-y-[-50%] gap-4 border bg-background p-6 shadow-lg duration-200 data-[state=open]:animate-in data-[state=closed]:animate-out data-[state=closed]:fade-out-0 data-[state=open]:fade-in-0 data-[state=closed]:zoom-out-95 data-[state=open]:zoom-in-95 data-[state=closed]:slide-out-to-left-1/2 data-[state=closed]:slide-out-to-top-[48%] data-[state=open]:slide-in-from-left-1/2 data-[state=open]:slide-in-from-top-[48%] sm:rounded-lg max-w-4xl"[39m
        [33mdata-state[39m=[32m"open"[39m
        [33mid[39m=[32m"radix-:r1jq:"[39m
        [33mrole[39m=[32m"dialog"[39m
        [33mstyle[39m=[32m"pointer-events: auto;"[39m
        [33mtabindex[39m=[32m"-1"[39m
      [36m/>[39m

      --------------------------------------------------
      heading:

      Name "Business English Advanced":
      [36m<h2[39m
        [33mclass[39m=[32m"text-lg font-semibold leading-none tracking-tight"[39m
        [33mid[39m=[32m"radix-:r1jr:"[39m
      [36m/>[39m

      Name "Class Schedule":
      [36m<h3[39m
        [33mclass[39m=[32m"font-medium"[39m
      [36m/>[39m

      --------------------------------------------------
      paragraph:

      Name "":
      [36m<p[39m
        [33mclass[39m=[32m"text-sm text-muted-foreground"[39m
        [33mid[39m=[32m"radix-:r1js:"[39m
      [36m/>[39m

      Name "":
      [36m<p[39m
        [33mclass[39m=[32m"text-muted-foreground"[39m
      [36m/>[39m

      --------------------------------------------------
      tablist:

      Name "":
      [36m<div[39m
        [33maria-orientation[39m=[32m"horizontal"[39m
        [33mclass[39m=[32m"h-10 items-center justify-center rounded-md bg-muted p-1 text-muted-foreground grid w-full grid-cols-3"[39m
        [33mdata-orientation[39m=[32m"horizontal"[39m
        [33mrole[39m=[32m"tablist"[39m
        [33mstyle[39m=[32m"outline: none;"[39m
        [33mtabindex[39m=[32m"0"[39m
      [36m/>[39m

      --------------------------------------------------
      tab:

      Name "Schedule":
      [36m<button[39m
        [33maria-controls[39m=[32m"radix-:r1km:-content-schedule"[39m
        [33maria-selected[39m=[32m"true"[39m
        [33mclass[39m=[32m"inline-flex items-center justify-center whitespace-nowrap rounded-sm px-3 py-1.5 text-sm font-medium ring-offset-background transition-all focus-visible:outline-none focus-visible:ring-2 focus-visible:ring-ring focus-visible:ring-offset-2 disabled:pointer-events-none disabled:opacity-50 data-[state=active]:bg-background data-[state=active]:text-foreground data-[state=active]:shadow-sm"[39m
        [33mdata-orientation[39m=[32m"horizontal"[39m
        [33mdata-radix-collection-item[39m=[32m""[39m
        [33mdata-state[39m=[32m"active"[39m
        [33mid[39m=[32m"radix-:r1km:-trigger-schedule"[39m
        [33mrole[39m=[32m"tab"[39m
        [33mtabindex[39m=[32m"-1"[39m
        [33mtype[39m=[32m"button"[39m
      [36m/>[39m

      Name "Students":
      [36m<button[39m
        [33maria-controls[39m=[32m"radix-:r1km:-content-students"[39m
        [33maria-selected[39m=[32m"false"[39m
        [33mclass[39m=[32m"inline-flex items-center justify-center whitespace-nowrap rounded-sm px-3 py-1.5 text-sm font-medium ring-offset-background transition-all focus-visible:outline-none focus-visible:ring-2 focus-visible:ring-ring focus-visible:ring-offset-2 disabled:pointer-events-none disabled:opacity-50 data-[state=active]:bg-background data-[state=active]:text-foreground data-[state=active]:shadow-sm"[39m
        [33mdata-orientation[39m=[32m"horizontal"[39m
        [33mdata-radix-collection-item[39m=[32m""[39m
        [33mdata-state[39m=[32m"inactive"[39m
        [33mid[39m=[32m"radix-:r1km:-trigger-students"[39m
        [33mrole[39m=[32m"tab"[39m
        [33mtabindex[39m=[32m"-1"[39m
        [33mtype[39m=[32m"button"[39m
      [36m/>[39m

      Name "Materials":
      [36m<button[39m
        [33maria-controls[39m=[32m"radix-:r1km:-content-materials"[39m
        [33maria-selected[39m=[32m"false"[39m
        [33mclass[39m=[32m"inline-flex items-center justify-center whitespace-nowrap rounded-sm px-3 py-1.5 text-sm font-medium ring-offset-background transition-all focus-visible:outline-none focus-visible:ring-2 focus-visible:ring-ring focus-visible:ring-offset-2 disabled:pointer-events-none disabled:opacity-50 data-[state=active]:bg-background data-[state=active]:text-foreground data-[state=active]:shadow-sm"[39m
        [33mdata-orientation[39m=[32m"horizontal"[39m
        [33mdata-radix-collection-item[39m=[32m""[39m
        [33mdata-state[39m=[32m"inactive"[39m
        [33mid[39m=[32m"radix-:r1km:-trigger-materials"[39m
        [33mrole[39m=[32m"tab"[39m
        [33mtabindex[39m=[32m"-1"[39m
        [33mtype[39m=[32m"button"[39m
      [36m/>[39m

      --------------------------------------------------
      tabpanel:

      Name "Schedule":
      [36m<div[39m
        [33maria-labelledby[39m=[32m"radix-:r1km:-trigger-schedule"[39m
        [33mclass[39m=[32m"mt-2 ring-offset-background focus-visible:outline-none focus-visible:ring-2 focus-visible:ring-ring focus-visible:ring-offset-2 space-y-4"[39m
        [33mdata-orientation[39m=[32m"horizontal"[39m
        [33mdata-state[39m=[32m"active"[39m
        [33mid[39m=[32m"radix-:r1km:-content-schedule"[39m
        [33mrole[39m=[32m"tabpanel"[39m
        [33mstyle[39m=[32m"animation-duration: 0s;"[39m
        [33mtabindex[39m=[32m"0"[39m
      [36m/>[39m

      --------------------------------------------------
      button:

      Name "Add Schedule":
      [36m<button[39m
        [33mclass[39m=[32m"inline-flex items-center justify-center whitespace-nowrap text-sm font-medium transition-all disabled:pointer-events-none disabled:opacity-50 [&_svg]:pointer-events-none [&_svg:not([class*='size-'])]:size-4 shrink-0 [&_svg]:shrink-0 outline-none focus-visible:border-ring focus-visible:ring-ring/50 focus-visible:ring-[3px] aria-invalid:ring-destructive/20 dark:aria-invalid:ring-destructive/40 aria-invalid:border-destructive bg-primary text-primary-foreground shadow-xs hover:bg-primary/90 h-8 rounded-md gap-1.5 px-3 has-[>svg]:px-2.5"[39m
        [33mdata-slot[39m=[32m"button"[39m
      [36m/>[39m

      Name "Close":
      [36m<button[39m
        [33mclass[39m=[32m"absolute right-4 top-4 rounded-sm opacity-70 ring-offset-background transition-opacity hover:opacity-100 focus:outline-none focus:ring-2 focus:ring-ring focus:ring-offset-2 disabled:pointer-events-none data-[state=open]:bg-accent data-[state=open]:text-muted-foreground"[39m
        [33mtype[39m=[32m"button"[39m
      [36m/>[39m

      --------------------------------------------------

    Ignored nodes: comments, script, style
    [36m<body[39m
      [33mdata-scroll-locked[39m=[32m"1"[39m
      [33mstyle[39m=[32m"pointer-events: none;"[39m
    [36m>[39m
      [36m<span[39m
        [33maria-hidden[39m=[32m"true"[39m
        [33mdata-aria-hidden[39m=[32m"true"[39m
        [33mdata-radix-focus-guard[39m=[32m""[39m
        [33mstyle[39m=[32m"outline: none; opacity: 0; position: fixed; pointer-events: none;"[39m
        [33mtabindex[39m=[32m"0"[39m
      [36m/>[39m
      [36m<div[39m
        [33maria-hidden[39m=[32m"true"[39m
        [33mdata-aria-hidden[39m=[32m"true"[39m
      [36m>[39m
        [36m<div[39m
          [33mclass[39m=[32m"space-y-6"[39m
        [36m>[39m
          [36m<div[39m
            [33mclass[39m=[32m"flex flex-col gap-4 sm:flex-row sm:items-center sm:justify-between"[39m
          [36m>[39m
            [36m<div>[39m
              [36m<h2[39m
                [33mclass[39m=[32m"text-2xl font-bold"[39m
              [36m>[39m
                [0mClass Management[0m
              [36m</h2>[39m
              [36m<p[39m
                [33mclass[39m=[32m"text-muted-foreground"[39m
              [36m>[39m
                [0mManage your classes and schedules[0m
              [36m</p>[39m
            [36m</div>[39m
            [36m<button[39m
              [33mclass[39m=[32m"inline-flex items-center justify-center gap-2 whitespace-nowrap rounded-md text-sm font-medium transition-all disabled:pointer-events-none disabled:opacity-50 [&_svg]:pointer-events-none [&_svg:not([class*='size-'])]:size-4 shrink-0 [&_svg]:shrink-0 outline-none focus-visible:border-ring focus-visible:ring-ring/50 focus-visible:ring-[3px] aria-invalid:ring-destructive/20 dark:aria-invalid:ring-destructive/40 aria-invalid:border-destructive bg-primary text-primary-foreground shadow-xs hover:bg-primary/90 h-9 px-4 py-2 has-[>svg]:px-3"[39m
              [33mdata-slot[39m=[32m"button"[39m
            [36m>[39m
              [36m<svg[39m
                [33maria-hidden[39m=[32m"true"[39m
                [33mclass[39m=[32m"lucide lucide-plus mr-2 h-4 w-4"[39m
                [33mfill[39m=[32m"none"[39m
                [33mheight[39m=[32m"24"[39m
                [33mstroke[39m=[32m"currentColor"[39m
                [33mstroke-linecap[39m=[32m"round"[39m
                [33mstroke-linejoin[39m=[32m"round"[39m
                [33mstroke-width[39m=[32m"2"[39m
                [33mviewBox[39m=[32m"0 0 24 24"[39m
                [33mwidth[39m=[32m"24"[39m
                [33mxmlns[39m=[32m"http://www.w3.org/2000/svg"[39m
              [36m>[39m
                [36m<path[39m
                  [33md[39m=[32m"M5 12h14"[39m
                [36m/>[39m
                [36m<path[39m
                  [33md[39m=[32m"M12 5v14"[39m
                [36m/>[39m
              [36m</svg>[39m
              [0mNew Class[0m
            [36m</button>[39m
          [36m</div>[39m
          [36m<div[39m
            [33mclass[39m=[32m"flex flex-col gap-4 sm:flex-row sm:items-center"[39m
          [36m>[39m
            [36m<div[39m
              [33mclass[39m=[32m"relative flex-1"[39m
            [36m>[39m
              [36m<svg[39m
                [33maria-hidden[39m=[32m"true"[39m
                [33mclass[39m=[32m"lucide lucide-search absolute left-3 top-1/2 h-4 w-4 -translate-y-1/2 text-muted-foreground"[39m
                [33mfill[39m=[32m"none"[39m
                [33mheight[39m=[32m"24"[39m
                [33mstroke[39m=[32m"currentColor"[39m
                [33mstroke-linecap[39m=[32m"round"[39m
                [33mstroke-linejoin[39m=[32m"round"[39m
                [33mstroke-width[39m=[32m"2"[39m
                [33mviewBox[39m=[32m"0 0 24 24"[39m
                [33mwidth[39m=[32m"24"[39m
                [33mxmlns[39m=[32m"http://www.w3.org/2000/svg"[39m
              [36m>[39m
                [36m<path[39m
                  [33md[39m=[32m"m21 21-4.34-4.34"[39m
                [36m/>[39m
                [36m<circle[39m
                  [33mcx[39m=[32m"11"[39m
                  [33mcy[39m=[32m"11"[39m
                  [33mr[39m=[32m"8"[39m
                [36m/>[39m
              [36m</svg>[39m
              [36m<input[39m
                [33maria-label[39m=[32m"Search classes"[39m
                [33mclass[39m=[32m"file:text-foreground placeholder:text-muted-foreground selection:bg-primary selection:text-primary-foreground dark:bg-input/30 border-input flex h-9 w-full min-w-0 rounded-md border bg-transparent px-3 py-1 text-base shadow-xs transition-[color,box-shadow] outline-none file:inline-flex file:h-7 file:border-0 file:bg-transparent file:text-sm file:font-medium disabled:pointer-events-none disabled:cursor-not-allowed disabled:opacity-50 md:text-sm focus-visible:border-ring focus-visible:ring-ring/50 focus-visible:ring-[3px] aria-invalid:ring-destructive/20 dark:aria-invalid:ring-destructive/40 aria-invalid:border-destructive pl-9"[39m
                [33mdata-slot[39m=[32m"input"[39m
                [33mplaceholder[39m=[32m"Search classes..."[39m
                [33mrole[39m=[32m"searchbox"[39m
                [33mvalue[39m=[32m""[39m
              [36m/>[39m
            [36m</div>[39m
            [36m<button[39m
              [33maria-autocomplete[39m=[32m"none"[39m
              [33maria-controls[39m=[32m"radix-:r1jd:"[39m
              [33maria-expanded[39m=[32m"false"[39m
              [33maria-label[39m=[32m"Filter by status"[39m
              [33mclass[39m=[32m"flex h-9 items-center justify-between rounded-md border border-input bg-transparent px-3 py-2 text-sm ring-offset-background placeholder:text-muted-foreground focus:outline-none focus:ring-2 focus:ring-ring focus:ring-offset-2 disabled:cursor-not-allowed disabled:opacity-50 [&>span]:line-clamp-1 w-[200px]"[39m
              [33mdata-state[39m=[32m"closed"[39m
              [33mdir[39m=[32m"ltr"[39m
              [33mrole[39m=[32m"combobox"[39m
              [33mtype[39m=[32m"button"[39m
            [36m>[39m
              [36m<span[39m
                [33mstyle[39m=[32m"pointer-events: none;"[39m
              [36m>[39m
                [0mAll statuses[0m
              [36m</span>[39m
              [36m<svg[39m
                [33maria-hidden[39m=[32m"true"[39m
                [33mclass[39m=[32m"lucide lucide-chevron-down h-4 w-4 opacity-50"[39m
                [33mfill[39m=[32m"none"[39m
                [33mheight[39m=[32m"24"[39m
                [33mstroke[39m=[32m"currentColor"[39m
                [33mstroke-linecap[39m=[32m"round"[39m
                [33mstroke-linejoin[39m=[32m"round"[39m
                [33mstroke-width[39m=[32m"2"[39m
                [33mviewBox[39m=[32m"0 0 24 24"[39m
                [33mwidth[39m=[32m"24"[39m
                [33mxmlns[39m=[32m"http://www.w3.org/2000/svg"[39m
              [36m>[39m
                [36m<path[39m
                  [33md[39m=[32m"m6 9 6 6 6-6"[39m
                [36m/>[39m
              [36m</svg>[39m
            [36m</button>[39m
          [36m</div>[39m
          [36m<div[39m
            [33mclass[39m=[32m"space-y-4"[39m
          [36m>[39m
            [36m<div[39m
              [33mclass[39m=[32m"flex items-center gap-2"[39m...

      936 |
      937 |       // Edit materials
    > 938 |       const editMaterialsButton = screen.getByRole('button', { name: /edit materials/i });
          |                                          ^
      939 |       fireEvent.click(editMaterialsButton);
      940 |
      941 |       const materialsInput = screen.getByLabelText(/class materials/i);

      at Object.getElementError (node_modules/.pnpm/@testing-library+dom@10.4.0/node_modules/@testing-library/dom/dist/config.js:37:19)
      at node_modules/.pnpm/@testing-library+dom@10.4.0/node_modules/@testing-library/dom/dist/query-helpers.js:76:38
      at node_modules/.pnpm/@testing-library+dom@10.4.0/node_modules/@testing-library/dom/dist/query-helpers.js:52:17
      at node_modules/.pnpm/@testing-library+dom@10.4.0/node_modules/@testing-library/dom/dist/query-helpers.js:95:19
      at Object.getByRole (src/components/teacher/__tests__/TeacherClassManagement.test.tsx:938:42)

  ● TeacherClassManagement › Batch Operations › should perform batch status update

    TestingLibraryElementError: Unable to find an accessible element with the role "menuitem" and name `/pause selected/i`

    Here are the accessible roles:

      heading:

      Name "Class Management":
      [36m<h2[39m
        [33mclass[39m=[32m"text-2xl font-bold"[39m
      [36m/>[39m

      --------------------------------------------------
      paragraph:

      Name "":
      [36m<p[39m
        [33mclass[39m=[32m"text-muted-foreground"[39m
      [36m/>[39m

      --------------------------------------------------
      button:

      Name "New Class":
      [36m<button[39m
        [33mclass[39m=[32m"inline-flex items-center justify-center gap-2 whitespace-nowrap rounded-md text-sm font-medium transition-all disabled:pointer-events-none disabled:opacity-50 [&_svg]:pointer-events-none [&_svg:not([class*='size-'])]:size-4 shrink-0 [&_svg]:shrink-0 outline-none focus-visible:border-ring focus-visible:ring-ring/50 focus-visible:ring-[3px] aria-invalid:ring-destructive/20 dark:aria-invalid:ring-destructive/40 aria-invalid:border-destructive bg-primary text-primary-foreground shadow-xs hover:bg-primary/90 h-9 px-4 py-2 has-[>svg]:px-3"[39m
        [33mdata-slot[39m=[32m"button"[39m
      [36m/>[39m

      Name "Batch Actions":
      [36m<button[39m
        [33maria-expanded[39m=[32m"false"[39m
        [33maria-haspopup[39m=[32m"menu"[39m
        [33mclass[39m=[32m"inline-flex items-center justify-center whitespace-nowrap text-sm font-medium transition-all disabled:pointer-events-none disabled:opacity-50 [&_svg]:pointer-events-none [&_svg:not([class*='size-'])]:size-4 shrink-0 [&_svg]:shrink-0 outline-none focus-visible:border-ring focus-visible:ring-ring/50 focus-visible:ring-[3px] aria-invalid:ring-destructive/20 dark:aria-invalid:ring-destructive/40 aria-invalid:border-destructive border bg-background shadow-xs hover:bg-accent hover:text-accent-foreground dark:bg-input/30 dark:border-input dark:hover:bg-input/50 h-8 rounded-md gap-1.5 px-3 has-[>svg]:px-2.5"[39m
        [33mdata-slot[39m=[32m"dropdown-menu-trigger"[39m
        [33mdata-state[39m=[32m"closed"[39m
        [33mid[39m=[32m"radix-:r1pk:"[39m
        [33mtype[39m=[32m"button"[39m
      [36m/>[39m

      Name "More options":
      [36m<button[39m
        [33maria-expanded[39m=[32m"false"[39m
        [33maria-haspopup[39m=[32m"menu"[39m
        [33maria-label[39m=[32m"More options"[39m
        [33mclass[39m=[32m"inline-flex items-center justify-center gap-2 whitespace-nowrap rounded-md text-sm font-medium transition-all disabled:pointer-events-none disabled:opacity-50 [&_svg]:pointer-events-none [&_svg:not([class*='size-'])]:size-4 shrink-0 [&_svg]:shrink-0 outline-none focus-visible:border-ring focus-visible:ring-ring/50 focus-visible:ring-[3px] aria-invalid:ring-destructive/20 dark:aria-invalid:ring-destructive/40 aria-invalid:border-destructive hover:bg-accent hover:text-accent-foreground dark:hover:bg-accent/50 size-9"[39m
        [33mdata-slot[39m=[32m"dropdown-menu-trigger"[39m
        [33mdata-state[39m=[32m"closed"[39m
        [33mid[39m=[32m"radix-:r1oc:"[39m
        [33mtype[39m=[32m"button"[39m
      [36m/>[39m

      Name "Edit":
      [36m<button[39m
        [33mclass[39m=[32m"inline-flex items-center justify-center whitespace-nowrap text-sm font-medium transition-all disabled:pointer-events-none disabled:opacity-50 [&_svg]:pointer-events-none [&_svg:not([class*='size-'])]:size-4 shrink-0 [&_svg]:shrink-0 outline-none focus-visible:border-ring focus-visible:ring-ring/50 focus-visible:ring-[3px] aria-invalid:ring-destructive/20 dark:aria-invalid:ring-destructive/40 aria-invalid:border-destructive border bg-background shadow-xs hover:bg-accent hover:text-accent-foreground dark:bg-input/30 dark:border-input dark:hover:bg-input/50 h-8 rounded-md gap-1.5 px-3 has-[>svg]:px-2.5"[39m
        [33mdata-slot[39m=[32m"button"[39m
      [36m/>[39m

      Name "View Details":
      [36m<button[39m
        [33mclass[39m=[32m"inline-flex items-center justify-center whitespace-nowrap text-sm font-medium transition-all disabled:pointer-events-none disabled:opacity-50 [&_svg]:pointer-events-none [&_svg:not([class*='size-'])]:size-4 shrink-0 [&_svg]:shrink-0 outline-none focus-visible:border-ring focus-visible:ring-ring/50 focus-visible:ring-[3px] aria-invalid:ring-destructive/20 dark:aria-invalid:ring-destructive/40 aria-invalid:border-destructive border bg-background shadow-xs hover:bg-accent hover:text-accent-foreground dark:bg-input/30 dark:border-input dark:hover:bg-input/50 h-8 rounded-md gap-1.5 px-3 has-[>svg]:px-2.5"[39m
        [33mdata-slot[39m=[32m"button"[39m
      [36m/>[39m

      Name "More options":
      [36m<button[39m
        [33maria-expanded[39m=[32m"false"[39m
        [33maria-haspopup[39m=[32m"menu"[39m
        [33maria-label[39m=[32m"More options"[39m
        [33mclass[39m=[32m"inline-flex items-center justify-center gap-2 whitespace-nowrap rounded-md text-sm font-medium transition-all disabled:pointer-events-none disabled:opacity-50 [&_svg]:pointer-events-none [&_svg:not([class*='size-'])]:size-4 shrink-0 [&_svg]:shrink-0 outline-none focus-visible:border-ring focus-visible:ring-ring/50 focus-visible:ring-[3px] aria-invalid:ring-destructive/20 dark:aria-invalid:ring-destructive/40 aria-invalid:border-destructive hover:bg-accent hover:text-accent-foreground dark:hover:bg-accent/50 size-9"[39m
        [33mdata-slot[39m=[32m"dropdown-menu-trigger"[39m
        [33mdata-state[39m=[32m"closed"[39m
        [33mid[39m=[32m"radix-:r1oe:"[39m
        [33mtype[39m=[32m"button"[39m
      [36m/>[39m

      Name "Edit":
      [36m<button[39m
        [33mclass[39m=[32m"inline-flex items-center justify-center whitespace-nowrap text-sm font-medium transition-all disabled:pointer-events-none disabled:opacity-50 [&_svg]:pointer-events-none [&_svg:not([class*='size-'])]:size-4 shrink-0 [&_svg]:shrink-0 outline-none focus-visible:border-ring focus-visible:ring-ring/50 focus-visible:ring-[3px] aria-invalid:ring-destructive/20 dark:aria-invalid:ring-destructive/40 aria-invalid:border-destructive border bg-background shadow-xs hover:bg-accent hover:text-accent-foreground dark:bg-input/30 dark:border-input dark:hover:bg-input/50 h-8 rounded-md gap-1.5 px-3 has-[>svg]:px-2.5"[39m
        [33mdata-slot[39m=[32m"button"[39m
      [36m/>[39m

      Name "View Details":
      [36m<button[39m
        [33mclass[39m=[32m"inline-flex items-center justify-center whitespace-nowrap text-sm font-medium transition-all disabled:pointer-events-none disabled:opacity-50 [&_svg]:pointer-events-none [&_svg:not([class*='size-'])]:size-4 shrink-0 [&_svg]:shrink-0 outline-none focus-visible:border-ring focus-visible:ring-ring/50 focus-visible:ring-[3px] aria-invalid:ring-destructive/20 dark:aria-invalid:ring-destructive/40 aria-invalid:border-destructive border bg-background shadow-xs hover:bg-accent hover:text-accent-foreground dark:bg-input/30 dark:border-input dark:hover:bg-input/50 h-8 rounded-md gap-1.5 px-3 has-[>svg]:px-2.5"[39m
        [33mdata-slot[39m=[32m"button"[39m
      [36m/>[39m

      Name "More options":
      [36m<button[39m
        [33maria-expanded[39m=[32m"false"[39m
        [33maria-haspopup[39m=[32m"menu"[39m
        [33maria-label[39m=[32m"More options"[39m
        [33mclass[39m=[32m"inline-flex items-center justify-center gap-2 whitespace-nowrap rounded-md text-sm font-medium transition-all disabled:pointer-events-none disabled:opacity-50 [&_svg]:pointer-events-none [&_svg:not([class*='size-'])]:size-4 shrink-0 [&_svg]:shrink-0 outline-none focus-visible:border-ring focus-visible:ring-ring/50 focus-visible:ring-[3px] aria-invalid:ring-destructive/20 dark:aria-invalid:ring-destructive/40 aria-invalid:border-destructive hover:bg-accent hover:text-accent-foreground dark:hover:bg-accent/50 size-9"[39m
        [33mdata-slot[39m=[32m"dropdown-menu-trigger"[39m
        [33mdata-state[39m=[32m"closed"[39m
        [33mid[39m=[32m"radix-:r1og:"[39m
        [33mtype[39m=[32m"button"[39m
      [36m/>[39m

      Name "Edit":
      [36m<button[39m
        [33mclass[39m=[32m"inline-flex items-center justify-center whitespace-nowrap text-sm font-medium transition-all disabled:pointer-events-none disabled:opacity-50 [&_svg]:pointer-events-none [&_svg:not([class*='size-'])]:size-4 shrink-0 [&_svg]:shrink-0 outline-none focus-visible:border-ring focus-visible:ring-ring/50 focus-visible:ring-[3px] aria-invalid:ring-destructive/20 dark:aria-invalid:ring-destructive/40 aria-invalid:border-destructive border bg-background shadow-xs hover:bg-accent hover:text-accent-foreground dark:bg-input/30 dark:border-input dark:hover:bg-input/50 h-8 rounded-md gap-1.5 px-3 has-[>svg]:px-2.5"[39m
        [33mdata-slot[39m=[32m"button"[39m
      [36m/>[39m

      Name "View Details":
      [36m<button[39m
        [33mclass[39m=[32m"inline-flex items-center justify-center whitespace-nowrap text-sm font-medium transition-all disabled:pointer-events-none disabled:opacity-50 [&_svg]:pointer-events-none [&_svg:not([class*='size-'])]:size-4 shrink-0 [&_svg]:shrink-0 outline-none focus-visible:border-ring focus-visible:ring-ring/50 focus-visible:ring-[3px] aria-invalid:ring-destructive/20 dark:aria-invalid:ring-destructive/40 aria-invalid:border-destructive border bg-background shadow-xs hover:bg-accent hover:text-accent-foreground dark:bg-input/30 dark:border-input dark:hover:bg-input/50 h-8 rounded-md gap-1.5 px-3 has-[>svg]:px-2.5"[39m
        [33mdata-slot[39m=[32m"button"[39m
      [36m/>[39m

      --------------------------------------------------
      searchbox:

      Name "Search classes":
      [36m<input[39m
        [33maria-label[39m=[32m"Search classes"[39m
        [33mclass[39m=[32m"file:text-foreground placeholder:text-muted-foreground selection:bg-primary selection:text-primary-foreground dark:bg-input/30 border-input flex h-9 w-full min-w-0 rounded-md border bg-transparent px-3 py-1 text-base shadow-xs transition-[color,box-shadow] outline-none file:inline-flex file:h-7 file:border-0 file:bg-transparent file:text-sm file:font-medium disabled:pointer-events-none disabled:cursor-not-allowed disabled:opacity-50 md:text-sm focus-visible:border-ring focus-visible:ring-ring/50 focus-visible:ring-[3px] aria-invalid:ring-destructive/20 dark:aria-invalid:ring-destructive/40 aria-invalid:border-destructive pl-9"[39m
        [33mdata-slot[39m=[32m"input"[39m
        [33mplaceholder[39m=[32m"Search classes..."[39m
        [33mrole[39m=[32m"searchbox"[39m
        [33mvalue[39m=[32m""[39m
      [36m/>[39m

      --------------------------------------------------
      combobox:

      Name "Filter by status":
      [36m<button[39m
        [33maria-autocomplete[39m=[32m"none"[39m
        [33maria-controls[39m=[32m"radix-:r1ob:"[39m
        [33maria-expanded[39m=[32m"false"[39m
        [33maria-label[39m=[32m"Filter by status"[39m
        [33mclass[39m=[32m"flex h-9 items-center justify-between rounded-md border border-input bg-transparent px-3 py-2 text-sm ring-offset-background placeholder:text-muted-foreground focus:outline-none focus:ring-2 focus:ring-ring focus:ring-offset-2 disabled:cursor-not-allowed disabled:opacity-50 [&>span]:line-clamp-1 w-[200px]"[39m
        [33mdata-state[39m=[32m"closed"[39m
        [33mdir[39m=[32m"ltr"[39m
        [33mrole[39m=[32m"combobox"[39m
        [33mtype[39m=[32m"button"[39m
      [36m/>[39m

      --------------------------------------------------
      checkbox:

      Name "":
      [36m<button[39m
        [33maria-checked[39m=[32m"false"[39m
        [33mclass[39m=[32m"peer h-4 w-4 shrink-0 rounded-sm border border-primary ring-offset-background focus-visible:outline-none focus-visible:ring-2 focus-visible:ring-ring focus-visible:ring-offset-2 disabled:cursor-not-allowed disabled:opacity-50 data-[state=checked]:bg-primary data-[state=checked]:text-primary-foreground"[39m
        [33mdata-state[39m=[32m"unchecked"[39m
        [33mrole[39m=[32m"checkbox"[39m
        [33mtype[39m=[32m"button"[39m
        [33mvalue[39m=[32m"on"[39m
      [36m/>[39m

      Name "":
      [36m<button[39m
        [33maria-checked[39m=[32m"true"[39m
        [33mclass[39m=[32m"peer h-4 w-4 shrink-0 rounded-sm border border-primary ring-offset-background focus-visible:outline-none focus-visible:ring-2 focus-visible:ring-ring focus-visible:ring-offset-2 disabled:cursor-not-allowed disabled:opacity-50 data-[state=checked]:bg-primary data-[state=checked]:text-primary-foreground"[39m
        [33mdata-state[39m=[32m"checked"[39m
        [33mrole[39m=[32m"checkbox"[39m
        [33mtype[39m=[32m"button"[39m
        [33mvalue[39m=[32m"on"[39m
      [36m/>[39m

      Name "":
      [36m<button[39m
        [33maria-checked[39m=[32m"true"[39m
        [33mclass[39m=[32m"peer h-4 w-4 shrink-0 rounded-sm border border-primary ring-offset-background focus-visible:outline-none focus-visible:ring-2 focus-visible:ring-ring focus-visible:ring-offset-2 disabled:cursor-not-allowed disabled:opacity-50 data-[state=checked]:bg-primary data-[state=checked]:text-primary-foreground"[39m
        [33mdata-state[39m=[32m"checked"[39m
        [33mrole[39m=[32m"checkbox"[39m
        [33mtype[39m=[32m"button"[39m
        [33mvalue[39m=[32m"on"[39m
      [36m/>[39m

      Name "":
      [36m<button[39m
        [33maria-checked[39m=[32m"false"[39m
        [33mclass[39m=[32m"peer h-4 w-4 shrink-0 rounded-sm border border-primary ring-offset-background focus-visible:outline-none focus-visible:ring-2 focus-visible:ring-ring focus-visible:ring-offset-2 disabled:cursor-not-allowed disabled:opacity-50 data-[state=checked]:bg-primary data-[state=checked]:text-primary-foreground"[39m
        [33mdata-state[39m=[32m"unchecked"[39m
        [33mrole[39m=[32m"checkbox"[39m
        [33mtype[39m=[32m"button"[39m
        [33mvalue[39m=[32m"on"[39m
      [36m/>[39m

      --------------------------------------------------

    Ignored nodes: comments, script, style
    [36m<body[39m
      [33mstyle[39m=[32m""[39m
    [36m>[39m
      [36m<div>[39m
        [36m<div[39m
          [33mclass[39m=[32m"space-y-6"[39m
        [36m>[39m
          [36m<div[39m
            [33mclass[39m=[32m"flex flex-col gap-4 sm:flex-row sm:items-center sm:justify-between"[39m
          [36m>[39m
            [36m<div>[39m
              [36m<h2[39m
                [33mclass[39m=[32m"text-2xl font-bold"[39m
              [36m>[39m
                [0mClass Management[0m
              [36m</h2>[39m
              [36m<p[39m
                [33mclass[39m=[32m"text-muted-foreground"[39m
              [36m>[39m
                [0mManage your classes and schedules[0m
              [36m</p>[39m
            [36m</div>[39m
            [36m<button[39m
              [33mclass[39m=[32m"inline-flex items-center justify-center gap-2 whitespace-nowrap rounded-md text-sm font-medium transition-all disabled:pointer-events-none disabled:opacity-50 [&_svg]:pointer-events-none [&_svg:not([class*='size-'])]:size-4 shrink-0 [&_svg]:shrink-0 outline-none focus-visible:border-ring focus-visible:ring-ring/50 focus-visible:ring-[3px] aria-invalid:ring-destructive/20 dark:aria-invalid:ring-destructive/40 aria-invalid:border-destructive bg-primary text-primary-foreground shadow-xs hover:bg-primary/90 h-9 px-4 py-2 has-[>svg]:px-3"[39m
              [33mdata-slot[39m=[32m"button"[39m
            [36m>[39m
              [36m<svg[39m
                [33maria-hidden[39m=[32m"true"[39m
                [33mclass[39m=[32m"lucide lucide-plus mr-2 h-4 w-4"[39m
                [33mfill[39m=[32m"none"[39m
                [33mheight[39m=[32m"24"[39m
                [33mstroke[39m=[32m"currentColor"[39m
                [33mstroke-linecap[39m=[32m"round"[39m
                [33mstroke-linejoin[39m=[32m"round"[39m
                [33mstroke-width[39m=[32m"2"[39m
                [33mviewBox[39m=[32m"0 0 24 24"[39m
                [33mwidth[39m=[32m"24"[39m
                [33mxmlns[39m=[32m"http://www.w3.org/2000/svg"[39m
              [36m>[39m
                [36m<path[39m
                  [33md[39m=[32m"M5 12h14"[39m
                [36m/>[39m
                [36m<path[39m
                  [33md[39m=[32m"M12 5v14"[39m
                [36m/>[39m
              [36m</svg>[39m
              [0mNew Class[0m
            [36m</button>[39m
          [36m</div>[39m
          [36m<div[39m
            [33mclass[39m=[32m"flex flex-col gap-4 sm:flex-row sm:items-center"[39m
          [36m>[39m
            [36m<div[39m
              [33mclass[39m=[32m"relative flex-1"[39m
            [36m>[39m
              [36m<svg[39m
                [33maria-hidden[39m=[32m"true"[39m
                [33mclass[39m=[32m"lucide lucide-search absolute left-3 top-1/2 h-4 w-4 -translate-y-1/2 text-muted-foreground"[39m
                [33mfill[39m=[32m"none"[39m
                [33mheight[39m=[32m"24"[39m
                [33mstroke[39m=[32m"currentColor"[39m
                [33mstroke-linecap[39m=[32m"round"[39m
                [33mstroke-linejoin[39m=[32m"round"[39m
                [33mstroke-width[39m=[32m"2"[39m
                [33mviewBox[39m=[32m"0 0 24 24"[39m
                [33mwidth[39m=[32m"24"[39m
                [33mxmlns[39m=[32m"http://www.w3.org/2000/svg"[39m
              [36m>[39m
                [36m<path[39m
                  [33md[39m=[32m"m21 21-4.34-4.34"[39m
                [36m/>[39m
                [36m<circle[39m
                  [33mcx[39m=[32m"11"[39m
                  [33mcy[39m=[32m"11"[39m
                  [33mr[39m=[32m"8"[39m
                [36m/>[39m
              [36m</svg>[39m
              [36m<input[39m
                [33maria-label[39m=[32m"Search classes"[39m
                [33mclass[39m=[32m"file:text-foreground placeholder:text-muted-foreground selection:bg-primary selection:text-primary-foreground dark:bg-input/30 border-input flex h-9 w-full min-w-0 rounded-md border bg-transparent px-3 py-1 text-base shadow-xs transition-[color,box-shadow] outline-none file:inline-flex file:h-7 file:border-0 file:bg-transparent file:text-sm file:font-medium disabled:pointer-events-none disabled:cursor-not-allowed disabled:opacity-50 md:text-sm focus-visible:border-ring focus-visible:ring-ring/50 focus-visible:ring-[3px] aria-invalid:ring-destructive/20 dark:aria-invalid:ring-destructive/40 aria-invalid:border-destructive pl-9"[39m
                [33mdata-slot[39m=[32m"input"[39m
                [33mplaceholder[39m=[32m"Search classes..."[39m
                [33mrole[39m=[32m"searchbox"[39m
                [33mvalue[39m=[32m""[39m
              [36m/>[39m
            [36m</div>[39m
            [36m<button[39m
              [33maria-autocomplete[39m=[32m"none"[39m
              [33maria-controls[39m=[32m"radix-:r1ob:"[39m
              [33maria-expanded[39m=[32m"false"[39m
              [33maria-label[39m=[32m"Filter by status"[39m
              [33mclass[39m=[32m"flex h-9 items-center justify-between rounded-md border border-input bg-transparent px-3 py-2 text-sm ring-offset-background placeholder:text-muted-foreground focus:outline-none focus:ring-2 focus:ring-ring focus:ring-offset-2 disabled:cursor-not-allowed disabled:opacity-50 [&>span]:line-clamp-1 w-[200px]"[39m
              [33mdata-state[39m=[32m"closed"[39m
              [33mdir[39m=[32m"ltr"[39m
              [33mrole[39m=[32m"combobox"[39m
              [33mtype[39m=[32m"button"[39m
            [36m>[39m
              [36m<span[39m
                [33mstyle[39m=[32m"pointer-events: none;"[39m
              [36m>[39m
                [0mAll statuses[0m
              [36m</span>[39m
              [36m<svg[39m
                [33maria-hidden[39m=[32m"true"[39m
                [33mclass[39m=[32m"lucide lucide-chevron-down h-4 w-4 opacity-50"[39m
                [33mfill[39m=[32m"none"[39m
                [33mheight[39m=[32m"24"[39m
                [33mstroke[39m=[32m"currentColor"[39m
                [33mstroke-linecap[39m=[32m"round"[39m
                [33mstroke-linejoin[39m=[32m"round"[39m
                [33mstroke-width[39m=[32m"2"[39m
                [33mviewBox[39m=[32m"0 0 24 24"[39m
                [33mwidth[39m=[32m"24"[39m
                [33mxmlns[39m=[32m"http://www.w3.org/2000/svg"[39m
              [36m>[39m
                [36m<path[39m
                  [33md[39m=[32m"m6 9 6 6 6-6"[39m
                [36m/>[39m
              [36m</svg>[39m
            [36m</button>[39m
          [36m</div>[39m
          [36m<div[39m
            [33mclass[39m=[32m"flex items-center gap-4 p-4 bg-muted rounded-lg"[39m
          [36m>[39m
            [36m<span[39m
              [33mclass[39m=[32m"text-sm font-medium"[39m
            [36m>[39m
              [0m2[0m
              [0m selected[0m
            [36m</span>[39m
            [36m<button[39m
              [33maria-expanded[39m=[32m"false"[39m
              [33maria-haspopup[39m=[32m"menu"[39m
              [33mclass[39m=[32m"inline-flex items-center justify-center whitespace-nowrap text-sm font-medium transition-all disabled:pointer-events-none disabled:opacity-50 [&_svg]:pointer-events-none [&_svg:not([class*...

      1016 |       fireEvent.click(batchButton);
      1017 |
    > 1018 |       const pauseOption = screen.getByRole('menuitem', { name: /pause selected/i });
           |                                  ^
      1019 |       fireEvent.click(pauseOption);
      1020 |
      1021 |       await waitFor(() => {

      at Object.getElementError (node_modules/.pnpm/@testing-library+dom@10.4.0/node_modules/@testing-library/dom/dist/config.js:37:19)
      at node_modules/.pnpm/@testing-library+dom@10.4.0/node_modules/@testing-library/dom/dist/query-helpers.js:76:38
      at node_modules/.pnpm/@testing-library+dom@10.4.0/node_modules/@testing-library/dom/dist/query-helpers.js:52:17
      at node_modules/.pnpm/@testing-library+dom@10.4.0/node_modules/@testing-library/dom/dist/query-helpers.js:95:19
      at Object.getByRole (src/components/teacher/__tests__/TeacherClassManagement.test.tsx:1018:34)

  ● TeacherClassManagement › Accessibility › should announce status changes to screen readers

    TestingLibraryElementError: Unable to find an accessible element with the role "menuitem" and name `/cancel class/i`

    Here are the accessible roles:

      heading:

      Name "Class Management":
      [36m<h2[39m
        [33mclass[39m=[32m"text-2xl font-bold"[39m
      [36m/>[39m

      --------------------------------------------------
      paragraph:

      Name "":
      [36m<p[39m
        [33mclass[39m=[32m"text-muted-foreground"[39m
      [36m/>[39m

      --------------------------------------------------
      button:

      Name "New Class":
      [36m<button[39m
        [33mclass[39m=[32m"inline-flex items-center justify-center gap-2 whitespace-nowrap rounded-md text-sm font-medium transition-all disabled:pointer-events-none disabled:opacity-50 [&_svg]:pointer-events-none [&_svg:not([class*='size-'])]:size-4 shrink-0 [&_svg]:shrink-0 outline-none focus-visible:border-ring focus-visible:ring-ring/50 focus-visible:ring-[3px] aria-invalid:ring-destructive/20 dark:aria-invalid:ring-destructive/40 aria-invalid:border-destructive bg-primary text-primary-foreground shadow-xs hover:bg-primary/90 h-9 px-4 py-2 has-[>svg]:px-3"[39m
        [33mdata-slot[39m=[32m"button"[39m
      [36m/>[39m

      Name "More options":
      [36m<button[39m
        [33maria-expanded[39m=[32m"false"[39m
        [33maria-haspopup[39m=[32m"menu"[39m
        [33maria-label[39m=[32m"More options"[39m
        [33mclass[39m=[32m"inline-flex items-center justify-center gap-2 whitespace-nowrap rounded-md text-sm font-medium transition-all disabled:pointer-events-none disabled:opacity-50 [&_svg]:pointer-events-none [&_svg:not([class*='size-'])]:size-4 shrink-0 [&_svg]:shrink-0 outline-none focus-visible:border-ring focus-visible:ring-ring/50 focus-visible:ring-[3px] aria-invalid:ring-destructive/20 dark:aria-invalid:ring-destructive/40 aria-invalid:border-destructive hover:bg-accent hover:text-accent-foreground dark:hover:bg-accent/50 size-9"[39m
        [33mdata-slot[39m=[32m"dropdown-menu-trigger"[39m
        [33mdata-state[39m=[32m"closed"[39m
        [33mid[39m=[32m"radix-:r20n:"[39m
        [33mtype[39m=[32m"button"[39m
      [36m/>[39m

      Name "Edit":
      [36m<button[39m
        [33mclass[39m=[32m"inline-flex items-center justify-center whitespace-nowrap text-sm font-medium transition-all disabled:pointer-events-none disabled:opacity-50 [&_svg]:pointer-events-none [&_svg:not([class*='size-'])]:size-4 shrink-0 [&_svg]:shrink-0 outline-none focus-visible:border-ring focus-visible:ring-ring/50 focus-visible:ring-[3px] aria-invalid:ring-destructive/20 dark:aria-invalid:ring-destructive/40 aria-invalid:border-destructive border bg-background shadow-xs hover:bg-accent hover:text-accent-foreground dark:bg-input/30 dark:border-input dark:hover:bg-input/50 h-8 rounded-md gap-1.5 px-3 has-[>svg]:px-2.5"[39m
        [33mdata-slot[39m=[32m"button"[39m
      [36m/>[39m

      Name "View Details":
      [36m<button[39m
        [33mclass[39m=[32m"inline-flex items-center justify-center whitespace-nowrap text-sm font-medium transition-all disabled:pointer-events-none disabled:opacity-50 [&_svg]:pointer-events-none [&_svg:not([class*='size-'])]:size-4 shrink-0 [&_svg]:shrink-0 outline-none focus-visible:border-ring focus-visible:ring-ring/50 focus-visible:ring-[3px] aria-invalid:ring-destructive/20 dark:aria-invalid:ring-destructive/40 aria-invalid:border-destructive border bg-background shadow-xs hover:bg-accent hover:text-accent-foreground dark:bg-input/30 dark:border-input dark:hover:bg-input/50 h-8 rounded-md gap-1.5 px-3 has-[>svg]:px-2.5"[39m
        [33mdata-slot[39m=[32m"button"[39m
      [36m/>[39m

      Name "More options":
      [36m<button[39m
        [33maria-expanded[39m=[32m"false"[39m
        [33maria-haspopup[39m=[32m"menu"[39m
        [33maria-label[39m=[32m"More options"[39m
        [33mclass[39m=[32m"inline-flex items-center justify-center gap-2 whitespace-nowrap rounded-md text-sm font-medium transition-all disabled:pointer-events-none disabled:opacity-50 [&_svg]:pointer-events-none [&_svg:not([class*='size-'])]:size-4 shrink-0 [&_svg]:shrink-0 outline-none focus-visible:border-ring focus-visible:ring-ring/50 focus-visible:ring-[3px] aria-invalid:ring-destructive/20 dark:aria-invalid:ring-destructive/40 aria-invalid:border-destructive hover:bg-accent hover:text-accent-foreground dark:hover:bg-accent/50 size-9"[39m
        [33mdata-slot[39m=[32m"dropdown-menu-trigger"[39m
        [33mdata-state[39m=[32m"closed"[39m
        [33mid[39m=[32m"radix-:r20p:"[39m
        [33mtype[39m=[32m"button"[39m
      [36m/>[39m

      Name "Edit":
      [36m<button[39m
        [33mclass[39m=[32m"inline-flex items-center justify-center whitespace-nowrap text-sm font-medium transition-all disabled:pointer-events-none disabled:opacity-50 [&_svg]:pointer-events-none [&_svg:not([class*='size-'])]:size-4 shrink-0 [&_svg]:shrink-0 outline-none focus-visible:border-ring focus-visible:ring-ring/50 focus-visible:ring-[3px] aria-invalid:ring-destructive/20 dark:aria-invalid:ring-destructive/40 aria-invalid:border-destructive border bg-background shadow-xs hover:bg-accent hover:text-accent-foreground dark:bg-input/30 dark:border-input dark:hover:bg-input/50 h-8 rounded-md gap-1.5 px-3 has-[>svg]:px-2.5"[39m
        [33mdata-slot[39m=[32m"button"[39m
      [36m/>[39m

      Name "View Details":
      [36m<button[39m
        [33mclass[39m=[32m"inline-flex items-center justify-center whitespace-nowrap text-sm font-medium transition-all disabled:pointer-events-none disabled:opacity-50 [&_svg]:pointer-events-none [&_svg:not([class*='size-'])]:size-4 shrink-0 [&_svg]:shrink-0 outline-none focus-visible:border-ring focus-visible:ring-ring/50 focus-visible:ring-[3px] aria-invalid:ring-destructive/20 dark:aria-invalid:ring-destructive/40 aria-invalid:border-destructive border bg-background shadow-xs hover:bg-accent hover:text-accent-foreground dark:bg-input/30 dark:border-input dark:hover:bg-input/50 h-8 rounded-md gap-1.5 px-3 has-[>svg]:px-2.5"[39m
        [33mdata-slot[39m=[32m"button"[39m
      [36m/>[39m

      Name "More options":
      [36m<button[39m
        [33maria-expanded[39m=[32m"false"[39m
        [33maria-haspopup[39m=[32m"menu"[39m
        [33maria-label[39m=[32m"More options"[39m
        [33mclass[39m=[32m"inline-flex items-center justify-center gap-2 whitespace-nowrap rounded-md text-sm font-medium transition-all disabled:pointer-events-none disabled:opacity-50 [&_svg]:pointer-events-none [&_svg:not([class*='size-'])]:size-4 shrink-0 [&_svg]:shrink-0 outline-none focus-visible:border-ring focus-visible:ring-ring/50 focus-visible:ring-[3px] aria-invalid:ring-destructive/20 dark:aria-invalid:ring-destructive/40 aria-invalid:border-destructive hover:bg-accent hover:text-accent-foreground dark:hover:bg-accent/50 size-9"[39m
        [33mdata-slot[39m=[32m"dropdown-menu-trigger"[39m
        [33mdata-state[39m=[32m"closed"[39m
        [33mid[39m=[32m"radix-:r20r:"[39m
        [33mtype[39m=[32m"button"[39m
      [36m/>[39m

      Name "Edit":
      [36m<button[39m
        [33mclass[39m=[32m"inline-flex items-center justify-center whitespace-nowrap text-sm font-medium transition-all disabled:pointer-events-none disabled:opacity-50 [&_svg]:pointer-events-none [&_svg:not([class*='size-'])]:size-4 shrink-0 [&_svg]:shrink-0 outline-none focus-visible:border-ring focus-visible:ring-ring/50 focus-visible:ring-[3px] aria-invalid:ring-destructive/20 dark:aria-invalid:ring-destructive/40 aria-invalid:border-destructive border bg-background shadow-xs hover:bg-accent hover:text-accent-foreground dark:bg-input/30 dark:border-input dark:hover:bg-input/50 h-8 rounded-md gap-1.5 px-3 has-[>svg]:px-2.5"[39m
        [33mdata-slot[39m=[32m"button"[39m
      [36m/>[39m

      Name "View Details":
      [36m<button[39m
        [33mclass[39m=[32m"inline-flex items-center justify-center whitespace-nowrap text-sm font-medium transition-all disabled:pointer-events-none disabled:opacity-50 [&_svg]:pointer-events-none [&_svg:not([class*='size-'])]:size-4 shrink-0 [&_svg]:shrink-0 outline-none focus-visible:border-ring focus-visible:ring-ring/50 focus-visible:ring-[3px] aria-invalid:ring-destructive/20 dark:aria-invalid:ring-destructive/40 aria-invalid:border-destructive border bg-background shadow-xs hover:bg-accent hover:text-accent-foreground dark:bg-input/30 dark:border-input dark:hover:bg-input/50 h-8 rounded-md gap-1.5 px-3 has-[>svg]:px-2.5"[39m
        [33mdata-slot[39m=[32m"button"[39m
      [36m/>[39m

      --------------------------------------------------
      searchbox:

      Name "Search classes":
      [36m<input[39m
        [33maria-label[39m=[32m"Search classes"[39m
        [33mclass[39m=[32m"file:text-foreground placeholder:text-muted-foreground selection:bg-primary selection:text-primary-foreground dark:bg-input/30 border-input flex h-9 w-full min-w-0 rounded-md border bg-transparent px-3 py-1 text-base shadow-xs transition-[color,box-shadow] outline-none file:inline-flex file:h-7 file:border-0 file:bg-transparent file:text-sm file:font-medium disabled:pointer-events-none disabled:cursor-not-allowed disabled:opacity-50 md:text-sm focus-visible:border-ring focus-visible:ring-ring/50 focus-visible:ring-[3px] aria-invalid:ring-destructive/20 dark:aria-invalid:ring-destructive/40 aria-invalid:border-destructive pl-9"[39m
        [33mdata-slot[39m=[32m"input"[39m
        [33mplaceholder[39m=[32m"Search classes..."[39m
        [33mrole[39m=[32m"searchbox"[39m
        [33mvalue[39m=[32m""[39m
      [36m/>[39m

      --------------------------------------------------
      combobox:

      Name "Filter by status":
      [36m<button[39m
        [33maria-autocomplete[39m=[32m"none"[39m
        [33maria-controls[39m=[32m"radix-:r20m:"[39m
        [33maria-expanded[39m=[32m"false"[39m
        [33maria-label[39m=[32m"Filter by status"[39m
        [33mclass[39m=[32m"flex h-9 items-center justify-between rounded-md border border-input bg-transparent px-3 py-2 text-sm ring-offset-background placeholder:text-muted-foreground focus:outline-none focus:ring-2 focus:ring-ring focus:ring-offset-2 disabled:cursor-not-allowed disabled:opacity-50 [&>span]:line-clamp-1 w-[200px]"[39m
        [33mdata-state[39m=[32m"closed"[39m
        [33mdir[39m=[32m"ltr"[39m
        [33mrole[39m=[32m"combobox"[39m
        [33mtype[39m=[32m"button"[39m
      [36m/>[39m

      --------------------------------------------------
      checkbox:

      Name "":
      [36m<button[39m
        [33maria-checked[39m=[32m"false"[39m
        [33mclass[39m=[32m"peer h-4 w-4 shrink-0 rounded-sm border border-primary ring-offset-background focus-visible:outline-none focus-visible:ring-2 focus-visible:ring-ring focus-visible:ring-offset-2 disabled:cursor-not-allowed disabled:opacity-50 data-[state=checked]:bg-primary data-[state=checked]:text-primary-foreground"[39m
        [33mdata-state[39m=[32m"unchecked"[39m
        [33mrole[39m=[32m"checkbox"[39m
        [33mtype[39m=[32m"button"[39m
        [33mvalue[39m=[32m"on"[39m
      [36m/>[39m

      Name "":
      [36m<button[39m
        [33maria-checked[39m=[32m"false"[39m
        [33mclass[39m=[32m"peer h-4 w-4 shrink-0 rounded-sm border border-primary ring-offset-background focus-visible:outline-none focus-visible:ring-2 focus-visible:ring-ring focus-visible:ring-offset-2 disabled:cursor-not-allowed disabled:opacity-50 data-[state=checked]:bg-primary data-[state=checked]:text-primary-foreground"[39m
        [33mdata-state[39m=[32m"unchecked"[39m
        [33mrole[39m=[32m"checkbox"[39m
        [33mtype[39m=[32m"button"[39m
        [33mvalue[39m=[32m"on"[39m
      [36m/>[39m

      Name "":
      [36m<button[39m
        [33maria-checked[39m=[32m"false"[39m
        [33mclass[39m=[32m"peer h-4 w-4 shrink-0 rounded-sm border border-primary ring-offset-background focus-visible:outline-none focus-visible:ring-2 focus-visible:ring-ring focus-visible:ring-offset-2 disabled:cursor-not-allowed disabled:opacity-50 data-[state=checked]:bg-primary data-[state=checked]:text-primary-foreground"[39m
        [33mdata-state[39m=[32m"unchecked"[39m
        [33mrole[39m=[32m"checkbox"[39m
        [33mtype[39m=[32m"button"[39m
        [33mvalue[39m=[32m"on"[39m
      [36m/>[39m

      Name "":
      [36m<button[39m
        [33maria-checked[39m=[32m"false"[39m
        [33mclass[39m=[32m"peer h-4 w-4 shrink-0 rounded-sm border border-primary ring-offset-background focus-visible:outline-none focus-visible:ring-2 focus-visible:ring-ring focus-visible:ring-offset-2 disabled:cursor-not-allowed disabled:opacity-50 data-[state=checked]:bg-primary data-[state=checked]:text-primary-foreground"[39m
        [33mdata-state[39m=[32m"unchecked"[39m
        [33mrole[39m=[32m"checkbox"[39m
        [33mtype[39m=[32m"button"[39m
        [33mvalue[39m=[32m"on"[39m
      [36m/>[39m

      --------------------------------------------------

    Ignored nodes: comments, script, style
    [36m<body[39m
      [33mstyle[39m=[32m""[39m
    [36m>[39m
      [36m<div>[39m
        [36m<div[39m
          [33mclass[39m=[32m"space-y-6"[39m
        [36m>[39m
          [36m<div[39m
            [33mclass[39m=[32m"flex flex-col gap-4 sm:flex-row sm:items-center sm:justify-between"[39m
          [36m>[39m
            [36m<div>[39m
              [36m<h2[39m
                [33mclass[39m=[32m"text-2xl font-bold"[39m
              [36m>[39m
                [0mClass Management[0m
              [36m</h2>[39m
              [36m<p[39m
                [33mclass[39m=[32m"text-muted-foreground"[39m
              [36m>[39m
                [0mManage your classes and schedules[0m
              [36m</p>[39m
            [36m</div>[39m
            [36m<button[39m
              [33mclass[39m=[32m"inline-flex items-center justify-center gap-2 whitespace-nowrap rounded-md text-sm font-medium transition-all disabled:pointer-events-none disabled:opacity-50 [&_svg]:pointer-events-none [&_svg:not([class*='size-'])]:size-4 shrink-0 [&_svg]:shrink-0 outline-none focus-visible:border-ring focus-visible:ring-ring/50 focus-visible:ring-[3px] aria-invalid:ring-destructive/20 dark:aria-invalid:ring-destructive/40 aria-invalid:border-destructive bg-primary text-primary-foreground shadow-xs hover:bg-primary/90 h-9 px-4 py-2 has-[>svg]:px-3"[39m
              [33mdata-slot[39m=[32m"button"[39m
            [36m>[39m
              [36m<svg[39m
                [33maria-hidden[39m=[32m"true"[39m
                [33mclass[39m=[32m"lucide lucide-plus mr-2 h-4 w-4"[39m
                [33mfill[39m=[32m"none"[39m
                [33mheight[39m=[32m"24"[39m
                [33mstroke[39m=[32m"currentColor"[39m
                [33mstroke-linecap[39m=[32m"round"[39m
                [33mstroke-linejoin[39m=[32m"round"[39m
                [33mstroke-width[39m=[32m"2"[39m
                [33mviewBox[39m=[32m"0 0 24 24"[39m
                [33mwidth[39m=[32m"24"[39m
                [33mxmlns[39m=[32m"http://www.w3.org/2000/svg"[39m
              [36m>[39m
                [36m<path[39m
                  [33md[39m=[32m"M5 12h14"[39m
                [36m/>[39m
                [36m<path[39m
                  [33md[39m=[32m"M12 5v14"[39m
                [36m/>[39m
              [36m</svg>[39m
              [0mNew Class[0m
            [36m</button>[39m
          [36m</div>[39m
          [36m<div[39m
            [33mclass[39m=[32m"flex flex-col gap-4 sm:flex-row sm:items-center"[39m
          [36m>[39m
            [36m<div[39m
              [33mclass[39m=[32m"relative flex-1"[39m
            [36m>[39m
              [36m<svg[39m
                [33maria-hidden[39m=[32m"true"[39m
                [33mclass[39m=[32m"lucide lucide-search absolute left-3 top-1/2 h-4 w-4 -translate-y-1/2 text-muted-foreground"[39m
                [33mfill[39m=[32m"none"[39m
                [33mheight[39m=[32m"24"[39m
                [33mstroke[39m=[32m"currentColor"[39m
                [33mstroke-linecap[39m=[32m"round"[39m
                [33mstroke-linejoin[39m=[32m"round"[39m
                [33mstroke-width[39m=[32m"2"[39m
                [33mviewBox[39m=[32m"0 0 24 24"[39m
                [33mwidth[39m=[32m"24"[39m
                [33mxmlns[39m=[32m"http://www.w3.org/2000/svg"[39m
              [36m>[39m
                [36m<path[39m
                  [33md[39m=[32m"m21 21-4.34-4.34"[39m
                [36m/>[39m
                [36m<circle[39m
                  [33mcx[39m=[32m"11"[39m
                  [33mcy[39m=[32m"11"[39m
                  [33mr[39m=[32m"8"[39m
                [36m/>[39m
              [36m</svg>[39m
              [36m<input[39m
                [33maria-label[39m=[32m"Search classes"[39m
                [33mclass[39m=[32m"file:text-foreground placeholder:text-muted-foreground selection:bg-primary selection:text-primary-foreground dark:bg-input/30 border-input flex h-9 w-full min-w-0 rounded-md border bg-transparent px-3 py-1 text-base shadow-xs transition-[color,box-shadow] outline-none file:inline-flex file:h-7 file:border-0 file:bg-transparent file:text-sm file:font-medium disabled:pointer-events-none disabled:cursor-not-allowed disabled:opacity-50 md:text-sm focus-visible:border-ring focus-visible:ring-ring/50 focus-visible:ring-[3px] aria-invalid:ring-destructive/20 dark:aria-invalid:ring-destructive/40 aria-invalid:border-destructive pl-9"[39m
                [33mdata-slot[39m=[32m"input"[39m
                [33mplaceholder[39m=[32m"Search classes..."[39m
                [33mrole[39m=[32m"searchbox"[39m
                [33mvalue[39m=[32m""[39m
              [36m/>[39m
            [36m</div>[39m
            [36m<button[39m
              [33maria-autocomplete[39m=[32m"none"[39m
              [33maria-controls[39m=[32m"radix-:r20m:"[39m
              [33maria-expanded[39m=[32m"false"[39m
              [33maria-label[39m=[32m"Filter by status"[39m
              [33mclass[39m=[32m"flex h-9 items-center justify-between rounded-md border border-input bg-transparent px-3 py-2 text-sm ring-offset-background placeholder:text-muted-foreground focus:outline-none focus:ring-2 focus:ring-ring focus:ring-offset-2 disabled:cursor-not-allowed disabled:opacity-50 [&>span]:line-clamp-1 w-[200px]"[39m
              [33mdata-state[39m=[32m"closed"[39m
              [33mdir[39m=[32m"ltr"[39m
              [33mrole[39m=[32m"combobox"[39m
              [33mtype[39m=[32m"button"[39m
            [36m>[39m
              [36m<span[39m
                [33mstyle[39m=[32m"pointer-events: none;"[39m
              [36m>[39m
                [0mAll statuses[0m
              [36m</span>[39m
              [36m<svg[39m
                [33maria-hidden[39m=[32m"true"[39m
                [33mclass[39m=[32m"lucide lucide-chevron-down h-4 w-4 opacity-50"[39m
                [33mfill[39m=[32m"none"[39m
                [33mheight[39m=[32m"24"[39m
                [33mstroke[39m=[32m"currentColor"[39m
                [33mstroke-linecap[39m=[32m"round"[39m
                [33mstroke-linejoin[39m=[32m"round"[39m
                [33mstroke-width[39m=[32m"2"[39m
                [33mviewBox[39m=[32m"0 0 24 24"[39m
                [33mwidth[39m=[32m"24"[39m
                [33mxmlns[39m=[32m"http://www.w3.org/2000/svg"[39m
              [36m>[39m
                [36m<path[39m
                  [33md[39m=[32m"m6 9 6 6 6-6"[39m
                [36m/>[39m
              [36m</svg>[39m
            [36m</button>[39m
          [36m</div>[39m
          [36m<div[39m
            [33mclass[39m=[32m"space-y-4"[39m
          [36m>[39m
            [36m<div[39m
              [33mclass[39m=[32m"flex items-center gap-2"[39m
            [36m>[39m
              [36m<button[39m
                [33maria-checked[39m=[32m"false"[39m
                [33mclass[39m=[32m"peer h-4 w-4 shrink-0 rounded-sm border border-primary ring-offset-background focus-visible:outline-none focus-visible:ring-2 focus-visible:ring-ring focus-visible:ring-offset-2 disabled:cursor-not-allowed disabled:opacity-50 data-[state=checked]:bg-primary data-[state=checked]:text-primary-foreground"[39m
                [33mdata-state[39m=...

      1122 |       fireEvent.click(moreButtons[0]);
      1123 |
    > 1124 |       const cancelOption = screen.getByRole('menuitem', { name: /cancel class/i });
           |                                   ^
      1125 |       fireEvent.click(cancelOption);
      1126 |
      1127 |       const confirmButton = await screen.findByRole('button', { name: /confirm cancel/i });

      at Object.getElementError (node_modules/.pnpm/@testing-library+dom@10.4.0/node_modules/@testing-library/dom/dist/config.js:37:19)
      at node_modules/.pnpm/@testing-library+dom@10.4.0/node_modules/@testing-library/dom/dist/query-helpers.js:76:38
      at node_modules/.pnpm/@testing-library+dom@10.4.0/node_modules/@testing-library/dom/dist/query-helpers.js:52:17
      at node_modules/.pnpm/@testing-library+dom@10.4.0/node_modules/@testing-library/dom/dist/query-helpers.js:95:19
      at Object.getByRole (src/components/teacher/__tests__/TeacherClassManagement.test.tsx:1124:35)

  ● TeacherClassManagement › Error Handling › should show error message when class creation fails

    Unable to find role="alert"

    Ignored nodes: comments, script, style
    [36m<body[39m
      [33mdata-scroll-locked[39m=[32m"1"[39m
      [33mstyle[39m=[32m"pointer-events: none;"[39m
    [36m>[39m
      [36m<span[39m
        [33maria-hidden[39m=[32m"true"[39m
        [33mdata-aria-hidden[39m=[32m"true"[39m
        [33mdata-radix-focus-guard[39m=[32m""[39m
        [33mstyle[39m=[32m"outline: none; opacity: 0; position: fixed; pointer-events: none;"[39m
        [33mtabindex[39m=[32m"0"[39m
      [36m/>[39m
      [36m<div[39m
        [33maria-hidden[39m=[32m"true"[39m
        [33mdata-aria-hidden[39m=[32m"true"[39m
      [36m>[39m
        [36m<div[39m
          [33mclass[39m=[32m"space-y-6"[39m
        [36m>[39m
          [36m<div[39m
            [33mclass[39m=[32m"flex flex-col gap-4 sm:flex-row sm:items-center sm:justify-between"[39m
          [36m>[39m
            [36m<div>[39m
              [36m<h2[39m
                [33mclass[39m=[32m"text-2xl font-bold"[39m
              [36m>[39m
                [0mClass Management[0m
              [36m</h2>[39m
              [36m<p[39m
                [33mclass[39m=[32m"text-muted-foreground"[39m
              [36m>[39m
                [0mManage your classes and schedules[0m
              [36m</p>[39m
            [36m</div>[39m
            [36m<button[39m
              [33mclass[39m=[32m"inline-flex items-center justify-center gap-2 whitespace-nowrap rounded-md text-sm font-medium transition-all disabled:pointer-events-none disabled:opacity-50 [&_svg]:pointer-events-none [&_svg:not([class*='size-'])]:size-4 shrink-0 [&_svg]:shrink-0 outline-none focus-visible:border-ring focus-visible:ring-ring/50 focus-visible:ring-[3px] aria-invalid:ring-destructive/20 dark:aria-invalid:ring-destructive/40 aria-invalid:border-destructive bg-primary text-primary-foreground shadow-xs hover:bg-primary/90 h-9 px-4 py-2 has-[>svg]:px-3"[39m
              [33mdata-slot[39m=[32m"button"[39m
            [36m>[39m
              [36m<svg[39m
                [33maria-hidden[39m=[32m"true"[39m
                [33mclass[39m=[32m"lucide lucide-plus mr-2 h-4 w-4"[39m
                [33mfill[39m=[32m"none"[39m
                [33mheight[39m=[32m"24"[39m
                [33mstroke[39m=[32m"currentColor"[39m
                [33mstroke-linecap[39m=[32m"round"[39m
                [33mstroke-linejoin[39m=[32m"round"[39m
                [33mstroke-width[39m=[32m"2"[39m
                [33mviewBox[39m=[32m"0 0 24 24"[39m
                [33mwidth[39m=[32m"24"[39m
                [33mxmlns[39m=[32m"http://www.w3.org/2000/svg"[39m
              [36m>[39m
                [36m<path[39m
                  [33md[39m=[32m"M5 12h14"[39m
                [36m/>[39m
                [36m<path[39m
                  [33md[39m=[32m"M12 5v14"[39m
                [36m/>[39m
              [36m</svg>[39m
              [0mNew Class[0m
            [36m</button>[39m
          [36m</div>[39m
          [36m<div[39m
            [33mclass[39m=[32m"flex flex-col gap-4 sm:flex-row sm:items-center"[39m
          [36m>[39m
            [36m<div[39m
              [33mclass[39m=[32m"relative flex-1"[39m
            [36m>[39m
              [36m<svg[39m
                [33maria-hidden[39m=[32m"true"[39m
                [33mclass[39m=[32m"lucide lucide-search absolute left-3 top-1/2 h-4 w-4 -translate-y-1/2 text-muted-foreground"[39m
                [33mfill[39m=[32m"none"[39m
                [33mheight[39m=[32m"24"[39m
                [33mstroke[39m=[32m"currentColor"[39m
                [33mstroke-linecap[39m=[32m"round"[39m
                [33mstroke-linejoin[39m=[32m"round"[39m
                [33mstroke-width[39m=[32m"2"[39m
                [33mviewBox[39m=[32m"0 0 24 24"[39m
                [33mwidth[39m=[32m"24"[39m
                [33mxmlns[39m=[32m"http://www.w3.org/2000/svg"[39m
              [36m>[39m
                [36m<path[39m
                  [33md[39m=[32m"m21 21-4.34-4.34"[39m
                [36m/>[39m
                [36m<circle[39m
                  [33mcx[39m=[32m"11"[39m
                  [33mcy[39m=[32m"11"[39m
                  [33mr[39m=[32m"8"[39m
                [36m/>[39m
              [36m</svg>[39m
              [36m<input[39m
                [33maria-label[39m=[32m"Search classes"[39m
                [33mclass[39m=[32m"file:text-foreground placeholder:text-muted-foreground selection:bg-primary selection:text-primary-foreground dark:bg-input/30 border-input flex h-9 w-full min-w-0 rounded-md border bg-transparent px-3 py-1 text-base shadow-xs transition-[color,box-shadow] outline-none file:inline-flex file:h-7 file:border-0 file:bg-transparent file:text-sm file:font-medium disabled:pointer-events-none disabled:cursor-not-allowed disabled:opacity-50 md:text-sm focus-visible:border-ring focus-visible:ring-ring/50 focus-visible:ring-[3px] aria-invalid:ring-destructive/20 dark:aria-invalid:ring-destructive/40 aria-invalid:border-destructive pl-9"[39m
                [33mdata-slot[39m=[32m"input"[39m
                [33mplaceholder[39m=[32m"Search classes..."[39m
                [33mrole[39m=[32m"searchbox"[39m
                [33mvalue[39m=[32m""[39m
              [36m/>[39m
            [36m</div>[39m
            [36m<button[39m
              [33maria-autocomplete[39m=[32m"none"[39m
              [33maria-controls[39m=[32m"radix-:r239:"[39m
              [33maria-expanded[39m=[32m"false"[39m
              [33maria-label[39m=[32m"Filter by status"[39m
              [33mclass[39m=[32m"flex h-9 items-center justify-between rounded-md border border-input bg-transparent px-3 py-2 text-sm ring-offset-background placeholder:text-muted-foreground focus:outline-none focus:ring-2 focus:ring-ring focus:ring-offset-2 disabled:cursor-not-allowed disabled:opacity-50 [&>span]:line-clamp-1 w-[200px]"[39m
              [33mdata-state[39m=[32m"closed"[39m
              [33mdir[39m=[32m"ltr"[39m
              [33mrole[39m=[32m"combobox"[39m
              [33mtype[39m=[32m"button"[39m
            [36m>[39m
              [36m<span[39m
                [33mstyle[39m=[32m"pointer-events: none;"[39m
              [36m>[39m
                [0mAll statuses[0m
              [36m</span>[39m
              [36m<svg[39m
                [33maria-hidden[39m=[32m"true"[39m
                [33mclass[39m=[32m"lucide lucide-chevron-down h-4 w-4 opacity-50"[39m
                [33mfill[39m=[32m"none"[39m
                [33mheight[39m=[32m"24"[39m
                [33mstroke[39m=[32m"currentColor"[39m
                [33mstroke-linecap[39m=[32m"round"[39m
                [33mstroke-linejoin[39m=[32m"round"[39m
                [33mstroke-width[39m=[32m"2"[39m
                [33mviewBox[39m=[32m"0 0 24 24"[39m
                [33mwidth[39m=[32m"24"[39m
                [33mxmlns[39m=[32m"http://www.w3.org/2000/svg"[39m
              [36m>[39m
                [36m<path[39m
                  [33md[39m=[32m"m6 9 6 6 6-6"[39m
                [36m/>[39m
              [36m</svg>[39m
            [36m</button>[39m
          [36m</div>[39m
          [36m<div[39m
            [33mclass[39m=[32m"space-y-4"[39m
          [36m>[39m
            [36m<div[39m
              [33mclass[39m=[32m"bg-card text-card-foreground ...

      1171 |       fireEvent.click(submitButton);
      1172 |
    > 1173 |       await waitFor(() => {
           |                    ^
      1174 |         expect(screen.getByRole('alert')).toHaveTextContent(/failed to create class/i);
      1175 |       });
      1176 |     });

      at waitForWrapper (node_modules/.pnpm/@testing-library+dom@10.4.0/node_modules/@testing-library/dom/dist/wait-for.js:163:27)
      at Object.<anonymous> (src/components/teacher/__tests__/TeacherClassManagement.test.tsx:1173:20)

  ● TeacherClassManagement › Error Handling › should handle loading states appropriately

    TestingLibraryElementError: Unable to find an element with the text: /loading classes/i. This could be because the text is broken up by multiple elements. In this case, you can provide a function for your text matcher to make your matcher more flexible.

    Ignored nodes: comments, script, style
    [36m<body[39m
      [33mstyle[39m=[32m""[39m
    [36m>[39m
      [36m<div>[39m
        [36m<div[39m
          [33mclass[39m=[32m"space-y-6"[39m
        [36m>[39m
          [36m<div[39m
            [33mclass[39m=[32m"flex flex-col gap-4 sm:flex-row sm:items-center sm:justify-between"[39m
          [36m>[39m
            [36m<div>[39m
              [36m<h2[39m
                [33mclass[39m=[32m"text-2xl font-bold"[39m
              [36m>[39m
                [0mClass Management[0m
              [36m</h2>[39m
              [36m<p[39m
                [33mclass[39m=[32m"text-muted-foreground"[39m
              [36m>[39m
                [0mManage your classes and schedules[0m
              [36m</p>[39m
            [36m</div>[39m
            [36m<button[39m
              [33mclass[39m=[32m"inline-flex items-center justify-center gap-2 whitespace-nowrap rounded-md text-sm font-medium transition-all disabled:pointer-events-none disabled:opacity-50 [&_svg]:pointer-events-none [&_svg:not([class*='size-'])]:size-4 shrink-0 [&_svg]:shrink-0 outline-none focus-visible:border-ring focus-visible:ring-ring/50 focus-visible:ring-[3px] aria-invalid:ring-destructive/20 dark:aria-invalid:ring-destructive/40 aria-invalid:border-destructive bg-primary text-primary-foreground shadow-xs hover:bg-primary/90 h-9 px-4 py-2 has-[>svg]:px-3"[39m
              [33mdata-slot[39m=[32m"button"[39m
            [36m>[39m
              [36m<svg[39m
                [33maria-hidden[39m=[32m"true"[39m
                [33mclass[39m=[32m"lucide lucide-plus mr-2 h-4 w-4"[39m
                [33mfill[39m=[32m"none"[39m
                [33mheight[39m=[32m"24"[39m
                [33mstroke[39m=[32m"currentColor"[39m
                [33mstroke-linecap[39m=[32m"round"[39m
                [33mstroke-linejoin[39m=[32m"round"[39m
                [33mstroke-width[39m=[32m"2"[39m
                [33mviewBox[39m=[32m"0 0 24 24"[39m
                [33mwidth[39m=[32m"24"[39m
                [33mxmlns[39m=[32m"http://www.w3.org/2000/svg"[39m
              [36m>[39m
                [36m<path[39m
                  [33md[39m=[32m"M5 12h14"[39m
                [36m/>[39m
                [36m<path[39m
                  [33md[39m=[32m"M12 5v14"[39m
                [36m/>[39m
              [36m</svg>[39m
              [0mNew Class[0m
            [36m</button>[39m
          [36m</div>[39m
          [36m<div[39m
            [33mclass[39m=[32m"flex flex-col gap-4 sm:flex-row sm:items-center"[39m
          [36m>[39m
            [36m<div[39m
              [33mclass[39m=[32m"relative flex-1"[39m
            [36m>[39m
              [36m<svg[39m
                [33maria-hidden[39m=[32m"true"[39m
                [33mclass[39m=[32m"lucide lucide-search absolute left-3 top-1/2 h-4 w-4 -translate-y-1/2 text-muted-foreground"[39m
                [33mfill[39m=[32m"none"[39m
                [33mheight[39m=[32m"24"[39m
                [33mstroke[39m=[32m"currentColor"[39m
                [33mstroke-linecap[39m=[32m"round"[39m
                [33mstroke-linejoin[39m=[32m"round"[39m
                [33mstroke-width[39m=[32m"2"[39m
                [33mviewBox[39m=[32m"0 0 24 24"[39m
                [33mwidth[39m=[32m"24"[39m
                [33mxmlns[39m=[32m"http://www.w3.org/2000/svg"[39m
              [36m>[39m
                [36m<path[39m
                  [33md[39m=[32m"m21 21-4.34-4.34"[39m
                [36m/>[39m
                [36m<circle[39m
                  [33mcx[39m=[32m"11"[39m
                  [33mcy[39m=[32m"11"[39m
                  [33mr[39m=[32m"8"[39m
                [36m/>[39m
              [36m</svg>[39m
              [36m<input[39m
                [33maria-label[39m=[32m"Search classes"[39m
                [33mclass[39m=[32m"file:text-foreground placeholder:text-muted-foreground selection:bg-primary selection:text-primary-foreground dark:bg-input/30 border-input flex h-9 w-full min-w-0 rounded-md border bg-transparent px-3 py-1 text-base shadow-xs transition-[color,box-shadow] outline-none file:inline-flex file:h-7 file:border-0 file:bg-transparent file:text-sm file:font-medium disabled:pointer-events-none disabled:cursor-not-allowed disabled:opacity-50 md:text-sm focus-visible:border-ring focus-visible:ring-ring/50 focus-visible:ring-[3px] aria-invalid:ring-destructive/20 dark:aria-invalid:ring-destructive/40 aria-invalid:border-destructive pl-9"[39m
                [33mdata-slot[39m=[32m"input"[39m
                [33mplaceholder[39m=[32m"Search classes..."[39m
                [33mrole[39m=[32m"searchbox"[39m
                [33mvalue[39m=[32m""[39m
              [36m/>[39m
            [36m</div>[39m
            [36m<button[39m
              [33maria-autocomplete[39m=[32m"none"[39m
              [33maria-controls[39m=[32m"radix-:r24j:"[39m
              [33maria-expanded[39m=[32m"false"[39m
              [33maria-label[39m=[32m"Filter by status"[39m
              [33mclass[39m=[32m"flex h-9 items-center justify-between rounded-md border border-input bg-transparent px-3 py-2 text-sm ring-offset-background placeholder:text-muted-foreground focus:outline-none focus:ring-2 focus:ring-ring focus:ring-offset-2 disabled:cursor-not-allowed disabled:opacity-50 [&>span]:line-clamp-1 w-[200px]"[39m
              [33mdata-state[39m=[32m"closed"[39m
              [33mdir[39m=[32m"ltr"[39m
              [33mrole[39m=[32m"combobox"[39m
              [33mtype[39m=[32m"button"[39m
            [36m>[39m
              [36m<span[39m
                [33mstyle[39m=[32m"pointer-events: none;"[39m
              [36m>[39m
                [0mAll statuses[0m
              [36m</span>[39m
              [36m<svg[39m
                [33maria-hidden[39m=[32m"true"[39m
                [33mclass[39m=[32m"lucide lucide-chevron-down h-4 w-4 opacity-50"[39m
                [33mfill[39m=[32m"none"[39m
                [33mheight[39m=[32m"24"[39m
                [33mstroke[39m=[32m"currentColor"[39m
                [33mstroke-linecap[39m=[32m"round"[39m
                [33mstroke-linejoin[39m=[32m"round"[39m
                [33mstroke-width[39m=[32m"2"[39m
                [33mviewBox[39m=[32m"0 0 24 24"[39m
                [33mwidth[39m=[32m"24"[39m
                [33mxmlns[39m=[32m"http://www.w3.org/2000/svg"[39m
              [36m>[39m
                [36m<path[39m
                  [33md[39m=[32m"m6 9 6 6 6-6"[39m
                [36m/>[39m
              [36m</svg>[39m
            [36m</button>[39m
          [36m</div>[39m
          [36m<div[39m
            [33mclass[39m=[32m"space-y-4"[39m
          [36m>[39m
            [36m<div[39m
              [33mclass[39m=[32m"bg-card text-card-foreground flex flex-col gap-6 rounded-xl border py-6 shadow-sm"[39m
              [33mdata-slot[39m=[32m"card"[39m
            [36m>[39m
              [36m<div[39m
                [33mclass[39m=[32m"px-6 flex flex-col items-center justify-center h-64"[39m
                [33mdata-slot[39m=[32m"card-content"[39m
              [36m>[39m
                [36m<p[39m
                  [33mclass[39m=[32m"text-muted-foreground"[39m
                [36m>[39m
                  [0mNo classes found[0m
                [36m</p>[39m
              [36m</div>[39m
            [36m</div>[39m
          [36m</div>[39m
        [36m</div>[39m
      [36m</div>[39m
    [36m</body>[39m

      1192 |
      1193 |       // Should show loading state
    > 1194 |       expect(screen.getByText(/loading classes/i)).toBeInTheDocument();
           |                     ^
      1195 |
      1196 |       // Resolve the promise
      1197 |       resolvePromise!({ data: mockClasses, error: null });

      at Object.getElementError (node_modules/.pnpm/@testing-library+dom@10.4.0/node_modules/@testing-library/dom/dist/config.js:37:19)
      at node_modules/.pnpm/@testing-library+dom@10.4.0/node_modules/@testing-library/dom/dist/query-helpers.js:76:38
      at node_modules/.pnpm/@testing-library+dom@10.4.0/node_modules/@testing-library/dom/dist/query-helpers.js:52:17
      at node_modules/.pnpm/@testing-library+dom@10.4.0/node_modules/@testing-library/dom/dist/query-helpers.js:95:19
      at Object.getByText (src/components/teacher/__tests__/TeacherClassManagement.test.tsx:1194:21)

FAIL src/components/admin/attendance/__tests__/AttendanceComparisonDashboard.test.tsx (9.632 s)
  ● Console

    console.error
      Warning: An update to AttendanceComparisonDashboard inside a test was not wrapped in act(...).
      
      When testing, code that causes React state updates should be wrapped into act(...):
      
      act(() => {
        /* fire events that update state */
      });
      /* assert on the output */
      
      This ensures that you're testing the behavior the user would see in the browser. Learn more at https://reactjs.org/link/wrap-tests-with-act
          at className (/Users/invoture/dev.local/hey-peter/src/components/admin/attendance/AttendanceComparisonDashboard.tsx:60:3)

      125 |       );
      126 |
    > 127 |       setClassData(comparisonData);
          |       ^
      128 |       
      129 |       // Auto-select top 5 classes if none selected
      130 |       if (selectedClasses.length === 0) {

      at printWarning (node_modules/.pnpm/react-dom@18.3.1_react@18.3.1/node_modules/react-dom/cjs/react-dom.development.js:86:30)
      at error (node_modules/.pnpm/react-dom@18.3.1_react@18.3.1/node_modules/react-dom/cjs/react-dom.development.js:60:7)
      at warnIfUpdatesNotWrappedWithActDEV (node_modules/.pnpm/react-dom@18.3.1_react@18.3.1/node_modules/react-dom/cjs/react-dom.development.js:27628:9)
      at scheduleUpdateOnFiber (node_modules/.pnpm/react-dom@18.3.1_react@18.3.1/node_modules/react-dom/cjs/react-dom.development.js:25547:5)
      at dispatchSetState (node_modules/.pnpm/react-dom@18.3.1_react@18.3.1/node_modules/react-dom/cjs/react-dom.development.js:16708:7)
      at setClassData (src/components/admin/attendance/AttendanceComparisonDashboard.tsx:127:7)

    console.error
      Warning: An update to AttendanceComparisonDashboard inside a test was not wrapped in act(...).
      
      When testing, code that causes React state updates should be wrapped into act(...):
      
      act(() => {
        /* fire events that update state */
      });
      /* assert on the output */
      
      This ensures that you're testing the behavior the user would see in the browser. Learn more at https://reactjs.org/link/wrap-tests-with-act
          at className (/Users/invoture/dev.local/hey-peter/src/components/admin/attendance/AttendanceComparisonDashboard.tsx:60:3)

      133 |           .slice(0, 5)
      134 |           .map(c => c.classId);
    > 135 |         setSelectedClasses(topClasses);
          |         ^
      136 |       }
      137 |     } catch (err) {
      138 |       setError(err instanceof Error ? err.message : 'Failed to load comparison data');

      at printWarning (node_modules/.pnpm/react-dom@18.3.1_react@18.3.1/node_modules/react-dom/cjs/react-dom.development.js:86:30)
      at error (node_modules/.pnpm/react-dom@18.3.1_react@18.3.1/node_modules/react-dom/cjs/react-dom.development.js:60:7)
      at warnIfUpdatesNotWrappedWithActDEV (node_modules/.pnpm/react-dom@18.3.1_react@18.3.1/node_modules/react-dom/cjs/react-dom.development.js:27628:9)
      at scheduleUpdateOnFiber (node_modules/.pnpm/react-dom@18.3.1_react@18.3.1/node_modules/react-dom/cjs/react-dom.development.js:25547:5)
      at dispatchSetState (node_modules/.pnpm/react-dom@18.3.1_react@18.3.1/node_modules/react-dom/cjs/react-dom.development.js:16708:7)
      at setSelectedClasses (src/components/admin/attendance/AttendanceComparisonDashboard.tsx:135:9)

    console.error
      Warning: An update to AttendanceComparisonDashboard inside a test was not wrapped in act(...).
      
      When testing, code that causes React state updates should be wrapped into act(...):
      
      act(() => {
        /* fire events that update state */
      });
      /* assert on the output */
      
      This ensures that you're testing the behavior the user would see in the browser. Learn more at https://reactjs.org/link/wrap-tests-with-act
          at className (/Users/invoture/dev.local/hey-peter/src/components/admin/attendance/AttendanceComparisonDashboard.tsx:60:3)

      138 |       setError(err instanceof Error ? err.message : 'Failed to load comparison data');
      139 |     } finally {
    > 140 |       setLoading(false);
          |       ^
      141 |     }
      142 |   };
      143 |

      at printWarning (node_modules/.pnpm/react-dom@18.3.1_react@18.3.1/node_modules/react-dom/cjs/react-dom.development.js:86:30)
      at error (node_modules/.pnpm/react-dom@18.3.1_react@18.3.1/node_modules/react-dom/cjs/react-dom.development.js:60:7)
      at warnIfUpdatesNotWrappedWithActDEV (node_modules/.pnpm/react-dom@18.3.1_react@18.3.1/node_modules/react-dom/cjs/react-dom.development.js:27628:9)
      at scheduleUpdateOnFiber (node_modules/.pnpm/react-dom@18.3.1_react@18.3.1/node_modules/react-dom/cjs/react-dom.development.js:25547:5)
      at dispatchSetState (node_modules/.pnpm/react-dom@18.3.1_react@18.3.1/node_modules/react-dom/cjs/react-dom.development.js:16708:7)
      at setLoading (src/components/admin/attendance/AttendanceComparisonDashboard.tsx:140:7)

    console.error
      [Error: Uncaught [ReferenceError: Separator is not defined]] {
        detail: ReferenceError: Separator is not defined
            at Separator (/Users/invoture/dev.local/hey-peter/src/components/admin/attendance/AttendanceComparisonDashboard.tsx:573:16)
            at renderWithHooks (/Users/invoture/dev.local/hey-peter/node_modules/.pnpm/react-dom@18.3.1_react@18.3.1/node_modules/react-dom/cjs/react-dom.development.js:15486:18)
            at updateFunctionComponent (/Users/invoture/dev.local/hey-peter/node_modules/.pnpm/react-dom@18.3.1_react@18.3.1/node_modules/react-dom/cjs/react-dom.development.js:19617:20)
            at beginWork (/Users/invoture/dev.local/hey-peter/node_modules/.pnpm/react-dom@18.3.1_react@18.3.1/node_modules/react-dom/cjs/react-dom.development.js:21640:16)
            at HTMLUnknownElement.callCallback (/Users/invoture/dev.local/hey-peter/node_modules/.pnpm/react-dom@18.3.1_react@18.3.1/node_modules/react-dom/cjs/react-dom.development.js:4164:14)
            at HTMLUnknownElement.callTheUserObjectsOperation (/Users/invoture/dev.local/hey-peter/node_modules/.pnpm/jsdom@26.1.0/node_modules/jsdom/lib/jsdom/living/generated/EventListener.js:26:30)
            at innerInvokeEventListeners (/Users/invoture/dev.local/hey-peter/node_modules/.pnpm/jsdom@26.1.0/node_modules/jsdom/lib/jsdom/living/events/EventTarget-impl.js:350:25)
            at invokeEventListeners (/Users/invoture/dev.local/hey-peter/node_modules/.pnpm/jsdom@26.1.0/node_modules/jsdom/lib/jsdom/living/events/EventTarget-impl.js:286:3)
            at HTMLUnknownElementImpl._dispatch (/Users/invoture/dev.local/hey-peter/node_modules/.pnpm/jsdom@26.1.0/node_modules/jsdom/lib/jsdom/living/events/EventTarget-impl.js:233:9)
            at HTMLUnknownElementImpl.dispatchEvent (/Users/invoture/dev.local/hey-peter/node_modules/.pnpm/jsdom@26.1.0/node_modules/jsdom/lib/jsdom/living/events/EventTarget-impl.js:104:17)
            at HTMLUnknownElement.dispatchEvent (/Users/invoture/dev.local/hey-peter/node_modules/.pnpm/jsdom@26.1.0/node_modules/jsdom/lib/jsdom/living/generated/EventTarget.js:241:34)
            at Object.invokeGuardedCallbackDev (/Users/invoture/dev.local/hey-peter/node_modules/.pnpm/react-dom@18.3.1_react@18.3.1/node_modules/react-dom/cjs/react-dom.development.js:4213:16)
            at invokeGuardedCallback (/Users/invoture/dev.local/hey-peter/node_modules/.pnpm/react-dom@18.3.1_react@18.3.1/node_modules/react-dom/cjs/react-dom.development.js:4277:31)
            at beginWork$1 (/Users/invoture/dev.local/hey-peter/node_modules/.pnpm/react-dom@18.3.1_react@18.3.1/node_modules/react-dom/cjs/react-dom.development.js:27490:7)
            at performUnitOfWork (/Users/invoture/dev.local/hey-peter/node_modules/.pnpm/react-dom@18.3.1_react@18.3.1/node_modules/react-dom/cjs/react-dom.development.js:26599:12)
            at workLoopSync (/Users/invoture/dev.local/hey-peter/node_modules/.pnpm/react-dom@18.3.1_react@18.3.1/node_modules/react-dom/cjs/react-dom.development.js:26505:5)
            at renderRootSync (/Users/invoture/dev.local/hey-peter/node_modules/.pnpm/react-dom@18.3.1_react@18.3.1/node_modules/react-dom/cjs/react-dom.development.js:26473:7)
            at performConcurrentWorkOnRoot (/Users/invoture/dev.local/hey-peter/node_modules/.pnpm/react-dom@18.3.1_react@18.3.1/node_modules/react-dom/cjs/react-dom.development.js:25777:74)
            at workLoop (/Users/invoture/dev.local/hey-peter/node_modules/.pnpm/scheduler@0.23.2/node_modules/scheduler/cjs/scheduler.development.js:266:34)
            at flushWork (/Users/invoture/dev.local/hey-peter/node_modules/.pnpm/scheduler@0.23.2/node_modules/scheduler/cjs/scheduler.development.js:239:14)
            at performWorkUntilDeadline (/Users/invoture/dev.local/hey-peter/node_modules/.pnpm/scheduler@0.23.2/node_modules/scheduler/cjs/scheduler.development.js:533:21)
            at Timeout.task [as _onTimeout] (/Users/invoture/dev.local/hey-peter/node_modules/.pnpm/jsdom@26.1.0/node_modules/jsdom/lib/jsdom/browser/Window.js:579:19)
            at listOnTimeout (node:internal/timers:581:17)
            at processTimers (node:internal/timers:519:7),
        type: 'unhandled exception'
      }

      at VirtualConsole.<anonymous> (node_modules/.pnpm/@jest+environment-jsdom-abstract@30.0.4_jsdom@26.1.0/node_modules/@jest/environment-jsdom-abstract/build/index.js:78:23)
      at reportException (node_modules/.pnpm/jsdom@26.1.0/node_modules/jsdom/lib/jsdom/living/helpers/runtime-script-errors.js:70:28)
      at innerInvokeEventListeners (node_modules/.pnpm/jsdom@26.1.0/node_modules/jsdom/lib/jsdom/living/events/EventTarget-impl.js:353:9)
      at invokeEventListeners (node_modules/.pnpm/jsdom@26.1.0/node_modules/jsdom/lib/jsdom/living/events/EventTarget-impl.js:286:3)
      at HTMLUnknownElementImpl._dispatch (node_modules/.pnpm/jsdom@26.1.0/node_modules/jsdom/lib/jsdom/living/events/EventTarget-impl.js:233:9)
      at HTMLUnknownElementImpl.dispatchEvent (node_modules/.pnpm/jsdom@26.1.0/node_modules/jsdom/lib/jsdom/living/events/EventTarget-impl.js:104:17)
      at HTMLUnknownElement.dispatchEvent (node_modules/.pnpm/jsdom@26.1.0/node_modules/jsdom/lib/jsdom/living/generated/EventTarget.js:241:34)
      at Object.invokeGuardedCallbackDev (node_modules/.pnpm/react-dom@18.3.1_react@18.3.1/node_modules/react-dom/cjs/react-dom.development.js:4213:16)
      at invokeGuardedCallback (node_modules/.pnpm/react-dom@18.3.1_react@18.3.1/node_modules/react-dom/cjs/react-dom.development.js:4277:31)
      at beginWork$1 (node_modules/.pnpm/react-dom@18.3.1_react@18.3.1/node_modules/react-dom/cjs/react-dom.development.js:27490:7)
      at performUnitOfWork (node_modules/.pnpm/react-dom@18.3.1_react@18.3.1/node_modules/react-dom/cjs/react-dom.development.js:26599:12)
      at workLoopSync (node_modules/.pnpm/react-dom@18.3.1_react@18.3.1/node_modules/react-dom/cjs/react-dom.development.js:26505:5)
      at renderRootSync (node_modules/.pnpm/react-dom@18.3.1_react@18.3.1/node_modules/react-dom/cjs/react-dom.development.js:26473:7)
      at performConcurrentWorkOnRoot (node_modules/.pnpm/react-dom@18.3.1_react@18.3.1/node_modules/react-dom/cjs/react-dom.development.js:25777:74)
      at workLoop (node_modules/.pnpm/scheduler@0.23.2/node_modules/scheduler/cjs/scheduler.development.js:266:34)
      at flushWork (node_modules/.pnpm/scheduler@0.23.2/node_modules/scheduler/cjs/scheduler.development.js:239:14)
      at performWorkUntilDeadline (node_modules/.pnpm/scheduler@0.23.2/node_modules/scheduler/cjs/scheduler.development.js:533:21)
      at Timeout.task [as _onTimeout] (node_modules/.pnpm/jsdom@26.1.0/node_modules/jsdom/lib/jsdom/browser/Window.js:579:19)

    console.error
      [Error: Uncaught [ReferenceError: Separator is not defined]] {
        detail: ReferenceError: Separator is not defined
            at Separator (/Users/invoture/dev.local/hey-peter/src/components/admin/attendance/AttendanceComparisonDashboard.tsx:573:16)
            at renderWithHooks (/Users/invoture/dev.local/hey-peter/node_modules/.pnpm/react-dom@18.3.1_react@18.3.1/node_modules/react-dom/cjs/react-dom.development.js:15486:18)
            at updateFunctionComponent (/Users/invoture/dev.local/hey-peter/node_modules/.pnpm/react-dom@18.3.1_react@18.3.1/node_modules/react-dom/cjs/react-dom.development.js:19617:20)
            at beginWork (/Users/invoture/dev.local/hey-peter/node_modules/.pnpm/react-dom@18.3.1_react@18.3.1/node_modules/react-dom/cjs/react-dom.development.js:21640:16)
            at HTMLUnknownElement.callCallback (/Users/invoture/dev.local/hey-peter/node_modules/.pnpm/react-dom@18.3.1_react@18.3.1/node_modules/react-dom/cjs/react-dom.development.js:4164:14)
            at HTMLUnknownElement.callTheUserObjectsOperation (/Users/invoture/dev.local/hey-peter/node_modules/.pnpm/jsdom@26.1.0/node_modules/jsdom/lib/jsdom/living/generated/EventListener.js:26:30)
            at innerInvokeEventListeners (/Users/invoture/dev.local/hey-peter/node_modules/.pnpm/jsdom@26.1.0/node_modules/jsdom/lib/jsdom/living/events/EventTarget-impl.js:350:25)
            at invokeEventListeners (/Users/invoture/dev.local/hey-peter/node_modules/.pnpm/jsdom@26.1.0/node_modules/jsdom/lib/jsdom/living/events/EventTarget-impl.js:286:3)
            at HTMLUnknownElementImpl._dispatch (/Users/invoture/dev.local/hey-peter/node_modules/.pnpm/jsdom@26.1.0/node_modules/jsdom/lib/jsdom/living/events/EventTarget-impl.js:233:9)
            at HTMLUnknownElementImpl.dispatchEvent (/Users/invoture/dev.local/hey-peter/node_modules/.pnpm/jsdom@26.1.0/node_modules/jsdom/lib/jsdom/living/events/EventTarget-impl.js:104:17)
            at HTMLUnknownElement.dispatchEvent (/Users/invoture/dev.local/hey-peter/node_modules/.pnpm/jsdom@26.1.0/node_modules/jsdom/lib/jsdom/living/generated/EventTarget.js:241:34)
            at Object.invokeGuardedCallbackDev (/Users/invoture/dev.local/hey-peter/node_modules/.pnpm/react-dom@18.3.1_react@18.3.1/node_modules/react-dom/cjs/react-dom.development.js:4213:16)
            at invokeGuardedCallback (/Users/invoture/dev.local/hey-peter/node_modules/.pnpm/react-dom@18.3.1_react@18.3.1/node_modules/react-dom/cjs/react-dom.development.js:4277:31)
            at beginWork$1 (/Users/invoture/dev.local/hey-peter/node_modules/.pnpm/react-dom@18.3.1_react@18.3.1/node_modules/react-dom/cjs/react-dom.development.js:27490:7)
            at performUnitOfWork (/Users/invoture/dev.local/hey-peter/node_modules/.pnpm/react-dom@18.3.1_react@18.3.1/node_modules/react-dom/cjs/react-dom.development.js:26599:12)
            at workLoopSync (/Users/invoture/dev.local/hey-peter/node_modules/.pnpm/react-dom@18.3.1_react@18.3.1/node_modules/react-dom/cjs/react-dom.development.js:26505:5)
            at renderRootSync (/Users/invoture/dev.local/hey-peter/node_modules/.pnpm/react-dom@18.3.1_react@18.3.1/node_modules/react-dom/cjs/react-dom.development.js:26473:7)
            at recoverFromConcurrentError (/Users/invoture/dev.local/hey-peter/node_modules/.pnpm/react-dom@18.3.1_react@18.3.1/node_modules/react-dom/cjs/react-dom.development.js:25889:20)
            at performConcurrentWorkOnRoot (/Users/invoture/dev.local/hey-peter/node_modules/.pnpm/react-dom@18.3.1_react@18.3.1/node_modules/react-dom/cjs/react-dom.development.js:25789:22)
            at workLoop (/Users/invoture/dev.local/hey-peter/node_modules/.pnpm/scheduler@0.23.2/node_modules/scheduler/cjs/scheduler.development.js:266:34)
            at flushWork (/Users/invoture/dev.local/hey-peter/node_modules/.pnpm/scheduler@0.23.2/node_modules/scheduler/cjs/scheduler.development.js:239:14)
            at performWorkUntilDeadline (/Users/invoture/dev.local/hey-peter/node_modules/.pnpm/scheduler@0.23.2/node_modules/scheduler/cjs/scheduler.development.js:533:21)
            at Timeout.task [as _onTimeout] (/Users/invoture/dev.local/hey-peter/node_modules/.pnpm/jsdom@26.1.0/node_modules/jsdom/lib/jsdom/browser/Window.js:579:19)
            at listOnTimeout (node:internal/timers:581:17)
            at processTimers (node:internal/timers:519:7),
        type: 'unhandled exception'
      }

      at VirtualConsole.<anonymous> (node_modules/.pnpm/@jest+environment-jsdom-abstract@30.0.4_jsdom@26.1.0/node_modules/@jest/environment-jsdom-abstract/build/index.js:78:23)
      at reportException (node_modules/.pnpm/jsdom@26.1.0/node_modules/jsdom/lib/jsdom/living/helpers/runtime-script-errors.js:70:28)
      at innerInvokeEventListeners (node_modules/.pnpm/jsdom@26.1.0/node_modules/jsdom/lib/jsdom/living/events/EventTarget-impl.js:353:9)
      at invokeEventListeners (node_modules/.pnpm/jsdom@26.1.0/node_modules/jsdom/lib/jsdom/living/events/EventTarget-impl.js:286:3)
      at HTMLUnknownElementImpl._dispatch (node_modules/.pnpm/jsdom@26.1.0/node_modules/jsdom/lib/jsdom/living/events/EventTarget-impl.js:233:9)
      at HTMLUnknownElementImpl.dispatchEvent (node_modules/.pnpm/jsdom@26.1.0/node_modules/jsdom/lib/jsdom/living/events/EventTarget-impl.js:104:17)
      at HTMLUnknownElement.dispatchEvent (node_modules/.pnpm/jsdom@26.1.0/node_modules/jsdom/lib/jsdom/living/generated/EventTarget.js:241:34)
      at Object.invokeGuardedCallbackDev (node_modules/.pnpm/react-dom@18.3.1_react@18.3.1/node_modules/react-dom/cjs/react-dom.development.js:4213:16)
      at invokeGuardedCallback (node_modules/.pnpm/react-dom@18.3.1_react@18.3.1/node_modules/react-dom/cjs/react-dom.development.js:4277:31)
      at beginWork$1 (node_modules/.pnpm/react-dom@18.3.1_react@18.3.1/node_modules/react-dom/cjs/react-dom.development.js:27490:7)
      at performUnitOfWork (node_modules/.pnpm/react-dom@18.3.1_react@18.3.1/node_modules/react-dom/cjs/react-dom.development.js:26599:12)
      at workLoopSync (node_modules/.pnpm/react-dom@18.3.1_react@18.3.1/node_modules/react-dom/cjs/react-dom.development.js:26505:5)
      at renderRootSync (node_modules/.pnpm/react-dom@18.3.1_react@18.3.1/node_modules/react-dom/cjs/react-dom.development.js:26473:7)
      at recoverFromConcurrentError (node_modules/.pnpm/react-dom@18.3.1_react@18.3.1/node_modules/react-dom/cjs/react-dom.development.js:25889:20)
      at performConcurrentWorkOnRoot (node_modules/.pnpm/react-dom@18.3.1_react@18.3.1/node_modules/react-dom/cjs/react-dom.development.js:25789:22)
      at workLoop (node_modules/.pnpm/scheduler@0.23.2/node_modules/scheduler/cjs/scheduler.development.js:266:34)
      at flushWork (node_modules/.pnpm/scheduler@0.23.2/node_modules/scheduler/cjs/scheduler.development.js:239:14)
      at performWorkUntilDeadline (node_modules/.pnpm/scheduler@0.23.2/node_modules/scheduler/cjs/scheduler.development.js:533:21)
      at Timeout.task [as _onTimeout] (node_modules/.pnpm/jsdom@26.1.0/node_modules/jsdom/lib/jsdom/browser/Window.js:579:19)

    console.error
      The above error occurred in the <AttendanceComparisonDashboard> component:
      
          at className (/Users/invoture/dev.local/hey-peter/src/components/admin/attendance/AttendanceComparisonDashboard.tsx:60:3)
      
      Consider adding an error boundary to your tree to customize error handling behavior.
      Visit https://reactjs.org/link/error-boundaries to learn more about error boundaries.

      at logCapturedError (node_modules/.pnpm/react-dom@18.3.1_react@18.3.1/node_modules/react-dom/cjs/react-dom.development.js:18704:23)
      at update.callback (node_modules/.pnpm/react-dom@18.3.1_react@18.3.1/node_modules/react-dom/cjs/react-dom.development.js:18737:5)
      at callCallback (node_modules/.pnpm/react-dom@18.3.1_react@18.3.1/node_modules/react-dom/cjs/react-dom.development.js:15036:12)
      at commitUpdateQueue (node_modules/.pnpm/react-dom@18.3.1_react@18.3.1/node_modules/react-dom/cjs/react-dom.development.js:15057:9)
      at commitLayoutEffectOnFiber (node_modules/.pnpm/react-dom@18.3.1_react@18.3.1/node_modules/react-dom/cjs/react-dom.development.js:23430:13)
      at commitLayoutMountEffects_complete (node_modules/.pnpm/react-dom@18.3.1_react@18.3.1/node_modules/react-dom/cjs/react-dom.development.js:24727:9)
      at commitLayoutEffects_begin (node_modules/.pnpm/react-dom@18.3.1_react@18.3.1/node_modules/react-dom/cjs/react-dom.development.js:24713:7)
      at commitLayoutEffects (node_modules/.pnpm/react-dom@18.3.1_react@18.3.1/node_modules/react-dom/cjs/react-dom.development.js:24651:3)
      at commitRootImpl (node_modules/.pnpm/react-dom@18.3.1_react@18.3.1/node_modules/react-dom/cjs/react-dom.development.js:26862:5)
      at commitRoot (node_modules/.pnpm/react-dom@18.3.1_react@18.3.1/node_modules/react-dom/cjs/react-dom.development.js:26721:5)
      at finishConcurrentRender (node_modules/.pnpm/react-dom@18.3.1_react@18.3.1/node_modules/react-dom/cjs/react-dom.development.js:25931:9)
      at performConcurrentWorkOnRoot (node_modules/.pnpm/react-dom@18.3.1_react@18.3.1/node_modules/react-dom/cjs/react-dom.development.js:25848:7)
      at workLoop (node_modules/.pnpm/scheduler@0.23.2/node_modules/scheduler/cjs/scheduler.development.js:266:34)
      at flushWork (node_modules/.pnpm/scheduler@0.23.2/node_modules/scheduler/cjs/scheduler.development.js:239:14)
      at performWorkUntilDeadline (node_modules/.pnpm/scheduler@0.23.2/node_modules/scheduler/cjs/scheduler.development.js:533:21)
      at Timeout.task [as _onTimeout] (node_modules/.pnpm/jsdom@26.1.0/node_modules/jsdom/lib/jsdom/browser/Window.js:579:19)

    console.error
      [Error: Uncaught [ReferenceError: Separator is not defined]] {
        detail: ReferenceError: Separator is not defined
            at Separator (/Users/invoture/dev.local/hey-peter/src/components/admin/attendance/AttendanceComparisonDashboard.tsx:573:16)
            at renderWithHooks (/Users/invoture/dev.local/hey-peter/node_modules/.pnpm/react-dom@18.3.1_react@18.3.1/node_modules/react-dom/cjs/react-dom.development.js:15486:18)
            at updateFunctionComponent (/Users/invoture/dev.local/hey-peter/node_modules/.pnpm/react-dom@18.3.1_react@18.3.1/node_modules/react-dom/cjs/react-dom.development.js:19617:20)
            at beginWork (/Users/invoture/dev.local/hey-peter/node_modules/.pnpm/react-dom@18.3.1_react@18.3.1/node_modules/react-dom/cjs/react-dom.development.js:21640:16)
            at beginWork$1 (/Users/invoture/dev.local/hey-peter/node_modules/.pnpm/react-dom@18.3.1_react@18.3.1/node_modules/react-dom/cjs/react-dom.development.js:27465:14)
            at performUnitOfWork (/Users/invoture/dev.local/hey-peter/node_modules/.pnpm/react-dom@18.3.1_react@18.3.1/node_modules/react-dom/cjs/react-dom.development.js:26599:12)
            at workLoopSync (/Users/invoture/dev.local/hey-peter/node_modules/.pnpm/react-dom@18.3.1_react@18.3.1/node_modules/react-dom/cjs/react-dom.development.js:26505:5)
            at renderRootSync (/Users/invoture/dev.local/hey-peter/node_modules/.pnpm/react-dom@18.3.1_react@18.3.1/node_modules/react-dom/cjs/react-dom.development.js:26473:7)
            at recoverFromConcurrentError (/Users/invoture/dev.local/hey-peter/node_modules/.pnpm/react-dom@18.3.1_react@18.3.1/node_modules/react-dom/cjs/react-dom.development.js:25889:20)
            at performConcurrentWorkOnRoot (/Users/invoture/dev.local/hey-peter/node_modules/.pnpm/react-dom@18.3.1_react@18.3.1/node_modules/react-dom/cjs/react-dom.development.js:25789:22)
            at workLoop (/Users/invoture/dev.local/hey-peter/node_modules/.pnpm/scheduler@0.23.2/node_modules/scheduler/cjs/scheduler.development.js:266:34)
            at flushWork (/Users/invoture/dev.local/hey-peter/node_modules/.pnpm/scheduler@0.23.2/node_modules/scheduler/cjs/scheduler.development.js:239:14)
            at performWorkUntilDeadline (/Users/invoture/dev.local/hey-peter/node_modules/.pnpm/scheduler@0.23.2/node_modules/scheduler/cjs/scheduler.development.js:533:21)
            at Timeout.task [as _onTimeout] (/Users/invoture/dev.local/hey-peter/node_modules/.pnpm/jsdom@26.1.0/node_modules/jsdom/lib/jsdom/browser/Window.js:579:19)
            at listOnTimeout (node:internal/timers:581:17)
            at processTimers (node:internal/timers:519:7),
        type: 'unhandled exception'
      }

      at VirtualConsole.<anonymous> (node_modules/.pnpm/@jest+environment-jsdom-abstract@30.0.4_jsdom@26.1.0/node_modules/@jest/environment-jsdom-abstract/build/index.js:78:23)
      at reportException (node_modules/.pnpm/jsdom@26.1.0/node_modules/jsdom/lib/jsdom/living/helpers/runtime-script-errors.js:70:28)
      at Timeout.task [as _onTimeout] (node_modules/.pnpm/jsdom@26.1.0/node_modules/jsdom/lib/jsdom/browser/Window.js:584:9)

    console.error
      [Error: Uncaught [ReferenceError: Separator is not defined]] {
        detail: ReferenceError: Separator is not defined
            at Separator (/Users/invoture/dev.local/hey-peter/src/components/admin/attendance/AttendanceComparisonDashboard.tsx:573:16)
            at renderWithHooks (/Users/invoture/dev.local/hey-peter/node_modules/.pnpm/react-dom@18.3.1_react@18.3.1/node_modules/react-dom/cjs/react-dom.development.js:15486:18)
            at updateFunctionComponent (/Users/invoture/dev.local/hey-peter/node_modules/.pnpm/react-dom@18.3.1_react@18.3.1/node_modules/react-dom/cjs/react-dom.development.js:19617:20)
            at beginWork (/Users/invoture/dev.local/hey-peter/node_modules/.pnpm/react-dom@18.3.1_react@18.3.1/node_modules/react-dom/cjs/react-dom.development.js:21640:16)
            at HTMLUnknownElement.callCallback (/Users/invoture/dev.local/hey-peter/node_modules/.pnpm/react-dom@18.3.1_react@18.3.1/node_modules/react-dom/cjs/react-dom.development.js:4164:14)
            at HTMLUnknownElement.callTheUserObjectsOperation (/Users/invoture/dev.local/hey-peter/node_modules/.pnpm/jsdom@26.1.0/node_modules/jsdom/lib/jsdom/living/generated/EventListener.js:26:30)
            at innerInvokeEventListeners (/Users/invoture/dev.local/hey-peter/node_modules/.pnpm/jsdom@26.1.0/node_modules/jsdom/lib/jsdom/living/events/EventTarget-impl.js:350:25)
            at invokeEventListeners (/Users/invoture/dev.local/hey-peter/node_modules/.pnpm/jsdom@26.1.0/node_modules/jsdom/lib/jsdom/living/events/EventTarget-impl.js:286:3)
            at HTMLUnknownElementImpl._dispatch (/Users/invoture/dev.local/hey-peter/node_modules/.pnpm/jsdom@26.1.0/node_modules/jsdom/lib/jsdom/living/events/EventTarget-impl.js:233:9)
            at HTMLUnknownElementImpl.dispatchEvent (/Users/invoture/dev.local/hey-peter/node_modules/.pnpm/jsdom@26.1.0/node_modules/jsdom/lib/jsdom/living/events/EventTarget-impl.js:104:17)
            at HTMLUnknownElement.dispatchEvent (/Users/invoture/dev.local/hey-peter/node_modules/.pnpm/jsdom@26.1.0/node_modules/jsdom/lib/jsdom/living/generated/EventTarget.js:241:34)
            at Object.invokeGuardedCallbackDev (/Users/invoture/dev.local/hey-peter/node_modules/.pnpm/react-dom@18.3.1_react@18.3.1/node_modules/react-dom/cjs/react-dom.development.js:4213:16)
            at invokeGuardedCallback (/Users/invoture/dev.local/hey-peter/node_modules/.pnpm/react-dom@18.3.1_react@18.3.1/node_modules/react-dom/cjs/react-dom.development.js:4277:31)
            at beginWork$1 (/Users/invoture/dev.local/hey-peter/node_modules/.pnpm/react-dom@18.3.1_react@18.3.1/node_modules/react-dom/cjs/react-dom.development.js:27490:7)
            at performUnitOfWork (/Users/invoture/dev.local/hey-peter/node_modules/.pnpm/react-dom@18.3.1_react@18.3.1/node_modules/react-dom/cjs/react-dom.development.js:26599:12)
            at workLoopSync (/Users/invoture/dev.local/hey-peter/node_modules/.pnpm/react-dom@18.3.1_react@18.3.1/node_modules/react-dom/cjs/react-dom.development.js:26505:5)
            at renderRootSync (/Users/invoture/dev.local/hey-peter/node_modules/.pnpm/react-dom@18.3.1_react@18.3.1/node_modules/react-dom/cjs/react-dom.development.js:26473:7)
            at performConcurrentWorkOnRoot (/Users/invoture/dev.local/hey-peter/node_modules/.pnpm/react-dom@18.3.1_react@18.3.1/node_modules/react-dom/cjs/react-dom.development.js:25777:74)
            at workLoop (/Users/invoture/dev.local/hey-peter/node_modules/.pnpm/scheduler@0.23.2/node_modules/scheduler/cjs/scheduler.development.js:266:34)
            at flushWork (/Users/invoture/dev.local/hey-peter/node_modules/.pnpm/scheduler@0.23.2/node_modules/scheduler/cjs/scheduler.development.js:239:14)
            at performWorkUntilDeadline (/Users/invoture/dev.local/hey-peter/node_modules/.pnpm/scheduler@0.23.2/node_modules/scheduler/cjs/scheduler.development.js:533:21)
            at Timeout.task [as _onTimeout] (/Users/invoture/dev.local/hey-peter/node_modules/.pnpm/jsdom@26.1.0/node_modules/jsdom/lib/jsdom/browser/Window.js:579:19)
            at listOnTimeout (node:internal/timers:581:17)
            at processTimers (node:internal/timers:519:7),
        type: 'unhandled exception'
      }

      at VirtualConsole.<anonymous> (node_modules/.pnpm/@jest+environment-jsdom-abstract@30.0.4_jsdom@26.1.0/node_modules/@jest/environment-jsdom-abstract/build/index.js:78:23)
      at reportException (node_modules/.pnpm/jsdom@26.1.0/node_modules/jsdom/lib/jsdom/living/helpers/runtime-script-errors.js:70:28)
      at innerInvokeEventListeners (node_modules/.pnpm/jsdom@26.1.0/node_modules/jsdom/lib/jsdom/living/events/EventTarget-impl.js:353:9)
      at invokeEventListeners (node_modules/.pnpm/jsdom@26.1.0/node_modules/jsdom/lib/jsdom/living/events/EventTarget-impl.js:286:3)
      at HTMLUnknownElementImpl._dispatch (node_modules/.pnpm/jsdom@26.1.0/node_modules/jsdom/lib/jsdom/living/events/EventTarget-impl.js:233:9)
      at HTMLUnknownElementImpl.dispatchEvent (node_modules/.pnpm/jsdom@26.1.0/node_modules/jsdom/lib/jsdom/living/events/EventTarget-impl.js:104:17)
      at HTMLUnknownElement.dispatchEvent (node_modules/.pnpm/jsdom@26.1.0/node_modules/jsdom/lib/jsdom/living/generated/EventTarget.js:241:34)
      at Object.invokeGuardedCallbackDev (node_modules/.pnpm/react-dom@18.3.1_react@18.3.1/node_modules/react-dom/cjs/react-dom.development.js:4213:16)
      at invokeGuardedCallback (node_modules/.pnpm/react-dom@18.3.1_react@18.3.1/node_modules/react-dom/cjs/react-dom.development.js:4277:31)
      at beginWork$1 (node_modules/.pnpm/react-dom@18.3.1_react@18.3.1/node_modules/react-dom/cjs/react-dom.development.js:27490:7)
      at performUnitOfWork (node_modules/.pnpm/react-dom@18.3.1_react@18.3.1/node_modules/react-dom/cjs/react-dom.development.js:26599:12)
      at workLoopSync (node_modules/.pnpm/react-dom@18.3.1_react@18.3.1/node_modules/react-dom/cjs/react-dom.development.js:26505:5)
      at renderRootSync (node_modules/.pnpm/react-dom@18.3.1_react@18.3.1/node_modules/react-dom/cjs/react-dom.development.js:26473:7)
      at performConcurrentWorkOnRoot (node_modules/.pnpm/react-dom@18.3.1_react@18.3.1/node_modules/react-dom/cjs/react-dom.development.js:25777:74)
      at workLoop (node_modules/.pnpm/scheduler@0.23.2/node_modules/scheduler/cjs/scheduler.development.js:266:34)
      at flushWork (node_modules/.pnpm/scheduler@0.23.2/node_modules/scheduler/cjs/scheduler.development.js:239:14)
      at performWorkUntilDeadline (node_modules/.pnpm/scheduler@0.23.2/node_modules/scheduler/cjs/scheduler.development.js:533:21)
      at Timeout.task [as _onTimeout] (node_modules/.pnpm/jsdom@26.1.0/node_modules/jsdom/lib/jsdom/browser/Window.js:579:19)

    console.error
      [Error: Uncaught [ReferenceError: Separator is not defined]] {
        detail: ReferenceError: Separator is not defined
            at Separator (/Users/invoture/dev.local/hey-peter/src/components/admin/attendance/AttendanceComparisonDashboard.tsx:573:16)
            at renderWithHooks (/Users/invoture/dev.local/hey-peter/node_modules/.pnpm/react-dom@18.3.1_react@18.3.1/node_modules/react-dom/cjs/react-dom.development.js:15486:18)
            at updateFunctionComponent (/Users/invoture/dev.local/hey-peter/node_modules/.pnpm/react-dom@18.3.1_react@18.3.1/node_modules/react-dom/cjs/react-dom.development.js:19617:20)
            at beginWork (/Users/invoture/dev.local/hey-peter/node_modules/.pnpm/react-dom@18.3.1_react@18.3.1/node_modules/react-dom/cjs/react-dom.development.js:21640:16)
            at HTMLUnknownElement.callCallback (/Users/invoture/dev.local/hey-peter/node_modules/.pnpm/react-dom@18.3.1_react@18.3.1/node_modules/react-dom/cjs/react-dom.development.js:4164:14)
            at HTMLUnknownElement.callTheUserObjectsOperation (/Users/invoture/dev.local/hey-peter/node_modules/.pnpm/jsdom@26.1.0/node_modules/jsdom/lib/jsdom/living/generated/EventListener.js:26:30)
            at innerInvokeEventListeners (/Users/invoture/dev.local/hey-peter/node_modules/.pnpm/jsdom@26.1.0/node_modules/jsdom/lib/jsdom/living/events/EventTarget-impl.js:350:25)
            at invokeEventListeners (/Users/invoture/dev.local/hey-peter/node_modules/.pnpm/jsdom@26.1.0/node_modules/jsdom/lib/jsdom/living/events/EventTarget-impl.js:286:3)
            at HTMLUnknownElementImpl._dispatch (/Users/invoture/dev.local/hey-peter/node_modules/.pnpm/jsdom@26.1.0/node_modules/jsdom/lib/jsdom/living/events/EventTarget-impl.js:233:9)
            at HTMLUnknownElementImpl.dispatchEvent (/Users/invoture/dev.local/hey-peter/node_modules/.pnpm/jsdom@26.1.0/node_modules/jsdom/lib/jsdom/living/events/EventTarget-impl.js:104:17)
            at HTMLUnknownElement.dispatchEvent (/Users/invoture/dev.local/hey-peter/node_modules/.pnpm/jsdom@26.1.0/node_modules/jsdom/lib/jsdom/living/generated/EventTarget.js:241:34)
            at Object.invokeGuardedCallbackDev (/Users/invoture/dev.local/hey-peter/node_modules/.pnpm/react-dom@18.3.1_react@18.3.1/node_modules/react-dom/cjs/react-dom.development.js:4213:16)
            at invokeGuardedCallback (/Users/invoture/dev.local/hey-peter/node_modules/.pnpm/react-dom@18.3.1_react@18.3.1/node_modules/react-dom/cjs/react-dom.development.js:4277:31)
            at beginWork$1 (/Users/invoture/dev.local/hey-peter/node_modules/.pnpm/react-dom@18.3.1_react@18.3.1/node_modules/react-dom/cjs/react-dom.development.js:27490:7)
            at performUnitOfWork (/Users/invoture/dev.local/hey-peter/node_modules/.pnpm/react-dom@18.3.1_react@18.3.1/node_modules/react-dom/cjs/react-dom.development.js:26599:12)
            at workLoopSync (/Users/invoture/dev.local/hey-peter/node_modules/.pnpm/react-dom@18.3.1_react@18.3.1/node_modules/react-dom/cjs/react-dom.development.js:26505:5)
            at renderRootSync (/Users/invoture/dev.local/hey-peter/node_modules/.pnpm/react-dom@18.3.1_react@18.3.1/node_modules/react-dom/cjs/react-dom.development.js:26473:7)
            at recoverFromConcurrentError (/Users/invoture/dev.local/hey-peter/node_modules/.pnpm/react-dom@18.3.1_react@18.3.1/node_modules/react-dom/cjs/react-dom.development.js:25889:20)
            at performConcurrentWorkOnRoot (/Users/invoture/dev.local/hey-peter/node_modules/.pnpm/react-dom@18.3.1_react@18.3.1/node_modules/react-dom/cjs/react-dom.development.js:25789:22)
            at workLoop (/Users/invoture/dev.local/hey-peter/node_modules/.pnpm/scheduler@0.23.2/node_modules/scheduler/cjs/scheduler.development.js:266:34)
            at flushWork (/Users/invoture/dev.local/hey-peter/node_modules/.pnpm/scheduler@0.23.2/node_modules/scheduler/cjs/scheduler.development.js:239:14)
            at performWorkUntilDeadline (/Users/invoture/dev.local/hey-peter/node_modules/.pnpm/scheduler@0.23.2/node_modules/scheduler/cjs/scheduler.development.js:533:21)
            at Timeout.task [as _onTimeout] (/Users/invoture/dev.local/hey-peter/node_modules/.pnpm/jsdom@26.1.0/node_modules/jsdom/lib/jsdom/browser/Window.js:579:19)
            at listOnTimeout (node:internal/timers:581:17)
            at processTimers (node:internal/timers:519:7),
        type: 'unhandled exception'
      }

      at VirtualConsole.<anonymous> (node_modules/.pnpm/@jest+environment-jsdom-abstract@30.0.4_jsdom@26.1.0/node_modules/@jest/environment-jsdom-abstract/build/index.js:78:23)
      at reportException (node_modules/.pnpm/jsdom@26.1.0/node_modules/jsdom/lib/jsdom/living/helpers/runtime-script-errors.js:70:28)
      at innerInvokeEventListeners (node_modules/.pnpm/jsdom@26.1.0/node_modules/jsdom/lib/jsdom/living/events/EventTarget-impl.js:353:9)
      at invokeEventListeners (node_modules/.pnpm/jsdom@26.1.0/node_modules/jsdom/lib/jsdom/living/events/EventTarget-impl.js:286:3)
      at HTMLUnknownElementImpl._dispatch (node_modules/.pnpm/jsdom@26.1.0/node_modules/jsdom/lib/jsdom/living/events/EventTarget-impl.js:233:9)
      at HTMLUnknownElementImpl.dispatchEvent (node_modules/.pnpm/jsdom@26.1.0/node_modules/jsdom/lib/jsdom/living/events/EventTarget-impl.js:104:17)
      at HTMLUnknownElement.dispatchEvent (node_modules/.pnpm/jsdom@26.1.0/node_modules/jsdom/lib/jsdom/living/generated/EventTarget.js:241:34)
      at Object.invokeGuardedCallbackDev (node_modules/.pnpm/react-dom@18.3.1_react@18.3.1/node_modules/react-dom/cjs/react-dom.development.js:4213:16)
      at invokeGuardedCallback (node_modules/.pnpm/react-dom@18.3.1_react@18.3.1/node_modules/react-dom/cjs/react-dom.development.js:4277:31)
      at beginWork$1 (node_modules/.pnpm/react-dom@18.3.1_react@18.3.1/node_modules/react-dom/cjs/react-dom.development.js:27490:7)
      at performUnitOfWork (node_modules/.pnpm/react-dom@18.3.1_react@18.3.1/node_modules/react-dom/cjs/react-dom.development.js:26599:12)
      at workLoopSync (node_modules/.pnpm/react-dom@18.3.1_react@18.3.1/node_modules/react-dom/cjs/react-dom.development.js:26505:5)
      at renderRootSync (node_modules/.pnpm/react-dom@18.3.1_react@18.3.1/node_modules/react-dom/cjs/react-dom.development.js:26473:7)
      at recoverFromConcurrentError (node_modules/.pnpm/react-dom@18.3.1_react@18.3.1/node_modules/react-dom/cjs/react-dom.development.js:25889:20)
      at performConcurrentWorkOnRoot (node_modules/.pnpm/react-dom@18.3.1_react@18.3.1/node_modules/react-dom/cjs/react-dom.development.js:25789:22)
      at workLoop (node_modules/.pnpm/scheduler@0.23.2/node_modules/scheduler/cjs/scheduler.development.js:266:34)
      at flushWork (node_modules/.pnpm/scheduler@0.23.2/node_modules/scheduler/cjs/scheduler.development.js:239:14)
      at performWorkUntilDeadline (node_modules/.pnpm/scheduler@0.23.2/node_modules/scheduler/cjs/scheduler.development.js:533:21)
      at Timeout.task [as _onTimeout] (node_modules/.pnpm/jsdom@26.1.0/node_modules/jsdom/lib/jsdom/browser/Window.js:579:19)

    console.error
      The above error occurred in the <AttendanceComparisonDashboard> component:
      
          at className (/Users/invoture/dev.local/hey-peter/src/components/admin/attendance/AttendanceComparisonDashboard.tsx:60:3)
      
      Consider adding an error boundary to your tree to customize error handling behavior.
      Visit https://reactjs.org/link/error-boundaries to learn more about error boundaries.

      at logCapturedError (node_modules/.pnpm/react-dom@18.3.1_react@18.3.1/node_modules/react-dom/cjs/react-dom.development.js:18704:23)
      at update.callback (node_modules/.pnpm/react-dom@18.3.1_react@18.3.1/node_modules/react-dom/cjs/react-dom.development.js:18737:5)
      at callCallback (node_modules/.pnpm/react-dom@18.3.1_react@18.3.1/node_modules/react-dom/cjs/react-dom.development.js:15036:12)
      at commitUpdateQueue (node_modules/.pnpm/react-dom@18.3.1_react@18.3.1/node_modules/react-dom/cjs/react-dom.development.js:15057:9)
      at commitLayoutEffectOnFiber (node_modules/.pnpm/react-dom@18.3.1_react@18.3.1/node_modules/react-dom/cjs/react-dom.development.js:23430:13)
      at commitLayoutMountEffects_complete (node_modules/.pnpm/react-dom@18.3.1_react@18.3.1/node_modules/react-dom/cjs/react-dom.development.js:24727:9)
      at commitLayoutEffects_begin (node_modules/.pnpm/react-dom@18.3.1_react@18.3.1/node_modules/react-dom/cjs/react-dom.development.js:24713:7)
      at commitLayoutEffects (node_modules/.pnpm/react-dom@18.3.1_react@18.3.1/node_modules/react-dom/cjs/react-dom.development.js:24651:3)
      at commitRootImpl (node_modules/.pnpm/react-dom@18.3.1_react@18.3.1/node_modules/react-dom/cjs/react-dom.development.js:26862:5)
      at commitRoot (node_modules/.pnpm/react-dom@18.3.1_react@18.3.1/node_modules/react-dom/cjs/react-dom.development.js:26721:5)
      at finishConcurrentRender (node_modules/.pnpm/react-dom@18.3.1_react@18.3.1/node_modules/react-dom/cjs/react-dom.development.js:25931:9)
      at performConcurrentWorkOnRoot (node_modules/.pnpm/react-dom@18.3.1_react@18.3.1/node_modules/react-dom/cjs/react-dom.development.js:25848:7)
      at workLoop (node_modules/.pnpm/scheduler@0.23.2/node_modules/scheduler/cjs/scheduler.development.js:266:34)
      at flushWork (node_modules/.pnpm/scheduler@0.23.2/node_modules/scheduler/cjs/scheduler.development.js:239:14)
      at performWorkUntilDeadline (node_modules/.pnpm/scheduler@0.23.2/node_modules/scheduler/cjs/scheduler.development.js:533:21)
      at Timeout.task [as _onTimeout] (node_modules/.pnpm/jsdom@26.1.0/node_modules/jsdom/lib/jsdom/browser/Window.js:579:19)

    console.error
      [Error: Uncaught [ReferenceError: Separator is not defined]] {
        detail: ReferenceError: Separator is not defined
            at Separator (/Users/invoture/dev.local/hey-peter/src/components/admin/attendance/AttendanceComparisonDashboard.tsx:573:16)
            at renderWithHooks (/Users/invoture/dev.local/hey-peter/node_modules/.pnpm/react-dom@18.3.1_react@18.3.1/node_modules/react-dom/cjs/react-dom.development.js:15486:18)
            at updateFunctionComponent (/Users/invoture/dev.local/hey-peter/node_modules/.pnpm/react-dom@18.3.1_react@18.3.1/node_modules/react-dom/cjs/react-dom.development.js:19617:20)
            at beginWork (/Users/invoture/dev.local/hey-peter/node_modules/.pnpm/react-dom@18.3.1_react@18.3.1/node_modules/react-dom/cjs/react-dom.development.js:21640:16)
            at beginWork$1 (/Users/invoture/dev.local/hey-peter/node_modules/.pnpm/react-dom@18.3.1_react@18.3.1/node_modules/react-dom/cjs/react-dom.development.js:27465:14)
            at performUnitOfWork (/Users/invoture/dev.local/hey-peter/node_modules/.pnpm/react-dom@18.3.1_react@18.3.1/node_modules/react-dom/cjs/react-dom.development.js:26599:12)
            at workLoopSync (/Users/invoture/dev.local/hey-peter/node_modules/.pnpm/react-dom@18.3.1_react@18.3.1/node_modules/react-dom/cjs/react-dom.development.js:26505:5)
            at renderRootSync (/Users/invoture/dev.local/hey-peter/node_modules/.pnpm/react-dom@18.3.1_react@18.3.1/node_modules/react-dom/cjs/react-dom.development.js:26473:7)
            at recoverFromConcurrentError (/Users/invoture/dev.local/hey-peter/node_modules/.pnpm/react-dom@18.3.1_react@18.3.1/node_modules/react-dom/cjs/react-dom.development.js:25889:20)
            at performConcurrentWorkOnRoot (/Users/invoture/dev.local/hey-peter/node_modules/.pnpm/react-dom@18.3.1_react@18.3.1/node_modules/react-dom/cjs/react-dom.development.js:25789:22)
            at workLoop (/Users/invoture/dev.local/hey-peter/node_modules/.pnpm/scheduler@0.23.2/node_modules/scheduler/cjs/scheduler.development.js:266:34)
            at flushWork (/Users/invoture/dev.local/hey-peter/node_modules/.pnpm/scheduler@0.23.2/node_modules/scheduler/cjs/scheduler.development.js:239:14)
            at performWorkUntilDeadline (/Users/invoture/dev.local/hey-peter/node_modules/.pnpm/scheduler@0.23.2/node_modules/scheduler/cjs/scheduler.development.js:533:21)
            at Timeout.task [as _onTimeout] (/Users/invoture/dev.local/hey-peter/node_modules/.pnpm/jsdom@26.1.0/node_modules/jsdom/lib/jsdom/browser/Window.js:579:19)
            at listOnTimeout (node:internal/timers:581:17)
            at processTimers (node:internal/timers:519:7),
        type: 'unhandled exception'
      }

      at VirtualConsole.<anonymous> (node_modules/.pnpm/@jest+environment-jsdom-abstract@30.0.4_jsdom@26.1.0/node_modules/@jest/environment-jsdom-abstract/build/index.js:78:23)
      at reportException (node_modules/.pnpm/jsdom@26.1.0/node_modules/jsdom/lib/jsdom/living/helpers/runtime-script-errors.js:70:28)
      at Timeout.task [as _onTimeout] (node_modules/.pnpm/jsdom@26.1.0/node_modules/jsdom/lib/jsdom/browser/Window.js:584:9)

    console.error
      [Error: Uncaught [ReferenceError: Separator is not defined]] {
        detail: ReferenceError: Separator is not defined
            at Separator (/Users/invoture/dev.local/hey-peter/src/components/admin/attendance/AttendanceComparisonDashboard.tsx:573:16)
            at renderWithHooks (/Users/invoture/dev.local/hey-peter/node_modules/.pnpm/react-dom@18.3.1_react@18.3.1/node_modules/react-dom/cjs/react-dom.development.js:15486:18)
            at updateFunctionComponent (/Users/invoture/dev.local/hey-peter/node_modules/.pnpm/react-dom@18.3.1_react@18.3.1/node_modules/react-dom/cjs/react-dom.development.js:19617:20)
            at beginWork (/Users/invoture/dev.local/hey-peter/node_modules/.pnpm/react-dom@18.3.1_react@18.3.1/node_modules/react-dom/cjs/react-dom.development.js:21640:16)
            at HTMLUnknownElement.callCallback (/Users/invoture/dev.local/hey-peter/node_modules/.pnpm/react-dom@18.3.1_react@18.3.1/node_modules/react-dom/cjs/react-dom.development.js:4164:14)
            at HTMLUnknownElement.callTheUserObjectsOperation (/Users/invoture/dev.local/hey-peter/node_modules/.pnpm/jsdom@26.1.0/node_modules/jsdom/lib/jsdom/living/generated/EventListener.js:26:30)
            at innerInvokeEventListeners (/Users/invoture/dev.local/hey-peter/node_modules/.pnpm/jsdom@26.1.0/node_modules/jsdom/lib/jsdom/living/events/EventTarget-impl.js:350:25)
            at invokeEventListeners (/Users/invoture/dev.local/hey-peter/node_modules/.pnpm/jsdom@26.1.0/node_modules/jsdom/lib/jsdom/living/events/EventTarget-impl.js:286:3)
            at HTMLUnknownElementImpl._dispatch (/Users/invoture/dev.local/hey-peter/node_modules/.pnpm/jsdom@26.1.0/node_modules/jsdom/lib/jsdom/living/events/EventTarget-impl.js:233:9)
            at HTMLUnknownElementImpl.dispatchEvent (/Users/invoture/dev.local/hey-peter/node_modules/.pnpm/jsdom@26.1.0/node_modules/jsdom/lib/jsdom/living/events/EventTarget-impl.js:104:17)
            at HTMLUnknownElement.dispatchEvent (/Users/invoture/dev.local/hey-peter/node_modules/.pnpm/jsdom@26.1.0/node_modules/jsdom/lib/jsdom/living/generated/EventTarget.js:241:34)
            at Object.invokeGuardedCallbackDev (/Users/invoture/dev.local/hey-peter/node_modules/.pnpm/react-dom@18.3.1_react@18.3.1/node_modules/react-dom/cjs/react-dom.development.js:4213:16)
            at invokeGuardedCallback (/Users/invoture/dev.local/hey-peter/node_modules/.pnpm/react-dom@18.3.1_react@18.3.1/node_modules/react-dom/cjs/react-dom.development.js:4277:31)
            at beginWork$1 (/Users/invoture/dev.local/hey-peter/node_modules/.pnpm/react-dom@18.3.1_react@18.3.1/node_modules/react-dom/cjs/react-dom.development.js:27490:7)
            at performUnitOfWork (/Users/invoture/dev.local/hey-peter/node_modules/.pnpm/react-dom@18.3.1_react@18.3.1/node_modules/react-dom/cjs/react-dom.development.js:26599:12)
            at workLoopSync (/Users/invoture/dev.local/hey-peter/node_modules/.pnpm/react-dom@18.3.1_react@18.3.1/node_modules/react-dom/cjs/react-dom.development.js:26505:5)
            at renderRootSync (/Users/invoture/dev.local/hey-peter/node_modules/.pnpm/react-dom@18.3.1_react@18.3.1/node_modules/react-dom/cjs/react-dom.development.js:26473:7)
            at performConcurrentWorkOnRoot (/Users/invoture/dev.local/hey-peter/node_modules/.pnpm/react-dom@18.3.1_react@18.3.1/node_modules/react-dom/cjs/react-dom.development.js:25777:74)
            at workLoop (/Users/invoture/dev.local/hey-peter/node_modules/.pnpm/scheduler@0.23.2/node_modules/scheduler/cjs/scheduler.development.js:266:34)
            at flushWork (/Users/invoture/dev.local/hey-peter/node_modules/.pnpm/scheduler@0.23.2/node_modules/scheduler/cjs/scheduler.development.js:239:14)
            at performWorkUntilDeadline (/Users/invoture/dev.local/hey-peter/node_modules/.pnpm/scheduler@0.23.2/node_modules/scheduler/cjs/scheduler.development.js:533:21)
            at Timeout.task [as _onTimeout] (/Users/invoture/dev.local/hey-peter/node_modules/.pnpm/jsdom@26.1.0/node_modules/jsdom/lib/jsdom/browser/Window.js:579:19)
            at listOnTimeout (node:internal/timers:581:17)
            at processTimers (node:internal/timers:519:7),
        type: 'unhandled exception'
      }

      at VirtualConsole.<anonymous> (node_modules/.pnpm/@jest+environment-jsdom-abstract@30.0.4_jsdom@26.1.0/node_modules/@jest/environment-jsdom-abstract/build/index.js:78:23)
      at reportException (node_modules/.pnpm/jsdom@26.1.0/node_modules/jsdom/lib/jsdom/living/helpers/runtime-script-errors.js:70:28)
      at innerInvokeEventListeners (node_modules/.pnpm/jsdom@26.1.0/node_modules/jsdom/lib/jsdom/living/events/EventTarget-impl.js:353:9)
      at invokeEventListeners (node_modules/.pnpm/jsdom@26.1.0/node_modules/jsdom/lib/jsdom/living/events/EventTarget-impl.js:286:3)
      at HTMLUnknownElementImpl._dispatch (node_modules/.pnpm/jsdom@26.1.0/node_modules/jsdom/lib/jsdom/living/events/EventTarget-impl.js:233:9)
      at HTMLUnknownElementImpl.dispatchEvent (node_modules/.pnpm/jsdom@26.1.0/node_modules/jsdom/lib/jsdom/living/events/EventTarget-impl.js:104:17)
      at HTMLUnknownElement.dispatchEvent (node_modules/.pnpm/jsdom@26.1.0/node_modules/jsdom/lib/jsdom/living/generated/EventTarget.js:241:34)
      at Object.invokeGuardedCallbackDev (node_modules/.pnpm/react-dom@18.3.1_react@18.3.1/node_modules/react-dom/cjs/react-dom.development.js:4213:16)
      at invokeGuardedCallback (node_modules/.pnpm/react-dom@18.3.1_react@18.3.1/node_modules/react-dom/cjs/react-dom.development.js:4277:31)
      at beginWork$1 (node_modules/.pnpm/react-dom@18.3.1_react@18.3.1/node_modules/react-dom/cjs/react-dom.development.js:27490:7)
      at performUnitOfWork (node_modules/.pnpm/react-dom@18.3.1_react@18.3.1/node_modules/react-dom/cjs/react-dom.development.js:26599:12)
      at workLoopSync (node_modules/.pnpm/react-dom@18.3.1_react@18.3.1/node_modules/react-dom/cjs/react-dom.development.js:26505:5)
      at renderRootSync (node_modules/.pnpm/react-dom@18.3.1_react@18.3.1/node_modules/react-dom/cjs/react-dom.development.js:26473:7)
      at performConcurrentWorkOnRoot (node_modules/.pnpm/react-dom@18.3.1_react@18.3.1/node_modules/react-dom/cjs/react-dom.development.js:25777:74)
      at workLoop (node_modules/.pnpm/scheduler@0.23.2/node_modules/scheduler/cjs/scheduler.development.js:266:34)
      at flushWork (node_modules/.pnpm/scheduler@0.23.2/node_modules/scheduler/cjs/scheduler.development.js:239:14)
      at performWorkUntilDeadline (node_modules/.pnpm/scheduler@0.23.2/node_modules/scheduler/cjs/scheduler.development.js:533:21)
      at Timeout.task [as _onTimeout] (node_modules/.pnpm/jsdom@26.1.0/node_modules/jsdom/lib/jsdom/browser/Window.js:579:19)

    console.error
      [Error: Uncaught [ReferenceError: Separator is not defined]] {
        detail: ReferenceError: Separator is not defined
            at Separator (/Users/invoture/dev.local/hey-peter/src/components/admin/attendance/AttendanceComparisonDashboard.tsx:573:16)
            at renderWithHooks (/Users/invoture/dev.local/hey-peter/node_modules/.pnpm/react-dom@18.3.1_react@18.3.1/node_modules/react-dom/cjs/react-dom.development.js:15486:18)
            at updateFunctionComponent (/Users/invoture/dev.local/hey-peter/node_modules/.pnpm/react-dom@18.3.1_react@18.3.1/node_modules/react-dom/cjs/react-dom.development.js:19617:20)
            at beginWork (/Users/invoture/dev.local/hey-peter/node_modules/.pnpm/react-dom@18.3.1_react@18.3.1/node_modules/react-dom/cjs/react-dom.development.js:21640:16)
            at HTMLUnknownElement.callCallback (/Users/invoture/dev.local/hey-peter/node_modules/.pnpm/react-dom@18.3.1_react@18.3.1/node_modules/react-dom/cjs/react-dom.development.js:4164:14)
            at HTMLUnknownElement.callTheUserObjectsOperation (/Users/invoture/dev.local/hey-peter/node_modules/.pnpm/jsdom@26.1.0/node_modules/jsdom/lib/jsdom/living/generated/EventListener.js:26:30)
            at innerInvokeEventListeners (/Users/invoture/dev.local/hey-peter/node_modules/.pnpm/jsdom@26.1.0/node_modules/jsdom/lib/jsdom/living/events/EventTarget-impl.js:350:25)
            at invokeEventListeners (/Users/invoture/dev.local/hey-peter/node_modules/.pnpm/jsdom@26.1.0/node_modules/jsdom/lib/jsdom/living/events/EventTarget-impl.js:286:3)
            at HTMLUnknownElementImpl._dispatch (/Users/invoture/dev.local/hey-peter/node_modules/.pnpm/jsdom@26.1.0/node_modules/jsdom/lib/jsdom/living/events/EventTarget-impl.js:233:9)
            at HTMLUnknownElementImpl.dispatchEvent (/Users/invoture/dev.local/hey-peter/node_modules/.pnpm/jsdom@26.1.0/node_modules/jsdom/lib/jsdom/living/events/EventTarget-impl.js:104:17)
            at HTMLUnknownElement.dispatchEvent (/Users/invoture/dev.local/hey-peter/node_modules/.pnpm/jsdom@26.1.0/node_modules/jsdom/lib/jsdom/living/generated/EventTarget.js:241:34)
            at Object.invokeGuardedCallbackDev (/Users/invoture/dev.local/hey-peter/node_modules/.pnpm/react-dom@18.3.1_react@18.3.1/node_modules/react-dom/cjs/react-dom.development.js:4213:16)
            at invokeGuardedCallback (/Users/invoture/dev.local/hey-peter/node_modules/.pnpm/react-dom@18.3.1_react@18.3.1/node_modules/react-dom/cjs/react-dom.development.js:4277:31)
            at beginWork$1 (/Users/invoture/dev.local/hey-peter/node_modules/.pnpm/react-dom@18.3.1_react@18.3.1/node_modules/react-dom/cjs/react-dom.development.js:27490:7)
            at performUnitOfWork (/Users/invoture/dev.local/hey-peter/node_modules/.pnpm/react-dom@18.3.1_react@18.3.1/node_modules/react-dom/cjs/react-dom.development.js:26599:12)
            at workLoopSync (/Users/invoture/dev.local/hey-peter/node_modules/.pnpm/react-dom@18.3.1_react@18.3.1/node_modules/react-dom/cjs/react-dom.development.js:26505:5)
            at renderRootSync (/Users/invoture/dev.local/hey-peter/node_modules/.pnpm/react-dom@18.3.1_react@18.3.1/node_modules/react-dom/cjs/react-dom.development.js:26473:7)
            at recoverFromConcurrentError (/Users/invoture/dev.local/hey-peter/node_modules/.pnpm/react-dom@18.3.1_react@18.3.1/node_modules/react-dom/cjs/react-dom.development.js:25889:20)
            at performConcurrentWorkOnRoot (/Users/invoture/dev.local/hey-peter/node_modules/.pnpm/react-dom@18.3.1_react@18.3.1/node_modules/react-dom/cjs/react-dom.development.js:25789:22)
            at workLoop (/Users/invoture/dev.local/hey-peter/node_modules/.pnpm/scheduler@0.23.2/node_modules/scheduler/cjs/scheduler.development.js:266:34)
            at flushWork (/Users/invoture/dev.local/hey-peter/node_modules/.pnpm/scheduler@0.23.2/node_modules/scheduler/cjs/scheduler.development.js:239:14)
            at performWorkUntilDeadline (/Users/invoture/dev.local/hey-peter/node_modules/.pnpm/scheduler@0.23.2/node_modules/scheduler/cjs/scheduler.development.js:533:21)
            at Timeout.task [as _onTimeout] (/Users/invoture/dev.local/hey-peter/node_modules/.pnpm/jsdom@26.1.0/node_modules/jsdom/lib/jsdom/browser/Window.js:579:19)
            at listOnTimeout (node:internal/timers:581:17)
            at processTimers (node:internal/timers:519:7),
        type: 'unhandled exception'
      }

      at VirtualConsole.<anonymous> (node_modules/.pnpm/@jest+environment-jsdom-abstract@30.0.4_jsdom@26.1.0/node_modules/@jest/environment-jsdom-abstract/build/index.js:78:23)
      at reportException (node_modules/.pnpm/jsdom@26.1.0/node_modules/jsdom/lib/jsdom/living/helpers/runtime-script-errors.js:70:28)
      at innerInvokeEventListeners (node_modules/.pnpm/jsdom@26.1.0/node_modules/jsdom/lib/jsdom/living/events/EventTarget-impl.js:353:9)
      at invokeEventListeners (node_modules/.pnpm/jsdom@26.1.0/node_modules/jsdom/lib/jsdom/living/events/EventTarget-impl.js:286:3)
      at HTMLUnknownElementImpl._dispatch (node_modules/.pnpm/jsdom@26.1.0/node_modules/jsdom/lib/jsdom/living/events/EventTarget-impl.js:233:9)
      at HTMLUnknownElementImpl.dispatchEvent (node_modules/.pnpm/jsdom@26.1.0/node_modules/jsdom/lib/jsdom/living/events/EventTarget-impl.js:104:17)
      at HTMLUnknownElement.dispatchEvent (node_modules/.pnpm/jsdom@26.1.0/node_modules/jsdom/lib/jsdom/living/generated/EventTarget.js:241:34)
      at Object.invokeGuardedCallbackDev (node_modules/.pnpm/react-dom@18.3.1_react@18.3.1/node_modules/react-dom/cjs/react-dom.development.js:4213:16)
      at invokeGuardedCallback (node_modules/.pnpm/react-dom@18.3.1_react@18.3.1/node_modules/react-dom/cjs/react-dom.development.js:4277:31)
      at beginWork$1 (node_modules/.pnpm/react-dom@18.3.1_react@18.3.1/node_modules/react-dom/cjs/react-dom.development.js:27490:7)
      at performUnitOfWork (node_modules/.pnpm/react-dom@18.3.1_react@18.3.1/node_modules/react-dom/cjs/react-dom.development.js:26599:12)
      at workLoopSync (node_modules/.pnpm/react-dom@18.3.1_react@18.3.1/node_modules/react-dom/cjs/react-dom.development.js:26505:5)
      at renderRootSync (node_modules/.pnpm/react-dom@18.3.1_react@18.3.1/node_modules/react-dom/cjs/react-dom.development.js:26473:7)
      at recoverFromConcurrentError (node_modules/.pnpm/react-dom@18.3.1_react@18.3.1/node_modules/react-dom/cjs/react-dom.development.js:25889:20)
      at performConcurrentWorkOnRoot (node_modules/.pnpm/react-dom@18.3.1_react@18.3.1/node_modules/react-dom/cjs/react-dom.development.js:25789:22)
      at workLoop (node_modules/.pnpm/scheduler@0.23.2/node_modules/scheduler/cjs/scheduler.development.js:266:34)
      at flushWork (node_modules/.pnpm/scheduler@0.23.2/node_modules/scheduler/cjs/scheduler.development.js:239:14)
      at performWorkUntilDeadline (node_modules/.pnpm/scheduler@0.23.2/node_modules/scheduler/cjs/scheduler.development.js:533:21)
      at Timeout.task [as _onTimeout] (node_modules/.pnpm/jsdom@26.1.0/node_modules/jsdom/lib/jsdom/browser/Window.js:579:19)

    console.error
      The above error occurred in the <AttendanceComparisonDashboard> component:
      
          at className (/Users/invoture/dev.local/hey-peter/src/components/admin/attendance/AttendanceComparisonDashboard.tsx:60:3)
      
      Consider adding an error boundary to your tree to customize error handling behavior.
      Visit https://reactjs.org/link/error-boundaries to learn more about error boundaries.

      at logCapturedError (node_modules/.pnpm/react-dom@18.3.1_react@18.3.1/node_modules/react-dom/cjs/react-dom.development.js:18704:23)
      at update.callback (node_modules/.pnpm/react-dom@18.3.1_react@18.3.1/node_modules/react-dom/cjs/react-dom.development.js:18737:5)
      at callCallback (node_modules/.pnpm/react-dom@18.3.1_react@18.3.1/node_modules/react-dom/cjs/react-dom.development.js:15036:12)
      at commitUpdateQueue (node_modules/.pnpm/react-dom@18.3.1_react@18.3.1/node_modules/react-dom/cjs/react-dom.development.js:15057:9)
      at commitLayoutEffectOnFiber (node_modules/.pnpm/react-dom@18.3.1_react@18.3.1/node_modules/react-dom/cjs/react-dom.development.js:23430:13)
      at commitLayoutMountEffects_complete (node_modules/.pnpm/react-dom@18.3.1_react@18.3.1/node_modules/react-dom/cjs/react-dom.development.js:24727:9)
      at commitLayoutEffects_begin (node_modules/.pnpm/react-dom@18.3.1_react@18.3.1/node_modules/react-dom/cjs/react-dom.development.js:24713:7)
      at commitLayoutEffects (node_modules/.pnpm/react-dom@18.3.1_react@18.3.1/node_modules/react-dom/cjs/react-dom.development.js:24651:3)
      at commitRootImpl (node_modules/.pnpm/react-dom@18.3.1_react@18.3.1/node_modules/react-dom/cjs/react-dom.development.js:26862:5)
      at commitRoot (node_modules/.pnpm/react-dom@18.3.1_react@18.3.1/node_modules/react-dom/cjs/react-dom.development.js:26721:5)
      at finishConcurrentRender (node_modules/.pnpm/react-dom@18.3.1_react@18.3.1/node_modules/react-dom/cjs/react-dom.development.js:25931:9)
      at performConcurrentWorkOnRoot (node_modules/.pnpm/react-dom@18.3.1_react@18.3.1/node_modules/react-dom/cjs/react-dom.development.js:25848:7)
      at workLoop (node_modules/.pnpm/scheduler@0.23.2/node_modules/scheduler/cjs/scheduler.development.js:266:34)
      at flushWork (node_modules/.pnpm/scheduler@0.23.2/node_modules/scheduler/cjs/scheduler.development.js:239:14)
      at performWorkUntilDeadline (node_modules/.pnpm/scheduler@0.23.2/node_modules/scheduler/cjs/scheduler.development.js:533:21)
      at Timeout.task [as _onTimeout] (node_modules/.pnpm/jsdom@26.1.0/node_modules/jsdom/lib/jsdom/browser/Window.js:579:19)

    console.error
      [Error: Uncaught [ReferenceError: Separator is not defined]] {
        detail: ReferenceError: Separator is not defined
            at Separator (/Users/invoture/dev.local/hey-peter/src/components/admin/attendance/AttendanceComparisonDashboard.tsx:573:16)
            at renderWithHooks (/Users/invoture/dev.local/hey-peter/node_modules/.pnpm/react-dom@18.3.1_react@18.3.1/node_modules/react-dom/cjs/react-dom.development.js:15486:18)
            at updateFunctionComponent (/Users/invoture/dev.local/hey-peter/node_modules/.pnpm/react-dom@18.3.1_react@18.3.1/node_modules/react-dom/cjs/react-dom.development.js:19617:20)
            at beginWork (/Users/invoture/dev.local/hey-peter/node_modules/.pnpm/react-dom@18.3.1_react@18.3.1/node_modules/react-dom/cjs/react-dom.development.js:21640:16)
            at beginWork$1 (/Users/invoture/dev.local/hey-peter/node_modules/.pnpm/react-dom@18.3.1_react@18.3.1/node_modules/react-dom/cjs/react-dom.development.js:27465:14)
            at performUnitOfWork (/Users/invoture/dev.local/hey-peter/node_modules/.pnpm/react-dom@18.3.1_react@18.3.1/node_modules/react-dom/cjs/react-dom.development.js:26599:12)
            at workLoopSync (/Users/invoture/dev.local/hey-peter/node_modules/.pnpm/react-dom@18.3.1_react@18.3.1/node_modules/react-dom/cjs/react-dom.development.js:26505:5)
            at renderRootSync (/Users/invoture/dev.local/hey-peter/node_modules/.pnpm/react-dom@18.3.1_react@18.3.1/node_modules/react-dom/cjs/react-dom.development.js:26473:7)
            at recoverFromConcurrentError (/Users/invoture/dev.local/hey-peter/node_modules/.pnpm/react-dom@18.3.1_react@18.3.1/node_modules/react-dom/cjs/react-dom.development.js:25889:20)
            at performConcurrentWorkOnRoot (/Users/invoture/dev.local/hey-peter/node_modules/.pnpm/react-dom@18.3.1_react@18.3.1/node_modules/react-dom/cjs/react-dom.development.js:25789:22)
            at workLoop (/Users/invoture/dev.local/hey-peter/node_modules/.pnpm/scheduler@0.23.2/node_modules/scheduler/cjs/scheduler.development.js:266:34)
            at flushWork (/Users/invoture/dev.local/hey-peter/node_modules/.pnpm/scheduler@0.23.2/node_modules/scheduler/cjs/scheduler.development.js:239:14)
            at performWorkUntilDeadline (/Users/invoture/dev.local/hey-peter/node_modules/.pnpm/scheduler@0.23.2/node_modules/scheduler/cjs/scheduler.development.js:533:21)
            at Timeout.task [as _onTimeout] (/Users/invoture/dev.local/hey-peter/node_modules/.pnpm/jsdom@26.1.0/node_modules/jsdom/lib/jsdom/browser/Window.js:579:19)
            at listOnTimeout (node:internal/timers:581:17)
            at processTimers (node:internal/timers:519:7),
        type: 'unhandled exception'
      }

      at VirtualConsole.<anonymous> (node_modules/.pnpm/@jest+environment-jsdom-abstract@30.0.4_jsdom@26.1.0/node_modules/@jest/environment-jsdom-abstract/build/index.js:78:23)
      at reportException (node_modules/.pnpm/jsdom@26.1.0/node_modules/jsdom/lib/jsdom/living/helpers/runtime-script-errors.js:70:28)
      at Timeout.task [as _onTimeout] (node_modules/.pnpm/jsdom@26.1.0/node_modules/jsdom/lib/jsdom/browser/Window.js:584:9)

    console.error
      [Error: Uncaught [ReferenceError: Separator is not defined]] {
        detail: ReferenceError: Separator is not defined
            at Separator (/Users/invoture/dev.local/hey-peter/src/components/admin/attendance/AttendanceComparisonDashboard.tsx:573:16)
            at renderWithHooks (/Users/invoture/dev.local/hey-peter/node_modules/.pnpm/react-dom@18.3.1_react@18.3.1/node_modules/react-dom/cjs/react-dom.development.js:15486:18)
            at updateFunctionComponent (/Users/invoture/dev.local/hey-peter/node_modules/.pnpm/react-dom@18.3.1_react@18.3.1/node_modules/react-dom/cjs/react-dom.development.js:19617:20)
            at beginWork (/Users/invoture/dev.local/hey-peter/node_modules/.pnpm/react-dom@18.3.1_react@18.3.1/node_modules/react-dom/cjs/react-dom.development.js:21640:16)
            at HTMLUnknownElement.callCallback (/Users/invoture/dev.local/hey-peter/node_modules/.pnpm/react-dom@18.3.1_react@18.3.1/node_modules/react-dom/cjs/react-dom.development.js:4164:14)
            at HTMLUnknownElement.callTheUserObjectsOperation (/Users/invoture/dev.local/hey-peter/node_modules/.pnpm/jsdom@26.1.0/node_modules/jsdom/lib/jsdom/living/generated/EventListener.js:26:30)
            at innerInvokeEventListeners (/Users/invoture/dev.local/hey-peter/node_modules/.pnpm/jsdom@26.1.0/node_modules/jsdom/lib/jsdom/living/events/EventTarget-impl.js:350:25)
            at invokeEventListeners (/Users/invoture/dev.local/hey-peter/node_modules/.pnpm/jsdom@26.1.0/node_modules/jsdom/lib/jsdom/living/events/EventTarget-impl.js:286:3)
            at HTMLUnknownElementImpl._dispatch (/Users/invoture/dev.local/hey-peter/node_modules/.pnpm/jsdom@26.1.0/node_modules/jsdom/lib/jsdom/living/events/EventTarget-impl.js:233:9)
            at HTMLUnknownElementImpl.dispatchEvent (/Users/invoture/dev.local/hey-peter/node_modules/.pnpm/jsdom@26.1.0/node_modules/jsdom/lib/jsdom/living/events/EventTarget-impl.js:104:17)
            at HTMLUnknownElement.dispatchEvent (/Users/invoture/dev.local/hey-peter/node_modules/.pnpm/jsdom@26.1.0/node_modules/jsdom/lib/jsdom/living/generated/EventTarget.js:241:34)
            at Object.invokeGuardedCallbackDev (/Users/invoture/dev.local/hey-peter/node_modules/.pnpm/react-dom@18.3.1_react@18.3.1/node_modules/react-dom/cjs/react-dom.development.js:4213:16)
            at invokeGuardedCallback (/Users/invoture/dev.local/hey-peter/node_modules/.pnpm/react-dom@18.3.1_react@18.3.1/node_modules/react-dom/cjs/react-dom.development.js:4277:31)
            at beginWork$1 (/Users/invoture/dev.local/hey-peter/node_modules/.pnpm/react-dom@18.3.1_react@18.3.1/node_modules/react-dom/cjs/react-dom.development.js:27490:7)
            at performUnitOfWork (/Users/invoture/dev.local/hey-peter/node_modules/.pnpm/react-dom@18.3.1_react@18.3.1/node_modules/react-dom/cjs/react-dom.development.js:26599:12)
            at workLoopSync (/Users/invoture/dev.local/hey-peter/node_modules/.pnpm/react-dom@18.3.1_react@18.3.1/node_modules/react-dom/cjs/react-dom.development.js:26505:5)
            at renderRootSync (/Users/invoture/dev.local/hey-peter/node_modules/.pnpm/react-dom@18.3.1_react@18.3.1/node_modules/react-dom/cjs/react-dom.development.js:26473:7)
            at performConcurrentWorkOnRoot (/Users/invoture/dev.local/hey-peter/node_modules/.pnpm/react-dom@18.3.1_react@18.3.1/node_modules/react-dom/cjs/react-dom.development.js:25777:74)
            at workLoop (/Users/invoture/dev.local/hey-peter/node_modules/.pnpm/scheduler@0.23.2/node_modules/scheduler/cjs/scheduler.development.js:266:34)
            at flushWork (/Users/invoture/dev.local/hey-peter/node_modules/.pnpm/scheduler@0.23.2/node_modules/scheduler/cjs/scheduler.development.js:239:14)
            at performWorkUntilDeadline (/Users/invoture/dev.local/hey-peter/node_modules/.pnpm/scheduler@0.23.2/node_modules/scheduler/cjs/scheduler.development.js:533:21)
            at Timeout.task [as _onTimeout] (/Users/invoture/dev.local/hey-peter/node_modules/.pnpm/jsdom@26.1.0/node_modules/jsdom/lib/jsdom/browser/Window.js:579:19)
            at listOnTimeout (node:internal/timers:581:17)
            at processTimers (node:internal/timers:519:7),
        type: 'unhandled exception'
      }

      at VirtualConsole.<anonymous> (node_modules/.pnpm/@jest+environment-jsdom-abstract@30.0.4_jsdom@26.1.0/node_modules/@jest/environment-jsdom-abstract/build/index.js:78:23)
      at reportException (node_modules/.pnpm/jsdom@26.1.0/node_modules/jsdom/lib/jsdom/living/helpers/runtime-script-errors.js:70:28)
      at innerInvokeEventListeners (node_modules/.pnpm/jsdom@26.1.0/node_modules/jsdom/lib/jsdom/living/events/EventTarget-impl.js:353:9)
      at invokeEventListeners (node_modules/.pnpm/jsdom@26.1.0/node_modules/jsdom/lib/jsdom/living/events/EventTarget-impl.js:286:3)
      at HTMLUnknownElementImpl._dispatch (node_modules/.pnpm/jsdom@26.1.0/node_modules/jsdom/lib/jsdom/living/events/EventTarget-impl.js:233:9)
      at HTMLUnknownElementImpl.dispatchEvent (node_modules/.pnpm/jsdom@26.1.0/node_modules/jsdom/lib/jsdom/living/events/EventTarget-impl.js:104:17)
      at HTMLUnknownElement.dispatchEvent (node_modules/.pnpm/jsdom@26.1.0/node_modules/jsdom/lib/jsdom/living/generated/EventTarget.js:241:34)
      at Object.invokeGuardedCallbackDev (node_modules/.pnpm/react-dom@18.3.1_react@18.3.1/node_modules/react-dom/cjs/react-dom.development.js:4213:16)
      at invokeGuardedCallback (node_modules/.pnpm/react-dom@18.3.1_react@18.3.1/node_modules/react-dom/cjs/react-dom.development.js:4277:31)
      at beginWork$1 (node_modules/.pnpm/react-dom@18.3.1_react@18.3.1/node_modules/react-dom/cjs/react-dom.development.js:27490:7)
      at performUnitOfWork (node_modules/.pnpm/react-dom@18.3.1_react@18.3.1/node_modules/react-dom/cjs/react-dom.development.js:26599:12)
      at workLoopSync (node_modules/.pnpm/react-dom@18.3.1_react@18.3.1/node_modules/react-dom/cjs/react-dom.development.js:26505:5)
      at renderRootSync (node_modules/.pnpm/react-dom@18.3.1_react@18.3.1/node_modules/react-dom/cjs/react-dom.development.js:26473:7)
      at performConcurrentWorkOnRoot (node_modules/.pnpm/react-dom@18.3.1_react@18.3.1/node_modules/react-dom/cjs/react-dom.development.js:25777:74)
      at workLoop (node_modules/.pnpm/scheduler@0.23.2/node_modules/scheduler/cjs/scheduler.development.js:266:34)
      at flushWork (node_modules/.pnpm/scheduler@0.23.2/node_modules/scheduler/cjs/scheduler.development.js:239:14)
      at performWorkUntilDeadline (node_modules/.pnpm/scheduler@0.23.2/node_modules/scheduler/cjs/scheduler.development.js:533:21)
      at Timeout.task [as _onTimeout] (node_modules/.pnpm/jsdom@26.1.0/node_modules/jsdom/lib/jsdom/browser/Window.js:579:19)

    console.error
      [Error: Uncaught [ReferenceError: Separator is not defined]] {
        detail: ReferenceError: Separator is not defined
            at Separator (/Users/invoture/dev.local/hey-peter/src/components/admin/attendance/AttendanceComparisonDashboard.tsx:573:16)
            at renderWithHooks (/Users/invoture/dev.local/hey-peter/node_modules/.pnpm/react-dom@18.3.1_react@18.3.1/node_modules/react-dom/cjs/react-dom.development.js:15486:18)
            at updateFunctionComponent (/Users/invoture/dev.local/hey-peter/node_modules/.pnpm/react-dom@18.3.1_react@18.3.1/node_modules/react-dom/cjs/react-dom.development.js:19617:20)
            at beginWork (/Users/invoture/dev.local/hey-peter/node_modules/.pnpm/react-dom@18.3.1_react@18.3.1/node_modules/react-dom/cjs/react-dom.development.js:21640:16)
            at HTMLUnknownElement.callCallback (/Users/invoture/dev.local/hey-peter/node_modules/.pnpm/react-dom@18.3.1_react@18.3.1/node_modules/react-dom/cjs/react-dom.development.js:4164:14)
            at HTMLUnknownElement.callTheUserObjectsOperation (/Users/invoture/dev.local/hey-peter/node_modules/.pnpm/jsdom@26.1.0/node_modules/jsdom/lib/jsdom/living/generated/EventListener.js:26:30)
            at innerInvokeEventListeners (/Users/invoture/dev.local/hey-peter/node_modules/.pnpm/jsdom@26.1.0/node_modules/jsdom/lib/jsdom/living/events/EventTarget-impl.js:350:25)
            at invokeEventListeners (/Users/invoture/dev.local/hey-peter/node_modules/.pnpm/jsdom@26.1.0/node_modules/jsdom/lib/jsdom/living/events/EventTarget-impl.js:286:3)
            at HTMLUnknownElementImpl._dispatch (/Users/invoture/dev.local/hey-peter/node_modules/.pnpm/jsdom@26.1.0/node_modules/jsdom/lib/jsdom/living/events/EventTarget-impl.js:233:9)
            at HTMLUnknownElementImpl.dispatchEvent (/Users/invoture/dev.local/hey-peter/node_modules/.pnpm/jsdom@26.1.0/node_modules/jsdom/lib/jsdom/living/events/EventTarget-impl.js:104:17)
            at HTMLUnknownElement.dispatchEvent (/Users/invoture/dev.local/hey-peter/node_modules/.pnpm/jsdom@26.1.0/node_modules/jsdom/lib/jsdom/living/generated/EventTarget.js:241:34)
            at Object.invokeGuardedCallbackDev (/Users/invoture/dev.local/hey-peter/node_modules/.pnpm/react-dom@18.3.1_react@18.3.1/node_modules/react-dom/cjs/react-dom.development.js:4213:16)
            at invokeGuardedCallback (/Users/invoture/dev.local/hey-peter/node_modules/.pnpm/react-dom@18.3.1_react@18.3.1/node_modules/react-dom/cjs/react-dom.development.js:4277:31)
            at beginWork$1 (/Users/invoture/dev.local/hey-peter/node_modules/.pnpm/react-dom@18.3.1_react@18.3.1/node_modules/react-dom/cjs/react-dom.development.js:27490:7)
            at performUnitOfWork (/Users/invoture/dev.local/hey-peter/node_modules/.pnpm/react-dom@18.3.1_react@18.3.1/node_modules/react-dom/cjs/react-dom.development.js:26599:12)
            at workLoopSync (/Users/invoture/dev.local/hey-peter/node_modules/.pnpm/react-dom@18.3.1_react@18.3.1/node_modules/react-dom/cjs/react-dom.development.js:26505:5)
            at renderRootSync (/Users/invoture/dev.local/hey-peter/node_modules/.pnpm/react-dom@18.3.1_react@18.3.1/node_modules/react-dom/cjs/react-dom.development.js:26473:7)
            at recoverFromConcurrentError (/Users/invoture/dev.local/hey-peter/node_modules/.pnpm/react-dom@18.3.1_react@18.3.1/node_modules/react-dom/cjs/react-dom.development.js:25889:20)
            at performConcurrentWorkOnRoot (/Users/invoture/dev.local/hey-peter/node_modules/.pnpm/react-dom@18.3.1_react@18.3.1/node_modules/react-dom/cjs/react-dom.development.js:25789:22)
            at workLoop (/Users/invoture/dev.local/hey-peter/node_modules/.pnpm/scheduler@0.23.2/node_modules/scheduler/cjs/scheduler.development.js:266:34)
            at flushWork (/Users/invoture/dev.local/hey-peter/node_modules/.pnpm/scheduler@0.23.2/node_modules/scheduler/cjs/scheduler.development.js:239:14)
            at performWorkUntilDeadline (/Users/invoture/dev.local/hey-peter/node_modules/.pnpm/scheduler@0.23.2/node_modules/scheduler/cjs/scheduler.development.js:533:21)
            at Timeout.task [as _onTimeout] (/Users/invoture/dev.local/hey-peter/node_modules/.pnpm/jsdom@26.1.0/node_modules/jsdom/lib/jsdom/browser/Window.js:579:19)
            at listOnTimeout (node:internal/timers:581:17)
            at processTimers (node:internal/timers:519:7),
        type: 'unhandled exception'
      }

      at VirtualConsole.<anonymous> (node_modules/.pnpm/@jest+environment-jsdom-abstract@30.0.4_jsdom@26.1.0/node_modules/@jest/environment-jsdom-abstract/build/index.js:78:23)
      at reportException (node_modules/.pnpm/jsdom@26.1.0/node_modules/jsdom/lib/jsdom/living/helpers/runtime-script-errors.js:70:28)
      at innerInvokeEventListeners (node_modules/.pnpm/jsdom@26.1.0/node_modules/jsdom/lib/jsdom/living/events/EventTarget-impl.js:353:9)
      at invokeEventListeners (node_modules/.pnpm/jsdom@26.1.0/node_modules/jsdom/lib/jsdom/living/events/EventTarget-impl.js:286:3)
      at HTMLUnknownElementImpl._dispatch (node_modules/.pnpm/jsdom@26.1.0/node_modules/jsdom/lib/jsdom/living/events/EventTarget-impl.js:233:9)
      at HTMLUnknownElementImpl.dispatchEvent (node_modules/.pnpm/jsdom@26.1.0/node_modules/jsdom/lib/jsdom/living/events/EventTarget-impl.js:104:17)
      at HTMLUnknownElement.dispatchEvent (node_modules/.pnpm/jsdom@26.1.0/node_modules/jsdom/lib/jsdom/living/generated/EventTarget.js:241:34)
      at Object.invokeGuardedCallbackDev (node_modules/.pnpm/react-dom@18.3.1_react@18.3.1/node_modules/react-dom/cjs/react-dom.development.js:4213:16)
      at invokeGuardedCallback (node_modules/.pnpm/react-dom@18.3.1_react@18.3.1/node_modules/react-dom/cjs/react-dom.development.js:4277:31)
      at beginWork$1 (node_modules/.pnpm/react-dom@18.3.1_react@18.3.1/node_modules/react-dom/cjs/react-dom.development.js:27490:7)
      at performUnitOfWork (node_modules/.pnpm/react-dom@18.3.1_react@18.3.1/node_modules/react-dom/cjs/react-dom.development.js:26599:12)
      at workLoopSync (node_modules/.pnpm/react-dom@18.3.1_react@18.3.1/node_modules/react-dom/cjs/react-dom.development.js:26505:5)
      at renderRootSync (node_modules/.pnpm/react-dom@18.3.1_react@18.3.1/node_modules/react-dom/cjs/react-dom.development.js:26473:7)
      at recoverFromConcurrentError (node_modules/.pnpm/react-dom@18.3.1_react@18.3.1/node_modules/react-dom/cjs/react-dom.development.js:25889:20)
      at performConcurrentWorkOnRoot (node_modules/.pnpm/react-dom@18.3.1_react@18.3.1/node_modules/react-dom/cjs/react-dom.development.js:25789:22)
      at workLoop (node_modules/.pnpm/scheduler@0.23.2/node_modules/scheduler/cjs/scheduler.development.js:266:34)
      at flushWork (node_modules/.pnpm/scheduler@0.23.2/node_modules/scheduler/cjs/scheduler.development.js:239:14)
      at performWorkUntilDeadline (node_modules/.pnpm/scheduler@0.23.2/node_modules/scheduler/cjs/scheduler.development.js:533:21)
      at Timeout.task [as _onTimeout] (node_modules/.pnpm/jsdom@26.1.0/node_modules/jsdom/lib/jsdom/browser/Window.js:579:19)

    console.error
      The above error occurred in the <AttendanceComparisonDashboard> component:
      
          at className (/Users/invoture/dev.local/hey-peter/src/components/admin/attendance/AttendanceComparisonDashboard.tsx:60:3)
      
      Consider adding an error boundary to your tree to customize error handling behavior.
      Visit https://reactjs.org/link/error-boundaries to learn more about error boundaries.

      at logCapturedError (node_modules/.pnpm/react-dom@18.3.1_react@18.3.1/node_modules/react-dom/cjs/react-dom.development.js:18704:23)
      at update.callback (node_modules/.pnpm/react-dom@18.3.1_react@18.3.1/node_modules/react-dom/cjs/react-dom.development.js:18737:5)
      at callCallback (node_modules/.pnpm/react-dom@18.3.1_react@18.3.1/node_modules/react-dom/cjs/react-dom.development.js:15036:12)
      at commitUpdateQueue (node_modules/.pnpm/react-dom@18.3.1_react@18.3.1/node_modules/react-dom/cjs/react-dom.development.js:15057:9)
      at commitLayoutEffectOnFiber (node_modules/.pnpm/react-dom@18.3.1_react@18.3.1/node_modules/react-dom/cjs/react-dom.development.js:23430:13)
      at commitLayoutMountEffects_complete (node_modules/.pnpm/react-dom@18.3.1_react@18.3.1/node_modules/react-dom/cjs/react-dom.development.js:24727:9)
      at commitLayoutEffects_begin (node_modules/.pnpm/react-dom@18.3.1_react@18.3.1/node_modules/react-dom/cjs/react-dom.development.js:24713:7)
      at commitLayoutEffects (node_modules/.pnpm/react-dom@18.3.1_react@18.3.1/node_modules/react-dom/cjs/react-dom.development.js:24651:3)
      at commitRootImpl (node_modules/.pnpm/react-dom@18.3.1_react@18.3.1/node_modules/react-dom/cjs/react-dom.development.js:26862:5)
      at commitRoot (node_modules/.pnpm/react-dom@18.3.1_react@18.3.1/node_modules/react-dom/cjs/react-dom.development.js:26721:5)
      at finishConcurrentRender (node_modules/.pnpm/react-dom@18.3.1_react@18.3.1/node_modules/react-dom/cjs/react-dom.development.js:25931:9)
      at performConcurrentWorkOnRoot (node_modules/.pnpm/react-dom@18.3.1_react@18.3.1/node_modules/react-dom/cjs/react-dom.development.js:25848:7)
      at workLoop (node_modules/.pnpm/scheduler@0.23.2/node_modules/scheduler/cjs/scheduler.development.js:266:34)
      at flushWork (node_modules/.pnpm/scheduler@0.23.2/node_modules/scheduler/cjs/scheduler.development.js:239:14)
      at performWorkUntilDeadline (node_modules/.pnpm/scheduler@0.23.2/node_modules/scheduler/cjs/scheduler.development.js:533:21)
      at Timeout.task [as _onTimeout] (node_modules/.pnpm/jsdom@26.1.0/node_modules/jsdom/lib/jsdom/browser/Window.js:579:19)

    console.error
      [Error: Uncaught [ReferenceError: Separator is not defined]] {
        detail: ReferenceError: Separator is not defined
            at Separator (/Users/invoture/dev.local/hey-peter/src/components/admin/attendance/AttendanceComparisonDashboard.tsx:573:16)
            at renderWithHooks (/Users/invoture/dev.local/hey-peter/node_modules/.pnpm/react-dom@18.3.1_react@18.3.1/node_modules/react-dom/cjs/react-dom.development.js:15486:18)
            at updateFunctionComponent (/Users/invoture/dev.local/hey-peter/node_modules/.pnpm/react-dom@18.3.1_react@18.3.1/node_modules/react-dom/cjs/react-dom.development.js:19617:20)
            at beginWork (/Users/invoture/dev.local/hey-peter/node_modules/.pnpm/react-dom@18.3.1_react@18.3.1/node_modules/react-dom/cjs/react-dom.development.js:21640:16)
            at beginWork$1 (/Users/invoture/dev.local/hey-peter/node_modules/.pnpm/react-dom@18.3.1_react@18.3.1/node_modules/react-dom/cjs/react-dom.development.js:27465:14)
            at performUnitOfWork (/Users/invoture/dev.local/hey-peter/node_modules/.pnpm/react-dom@18.3.1_react@18.3.1/node_modules/react-dom/cjs/react-dom.development.js:26599:12)
            at workLoopSync (/Users/invoture/dev.local/hey-peter/node_modules/.pnpm/react-dom@18.3.1_react@18.3.1/node_modules/react-dom/cjs/react-dom.development.js:26505:5)
            at renderRootSync (/Users/invoture/dev.local/hey-peter/node_modules/.pnpm/react-dom@18.3.1_react@18.3.1/node_modules/react-dom/cjs/react-dom.development.js:26473:7)
            at recoverFromConcurrentError (/Users/invoture/dev.local/hey-peter/node_modules/.pnpm/react-dom@18.3.1_react@18.3.1/node_modules/react-dom/cjs/react-dom.development.js:25889:20)
            at performConcurrentWorkOnRoot (/Users/invoture/dev.local/hey-peter/node_modules/.pnpm/react-dom@18.3.1_react@18.3.1/node_modules/react-dom/cjs/react-dom.development.js:25789:22)
            at workLoop (/Users/invoture/dev.local/hey-peter/node_modules/.pnpm/scheduler@0.23.2/node_modules/scheduler/cjs/scheduler.development.js:266:34)
            at flushWork (/Users/invoture/dev.local/hey-peter/node_modules/.pnpm/scheduler@0.23.2/node_modules/scheduler/cjs/scheduler.development.js:239:14)
            at performWorkUntilDeadline (/Users/invoture/dev.local/hey-peter/node_modules/.pnpm/scheduler@0.23.2/node_modules/scheduler/cjs/scheduler.development.js:533:21)
            at Timeout.task [as _onTimeout] (/Users/invoture/dev.local/hey-peter/node_modules/.pnpm/jsdom@26.1.0/node_modules/jsdom/lib/jsdom/browser/Window.js:579:19)
            at listOnTimeout (node:internal/timers:581:17)
            at processTimers (node:internal/timers:519:7),
        type: 'unhandled exception'
      }

      at VirtualConsole.<anonymous> (node_modules/.pnpm/@jest+environment-jsdom-abstract@30.0.4_jsdom@26.1.0/node_modules/@jest/environment-jsdom-abstract/build/index.js:78:23)
      at reportException (node_modules/.pnpm/jsdom@26.1.0/node_modules/jsdom/lib/jsdom/living/helpers/runtime-script-errors.js:70:28)
      at Timeout.task [as _onTimeout] (node_modules/.pnpm/jsdom@26.1.0/node_modules/jsdom/lib/jsdom/browser/Window.js:584:9)

    console.error
      [Error: Uncaught [ReferenceError: Separator is not defined]] {
        detail: ReferenceError: Separator is not defined
            at Separator (/Users/invoture/dev.local/hey-peter/src/components/admin/attendance/AttendanceComparisonDashboard.tsx:573:16)
            at renderWithHooks (/Users/invoture/dev.local/hey-peter/node_modules/.pnpm/react-dom@18.3.1_react@18.3.1/node_modules/react-dom/cjs/react-dom.development.js:15486:18)
            at updateFunctionComponent (/Users/invoture/dev.local/hey-peter/node_modules/.pnpm/react-dom@18.3.1_react@18.3.1/node_modules/react-dom/cjs/react-dom.development.js:19617:20)
            at beginWork (/Users/invoture/dev.local/hey-peter/node_modules/.pnpm/react-dom@18.3.1_react@18.3.1/node_modules/react-dom/cjs/react-dom.development.js:21640:16)
            at HTMLUnknownElement.callCallback (/Users/invoture/dev.local/hey-peter/node_modules/.pnpm/react-dom@18.3.1_react@18.3.1/node_modules/react-dom/cjs/react-dom.development.js:4164:14)
            at HTMLUnknownElement.callTheUserObjectsOperation (/Users/invoture/dev.local/hey-peter/node_modules/.pnpm/jsdom@26.1.0/node_modules/jsdom/lib/jsdom/living/generated/EventListener.js:26:30)
            at innerInvokeEventListeners (/Users/invoture/dev.local/hey-peter/node_modules/.pnpm/jsdom@26.1.0/node_modules/jsdom/lib/jsdom/living/events/EventTarget-impl.js:350:25)
            at invokeEventListeners (/Users/invoture/dev.local/hey-peter/node_modules/.pnpm/jsdom@26.1.0/node_modules/jsdom/lib/jsdom/living/events/EventTarget-impl.js:286:3)
            at HTMLUnknownElementImpl._dispatch (/Users/invoture/dev.local/hey-peter/node_modules/.pnpm/jsdom@26.1.0/node_modules/jsdom/lib/jsdom/living/events/EventTarget-impl.js:233:9)
            at HTMLUnknownElementImpl.dispatchEvent (/Users/invoture/dev.local/hey-peter/node_modules/.pnpm/jsdom@26.1.0/node_modules/jsdom/lib/jsdom/living/events/EventTarget-impl.js:104:17)
            at HTMLUnknownElement.dispatchEvent (/Users/invoture/dev.local/hey-peter/node_modules/.pnpm/jsdom@26.1.0/node_modules/jsdom/lib/jsdom/living/generated/EventTarget.js:241:34)
            at Object.invokeGuardedCallbackDev (/Users/invoture/dev.local/hey-peter/node_modules/.pnpm/react-dom@18.3.1_react@18.3.1/node_modules/react-dom/cjs/react-dom.development.js:4213:16)
            at invokeGuardedCallback (/Users/invoture/dev.local/hey-peter/node_modules/.pnpm/react-dom@18.3.1_react@18.3.1/node_modules/react-dom/cjs/react-dom.development.js:4277:31)
            at beginWork$1 (/Users/invoture/dev.local/hey-peter/node_modules/.pnpm/react-dom@18.3.1_react@18.3.1/node_modules/react-dom/cjs/react-dom.development.js:27490:7)
            at performUnitOfWork (/Users/invoture/dev.local/hey-peter/node_modules/.pnpm/react-dom@18.3.1_react@18.3.1/node_modules/react-dom/cjs/react-dom.development.js:26599:12)
            at workLoopSync (/Users/invoture/dev.local/hey-peter/node_modules/.pnpm/react-dom@18.3.1_react@18.3.1/node_modules/react-dom/cjs/react-dom.development.js:26505:5)
            at renderRootSync (/Users/invoture/dev.local/hey-peter/node_modules/.pnpm/react-dom@18.3.1_react@18.3.1/node_modules/react-dom/cjs/react-dom.development.js:26473:7)
            at performConcurrentWorkOnRoot (/Users/invoture/dev.local/hey-peter/node_modules/.pnpm/react-dom@18.3.1_react@18.3.1/node_modules/react-dom/cjs/react-dom.development.js:25777:74)
            at workLoop (/Users/invoture/dev.local/hey-peter/node_modules/.pnpm/scheduler@0.23.2/node_modules/scheduler/cjs/scheduler.development.js:266:34)
            at flushWork (/Users/invoture/dev.local/hey-peter/node_modules/.pnpm/scheduler@0.23.2/node_modules/scheduler/cjs/scheduler.development.js:239:14)
            at performWorkUntilDeadline (/Users/invoture/dev.local/hey-peter/node_modules/.pnpm/scheduler@0.23.2/node_modules/scheduler/cjs/scheduler.development.js:533:21)
            at Timeout.task [as _onTimeout] (/Users/invoture/dev.local/hey-peter/node_modules/.pnpm/jsdom@26.1.0/node_modules/jsdom/lib/jsdom/browser/Window.js:579:19)
            at listOnTimeout (node:internal/timers:581:17)
            at processTimers (node:internal/timers:519:7),
        type: 'unhandled exception'
      }

      at VirtualConsole.<anonymous> (node_modules/.pnpm/@jest+environment-jsdom-abstract@30.0.4_jsdom@26.1.0/node_modules/@jest/environment-jsdom-abstract/build/index.js:78:23)
      at reportException (node_modules/.pnpm/jsdom@26.1.0/node_modules/jsdom/lib/jsdom/living/helpers/runtime-script-errors.js:70:28)
      at innerInvokeEventListeners (node_modules/.pnpm/jsdom@26.1.0/node_modules/jsdom/lib/jsdom/living/events/EventTarget-impl.js:353:9)
      at invokeEventListeners (node_modules/.pnpm/jsdom@26.1.0/node_modules/jsdom/lib/jsdom/living/events/EventTarget-impl.js:286:3)
      at HTMLUnknownElementImpl._dispatch (node_modules/.pnpm/jsdom@26.1.0/node_modules/jsdom/lib/jsdom/living/events/EventTarget-impl.js:233:9)
      at HTMLUnknownElementImpl.dispatchEvent (node_modules/.pnpm/jsdom@26.1.0/node_modules/jsdom/lib/jsdom/living/events/EventTarget-impl.js:104:17)
      at HTMLUnknownElement.dispatchEvent (node_modules/.pnpm/jsdom@26.1.0/node_modules/jsdom/lib/jsdom/living/generated/EventTarget.js:241:34)
      at Object.invokeGuardedCallbackDev (node_modules/.pnpm/react-dom@18.3.1_react@18.3.1/node_modules/react-dom/cjs/react-dom.development.js:4213:16)
      at invokeGuardedCallback (node_modules/.pnpm/react-dom@18.3.1_react@18.3.1/node_modules/react-dom/cjs/react-dom.development.js:4277:31)
      at beginWork$1 (node_modules/.pnpm/react-dom@18.3.1_react@18.3.1/node_modules/react-dom/cjs/react-dom.development.js:27490:7)
      at performUnitOfWork (node_modules/.pnpm/react-dom@18.3.1_react@18.3.1/node_modules/react-dom/cjs/react-dom.development.js:26599:12)
      at workLoopSync (node_modules/.pnpm/react-dom@18.3.1_react@18.3.1/node_modules/react-dom/cjs/react-dom.development.js:26505:5)
      at renderRootSync (node_modules/.pnpm/react-dom@18.3.1_react@18.3.1/node_modules/react-dom/cjs/react-dom.development.js:26473:7)
      at performConcurrentWorkOnRoot (node_modules/.pnpm/react-dom@18.3.1_react@18.3.1/node_modules/react-dom/cjs/react-dom.development.js:25777:74)
      at workLoop (node_modules/.pnpm/scheduler@0.23.2/node_modules/scheduler/cjs/scheduler.development.js:266:34)
      at flushWork (node_modules/.pnpm/scheduler@0.23.2/node_modules/scheduler/cjs/scheduler.development.js:239:14)
      at performWorkUntilDeadline (node_modules/.pnpm/scheduler@0.23.2/node_modules/scheduler/cjs/scheduler.development.js:533:21)
      at Timeout.task [as _onTimeout] (node_modules/.pnpm/jsdom@26.1.0/node_modules/jsdom/lib/jsdom/browser/Window.js:579:19)

    console.error
      [Error: Uncaught [ReferenceError: Separator is not defined]] {
        detail: ReferenceError: Separator is not defined
            at Separator (/Users/invoture/dev.local/hey-peter/src/components/admin/attendance/AttendanceComparisonDashboard.tsx:573:16)
            at renderWithHooks (/Users/invoture/dev.local/hey-peter/node_modules/.pnpm/react-dom@18.3.1_react@18.3.1/node_modules/react-dom/cjs/react-dom.development.js:15486:18)
            at updateFunctionComponent (/Users/invoture/dev.local/hey-peter/node_modules/.pnpm/react-dom@18.3.1_react@18.3.1/node_modules/react-dom/cjs/react-dom.development.js:19617:20)
            at beginWork (/Users/invoture/dev.local/hey-peter/node_modules/.pnpm/react-dom@18.3.1_react@18.3.1/node_modules/react-dom/cjs/react-dom.development.js:21640:16)
            at HTMLUnknownElement.callCallback (/Users/invoture/dev.local/hey-peter/node_modules/.pnpm/react-dom@18.3.1_react@18.3.1/node_modules/react-dom/cjs/react-dom.development.js:4164:14)
            at HTMLUnknownElement.callTheUserObjectsOperation (/Users/invoture/dev.local/hey-peter/node_modules/.pnpm/jsdom@26.1.0/node_modules/jsdom/lib/jsdom/living/generated/EventListener.js:26:30)
            at innerInvokeEventListeners (/Users/invoture/dev.local/hey-peter/node_modules/.pnpm/jsdom@26.1.0/node_modules/jsdom/lib/jsdom/living/events/EventTarget-impl.js:350:25)
            at invokeEventListeners (/Users/invoture/dev.local/hey-peter/node_modules/.pnpm/jsdom@26.1.0/node_modules/jsdom/lib/jsdom/living/events/EventTarget-impl.js:286:3)
            at HTMLUnknownElementImpl._dispatch (/Users/invoture/dev.local/hey-peter/node_modules/.pnpm/jsdom@26.1.0/node_modules/jsdom/lib/jsdom/living/events/EventTarget-impl.js:233:9)
            at HTMLUnknownElementImpl.dispatchEvent (/Users/invoture/dev.local/hey-peter/node_modules/.pnpm/jsdom@26.1.0/node_modules/jsdom/lib/jsdom/living/events/EventTarget-impl.js:104:17)
            at HTMLUnknownElement.dispatchEvent (/Users/invoture/dev.local/hey-peter/node_modules/.pnpm/jsdom@26.1.0/node_modules/jsdom/lib/jsdom/living/generated/EventTarget.js:241:34)
            at Object.invokeGuardedCallbackDev (/Users/invoture/dev.local/hey-peter/node_modules/.pnpm/react-dom@18.3.1_react@18.3.1/node_modules/react-dom/cjs/react-dom.development.js:4213:16)
            at invokeGuardedCallback (/Users/invoture/dev.local/hey-peter/node_modules/.pnpm/react-dom@18.3.1_react@18.3.1/node_modules/react-dom/cjs/react-dom.development.js:4277:31)
            at beginWork$1 (/Users/invoture/dev.local/hey-peter/node_modules/.pnpm/react-dom@18.3.1_react@18.3.1/node_modules/react-dom/cjs/react-dom.development.js:27490:7)
            at performUnitOfWork (/Users/invoture/dev.local/hey-peter/node_modules/.pnpm/react-dom@18.3.1_react@18.3.1/node_modules/react-dom/cjs/react-dom.development.js:26599:12)
            at workLoopSync (/Users/invoture/dev.local/hey-peter/node_modules/.pnpm/react-dom@18.3.1_react@18.3.1/node_modules/react-dom/cjs/react-dom.development.js:26505:5)
            at renderRootSync (/Users/invoture/dev.local/hey-peter/node_modules/.pnpm/react-dom@18.3.1_react@18.3.1/node_modules/react-dom/cjs/react-dom.development.js:26473:7)
            at recoverFromConcurrentError (/Users/invoture/dev.local/hey-peter/node_modules/.pnpm/react-dom@18.3.1_react@18.3.1/node_modules/react-dom/cjs/react-dom.development.js:25889:20)
            at performConcurrentWorkOnRoot (/Users/invoture/dev.local/hey-peter/node_modules/.pnpm/react-dom@18.3.1_react@18.3.1/node_modules/react-dom/cjs/react-dom.development.js:25789:22)
            at workLoop (/Users/invoture/dev.local/hey-peter/node_modules/.pnpm/scheduler@0.23.2/node_modules/scheduler/cjs/scheduler.development.js:266:34)
            at flushWork (/Users/invoture/dev.local/hey-peter/node_modules/.pnpm/scheduler@0.23.2/node_modules/scheduler/cjs/scheduler.development.js:239:14)
            at performWorkUntilDeadline (/Users/invoture/dev.local/hey-peter/node_modules/.pnpm/scheduler@0.23.2/node_modules/scheduler/cjs/scheduler.development.js:533:21)
            at Timeout.task [as _onTimeout] (/Users/invoture/dev.local/hey-peter/node_modules/.pnpm/jsdom@26.1.0/node_modules/jsdom/lib/jsdom/browser/Window.js:579:19)
            at listOnTimeout (node:internal/timers:581:17)
            at processTimers (node:internal/timers:519:7),
        type: 'unhandled exception'
      }

      at VirtualConsole.<anonymous> (node_modules/.pnpm/@jest+environment-jsdom-abstract@30.0.4_jsdom@26.1.0/node_modules/@jest/environment-jsdom-abstract/build/index.js:78:23)
      at reportException (node_modules/.pnpm/jsdom@26.1.0/node_modules/jsdom/lib/jsdom/living/helpers/runtime-script-errors.js:70:28)
      at innerInvokeEventListeners (node_modules/.pnpm/jsdom@26.1.0/node_modules/jsdom/lib/jsdom/living/events/EventTarget-impl.js:353:9)
      at invokeEventListeners (node_modules/.pnpm/jsdom@26.1.0/node_modules/jsdom/lib/jsdom/living/events/EventTarget-impl.js:286:3)
      at HTMLUnknownElementImpl._dispatch (node_modules/.pnpm/jsdom@26.1.0/node_modules/jsdom/lib/jsdom/living/events/EventTarget-impl.js:233:9)
      at HTMLUnknownElementImpl.dispatchEvent (node_modules/.pnpm/jsdom@26.1.0/node_modules/jsdom/lib/jsdom/living/events/EventTarget-impl.js:104:17)
      at HTMLUnknownElement.dispatchEvent (node_modules/.pnpm/jsdom@26.1.0/node_modules/jsdom/lib/jsdom/living/generated/EventTarget.js:241:34)
      at Object.invokeGuardedCallbackDev (node_modules/.pnpm/react-dom@18.3.1_react@18.3.1/node_modules/react-dom/cjs/react-dom.development.js:4213:16)
      at invokeGuardedCallback (node_modules/.pnpm/react-dom@18.3.1_react@18.3.1/node_modules/react-dom/cjs/react-dom.development.js:4277:31)
      at beginWork$1 (node_modules/.pnpm/react-dom@18.3.1_react@18.3.1/node_modules/react-dom/cjs/react-dom.development.js:27490:7)
      at performUnitOfWork (node_modules/.pnpm/react-dom@18.3.1_react@18.3.1/node_modules/react-dom/cjs/react-dom.development.js:26599:12)
      at workLoopSync (node_modules/.pnpm/react-dom@18.3.1_react@18.3.1/node_modules/react-dom/cjs/react-dom.development.js:26505:5)
      at renderRootSync (node_modules/.pnpm/react-dom@18.3.1_react@18.3.1/node_modules/react-dom/cjs/react-dom.development.js:26473:7)
      at recoverFromConcurrentError (node_modules/.pnpm/react-dom@18.3.1_react@18.3.1/node_modules/react-dom/cjs/react-dom.development.js:25889:20)
      at performConcurrentWorkOnRoot (node_modules/.pnpm/react-dom@18.3.1_react@18.3.1/node_modules/react-dom/cjs/react-dom.development.js:25789:22)
      at workLoop (node_modules/.pnpm/scheduler@0.23.2/node_modules/scheduler/cjs/scheduler.development.js:266:34)
      at flushWork (node_modules/.pnpm/scheduler@0.23.2/node_modules/scheduler/cjs/scheduler.development.js:239:14)
      at performWorkUntilDeadline (node_modules/.pnpm/scheduler@0.23.2/node_modules/scheduler/cjs/scheduler.development.js:533:21)
      at Timeout.task [as _onTimeout] (node_modules/.pnpm/jsdom@26.1.0/node_modules/jsdom/lib/jsdom/browser/Window.js:579:19)

    console.error
      The above error occurred in the <AttendanceComparisonDashboard> component:
      
          at className (/Users/invoture/dev.local/hey-peter/src/components/admin/attendance/AttendanceComparisonDashboard.tsx:60:3)
      
      Consider adding an error boundary to your tree to customize error handling behavior.
      Visit https://reactjs.org/link/error-boundaries to learn more about error boundaries.

      at logCapturedError (node_modules/.pnpm/react-dom@18.3.1_react@18.3.1/node_modules/react-dom/cjs/react-dom.development.js:18704:23)
      at update.callback (node_modules/.pnpm/react-dom@18.3.1_react@18.3.1/node_modules/react-dom/cjs/react-dom.development.js:18737:5)
      at callCallback (node_modules/.pnpm/react-dom@18.3.1_react@18.3.1/node_modules/react-dom/cjs/react-dom.development.js:15036:12)
      at commitUpdateQueue (node_modules/.pnpm/react-dom@18.3.1_react@18.3.1/node_modules/react-dom/cjs/react-dom.development.js:15057:9)
      at commitLayoutEffectOnFiber (node_modules/.pnpm/react-dom@18.3.1_react@18.3.1/node_modules/react-dom/cjs/react-dom.development.js:23430:13)
      at commitLayoutMountEffects_complete (node_modules/.pnpm/react-dom@18.3.1_react@18.3.1/node_modules/react-dom/cjs/react-dom.development.js:24727:9)
      at commitLayoutEffects_begin (node_modules/.pnpm/react-dom@18.3.1_react@18.3.1/node_modules/react-dom/cjs/react-dom.development.js:24713:7)
      at commitLayoutEffects (node_modules/.pnpm/react-dom@18.3.1_react@18.3.1/node_modules/react-dom/cjs/react-dom.development.js:24651:3)
      at commitRootImpl (node_modules/.pnpm/react-dom@18.3.1_react@18.3.1/node_modules/react-dom/cjs/react-dom.development.js:26862:5)
      at commitRoot (node_modules/.pnpm/react-dom@18.3.1_react@18.3.1/node_modules/react-dom/cjs/react-dom.development.js:26721:5)
      at finishConcurrentRender (node_modules/.pnpm/react-dom@18.3.1_react@18.3.1/node_modules/react-dom/cjs/react-dom.development.js:25931:9)
      at performConcurrentWorkOnRoot (node_modules/.pnpm/react-dom@18.3.1_react@18.3.1/node_modules/react-dom/cjs/react-dom.development.js:25848:7)
      at workLoop (node_modules/.pnpm/scheduler@0.23.2/node_modules/scheduler/cjs/scheduler.development.js:266:34)
      at flushWork (node_modules/.pnpm/scheduler@0.23.2/node_modules/scheduler/cjs/scheduler.development.js:239:14)
      at performWorkUntilDeadline (node_modules/.pnpm/scheduler@0.23.2/node_modules/scheduler/cjs/scheduler.development.js:533:21)
      at Timeout.task [as _onTimeout] (node_modules/.pnpm/jsdom@26.1.0/node_modules/jsdom/lib/jsdom/browser/Window.js:579:19)

    console.error
      [Error: Uncaught [ReferenceError: Separator is not defined]] {
        detail: ReferenceError: Separator is not defined
            at Separator (/Users/invoture/dev.local/hey-peter/src/components/admin/attendance/AttendanceComparisonDashboard.tsx:573:16)
            at renderWithHooks (/Users/invoture/dev.local/hey-peter/node_modules/.pnpm/react-dom@18.3.1_react@18.3.1/node_modules/react-dom/cjs/react-dom.development.js:15486:18)
            at updateFunctionComponent (/Users/invoture/dev.local/hey-peter/node_modules/.pnpm/react-dom@18.3.1_react@18.3.1/node_modules/react-dom/cjs/react-dom.development.js:19617:20)
            at beginWork (/Users/invoture/dev.local/hey-peter/node_modules/.pnpm/react-dom@18.3.1_react@18.3.1/node_modules/react-dom/cjs/react-dom.development.js:21640:16)
            at beginWork$1 (/Users/invoture/dev.local/hey-peter/node_modules/.pnpm/react-dom@18.3.1_react@18.3.1/node_modules/react-dom/cjs/react-dom.development.js:27465:14)
            at performUnitOfWork (/Users/invoture/dev.local/hey-peter/node_modules/.pnpm/react-dom@18.3.1_react@18.3.1/node_modules/react-dom/cjs/react-dom.development.js:26599:12)
            at workLoopSync (/Users/invoture/dev.local/hey-peter/node_modules/.pnpm/react-dom@18.3.1_react@18.3.1/node_modules/react-dom/cjs/react-dom.development.js:26505:5)
            at renderRootSync (/Users/invoture/dev.local/hey-peter/node_modules/.pnpm/react-dom@18.3.1_react@18.3.1/node_modules/react-dom/cjs/react-dom.development.js:26473:7)
            at recoverFromConcurrentError (/Users/invoture/dev.local/hey-peter/node_modules/.pnpm/react-dom@18.3.1_react@18.3.1/node_modules/react-dom/cjs/react-dom.development.js:25889:20)
            at performConcurrentWorkOnRoot (/Users/invoture/dev.local/hey-peter/node_modules/.pnpm/react-dom@18.3.1_react@18.3.1/node_modules/react-dom/cjs/react-dom.development.js:25789:22)
            at workLoop (/Users/invoture/dev.local/hey-peter/node_modules/.pnpm/scheduler@0.23.2/node_modules/scheduler/cjs/scheduler.development.js:266:34)
            at flushWork (/Users/invoture/dev.local/hey-peter/node_modules/.pnpm/scheduler@0.23.2/node_modules/scheduler/cjs/scheduler.development.js:239:14)
            at performWorkUntilDeadline (/Users/invoture/dev.local/hey-peter/node_modules/.pnpm/scheduler@0.23.2/node_modules/scheduler/cjs/scheduler.development.js:533:21)
            at Timeout.task [as _onTimeout] (/Users/invoture/dev.local/hey-peter/node_modules/.pnpm/jsdom@26.1.0/node_modules/jsdom/lib/jsdom/browser/Window.js:579:19)
            at listOnTimeout (node:internal/timers:581:17)
            at processTimers (node:internal/timers:519:7),
        type: 'unhandled exception'
      }

      at VirtualConsole.<anonymous> (node_modules/.pnpm/@jest+environment-jsdom-abstract@30.0.4_jsdom@26.1.0/node_modules/@jest/environment-jsdom-abstract/build/index.js:78:23)
      at reportException (node_modules/.pnpm/jsdom@26.1.0/node_modules/jsdom/lib/jsdom/living/helpers/runtime-script-errors.js:70:28)
      at Timeout.task [as _onTimeout] (node_modules/.pnpm/jsdom@26.1.0/node_modules/jsdom/lib/jsdom/browser/Window.js:584:9)

    console.error
      [Error: Uncaught [ReferenceError: Separator is not defined]] {
        detail: ReferenceError: Separator is not defined
            at Separator (/Users/invoture/dev.local/hey-peter/src/components/admin/attendance/AttendanceComparisonDashboard.tsx:573:16)
            at renderWithHooks (/Users/invoture/dev.local/hey-peter/node_modules/.pnpm/react-dom@18.3.1_react@18.3.1/node_modules/react-dom/cjs/react-dom.development.js:15486:18)
            at updateFunctionComponent (/Users/invoture/dev.local/hey-peter/node_modules/.pnpm/react-dom@18.3.1_react@18.3.1/node_modules/react-dom/cjs/react-dom.development.js:19617:20)
            at beginWork (/Users/invoture/dev.local/hey-peter/node_modules/.pnpm/react-dom@18.3.1_react@18.3.1/node_modules/react-dom/cjs/react-dom.development.js:21640:16)
            at HTMLUnknownElement.callCallback (/Users/invoture/dev.local/hey-peter/node_modules/.pnpm/react-dom@18.3.1_react@18.3.1/node_modules/react-dom/cjs/react-dom.development.js:4164:14)
            at HTMLUnknownElement.callTheUserObjectsOperation (/Users/invoture/dev.local/hey-peter/node_modules/.pnpm/jsdom@26.1.0/node_modules/jsdom/lib/jsdom/living/generated/EventListener.js:26:30)
            at innerInvokeEventListeners (/Users/invoture/dev.local/hey-peter/node_modules/.pnpm/jsdom@26.1.0/node_modules/jsdom/lib/jsdom/living/events/EventTarget-impl.js:350:25)
            at invokeEventListeners (/Users/invoture/dev.local/hey-peter/node_modules/.pnpm/jsdom@26.1.0/node_modules/jsdom/lib/jsdom/living/events/EventTarget-impl.js:286:3)
            at HTMLUnknownElementImpl._dispatch (/Users/invoture/dev.local/hey-peter/node_modules/.pnpm/jsdom@26.1.0/node_modules/jsdom/lib/jsdom/living/events/EventTarget-impl.js:233:9)
            at HTMLUnknownElementImpl.dispatchEvent (/Users/invoture/dev.local/hey-peter/node_modules/.pnpm/jsdom@26.1.0/node_modules/jsdom/lib/jsdom/living/events/EventTarget-impl.js:104:17)
            at HTMLUnknownElement.dispatchEvent (/Users/invoture/dev.local/hey-peter/node_modules/.pnpm/jsdom@26.1.0/node_modules/jsdom/lib/jsdom/living/generated/EventTarget.js:241:34)
            at Object.invokeGuardedCallbackDev (/Users/invoture/dev.local/hey-peter/node_modules/.pnpm/react-dom@18.3.1_react@18.3.1/node_modules/react-dom/cjs/react-dom.development.js:4213:16)
            at invokeGuardedCallback (/Users/invoture/dev.local/hey-peter/node_modules/.pnpm/react-dom@18.3.1_react@18.3.1/node_modules/react-dom/cjs/react-dom.development.js:4277:31)
            at beginWork$1 (/Users/invoture/dev.local/hey-peter/node_modules/.pnpm/react-dom@18.3.1_react@18.3.1/node_modules/react-dom/cjs/react-dom.development.js:27490:7)
            at performUnitOfWork (/Users/invoture/dev.local/hey-peter/node_modules/.pnpm/react-dom@18.3.1_react@18.3.1/node_modules/react-dom/cjs/react-dom.development.js:26599:12)
            at workLoopSync (/Users/invoture/dev.local/hey-peter/node_modules/.pnpm/react-dom@18.3.1_react@18.3.1/node_modules/react-dom/cjs/react-dom.development.js:26505:5)
            at renderRootSync (/Users/invoture/dev.local/hey-peter/node_modules/.pnpm/react-dom@18.3.1_react@18.3.1/node_modules/react-dom/cjs/react-dom.development.js:26473:7)
            at performConcurrentWorkOnRoot (/Users/invoture/dev.local/hey-peter/node_modules/.pnpm/react-dom@18.3.1_react@18.3.1/node_modules/react-dom/cjs/react-dom.development.js:25777:74)
            at workLoop (/Users/invoture/dev.local/hey-peter/node_modules/.pnpm/scheduler@0.23.2/node_modules/scheduler/cjs/scheduler.development.js:266:34)
            at flushWork (/Users/invoture/dev.local/hey-peter/node_modules/.pnpm/scheduler@0.23.2/node_modules/scheduler/cjs/scheduler.development.js:239:14)
            at performWorkUntilDeadline (/Users/invoture/dev.local/hey-peter/node_modules/.pnpm/scheduler@0.23.2/node_modules/scheduler/cjs/scheduler.development.js:533:21)
            at Timeout.task [as _onTimeout] (/Users/invoture/dev.local/hey-peter/node_modules/.pnpm/jsdom@26.1.0/node_modules/jsdom/lib/jsdom/browser/Window.js:579:19)
            at listOnTimeout (node:internal/timers:581:17)
            at processTimers (node:internal/timers:519:7),
        type: 'unhandled exception'
      }

      at VirtualConsole.<anonymous> (node_modules/.pnpm/@jest+environment-jsdom-abstract@30.0.4_jsdom@26.1.0/node_modules/@jest/environment-jsdom-abstract/build/index.js:78:23)
      at reportException (node_modules/.pnpm/jsdom@26.1.0/node_modules/jsdom/lib/jsdom/living/helpers/runtime-script-errors.js:70:28)
      at innerInvokeEventListeners (node_modules/.pnpm/jsdom@26.1.0/node_modules/jsdom/lib/jsdom/living/events/EventTarget-impl.js:353:9)
      at invokeEventListeners (node_modules/.pnpm/jsdom@26.1.0/node_modules/jsdom/lib/jsdom/living/events/EventTarget-impl.js:286:3)
      at HTMLUnknownElementImpl._dispatch (node_modules/.pnpm/jsdom@26.1.0/node_modules/jsdom/lib/jsdom/living/events/EventTarget-impl.js:233:9)
      at HTMLUnknownElementImpl.dispatchEvent (node_modules/.pnpm/jsdom@26.1.0/node_modules/jsdom/lib/jsdom/living/events/EventTarget-impl.js:104:17)
      at HTMLUnknownElement.dispatchEvent (node_modules/.pnpm/jsdom@26.1.0/node_modules/jsdom/lib/jsdom/living/generated/EventTarget.js:241:34)
      at Object.invokeGuardedCallbackDev (node_modules/.pnpm/react-dom@18.3.1_react@18.3.1/node_modules/react-dom/cjs/react-dom.development.js:4213:16)
      at invokeGuardedCallback (node_modules/.pnpm/react-dom@18.3.1_react@18.3.1/node_modules/react-dom/cjs/react-dom.development.js:4277:31)
      at beginWork$1 (node_modules/.pnpm/react-dom@18.3.1_react@18.3.1/node_modules/react-dom/cjs/react-dom.development.js:27490:7)
      at performUnitOfWork (node_modules/.pnpm/react-dom@18.3.1_react@18.3.1/node_modules/react-dom/cjs/react-dom.development.js:26599:12)
      at workLoopSync (node_modules/.pnpm/react-dom@18.3.1_react@18.3.1/node_modules/react-dom/cjs/react-dom.development.js:26505:5)
      at renderRootSync (node_modules/.pnpm/react-dom@18.3.1_react@18.3.1/node_modules/react-dom/cjs/react-dom.development.js:26473:7)
      at performConcurrentWorkOnRoot (node_modules/.pnpm/react-dom@18.3.1_react@18.3.1/node_modules/react-dom/cjs/react-dom.development.js:25777:74)
      at workLoop (node_modules/.pnpm/scheduler@0.23.2/node_modules/scheduler/cjs/scheduler.development.js:266:34)
      at flushWork (node_modules/.pnpm/scheduler@0.23.2/node_modules/scheduler/cjs/scheduler.development.js:239:14)
      at performWorkUntilDeadline (node_modules/.pnpm/scheduler@0.23.2/node_modules/scheduler/cjs/scheduler.development.js:533:21)
      at Timeout.task [as _onTimeout] (node_modules/.pnpm/jsdom@26.1.0/node_modules/jsdom/lib/jsdom/browser/Window.js:579:19)

    console.error
      [Error: Uncaught [ReferenceError: Separator is not defined]] {
        detail: ReferenceError: Separator is not defined
            at Separator (/Users/invoture/dev.local/hey-peter/src/components/admin/attendance/AttendanceComparisonDashboard.tsx:573:16)
            at renderWithHooks (/Users/invoture/dev.local/hey-peter/node_modules/.pnpm/react-dom@18.3.1_react@18.3.1/node_modules/react-dom/cjs/react-dom.development.js:15486:18)
            at updateFunctionComponent (/Users/invoture/dev.local/hey-peter/node_modules/.pnpm/react-dom@18.3.1_react@18.3.1/node_modules/react-dom/cjs/react-dom.development.js:19617:20)
            at beginWork (/Users/invoture/dev.local/hey-peter/node_modules/.pnpm/react-dom@18.3.1_react@18.3.1/node_modules/react-dom/cjs/react-dom.development.js:21640:16)
            at HTMLUnknownElement.callCallback (/Users/invoture/dev.local/hey-peter/node_modules/.pnpm/react-dom@18.3.1_react@18.3.1/node_modules/react-dom/cjs/react-dom.development.js:4164:14)
            at HTMLUnknownElement.callTheUserObjectsOperation (/Users/invoture/dev.local/hey-peter/node_modules/.pnpm/jsdom@26.1.0/node_modules/jsdom/lib/jsdom/living/generated/EventListener.js:26:30)
            at innerInvokeEventListeners (/Users/invoture/dev.local/hey-peter/node_modules/.pnpm/jsdom@26.1.0/node_modules/jsdom/lib/jsdom/living/events/EventTarget-impl.js:350:25)
            at invokeEventListeners (/Users/invoture/dev.local/hey-peter/node_modules/.pnpm/jsdom@26.1.0/node_modules/jsdom/lib/jsdom/living/events/EventTarget-impl.js:286:3)
            at HTMLUnknownElementImpl._dispatch (/Users/invoture/dev.local/hey-peter/node_modules/.pnpm/jsdom@26.1.0/node_modules/jsdom/lib/jsdom/living/events/EventTarget-impl.js:233:9)
            at HTMLUnknownElementImpl.dispatchEvent (/Users/invoture/dev.local/hey-peter/node_modules/.pnpm/jsdom@26.1.0/node_modules/jsdom/lib/jsdom/living/events/EventTarget-impl.js:104:17)
            at HTMLUnknownElement.dispatchEvent (/Users/invoture/dev.local/hey-peter/node_modules/.pnpm/jsdom@26.1.0/node_modules/jsdom/lib/jsdom/living/generated/EventTarget.js:241:34)
            at Object.invokeGuardedCallbackDev (/Users/invoture/dev.local/hey-peter/node_modules/.pnpm/react-dom@18.3.1_react@18.3.1/node_modules/react-dom/cjs/react-dom.development.js:4213:16)
            at invokeGuardedCallback (/Users/invoture/dev.local/hey-peter/node_modules/.pnpm/react-dom@18.3.1_react@18.3.1/node_modules/react-dom/cjs/react-dom.development.js:4277:31)
            at beginWork$1 (/Users/invoture/dev.local/hey-peter/node_modules/.pnpm/react-dom@18.3.1_react@18.3.1/node_modules/react-dom/cjs/react-dom.development.js:27490:7)
            at performUnitOfWork (/Users/invoture/dev.local/hey-peter/node_modules/.pnpm/react-dom@18.3.1_react@18.3.1/node_modules/react-dom/cjs/react-dom.development.js:26599:12)
            at workLoopSync (/Users/invoture/dev.local/hey-peter/node_modules/.pnpm/react-dom@18.3.1_react@18.3.1/node_modules/react-dom/cjs/react-dom.development.js:26505:5)
            at renderRootSync (/Users/invoture/dev.local/hey-peter/node_modules/.pnpm/react-dom@18.3.1_react@18.3.1/node_modules/react-dom/cjs/react-dom.development.js:26473:7)
            at recoverFromConcurrentError (/Users/invoture/dev.local/hey-peter/node_modules/.pnpm/react-dom@18.3.1_react@18.3.1/node_modules/react-dom/cjs/react-dom.development.js:25889:20)
            at performConcurrentWorkOnRoot (/Users/invoture/dev.local/hey-peter/node_modules/.pnpm/react-dom@18.3.1_react@18.3.1/node_modules/react-dom/cjs/react-dom.development.js:25789:22)
            at workLoop (/Users/invoture/dev.local/hey-peter/node_modules/.pnpm/scheduler@0.23.2/node_modules/scheduler/cjs/scheduler.development.js:266:34)
            at flushWork (/Users/invoture/dev.local/hey-peter/node_modules/.pnpm/scheduler@0.23.2/node_modules/scheduler/cjs/scheduler.development.js:239:14)
            at performWorkUntilDeadline (/Users/invoture/dev.local/hey-peter/node_modules/.pnpm/scheduler@0.23.2/node_modules/scheduler/cjs/scheduler.development.js:533:21)
            at Timeout.task [as _onTimeout] (/Users/invoture/dev.local/hey-peter/node_modules/.pnpm/jsdom@26.1.0/node_modules/jsdom/lib/jsdom/browser/Window.js:579:19)
            at listOnTimeout (node:internal/timers:581:17)
            at processTimers (node:internal/timers:519:7),
        type: 'unhandled exception'
      }

      at VirtualConsole.<anonymous> (node_modules/.pnpm/@jest+environment-jsdom-abstract@30.0.4_jsdom@26.1.0/node_modules/@jest/environment-jsdom-abstract/build/index.js:78:23)
      at reportException (node_modules/.pnpm/jsdom@26.1.0/node_modules/jsdom/lib/jsdom/living/helpers/runtime-script-errors.js:70:28)
      at innerInvokeEventListeners (node_modules/.pnpm/jsdom@26.1.0/node_modules/jsdom/lib/jsdom/living/events/EventTarget-impl.js:353:9)
      at invokeEventListeners (node_modules/.pnpm/jsdom@26.1.0/node_modules/jsdom/lib/jsdom/living/events/EventTarget-impl.js:286:3)
      at HTMLUnknownElementImpl._dispatch (node_modules/.pnpm/jsdom@26.1.0/node_modules/jsdom/lib/jsdom/living/events/EventTarget-impl.js:233:9)
      at HTMLUnknownElementImpl.dispatchEvent (node_modules/.pnpm/jsdom@26.1.0/node_modules/jsdom/lib/jsdom/living/events/EventTarget-impl.js:104:17)
      at HTMLUnknownElement.dispatchEvent (node_modules/.pnpm/jsdom@26.1.0/node_modules/jsdom/lib/jsdom/living/generated/EventTarget.js:241:34)
      at Object.invokeGuardedCallbackDev (node_modules/.pnpm/react-dom@18.3.1_react@18.3.1/node_modules/react-dom/cjs/react-dom.development.js:4213:16)
      at invokeGuardedCallback (node_modules/.pnpm/react-dom@18.3.1_react@18.3.1/node_modules/react-dom/cjs/react-dom.development.js:4277:31)
      at beginWork$1 (node_modules/.pnpm/react-dom@18.3.1_react@18.3.1/node_modules/react-dom/cjs/react-dom.development.js:27490:7)
      at performUnitOfWork (node_modules/.pnpm/react-dom@18.3.1_react@18.3.1/node_modules/react-dom/cjs/react-dom.development.js:26599:12)
      at workLoopSync (node_modules/.pnpm/react-dom@18.3.1_react@18.3.1/node_modules/react-dom/cjs/react-dom.development.js:26505:5)
      at renderRootSync (node_modules/.pnpm/react-dom@18.3.1_react@18.3.1/node_modules/react-dom/cjs/react-dom.development.js:26473:7)
      at recoverFromConcurrentError (node_modules/.pnpm/react-dom@18.3.1_react@18.3.1/node_modules/react-dom/cjs/react-dom.development.js:25889:20)
      at performConcurrentWorkOnRoot (node_modules/.pnpm/react-dom@18.3.1_react@18.3.1/node_modules/react-dom/cjs/react-dom.development.js:25789:22)
      at workLoop (node_modules/.pnpm/scheduler@0.23.2/node_modules/scheduler/cjs/scheduler.development.js:266:34)
      at flushWork (node_modules/.pnpm/scheduler@0.23.2/node_modules/scheduler/cjs/scheduler.development.js:239:14)
      at performWorkUntilDeadline (node_modules/.pnpm/scheduler@0.23.2/node_modules/scheduler/cjs/scheduler.development.js:533:21)
      at Timeout.task [as _onTimeout] (node_modules/.pnpm/jsdom@26.1.0/node_modules/jsdom/lib/jsdom/browser/Window.js:579:19)

    console.error
      The above error occurred in the <AttendanceComparisonDashboard> component:
      
          at className (/Users/invoture/dev.local/hey-peter/src/components/admin/attendance/AttendanceComparisonDashboard.tsx:60:3)
      
      Consider adding an error boundary to your tree to customize error handling behavior.
      Visit https://reactjs.org/link/error-boundaries to learn more about error boundaries.

      at logCapturedError (node_modules/.pnpm/react-dom@18.3.1_react@18.3.1/node_modules/react-dom/cjs/react-dom.development.js:18704:23)
      at update.callback (node_modules/.pnpm/react-dom@18.3.1_react@18.3.1/node_modules/react-dom/cjs/react-dom.development.js:18737:5)
      at callCallback (node_modules/.pnpm/react-dom@18.3.1_react@18.3.1/node_modules/react-dom/cjs/react-dom.development.js:15036:12)
      at commitUpdateQueue (node_modules/.pnpm/react-dom@18.3.1_react@18.3.1/node_modules/react-dom/cjs/react-dom.development.js:15057:9)
      at commitLayoutEffectOnFiber (node_modules/.pnpm/react-dom@18.3.1_react@18.3.1/node_modules/react-dom/cjs/react-dom.development.js:23430:13)
      at commitLayoutMountEffects_complete (node_modules/.pnpm/react-dom@18.3.1_react@18.3.1/node_modules/react-dom/cjs/react-dom.development.js:24727:9)
      at commitLayoutEffects_begin (node_modules/.pnpm/react-dom@18.3.1_react@18.3.1/node_modules/react-dom/cjs/react-dom.development.js:24713:7)
      at commitLayoutEffects (node_modules/.pnpm/react-dom@18.3.1_react@18.3.1/node_modules/react-dom/cjs/react-dom.development.js:24651:3)
      at commitRootImpl (node_modules/.pnpm/react-dom@18.3.1_react@18.3.1/node_modules/react-dom/cjs/react-dom.development.js:26862:5)
      at commitRoot (node_modules/.pnpm/react-dom@18.3.1_react@18.3.1/node_modules/react-dom/cjs/react-dom.development.js:26721:5)
      at finishConcurrentRender (node_modules/.pnpm/react-dom@18.3.1_react@18.3.1/node_modules/react-dom/cjs/react-dom.development.js:25931:9)
      at performConcurrentWorkOnRoot (node_modules/.pnpm/react-dom@18.3.1_react@18.3.1/node_modules/react-dom/cjs/react-dom.development.js:25848:7)
      at workLoop (node_modules/.pnpm/scheduler@0.23.2/node_modules/scheduler/cjs/scheduler.development.js:266:34)
      at flushWork (node_modules/.pnpm/scheduler@0.23.2/node_modules/scheduler/cjs/scheduler.development.js:239:14)
      at performWorkUntilDeadline (node_modules/.pnpm/scheduler@0.23.2/node_modules/scheduler/cjs/scheduler.development.js:533:21)
      at Timeout.task [as _onTimeout] (node_modules/.pnpm/jsdom@26.1.0/node_modules/jsdom/lib/jsdom/browser/Window.js:579:19)

    console.error
      [Error: Uncaught [ReferenceError: Separator is not defined]] {
        detail: ReferenceError: Separator is not defined
            at Separator (/Users/invoture/dev.local/hey-peter/src/components/admin/attendance/AttendanceComparisonDashboard.tsx:573:16)
            at renderWithHooks (/Users/invoture/dev.local/hey-peter/node_modules/.pnpm/react-dom@18.3.1_react@18.3.1/node_modules/react-dom/cjs/react-dom.development.js:15486:18)
            at updateFunctionComponent (/Users/invoture/dev.local/hey-peter/node_modules/.pnpm/react-dom@18.3.1_react@18.3.1/node_modules/react-dom/cjs/react-dom.development.js:19617:20)
            at beginWork (/Users/invoture/dev.local/hey-peter/node_modules/.pnpm/react-dom@18.3.1_react@18.3.1/node_modules/react-dom/cjs/react-dom.development.js:21640:16)
            at beginWork$1 (/Users/invoture/dev.local/hey-peter/node_modules/.pnpm/react-dom@18.3.1_react@18.3.1/node_modules/react-dom/cjs/react-dom.development.js:27465:14)
            at performUnitOfWork (/Users/invoture/dev.local/hey-peter/node_modules/.pnpm/react-dom@18.3.1_react@18.3.1/node_modules/react-dom/cjs/react-dom.development.js:26599:12)
            at workLoopSync (/Users/invoture/dev.local/hey-peter/node_modules/.pnpm/react-dom@18.3.1_react@18.3.1/node_modules/react-dom/cjs/react-dom.development.js:26505:5)
            at renderRootSync (/Users/invoture/dev.local/hey-peter/node_modules/.pnpm/react-dom@18.3.1_react@18.3.1/node_modules/react-dom/cjs/react-dom.development.js:26473:7)
            at recoverFromConcurrentError (/Users/invoture/dev.local/hey-peter/node_modules/.pnpm/react-dom@18.3.1_react@18.3.1/node_modules/react-dom/cjs/react-dom.development.js:25889:20)
            at performConcurrentWorkOnRoot (/Users/invoture/dev.local/hey-peter/node_modules/.pnpm/react-dom@18.3.1_react@18.3.1/node_modules/react-dom/cjs/react-dom.development.js:25789:22)
            at workLoop (/Users/invoture/dev.local/hey-peter/node_modules/.pnpm/scheduler@0.23.2/node_modules/scheduler/cjs/scheduler.development.js:266:34)
            at flushWork (/Users/invoture/dev.local/hey-peter/node_modules/.pnpm/scheduler@0.23.2/node_modules/scheduler/cjs/scheduler.development.js:239:14)
            at performWorkUntilDeadline (/Users/invoture/dev.local/hey-peter/node_modules/.pnpm/scheduler@0.23.2/node_modules/scheduler/cjs/scheduler.development.js:533:21)
            at Timeout.task [as _onTimeout] (/Users/invoture/dev.local/hey-peter/node_modules/.pnpm/jsdom@26.1.0/node_modules/jsdom/lib/jsdom/browser/Window.js:579:19)
            at listOnTimeout (node:internal/timers:581:17)
            at processTimers (node:internal/timers:519:7),
        type: 'unhandled exception'
      }

      at VirtualConsole.<anonymous> (node_modules/.pnpm/@jest+environment-jsdom-abstract@30.0.4_jsdom@26.1.0/node_modules/@jest/environment-jsdom-abstract/build/index.js:78:23)
      at reportException (node_modules/.pnpm/jsdom@26.1.0/node_modules/jsdom/lib/jsdom/living/helpers/runtime-script-errors.js:70:28)
      at Timeout.task [as _onTimeout] (node_modules/.pnpm/jsdom@26.1.0/node_modules/jsdom/lib/jsdom/browser/Window.js:584:9)

    console.error
      [Error: Uncaught [ReferenceError: Separator is not defined]] {
        detail: ReferenceError: Separator is not defined
            at Separator (/Users/invoture/dev.local/hey-peter/src/components/admin/attendance/AttendanceComparisonDashboard.tsx:573:16)
            at renderWithHooks (/Users/invoture/dev.local/hey-peter/node_modules/.pnpm/react-dom@18.3.1_react@18.3.1/node_modules/react-dom/cjs/react-dom.development.js:15486:18)
            at updateFunctionComponent (/Users/invoture/dev.local/hey-peter/node_modules/.pnpm/react-dom@18.3.1_react@18.3.1/node_modules/react-dom/cjs/react-dom.development.js:19617:20)
            at beginWork (/Users/invoture/dev.local/hey-peter/node_modules/.pnpm/react-dom@18.3.1_react@18.3.1/node_modules/react-dom/cjs/react-dom.development.js:21640:16)
            at HTMLUnknownElement.callCallback (/Users/invoture/dev.local/hey-peter/node_modules/.pnpm/react-dom@18.3.1_react@18.3.1/node_modules/react-dom/cjs/react-dom.development.js:4164:14)
            at HTMLUnknownElement.callTheUserObjectsOperation (/Users/invoture/dev.local/hey-peter/node_modules/.pnpm/jsdom@26.1.0/node_modules/jsdom/lib/jsdom/living/generated/EventListener.js:26:30)
            at innerInvokeEventListeners (/Users/invoture/dev.local/hey-peter/node_modules/.pnpm/jsdom@26.1.0/node_modules/jsdom/lib/jsdom/living/events/EventTarget-impl.js:350:25)
            at invokeEventListeners (/Users/invoture/dev.local/hey-peter/node_modules/.pnpm/jsdom@26.1.0/node_modules/jsdom/lib/jsdom/living/events/EventTarget-impl.js:286:3)
            at HTMLUnknownElementImpl._dispatch (/Users/invoture/dev.local/hey-peter/node_modules/.pnpm/jsdom@26.1.0/node_modules/jsdom/lib/jsdom/living/events/EventTarget-impl.js:233:9)
            at HTMLUnknownElementImpl.dispatchEvent (/Users/invoture/dev.local/hey-peter/node_modules/.pnpm/jsdom@26.1.0/node_modules/jsdom/lib/jsdom/living/events/EventTarget-impl.js:104:17)
            at HTMLUnknownElement.dispatchEvent (/Users/invoture/dev.local/hey-peter/node_modules/.pnpm/jsdom@26.1.0/node_modules/jsdom/lib/jsdom/living/generated/EventTarget.js:241:34)
            at Object.invokeGuardedCallbackDev (/Users/invoture/dev.local/hey-peter/node_modules/.pnpm/react-dom@18.3.1_react@18.3.1/node_modules/react-dom/cjs/react-dom.development.js:4213:16)
            at invokeGuardedCallback (/Users/invoture/dev.local/hey-peter/node_modules/.pnpm/react-dom@18.3.1_react@18.3.1/node_modules/react-dom/cjs/react-dom.development.js:4277:31)
            at beginWork$1 (/Users/invoture/dev.local/hey-peter/node_modules/.pnpm/react-dom@18.3.1_react@18.3.1/node_modules/react-dom/cjs/react-dom.development.js:27490:7)
            at performUnitOfWork (/Users/invoture/dev.local/hey-peter/node_modules/.pnpm/react-dom@18.3.1_react@18.3.1/node_modules/react-dom/cjs/react-dom.development.js:26599:12)
            at workLoopSync (/Users/invoture/dev.local/hey-peter/node_modules/.pnpm/react-dom@18.3.1_react@18.3.1/node_modules/react-dom/cjs/react-dom.development.js:26505:5)
            at renderRootSync (/Users/invoture/dev.local/hey-peter/node_modules/.pnpm/react-dom@18.3.1_react@18.3.1/node_modules/react-dom/cjs/react-dom.development.js:26473:7)
            at performConcurrentWorkOnRoot (/Users/invoture/dev.local/hey-peter/node_modules/.pnpm/react-dom@18.3.1_react@18.3.1/node_modules/react-dom/cjs/react-dom.development.js:25777:74)
            at workLoop (/Users/invoture/dev.local/hey-peter/node_modules/.pnpm/scheduler@0.23.2/node_modules/scheduler/cjs/scheduler.development.js:266:34)
            at flushWork (/Users/invoture/dev.local/hey-peter/node_modules/.pnpm/scheduler@0.23.2/node_modules/scheduler/cjs/scheduler.development.js:239:14)
            at performWorkUntilDeadline (/Users/invoture/dev.local/hey-peter/node_modules/.pnpm/scheduler@0.23.2/node_modules/scheduler/cjs/scheduler.development.js:533:21)
            at Timeout.task [as _onTimeout] (/Users/invoture/dev.local/hey-peter/node_modules/.pnpm/jsdom@26.1.0/node_modules/jsdom/lib/jsdom/browser/Window.js:579:19)
            at listOnTimeout (node:internal/timers:581:17)
            at processTimers (node:internal/timers:519:7),
        type: 'unhandled exception'
      }

      at VirtualConsole.<anonymous> (node_modules/.pnpm/@jest+environment-jsdom-abstract@30.0.4_jsdom@26.1.0/node_modules/@jest/environment-jsdom-abstract/build/index.js:78:23)
      at reportException (node_modules/.pnpm/jsdom@26.1.0/node_modules/jsdom/lib/jsdom/living/helpers/runtime-script-errors.js:70:28)
      at innerInvokeEventListeners (node_modules/.pnpm/jsdom@26.1.0/node_modules/jsdom/lib/jsdom/living/events/EventTarget-impl.js:353:9)
      at invokeEventListeners (node_modules/.pnpm/jsdom@26.1.0/node_modules/jsdom/lib/jsdom/living/events/EventTarget-impl.js:286:3)
      at HTMLUnknownElementImpl._dispatch (node_modules/.pnpm/jsdom@26.1.0/node_modules/jsdom/lib/jsdom/living/events/EventTarget-impl.js:233:9)
      at HTMLUnknownElementImpl.dispatchEvent (node_modules/.pnpm/jsdom@26.1.0/node_modules/jsdom/lib/jsdom/living/events/EventTarget-impl.js:104:17)
      at HTMLUnknownElement.dispatchEvent (node_modules/.pnpm/jsdom@26.1.0/node_modules/jsdom/lib/jsdom/living/generated/EventTarget.js:241:34)
      at Object.invokeGuardedCallbackDev (node_modules/.pnpm/react-dom@18.3.1_react@18.3.1/node_modules/react-dom/cjs/react-dom.development.js:4213:16)
      at invokeGuardedCallback (node_modules/.pnpm/react-dom@18.3.1_react@18.3.1/node_modules/react-dom/cjs/react-dom.development.js:4277:31)
      at beginWork$1 (node_modules/.pnpm/react-dom@18.3.1_react@18.3.1/node_modules/react-dom/cjs/react-dom.development.js:27490:7)
      at performUnitOfWork (node_modules/.pnpm/react-dom@18.3.1_react@18.3.1/node_modules/react-dom/cjs/react-dom.development.js:26599:12)
      at workLoopSync (node_modules/.pnpm/react-dom@18.3.1_react@18.3.1/node_modules/react-dom/cjs/react-dom.development.js:26505:5)
      at renderRootSync (node_modules/.pnpm/react-dom@18.3.1_react@18.3.1/node_modules/react-dom/cjs/react-dom.development.js:26473:7)
      at performConcurrentWorkOnRoot (node_modules/.pnpm/react-dom@18.3.1_react@18.3.1/node_modules/react-dom/cjs/react-dom.development.js:25777:74)
      at workLoop (node_modules/.pnpm/scheduler@0.23.2/node_modules/scheduler/cjs/scheduler.development.js:266:34)
      at flushWork (node_modules/.pnpm/scheduler@0.23.2/node_modules/scheduler/cjs/scheduler.development.js:239:14)
      at performWorkUntilDeadline (node_modules/.pnpm/scheduler@0.23.2/node_modules/scheduler/cjs/scheduler.development.js:533:21)
      at Timeout.task [as _onTimeout] (node_modules/.pnpm/jsdom@26.1.0/node_modules/jsdom/lib/jsdom/browser/Window.js:579:19)

    console.error
      [Error: Uncaught [ReferenceError: Separator is not defined]] {
        detail: ReferenceError: Separator is not defined
            at Separator (/Users/invoture/dev.local/hey-peter/src/components/admin/attendance/AttendanceComparisonDashboard.tsx:573:16)
            at renderWithHooks (/Users/invoture/dev.local/hey-peter/node_modules/.pnpm/react-dom@18.3.1_react@18.3.1/node_modules/react-dom/cjs/react-dom.development.js:15486:18)
            at updateFunctionComponent (/Users/invoture/dev.local/hey-peter/node_modules/.pnpm/react-dom@18.3.1_react@18.3.1/node_modules/react-dom/cjs/react-dom.development.js:19617:20)
            at beginWork (/Users/invoture/dev.local/hey-peter/node_modules/.pnpm/react-dom@18.3.1_react@18.3.1/node_modules/react-dom/cjs/react-dom.development.js:21640:16)
            at HTMLUnknownElement.callCallback (/Users/invoture/dev.local/hey-peter/node_modules/.pnpm/react-dom@18.3.1_react@18.3.1/node_modules/react-dom/cjs/react-dom.development.js:4164:14)
            at HTMLUnknownElement.callTheUserObjectsOperation (/Users/invoture/dev.local/hey-peter/node_modules/.pnpm/jsdom@26.1.0/node_modules/jsdom/lib/jsdom/living/generated/EventListener.js:26:30)
            at innerInvokeEventListeners (/Users/invoture/dev.local/hey-peter/node_modules/.pnpm/jsdom@26.1.0/node_modules/jsdom/lib/jsdom/living/events/EventTarget-impl.js:350:25)
            at invokeEventListeners (/Users/invoture/dev.local/hey-peter/node_modules/.pnpm/jsdom@26.1.0/node_modules/jsdom/lib/jsdom/living/events/EventTarget-impl.js:286:3)
            at HTMLUnknownElementImpl._dispatch (/Users/invoture/dev.local/hey-peter/node_modules/.pnpm/jsdom@26.1.0/node_modules/jsdom/lib/jsdom/living/events/EventTarget-impl.js:233:9)
            at HTMLUnknownElementImpl.dispatchEvent (/Users/invoture/dev.local/hey-peter/node_modules/.pnpm/jsdom@26.1.0/node_modules/jsdom/lib/jsdom/living/events/EventTarget-impl.js:104:17)
            at HTMLUnknownElement.dispatchEvent (/Users/invoture/dev.local/hey-peter/node_modules/.pnpm/jsdom@26.1.0/node_modules/jsdom/lib/jsdom/living/generated/EventTarget.js:241:34)
            at Object.invokeGuardedCallbackDev (/Users/invoture/dev.local/hey-peter/node_modules/.pnpm/react-dom@18.3.1_react@18.3.1/node_modules/react-dom/cjs/react-dom.development.js:4213:16)
            at invokeGuardedCallback (/Users/invoture/dev.local/hey-peter/node_modules/.pnpm/react-dom@18.3.1_react@18.3.1/node_modules/react-dom/cjs/react-dom.development.js:4277:31)
            at beginWork$1 (/Users/invoture/dev.local/hey-peter/node_modules/.pnpm/react-dom@18.3.1_react@18.3.1/node_modules/react-dom/cjs/react-dom.development.js:27490:7)
            at performUnitOfWork (/Users/invoture/dev.local/hey-peter/node_modules/.pnpm/react-dom@18.3.1_react@18.3.1/node_modules/react-dom/cjs/react-dom.development.js:26599:12)
            at workLoopSync (/Users/invoture/dev.local/hey-peter/node_modules/.pnpm/react-dom@18.3.1_react@18.3.1/node_modules/react-dom/cjs/react-dom.development.js:26505:5)
            at renderRootSync (/Users/invoture/dev.local/hey-peter/node_modules/.pnpm/react-dom@18.3.1_react@18.3.1/node_modules/react-dom/cjs/react-dom.development.js:26473:7)
            at recoverFromConcurrentError (/Users/invoture/dev.local/hey-peter/node_modules/.pnpm/react-dom@18.3.1_react@18.3.1/node_modules/react-dom/cjs/react-dom.development.js:25889:20)
            at performConcurrentWorkOnRoot (/Users/invoture/dev.local/hey-peter/node_modules/.pnpm/react-dom@18.3.1_react@18.3.1/node_modules/react-dom/cjs/react-dom.development.js:25789:22)
            at workLoop (/Users/invoture/dev.local/hey-peter/node_modules/.pnpm/scheduler@0.23.2/node_modules/scheduler/cjs/scheduler.development.js:266:34)
            at flushWork (/Users/invoture/dev.local/hey-peter/node_modules/.pnpm/scheduler@0.23.2/node_modules/scheduler/cjs/scheduler.development.js:239:14)
            at performWorkUntilDeadline (/Users/invoture/dev.local/hey-peter/node_modules/.pnpm/scheduler@0.23.2/node_modules/scheduler/cjs/scheduler.development.js:533:21)
            at Timeout.task [as _onTimeout] (/Users/invoture/dev.local/hey-peter/node_modules/.pnpm/jsdom@26.1.0/node_modules/jsdom/lib/jsdom/browser/Window.js:579:19)
            at listOnTimeout (node:internal/timers:581:17)
            at processTimers (node:internal/timers:519:7),
        type: 'unhandled exception'
      }

      at VirtualConsole.<anonymous> (node_modules/.pnpm/@jest+environment-jsdom-abstract@30.0.4_jsdom@26.1.0/node_modules/@jest/environment-jsdom-abstract/build/index.js:78:23)
      at reportException (node_modules/.pnpm/jsdom@26.1.0/node_modules/jsdom/lib/jsdom/living/helpers/runtime-script-errors.js:70:28)
      at innerInvokeEventListeners (node_modules/.pnpm/jsdom@26.1.0/node_modules/jsdom/lib/jsdom/living/events/EventTarget-impl.js:353:9)
      at invokeEventListeners (node_modules/.pnpm/jsdom@26.1.0/node_modules/jsdom/lib/jsdom/living/events/EventTarget-impl.js:286:3)
      at HTMLUnknownElementImpl._dispatch (node_modules/.pnpm/jsdom@26.1.0/node_modules/jsdom/lib/jsdom/living/events/EventTarget-impl.js:233:9)
      at HTMLUnknownElementImpl.dispatchEvent (node_modules/.pnpm/jsdom@26.1.0/node_modules/jsdom/lib/jsdom/living/events/EventTarget-impl.js:104:17)
      at HTMLUnknownElement.dispatchEvent (node_modules/.pnpm/jsdom@26.1.0/node_modules/jsdom/lib/jsdom/living/generated/EventTarget.js:241:34)
      at Object.invokeGuardedCallbackDev (node_modules/.pnpm/react-dom@18.3.1_react@18.3.1/node_modules/react-dom/cjs/react-dom.development.js:4213:16)
      at invokeGuardedCallback (node_modules/.pnpm/react-dom@18.3.1_react@18.3.1/node_modules/react-dom/cjs/react-dom.development.js:4277:31)
      at beginWork$1 (node_modules/.pnpm/react-dom@18.3.1_react@18.3.1/node_modules/react-dom/cjs/react-dom.development.js:27490:7)
      at performUnitOfWork (node_modules/.pnpm/react-dom@18.3.1_react@18.3.1/node_modules/react-dom/cjs/react-dom.development.js:26599:12)
      at workLoopSync (node_modules/.pnpm/react-dom@18.3.1_react@18.3.1/node_modules/react-dom/cjs/react-dom.development.js:26505:5)
      at renderRootSync (node_modules/.pnpm/react-dom@18.3.1_react@18.3.1/node_modules/react-dom/cjs/react-dom.development.js:26473:7)
      at recoverFromConcurrentError (node_modules/.pnpm/react-dom@18.3.1_react@18.3.1/node_modules/react-dom/cjs/react-dom.development.js:25889:20)
      at performConcurrentWorkOnRoot (node_modules/.pnpm/react-dom@18.3.1_react@18.3.1/node_modules/react-dom/cjs/react-dom.development.js:25789:22)
      at workLoop (node_modules/.pnpm/scheduler@0.23.2/node_modules/scheduler/cjs/scheduler.development.js:266:34)
      at flushWork (node_modules/.pnpm/scheduler@0.23.2/node_modules/scheduler/cjs/scheduler.development.js:239:14)
      at performWorkUntilDeadline (node_modules/.pnpm/scheduler@0.23.2/node_modules/scheduler/cjs/scheduler.development.js:533:21)
      at Timeout.task [as _onTimeout] (node_modules/.pnpm/jsdom@26.1.0/node_modules/jsdom/lib/jsdom/browser/Window.js:579:19)

    console.error
      The above error occurred in the <AttendanceComparisonDashboard> component:
      
          at className (/Users/invoture/dev.local/hey-peter/src/components/admin/attendance/AttendanceComparisonDashboard.tsx:60:3)
      
      Consider adding an error boundary to your tree to customize error handling behavior.
      Visit https://reactjs.org/link/error-boundaries to learn more about error boundaries.

      at logCapturedError (node_modules/.pnpm/react-dom@18.3.1_react@18.3.1/node_modules/react-dom/cjs/react-dom.development.js:18704:23)
      at update.callback (node_modules/.pnpm/react-dom@18.3.1_react@18.3.1/node_modules/react-dom/cjs/react-dom.development.js:18737:5)
      at callCallback (node_modules/.pnpm/react-dom@18.3.1_react@18.3.1/node_modules/react-dom/cjs/react-dom.development.js:15036:12)
      at commitUpdateQueue (node_modules/.pnpm/react-dom@18.3.1_react@18.3.1/node_modules/react-dom/cjs/react-dom.development.js:15057:9)
      at commitLayoutEffectOnFiber (node_modules/.pnpm/react-dom@18.3.1_react@18.3.1/node_modules/react-dom/cjs/react-dom.development.js:23430:13)
      at commitLayoutMountEffects_complete (node_modules/.pnpm/react-dom@18.3.1_react@18.3.1/node_modules/react-dom/cjs/react-dom.development.js:24727:9)
      at commitLayoutEffects_begin (node_modules/.pnpm/react-dom@18.3.1_react@18.3.1/node_modules/react-dom/cjs/react-dom.development.js:24713:7)
      at commitLayoutEffects (node_modules/.pnpm/react-dom@18.3.1_react@18.3.1/node_modules/react-dom/cjs/react-dom.development.js:24651:3)
      at commitRootImpl (node_modules/.pnpm/react-dom@18.3.1_react@18.3.1/node_modules/react-dom/cjs/react-dom.development.js:26862:5)
      at commitRoot (node_modules/.pnpm/react-dom@18.3.1_react@18.3.1/node_modules/react-dom/cjs/react-dom.development.js:26721:5)
      at finishConcurrentRender (node_modules/.pnpm/react-dom@18.3.1_react@18.3.1/node_modules/react-dom/cjs/react-dom.development.js:25931:9)
      at performConcurrentWorkOnRoot (node_modules/.pnpm/react-dom@18.3.1_react@18.3.1/node_modules/react-dom/cjs/react-dom.development.js:25848:7)
      at workLoop (node_modules/.pnpm/scheduler@0.23.2/node_modules/scheduler/cjs/scheduler.development.js:266:34)
      at flushWork (node_modules/.pnpm/scheduler@0.23.2/node_modules/scheduler/cjs/scheduler.development.js:239:14)
      at performWorkUntilDeadline (node_modules/.pnpm/scheduler@0.23.2/node_modules/scheduler/cjs/scheduler.development.js:533:21)
      at Timeout.task [as _onTimeout] (node_modules/.pnpm/jsdom@26.1.0/node_modules/jsdom/lib/jsdom/browser/Window.js:579:19)

    console.error
      [Error: Uncaught [ReferenceError: Separator is not defined]] {
        detail: ReferenceError: Separator is not defined
            at Separator (/Users/invoture/dev.local/hey-peter/src/components/admin/attendance/AttendanceComparisonDashboard.tsx:573:16)
            at renderWithHooks (/Users/invoture/dev.local/hey-peter/node_modules/.pnpm/react-dom@18.3.1_react@18.3.1/node_modules/react-dom/cjs/react-dom.development.js:15486:18)
            at updateFunctionComponent (/Users/invoture/dev.local/hey-peter/node_modules/.pnpm/react-dom@18.3.1_react@18.3.1/node_modules/react-dom/cjs/react-dom.development.js:19617:20)
            at beginWork (/Users/invoture/dev.local/hey-peter/node_modules/.pnpm/react-dom@18.3.1_react@18.3.1/node_modules/react-dom/cjs/react-dom.development.js:21640:16)
            at beginWork$1 (/Users/invoture/dev.local/hey-peter/node_modules/.pnpm/react-dom@18.3.1_react@18.3.1/node_modules/react-dom/cjs/react-dom.development.js:27465:14)
            at performUnitOfWork (/Users/invoture/dev.local/hey-peter/node_modules/.pnpm/react-dom@18.3.1_react@18.3.1/node_modules/react-dom/cjs/react-dom.development.js:26599:12)
            at workLoopSync (/Users/invoture/dev.local/hey-peter/node_modules/.pnpm/react-dom@18.3.1_react@18.3.1/node_modules/react-dom/cjs/react-dom.development.js:26505:5)
            at renderRootSync (/Users/invoture/dev.local/hey-peter/node_modules/.pnpm/react-dom@18.3.1_react@18.3.1/node_modules/react-dom/cjs/react-dom.development.js:26473:7)
            at recoverFromConcurrentError (/Users/invoture/dev.local/hey-peter/node_modules/.pnpm/react-dom@18.3.1_react@18.3.1/node_modules/react-dom/cjs/react-dom.development.js:25889:20)
            at performConcurrentWorkOnRoot (/Users/invoture/dev.local/hey-peter/node_modules/.pnpm/react-dom@18.3.1_react@18.3.1/node_modules/react-dom/cjs/react-dom.development.js:25789:22)
            at workLoop (/Users/invoture/dev.local/hey-peter/node_modules/.pnpm/scheduler@0.23.2/node_modules/scheduler/cjs/scheduler.development.js:266:34)
            at flushWork (/Users/invoture/dev.local/hey-peter/node_modules/.pnpm/scheduler@0.23.2/node_modules/scheduler/cjs/scheduler.development.js:239:14)
            at performWorkUntilDeadline (/Users/invoture/dev.local/hey-peter/node_modules/.pnpm/scheduler@0.23.2/node_modules/scheduler/cjs/scheduler.development.js:533:21)
            at Timeout.task [as _onTimeout] (/Users/invoture/dev.local/hey-peter/node_modules/.pnpm/jsdom@26.1.0/node_modules/jsdom/lib/jsdom/browser/Window.js:579:19)
            at listOnTimeout (node:internal/timers:581:17)
            at processTimers (node:internal/timers:519:7),
        type: 'unhandled exception'
      }

      at VirtualConsole.<anonymous> (node_modules/.pnpm/@jest+environment-jsdom-abstract@30.0.4_jsdom@26.1.0/node_modules/@jest/environment-jsdom-abstract/build/index.js:78:23)
      at reportException (node_modules/.pnpm/jsdom@26.1.0/node_modules/jsdom/lib/jsdom/living/helpers/runtime-script-errors.js:70:28)
      at Timeout.task [as _onTimeout] (node_modules/.pnpm/jsdom@26.1.0/node_modules/jsdom/lib/jsdom/browser/Window.js:584:9)

    console.error
      [Error: Uncaught [ReferenceError: Separator is not defined]] {
        detail: ReferenceError: Separator is not defined
            at Separator (/Users/invoture/dev.local/hey-peter/src/components/admin/attendance/AttendanceComparisonDashboard.tsx:573:16)
            at renderWithHooks (/Users/invoture/dev.local/hey-peter/node_modules/.pnpm/react-dom@18.3.1_react@18.3.1/node_modules/react-dom/cjs/react-dom.development.js:15486:18)
            at updateFunctionComponent (/Users/invoture/dev.local/hey-peter/node_modules/.pnpm/react-dom@18.3.1_react@18.3.1/node_modules/react-dom/cjs/react-dom.development.js:19617:20)
            at beginWork (/Users/invoture/dev.local/hey-peter/node_modules/.pnpm/react-dom@18.3.1_react@18.3.1/node_modules/react-dom/cjs/react-dom.development.js:21640:16)
            at HTMLUnknownElement.callCallback (/Users/invoture/dev.local/hey-peter/node_modules/.pnpm/react-dom@18.3.1_react@18.3.1/node_modules/react-dom/cjs/react-dom.development.js:4164:14)
            at HTMLUnknownElement.callTheUserObjectsOperation (/Users/invoture/dev.local/hey-peter/node_modules/.pnpm/jsdom@26.1.0/node_modules/jsdom/lib/jsdom/living/generated/EventListener.js:26:30)
            at innerInvokeEventListeners (/Users/invoture/dev.local/hey-peter/node_modules/.pnpm/jsdom@26.1.0/node_modules/jsdom/lib/jsdom/living/events/EventTarget-impl.js:350:25)
            at invokeEventListeners (/Users/invoture/dev.local/hey-peter/node_modules/.pnpm/jsdom@26.1.0/node_modules/jsdom/lib/jsdom/living/events/EventTarget-impl.js:286:3)
            at HTMLUnknownElementImpl._dispatch (/Users/invoture/dev.local/hey-peter/node_modules/.pnpm/jsdom@26.1.0/node_modules/jsdom/lib/jsdom/living/events/EventTarget-impl.js:233:9)
            at HTMLUnknownElementImpl.dispatchEvent (/Users/invoture/dev.local/hey-peter/node_modules/.pnpm/jsdom@26.1.0/node_modules/jsdom/lib/jsdom/living/events/EventTarget-impl.js:104:17)
            at HTMLUnknownElement.dispatchEvent (/Users/invoture/dev.local/hey-peter/node_modules/.pnpm/jsdom@26.1.0/node_modules/jsdom/lib/jsdom/living/generated/EventTarget.js:241:34)
            at Object.invokeGuardedCallbackDev (/Users/invoture/dev.local/hey-peter/node_modules/.pnpm/react-dom@18.3.1_react@18.3.1/node_modules/react-dom/cjs/react-dom.development.js:4213:16)
            at invokeGuardedCallback (/Users/invoture/dev.local/hey-peter/node_modules/.pnpm/react-dom@18.3.1_react@18.3.1/node_modules/react-dom/cjs/react-dom.development.js:4277:31)
            at beginWork$1 (/Users/invoture/dev.local/hey-peter/node_modules/.pnpm/react-dom@18.3.1_react@18.3.1/node_modules/react-dom/cjs/react-dom.development.js:27490:7)
            at performUnitOfWork (/Users/invoture/dev.local/hey-peter/node_modules/.pnpm/react-dom@18.3.1_react@18.3.1/node_modules/react-dom/cjs/react-dom.development.js:26599:12)
            at workLoopSync (/Users/invoture/dev.local/hey-peter/node_modules/.pnpm/react-dom@18.3.1_react@18.3.1/node_modules/react-dom/cjs/react-dom.development.js:26505:5)
            at renderRootSync (/Users/invoture/dev.local/hey-peter/node_modules/.pnpm/react-dom@18.3.1_react@18.3.1/node_modules/react-dom/cjs/react-dom.development.js:26473:7)
            at performConcurrentWorkOnRoot (/Users/invoture/dev.local/hey-peter/node_modules/.pnpm/react-dom@18.3.1_react@18.3.1/node_modules/react-dom/cjs/react-dom.development.js:25777:74)
            at workLoop (/Users/invoture/dev.local/hey-peter/node_modules/.pnpm/scheduler@0.23.2/node_modules/scheduler/cjs/scheduler.development.js:266:34)
            at flushWork (/Users/invoture/dev.local/hey-peter/node_modules/.pnpm/scheduler@0.23.2/node_modules/scheduler/cjs/scheduler.development.js:239:14)
            at performWorkUntilDeadline (/Users/invoture/dev.local/hey-peter/node_modules/.pnpm/scheduler@0.23.2/node_modules/scheduler/cjs/scheduler.development.js:533:21)
            at Timeout.task [as _onTimeout] (/Users/invoture/dev.local/hey-peter/node_modules/.pnpm/jsdom@26.1.0/node_modules/jsdom/lib/jsdom/browser/Window.js:579:19)
            at listOnTimeout (node:internal/timers:581:17)
            at processTimers (node:internal/timers:519:7),
        type: 'unhandled exception'
      }

      at VirtualConsole.<anonymous> (node_modules/.pnpm/@jest+environment-jsdom-abstract@30.0.4_jsdom@26.1.0/node_modules/@jest/environment-jsdom-abstract/build/index.js:78:23)
      at reportException (node_modules/.pnpm/jsdom@26.1.0/node_modules/jsdom/lib/jsdom/living/helpers/runtime-script-errors.js:70:28)
      at innerInvokeEventListeners (node_modules/.pnpm/jsdom@26.1.0/node_modules/jsdom/lib/jsdom/living/events/EventTarget-impl.js:353:9)
      at invokeEventListeners (node_modules/.pnpm/jsdom@26.1.0/node_modules/jsdom/lib/jsdom/living/events/EventTarget-impl.js:286:3)
      at HTMLUnknownElementImpl._dispatch (node_modules/.pnpm/jsdom@26.1.0/node_modules/jsdom/lib/jsdom/living/events/EventTarget-impl.js:233:9)
      at HTMLUnknownElementImpl.dispatchEvent (node_modules/.pnpm/jsdom@26.1.0/node_modules/jsdom/lib/jsdom/living/events/EventTarget-impl.js:104:17)
      at HTMLUnknownElement.dispatchEvent (node_modules/.pnpm/jsdom@26.1.0/node_modules/jsdom/lib/jsdom/living/generated/EventTarget.js:241:34)
      at Object.invokeGuardedCallbackDev (node_modules/.pnpm/react-dom@18.3.1_react@18.3.1/node_modules/react-dom/cjs/react-dom.development.js:4213:16)
      at invokeGuardedCallback (node_modules/.pnpm/react-dom@18.3.1_react@18.3.1/node_modules/react-dom/cjs/react-dom.development.js:4277:31)
      at beginWork$1 (node_modules/.pnpm/react-dom@18.3.1_react@18.3.1/node_modules/react-dom/cjs/react-dom.development.js:27490:7)
      at performUnitOfWork (node_modules/.pnpm/react-dom@18.3.1_react@18.3.1/node_modules/react-dom/cjs/react-dom.development.js:26599:12)
      at workLoopSync (node_modules/.pnpm/react-dom@18.3.1_react@18.3.1/node_modules/react-dom/cjs/react-dom.development.js:26505:5)
      at renderRootSync (node_modules/.pnpm/react-dom@18.3.1_react@18.3.1/node_modules/react-dom/cjs/react-dom.development.js:26473:7)
      at performConcurrentWorkOnRoot (node_modules/.pnpm/react-dom@18.3.1_react@18.3.1/node_modules/react-dom/cjs/react-dom.development.js:25777:74)
      at workLoop (node_modules/.pnpm/scheduler@0.23.2/node_modules/scheduler/cjs/scheduler.development.js:266:34)
      at flushWork (node_modules/.pnpm/scheduler@0.23.2/node_modules/scheduler/cjs/scheduler.development.js:239:14)
      at performWorkUntilDeadline (node_modules/.pnpm/scheduler@0.23.2/node_modules/scheduler/cjs/scheduler.development.js:533:21)
      at Timeout.task [as _onTimeout] (node_modules/.pnpm/jsdom@26.1.0/node_modules/jsdom/lib/jsdom/browser/Window.js:579:19)

    console.error
      [Error: Uncaught [ReferenceError: Separator is not defined]] {
        detail: ReferenceError: Separator is not defined
            at Separator (/Users/invoture/dev.local/hey-peter/src/components/admin/attendance/AttendanceComparisonDashboard.tsx:573:16)
            at renderWithHooks (/Users/invoture/dev.local/hey-peter/node_modules/.pnpm/react-dom@18.3.1_react@18.3.1/node_modules/react-dom/cjs/react-dom.development.js:15486:18)
            at updateFunctionComponent (/Users/invoture/dev.local/hey-peter/node_modules/.pnpm/react-dom@18.3.1_react@18.3.1/node_modules/react-dom/cjs/react-dom.development.js:19617:20)
            at beginWork (/Users/invoture/dev.local/hey-peter/node_modules/.pnpm/react-dom@18.3.1_react@18.3.1/node_modules/react-dom/cjs/react-dom.development.js:21640:16)
            at HTMLUnknownElement.callCallback (/Users/invoture/dev.local/hey-peter/node_modules/.pnpm/react-dom@18.3.1_react@18.3.1/node_modules/react-dom/cjs/react-dom.development.js:4164:14)
            at HTMLUnknownElement.callTheUserObjectsOperation (/Users/invoture/dev.local/hey-peter/node_modules/.pnpm/jsdom@26.1.0/node_modules/jsdom/lib/jsdom/living/generated/EventListener.js:26:30)
            at innerInvokeEventListeners (/Users/invoture/dev.local/hey-peter/node_modules/.pnpm/jsdom@26.1.0/node_modules/jsdom/lib/jsdom/living/events/EventTarget-impl.js:350:25)
            at invokeEventListeners (/Users/invoture/dev.local/hey-peter/node_modules/.pnpm/jsdom@26.1.0/node_modules/jsdom/lib/jsdom/living/events/EventTarget-impl.js:286:3)
            at HTMLUnknownElementImpl._dispatch (/Users/invoture/dev.local/hey-peter/node_modules/.pnpm/jsdom@26.1.0/node_modules/jsdom/lib/jsdom/living/events/EventTarget-impl.js:233:9)
            at HTMLUnknownElementImpl.dispatchEvent (/Users/invoture/dev.local/hey-peter/node_modules/.pnpm/jsdom@26.1.0/node_modules/jsdom/lib/jsdom/living/events/EventTarget-impl.js:104:17)
            at HTMLUnknownElement.dispatchEvent (/Users/invoture/dev.local/hey-peter/node_modules/.pnpm/jsdom@26.1.0/node_modules/jsdom/lib/jsdom/living/generated/EventTarget.js:241:34)
            at Object.invokeGuardedCallbackDev (/Users/invoture/dev.local/hey-peter/node_modules/.pnpm/react-dom@18.3.1_react@18.3.1/node_modules/react-dom/cjs/react-dom.development.js:4213:16)
            at invokeGuardedCallback (/Users/invoture/dev.local/hey-peter/node_modules/.pnpm/react-dom@18.3.1_react@18.3.1/node_modules/react-dom/cjs/react-dom.development.js:4277:31)
            at beginWork$1 (/Users/invoture/dev.local/hey-peter/node_modules/.pnpm/react-dom@18.3.1_react@18.3.1/node_modules/react-dom/cjs/react-dom.development.js:27490:7)
            at performUnitOfWork (/Users/invoture/dev.local/hey-peter/node_modules/.pnpm/react-dom@18.3.1_react@18.3.1/node_modules/react-dom/cjs/react-dom.development.js:26599:12)
            at workLoopSync (/Users/invoture/dev.local/hey-peter/node_modules/.pnpm/react-dom@18.3.1_react@18.3.1/node_modules/react-dom/cjs/react-dom.development.js:26505:5)
            at renderRootSync (/Users/invoture/dev.local/hey-peter/node_modules/.pnpm/react-dom@18.3.1_react@18.3.1/node_modules/react-dom/cjs/react-dom.development.js:26473:7)
            at recoverFromConcurrentError (/Users/invoture/dev.local/hey-peter/node_modules/.pnpm/react-dom@18.3.1_react@18.3.1/node_modules/react-dom/cjs/react-dom.development.js:25889:20)
            at performConcurrentWorkOnRoot (/Users/invoture/dev.local/hey-peter/node_modules/.pnpm/react-dom@18.3.1_react@18.3.1/node_modules/react-dom/cjs/react-dom.development.js:25789:22)
            at workLoop (/Users/invoture/dev.local/hey-peter/node_modules/.pnpm/scheduler@0.23.2/node_modules/scheduler/cjs/scheduler.development.js:266:34)
            at flushWork (/Users/invoture/dev.local/hey-peter/node_modules/.pnpm/scheduler@0.23.2/node_modules/scheduler/cjs/scheduler.development.js:239:14)
            at performWorkUntilDeadline (/Users/invoture/dev.local/hey-peter/node_modules/.pnpm/scheduler@0.23.2/node_modules/scheduler/cjs/scheduler.development.js:533:21)
            at Timeout.task [as _onTimeout] (/Users/invoture/dev.local/hey-peter/node_modules/.pnpm/jsdom@26.1.0/node_modules/jsdom/lib/jsdom/browser/Window.js:579:19)
            at listOnTimeout (node:internal/timers:581:17)
            at processTimers (node:internal/timers:519:7),
        type: 'unhandled exception'
      }

      at VirtualConsole.<anonymous> (node_modules/.pnpm/@jest+environment-jsdom-abstract@30.0.4_jsdom@26.1.0/node_modules/@jest/environment-jsdom-abstract/build/index.js:78:23)
      at reportException (node_modules/.pnpm/jsdom@26.1.0/node_modules/jsdom/lib/jsdom/living/helpers/runtime-script-errors.js:70:28)
      at innerInvokeEventListeners (node_modules/.pnpm/jsdom@26.1.0/node_modules/jsdom/lib/jsdom/living/events/EventTarget-impl.js:353:9)
      at invokeEventListeners (node_modules/.pnpm/jsdom@26.1.0/node_modules/jsdom/lib/jsdom/living/events/EventTarget-impl.js:286:3)
      at HTMLUnknownElementImpl._dispatch (node_modules/.pnpm/jsdom@26.1.0/node_modules/jsdom/lib/jsdom/living/events/EventTarget-impl.js:233:9)
      at HTMLUnknownElementImpl.dispatchEvent (node_modules/.pnpm/jsdom@26.1.0/node_modules/jsdom/lib/jsdom/living/events/EventTarget-impl.js:104:17)
      at HTMLUnknownElement.dispatchEvent (node_modules/.pnpm/jsdom@26.1.0/node_modules/jsdom/lib/jsdom/living/generated/EventTarget.js:241:34)
      at Object.invokeGuardedCallbackDev (node_modules/.pnpm/react-dom@18.3.1_react@18.3.1/node_modules/react-dom/cjs/react-dom.development.js:4213:16)
      at invokeGuardedCallback (node_modules/.pnpm/react-dom@18.3.1_react@18.3.1/node_modules/react-dom/cjs/react-dom.development.js:4277:31)
      at beginWork$1 (node_modules/.pnpm/react-dom@18.3.1_react@18.3.1/node_modules/react-dom/cjs/react-dom.development.js:27490:7)
      at performUnitOfWork (node_modules/.pnpm/react-dom@18.3.1_react@18.3.1/node_modules/react-dom/cjs/react-dom.development.js:26599:12)
      at workLoopSync (node_modules/.pnpm/react-dom@18.3.1_react@18.3.1/node_modules/react-dom/cjs/react-dom.development.js:26505:5)
      at renderRootSync (node_modules/.pnpm/react-dom@18.3.1_react@18.3.1/node_modules/react-dom/cjs/react-dom.development.js:26473:7)
      at recoverFromConcurrentError (node_modules/.pnpm/react-dom@18.3.1_react@18.3.1/node_modules/react-dom/cjs/react-dom.development.js:25889:20)
      at performConcurrentWorkOnRoot (node_modules/.pnpm/react-dom@18.3.1_react@18.3.1/node_modules/react-dom/cjs/react-dom.development.js:25789:22)
      at workLoop (node_modules/.pnpm/scheduler@0.23.2/node_modules/scheduler/cjs/scheduler.development.js:266:34)
      at flushWork (node_modules/.pnpm/scheduler@0.23.2/node_modules/scheduler/cjs/scheduler.development.js:239:14)
      at performWorkUntilDeadline (node_modules/.pnpm/scheduler@0.23.2/node_modules/scheduler/cjs/scheduler.development.js:533:21)
      at Timeout.task [as _onTimeout] (node_modules/.pnpm/jsdom@26.1.0/node_modules/jsdom/lib/jsdom/browser/Window.js:579:19)

    console.error
      The above error occurred in the <AttendanceComparisonDashboard> component:
      
          at className (/Users/invoture/dev.local/hey-peter/src/components/admin/attendance/AttendanceComparisonDashboard.tsx:60:3)
      
      Consider adding an error boundary to your tree to customize error handling behavior.
      Visit https://reactjs.org/link/error-boundaries to learn more about error boundaries.

      at logCapturedError (node_modules/.pnpm/react-dom@18.3.1_react@18.3.1/node_modules/react-dom/cjs/react-dom.development.js:18704:23)
      at update.callback (node_modules/.pnpm/react-dom@18.3.1_react@18.3.1/node_modules/react-dom/cjs/react-dom.development.js:18737:5)
      at callCallback (node_modules/.pnpm/react-dom@18.3.1_react@18.3.1/node_modules/react-dom/cjs/react-dom.development.js:15036:12)
      at commitUpdateQueue (node_modules/.pnpm/react-dom@18.3.1_react@18.3.1/node_modules/react-dom/cjs/react-dom.development.js:15057:9)
      at commitLayoutEffectOnFiber (node_modules/.pnpm/react-dom@18.3.1_react@18.3.1/node_modules/react-dom/cjs/react-dom.development.js:23430:13)
      at commitLayoutMountEffects_complete (node_modules/.pnpm/react-dom@18.3.1_react@18.3.1/node_modules/react-dom/cjs/react-dom.development.js:24727:9)
      at commitLayoutEffects_begin (node_modules/.pnpm/react-dom@18.3.1_react@18.3.1/node_modules/react-dom/cjs/react-dom.development.js:24713:7)
      at commitLayoutEffects (node_modules/.pnpm/react-dom@18.3.1_react@18.3.1/node_modules/react-dom/cjs/react-dom.development.js:24651:3)
      at commitRootImpl (node_modules/.pnpm/react-dom@18.3.1_react@18.3.1/node_modules/react-dom/cjs/react-dom.development.js:26862:5)
      at commitRoot (node_modules/.pnpm/react-dom@18.3.1_react@18.3.1/node_modules/react-dom/cjs/react-dom.development.js:26721:5)
      at finishConcurrentRender (node_modules/.pnpm/react-dom@18.3.1_react@18.3.1/node_modules/react-dom/cjs/react-dom.development.js:25931:9)
      at performConcurrentWorkOnRoot (node_modules/.pnpm/react-dom@18.3.1_react@18.3.1/node_modules/react-dom/cjs/react-dom.development.js:25848:7)
      at workLoop (node_modules/.pnpm/scheduler@0.23.2/node_modules/scheduler/cjs/scheduler.development.js:266:34)
      at flushWork (node_modules/.pnpm/scheduler@0.23.2/node_modules/scheduler/cjs/scheduler.development.js:239:14)
      at performWorkUntilDeadline (node_modules/.pnpm/scheduler@0.23.2/node_modules/scheduler/cjs/scheduler.development.js:533:21)
      at Timeout.task [as _onTimeout] (node_modules/.pnpm/jsdom@26.1.0/node_modules/jsdom/lib/jsdom/browser/Window.js:579:19)

    console.error
      [Error: Uncaught [ReferenceError: Separator is not defined]] {
        detail: ReferenceError: Separator is not defined
            at Separator (/Users/invoture/dev.local/hey-peter/src/components/admin/attendance/AttendanceComparisonDashboard.tsx:573:16)
            at renderWithHooks (/Users/invoture/dev.local/hey-peter/node_modules/.pnpm/react-dom@18.3.1_react@18.3.1/node_modules/react-dom/cjs/react-dom.development.js:15486:18)
            at updateFunctionComponent (/Users/invoture/dev.local/hey-peter/node_modules/.pnpm/react-dom@18.3.1_react@18.3.1/node_modules/react-dom/cjs/react-dom.development.js:19617:20)
            at beginWork (/Users/invoture/dev.local/hey-peter/node_modules/.pnpm/react-dom@18.3.1_react@18.3.1/node_modules/react-dom/cjs/react-dom.development.js:21640:16)
            at beginWork$1 (/Users/invoture/dev.local/hey-peter/node_modules/.pnpm/react-dom@18.3.1_react@18.3.1/node_modules/react-dom/cjs/react-dom.development.js:27465:14)
            at performUnitOfWork (/Users/invoture/dev.local/hey-peter/node_modules/.pnpm/react-dom@18.3.1_react@18.3.1/node_modules/react-dom/cjs/react-dom.development.js:26599:12)
            at workLoopSync (/Users/invoture/dev.local/hey-peter/node_modules/.pnpm/react-dom@18.3.1_react@18.3.1/node_modules/react-dom/cjs/react-dom.development.js:26505:5)
            at renderRootSync (/Users/invoture/dev.local/hey-peter/node_modules/.pnpm/react-dom@18.3.1_react@18.3.1/node_modules/react-dom/cjs/react-dom.development.js:26473:7)
            at recoverFromConcurrentError (/Users/invoture/dev.local/hey-peter/node_modules/.pnpm/react-dom@18.3.1_react@18.3.1/node_modules/react-dom/cjs/react-dom.development.js:25889:20)
            at performConcurrentWorkOnRoot (/Users/invoture/dev.local/hey-peter/node_modules/.pnpm/react-dom@18.3.1_react@18.3.1/node_modules/react-dom/cjs/react-dom.development.js:25789:22)
            at workLoop (/Users/invoture/dev.local/hey-peter/node_modules/.pnpm/scheduler@0.23.2/node_modules/scheduler/cjs/scheduler.development.js:266:34)
            at flushWork (/Users/invoture/dev.local/hey-peter/node_modules/.pnpm/scheduler@0.23.2/node_modules/scheduler/cjs/scheduler.development.js:239:14)
            at performWorkUntilDeadline (/Users/invoture/dev.local/hey-peter/node_modules/.pnpm/scheduler@0.23.2/node_modules/scheduler/cjs/scheduler.development.js:533:21)
            at Timeout.task [as _onTimeout] (/Users/invoture/dev.local/hey-peter/node_modules/.pnpm/jsdom@26.1.0/node_modules/jsdom/lib/jsdom/browser/Window.js:579:19)
            at listOnTimeout (node:internal/timers:581:17)
            at processTimers (node:internal/timers:519:7),
        type: 'unhandled exception'
      }

      at VirtualConsole.<anonymous> (node_modules/.pnpm/@jest+environment-jsdom-abstract@30.0.4_jsdom@26.1.0/node_modules/@jest/environment-jsdom-abstract/build/index.js:78:23)
      at reportException (node_modules/.pnpm/jsdom@26.1.0/node_modules/jsdom/lib/jsdom/living/helpers/runtime-script-errors.js:70:28)
      at Timeout.task [as _onTimeout] (node_modules/.pnpm/jsdom@26.1.0/node_modules/jsdom/lib/jsdom/browser/Window.js:584:9)

    console.error
      [Error: Uncaught [ReferenceError: Separator is not defined]] {
        detail: ReferenceError: Separator is not defined
            at Separator (/Users/invoture/dev.local/hey-peter/src/components/admin/attendance/AttendanceComparisonDashboard.tsx:573:16)
            at renderWithHooks (/Users/invoture/dev.local/hey-peter/node_modules/.pnpm/react-dom@18.3.1_react@18.3.1/node_modules/react-dom/cjs/react-dom.development.js:15486:18)
            at updateFunctionComponent (/Users/invoture/dev.local/hey-peter/node_modules/.pnpm/react-dom@18.3.1_react@18.3.1/node_modules/react-dom/cjs/react-dom.development.js:19617:20)
            at beginWork (/Users/invoture/dev.local/hey-peter/node_modules/.pnpm/react-dom@18.3.1_react@18.3.1/node_modules/react-dom/cjs/react-dom.development.js:21640:16)
            at HTMLUnknownElement.callCallback (/Users/invoture/dev.local/hey-peter/node_modules/.pnpm/react-dom@18.3.1_react@18.3.1/node_modules/react-dom/cjs/react-dom.development.js:4164:14)
            at HTMLUnknownElement.callTheUserObjectsOperation (/Users/invoture/dev.local/hey-peter/node_modules/.pnpm/jsdom@26.1.0/node_modules/jsdom/lib/jsdom/living/generated/EventListener.js:26:30)
            at innerInvokeEventListeners (/Users/invoture/dev.local/hey-peter/node_modules/.pnpm/jsdom@26.1.0/node_modules/jsdom/lib/jsdom/living/events/EventTarget-impl.js:350:25)
            at invokeEventListeners (/Users/invoture/dev.local/hey-peter/node_modules/.pnpm/jsdom@26.1.0/node_modules/jsdom/lib/jsdom/living/events/EventTarget-impl.js:286:3)
            at HTMLUnknownElementImpl._dispatch (/Users/invoture/dev.local/hey-peter/node_modules/.pnpm/jsdom@26.1.0/node_modules/jsdom/lib/jsdom/living/events/EventTarget-impl.js:233:9)
            at HTMLUnknownElementImpl.dispatchEvent (/Users/invoture/dev.local/hey-peter/node_modules/.pnpm/jsdom@26.1.0/node_modules/jsdom/lib/jsdom/living/events/EventTarget-impl.js:104:17)
            at HTMLUnknownElement.dispatchEvent (/Users/invoture/dev.local/hey-peter/node_modules/.pnpm/jsdom@26.1.0/node_modules/jsdom/lib/jsdom/living/generated/EventTarget.js:241:34)
            at Object.invokeGuardedCallbackDev (/Users/invoture/dev.local/hey-peter/node_modules/.pnpm/react-dom@18.3.1_react@18.3.1/node_modules/react-dom/cjs/react-dom.development.js:4213:16)
            at invokeGuardedCallback (/Users/invoture/dev.local/hey-peter/node_modules/.pnpm/react-dom@18.3.1_react@18.3.1/node_modules/react-dom/cjs/react-dom.development.js:4277:31)
            at beginWork$1 (/Users/invoture/dev.local/hey-peter/node_modules/.pnpm/react-dom@18.3.1_react@18.3.1/node_modules/react-dom/cjs/react-dom.development.js:27490:7)
            at performUnitOfWork (/Users/invoture/dev.local/hey-peter/node_modules/.pnpm/react-dom@18.3.1_react@18.3.1/node_modules/react-dom/cjs/react-dom.development.js:26599:12)
            at workLoopSync (/Users/invoture/dev.local/hey-peter/node_modules/.pnpm/react-dom@18.3.1_react@18.3.1/node_modules/react-dom/cjs/react-dom.development.js:26505:5)
            at renderRootSync (/Users/invoture/dev.local/hey-peter/node_modules/.pnpm/react-dom@18.3.1_react@18.3.1/node_modules/react-dom/cjs/react-dom.development.js:26473:7)
            at performConcurrentWorkOnRoot (/Users/invoture/dev.local/hey-peter/node_modules/.pnpm/react-dom@18.3.1_react@18.3.1/node_modules/react-dom/cjs/react-dom.development.js:25777:74)
            at workLoop (/Users/invoture/dev.local/hey-peter/node_modules/.pnpm/scheduler@0.23.2/node_modules/scheduler/cjs/scheduler.development.js:266:34)
            at flushWork (/Users/invoture/dev.local/hey-peter/node_modules/.pnpm/scheduler@0.23.2/node_modules/scheduler/cjs/scheduler.development.js:239:14)
            at performWorkUntilDeadline (/Users/invoture/dev.local/hey-peter/node_modules/.pnpm/scheduler@0.23.2/node_modules/scheduler/cjs/scheduler.development.js:533:21)
            at Timeout.task [as _onTimeout] (/Users/invoture/dev.local/hey-peter/node_modules/.pnpm/jsdom@26.1.0/node_modules/jsdom/lib/jsdom/browser/Window.js:579:19)
            at listOnTimeout (node:internal/timers:581:17)
            at processTimers (node:internal/timers:519:7),
        type: 'unhandled exception'
      }

      at VirtualConsole.<anonymous> (node_modules/.pnpm/@jest+environment-jsdom-abstract@30.0.4_jsdom@26.1.0/node_modules/@jest/environment-jsdom-abstract/build/index.js:78:23)
      at reportException (node_modules/.pnpm/jsdom@26.1.0/node_modules/jsdom/lib/jsdom/living/helpers/runtime-script-errors.js:70:28)
      at innerInvokeEventListeners (node_modules/.pnpm/jsdom@26.1.0/node_modules/jsdom/lib/jsdom/living/events/EventTarget-impl.js:353:9)
      at invokeEventListeners (node_modules/.pnpm/jsdom@26.1.0/node_modules/jsdom/lib/jsdom/living/events/EventTarget-impl.js:286:3)
      at HTMLUnknownElementImpl._dispatch (node_modules/.pnpm/jsdom@26.1.0/node_modules/jsdom/lib/jsdom/living/events/EventTarget-impl.js:233:9)
      at HTMLUnknownElementImpl.dispatchEvent (node_modules/.pnpm/jsdom@26.1.0/node_modules/jsdom/lib/jsdom/living/events/EventTarget-impl.js:104:17)
      at HTMLUnknownElement.dispatchEvent (node_modules/.pnpm/jsdom@26.1.0/node_modules/jsdom/lib/jsdom/living/generated/EventTarget.js:241:34)
      at Object.invokeGuardedCallbackDev (node_modules/.pnpm/react-dom@18.3.1_react@18.3.1/node_modules/react-dom/cjs/react-dom.development.js:4213:16)
      at invokeGuardedCallback (node_modules/.pnpm/react-dom@18.3.1_react@18.3.1/node_modules/react-dom/cjs/react-dom.development.js:4277:31)
      at beginWork$1 (node_modules/.pnpm/react-dom@18.3.1_react@18.3.1/node_modules/react-dom/cjs/react-dom.development.js:27490:7)
      at performUnitOfWork (node_modules/.pnpm/react-dom@18.3.1_react@18.3.1/node_modules/react-dom/cjs/react-dom.development.js:26599:12)
      at workLoopSync (node_modules/.pnpm/react-dom@18.3.1_react@18.3.1/node_modules/react-dom/cjs/react-dom.development.js:26505:5)
      at renderRootSync (node_modules/.pnpm/react-dom@18.3.1_react@18.3.1/node_modules/react-dom/cjs/react-dom.development.js:26473:7)
      at performConcurrentWorkOnRoot (node_modules/.pnpm/react-dom@18.3.1_react@18.3.1/node_modules/react-dom/cjs/react-dom.development.js:25777:74)
      at workLoop (node_modules/.pnpm/scheduler@0.23.2/node_modules/scheduler/cjs/scheduler.development.js:266:34)
      at flushWork (node_modules/.pnpm/scheduler@0.23.2/node_modules/scheduler/cjs/scheduler.development.js:239:14)
      at performWorkUntilDeadline (node_modules/.pnpm/scheduler@0.23.2/node_modules/scheduler/cjs/scheduler.development.js:533:21)
      at Timeout.task [as _onTimeout] (node_modules/.pnpm/jsdom@26.1.0/node_modules/jsdom/lib/jsdom/browser/Window.js:579:19)

    console.error
      [Error: Uncaught [ReferenceError: Separator is not defined]] {
        detail: ReferenceError: Separator is not defined
            at Separator (/Users/invoture/dev.local/hey-peter/src/components/admin/attendance/AttendanceComparisonDashboard.tsx:573:16)
            at renderWithHooks (/Users/invoture/dev.local/hey-peter/node_modules/.pnpm/react-dom@18.3.1_react@18.3.1/node_modules/react-dom/cjs/react-dom.development.js:15486:18)
            at updateFunctionComponent (/Users/invoture/dev.local/hey-peter/node_modules/.pnpm/react-dom@18.3.1_react@18.3.1/node_modules/react-dom/cjs/react-dom.development.js:19617:20)
            at beginWork (/Users/invoture/dev.local/hey-peter/node_modules/.pnpm/react-dom@18.3.1_react@18.3.1/node_modules/react-dom/cjs/react-dom.development.js:21640:16)
            at HTMLUnknownElement.callCallback (/Users/invoture/dev.local/hey-peter/node_modules/.pnpm/react-dom@18.3.1_react@18.3.1/node_modules/react-dom/cjs/react-dom.development.js:4164:14)
            at HTMLUnknownElement.callTheUserObjectsOperation (/Users/invoture/dev.local/hey-peter/node_modules/.pnpm/jsdom@26.1.0/node_modules/jsdom/lib/jsdom/living/generated/EventListener.js:26:30)
            at innerInvokeEventListeners (/Users/invoture/dev.local/hey-peter/node_modules/.pnpm/jsdom@26.1.0/node_modules/jsdom/lib/jsdom/living/events/EventTarget-impl.js:350:25)
            at invokeEventListeners (/Users/invoture/dev.local/hey-peter/node_modules/.pnpm/jsdom@26.1.0/node_modules/jsdom/lib/jsdom/living/events/EventTarget-impl.js:286:3)
            at HTMLUnknownElementImpl._dispatch (/Users/invoture/dev.local/hey-peter/node_modules/.pnpm/jsdom@26.1.0/node_modules/jsdom/lib/jsdom/living/events/EventTarget-impl.js:233:9)
            at HTMLUnknownElementImpl.dispatchEvent (/Users/invoture/dev.local/hey-peter/node_modules/.pnpm/jsdom@26.1.0/node_modules/jsdom/lib/jsdom/living/events/EventTarget-impl.js:104:17)
            at HTMLUnknownElement.dispatchEvent (/Users/invoture/dev.local/hey-peter/node_modules/.pnpm/jsdom@26.1.0/node_modules/jsdom/lib/jsdom/living/generated/EventTarget.js:241:34)
            at Object.invokeGuardedCallbackDev (/Users/invoture/dev.local/hey-peter/node_modules/.pnpm/react-dom@18.3.1_react@18.3.1/node_modules/react-dom/cjs/react-dom.development.js:4213:16)
            at invokeGuardedCallback (/Users/invoture/dev.local/hey-peter/node_modules/.pnpm/react-dom@18.3.1_react@18.3.1/node_modules/react-dom/cjs/react-dom.development.js:4277:31)
            at beginWork$1 (/Users/invoture/dev.local/hey-peter/node_modules/.pnpm/react-dom@18.3.1_react@18.3.1/node_modules/react-dom/cjs/react-dom.development.js:27490:7)
            at performUnitOfWork (/Users/invoture/dev.local/hey-peter/node_modules/.pnpm/react-dom@18.3.1_react@18.3.1/node_modules/react-dom/cjs/react-dom.development.js:26599:12)
            at workLoopSync (/Users/invoture/dev.local/hey-peter/node_modules/.pnpm/react-dom@18.3.1_react@18.3.1/node_modules/react-dom/cjs/react-dom.development.js:26505:5)
            at renderRootSync (/Users/invoture/dev.local/hey-peter/node_modules/.pnpm/react-dom@18.3.1_react@18.3.1/node_modules/react-dom/cjs/react-dom.development.js:26473:7)
            at recoverFromConcurrentError (/Users/invoture/dev.local/hey-peter/node_modules/.pnpm/react-dom@18.3.1_react@18.3.1/node_modules/react-dom/cjs/react-dom.development.js:25889:20)
            at performConcurrentWorkOnRoot (/Users/invoture/dev.local/hey-peter/node_modules/.pnpm/react-dom@18.3.1_react@18.3.1/node_modules/react-dom/cjs/react-dom.development.js:25789:22)
            at workLoop (/Users/invoture/dev.local/hey-peter/node_modules/.pnpm/scheduler@0.23.2/node_modules/scheduler/cjs/scheduler.development.js:266:34)
            at flushWork (/Users/invoture/dev.local/hey-peter/node_modules/.pnpm/scheduler@0.23.2/node_modules/scheduler/cjs/scheduler.development.js:239:14)
            at performWorkUntilDeadline (/Users/invoture/dev.local/hey-peter/node_modules/.pnpm/scheduler@0.23.2/node_modules/scheduler/cjs/scheduler.development.js:533:21)
            at Timeout.task [as _onTimeout] (/Users/invoture/dev.local/hey-peter/node_modules/.pnpm/jsdom@26.1.0/node_modules/jsdom/lib/jsdom/browser/Window.js:579:19)
            at listOnTimeout (node:internal/timers:581:17)
            at processTimers (node:internal/timers:519:7),
        type: 'unhandled exception'
      }

      at VirtualConsole.<anonymous> (node_modules/.pnpm/@jest+environment-jsdom-abstract@30.0.4_jsdom@26.1.0/node_modules/@jest/environment-jsdom-abstract/build/index.js:78:23)
      at reportException (node_modules/.pnpm/jsdom@26.1.0/node_modules/jsdom/lib/jsdom/living/helpers/runtime-script-errors.js:70:28)
      at innerInvokeEventListeners (node_modules/.pnpm/jsdom@26.1.0/node_modules/jsdom/lib/jsdom/living/events/EventTarget-impl.js:353:9)
      at invokeEventListeners (node_modules/.pnpm/jsdom@26.1.0/node_modules/jsdom/lib/jsdom/living/events/EventTarget-impl.js:286:3)
      at HTMLUnknownElementImpl._dispatch (node_modules/.pnpm/jsdom@26.1.0/node_modules/jsdom/lib/jsdom/living/events/EventTarget-impl.js:233:9)
      at HTMLUnknownElementImpl.dispatchEvent (node_modules/.pnpm/jsdom@26.1.0/node_modules/jsdom/lib/jsdom/living/events/EventTarget-impl.js:104:17)
      at HTMLUnknownElement.dispatchEvent (node_modules/.pnpm/jsdom@26.1.0/node_modules/jsdom/lib/jsdom/living/generated/EventTarget.js:241:34)
      at Object.invokeGuardedCallbackDev (node_modules/.pnpm/react-dom@18.3.1_react@18.3.1/node_modules/react-dom/cjs/react-dom.development.js:4213:16)
      at invokeGuardedCallback (node_modules/.pnpm/react-dom@18.3.1_react@18.3.1/node_modules/react-dom/cjs/react-dom.development.js:4277:31)
      at beginWork$1 (node_modules/.pnpm/react-dom@18.3.1_react@18.3.1/node_modules/react-dom/cjs/react-dom.development.js:27490:7)
      at performUnitOfWork (node_modules/.pnpm/react-dom@18.3.1_react@18.3.1/node_modules/react-dom/cjs/react-dom.development.js:26599:12)
      at workLoopSync (node_modules/.pnpm/react-dom@18.3.1_react@18.3.1/node_modules/react-dom/cjs/react-dom.development.js:26505:5)
      at renderRootSync (node_modules/.pnpm/react-dom@18.3.1_react@18.3.1/node_modules/react-dom/cjs/react-dom.development.js:26473:7)
      at recoverFromConcurrentError (node_modules/.pnpm/react-dom@18.3.1_react@18.3.1/node_modules/react-dom/cjs/react-dom.development.js:25889:20)
      at performConcurrentWorkOnRoot (node_modules/.pnpm/react-dom@18.3.1_react@18.3.1/node_modules/react-dom/cjs/react-dom.development.js:25789:22)
      at workLoop (node_modules/.pnpm/scheduler@0.23.2/node_modules/scheduler/cjs/scheduler.development.js:266:34)
      at flushWork (node_modules/.pnpm/scheduler@0.23.2/node_modules/scheduler/cjs/scheduler.development.js:239:14)
      at performWorkUntilDeadline (node_modules/.pnpm/scheduler@0.23.2/node_modules/scheduler/cjs/scheduler.development.js:533:21)
      at Timeout.task [as _onTimeout] (node_modules/.pnpm/jsdom@26.1.0/node_modules/jsdom/lib/jsdom/browser/Window.js:579:19)

    console.error
      The above error occurred in the <AttendanceComparisonDashboard> component:
      
          at className (/Users/invoture/dev.local/hey-peter/src/components/admin/attendance/AttendanceComparisonDashboard.tsx:60:3)
      
      Consider adding an error boundary to your tree to customize error handling behavior.
      Visit https://reactjs.org/link/error-boundaries to learn more about error boundaries.

      at logCapturedError (node_modules/.pnpm/react-dom@18.3.1_react@18.3.1/node_modules/react-dom/cjs/react-dom.development.js:18704:23)
      at update.callback (node_modules/.pnpm/react-dom@18.3.1_react@18.3.1/node_modules/react-dom/cjs/react-dom.development.js:18737:5)
      at callCallback (node_modules/.pnpm/react-dom@18.3.1_react@18.3.1/node_modules/react-dom/cjs/react-dom.development.js:15036:12)
      at commitUpdateQueue (node_modules/.pnpm/react-dom@18.3.1_react@18.3.1/node_modules/react-dom/cjs/react-dom.development.js:15057:9)
      at commitLayoutEffectOnFiber (node_modules/.pnpm/react-dom@18.3.1_react@18.3.1/node_modules/react-dom/cjs/react-dom.development.js:23430:13)
      at commitLayoutMountEffects_complete (node_modules/.pnpm/react-dom@18.3.1_react@18.3.1/node_modules/react-dom/cjs/react-dom.development.js:24727:9)
      at commitLayoutEffects_begin (node_modules/.pnpm/react-dom@18.3.1_react@18.3.1/node_modules/react-dom/cjs/react-dom.development.js:24713:7)
      at commitLayoutEffects (node_modules/.pnpm/react-dom@18.3.1_react@18.3.1/node_modules/react-dom/cjs/react-dom.development.js:24651:3)
      at commitRootImpl (node_modules/.pnpm/react-dom@18.3.1_react@18.3.1/node_modules/react-dom/cjs/react-dom.development.js:26862:5)
      at commitRoot (node_modules/.pnpm/react-dom@18.3.1_react@18.3.1/node_modules/react-dom/cjs/react-dom.development.js:26721:5)
      at finishConcurrentRender (node_modules/.pnpm/react-dom@18.3.1_react@18.3.1/node_modules/react-dom/cjs/react-dom.development.js:25931:9)
      at performConcurrentWorkOnRoot (node_modules/.pnpm/react-dom@18.3.1_react@18.3.1/node_modules/react-dom/cjs/react-dom.development.js:25848:7)
      at workLoop (node_modules/.pnpm/scheduler@0.23.2/node_modules/scheduler/cjs/scheduler.development.js:266:34)
      at flushWork (node_modules/.pnpm/scheduler@0.23.2/node_modules/scheduler/cjs/scheduler.development.js:239:14)
      at performWorkUntilDeadline (node_modules/.pnpm/scheduler@0.23.2/node_modules/scheduler/cjs/scheduler.development.js:533:21)
      at Timeout.task [as _onTimeout] (node_modules/.pnpm/jsdom@26.1.0/node_modules/jsdom/lib/jsdom/browser/Window.js:579:19)

    console.error
      [Error: Uncaught [ReferenceError: Separator is not defined]] {
        detail: ReferenceError: Separator is not defined
            at Separator (/Users/invoture/dev.local/hey-peter/src/components/admin/attendance/AttendanceComparisonDashboard.tsx:573:16)
            at renderWithHooks (/Users/invoture/dev.local/hey-peter/node_modules/.pnpm/react-dom@18.3.1_react@18.3.1/node_modules/react-dom/cjs/react-dom.development.js:15486:18)
            at updateFunctionComponent (/Users/invoture/dev.local/hey-peter/node_modules/.pnpm/react-dom@18.3.1_react@18.3.1/node_modules/react-dom/cjs/react-dom.development.js:19617:20)
            at beginWork (/Users/invoture/dev.local/hey-peter/node_modules/.pnpm/react-dom@18.3.1_react@18.3.1/node_modules/react-dom/cjs/react-dom.development.js:21640:16)
            at beginWork$1 (/Users/invoture/dev.local/hey-peter/node_modules/.pnpm/react-dom@18.3.1_react@18.3.1/node_modules/react-dom/cjs/react-dom.development.js:27465:14)
            at performUnitOfWork (/Users/invoture/dev.local/hey-peter/node_modules/.pnpm/react-dom@18.3.1_react@18.3.1/node_modules/react-dom/cjs/react-dom.development.js:26599:12)
            at workLoopSync (/Users/invoture/dev.local/hey-peter/node_modules/.pnpm/react-dom@18.3.1_react@18.3.1/node_modules/react-dom/cjs/react-dom.development.js:26505:5)
            at renderRootSync (/Users/invoture/dev.local/hey-peter/node_modules/.pnpm/react-dom@18.3.1_react@18.3.1/node_modules/react-dom/cjs/react-dom.development.js:26473:7)
            at recoverFromConcurrentError (/Users/invoture/dev.local/hey-peter/node_modules/.pnpm/react-dom@18.3.1_react@18.3.1/node_modules/react-dom/cjs/react-dom.development.js:25889:20)
            at performConcurrentWorkOnRoot (/Users/invoture/dev.local/hey-peter/node_modules/.pnpm/react-dom@18.3.1_react@18.3.1/node_modules/react-dom/cjs/react-dom.development.js:25789:22)
            at workLoop (/Users/invoture/dev.local/hey-peter/node_modules/.pnpm/scheduler@0.23.2/node_modules/scheduler/cjs/scheduler.development.js:266:34)
            at flushWork (/Users/invoture/dev.local/hey-peter/node_modules/.pnpm/scheduler@0.23.2/node_modules/scheduler/cjs/scheduler.development.js:239:14)
            at performWorkUntilDeadline (/Users/invoture/dev.local/hey-peter/node_modules/.pnpm/scheduler@0.23.2/node_modules/scheduler/cjs/scheduler.development.js:533:21)
            at Timeout.task [as _onTimeout] (/Users/invoture/dev.local/hey-peter/node_modules/.pnpm/jsdom@26.1.0/node_modules/jsdom/lib/jsdom/browser/Window.js:579:19)
            at listOnTimeout (node:internal/timers:581:17)
            at processTimers (node:internal/timers:519:7),
        type: 'unhandled exception'
      }

      at VirtualConsole.<anonymous> (node_modules/.pnpm/@jest+environment-jsdom-abstract@30.0.4_jsdom@26.1.0/node_modules/@jest/environment-jsdom-abstract/build/index.js:78:23)
      at reportException (node_modules/.pnpm/jsdom@26.1.0/node_modules/jsdom/lib/jsdom/living/helpers/runtime-script-errors.js:70:28)
      at Timeout.task [as _onTimeout] (node_modules/.pnpm/jsdom@26.1.0/node_modules/jsdom/lib/jsdom/browser/Window.js:584:9)

  ● AttendanceComparisonDashboard › renders dashboard with title and controls

    TestingLibraryElementError: Unable to find an element with the text: Attendance Comparison Dashboard. This could be because the text is broken up by multiple elements. In this case, you can provide a function for your text matcher to make your matcher more flexible.

    Ignored nodes: comments, script, style
    [36m<body>[39m
      [36m<div>[39m
        [36m<div[39m
          [33mclass[39m=[32m"space-y-6"[39m
        [36m>[39m
          [36m<div[39m
            [33mclass[39m=[32m"flex items-center justify-between"[39m
          [36m>[39m
            [36m<div[39m
              [33mclass[39m=[32m"space-y-2"[39m
            [36m>[39m
              [36m<div[39m
                [33mclass[39m=[32m"h-6 w-48 bg-muted animate-pulse rounded"[39m
              [36m/>[39m
              [36m<div[39m
                [33mclass[39m=[32m"h-4 w-32 bg-muted animate-pulse rounded"[39m
              [36m/>[39m
            [36m</div>[39m
          [36m</div>[39m
          [36m<div[39m
            [33mclass[39m=[32m"grid gap-4 md:grid-cols-2 lg:grid-cols-4"[39m
          [36m>[39m
            [36m<div[39m
              [33mclass[39m=[32m"bg-card text-card-foreground flex flex-col gap-6 rounded-xl border py-6 shadow-sm"[39m
              [33mdata-slot[39m=[32m"card"[39m
            [36m>[39m
              [36m<div[39m
                [33mclass[39m=[32m"p-6"[39m
                [33mdata-slot[39m=[32m"card-content"[39m
              [36m>[39m
                [36m<div[39m
                  [33mclass[39m=[32m"space-y-2"[39m
                [36m>[39m
                  [36m<div[39m
                    [33mclass[39m=[32m"h-4 w-24 bg-muted animate-pulse rounded"[39m
                  [36m/>[39m
                  [36m<div[39m
                    [33mclass[39m=[32m"h-8 w-16 bg-muted animate-pulse rounded"[39m
                  [36m/>[39m
                [36m</div>[39m
              [36m</div>[39m
            [36m</div>[39m
            [36m<div[39m
              [33mclass[39m=[32m"bg-card text-card-foreground flex flex-col gap-6 rounded-xl border py-6 shadow-sm"[39m
              [33mdata-slot[39m=[32m"card"[39m
            [36m>[39m
              [36m<div[39m
                [33mclass[39m=[32m"p-6"[39m
                [33mdata-slot[39m=[32m"card-content"[39m
              [36m>[39m
                [36m<div[39m
                  [33mclass[39m=[32m"space-y-2"[39m
                [36m>[39m
                  [36m<div[39m
                    [33mclass[39m=[32m"h-4 w-24 bg-muted animate-pulse rounded"[39m
                  [36m/>[39m
                  [36m<div[39m
                    [33mclass[39m=[32m"h-8 w-16 bg-muted animate-pulse rounded"[39m
                  [36m/>[39m
                [36m</div>[39m
              [36m</div>[39m
            [36m</div>[39m
            [36m<div[39m
              [33mclass[39m=[32m"bg-card text-card-foreground flex flex-col gap-6 rounded-xl border py-6 shadow-sm"[39m
              [33mdata-slot[39m=[32m"card"[39m
            [36m>[39m
              [36m<div[39m
                [33mclass[39m=[32m"p-6"[39m
                [33mdata-slot[39m=[32m"card-content"[39m
              [36m>[39m
                [36m<div[39m
                  [33mclass[39m=[32m"space-y-2"[39m
                [36m>[39m
                  [36m<div[39m
                    [33mclass[39m=[32m"h-4 w-24 bg-muted animate-pulse rounded"[39m
                  [36m/>[39m
                  [36m<div[39m
                    [33mclass[39m=[32m"h-8 w-16 bg-muted animate-pulse rounded"[39m
                  [36m/>[39m
                [36m</div>[39m
              [36m</div>[39m
            [36m</div>[39m
            [36m<div[39m
              [33mclass[39m=[32m"bg-card text-card-foreground flex flex-col gap-6 rounded-xl border py-6 shadow-sm"[39m
              [33mdata-slot[39m=[32m"card"[39m
            [36m>[39m
              [36m<div[39m
                [33mclass[39m=[32m"p-6"[39m
                [33mdata-slot[39m=[32m"card-content"[39m
              [36m>[39m
                [36m<div[39m
                  [33mclass[39m=[32m"space-y-2"[39m
                [36m>[39m
                  [36m<div[39m
                    [33mclass[39m=[32m"h-4 w-24 bg-muted animate-pulse rounded"[39m
                  [36m/>[39m
                  [36m<div[39m
                    [33mclass[39m=[32m"h-8 w-16 bg-muted animate-pulse rounded"[39m
                  [36m/>[39m
                [36m</div>[39m
              [36m</div>[39m
            [36m</div>[39m
          [36m</div>[39m
        [36m</div>[39m
      [36m</div>[39m
    [36m</body>[39m

      182 |     render(<AttendanceComparisonDashboard />);
      183 |
    > 184 |     expect(screen.getByText('Attendance Comparison Dashboard')).toBeInTheDocument();
          |                   ^
      185 |     expect(screen.getByText('Compare attendance performance across classes')).toBeInTheDocument();
      186 |     
      187 |     await waitFor(() => {

      at Object.getElementError (node_modules/.pnpm/@testing-library+dom@10.4.0/node_modules/@testing-library/dom/dist/config.js:37:19)
      at node_modules/.pnpm/@testing-library+dom@10.4.0/node_modules/@testing-library/dom/dist/query-helpers.js:76:38
      at node_modules/.pnpm/@testing-library+dom@10.4.0/node_modules/@testing-library/dom/dist/query-helpers.js:52:17
      at node_modules/.pnpm/@testing-library+dom@10.4.0/node_modules/@testing-library/dom/dist/query-helpers.js:95:19
      at Object.getByText (src/components/admin/attendance/__tests__/AttendanceComparisonDashboard.test.tsx:184:19)

  ● AttendanceComparisonDashboard › displays loading state initially

    TestingLibraryElementError: Unable to find an accessible element with the role "progressbar"

    There are no accessible roles. But there might be some inaccessible roles. If you wish to access them, then set the `hidden` option to `true`. Learn more about this here: https://testing-library.com/docs/dom-testing-library/api-queries#byrole

    Ignored nodes: comments, script, style
    [36m<body>[39m
      [36m<div>[39m
        [36m<div[39m
          [33mclass[39m=[32m"space-y-6"[39m
        [36m>[39m
          [36m<div[39m
            [33mclass[39m=[32m"flex items-center justify-between"[39m
          [36m>[39m
            [36m<div[39m
              [33mclass[39m=[32m"space-y-2"[39m
            [36m>[39m
              [36m<div[39m
                [33mclass[39m=[32m"h-6 w-48 bg-muted animate-pulse rounded"[39m
              [36m/>[39m
              [36m<div[39m
                [33mclass[39m=[32m"h-4 w-32 bg-muted animate-pulse rounded"[39m
              [36m/>[39m
            [36m</div>[39m
          [36m</div>[39m
          [36m<div[39m
            [33mclass[39m=[32m"grid gap-4 md:grid-cols-2 lg:grid-cols-4"[39m
          [36m>[39m
            [36m<div[39m
              [33mclass[39m=[32m"bg-card text-card-foreground flex flex-col gap-6 rounded-xl border py-6 shadow-sm"[39m
              [33mdata-slot[39m=[32m"card"[39m
            [36m>[39m
              [36m<div[39m
                [33mclass[39m=[32m"p-6"[39m
                [33mdata-slot[39m=[32m"card-content"[39m
              [36m>[39m
                [36m<div[39m
                  [33mclass[39m=[32m"space-y-2"[39m
                [36m>[39m
                  [36m<div[39m
                    [33mclass[39m=[32m"h-4 w-24 bg-muted animate-pulse rounded"[39m
                  [36m/>[39m
                  [36m<div[39m
                    [33mclass[39m=[32m"h-8 w-16 bg-muted animate-pulse rounded"[39m
                  [36m/>[39m
                [36m</div>[39m
              [36m</div>[39m
            [36m</div>[39m
            [36m<div[39m
              [33mclass[39m=[32m"bg-card text-card-foreground flex flex-col gap-6 rounded-xl border py-6 shadow-sm"[39m
              [33mdata-slot[39m=[32m"card"[39m
            [36m>[39m
              [36m<div[39m
                [33mclass[39m=[32m"p-6"[39m
                [33mdata-slot[39m=[32m"card-content"[39m
              [36m>[39m
                [36m<div[39m
                  [33mclass[39m=[32m"space-y-2"[39m
                [36m>[39m
                  [36m<div[39m
                    [33mclass[39m=[32m"h-4 w-24 bg-muted animate-pulse rounded"[39m
                  [36m/>[39m
                  [36m<div[39m
                    [33mclass[39m=[32m"h-8 w-16 bg-muted animate-pulse rounded"[39m
                  [36m/>[39m
                [36m</div>[39m
              [36m</div>[39m
            [36m</div>[39m
            [36m<div[39m
              [33mclass[39m=[32m"bg-card text-card-foreground flex flex-col gap-6 rounded-xl border py-6 shadow-sm"[39m
              [33mdata-slot[39m=[32m"card"[39m
            [36m>[39m
              [36m<div[39m
                [33mclass[39m=[32m"p-6"[39m
                [33mdata-slot[39m=[32m"card-content"[39m
              [36m>[39m
                [36m<div[39m
                  [33mclass[39m=[32m"space-y-2"[39m
                [36m>[39m
                  [36m<div[39m
                    [33mclass[39m=[32m"h-4 w-24 bg-muted animate-pulse rounded"[39m
                  [36m/>[39m
                  [36m<div[39m
                    [33mclass[39m=[32m"h-8 w-16 bg-muted animate-pulse rounded"[39m
                  [36m/>[39m
                [36m</div>[39m
              [36m</div>[39m
            [36m</div>[39m
            [36m<div[39m
              [33mclass[39m=[32m"bg-card text-card-foreground flex flex-col gap-6 rounded-xl border py-6 shadow-sm"[39m
              [33mdata-slot[39m=[32m"card"[39m
            [36m>[39m
              [36m<div[39m
                [33mclass[39m=[32m"p-6"[39m
                [33mdata-slot[39m=[32m"card-content"[39m
              [36m>[39m
                [36m<div[39m
                  [33mclass[39m=[32m"space-y-2"[39m
                [36m>[39m
                  [36m<div[39m
                    [33mclass[39m=[32m"h-4 w-24 bg-muted animate-pulse rounded"[39m
                  [36m/>[39m
                  [36m<div[39m
                    [33mclass[39m=[32m"h-8 w-16 bg-muted animate-pulse rounded"[39m
                  [36m/>[39m
                [36m</div>[39m
              [36m</div>[39m
            [36m</div>[39m
          [36m</div>[39m
        [36m</div>[39m
      [36m</div>[39m
    [36m</body>[39m

      199 |     render(<AttendanceComparisonDashboard />);
      200 |
    > 201 |     expect(screen.getByRole('progressbar')).toBeInTheDocument();
          |                   ^
      202 |   });
      203 |
      204 |   it('loads and displays class data', async () => {

      at Object.getElementError (node_modules/.pnpm/@testing-library+dom@10.4.0/node_modules/@testing-library/dom/dist/config.js:37:19)
      at node_modules/.pnpm/@testing-library+dom@10.4.0/node_modules/@testing-library/dom/dist/query-helpers.js:76:38
      at node_modules/.pnpm/@testing-library+dom@10.4.0/node_modules/@testing-library/dom/dist/query-helpers.js:52:17
      at node_modules/.pnpm/@testing-library+dom@10.4.0/node_modules/@testing-library/dom/dist/query-helpers.js:95:19
      at Object.getByRole (src/components/admin/attendance/__tests__/AttendanceComparisonDashboard.test.tsx:201:19)

  ● AttendanceComparisonDashboard › loads and displays class data

    ReferenceError: Separator is not defined

      571 |               </div>
      572 |
    > 573 |               <Separator />
          |                ^
      574 |
      575 |               <div className="space-y-2">
      576 |                 <div className="flex items-center justify-between">

      at Separator (src/components/admin/attendance/AttendanceComparisonDashboard.tsx:573:16)
      at renderWithHooks (node_modules/.pnpm/react-dom@18.3.1_react@18.3.1/node_modules/react-dom/cjs/react-dom.development.js:15486:18)
      at updateFunctionComponent (node_modules/.pnpm/react-dom@18.3.1_react@18.3.1/node_modules/react-dom/cjs/react-dom.development.js:19617:20)
      at beginWork (node_modules/.pnpm/react-dom@18.3.1_react@18.3.1/node_modules/react-dom/cjs/react-dom.development.js:21640:16)
      at beginWork$1 (node_modules/.pnpm/react-dom@18.3.1_react@18.3.1/node_modules/react-dom/cjs/react-dom.development.js:27465:14)
      at performUnitOfWork (node_modules/.pnpm/react-dom@18.3.1_react@18.3.1/node_modules/react-dom/cjs/react-dom.development.js:26599:12)
      at workLoopSync (node_modules/.pnpm/react-dom@18.3.1_react@18.3.1/node_modules/react-dom/cjs/react-dom.development.js:26505:5)
      at renderRootSync (node_modules/.pnpm/react-dom@18.3.1_react@18.3.1/node_modules/react-dom/cjs/react-dom.development.js:26473:7)
      at recoverFromConcurrentError (node_modules/.pnpm/react-dom@18.3.1_react@18.3.1/node_modules/react-dom/cjs/react-dom.development.js:25889:20)
      at performConcurrentWorkOnRoot (node_modules/.pnpm/react-dom@18.3.1_react@18.3.1/node_modules/react-dom/cjs/react-dom.development.js:25789:22)
      at workLoop (node_modules/.pnpm/scheduler@0.23.2/node_modules/scheduler/cjs/scheduler.development.js:266:34)
      at flushWork (node_modules/.pnpm/scheduler@0.23.2/node_modules/scheduler/cjs/scheduler.development.js:239:14)
      at performWorkUntilDeadline (node_modules/.pnpm/scheduler@0.23.2/node_modules/scheduler/cjs/scheduler.development.js:533:21)
      at Timeout.task [as _onTimeout] (node_modules/.pnpm/jsdom@26.1.0/node_modules/jsdom/lib/jsdom/browser/Window.js:579:19)

  ● AttendanceComparisonDashboard › loads and displays class data

    Unable to find an element with the text: 87.2%. This could be because the text is broken up by multiple elements. In this case, you can provide a function for your text matcher to make your matcher more flexible.

    Ignored nodes: comments, script, style
    [36m<body>[39m
      [36m<div />[39m
    [36m</body>[39m

      205 |     render(<AttendanceComparisonDashboard />);
      206 |
    > 207 |     await waitFor(() => {
          |                  ^
      208 |       expect(screen.getByText('87.2%')).toBeInTheDocument(); // Average attendance
      209 |       expect(screen.getByText('53')).toBeInTheDocument(); // Total sessions
      210 |       expect(screen.getByText('3')).toBeInTheDocument(); // Total classes

      at waitForWrapper (node_modules/.pnpm/@testing-library+dom@10.4.0/node_modules/@testing-library/dom/dist/wait-for.js:163:27)
      at Object.<anonymous> (src/components/admin/attendance/__tests__/AttendanceComparisonDashboard.test.tsx:207:18)

  ● AttendanceComparisonDashboard › displays overview statistics correctly

    ReferenceError: Separator is not defined

      571 |               </div>
      572 |
    > 573 |               <Separator />
          |                ^
      574 |
      575 |               <div className="space-y-2">
      576 |                 <div className="flex items-center justify-between">

      at Separator (src/components/admin/attendance/AttendanceComparisonDashboard.tsx:573:16)
      at renderWithHooks (node_modules/.pnpm/react-dom@18.3.1_react@18.3.1/node_modules/react-dom/cjs/react-dom.development.js:15486:18)
      at updateFunctionComponent (node_modules/.pnpm/react-dom@18.3.1_react@18.3.1/node_modules/react-dom/cjs/react-dom.development.js:19617:20)
      at beginWork (node_modules/.pnpm/react-dom@18.3.1_react@18.3.1/node_modules/react-dom/cjs/react-dom.development.js:21640:16)
      at beginWork$1 (node_modules/.pnpm/react-dom@18.3.1_react@18.3.1/node_modules/react-dom/cjs/react-dom.development.js:27465:14)
      at performUnitOfWork (node_modules/.pnpm/react-dom@18.3.1_react@18.3.1/node_modules/react-dom/cjs/react-dom.development.js:26599:12)
      at workLoopSync (node_modules/.pnpm/react-dom@18.3.1_react@18.3.1/node_modules/react-dom/cjs/react-dom.development.js:26505:5)
      at renderRootSync (node_modules/.pnpm/react-dom@18.3.1_react@18.3.1/node_modules/react-dom/cjs/react-dom.development.js:26473:7)
      at recoverFromConcurrentError (node_modules/.pnpm/react-dom@18.3.1_react@18.3.1/node_modules/react-dom/cjs/react-dom.development.js:25889:20)
      at performConcurrentWorkOnRoot (node_modules/.pnpm/react-dom@18.3.1_react@18.3.1/node_modules/react-dom/cjs/react-dom.development.js:25789:22)
      at workLoop (node_modules/.pnpm/scheduler@0.23.2/node_modules/scheduler/cjs/scheduler.development.js:266:34)
      at flushWork (node_modules/.pnpm/scheduler@0.23.2/node_modules/scheduler/cjs/scheduler.development.js:239:14)
      at performWorkUntilDeadline (node_modules/.pnpm/scheduler@0.23.2/node_modules/scheduler/cjs/scheduler.development.js:533:21)
      at Timeout.task [as _onTimeout] (node_modules/.pnpm/jsdom@26.1.0/node_modules/jsdom/lib/jsdom/browser/Window.js:579:19)

  ● AttendanceComparisonDashboard › displays overview statistics correctly

    Unable to find an element with the text: Average Attendance. This could be because the text is broken up by multiple elements. In this case, you can provide a function for your text matcher to make your matcher more flexible.

    Ignored nodes: comments, script, style
    [36m<body>[39m
      [36m<div />[39m
    [36m</body>[39m

      215 |     render(<AttendanceComparisonDashboard />);
      216 |
    > 217 |     await waitFor(() => {
          |                  ^
      218 |       expect(screen.getByText('Average Attendance')).toBeInTheDocument();
      219 |       expect(screen.getByText('Average Consistency')).toBeInTheDocument();
      220 |       expect(screen.getByText('Total Sessions')).toBeInTheDocument();

      at waitForWrapper (node_modules/.pnpm/@testing-library+dom@10.4.0/node_modules/@testing-library/dom/dist/wait-for.js:163:27)
      at Object.<anonymous> (src/components/admin/attendance/__tests__/AttendanceComparisonDashboard.test.tsx:217:18)

  ● AttendanceComparisonDashboard › renders chart components

    ReferenceError: Separator is not defined

      571 |               </div>
      572 |
    > 573 |               <Separator />
          |                ^
      574 |
      575 |               <div className="space-y-2">
      576 |                 <div className="flex items-center justify-between">

      at Separator (src/components/admin/attendance/AttendanceComparisonDashboard.tsx:573:16)
      at renderWithHooks (node_modules/.pnpm/react-dom@18.3.1_react@18.3.1/node_modules/react-dom/cjs/react-dom.development.js:15486:18)
      at updateFunctionComponent (node_modules/.pnpm/react-dom@18.3.1_react@18.3.1/node_modules/react-dom/cjs/react-dom.development.js:19617:20)
      at beginWork (node_modules/.pnpm/react-dom@18.3.1_react@18.3.1/node_modules/react-dom/cjs/react-dom.development.js:21640:16)
      at beginWork$1 (node_modules/.pnpm/react-dom@18.3.1_react@18.3.1/node_modules/react-dom/cjs/react-dom.development.js:27465:14)
      at performUnitOfWork (node_modules/.pnpm/react-dom@18.3.1_react@18.3.1/node_modules/react-dom/cjs/react-dom.development.js:26599:12)
      at workLoopSync (node_modules/.pnpm/react-dom@18.3.1_react@18.3.1/node_modules/react-dom/cjs/react-dom.development.js:26505:5)
      at renderRootSync (node_modules/.pnpm/react-dom@18.3.1_react@18.3.1/node_modules/react-dom/cjs/react-dom.development.js:26473:7)
      at recoverFromConcurrentError (node_modules/.pnpm/react-dom@18.3.1_react@18.3.1/node_modules/react-dom/cjs/react-dom.development.js:25889:20)
      at performConcurrentWorkOnRoot (node_modules/.pnpm/react-dom@18.3.1_react@18.3.1/node_modules/react-dom/cjs/react-dom.development.js:25789:22)
      at workLoop (node_modules/.pnpm/scheduler@0.23.2/node_modules/scheduler/cjs/scheduler.development.js:266:34)
      at flushWork (node_modules/.pnpm/scheduler@0.23.2/node_modules/scheduler/cjs/scheduler.development.js:239:14)
      at performWorkUntilDeadline (node_modules/.pnpm/scheduler@0.23.2/node_modules/scheduler/cjs/scheduler.development.js:533:21)
      at Timeout.task [as _onTimeout] (node_modules/.pnpm/jsdom@26.1.0/node_modules/jsdom/lib/jsdom/browser/Window.js:579:19)

  ● AttendanceComparisonDashboard › renders chart components

    Unable to find an element by: [data-testid="bar-chart"]

    Ignored nodes: comments, script, style
    [36m<body>[39m
      [36m<div />[39m
    [36m</body>[39m

      226 |     render(<AttendanceComparisonDashboard />);
      227 |
    > 228 |     await waitFor(() => {
          |                  ^
      229 |       expect(screen.getByTestId('bar-chart')).toBeInTheDocument();
      230 |       expect(screen.getByTestId('scatter-chart')).toBeInTheDocument();
      231 |     });

      at waitForWrapper (node_modules/.pnpm/@testing-library+dom@10.4.0/node_modules/@testing-library/dom/dist/wait-for.js:163:27)
      at Object.<anonymous> (src/components/admin/attendance/__tests__/AttendanceComparisonDashboard.test.tsx:228:18)

  ● AttendanceComparisonDashboard › displays detailed class table

    ReferenceError: Separator is not defined

      571 |               </div>
      572 |
    > 573 |               <Separator />
          |                ^
      574 |
      575 |               <div className="space-y-2">
      576 |                 <div className="flex items-center justify-between">

      at Separator (src/components/admin/attendance/AttendanceComparisonDashboard.tsx:573:16)
      at renderWithHooks (node_modules/.pnpm/react-dom@18.3.1_react@18.3.1/node_modules/react-dom/cjs/react-dom.development.js:15486:18)
      at updateFunctionComponent (node_modules/.pnpm/react-dom@18.3.1_react@18.3.1/node_modules/react-dom/cjs/react-dom.development.js:19617:20)
      at beginWork (node_modules/.pnpm/react-dom@18.3.1_react@18.3.1/node_modules/react-dom/cjs/react-dom.development.js:21640:16)
      at beginWork$1 (node_modules/.pnpm/react-dom@18.3.1_react@18.3.1/node_modules/react-dom/cjs/react-dom.development.js:27465:14)
      at performUnitOfWork (node_modules/.pnpm/react-dom@18.3.1_react@18.3.1/node_modules/react-dom/cjs/react-dom.development.js:26599:12)
      at workLoopSync (node_modules/.pnpm/react-dom@18.3.1_react@18.3.1/node_modules/react-dom/cjs/react-dom.development.js:26505:5)
      at renderRootSync (node_modules/.pnpm/react-dom@18.3.1_react@18.3.1/node_modules/react-dom/cjs/react-dom.development.js:26473:7)
      at recoverFromConcurrentError (node_modules/.pnpm/react-dom@18.3.1_react@18.3.1/node_modules/react-dom/cjs/react-dom.development.js:25889:20)
      at performConcurrentWorkOnRoot (node_modules/.pnpm/react-dom@18.3.1_react@18.3.1/node_modules/react-dom/cjs/react-dom.development.js:25789:22)
      at workLoop (node_modules/.pnpm/scheduler@0.23.2/node_modules/scheduler/cjs/scheduler.development.js:266:34)
      at flushWork (node_modules/.pnpm/scheduler@0.23.2/node_modules/scheduler/cjs/scheduler.development.js:239:14)
      at performWorkUntilDeadline (node_modules/.pnpm/scheduler@0.23.2/node_modules/scheduler/cjs/scheduler.development.js:533:21)
      at Timeout.task [as _onTimeout] (node_modules/.pnpm/jsdom@26.1.0/node_modules/jsdom/lib/jsdom/browser/Window.js:579:19)

  ● AttendanceComparisonDashboard › displays detailed class table

    Unable to find an element with the text: Detailed Class Performance. This could be because the text is broken up by multiple elements. In this case, you can provide a function for your text matcher to make your matcher more flexible.

    Ignored nodes: comments, script, style
    [36m<body>[39m
      [36m<div />[39m
    [36m</body>[39m

      235 |     render(<AttendanceComparisonDashboard />);
      236 |
    > 237 |     await waitFor(() => {
          |                  ^
      238 |       expect(screen.getByText('Detailed Class Performance')).toBeInTheDocument();
      239 |       expect(screen.getByText('English Basic A1')).toBeInTheDocument();
      240 |       expect(screen.getByText('English Basic A2')).toBeInTheDocument();

      at waitForWrapper (node_modules/.pnpm/@testing-library+dom@10.4.0/node_modules/@testing-library/dom/dist/wait-for.js:163:27)
      at Object.<anonymous> (src/components/admin/attendance/__tests__/AttendanceComparisonDashboard.test.tsx:237:18)

  ● AttendanceComparisonDashboard › handles timeframe filter changes

    ReferenceError: Separator is not defined

      571 |               </div>
      572 |
    > 573 |               <Separator />
          |                ^
      574 |
      575 |               <div className="space-y-2">
      576 |                 <div className="flex items-center justify-between">

      at Separator (src/components/admin/attendance/AttendanceComparisonDashboard.tsx:573:16)
      at renderWithHooks (node_modules/.pnpm/react-dom@18.3.1_react@18.3.1/node_modules/react-dom/cjs/react-dom.development.js:15486:18)
      at updateFunctionComponent (node_modules/.pnpm/react-dom@18.3.1_react@18.3.1/node_modules/react-dom/cjs/react-dom.development.js:19617:20)
      at beginWork (node_modules/.pnpm/react-dom@18.3.1_react@18.3.1/node_modules/react-dom/cjs/react-dom.development.js:21640:16)
      at beginWork$1 (node_modules/.pnpm/react-dom@18.3.1_react@18.3.1/node_modules/react-dom/cjs/react-dom.development.js:27465:14)
      at performUnitOfWork (node_modules/.pnpm/react-dom@18.3.1_react@18.3.1/node_modules/react-dom/cjs/react-dom.development.js:26599:12)
      at workLoopSync (node_modules/.pnpm/react-dom@18.3.1_react@18.3.1/node_modules/react-dom/cjs/react-dom.development.js:26505:5)
      at renderRootSync (node_modules/.pnpm/react-dom@18.3.1_react@18.3.1/node_modules/react-dom/cjs/react-dom.development.js:26473:7)
      at recoverFromConcurrentError (node_modules/.pnpm/react-dom@18.3.1_react@18.3.1/node_modules/react-dom/cjs/react-dom.development.js:25889:20)
      at performConcurrentWorkOnRoot (node_modules/.pnpm/react-dom@18.3.1_react@18.3.1/node_modules/react-dom/cjs/react-dom.development.js:25789:22)
      at workLoop (node_modules/.pnpm/scheduler@0.23.2/node_modules/scheduler/cjs/scheduler.development.js:266:34)
      at flushWork (node_modules/.pnpm/scheduler@0.23.2/node_modules/scheduler/cjs/scheduler.development.js:239:14)
      at performWorkUntilDeadline (node_modules/.pnpm/scheduler@0.23.2/node_modules/scheduler/cjs/scheduler.development.js:533:21)
      at Timeout.task [as _onTimeout] (node_modules/.pnpm/jsdom@26.1.0/node_modules/jsdom/lib/jsdom/browser/Window.js:579:19)

  ● AttendanceComparisonDashboard › handles timeframe filter changes

    Unable to find an element with the display value: Last 90 days.

    Ignored nodes: comments, script, style
    [36m<body>[39m
      [36m<div />[39m
    [36m</body>[39m

      248 |     render(<AttendanceComparisonDashboard />);
      249 |
    > 250 |     await waitFor(() => {
          |                  ^
      251 |       expect(screen.getByDisplayValue('Last 90 days')).toBeInTheDocument();
      252 |     });
      253 |

      at waitForWrapper (node_modules/.pnpm/@testing-library+dom@10.4.0/node_modules/@testing-library/dom/dist/wait-for.js:163:27)
      at Object.<anonymous> (src/components/admin/attendance/__tests__/AttendanceComparisonDashboard.test.tsx:250:18)

  ● AttendanceComparisonDashboard › handles course type filter changes

    ReferenceError: Separator is not defined

      571 |               </div>
      572 |
    > 573 |               <Separator />
          |                ^
      574 |
      575 |               <div className="space-y-2">
      576 |                 <div className="flex items-center justify-between">

      at Separator (src/components/admin/attendance/AttendanceComparisonDashboard.tsx:573:16)
      at renderWithHooks (node_modules/.pnpm/react-dom@18.3.1_react@18.3.1/node_modules/react-dom/cjs/react-dom.development.js:15486:18)
      at updateFunctionComponent (node_modules/.pnpm/react-dom@18.3.1_react@18.3.1/node_modules/react-dom/cjs/react-dom.development.js:19617:20)
      at beginWork (node_modules/.pnpm/react-dom@18.3.1_react@18.3.1/node_modules/react-dom/cjs/react-dom.development.js:21640:16)
      at beginWork$1 (node_modules/.pnpm/react-dom@18.3.1_react@18.3.1/node_modules/react-dom/cjs/react-dom.development.js:27465:14)
      at performUnitOfWork (node_modules/.pnpm/react-dom@18.3.1_react@18.3.1/node_modules/react-dom/cjs/react-dom.development.js:26599:12)
      at workLoopSync (node_modules/.pnpm/react-dom@18.3.1_react@18.3.1/node_modules/react-dom/cjs/react-dom.development.js:26505:5)
      at renderRootSync (node_modules/.pnpm/react-dom@18.3.1_react@18.3.1/node_modules/react-dom/cjs/react-dom.development.js:26473:7)
      at recoverFromConcurrentError (node_modules/.pnpm/react-dom@18.3.1_react@18.3.1/node_modules/react-dom/cjs/react-dom.development.js:25889:20)
      at performConcurrentWorkOnRoot (node_modules/.pnpm/react-dom@18.3.1_react@18.3.1/node_modules/react-dom/cjs/react-dom.development.js:25789:22)
      at workLoop (node_modules/.pnpm/scheduler@0.23.2/node_modules/scheduler/cjs/scheduler.development.js:266:34)
      at flushWork (node_modules/.pnpm/scheduler@0.23.2/node_modules/scheduler/cjs/scheduler.development.js:239:14)
      at performWorkUntilDeadline (node_modules/.pnpm/scheduler@0.23.2/node_modules/scheduler/cjs/scheduler.development.js:533:21)
      at Timeout.task [as _onTimeout] (node_modules/.pnpm/jsdom@26.1.0/node_modules/jsdom/lib/jsdom/browser/Window.js:579:19)

  ● AttendanceComparisonDashboard › handles course type filter changes

    Unable to find an element with the display value: All Course Types.

    Ignored nodes: comments, script, style
    [36m<body>[39m
      [36m<div />[39m
    [36m</body>[39m

      270 |     render(<AttendanceComparisonDashboard />);
      271 |
    > 272 |     await waitFor(() => {
          |                  ^
      273 |       expect(screen.getByDisplayValue('All Course Types')).toBeInTheDocument();
      274 |     });
      275 |

      at waitForWrapper (node_modules/.pnpm/@testing-library+dom@10.4.0/node_modules/@testing-library/dom/dist/wait-for.js:163:27)
      at Object.<anonymous> (src/components/admin/attendance/__tests__/AttendanceComparisonDashboard.test.tsx:272:18)

  ● AttendanceComparisonDashboard › handles class selection via MultiSelect

    ReferenceError: Separator is not defined

      571 |               </div>
      572 |
    > 573 |               <Separator />
          |                ^
      574 |
      575 |               <div className="space-y-2">
      576 |                 <div className="flex items-center justify-between">

      at Separator (src/components/admin/attendance/AttendanceComparisonDashboard.tsx:573:16)
      at renderWithHooks (node_modules/.pnpm/react-dom@18.3.1_react@18.3.1/node_modules/react-dom/cjs/react-dom.development.js:15486:18)
      at updateFunctionComponent (node_modules/.pnpm/react-dom@18.3.1_react@18.3.1/node_modules/react-dom/cjs/react-dom.development.js:19617:20)
      at beginWork (node_modules/.pnpm/react-dom@18.3.1_react@18.3.1/node_modules/react-dom/cjs/react-dom.development.js:21640:16)
      at beginWork$1 (node_modules/.pnpm/react-dom@18.3.1_react@18.3.1/node_modules/react-dom/cjs/react-dom.development.js:27465:14)
      at performUnitOfWork (node_modules/.pnpm/react-dom@18.3.1_react@18.3.1/node_modules/react-dom/cjs/react-dom.development.js:26599:12)
      at workLoopSync (node_modules/.pnpm/react-dom@18.3.1_react@18.3.1/node_modules/react-dom/cjs/react-dom.development.js:26505:5)
      at renderRootSync (node_modules/.pnpm/react-dom@18.3.1_react@18.3.1/node_modules/react-dom/cjs/react-dom.development.js:26473:7)
      at recoverFromConcurrentError (node_modules/.pnpm/react-dom@18.3.1_react@18.3.1/node_modules/react-dom/cjs/react-dom.development.js:25889:20)
      at performConcurrentWorkOnRoot (node_modules/.pnpm/react-dom@18.3.1_react@18.3.1/node_modules/react-dom/cjs/react-dom.development.js:25789:22)
      at workLoop (node_modules/.pnpm/scheduler@0.23.2/node_modules/scheduler/cjs/scheduler.development.js:266:34)
      at flushWork (node_modules/.pnpm/scheduler@0.23.2/node_modules/scheduler/cjs/scheduler.development.js:239:14)
      at performWorkUntilDeadline (node_modules/.pnpm/scheduler@0.23.2/node_modules/scheduler/cjs/scheduler.development.js:533:21)
      at Timeout.task [as _onTimeout] (node_modules/.pnpm/jsdom@26.1.0/node_modules/jsdom/lib/jsdom/browser/Window.js:579:19)

  ● AttendanceComparisonDashboard › handles class selection via MultiSelect

    Unable to find an element by: [data-testid="multi-select"]

    Ignored nodes: comments, script, style
    [36m<body>[39m
      [36m<div />[39m
    [36m</body>[39m

      291 |     render(<AttendanceComparisonDashboard />);
      292 |
    > 293 |     await waitFor(() => {
          |                  ^
      294 |       const multiSelect = screen.getByTestId('multi-select');
      295 |       expect(multiSelect).toBeInTheDocument();
      296 |     });

      at waitForWrapper (node_modules/.pnpm/@testing-library+dom@10.4.0/node_modules/@testing-library/dom/dist/wait-for.js:163:27)
      at Object.<anonymous> (src/components/admin/attendance/__tests__/AttendanceComparisonDashboard.test.tsx:293:18)

  ● AttendanceComparisonDashboard › sorts table data correctly

    ReferenceError: Separator is not defined

      571 |               </div>
      572 |
    > 573 |               <Separator />
          |                ^
      574 |
      575 |               <div className="space-y-2">
      576 |                 <div className="flex items-center justify-between">

      at Separator (src/components/admin/attendance/AttendanceComparisonDashboard.tsx:573:16)
      at renderWithHooks (node_modules/.pnpm/react-dom@18.3.1_react@18.3.1/node_modules/react-dom/cjs/react-dom.development.js:15486:18)
      at updateFunctionComponent (node_modules/.pnpm/react-dom@18.3.1_react@18.3.1/node_modules/react-dom/cjs/react-dom.development.js:19617:20)
      at beginWork (node_modules/.pnpm/react-dom@18.3.1_react@18.3.1/node_modules/react-dom/cjs/react-dom.development.js:21640:16)
      at beginWork$1 (node_modules/.pnpm/react-dom@18.3.1_react@18.3.1/node_modules/react-dom/cjs/react-dom.development.js:27465:14)
      at performUnitOfWork (node_modules/.pnpm/react-dom@18.3.1_react@18.3.1/node_modules/react-dom/cjs/react-dom.development.js:26599:12)
      at workLoopSync (node_modules/.pnpm/react-dom@18.3.1_react@18.3.1/node_modules/react-dom/cjs/react-dom.development.js:26505:5)
      at renderRootSync (node_modules/.pnpm/react-dom@18.3.1_react@18.3.1/node_modules/react-dom/cjs/react-dom.development.js:26473:7)
      at recoverFromConcurrentError (node_modules/.pnpm/react-dom@18.3.1_react@18.3.1/node_modules/react-dom/cjs/react-dom.development.js:25889:20)
      at performConcurrentWorkOnRoot (node_modules/.pnpm/react-dom@18.3.1_react@18.3.1/node_modules/react-dom/cjs/react-dom.development.js:25789:22)
      at workLoop (node_modules/.pnpm/scheduler@0.23.2/node_modules/scheduler/cjs/scheduler.development.js:266:34)
      at flushWork (node_modules/.pnpm/scheduler@0.23.2/node_modules/scheduler/cjs/scheduler.development.js:239:14)
      at performWorkUntilDeadline (node_modules/.pnpm/scheduler@0.23.2/node_modules/scheduler/cjs/scheduler.development.js:533:21)
      at Timeout.task [as _onTimeout] (node_modules/.pnpm/jsdom@26.1.0/node_modules/jsdom/lib/jsdom/browser/Window.js:579:19)

  ● AttendanceComparisonDashboard › sorts table data correctly

    Unable to find an element with the text: Detailed Class Performance. This could be because the text is broken up by multiple elements. In this case, you can provide a function for your text matcher to make your matcher more flexible.

    Ignored nodes: comments, script, style
    [36m<body>[39m
      [36m<div />[39m
    [36m</body>[39m

      305 |     render(<AttendanceComparisonDashboard />);
      306 |
    > 307 |     await waitFor(() => {
          |                  ^
      308 |       expect(screen.getByText('Detailed Class Performance')).toBeInTheDocument();
      309 |     });
      310 |

      at waitForWrapper (node_modules/.pnpm/@testing-library+dom@10.4.0/node_modules/@testing-library/dom/dist/wait-for.js:163:27)
      at Object.<anonymous> (src/components/admin/attendance/__tests__/AttendanceComparisonDashboard.test.tsx:307:18)

  ● AttendanceComparisonDashboard › displays top performers correctly

    ReferenceError: Separator is not defined

      571 |               </div>
      572 |
    > 573 |               <Separator />
          |                ^
      574 |
      575 |               <div className="space-y-2">
      576 |                 <div className="flex items-center justify-between">

      at Separator (src/components/admin/attendance/AttendanceComparisonDashboard.tsx:573:16)
      at renderWithHooks (node_modules/.pnpm/react-dom@18.3.1_react@18.3.1/node_modules/react-dom/cjs/react-dom.development.js:15486:18)
      at updateFunctionComponent (node_modules/.pnpm/react-dom@18.3.1_react@18.3.1/node_modules/react-dom/cjs/react-dom.development.js:19617:20)
      at beginWork (node_modules/.pnpm/react-dom@18.3.1_react@18.3.1/node_modules/react-dom/cjs/react-dom.development.js:21640:16)
      at beginWork$1 (node_modules/.pnpm/react-dom@18.3.1_react@18.3.1/node_modules/react-dom/cjs/react-dom.development.js:27465:14)
      at performUnitOfWork (node_modules/.pnpm/react-dom@18.3.1_react@18.3.1/node_modules/react-dom/cjs/react-dom.development.js:26599:12)
      at workLoopSync (node_modules/.pnpm/react-dom@18.3.1_react@18.3.1/node_modules/react-dom/cjs/react-dom.development.js:26505:5)
      at renderRootSync (node_modules/.pnpm/react-dom@18.3.1_react@18.3.1/node_modules/react-dom/cjs/react-dom.development.js:26473:7)
      at recoverFromConcurrentError (node_modules/.pnpm/react-dom@18.3.1_react@18.3.1/node_modules/react-dom/cjs/react-dom.development.js:25889:20)
      at performConcurrentWorkOnRoot (node_modules/.pnpm/react-dom@18.3.1_react@18.3.1/node_modules/react-dom/cjs/react-dom.development.js:25789:22)
      at workLoop (node_modules/.pnpm/scheduler@0.23.2/node_modules/scheduler/cjs/scheduler.development.js:266:34)
      at flushWork (node_modules/.pnpm/scheduler@0.23.2/node_modules/scheduler/cjs/scheduler.development.js:239:14)
      at performWorkUntilDeadline (node_modules/.pnpm/scheduler@0.23.2/node_modules/scheduler/cjs/scheduler.development.js:533:21)
      at Timeout.task [as _onTimeout] (node_modules/.pnpm/jsdom@26.1.0/node_modules/jsdom/lib/jsdom/browser/Window.js:579:19)

  ● AttendanceComparisonDashboard › displays top performers correctly

    Unable to find an element with the text: Top Performers. This could be because the text is broken up by multiple elements. In this case, you can provide a function for your text matcher to make your matcher more flexible.

    Ignored nodes: comments, script, style
    [36m<body>[39m
      [36m<div />[39m
    [36m</body>[39m

      324 |     render(<AttendanceComparisonDashboard />);
      325 |
    > 326 |     await waitFor(() => {
          |                  ^
      327 |       expect(screen.getByText('Top Performers')).toBeInTheDocument();
      328 |       expect(screen.getByText('Best Attendance Rate')).toBeInTheDocument();
      329 |       expect(screen.getByText('Most Consistent')).toBeInTheDocument();

      at waitForWrapper (node_modules/.pnpm/@testing-library+dom@10.4.0/node_modules/@testing-library/dom/dist/wait-for.js:163:27)
      at Object.<anonymous> (src/components/admin/attendance/__tests__/AttendanceComparisonDashboard.test.tsx:326:18)

  ● AttendanceComparisonDashboard › handles export functionality

    createRoot(...): Target container is not a DOM element.

      351 |     jest.spyOn(document.body, 'removeChild').mockImplementation(mockRemoveChild);
      352 |
    > 353 |     render(<AttendanceComparisonDashboard />);
          |           ^
      354 |
      355 |     await waitFor(() => {
      356 |       expect(screen.getByText('Attendance Comparison Dashboard')).toBeInTheDocument();

      at createRoot (node_modules/.pnpm/react-dom@18.3.1_react@18.3.1/node_modules/react-dom/cjs/react-dom.development.js:29384:11)
      at Object.createRoot$1 [as createRoot] (node_modules/.pnpm/react-dom@18.3.1_react@18.3.1/node_modules/react-dom/cjs/react-dom.development.js:29855:10)
      at Object.exports.createRoot (node_modules/.pnpm/react-dom@18.3.1_react@18.3.1/node_modules/react-dom/client.js:12:16)
      at createConcurrentRoot (node_modules/.pnpm/@testing-library+react@16.3.0_@testing-library+dom@10.4.0_@types+react-dom@18.3.7_@type_efee5276f61270375aed4c032a71d5e5/node_modules/@testing-library/react/dist/pure.js:147:27)
      at render (node_modules/.pnpm/@testing-library+react@16.3.0_@testing-library+dom@10.4.0_@types+react-dom@18.3.7_@type_efee5276f61270375aed4c032a71d5e5/node_modules/@testing-library/react/dist/pure.js:266:12)
      at Object.<anonymous> (src/components/admin/attendance/__tests__/AttendanceComparisonDashboard.test.tsx:353:11)

  ● AttendanceComparisonDashboard › handles refresh functionality

    createRoot(...): Target container is not a DOM element.

      366 |
      367 |   it('handles refresh functionality', async () => {
    > 368 |     render(<AttendanceComparisonDashboard />);
          |           ^
      369 |
      370 |     await waitFor(() => {
      371 |       expect(screen.getByText('Attendance Comparison Dashboard')).toBeInTheDocument();

      at createRoot (node_modules/.pnpm/react-dom@18.3.1_react@18.3.1/node_modules/react-dom/cjs/react-dom.development.js:29384:11)
      at Object.createRoot$1 [as createRoot] (node_modules/.pnpm/react-dom@18.3.1_react@18.3.1/node_modules/react-dom/cjs/react-dom.development.js:29855:10)
      at Object.exports.createRoot (node_modules/.pnpm/react-dom@18.3.1_react@18.3.1/node_modules/react-dom/client.js:12:16)
      at createConcurrentRoot (node_modules/.pnpm/@testing-library+react@16.3.0_@testing-library+dom@10.4.0_@types+react-dom@18.3.7_@type_efee5276f61270375aed4c032a71d5e5/node_modules/@testing-library/react/dist/pure.js:147:27)
      at render (node_modules/.pnpm/@testing-library+react@16.3.0_@testing-library+dom@10.4.0_@types+react-dom@18.3.7_@type_efee5276f61270375aed4c032a71d5e5/node_modules/@testing-library/react/dist/pure.js:266:12)
      at Object.<anonymous> (src/components/admin/attendance/__tests__/AttendanceComparisonDashboard.test.tsx:368:11)

  ● AttendanceComparisonDashboard › displays progress bars for attendance rates

    createRoot(...): Target container is not a DOM element.

      385 |
      386 |   it('displays progress bars for attendance rates', async () => {
    > 387 |     render(<AttendanceComparisonDashboard />);
          |           ^
      388 |
      389 |     await waitFor(() => {
      390 |       const progressBars = screen.getAllByRole('progressbar');

      at createRoot (node_modules/.pnpm/react-dom@18.3.1_react@18.3.1/node_modules/react-dom/cjs/react-dom.development.js:29384:11)
      at Object.createRoot$1 [as createRoot] (node_modules/.pnpm/react-dom@18.3.1_react@18.3.1/node_modules/react-dom/cjs/react-dom.development.js:29855:10)
      at Object.exports.createRoot (node_modules/.pnpm/react-dom@18.3.1_react@18.3.1/node_modules/react-dom/client.js:12:16)
      at createConcurrentRoot (node_modules/.pnpm/@testing-library+react@16.3.0_@testing-library+dom@10.4.0_@types+react-dom@18.3.7_@type_efee5276f61270375aed4c032a71d5e5/node_modules/@testing-library/react/dist/pure.js:147:27)
      at render (node_modules/.pnpm/@testing-library+react@16.3.0_@testing-library+dom@10.4.0_@types+react-dom@18.3.7_@type_efee5276f61270375aed4c032a71d5e5/node_modules/@testing-library/react/dist/pure.js:266:12)
      at Object.<anonymous> (src/components/admin/attendance/__tests__/AttendanceComparisonDashboard.test.tsx:387:11)

  ● AttendanceComparisonDashboard › shows badges for course types

    createRoot(...): Target container is not a DOM element.

      395 |
      396 |   it('shows badges for course types', async () => {
    > 397 |     render(<AttendanceComparisonDashboard />);
          |           ^
      398 |
      399 |     await waitFor(() => {
      400 |       expect(screen.getByText('Basic')).toBeInTheDocument();

      at createRoot (node_modules/.pnpm/react-dom@18.3.1_react@18.3.1/node_modules/react-dom/cjs/react-dom.development.js:29384:11)
      at Object.createRoot$1 [as createRoot] (node_modules/.pnpm/react-dom@18.3.1_react@18.3.1/node_modules/react-dom/cjs/react-dom.development.js:29855:10)
      at Object.exports.createRoot (node_modules/.pnpm/react-dom@18.3.1_react@18.3.1/node_modules/react-dom/client.js:12:16)
      at createConcurrentRoot (node_modules/.pnpm/@testing-library+react@16.3.0_@testing-library+dom@10.4.0_@types+react-dom@18.3.7_@type_efee5276f61270375aed4c032a71d5e5/node_modules/@testing-library/react/dist/pure.js:147:27)
      at render (node_modules/.pnpm/@testing-library+react@16.3.0_@testing-library+dom@10.4.0_@types+react-dom@18.3.7_@type_efee5276f61270375aed4c032a71d5e5/node_modules/@testing-library/react/dist/pure.js:266:12)
      at Object.<anonymous> (src/components/admin/attendance/__tests__/AttendanceComparisonDashboard.test.tsx:397:11)

  ● AttendanceComparisonDashboard › highlights selected classes in table

    createRoot(...): Target container is not a DOM element.

      404 |
      405 |   it('highlights selected classes in table', async () => {
    > 406 |     render(<AttendanceComparisonDashboard />);
          |           ^
      407 |
      408 |     await waitFor(() => {
      409 |       // Auto-selected top 5 classes should be highlighted

      at createRoot (node_modules/.pnpm/react-dom@18.3.1_react@18.3.1/node_modules/react-dom/cjs/react-dom.development.js:29384:11)
      at Object.createRoot$1 [as createRoot] (node_modules/.pnpm/react-dom@18.3.1_react@18.3.1/node_modules/react-dom/cjs/react-dom.development.js:29855:10)
      at Object.exports.createRoot (node_modules/.pnpm/react-dom@18.3.1_react@18.3.1/node_modules/react-dom/client.js:12:16)
      at createConcurrentRoot (node_modules/.pnpm/@testing-library+react@16.3.0_@testing-library+dom@10.4.0_@types+react-dom@18.3.7_@type_efee5276f61270375aed4c032a71d5e5/node_modules/@testing-library/react/dist/pure.js:147:27)
      at render (node_modules/.pnpm/@testing-library+react@16.3.0_@testing-library+dom@10.4.0_@types+react-dom@18.3.7_@type_efee5276f61270375aed4c032a71d5e5/node_modules/@testing-library/react/dist/pure.js:266:12)
      at Object.<anonymous> (src/components/admin/attendance/__tests__/AttendanceComparisonDashboard.test.tsx:406:11)

  ● AttendanceComparisonDashboard › handles at-risk students display

    createRoot(...): Target container is not a DOM element.

      415 |
      416 |   it('handles at-risk students display', async () => {
    > 417 |     render(<AttendanceComparisonDashboard />);
          |           ^
      418 |
      419 |     await waitFor(() => {
      420 |       // Should show check marks or risk badges based on student data

      at createRoot (node_modules/.pnpm/react-dom@18.3.1_react@18.3.1/node_modules/react-dom/cjs/react-dom.development.js:29384:11)
      at Object.createRoot$1 [as createRoot] (node_modules/.pnpm/react-dom@18.3.1_react@18.3.1/node_modules/react-dom/cjs/react-dom.development.js:29855:10)
      at Object.exports.createRoot (node_modules/.pnpm/react-dom@18.3.1_react@18.3.1/node_modules/react-dom/client.js:12:16)
      at createConcurrentRoot (node_modules/.pnpm/@testing-library+react@16.3.0_@testing-library+dom@10.4.0_@types+react-dom@18.3.7_@type_efee5276f61270375aed4c032a71d5e5/node_modules/@testing-library/react/dist/pure.js:147:27)
      at render (node_modules/.pnpm/@testing-library+react@16.3.0_@testing-library+dom@10.4.0_@types+react-dom@18.3.7_@type_efee5276f61270375aed4c032a71d5e5/node_modules/@testing-library/react/dist/pure.js:266:12)
      at Object.<anonymous> (src/components/admin/attendance/__tests__/AttendanceComparisonDashboard.test.tsx:417:11)

  ● AttendanceComparisonDashboard › filters by course type correctly

    createRoot(...): Target container is not a DOM element.

      425 |
      426 |   it('filters by course type correctly', async () => {
    > 427 |     render(<AttendanceComparisonDashboard />);
          |           ^
      428 |
      429 |     // Wait for initial load
      430 |     await waitFor(() => {

      at createRoot (node_modules/.pnpm/react-dom@18.3.1_react@18.3.1/node_modules/react-dom/cjs/react-dom.development.js:29384:11)
      at Object.createRoot$1 [as createRoot] (node_modules/.pnpm/react-dom@18.3.1_react@18.3.1/node_modules/react-dom/cjs/react-dom.development.js:29855:10)
      at Object.exports.createRoot (node_modules/.pnpm/react-dom@18.3.1_react@18.3.1/node_modules/react-dom/client.js:12:16)
      at createConcurrentRoot (node_modules/.pnpm/@testing-library+react@16.3.0_@testing-library+dom@10.4.0_@types+react-dom@18.3.7_@type_efee5276f61270375aed4c032a71d5e5/node_modules/@testing-library/react/dist/pure.js:147:27)
      at render (node_modules/.pnpm/@testing-library+react@16.3.0_@testing-library+dom@10.4.0_@types+react-dom@18.3.7_@type_efee5276f61270375aed4c032a71d5e5/node_modules/@testing-library/react/dist/pure.js:266:12)
      at Object.<anonymous> (src/components/admin/attendance/__tests__/AttendanceComparisonDashboard.test.tsx:427:11)

  ● AttendanceComparisonDashboard › calculates average metrics correctly

    createRoot(...): Target container is not a DOM element.

      447 |
      448 |   it('calculates average metrics correctly', async () => {
    > 449 |     render(<AttendanceComparisonDashboard />);
          |           ^
      450 |
      451 |     await waitFor(() => {
      452 |       // Average of 85.0, 83.3, 93.3 = 87.2%

      at createRoot (node_modules/.pnpm/react-dom@18.3.1_react@18.3.1/node_modules/react-dom/cjs/react-dom.development.js:29384:11)
      at Object.createRoot$1 [as createRoot] (node_modules/.pnpm/react-dom@18.3.1_react@18.3.1/node_modules/react-dom/cjs/react-dom.development.js:29855:10)
      at Object.exports.createRoot (node_modules/.pnpm/react-dom@18.3.1_react@18.3.1/node_modules/react-dom/client.js:12:16)
      at createConcurrentRoot (node_modules/.pnpm/@testing-library+react@16.3.0_@testing-library+dom@10.4.0_@types+react-dom@18.3.7_@type_efee5276f61270375aed4c032a71d5e5/node_modules/@testing-library/react/dist/pure.js:147:27)
      at render (node_modules/.pnpm/@testing-library+react@16.3.0_@testing-library+dom@10.4.0_@types+react-dom@18.3.7_@type_efee5276f61270375aed4c032a71d5e5/node_modules/@testing-library/react/dist/pure.js:266:12)
      at Object.<anonymous> (src/components/admin/attendance/__tests__/AttendanceComparisonDashboard.test.tsx:449:11)

  ● AttendanceComparisonDashboard › handles service errors gracefully

    createRoot(...): Target container is not a DOM element.

      462 |     mockAttendanceService.getAttendanceByClass.mockRejectedValue(new Error(errorMessage));
      463 |
    > 464 |     render(<AttendanceComparisonDashboard />);
          |           ^
      465 |
      466 |     await waitFor(() => {
      467 |       expect(screen.getByText(errorMessage)).toBeInTheDocument();

      at createRoot (node_modules/.pnpm/react-dom@18.3.1_react@18.3.1/node_modules/react-dom/cjs/react-dom.development.js:29384:11)
      at Object.createRoot$1 [as createRoot] (node_modules/.pnpm/react-dom@18.3.1_react@18.3.1/node_modules/react-dom/cjs/react-dom.development.js:29855:10)
      at Object.exports.createRoot (node_modules/.pnpm/react-dom@18.3.1_react@18.3.1/node_modules/react-dom/client.js:12:16)
      at createConcurrentRoot (node_modules/.pnpm/@testing-library+react@16.3.0_@testing-library+dom@10.4.0_@types+react-dom@18.3.7_@type_efee5276f61270375aed4c032a71d5e5/node_modules/@testing-library/react/dist/pure.js:147:27)
      at render (node_modules/.pnpm/@testing-library+react@16.3.0_@testing-library+dom@10.4.0_@types+react-dom@18.3.7_@type_efee5276f61270375aed4c032a71d5e5/node_modules/@testing-library/react/dist/pure.js:266:12)
      at Object.<anonymous> (src/components/admin/attendance/__tests__/AttendanceComparisonDashboard.test.tsx:464:11)

  ● AttendanceComparisonDashboard › handles empty data gracefully

    createRoot(...): Target container is not a DOM element.

      472 |     mockAttendanceService.getAttendanceByClass.mockResolvedValue([]);
      473 |
    > 474 |     render(<AttendanceComparisonDashboard />);
          |           ^
      475 |
      476 |     await waitFor(() => {
      477 |       // Should handle empty state without crashing

      at createRoot (node_modules/.pnpm/react-dom@18.3.1_react@18.3.1/node_modules/react-dom/cjs/react-dom.development.js:29384:11)
      at Object.createRoot$1 [as createRoot] (node_modules/.pnpm/react-dom@18.3.1_react@18.3.1/node_modules/react-dom/cjs/react-dom.development.js:29855:10)
      at Object.exports.createRoot (node_modules/.pnpm/react-dom@18.3.1_react@18.3.1/node_modules/react-dom/client.js:12:16)
      at createConcurrentRoot (node_modules/.pnpm/@testing-library+react@16.3.0_@testing-library+dom@10.4.0_@types+react-dom@18.3.7_@type_efee5276f61270375aed4c032a71d5e5/node_modules/@testing-library/react/dist/pure.js:147:27)
      at render (node_modules/.pnpm/@testing-library+react@16.3.0_@testing-library+dom@10.4.0_@types+react-dom@18.3.7_@type_efee5276f61270375aed4c032a71d5e5/node_modules/@testing-library/react/dist/pure.js:266:12)
      at Object.<anonymous> (src/components/admin/attendance/__tests__/AttendanceComparisonDashboard.test.tsx:474:11)

  ● AttendanceComparisonDashboard › shows attendance vs consistency scatter plot data

    createRoot(...): Target container is not a DOM element.

      481 |
      482 |   it('shows attendance vs consistency scatter plot data', async () => {
    > 483 |     render(<AttendanceComparisonDashboard />);
          |           ^
      484 |
      485 |     await waitFor(() => {
      486 |       const scatterChart = screen.getByTestId('scatter-chart');

      at createRoot (node_modules/.pnpm/react-dom@18.3.1_react@18.3.1/node_modules/react-dom/cjs/react-dom.development.js:29384:11)
      at Object.createRoot$1 [as createRoot] (node_modules/.pnpm/react-dom@18.3.1_react@18.3.1/node_modules/react-dom/cjs/react-dom.development.js:29855:10)
      at Object.exports.createRoot (node_modules/.pnpm/react-dom@18.3.1_react@18.3.1/node_modules/react-dom/client.js:12:16)
      at createConcurrentRoot (node_modules/.pnpm/@testing-library+react@16.3.0_@testing-library+dom@10.4.0_@types+react-dom@18.3.7_@type_efee5276f61270375aed4c032a71d5e5/node_modules/@testing-library/react/dist/pure.js:147:27)
      at render (node_modules/.pnpm/@testing-library+react@16.3.0_@testing-library+dom@10.4.0_@types+react-dom@18.3.7_@type_efee5276f61270375aed4c032a71d5e5/node_modules/@testing-library/react/dist/pure.js:266:12)
      at Object.<anonymous> (src/components/admin/attendance/__tests__/AttendanceComparisonDashboard.test.tsx:483:11)

  ● AttendanceComparisonDashboard › displays student performance trends chart

    createRoot(...): Target container is not a DOM element.

      492 |
      493 |   it('displays student performance trends chart', async () => {
    > 494 |     render(<AttendanceComparisonDashboard />);
          |           ^
      495 |
      496 |     await waitFor(() => {
      497 |       // Should have a bar chart for student performance trends

      at createRoot (node_modules/.pnpm/react-dom@18.3.1_react@18.3.1/node_modules/react-dom/cjs/react-dom.development.js:29384:11)
      at Object.createRoot$1 [as createRoot] (node_modules/.pnpm/react-dom@18.3.1_react@18.3.1/node_modules/react-dom/cjs/react-dom.development.js:29855:10)
      at Object.exports.createRoot (node_modules/.pnpm/react-dom@18.3.1_react@18.3.1/node_modules/react-dom/client.js:12:16)
      at createConcurrentRoot (node_modules/.pnpm/@testing-library+react@16.3.0_@testing-library+dom@10.4.0_@types+react-dom@18.3.7_@type_efee5276f61270375aed4c032a71d5e5/node_modules/@testing-library/react/dist/pure.js:147:27)
      at render (node_modules/.pnpm/@testing-library+react@16.3.0_@testing-library+dom@10.4.0_@types+react-dom@18.3.7_@type_efee5276f61270375aed4c032a71d5e5/node_modules/@testing-library/react/dist/pure.js:266:12)
      at Object.<anonymous> (src/components/admin/attendance/__tests__/AttendanceComparisonDashboard.test.tsx:494:11)

  ● AttendanceComparisonDashboard › handles class analytics service failures gracefully

    createRoot(...): Target container is not a DOM element.

      508 |       .mockResolvedValueOnce(mockAnalyticsData);
      509 |
    > 510 |     render(<AttendanceComparisonDashboard />);
          |           ^
      511 |
      512 |     await waitFor(() => {
      513 |       // Should still display data for classes that succeeded

      at createRoot (node_modules/.pnpm/react-dom@18.3.1_react@18.3.1/node_modules/react-dom/cjs/react-dom.development.js:29384:11)
      at Object.createRoot$1 [as createRoot] (node_modules/.pnpm/react-dom@18.3.1_react@18.3.1/node_modules/react-dom/cjs/react-dom.development.js:29855:10)
      at Object.exports.createRoot (node_modules/.pnpm/react-dom@18.3.1_react@18.3.1/node_modules/react-dom/client.js:12:16)
      at createConcurrentRoot (node_modules/.pnpm/@testing-library+react@16.3.0_@testing-library+dom@10.4.0_@types+react-dom@18.3.7_@type_efee5276f61270375aed4c032a71d5e5/node_modules/@testing-library/react/dist/pure.js:147:27)
      at render (node_modules/.pnpm/@testing-library+react@16.3.0_@testing-library+dom@10.4.0_@types+react-dom@18.3.7_@type_efee5276f61270375aed4c032a71d5e5/node_modules/@testing-library/react/dist/pure.js:266:12)
      at Object.<anonymous> (src/components/admin/attendance/__tests__/AttendanceComparisonDashboard.test.tsx:510:11)

  ● AttendanceComparisonDashboard › sorting functionality › sorts by class name

    createRoot(...): Target container is not a DOM element.

      520 |   describe('sorting functionality', () => {
      521 |     it('sorts by class name', async () => {
    > 522 |       render(<AttendanceComparisonDashboard />);
          |             ^
      523 |
      524 |       await waitFor(() => {
      525 |         expect(screen.getByText('Detailed Class Performance')).toBeInTheDocument();

      at createRoot (node_modules/.pnpm/react-dom@18.3.1_react@18.3.1/node_modules/react-dom/cjs/react-dom.development.js:29384:11)
      at Object.createRoot$1 [as createRoot] (node_modules/.pnpm/react-dom@18.3.1_react@18.3.1/node_modules/react-dom/cjs/react-dom.development.js:29855:10)
      at Object.exports.createRoot (node_modules/.pnpm/react-dom@18.3.1_react@18.3.1/node_modules/react-dom/client.js:12:16)
      at createConcurrentRoot (node_modules/.pnpm/@testing-library+react@16.3.0_@testing-library+dom@10.4.0_@types+react-dom@18.3.7_@type_efee5276f61270375aed4c032a71d5e5/node_modules/@testing-library/react/dist/pure.js:147:27)
      at render (node_modules/.pnpm/@testing-library+react@16.3.0_@testing-library+dom@10.4.0_@types+react-dom@18.3.7_@type_efee5276f61270375aed4c032a71d5e5/node_modules/@testing-library/react/dist/pure.js:266:12)
      at Object.<anonymous> (src/components/admin/attendance/__tests__/AttendanceComparisonDashboard.test.tsx:522:13)

  ● AttendanceComparisonDashboard › sorting functionality › sorts by total sessions

    createRoot(...): Target container is not a DOM element.

      537 |
      538 |     it('sorts by total sessions', async () => {
    > 539 |       render(<AttendanceComparisonDashboard />);
          |             ^
      540 |
      541 |       await waitFor(() => {
      542 |         expect(screen.getByText('Detailed Class Performance')).toBeInTheDocument();

      at createRoot (node_modules/.pnpm/react-dom@18.3.1_react@18.3.1/node_modules/react-dom/cjs/react-dom.development.js:29384:11)
      at Object.createRoot$1 [as createRoot] (node_modules/.pnpm/react-dom@18.3.1_react@18.3.1/node_modules/react-dom/cjs/react-dom.development.js:29855:10)
      at Object.exports.createRoot (node_modules/.pnpm/react-dom@18.3.1_react@18.3.1/node_modules/react-dom/client.js:12:16)
      at createConcurrentRoot (node_modules/.pnpm/@testing-library+react@16.3.0_@testing-library+dom@10.4.0_@types+react-dom@18.3.7_@type_efee5276f61270375aed4c032a71d5e5/node_modules/@testing-library/react/dist/pure.js:147:27)
      at render (node_modules/.pnpm/@testing-library+react@16.3.0_@testing-library+dom@10.4.0_@types+react-dom@18.3.7_@type_efee5276f61270375aed4c032a71d5e5/node_modules/@testing-library/react/dist/pure.js:266:12)
      at Object.<anonymous> (src/components/admin/attendance/__tests__/AttendanceComparisonDashboard.test.tsx:539:13)

FAIL src/components/admin/attendance/__tests__/AttendancePredictiveAnalytics.test.tsx (8.539 s)
  ● Console

    console.error
      Warning: An update to AttendancePredictiveAnalytics inside a test was not wrapped in act(...).
      
      When testing, code that causes React state updates should be wrapped into act(...):
      
      act(() => {
        /* fire events that update state */
      });
      /* assert on the output */
      
      This ensures that you're testing the behavior the user would see in the browser. Learn more at https://reactjs.org/link/wrap-tests-with-act
          at classId (/Users/invoture/dev.local/hey-peter/src/components/admin/attendance/AttendancePredictiveAnalytics.tsx:72:3)

       98 |         const historicalData = generateHistoricalData(analytics.trends);
       99 |
    > 100 |         setPredictiveData([{
          |         ^
      101 |           classId: selectedClassId,
      102 |           className: analytics.className,
      103 |           predictions: analytics.predictions,

      at printWarning (node_modules/.pnpm/react-dom@18.3.1_react@18.3.1/node_modules/react-dom/cjs/react-dom.development.js:86:30)
      at error (node_modules/.pnpm/react-dom@18.3.1_react@18.3.1/node_modules/react-dom/cjs/react-dom.development.js:60:7)
      at warnIfUpdatesNotWrappedWithActDEV (node_modules/.pnpm/react-dom@18.3.1_react@18.3.1/node_modules/react-dom/cjs/react-dom.development.js:27628:9)
      at scheduleUpdateOnFiber (node_modules/.pnpm/react-dom@18.3.1_react@18.3.1/node_modules/react-dom/cjs/react-dom.development.js:25547:5)
      at dispatchSetState (node_modules/.pnpm/react-dom@18.3.1_react@18.3.1/node_modules/react-dom/cjs/react-dom.development.js:16708:7)
      at setPredictiveData (src/components/admin/attendance/AttendancePredictiveAnalytics.tsx:100:9)

    console.error
      Warning: An update to AttendancePredictiveAnalytics inside a test was not wrapped in act(...).
      
      When testing, code that causes React state updates should be wrapped into act(...):
      
      act(() => {
        /* fire events that update state */
      });
      /* assert on the output */
      
      This ensures that you're testing the behavior the user would see in the browser. Learn more at https://reactjs.org/link/wrap-tests-with-act
          at classId (/Users/invoture/dev.local/hey-peter/src/components/admin/attendance/AttendancePredictiveAnalytics.tsx:72:3)

      132 |       setError(err instanceof Error ? err.message : 'Failed to load predictive analytics');
      133 |     } finally {
    > 134 |       setLoading(false);
          |       ^
      135 |     }
      136 |   };
      137 |

      at printWarning (node_modules/.pnpm/react-dom@18.3.1_react@18.3.1/node_modules/react-dom/cjs/react-dom.development.js:86:30)
      at error (node_modules/.pnpm/react-dom@18.3.1_react@18.3.1/node_modules/react-dom/cjs/react-dom.development.js:60:7)
      at warnIfUpdatesNotWrappedWithActDEV (node_modules/.pnpm/react-dom@18.3.1_react@18.3.1/node_modules/react-dom/cjs/react-dom.development.js:27628:9)
      at scheduleUpdateOnFiber (node_modules/.pnpm/react-dom@18.3.1_react@18.3.1/node_modules/react-dom/cjs/react-dom.development.js:25547:5)
      at dispatchSetState (node_modules/.pnpm/react-dom@18.3.1_react@18.3.1/node_modules/react-dom/cjs/react-dom.development.js:16708:7)
      at setLoading (src/components/admin/attendance/AttendancePredictiveAnalytics.tsx:134:7)

    console.error
      Warning: An update to AttendancePredictiveAnalytics inside a test was not wrapped in act(...).
      
      When testing, code that causes React state updates should be wrapped into act(...):
      
      act(() => {
        /* fire events that update state */
      });
      /* assert on the output */
      
      This ensures that you're testing the behavior the user would see in the browser. Learn more at https://reactjs.org/link/wrap-tests-with-act
          at classId (/Users/invoture/dev.local/hey-peter/src/components/admin/attendance/AttendancePredictiveAnalytics.tsx:72:3)

       98 |         const historicalData = generateHistoricalData(analytics.trends);
       99 |
    > 100 |         setPredictiveData([{
          |         ^
      101 |           classId: selectedClassId,
      102 |           className: analytics.className,
      103 |           predictions: analytics.predictions,

      at printWarning (node_modules/.pnpm/react-dom@18.3.1_react@18.3.1/node_modules/react-dom/cjs/react-dom.development.js:86:30)
      at error (node_modules/.pnpm/react-dom@18.3.1_react@18.3.1/node_modules/react-dom/cjs/react-dom.development.js:60:7)
      at warnIfUpdatesNotWrappedWithActDEV (node_modules/.pnpm/react-dom@18.3.1_react@18.3.1/node_modules/react-dom/cjs/react-dom.development.js:27628:9)
      at scheduleUpdateOnFiber (node_modules/.pnpm/react-dom@18.3.1_react@18.3.1/node_modules/react-dom/cjs/react-dom.development.js:25547:5)
      at dispatchSetState (node_modules/.pnpm/react-dom@18.3.1_react@18.3.1/node_modules/react-dom/cjs/react-dom.development.js:16708:7)
      at setPredictiveData (src/components/admin/attendance/AttendancePredictiveAnalytics.tsx:100:9)

    console.error
      Warning: An update to AttendancePredictiveAnalytics inside a test was not wrapped in act(...).
      
      When testing, code that causes React state updates should be wrapped into act(...):
      
      act(() => {
        /* fire events that update state */
      });
      /* assert on the output */
      
      This ensures that you're testing the behavior the user would see in the browser. Learn more at https://reactjs.org/link/wrap-tests-with-act
          at classId (/Users/invoture/dev.local/hey-peter/src/components/admin/attendance/AttendancePredictiveAnalytics.tsx:72:3)

      132 |       setError(err instanceof Error ? err.message : 'Failed to load predictive analytics');
      133 |     } finally {
    > 134 |       setLoading(false);
          |       ^
      135 |     }
      136 |   };
      137 |

      at printWarning (node_modules/.pnpm/react-dom@18.3.1_react@18.3.1/node_modules/react-dom/cjs/react-dom.development.js:86:30)
      at error (node_modules/.pnpm/react-dom@18.3.1_react@18.3.1/node_modules/react-dom/cjs/react-dom.development.js:60:7)
      at warnIfUpdatesNotWrappedWithActDEV (node_modules/.pnpm/react-dom@18.3.1_react@18.3.1/node_modules/react-dom/cjs/react-dom.development.js:27628:9)
      at scheduleUpdateOnFiber (node_modules/.pnpm/react-dom@18.3.1_react@18.3.1/node_modules/react-dom/cjs/react-dom.development.js:25547:5)
      at dispatchSetState (node_modules/.pnpm/react-dom@18.3.1_react@18.3.1/node_modules/react-dom/cjs/react-dom.development.js:16708:7)
      at setLoading (src/components/admin/attendance/AttendancePredictiveAnalytics.tsx:134:7)

    console.error
      Warning: An update to AttendancePredictiveAnalytics inside a test was not wrapped in act(...).
      
      When testing, code that causes React state updates should be wrapped into act(...):
      
      act(() => {
        /* fire events that update state */
      });
      /* assert on the output */
      
      This ensures that you're testing the behavior the user would see in the browser. Learn more at https://reactjs.org/link/wrap-tests-with-act
          at classId (/Users/invoture/dev.local/hey-peter/src/components/admin/attendance/AttendancePredictiveAnalytics.tsx:72:3)

       98 |         const historicalData = generateHistoricalData(analytics.trends);
       99 |
    > 100 |         setPredictiveData([{
          |         ^
      101 |           classId: selectedClassId,
      102 |           className: analytics.className,
      103 |           predictions: analytics.predictions,

      at printWarning (node_modules/.pnpm/react-dom@18.3.1_react@18.3.1/node_modules/react-dom/cjs/react-dom.development.js:86:30)
      at error (node_modules/.pnpm/react-dom@18.3.1_react@18.3.1/node_modules/react-dom/cjs/react-dom.development.js:60:7)
      at warnIfUpdatesNotWrappedWithActDEV (node_modules/.pnpm/react-dom@18.3.1_react@18.3.1/node_modules/react-dom/cjs/react-dom.development.js:27628:9)
      at scheduleUpdateOnFiber (node_modules/.pnpm/react-dom@18.3.1_react@18.3.1/node_modules/react-dom/cjs/react-dom.development.js:25547:5)
      at dispatchSetState (node_modules/.pnpm/react-dom@18.3.1_react@18.3.1/node_modules/react-dom/cjs/react-dom.development.js:16708:7)
      at setPredictiveData (src/components/admin/attendance/AttendancePredictiveAnalytics.tsx:100:9)

    console.error
      Warning: An update to AttendancePredictiveAnalytics inside a test was not wrapped in act(...).
      
      When testing, code that causes React state updates should be wrapped into act(...):
      
      act(() => {
        /* fire events that update state */
      });
      /* assert on the output */
      
      This ensures that you're testing the behavior the user would see in the browser. Learn more at https://reactjs.org/link/wrap-tests-with-act
          at classId (/Users/invoture/dev.local/hey-peter/src/components/admin/attendance/AttendancePredictiveAnalytics.tsx:72:3)

      132 |       setError(err instanceof Error ? err.message : 'Failed to load predictive analytics');
      133 |     } finally {
    > 134 |       setLoading(false);
          |       ^
      135 |     }
      136 |   };
      137 |

      at printWarning (node_modules/.pnpm/react-dom@18.3.1_react@18.3.1/node_modules/react-dom/cjs/react-dom.development.js:86:30)
      at error (node_modules/.pnpm/react-dom@18.3.1_react@18.3.1/node_modules/react-dom/cjs/react-dom.development.js:60:7)
      at warnIfUpdatesNotWrappedWithActDEV (node_modules/.pnpm/react-dom@18.3.1_react@18.3.1/node_modules/react-dom/cjs/react-dom.development.js:27628:9)
      at scheduleUpdateOnFiber (node_modules/.pnpm/react-dom@18.3.1_react@18.3.1/node_modules/react-dom/cjs/react-dom.development.js:25547:5)
      at dispatchSetState (node_modules/.pnpm/react-dom@18.3.1_react@18.3.1/node_modules/react-dom/cjs/react-dom.development.js:16708:7)
      at setLoading (src/components/admin/attendance/AttendancePredictiveAnalytics.tsx:134:7)

    console.error
      Warning: An update to AttendancePredictiveAnalytics inside a test was not wrapped in act(...).
      
      When testing, code that causes React state updates should be wrapped into act(...):
      
      act(() => {
        /* fire events that update state */
      });
      /* assert on the output */
      
      This ensures that you're testing the behavior the user would see in the browser. Learn more at https://reactjs.org/link/wrap-tests-with-act
          at classId (/Users/invoture/dev.local/hey-peter/src/components/admin/attendance/AttendancePredictiveAnalytics.tsx:72:3)

       98 |         const historicalData = generateHistoricalData(analytics.trends);
       99 |
    > 100 |         setPredictiveData([{
          |         ^
      101 |           classId: selectedClassId,
      102 |           className: analytics.className,
      103 |           predictions: analytics.predictions,

      at printWarning (node_modules/.pnpm/react-dom@18.3.1_react@18.3.1/node_modules/react-dom/cjs/react-dom.development.js:86:30)
      at error (node_modules/.pnpm/react-dom@18.3.1_react@18.3.1/node_modules/react-dom/cjs/react-dom.development.js:60:7)
      at warnIfUpdatesNotWrappedWithActDEV (node_modules/.pnpm/react-dom@18.3.1_react@18.3.1/node_modules/react-dom/cjs/react-dom.development.js:27628:9)
      at scheduleUpdateOnFiber (node_modules/.pnpm/react-dom@18.3.1_react@18.3.1/node_modules/react-dom/cjs/react-dom.development.js:25547:5)
      at dispatchSetState (node_modules/.pnpm/react-dom@18.3.1_react@18.3.1/node_modules/react-dom/cjs/react-dom.development.js:16708:7)
      at setPredictiveData (src/components/admin/attendance/AttendancePredictiveAnalytics.tsx:100:9)

    console.error
      Warning: An update to AttendancePredictiveAnalytics inside a test was not wrapped in act(...).
      
      When testing, code that causes React state updates should be wrapped into act(...):
      
      act(() => {
        /* fire events that update state */
      });
      /* assert on the output */
      
      This ensures that you're testing the behavior the user would see in the browser. Learn more at https://reactjs.org/link/wrap-tests-with-act
          at classId (/Users/invoture/dev.local/hey-peter/src/components/admin/attendance/AttendancePredictiveAnalytics.tsx:72:3)

      132 |       setError(err instanceof Error ? err.message : 'Failed to load predictive analytics');
      133 |     } finally {
    > 134 |       setLoading(false);
          |       ^
      135 |     }
      136 |   };
      137 |

      at printWarning (node_modules/.pnpm/react-dom@18.3.1_react@18.3.1/node_modules/react-dom/cjs/react-dom.development.js:86:30)
      at error (node_modules/.pnpm/react-dom@18.3.1_react@18.3.1/node_modules/react-dom/cjs/react-dom.development.js:60:7)
      at warnIfUpdatesNotWrappedWithActDEV (node_modules/.pnpm/react-dom@18.3.1_react@18.3.1/node_modules/react-dom/cjs/react-dom.development.js:27628:9)
      at scheduleUpdateOnFiber (node_modules/.pnpm/react-dom@18.3.1_react@18.3.1/node_modules/react-dom/cjs/react-dom.development.js:25547:5)
      at dispatchSetState (node_modules/.pnpm/react-dom@18.3.1_react@18.3.1/node_modules/react-dom/cjs/react-dom.development.js:16708:7)
      at setLoading (src/components/admin/attendance/AttendancePredictiveAnalytics.tsx:134:7)

    console.error
      Warning: An update to AttendancePredictiveAnalytics inside a test was not wrapped in act(...).
      
      When testing, code that causes React state updates should be wrapped into act(...):
      
      act(() => {
        /* fire events that update state */
      });
      /* assert on the output */
      
      This ensures that you're testing the behavior the user would see in the browser. Learn more at https://reactjs.org/link/wrap-tests-with-act
          at classId (/Users/invoture/dev.local/hey-peter/src/components/admin/attendance/AttendancePredictiveAnalytics.tsx:72:3)

       98 |         const historicalData = generateHistoricalData(analytics.trends);
       99 |
    > 100 |         setPredictiveData([{
          |         ^
      101 |           classId: selectedClassId,
      102 |           className: analytics.className,
      103 |           predictions: analytics.predictions,

      at printWarning (node_modules/.pnpm/react-dom@18.3.1_react@18.3.1/node_modules/react-dom/cjs/react-dom.development.js:86:30)
      at error (node_modules/.pnpm/react-dom@18.3.1_react@18.3.1/node_modules/react-dom/cjs/react-dom.development.js:60:7)
      at warnIfUpdatesNotWrappedWithActDEV (node_modules/.pnpm/react-dom@18.3.1_react@18.3.1/node_modules/react-dom/cjs/react-dom.development.js:27628:9)
      at scheduleUpdateOnFiber (node_modules/.pnpm/react-dom@18.3.1_react@18.3.1/node_modules/react-dom/cjs/react-dom.development.js:25547:5)
      at dispatchSetState (node_modules/.pnpm/react-dom@18.3.1_react@18.3.1/node_modules/react-dom/cjs/react-dom.development.js:16708:7)
      at setPredictiveData (src/components/admin/attendance/AttendancePredictiveAnalytics.tsx:100:9)

    console.error
      Warning: An update to AttendancePredictiveAnalytics inside a test was not wrapped in act(...).
      
      When testing, code that causes React state updates should be wrapped into act(...):
      
      act(() => {
        /* fire events that update state */
      });
      /* assert on the output */
      
      This ensures that you're testing the behavior the user would see in the browser. Learn more at https://reactjs.org/link/wrap-tests-with-act
          at classId (/Users/invoture/dev.local/hey-peter/src/components/admin/attendance/AttendancePredictiveAnalytics.tsx:72:3)

      132 |       setError(err instanceof Error ? err.message : 'Failed to load predictive analytics');
      133 |     } finally {
    > 134 |       setLoading(false);
          |       ^
      135 |     }
      136 |   };
      137 |

      at printWarning (node_modules/.pnpm/react-dom@18.3.1_react@18.3.1/node_modules/react-dom/cjs/react-dom.development.js:86:30)
      at error (node_modules/.pnpm/react-dom@18.3.1_react@18.3.1/node_modules/react-dom/cjs/react-dom.development.js:60:7)
      at warnIfUpdatesNotWrappedWithActDEV (node_modules/.pnpm/react-dom@18.3.1_react@18.3.1/node_modules/react-dom/cjs/react-dom.development.js:27628:9)
      at scheduleUpdateOnFiber (node_modules/.pnpm/react-dom@18.3.1_react@18.3.1/node_modules/react-dom/cjs/react-dom.development.js:25547:5)
      at dispatchSetState (node_modules/.pnpm/react-dom@18.3.1_react@18.3.1/node_modules/react-dom/cjs/react-dom.development.js:16708:7)
      at setLoading (src/components/admin/attendance/AttendancePredictiveAnalytics.tsx:134:7)

    console.error
      Warning: An update to AttendancePredictiveAnalytics inside a test was not wrapped in act(...).
      
      When testing, code that causes React state updates should be wrapped into act(...):
      
      act(() => {
        /* fire events that update state */
      });
      /* assert on the output */
      
      This ensures that you're testing the behavior the user would see in the browser. Learn more at https://reactjs.org/link/wrap-tests-with-act
          at classId (/Users/invoture/dev.local/hey-peter/src/components/admin/attendance/AttendancePredictiveAnalytics.tsx:72:3)

       98 |         const historicalData = generateHistoricalData(analytics.trends);
       99 |
    > 100 |         setPredictiveData([{
          |         ^
      101 |           classId: selectedClassId,
      102 |           className: analytics.className,
      103 |           predictions: analytics.predictions,

      at printWarning (node_modules/.pnpm/react-dom@18.3.1_react@18.3.1/node_modules/react-dom/cjs/react-dom.development.js:86:30)
      at error (node_modules/.pnpm/react-dom@18.3.1_react@18.3.1/node_modules/react-dom/cjs/react-dom.development.js:60:7)
      at warnIfUpdatesNotWrappedWithActDEV (node_modules/.pnpm/react-dom@18.3.1_react@18.3.1/node_modules/react-dom/cjs/react-dom.development.js:27628:9)
      at scheduleUpdateOnFiber (node_modules/.pnpm/react-dom@18.3.1_react@18.3.1/node_modules/react-dom/cjs/react-dom.development.js:25547:5)
      at dispatchSetState (node_modules/.pnpm/react-dom@18.3.1_react@18.3.1/node_modules/react-dom/cjs/react-dom.development.js:16708:7)
      at setPredictiveData (src/components/admin/attendance/AttendancePredictiveAnalytics.tsx:100:9)

    console.error
      Warning: An update to AttendancePredictiveAnalytics inside a test was not wrapped in act(...).
      
      When testing, code that causes React state updates should be wrapped into act(...):
      
      act(() => {
        /* fire events that update state */
      });
      /* assert on the output */
      
      This ensures that you're testing the behavior the user would see in the browser. Learn more at https://reactjs.org/link/wrap-tests-with-act
          at classId (/Users/invoture/dev.local/hey-peter/src/components/admin/attendance/AttendancePredictiveAnalytics.tsx:72:3)

      132 |       setError(err instanceof Error ? err.message : 'Failed to load predictive analytics');
      133 |     } finally {
    > 134 |       setLoading(false);
          |       ^
      135 |     }
      136 |   };
      137 |

      at printWarning (node_modules/.pnpm/react-dom@18.3.1_react@18.3.1/node_modules/react-dom/cjs/react-dom.development.js:86:30)
      at error (node_modules/.pnpm/react-dom@18.3.1_react@18.3.1/node_modules/react-dom/cjs/react-dom.development.js:60:7)
      at warnIfUpdatesNotWrappedWithActDEV (node_modules/.pnpm/react-dom@18.3.1_react@18.3.1/node_modules/react-dom/cjs/react-dom.development.js:27628:9)
      at scheduleUpdateOnFiber (node_modules/.pnpm/react-dom@18.3.1_react@18.3.1/node_modules/react-dom/cjs/react-dom.development.js:25547:5)
      at dispatchSetState (node_modules/.pnpm/react-dom@18.3.1_react@18.3.1/node_modules/react-dom/cjs/react-dom.development.js:16708:7)
      at setLoading (src/components/admin/attendance/AttendancePredictiveAnalytics.tsx:134:7)

    console.error
      Warning: An update to AttendancePredictiveAnalytics inside a test was not wrapped in act(...).
      
      When testing, code that causes React state updates should be wrapped into act(...):
      
      act(() => {
        /* fire events that update state */
      });
      /* assert on the output */
      
      This ensures that you're testing the behavior the user would see in the browser. Learn more at https://reactjs.org/link/wrap-tests-with-act
          at classId (/Users/invoture/dev.local/hey-peter/src/components/admin/attendance/AttendancePredictiveAnalytics.tsx:72:3)

       98 |         const historicalData = generateHistoricalData(analytics.trends);
       99 |
    > 100 |         setPredictiveData([{
          |         ^
      101 |           classId: selectedClassId,
      102 |           className: analytics.className,
      103 |           predictions: analytics.predictions,

      at printWarning (node_modules/.pnpm/react-dom@18.3.1_react@18.3.1/node_modules/react-dom/cjs/react-dom.development.js:86:30)
      at error (node_modules/.pnpm/react-dom@18.3.1_react@18.3.1/node_modules/react-dom/cjs/react-dom.development.js:60:7)
      at warnIfUpdatesNotWrappedWithActDEV (node_modules/.pnpm/react-dom@18.3.1_react@18.3.1/node_modules/react-dom/cjs/react-dom.development.js:27628:9)
      at scheduleUpdateOnFiber (node_modules/.pnpm/react-dom@18.3.1_react@18.3.1/node_modules/react-dom/cjs/react-dom.development.js:25547:5)
      at dispatchSetState (node_modules/.pnpm/react-dom@18.3.1_react@18.3.1/node_modules/react-dom/cjs/react-dom.development.js:16708:7)
      at setPredictiveData (src/components/admin/attendance/AttendancePredictiveAnalytics.tsx:100:9)

    console.error
      Warning: An update to AttendancePredictiveAnalytics inside a test was not wrapped in act(...).
      
      When testing, code that causes React state updates should be wrapped into act(...):
      
      act(() => {
        /* fire events that update state */
      });
      /* assert on the output */
      
      This ensures that you're testing the behavior the user would see in the browser. Learn more at https://reactjs.org/link/wrap-tests-with-act
          at classId (/Users/invoture/dev.local/hey-peter/src/components/admin/attendance/AttendancePredictiveAnalytics.tsx:72:3)

      132 |       setError(err instanceof Error ? err.message : 'Failed to load predictive analytics');
      133 |     } finally {
    > 134 |       setLoading(false);
          |       ^
      135 |     }
      136 |   };
      137 |

      at printWarning (node_modules/.pnpm/react-dom@18.3.1_react@18.3.1/node_modules/react-dom/cjs/react-dom.development.js:86:30)
      at error (node_modules/.pnpm/react-dom@18.3.1_react@18.3.1/node_modules/react-dom/cjs/react-dom.development.js:60:7)
      at warnIfUpdatesNotWrappedWithActDEV (node_modules/.pnpm/react-dom@18.3.1_react@18.3.1/node_modules/react-dom/cjs/react-dom.development.js:27628:9)
      at scheduleUpdateOnFiber (node_modules/.pnpm/react-dom@18.3.1_react@18.3.1/node_modules/react-dom/cjs/react-dom.development.js:25547:5)
      at dispatchSetState (node_modules/.pnpm/react-dom@18.3.1_react@18.3.1/node_modules/react-dom/cjs/react-dom.development.js:16708:7)
      at setLoading (src/components/admin/attendance/AttendancePredictiveAnalytics.tsx:134:7)

  ● AttendancePredictiveAnalytics › renders dashboard with title and description

    TestingLibraryElementError: Unable to find an element with the text: Predictive Attendance Analytics. This could be because the text is broken up by multiple elements. In this case, you can provide a function for your text matcher to make your matcher more flexible.

    Ignored nodes: comments, script, style
    [36m<body>[39m
      [36m<div>[39m
        [36m<div[39m
          [33mclass[39m=[32m"space-y-6"[39m
        [36m>[39m
          [36m<div[39m
            [33mclass[39m=[32m"flex items-center justify-between"[39m
          [36m>[39m
            [36m<div[39m
              [33mclass[39m=[32m"space-y-2"[39m
            [36m>[39m
              [36m<div[39m
                [33mclass[39m=[32m"h-6 w-48 bg-muted animate-pulse rounded"[39m
              [36m/>[39m
              [36m<div[39m
                [33mclass[39m=[32m"h-4 w-32 bg-muted animate-pulse rounded"[39m
              [36m/>[39m
            [36m</div>[39m
          [36m</div>[39m
          [36m<div[39m
            [33mclass[39m=[32m"grid gap-4 md:grid-cols-2 lg:grid-cols-4"[39m
          [36m>[39m
            [36m<div[39m
              [33mclass[39m=[32m"bg-card text-card-foreground flex flex-col gap-6 rounded-xl border py-6 shadow-sm"[39m
              [33mdata-slot[39m=[32m"card"[39m
            [36m>[39m
              [36m<div[39m
                [33mclass[39m=[32m"p-6"[39m
                [33mdata-slot[39m=[32m"card-content"[39m
              [36m>[39m
                [36m<div[39m
                  [33mclass[39m=[32m"space-y-2"[39m
                [36m>[39m
                  [36m<div[39m
                    [33mclass[39m=[32m"h-4 w-24 bg-muted animate-pulse rounded"[39m
                  [36m/>[39m
                  [36m<div[39m
                    [33mclass[39m=[32m"h-8 w-16 bg-muted animate-pulse rounded"[39m
                  [36m/>[39m
                [36m</div>[39m
              [36m</div>[39m
            [36m</div>[39m
            [36m<div[39m
              [33mclass[39m=[32m"bg-card text-card-foreground flex flex-col gap-6 rounded-xl border py-6 shadow-sm"[39m
              [33mdata-slot[39m=[32m"card"[39m
            [36m>[39m
              [36m<div[39m
                [33mclass[39m=[32m"p-6"[39m
                [33mdata-slot[39m=[32m"card-content"[39m
              [36m>[39m
                [36m<div[39m
                  [33mclass[39m=[32m"space-y-2"[39m
                [36m>[39m
                  [36m<div[39m
                    [33mclass[39m=[32m"h-4 w-24 bg-muted animate-pulse rounded"[39m
                  [36m/>[39m
                  [36m<div[39m
                    [33mclass[39m=[32m"h-8 w-16 bg-muted animate-pulse rounded"[39m
                  [36m/>[39m
                [36m</div>[39m
              [36m</div>[39m
            [36m</div>[39m
            [36m<div[39m
              [33mclass[39m=[32m"bg-card text-card-foreground flex flex-col gap-6 rounded-xl border py-6 shadow-sm"[39m
              [33mdata-slot[39m=[32m"card"[39m
            [36m>[39m
              [36m<div[39m
                [33mclass[39m=[32m"p-6"[39m
                [33mdata-slot[39m=[32m"card-content"[39m
              [36m>[39m
                [36m<div[39m
                  [33mclass[39m=[32m"space-y-2"[39m
                [36m>[39m
                  [36m<div[39m
                    [33mclass[39m=[32m"h-4 w-24 bg-muted animate-pulse rounded"[39m
                  [36m/>[39m
                  [36m<div[39m
                    [33mclass[39m=[32m"h-8 w-16 bg-muted animate-pulse rounded"[39m
                  [36m/>[39m
                [36m</div>[39m
              [36m</div>[39m
            [36m</div>[39m
            [36m<div[39m
              [33mclass[39m=[32m"bg-card text-card-foreground flex flex-col gap-6 rounded-xl border py-6 shadow-sm"[39m
              [33mdata-slot[39m=[32m"card"[39m
            [36m>[39m
              [36m<div[39m
                [33mclass[39m=[32m"p-6"[39m
                [33mdata-slot[39m=[32m"card-content"[39m
              [36m>[39m
                [36m<div[39m
                  [33mclass[39m=[32m"space-y-2"[39m
                [36m>[39m
                  [36m<div[39m
                    [33mclass[39m=[32m"h-4 w-24 bg-muted animate-pulse rounded"[39m
                  [36m/>[39m
                  [36m<div[39m
                    [33mclass[39m=[32m"h-8 w-16 bg-muted animate-pulse rounded"[39m
                  [36m/>[39m
                [36m</div>[39m
              [36m</div>[39m
            [36m</div>[39m
          [36m</div>[39m
        [36m</div>[39m
      [36m</div>[39m
    [36m</body>[39m

      182 |     render(<AttendancePredictiveAnalytics classId="class-1" />);
      183 |
    > 184 |     expect(screen.getByText('Predictive Attendance Analytics')).toBeInTheDocument();
          |                   ^
      185 |     expect(screen.getByText('AI-powered attendance forecasting and pattern analysis')).toBeInTheDocument();
      186 |   });
      187 |

      at Object.getElementError (node_modules/.pnpm/@testing-library+dom@10.4.0/node_modules/@testing-library/dom/dist/config.js:37:19)
      at node_modules/.pnpm/@testing-library+dom@10.4.0/node_modules/@testing-library/dom/dist/query-helpers.js:76:38
      at node_modules/.pnpm/@testing-library+dom@10.4.0/node_modules/@testing-library/dom/dist/query-helpers.js:52:17
      at node_modules/.pnpm/@testing-library+dom@10.4.0/node_modules/@testing-library/dom/dist/query-helpers.js:95:19
      at Object.getByText (src/components/admin/attendance/__tests__/AttendancePredictiveAnalytics.test.tsx:184:19)

  ● AttendancePredictiveAnalytics › displays loading state initially

    TestingLibraryElementError: Unable to find an accessible element with the role "progressbar"

    There are no accessible roles. But there might be some inaccessible roles. If you wish to access them, then set the `hidden` option to `true`. Learn more about this here: https://testing-library.com/docs/dom-testing-library/api-queries#byrole

    Ignored nodes: comments, script, style
    [36m<body>[39m
      [36m<div>[39m
        [36m<div[39m
          [33mclass[39m=[32m"space-y-6"[39m
        [36m>[39m
          [36m<div[39m
            [33mclass[39m=[32m"flex items-center justify-between"[39m
          [36m>[39m
            [36m<div[39m
              [33mclass[39m=[32m"space-y-2"[39m
            [36m>[39m
              [36m<div[39m
                [33mclass[39m=[32m"h-6 w-48 bg-muted animate-pulse rounded"[39m
              [36m/>[39m
              [36m<div[39m
                [33mclass[39m=[32m"h-4 w-32 bg-muted animate-pulse rounded"[39m
              [36m/>[39m
            [36m</div>[39m
          [36m</div>[39m
          [36m<div[39m
            [33mclass[39m=[32m"grid gap-4 md:grid-cols-2 lg:grid-cols-4"[39m
          [36m>[39m
            [36m<div[39m
              [33mclass[39m=[32m"bg-card text-card-foreground flex flex-col gap-6 rounded-xl border py-6 shadow-sm"[39m
              [33mdata-slot[39m=[32m"card"[39m
            [36m>[39m
              [36m<div[39m
                [33mclass[39m=[32m"p-6"[39m
                [33mdata-slot[39m=[32m"card-content"[39m
              [36m>[39m
                [36m<div[39m
                  [33mclass[39m=[32m"space-y-2"[39m
                [36m>[39m
                  [36m<div[39m
                    [33mclass[39m=[32m"h-4 w-24 bg-muted animate-pulse rounded"[39m
                  [36m/>[39m
                  [36m<div[39m
                    [33mclass[39m=[32m"h-8 w-16 bg-muted animate-pulse rounded"[39m
                  [36m/>[39m
                [36m</div>[39m
              [36m</div>[39m
            [36m</div>[39m
            [36m<div[39m
              [33mclass[39m=[32m"bg-card text-card-foreground flex flex-col gap-6 rounded-xl border py-6 shadow-sm"[39m
              [33mdata-slot[39m=[32m"card"[39m
            [36m>[39m
              [36m<div[39m
                [33mclass[39m=[32m"p-6"[39m
                [33mdata-slot[39m=[32m"card-content"[39m
              [36m>[39m
                [36m<div[39m
                  [33mclass[39m=[32m"space-y-2"[39m
                [36m>[39m
                  [36m<div[39m
                    [33mclass[39m=[32m"h-4 w-24 bg-muted animate-pulse rounded"[39m
                  [36m/>[39m
                  [36m<div[39m
                    [33mclass[39m=[32m"h-8 w-16 bg-muted animate-pulse rounded"[39m
                  [36m/>[39m
                [36m</div>[39m
              [36m</div>[39m
            [36m</div>[39m
            [36m<div[39m
              [33mclass[39m=[32m"bg-card text-card-foreground flex flex-col gap-6 rounded-xl border py-6 shadow-sm"[39m
              [33mdata-slot[39m=[32m"card"[39m
            [36m>[39m
              [36m<div[39m
                [33mclass[39m=[32m"p-6"[39m
                [33mdata-slot[39m=[32m"card-content"[39m
              [36m>[39m
                [36m<div[39m
                  [33mclass[39m=[32m"space-y-2"[39m
                [36m>[39m
                  [36m<div[39m
                    [33mclass[39m=[32m"h-4 w-24 bg-muted animate-pulse rounded"[39m
                  [36m/>[39m
                  [36m<div[39m
                    [33mclass[39m=[32m"h-8 w-16 bg-muted animate-pulse rounded"[39m
                  [36m/>[39m
                [36m</div>[39m
              [36m</div>[39m
            [36m</div>[39m
            [36m<div[39m
              [33mclass[39m=[32m"bg-card text-card-foreground flex flex-col gap-6 rounded-xl border py-6 shadow-sm"[39m
              [33mdata-slot[39m=[32m"card"[39m
            [36m>[39m
              [36m<div[39m
                [33mclass[39m=[32m"p-6"[39m
                [33mdata-slot[39m=[32m"card-content"[39m
              [36m>[39m
                [36m<div[39m
                  [33mclass[39m=[32m"space-y-2"[39m
                [36m>[39m
                  [36m<div[39m
                    [33mclass[39m=[32m"h-4 w-24 bg-muted animate-pulse rounded"[39m
                  [36m/>[39m
                  [36m<div[39m
                    [33mclass[39m=[32m"h-8 w-16 bg-muted animate-pulse rounded"[39m
                  [36m/>[39m
                [36m</div>[39m
              [36m</div>[39m
            [36m</div>[39m
          [36m</div>[39m
        [36m</div>[39m
      [36m</div>[39m
    [36m</body>[39m

      193 |     render(<AttendancePredictiveAnalytics classId="class-1" />);
      194 |
    > 195 |     expect(screen.getByRole('progressbar')).toBeInTheDocument();
          |                   ^
      196 |   });
      197 |
      198 |   it('shows prediction cards with key metrics', async () => {

      at Object.getElementError (node_modules/.pnpm/@testing-library+dom@10.4.0/node_modules/@testing-library/dom/dist/config.js:37:19)
      at node_modules/.pnpm/@testing-library+dom@10.4.0/node_modules/@testing-library/dom/dist/query-helpers.js:76:38
      at node_modules/.pnpm/@testing-library+dom@10.4.0/node_modules/@testing-library/dom/dist/query-helpers.js:52:17
      at node_modules/.pnpm/@testing-library+dom@10.4.0/node_modules/@testing-library/dom/dist/query-helpers.js:95:19
      at Object.getByRole (src/components/admin/attendance/__tests__/AttendancePredictiveAnalytics.test.tsx:195:19)

  ● AttendancePredictiveAnalytics › shows prediction cards with key metrics

    Unable to find an element with the text: ATTENDANCE_RATE. This could be because the text is broken up by multiple elements. In this case, you can provide a function for your text matcher to make your matcher more flexible.

    Ignored nodes: comments, script, style
    [36m<body>[39m
      [36m<div>[39m
        [36m<div[39m
          [33mclass[39m=[32m"space-y-6"[39m
        [36m>[39m
          [36m<div[39m
            [33mclass[39m=[32m"flex items-center justify-between"[39m
          [36m>[39m
            [36m<div[39m
              [33mclass[39m=[32m"space-y-1"[39m
            [36m>[39m
              [36m<h2[39m
                [33mclass[39m=[32m"text-2xl font-bold tracking-tight"[39m
              [36m>[39m
                [0mPredictive Attendance Analytics[0m
              [36m</h2>[39m
              [36m<p[39m
                [33mclass[39m=[32m"text-muted-foreground"[39m
              [36m>[39m
                [0mAI-powered attendance forecasting and pattern analysis[0m
              [36m</p>[39m
            [36m</div>[39m
            [36m<div[39m
              [33mclass[39m=[32m"flex items-center gap-2"[39m
            [36m>[39m
              [36m<button[39m
                [33mclass[39m=[32m"inline-flex items-center justify-center whitespace-nowrap text-sm font-medium transition-all disabled:pointer-events-none disabled:opacity-50 [&_svg]:pointer-events-none [&_svg:not([class*='size-'])]:size-4 shrink-0 [&_svg]:shrink-0 outline-none focus-visible:border-ring focus-visible:ring-ring/50 focus-visible:ring-[3px] aria-invalid:ring-destructive/20 dark:aria-invalid:ring-destructive/40 aria-invalid:border-destructive border bg-background shadow-xs hover:bg-accent hover:text-accent-foreground dark:bg-input/30 dark:border-input dark:hover:bg-input/50 h-8 rounded-md gap-1.5 px-3 has-[>svg]:px-2.5"[39m
                [33mdata-slot[39m=[32m"button"[39m
              [36m>[39m
                [36m<svg[39m
                  [33maria-hidden[39m=[32m"true"[39m
                  [33mclass[39m=[32m"lucide lucide-refresh-cw h-4 w-4"[39m
                  [33mfill[39m=[32m"none"[39m
                  [33mheight[39m=[32m"24"[39m
                  [33mstroke[39m=[32m"currentColor"[39m
                  [33mstroke-linecap[39m=[32m"round"[39m
                  [33mstroke-linejoin[39m=[32m"round"[39m
                  [33mstroke-width[39m=[32m"2"[39m
                  [33mviewBox[39m=[32m"0 0 24 24"[39m
                  [33mwidth[39m=[32m"24"[39m
                  [33mxmlns[39m=[32m"http://www.w3.org/2000/svg"[39m
                [36m>[39m
                  [36m<path[39m
                    [33md[39m=[32m"M3 12a9 9 0 0 1 9-9 9.75 9.75 0 0 1 6.74 2.74L21 8"[39m
                  [36m/>[39m
                  [36m<path[39m
                    [33md[39m=[32m"M21 3v5h-5"[39m
                  [36m/>[39m
                  [36m<path[39m
                    [33md[39m=[32m"M21 12a9 9 0 0 1-9 9 9.75 9.75 0 0 1-6.74-2.74L3 16"[39m
                  [36m/>[39m
                  [36m<path[39m
                    [33md[39m=[32m"M8 16H3v5"[39m
                  [36m/>[39m
                [36m</svg>[39m
              [36m</button>[39m
              [36m<button[39m
                [33mclass[39m=[32m"inline-flex items-center justify-center whitespace-nowrap text-sm font-medium transition-all disabled:pointer-events-none disabled:opacity-50 [&_svg]:pointer-events-none [&_svg:not([class*='size-'])]:size-4 shrink-0 [&_svg]:shrink-0 outline-none focus-visible:border-ring focus-visible:ring-ring/50 focus-visible:ring-[3px] aria-invalid:ring-destructive/20 dark:aria-invalid:ring-destructive/40 aria-invalid:border-destructive border bg-background shadow-xs hover:bg-accent hover:text-accent-foreground dark:bg-input/30 dark:border-input dark:hover:bg-input/50 h-8 rounded-md gap-1.5 px-3 has-[>svg]:px-2.5"[39m
                [33mdata-slot[39m=[32m"button"[39m
              [36m>[39m
                [36m<svg[39m
                  [33maria-hidden[39m=[32m"true"[39m
                  [33mclass[39m=[32m"lucide lucide-download h-4 w-4"[39m
                  [33mfill[39m=[32m"none"[39m
                  [33mheight[39m=[32m"24"[39m
                  [33mstroke[39m=[32m"currentColor"[39m
                  [33mstroke-linecap[39m=[32m"round"[39m
                  [33mstroke-linejoin[39m=[32m"round"[39m
                  [33mstroke-width[39m=[32m"2"[39m
                  [33mviewBox[39m=[32m"0 0 24 24"[39m
                  [33mwidth[39m=[32m"24"[39m
                  [33mxmlns[39m=[32m"http://www.w3.org/2000/svg"[39m
                [36m>[39m
                  [36m<path[39m
                    [33md[39m=[32m"M12 15V3"[39m
                  [36m/>[39m
                  [36m<path[39m
                    [33md[39m=[32m"M21 15v4a2 2 0 0 1-2 2H5a2 2 0 0 1-2-2v-4"[39m
                  [36m/>[39m
                  [36m<path[39m
                    [33md[39m=[32m"m7 10 5 5 5-5"[39m
                  [36m/>[39m
                [36m</svg>[39m
              [36m</button>[39m
            [36m</div>[39m
          [36m</div>[39m
          [36m<div[39m
            [33mclass[39m=[32m"flex flex-wrap items-center gap-4"[39m
          [36m>[39m
            [36m<button[39m
              [33maria-autocomplete[39m=[32m"none"[39m
              [33maria-controls[39m=[32m"radix-:r0:"[39m
              [33maria-expanded[39m=[32m"false"[39m
              [33mclass[39m=[32m"flex h-9 items-center justify-between rounded-md border border-input bg-transparent px-3 py-2 text-sm ring-offset-background placeholder:text-muted-foreground focus:outline-none focus:ring-2 focus:ring-ring focus:ring-offset-2 disabled:cursor-not-allowed disabled:opacity-50 [&>span]:line-clamp-1 w-[160px]"[39m
              [33mdata-state[39m=[32m"closed"[39m
              [33mdir[39m=[32m"ltr"[39m
              [33mrole[39m=[32m"combobox"[39m
              [33mtype[39m=[32m"button"[39m
            [36m>[39m
              [36m<span[39m
                [33mstyle[39m=[32m"pointer-events: none;"[39m
              [36m>[39m
                [0mSingle Class[0m
              [36m</span>[39m
              [36m<svg[39m
                [33maria-hidden[39m=[32m"true"[39m
                [33mclass[39m=[32m"lucide lucide-chevron-down h-4 w-4 opacity-50"[39m
                [33mfill[39m=[32m"none"[39m
                [33mheight[39m=[32m"24"[39m
                [33mstroke[39m=[32m"currentColor"[39m
                [33mstroke-linecap[39m=[32m"round"[39m
                [33mstroke-linejoin[39m=[32m"round"[39m
                [33mstroke-width[39m=[32m"2"[39m
                [33mviewBox[39m=[32m"0 0 24 24"[39m
                [33mwidth[39m=[32m"24"[39m
                [33mxmlns[39m=[32m"http://www.w3.org/2000/svg"[39m
              [36m>[39m
                [36m<path[39m
                  [33md[39m=[32m"m6 9 6 6 6-6"[39m
                [36m/>[39m
              [36m</svg>[39m
            [36m</button>[39m
            [36m<button[39m
              [33maria-autocomplete[39m=[32m"none"[39m
              [33maria-controls[39m=[32m"radix-:r1:"[39m
              [33maria-expanded[39m=[32m"false"[39m
              [33mclass[39m=[32m"flex h-9 items-center justify-between rounded-md border border-input bg-transparent px-3 py-2 text-sm ring-offset-background placeholder:text-muted-foreground focus:outline-none focus:ring-2 focus:ring-ring focus:ring-offset-2 disabled:cursor-not-allowed di...

      199 |     render(<AttendancePredictiveAnalytics classId="class-1" />);
      200 |
    > 201 |     await waitFor(() => {
          |                  ^
      202 |       expect(screen.getByText('ATTENDANCE_RATE')).toBeInTheDocument();
      203 |       expect(screen.getByText('87.5%')).toBeInTheDocument();
      204 |       expect(screen.getByText('STUDENT_RETENTION')).toBeInTheDocument();

      at waitForWrapper (node_modules/.pnpm/@testing-library+dom@10.4.0/node_modules/@testing-library/dom/dist/wait-for.js:163:27)
      at Object.<anonymous> (src/components/admin/attendance/__tests__/AttendancePredictiveAnalytics.test.tsx:201:18)

  ● AttendancePredictiveAnalytics › displays risk levels correctly

    Unable to find an element with the text: low risk. This could be because the text is broken up by multiple elements. In this case, you can provide a function for your text matcher to make your matcher more flexible.

    Ignored nodes: comments, script, style
    [36m<body>[39m
      [36m<div>[39m
        [36m<div[39m
          [33mclass[39m=[32m"space-y-6"[39m
        [36m>[39m
          [36m<div[39m
            [33mclass[39m=[32m"flex items-center justify-between"[39m
          [36m>[39m
            [36m<div[39m
              [33mclass[39m=[32m"space-y-1"[39m
            [36m>[39m
              [36m<h2[39m
                [33mclass[39m=[32m"text-2xl font-bold tracking-tight"[39m
              [36m>[39m
                [0mPredictive Attendance Analytics[0m
              [36m</h2>[39m
              [36m<p[39m
                [33mclass[39m=[32m"text-muted-foreground"[39m
              [36m>[39m
                [0mAI-powered attendance forecasting and pattern analysis[0m
              [36m</p>[39m
            [36m</div>[39m
            [36m<div[39m
              [33mclass[39m=[32m"flex items-center gap-2"[39m
            [36m>[39m
              [36m<button[39m
                [33mclass[39m=[32m"inline-flex items-center justify-center whitespace-nowrap text-sm font-medium transition-all disabled:pointer-events-none disabled:opacity-50 [&_svg]:pointer-events-none [&_svg:not([class*='size-'])]:size-4 shrink-0 [&_svg]:shrink-0 outline-none focus-visible:border-ring focus-visible:ring-ring/50 focus-visible:ring-[3px] aria-invalid:ring-destructive/20 dark:aria-invalid:ring-destructive/40 aria-invalid:border-destructive border bg-background shadow-xs hover:bg-accent hover:text-accent-foreground dark:bg-input/30 dark:border-input dark:hover:bg-input/50 h-8 rounded-md gap-1.5 px-3 has-[>svg]:px-2.5"[39m
                [33mdata-slot[39m=[32m"button"[39m
              [36m>[39m
                [36m<svg[39m
                  [33maria-hidden[39m=[32m"true"[39m
                  [33mclass[39m=[32m"lucide lucide-refresh-cw h-4 w-4"[39m
                  [33mfill[39m=[32m"none"[39m
                  [33mheight[39m=[32m"24"[39m
                  [33mstroke[39m=[32m"currentColor"[39m
                  [33mstroke-linecap[39m=[32m"round"[39m
                  [33mstroke-linejoin[39m=[32m"round"[39m
                  [33mstroke-width[39m=[32m"2"[39m
                  [33mviewBox[39m=[32m"0 0 24 24"[39m
                  [33mwidth[39m=[32m"24"[39m
                  [33mxmlns[39m=[32m"http://www.w3.org/2000/svg"[39m
                [36m>[39m
                  [36m<path[39m
                    [33md[39m=[32m"M3 12a9 9 0 0 1 9-9 9.75 9.75 0 0 1 6.74 2.74L21 8"[39m
                  [36m/>[39m
                  [36m<path[39m
                    [33md[39m=[32m"M21 3v5h-5"[39m
                  [36m/>[39m
                  [36m<path[39m
                    [33md[39m=[32m"M21 12a9 9 0 0 1-9 9 9.75 9.75 0 0 1-6.74-2.74L3 16"[39m
                  [36m/>[39m
                  [36m<path[39m
                    [33md[39m=[32m"M8 16H3v5"[39m
                  [36m/>[39m
                [36m</svg>[39m
              [36m</button>[39m
              [36m<button[39m
                [33mclass[39m=[32m"inline-flex items-center justify-center whitespace-nowrap text-sm font-medium transition-all disabled:pointer-events-none disabled:opacity-50 [&_svg]:pointer-events-none [&_svg:not([class*='size-'])]:size-4 shrink-0 [&_svg]:shrink-0 outline-none focus-visible:border-ring focus-visible:ring-ring/50 focus-visible:ring-[3px] aria-invalid:ring-destructive/20 dark:aria-invalid:ring-destructive/40 aria-invalid:border-destructive border bg-background shadow-xs hover:bg-accent hover:text-accent-foreground dark:bg-input/30 dark:border-input dark:hover:bg-input/50 h-8 rounded-md gap-1.5 px-3 has-[>svg]:px-2.5"[39m
                [33mdata-slot[39m=[32m"button"[39m
              [36m>[39m
                [36m<svg[39m
                  [33maria-hidden[39m=[32m"true"[39m
                  [33mclass[39m=[32m"lucide lucide-download h-4 w-4"[39m
                  [33mfill[39m=[32m"none"[39m
                  [33mheight[39m=[32m"24"[39m
                  [33mstroke[39m=[32m"currentColor"[39m
                  [33mstroke-linecap[39m=[32m"round"[39m
                  [33mstroke-linejoin[39m=[32m"round"[39m
                  [33mstroke-width[39m=[32m"2"[39m
                  [33mviewBox[39m=[32m"0 0 24 24"[39m
                  [33mwidth[39m=[32m"24"[39m
                  [33mxmlns[39m=[32m"http://www.w3.org/2000/svg"[39m
                [36m>[39m
                  [36m<path[39m
                    [33md[39m=[32m"M12 15V3"[39m
                  [36m/>[39m
                  [36m<path[39m
                    [33md[39m=[32m"M21 15v4a2 2 0 0 1-2 2H5a2 2 0 0 1-2-2v-4"[39m
                  [36m/>[39m
                  [36m<path[39m
                    [33md[39m=[32m"m7 10 5 5 5-5"[39m
                  [36m/>[39m
                [36m</svg>[39m
              [36m</button>[39m
            [36m</div>[39m
          [36m</div>[39m
          [36m<div[39m
            [33mclass[39m=[32m"flex flex-wrap items-center gap-4"[39m
          [36m>[39m
            [36m<button[39m
              [33maria-autocomplete[39m=[32m"none"[39m
              [33maria-controls[39m=[32m"radix-:rh:"[39m
              [33maria-expanded[39m=[32m"false"[39m
              [33mclass[39m=[32m"flex h-9 items-center justify-between rounded-md border border-input bg-transparent px-3 py-2 text-sm ring-offset-background placeholder:text-muted-foreground focus:outline-none focus:ring-2 focus:ring-ring focus:ring-offset-2 disabled:cursor-not-allowed disabled:opacity-50 [&>span]:line-clamp-1 w-[160px]"[39m
              [33mdata-state[39m=[32m"closed"[39m
              [33mdir[39m=[32m"ltr"[39m
              [33mrole[39m=[32m"combobox"[39m
              [33mtype[39m=[32m"button"[39m
            [36m>[39m
              [36m<span[39m
                [33mstyle[39m=[32m"pointer-events: none;"[39m
              [36m>[39m
                [0mSingle Class[0m
              [36m</span>[39m
              [36m<svg[39m
                [33maria-hidden[39m=[32m"true"[39m
                [33mclass[39m=[32m"lucide lucide-chevron-down h-4 w-4 opacity-50"[39m
                [33mfill[39m=[32m"none"[39m
                [33mheight[39m=[32m"24"[39m
                [33mstroke[39m=[32m"currentColor"[39m
                [33mstroke-linecap[39m=[32m"round"[39m
                [33mstroke-linejoin[39m=[32m"round"[39m
                [33mstroke-width[39m=[32m"2"[39m
                [33mviewBox[39m=[32m"0 0 24 24"[39m
                [33mwidth[39m=[32m"24"[39m
                [33mxmlns[39m=[32m"http://www.w3.org/2000/svg"[39m
              [36m>[39m
                [36m<path[39m
                  [33md[39m=[32m"m6 9 6 6 6-6"[39m
                [36m/>[39m
              [36m</svg>[39m
            [36m</button>[39m
            [36m<button[39m
              [33maria-autocomplete[39m=[32m"none"[39m
              [33maria-controls[39m=[32m"radix-:ri:"[39m
              [33maria-expanded[39m=[32m"false"[39m
              [33mclass[39m=[32m"flex h-9 items-center justify-between rounded-md border border-input bg-transparent px-3 py-2 text-sm ring-offset-background placeholder:text-muted-foreground focus:outline-none focus:ring-2 focus:ring-ring focus:ring-offset-2 disabled:cursor-not-allowed di...

      210 |     render(<AttendancePredictiveAnalytics classId="class-1" />);
      211 |
    > 212 |     await waitFor(() => {
          |                  ^
      213 |       expect(screen.getByText('low risk')).toBeInTheDocument();
      214 |       expect(screen.getByText('medium risk')).toBeInTheDocument();
      215 |     });

      at waitForWrapper (node_modules/.pnpm/@testing-library+dom@10.4.0/node_modules/@testing-library/dom/dist/wait-for.js:163:27)
      at Object.<anonymous> (src/components/admin/attendance/__tests__/AttendancePredictiveAnalytics.test.tsx:212:18)

  ● AttendancePredictiveAnalytics › switches between tabs correctly

    Unable to find an element with the text: Recurring Pattern. This could be because the text is broken up by multiple elements. In this case, you can provide a function for your text matcher to make your matcher more flexible.

    Ignored nodes: comments, script, style
    [36m<body>[39m
      [36m<div>[39m
        [36m<div[39m
          [33mclass[39m=[32m"space-y-6"[39m
        [36m>[39m
          [36m<div[39m
            [33mclass[39m=[32m"flex items-center justify-between"[39m
          [36m>[39m
            [36m<div[39m
              [33mclass[39m=[32m"space-y-1"[39m
            [36m>[39m
              [36m<h2[39m
                [33mclass[39m=[32m"text-2xl font-bold tracking-tight"[39m
              [36m>[39m
                [0mPredictive Attendance Analytics[0m
              [36m</h2>[39m
              [36m<p[39m
                [33mclass[39m=[32m"text-muted-foreground"[39m
              [36m>[39m
                [0mAI-powered attendance forecasting and pattern analysis[0m
              [36m</p>[39m
            [36m</div>[39m
            [36m<div[39m
              [33mclass[39m=[32m"flex items-center gap-2"[39m
            [36m>[39m
              [36m<button[39m
                [33mclass[39m=[32m"inline-flex items-center justify-center whitespace-nowrap text-sm font-medium transition-all disabled:pointer-events-none disabled:opacity-50 [&_svg]:pointer-events-none [&_svg:not([class*='size-'])]:size-4 shrink-0 [&_svg]:shrink-0 outline-none focus-visible:border-ring focus-visible:ring-ring/50 focus-visible:ring-[3px] aria-invalid:ring-destructive/20 dark:aria-invalid:ring-destructive/40 aria-invalid:border-destructive border bg-background shadow-xs hover:bg-accent hover:text-accent-foreground dark:bg-input/30 dark:border-input dark:hover:bg-input/50 h-8 rounded-md gap-1.5 px-3 has-[>svg]:px-2.5"[39m
                [33mdata-slot[39m=[32m"button"[39m
              [36m>[39m
                [36m<svg[39m
                  [33maria-hidden[39m=[32m"true"[39m
                  [33mclass[39m=[32m"lucide lucide-refresh-cw h-4 w-4"[39m
                  [33mfill[39m=[32m"none"[39m
                  [33mheight[39m=[32m"24"[39m
                  [33mstroke[39m=[32m"currentColor"[39m
                  [33mstroke-linecap[39m=[32m"round"[39m
                  [33mstroke-linejoin[39m=[32m"round"[39m
                  [33mstroke-width[39m=[32m"2"[39m
                  [33mviewBox[39m=[32m"0 0 24 24"[39m
                  [33mwidth[39m=[32m"24"[39m
                  [33mxmlns[39m=[32m"http://www.w3.org/2000/svg"[39m
                [36m>[39m
                  [36m<path[39m
                    [33md[39m=[32m"M3 12a9 9 0 0 1 9-9 9.75 9.75 0 0 1 6.74 2.74L21 8"[39m
                  [36m/>[39m
                  [36m<path[39m
                    [33md[39m=[32m"M21 3v5h-5"[39m
                  [36m/>[39m
                  [36m<path[39m
                    [33md[39m=[32m"M21 12a9 9 0 0 1-9 9 9.75 9.75 0 0 1-6.74-2.74L3 16"[39m
                  [36m/>[39m
                  [36m<path[39m
                    [33md[39m=[32m"M8 16H3v5"[39m
                  [36m/>[39m
                [36m</svg>[39m
              [36m</button>[39m
              [36m<button[39m
                [33mclass[39m=[32m"inline-flex items-center justify-center whitespace-nowrap text-sm font-medium transition-all disabled:pointer-events-none disabled:opacity-50 [&_svg]:pointer-events-none [&_svg:not([class*='size-'])]:size-4 shrink-0 [&_svg]:shrink-0 outline-none focus-visible:border-ring focus-visible:ring-ring/50 focus-visible:ring-[3px] aria-invalid:ring-destructive/20 dark:aria-invalid:ring-destructive/40 aria-invalid:border-destructive border bg-background shadow-xs hover:bg-accent hover:text-accent-foreground dark:bg-input/30 dark:border-input dark:hover:bg-input/50 h-8 rounded-md gap-1.5 px-3 has-[>svg]:px-2.5"[39m
                [33mdata-slot[39m=[32m"button"[39m
              [36m>[39m
                [36m<svg[39m
                  [33maria-hidden[39m=[32m"true"[39m
                  [33mclass[39m=[32m"lucide lucide-download h-4 w-4"[39m
                  [33mfill[39m=[32m"none"[39m
                  [33mheight[39m=[32m"24"[39m
                  [33mstroke[39m=[32m"currentColor"[39m
                  [33mstroke-linecap[39m=[32m"round"[39m
                  [33mstroke-linejoin[39m=[32m"round"[39m
                  [33mstroke-width[39m=[32m"2"[39m
                  [33mviewBox[39m=[32m"0 0 24 24"[39m
                  [33mwidth[39m=[32m"24"[39m
                  [33mxmlns[39m=[32m"http://www.w3.org/2000/svg"[39m
                [36m>[39m
                  [36m<path[39m
                    [33md[39m=[32m"M12 15V3"[39m
                  [36m/>[39m
                  [36m<path[39m
                    [33md[39m=[32m"M21 15v4a2 2 0 0 1-2 2H5a2 2 0 0 1-2-2v-4"[39m
                  [36m/>[39m
                  [36m<path[39m
                    [33md[39m=[32m"m7 10 5 5 5-5"[39m
                  [36m/>[39m
                [36m</svg>[39m
              [36m</button>[39m
            [36m</div>[39m
          [36m</div>[39m
          [36m<div[39m
            [33mclass[39m=[32m"flex flex-wrap items-center gap-4"[39m
          [36m>[39m
            [36m<button[39m
              [33maria-autocomplete[39m=[32m"none"[39m
              [33maria-controls[39m=[32m"radix-:r1j:"[39m
              [33maria-expanded[39m=[32m"false"[39m
              [33mclass[39m=[32m"flex h-9 items-center justify-between rounded-md border border-input bg-transparent px-3 py-2 text-sm ring-offset-background placeholder:text-muted-foreground focus:outline-none focus:ring-2 focus:ring-ring focus:ring-offset-2 disabled:cursor-not-allowed disabled:opacity-50 [&>span]:line-clamp-1 w-[160px]"[39m
              [33mdata-state[39m=[32m"closed"[39m
              [33mdir[39m=[32m"ltr"[39m
              [33mrole[39m=[32m"combobox"[39m
              [33mtype[39m=[32m"button"[39m
            [36m>[39m
              [36m<span[39m
                [33mstyle[39m=[32m"pointer-events: none;"[39m
              [36m>[39m
                [0mSingle Class[0m
              [36m</span>[39m
              [36m<svg[39m
                [33maria-hidden[39m=[32m"true"[39m
                [33mclass[39m=[32m"lucide lucide-chevron-down h-4 w-4 opacity-50"[39m
                [33mfill[39m=[32m"none"[39m
                [33mheight[39m=[32m"24"[39m
                [33mstroke[39m=[32m"currentColor"[39m
                [33mstroke-linecap[39m=[32m"round"[39m
                [33mstroke-linejoin[39m=[32m"round"[39m
                [33mstroke-width[39m=[32m"2"[39m
                [33mviewBox[39m=[32m"0 0 24 24"[39m
                [33mwidth[39m=[32m"24"[39m
                [33mxmlns[39m=[32m"http://www.w3.org/2000/svg"[39m
              [36m>[39m
                [36m<path[39m
                  [33md[39m=[32m"m6 9 6 6 6-6"[39m
                [36m/>[39m
              [36m</svg>[39m
            [36m</button>[39m
            [36m<button[39m
              [33maria-autocomplete[39m=[32m"none"[39m
              [33maria-controls[39m=[32m"radix-:r1k:"[39m
              [33maria-expanded[39m=[32m"false"[39m
              [33mclass[39m=[32m"flex h-9 items-center justify-between rounded-md border border-input bg-transparent px-3 py-2 text-sm ring-offset-background placeholder:text-muted-foreground focus:outline-none focus:ring-2 focus:ring-ring focus:ring-offset-2 disabled:cursor-not-allowed ...

      235 |     fireEvent.click(screen.getByText('Patterns'));
      236 |
    > 237 |     await waitFor(() => {
          |                  ^
      238 |       expect(screen.getByText('Recurring Pattern')).toBeInTheDocument();
      239 |       expect(screen.getByText('Consistent weekly attendance pattern')).toBeInTheDocument();
      240 |     });

      at waitForWrapper (node_modules/.pnpm/@testing-library+dom@10.4.0/node_modules/@testing-library/dom/dist/wait-for.js:163:27)
      at Object.<anonymous> (src/components/admin/attendance/__tests__/AttendancePredictiveAnalytics.test.tsx:237:18)

  ● AttendancePredictiveAnalytics › handles prediction horizon changes

    Unable to find an element with the display value: 1 Month.

    Ignored nodes: comments, script, style
    [36m<body>[39m
      [36m<div>[39m
        [36m<div[39m
          [33mclass[39m=[32m"space-y-6"[39m
        [36m>[39m
          [36m<div[39m
            [33mclass[39m=[32m"flex items-center justify-between"[39m
          [36m>[39m
            [36m<div[39m
              [33mclass[39m=[32m"space-y-1"[39m
            [36m>[39m
              [36m<h2[39m
                [33mclass[39m=[32m"text-2xl font-bold tracking-tight"[39m
              [36m>[39m
                [0mPredictive Attendance Analytics[0m
              [36m</h2>[39m
              [36m<p[39m
                [33mclass[39m=[32m"text-muted-foreground"[39m
              [36m>[39m
                [0mAI-powered attendance forecasting and pattern analysis[0m
              [36m</p>[39m
            [36m</div>[39m
            [36m<div[39m
              [33mclass[39m=[32m"flex items-center gap-2"[39m
            [36m>[39m
              [36m<button[39m
                [33mclass[39m=[32m"inline-flex items-center justify-center whitespace-nowrap text-sm font-medium transition-all disabled:pointer-events-none disabled:opacity-50 [&_svg]:pointer-events-none [&_svg:not([class*='size-'])]:size-4 shrink-0 [&_svg]:shrink-0 outline-none focus-visible:border-ring focus-visible:ring-ring/50 focus-visible:ring-[3px] aria-invalid:ring-destructive/20 dark:aria-invalid:ring-destructive/40 aria-invalid:border-destructive border bg-background shadow-xs hover:bg-accent hover:text-accent-foreground dark:bg-input/30 dark:border-input dark:hover:bg-input/50 h-8 rounded-md gap-1.5 px-3 has-[>svg]:px-2.5"[39m
                [33mdata-slot[39m=[32m"button"[39m
              [36m>[39m
                [36m<svg[39m
                  [33maria-hidden[39m=[32m"true"[39m
                  [33mclass[39m=[32m"lucide lucide-refresh-cw h-4 w-4"[39m
                  [33mfill[39m=[32m"none"[39m
                  [33mheight[39m=[32m"24"[39m
                  [33mstroke[39m=[32m"currentColor"[39m
                  [33mstroke-linecap[39m=[32m"round"[39m
                  [33mstroke-linejoin[39m=[32m"round"[39m
                  [33mstroke-width[39m=[32m"2"[39m
                  [33mviewBox[39m=[32m"0 0 24 24"[39m
                  [33mwidth[39m=[32m"24"[39m
                  [33mxmlns[39m=[32m"http://www.w3.org/2000/svg"[39m
                [36m>[39m
                  [36m<path[39m
                    [33md[39m=[32m"M3 12a9 9 0 0 1 9-9 9.75 9.75 0 0 1 6.74 2.74L21 8"[39m
                  [36m/>[39m
                  [36m<path[39m
                    [33md[39m=[32m"M21 3v5h-5"[39m
                  [36m/>[39m
                  [36m<path[39m
                    [33md[39m=[32m"M21 12a9 9 0 0 1-9 9 9.75 9.75 0 0 1-6.74-2.74L3 16"[39m
                  [36m/>[39m
                  [36m<path[39m
                    [33md[39m=[32m"M8 16H3v5"[39m
                  [36m/>[39m
                [36m</svg>[39m
              [36m</button>[39m
              [36m<button[39m
                [33mclass[39m=[32m"inline-flex items-center justify-center whitespace-nowrap text-sm font-medium transition-all disabled:pointer-events-none disabled:opacity-50 [&_svg]:pointer-events-none [&_svg:not([class*='size-'])]:size-4 shrink-0 [&_svg]:shrink-0 outline-none focus-visible:border-ring focus-visible:ring-ring/50 focus-visible:ring-[3px] aria-invalid:ring-destructive/20 dark:aria-invalid:ring-destructive/40 aria-invalid:border-destructive border bg-background shadow-xs hover:bg-accent hover:text-accent-foreground dark:bg-input/30 dark:border-input dark:hover:bg-input/50 h-8 rounded-md gap-1.5 px-3 has-[>svg]:px-2.5"[39m
                [33mdata-slot[39m=[32m"button"[39m
              [36m>[39m
                [36m<svg[39m
                  [33maria-hidden[39m=[32m"true"[39m
                  [33mclass[39m=[32m"lucide lucide-download h-4 w-4"[39m
                  [33mfill[39m=[32m"none"[39m
                  [33mheight[39m=[32m"24"[39m
                  [33mstroke[39m=[32m"currentColor"[39m
                  [33mstroke-linecap[39m=[32m"round"[39m
                  [33mstroke-linejoin[39m=[32m"round"[39m
                  [33mstroke-width[39m=[32m"2"[39m
                  [33mviewBox[39m=[32m"0 0 24 24"[39m
                  [33mwidth[39m=[32m"24"[39m
                  [33mxmlns[39m=[32m"http://www.w3.org/2000/svg"[39m
                [36m>[39m
                  [36m<path[39m
                    [33md[39m=[32m"M12 15V3"[39m
                  [36m/>[39m
                  [36m<path[39m
                    [33md[39m=[32m"M21 15v4a2 2 0 0 1-2 2H5a2 2 0 0 1-2-2v-4"[39m
                  [36m/>[39m
                  [36m<path[39m
                    [33md[39m=[32m"m7 10 5 5 5-5"[39m
                  [36m/>[39m
                [36m</svg>[39m
              [36m</button>[39m
            [36m</div>[39m
          [36m</div>[39m
          [36m<div[39m
            [33mclass[39m=[32m"flex flex-wrap items-center gap-4"[39m
          [36m>[39m
            [36m<button[39m
              [33maria-autocomplete[39m=[32m"none"[39m
              [33maria-controls[39m=[32m"radix-:r36:"[39m
              [33maria-expanded[39m=[32m"false"[39m
              [33mclass[39m=[32m"flex h-9 items-center justify-between rounded-md border border-input bg-transparent px-3 py-2 text-sm ring-offset-background placeholder:text-muted-foreground focus:outline-none focus:ring-2 focus:ring-ring focus:ring-offset-2 disabled:cursor-not-allowed disabled:opacity-50 [&>span]:line-clamp-1 w-[160px]"[39m
              [33mdata-state[39m=[32m"closed"[39m
              [33mdir[39m=[32m"ltr"[39m
              [33mrole[39m=[32m"combobox"[39m
              [33mtype[39m=[32m"button"[39m
            [36m>[39m
              [36m<span[39m
                [33mstyle[39m=[32m"pointer-events: none;"[39m
              [36m>[39m
                [0mSingle Class[0m
              [36m</span>[39m
              [36m<svg[39m
                [33maria-hidden[39m=[32m"true"[39m
                [33mclass[39m=[32m"lucide lucide-chevron-down h-4 w-4 opacity-50"[39m
                [33mfill[39m=[32m"none"[39m
                [33mheight[39m=[32m"24"[39m
                [33mstroke[39m=[32m"currentColor"[39m
                [33mstroke-linecap[39m=[32m"round"[39m
                [33mstroke-linejoin[39m=[32m"round"[39m
                [33mstroke-width[39m=[32m"2"[39m
                [33mviewBox[39m=[32m"0 0 24 24"[39m
                [33mwidth[39m=[32m"24"[39m
                [33mxmlns[39m=[32m"http://www.w3.org/2000/svg"[39m
              [36m>[39m
                [36m<path[39m
                  [33md[39m=[32m"m6 9 6 6 6-6"[39m
                [36m/>[39m
              [36m</svg>[39m
            [36m</button>[39m
            [36m<button[39m
              [33maria-autocomplete[39m=[32m"none"[39m
              [33maria-controls[39m=[32m"radix-:r37:"[39m
              [33maria-expanded[39m=[32m"false"[39m
              [33mclass[39m=[32m"flex h-9 items-center justify-between rounded-md border border-input bg-transparent px-3 py-2 text-sm ring-offset-background placeholder:text-muted-foreground focus:outline-none focus:ring-2 focus:ring-ring focus:ring-offset-2 disabled:cursor-not-allowed ...

      282 |     render(<AttendancePredictiveAnalytics classId="class-1" />);
      283 |
    > 284 |     await waitFor(() => {
          |                  ^
      285 |       expect(screen.getByDisplayValue('1 Month')).toBeInTheDocument();
      286 |     });
      287 |

      at waitForWrapper (node_modules/.pnpm/@testing-library+dom@10.4.0/node_modules/@testing-library/dom/dist/wait-for.js:163:27)
      at Object.<anonymous> (src/components/admin/attendance/__tests__/AttendancePredictiveAnalytics.test.tsx:284:18)

  ● AttendancePredictiveAnalytics › handles analysis mode changes

    Unable to find an element with the display value: All Classes.

    Ignored nodes: comments, script, style
    [36m<body>[39m
      [36m<div>[39m
        [36m<div[39m
          [33mclass[39m=[32m"space-y-6"[39m
        [36m>[39m
          [36m<div[39m
            [33mclass[39m=[32m"flex items-center justify-between"[39m
          [36m>[39m
            [36m<div[39m
              [33mclass[39m=[32m"space-y-2"[39m
            [36m>[39m
              [36m<div[39m
                [33mclass[39m=[32m"h-6 w-48 bg-muted animate-pulse rounded"[39m
              [36m/>[39m
              [36m<div[39m
                [33mclass[39m=[32m"h-4 w-32 bg-muted animate-pulse rounded"[39m
              [36m/>[39m
            [36m</div>[39m
          [36m</div>[39m
          [36m<div[39m
            [33mclass[39m=[32m"grid gap-4 md:grid-cols-2 lg:grid-cols-4"[39m
          [36m>[39m
            [36m<div[39m
              [33mclass[39m=[32m"bg-card text-card-foreground flex flex-col gap-6 rounded-xl border py-6 shadow-sm"[39m
              [33mdata-slot[39m=[32m"card"[39m
            [36m>[39m
              [36m<div[39m
                [33mclass[39m=[32m"p-6"[39m
                [33mdata-slot[39m=[32m"card-content"[39m
              [36m>[39m
                [36m<div[39m
                  [33mclass[39m=[32m"space-y-2"[39m
                [36m>[39m
                  [36m<div[39m
                    [33mclass[39m=[32m"h-4 w-24 bg-muted animate-pulse rounded"[39m
                  [36m/>[39m
                  [36m<div[39m
                    [33mclass[39m=[32m"h-8 w-16 bg-muted animate-pulse rounded"[39m
                  [36m/>[39m
                [36m</div>[39m
              [36m</div>[39m
            [36m</div>[39m
            [36m<div[39m
              [33mclass[39m=[32m"bg-card text-card-foreground flex flex-col gap-6 rounded-xl border py-6 shadow-sm"[39m
              [33mdata-slot[39m=[32m"card"[39m
            [36m>[39m
              [36m<div[39m
                [33mclass[39m=[32m"p-6"[39m
                [33mdata-slot[39m=[32m"card-content"[39m
              [36m>[39m
                [36m<div[39m
                  [33mclass[39m=[32m"space-y-2"[39m
                [36m>[39m
                  [36m<div[39m
                    [33mclass[39m=[32m"h-4 w-24 bg-muted animate-pulse rounded"[39m
                  [36m/>[39m
                  [36m<div[39m
                    [33mclass[39m=[32m"h-8 w-16 bg-muted animate-pulse rounded"[39m
                  [36m/>[39m
                [36m</div>[39m
              [36m</div>[39m
            [36m</div>[39m
            [36m<div[39m
              [33mclass[39m=[32m"bg-card text-card-foreground flex flex-col gap-6 rounded-xl border py-6 shadow-sm"[39m
              [33mdata-slot[39m=[32m"card"[39m
            [36m>[39m
              [36m<div[39m
                [33mclass[39m=[32m"p-6"[39m
                [33mdata-slot[39m=[32m"card-content"[39m
              [36m>[39m
                [36m<div[39m
                  [33mclass[39m=[32m"space-y-2"[39m
                [36m>[39m
                  [36m<div[39m
                    [33mclass[39m=[32m"h-4 w-24 bg-muted animate-pulse rounded"[39m
                  [36m/>[39m
                  [36m<div[39m
                    [33mclass[39m=[32m"h-8 w-16 bg-muted animate-pulse rounded"[39m
                  [36m/>[39m
                [36m</div>[39m
              [36m</div>[39m
            [36m</div>[39m
            [36m<div[39m
              [33mclass[39m=[32m"bg-card text-card-foreground flex flex-col gap-6 rounded-xl border py-6 shadow-sm"[39m
              [33mdata-slot[39m=[32m"card"[39m
            [36m>[39m
              [36m<div[39m
                [33mclass[39m=[32m"p-6"[39m
                [33mdata-slot[39m=[32m"card-content"[39m
              [36m>[39m
                [36m<div[39m
                  [33mclass[39m=[32m"space-y-2"[39m
                [36m>[39m
                  [36m<div[39m
                    [33mclass[39m=[32m"h-4 w-24 bg-muted animate-pulse rounded"[39m
                  [36m/>[39m
                  [36m<div[39m
                    [33mclass[39m=[32m"h-8 w-16 bg-muted animate-pulse rounded"[39m
                  [36m/>[39m
                [36m</div>[39m
              [36m</div>[39m
            [36m</div>[39m
          [36m</div>[39m
        [36m</div>[39m
      [36m</div>[39m
    [36m</body>[39m

      300 |     render(<AttendancePredictiveAnalytics />);
      301 |
    > 302 |     await waitFor(() => {
          |                  ^
      303 |       expect(screen.getByDisplayValue('All Classes')).toBeInTheDocument();
      304 |     });
      305 |

      at waitForWrapper (node_modules/.pnpm/@testing-library+dom@10.4.0/node_modules/@testing-library/dom/dist/wait-for.js:163:27)
      at Object.<anonymous> (src/components/admin/attendance/__tests__/AttendancePredictiveAnalytics.test.tsx:302:18)

  ● AttendancePredictiveAnalytics › shows patterns with correct styling

    TestingLibraryElementError: Unable to find an element with the text: Patterns. This could be because the text is broken up by multiple elements. In this case, you can provide a function for your text matcher to make your matcher more flexible.

    Ignored nodes: comments, script, style
    [36m<body>[39m
      [36m<div>[39m
        [36m<div[39m
          [33mclass[39m=[32m"space-y-6"[39m
        [36m>[39m
          [36m<div[39m
            [33mclass[39m=[32m"flex items-center justify-between"[39m
          [36m>[39m
            [36m<div[39m
              [33mclass[39m=[32m"space-y-2"[39m
            [36m>[39m
              [36m<div[39m
                [33mclass[39m=[32m"h-6 w-48 bg-muted animate-pulse rounded"[39m
              [36m/>[39m
              [36m<div[39m
                [33mclass[39m=[32m"h-4 w-32 bg-muted animate-pulse rounded"[39m
              [36m/>[39m
            [36m</div>[39m
          [36m</div>[39m
          [36m<div[39m
            [33mclass[39m=[32m"grid gap-4 md:grid-cols-2 lg:grid-cols-4"[39m
          [36m>[39m
            [36m<div[39m
              [33mclass[39m=[32m"bg-card text-card-foreground flex flex-col gap-6 rounded-xl border py-6 shadow-sm"[39m
              [33mdata-slot[39m=[32m"card"[39m
            [36m>[39m
              [36m<div[39m
                [33mclass[39m=[32m"p-6"[39m
                [33mdata-slot[39m=[32m"card-content"[39m
              [36m>[39m
                [36m<div[39m
                  [33mclass[39m=[32m"space-y-2"[39m
                [36m>[39m
                  [36m<div[39m
                    [33mclass[39m=[32m"h-4 w-24 bg-muted animate-pulse rounded"[39m
                  [36m/>[39m
                  [36m<div[39m
                    [33mclass[39m=[32m"h-8 w-16 bg-muted animate-pulse rounded"[39m
                  [36m/>[39m
                [36m</div>[39m
              [36m</div>[39m
            [36m</div>[39m
            [36m<div[39m
              [33mclass[39m=[32m"bg-card text-card-foreground flex flex-col gap-6 rounded-xl border py-6 shadow-sm"[39m
              [33mdata-slot[39m=[32m"card"[39m
            [36m>[39m
              [36m<div[39m
                [33mclass[39m=[32m"p-6"[39m
                [33mdata-slot[39m=[32m"card-content"[39m
              [36m>[39m
                [36m<div[39m
                  [33mclass[39m=[32m"space-y-2"[39m
                [36m>[39m
                  [36m<div[39m
                    [33mclass[39m=[32m"h-4 w-24 bg-muted animate-pulse rounded"[39m
                  [36m/>[39m
                  [36m<div[39m
                    [33mclass[39m=[32m"h-8 w-16 bg-muted animate-pulse rounded"[39m
                  [36m/>[39m
                [36m</div>[39m
              [36m</div>[39m
            [36m</div>[39m
            [36m<div[39m
              [33mclass[39m=[32m"bg-card text-card-foreground flex flex-col gap-6 rounded-xl border py-6 shadow-sm"[39m
              [33mdata-slot[39m=[32m"card"[39m
            [36m>[39m
              [36m<div[39m
                [33mclass[39m=[32m"p-6"[39m
                [33mdata-slot[39m=[32m"card-content"[39m
              [36m>[39m
                [36m<div[39m
                  [33mclass[39m=[32m"space-y-2"[39m
                [36m>[39m
                  [36m<div[39m
                    [33mclass[39m=[32m"h-4 w-24 bg-muted animate-pulse rounded"[39m
                  [36m/>[39m
                  [36m<div[39m
                    [33mclass[39m=[32m"h-8 w-16 bg-muted animate-pulse rounded"[39m
                  [36m/>[39m
                [36m</div>[39m
              [36m</div>[39m
            [36m</div>[39m
            [36m<div[39m
              [33mclass[39m=[32m"bg-card text-card-foreground flex flex-col gap-6 rounded-xl border py-6 shadow-sm"[39m
              [33mdata-slot[39m=[32m"card"[39m
            [36m>[39m
              [36m<div[39m
                [33mclass[39m=[32m"p-6"[39m
                [33mdata-slot[39m=[32m"card-content"[39m
              [36m>[39m
                [36m<div[39m
                  [33mclass[39m=[32m"space-y-2"[39m
                [36m>[39m
                  [36m<div[39m
                    [33mclass[39m=[32m"h-4 w-24 bg-muted animate-pulse rounded"[39m
                  [36m/>[39m
                  [36m<div[39m
                    [33mclass[39m=[32m"h-8 w-16 bg-muted animate-pulse rounded"[39m
                  [36m/>[39m
                [36m</div>[39m
              [36m</div>[39m
            [36m</div>[39m
          [36m</div>[39m
        [36m</div>[39m
      [36m</div>[39m
    [36m</body>[39m

      317 |     render(<AttendancePredictiveAnalytics classId="class-1" />);
      318 |
    > 319 |     fireEvent.click(screen.getByText('Patterns'));
          |                            ^
      320 |
      321 |     await waitFor(() => {
      322 |       expect(screen.getByText('Recurring Pattern')).toBeInTheDocument();

      at Object.getElementError (node_modules/.pnpm/@testing-library+dom@10.4.0/node_modules/@testing-library/dom/dist/config.js:37:19)
      at node_modules/.pnpm/@testing-library+dom@10.4.0/node_modules/@testing-library/dom/dist/query-helpers.js:76:38
      at node_modules/.pnpm/@testing-library+dom@10.4.0/node_modules/@testing-library/dom/dist/query-helpers.js:52:17
      at node_modules/.pnpm/@testing-library+dom@10.4.0/node_modules/@testing-library/dom/dist/query-helpers.js:95:19
      at Object.getByText (src/components/admin/attendance/__tests__/AttendancePredictiveAnalytics.test.tsx:319:28)

  ● AttendancePredictiveAnalytics › displays anomalies with severity levels

    TestingLibraryElementError: Unable to find an element with the text: Anomalies. This could be because the text is broken up by multiple elements. In this case, you can provide a function for your text matcher to make your matcher more flexible.

    Ignored nodes: comments, script, style
    [36m<body>[39m
      [36m<div>[39m
        [36m<div[39m
          [33mclass[39m=[32m"space-y-6"[39m
        [36m>[39m
          [36m<div[39m
            [33mclass[39m=[32m"flex items-center justify-between"[39m
          [36m>[39m
            [36m<div[39m
              [33mclass[39m=[32m"space-y-2"[39m
            [36m>[39m
              [36m<div[39m
                [33mclass[39m=[32m"h-6 w-48 bg-muted animate-pulse rounded"[39m
              [36m/>[39m
              [36m<div[39m
                [33mclass[39m=[32m"h-4 w-32 bg-muted animate-pulse rounded"[39m
              [36m/>[39m
            [36m</div>[39m
          [36m</div>[39m
          [36m<div[39m
            [33mclass[39m=[32m"grid gap-4 md:grid-cols-2 lg:grid-cols-4"[39m
          [36m>[39m
            [36m<div[39m
              [33mclass[39m=[32m"bg-card text-card-foreground flex flex-col gap-6 rounded-xl border py-6 shadow-sm"[39m
              [33mdata-slot[39m=[32m"card"[39m
            [36m>[39m
              [36m<div[39m
                [33mclass[39m=[32m"p-6"[39m
                [33mdata-slot[39m=[32m"card-content"[39m
              [36m>[39m
                [36m<div[39m
                  [33mclass[39m=[32m"space-y-2"[39m
                [36m>[39m
                  [36m<div[39m
                    [33mclass[39m=[32m"h-4 w-24 bg-muted animate-pulse rounded"[39m
                  [36m/>[39m
                  [36m<div[39m
                    [33mclass[39m=[32m"h-8 w-16 bg-muted animate-pulse rounded"[39m
                  [36m/>[39m
                [36m</div>[39m
              [36m</div>[39m
            [36m</div>[39m
            [36m<div[39m
              [33mclass[39m=[32m"bg-card text-card-foreground flex flex-col gap-6 rounded-xl border py-6 shadow-sm"[39m
              [33mdata-slot[39m=[32m"card"[39m
            [36m>[39m
              [36m<div[39m
                [33mclass[39m=[32m"p-6"[39m
                [33mdata-slot[39m=[32m"card-content"[39m
              [36m>[39m
                [36m<div[39m
                  [33mclass[39m=[32m"space-y-2"[39m
                [36m>[39m
                  [36m<div[39m
                    [33mclass[39m=[32m"h-4 w-24 bg-muted animate-pulse rounded"[39m
                  [36m/>[39m
                  [36m<div[39m
                    [33mclass[39m=[32m"h-8 w-16 bg-muted animate-pulse rounded"[39m
                  [36m/>[39m
                [36m</div>[39m
              [36m</div>[39m
            [36m</div>[39m
            [36m<div[39m
              [33mclass[39m=[32m"bg-card text-card-foreground flex flex-col gap-6 rounded-xl border py-6 shadow-sm"[39m
              [33mdata-slot[39m=[32m"card"[39m
            [36m>[39m
              [36m<div[39m
                [33mclass[39m=[32m"p-6"[39m
                [33mdata-slot[39m=[32m"card-content"[39m
              [36m>[39m
                [36m<div[39m
                  [33mclass[39m=[32m"space-y-2"[39m
                [36m>[39m
                  [36m<div[39m
                    [33mclass[39m=[32m"h-4 w-24 bg-muted animate-pulse rounded"[39m
                  [36m/>[39m
                  [36m<div[39m
                    [33mclass[39m=[32m"h-8 w-16 bg-muted animate-pulse rounded"[39m
                  [36m/>[39m
                [36m</div>[39m
              [36m</div>[39m
            [36m</div>[39m
            [36m<div[39m
              [33mclass[39m=[32m"bg-card text-card-foreground flex flex-col gap-6 rounded-xl border py-6 shadow-sm"[39m
              [33mdata-slot[39m=[32m"card"[39m
            [36m>[39m
              [36m<div[39m
                [33mclass[39m=[32m"p-6"[39m
                [33mdata-slot[39m=[32m"card-content"[39m
              [36m>[39m
                [36m<div[39m
                  [33mclass[39m=[32m"space-y-2"[39m
                [36m>[39m
                  [36m<div[39m
                    [33mclass[39m=[32m"h-4 w-24 bg-muted animate-pulse rounded"[39m
                  [36m/>[39m
                  [36m<div[39m
                    [33mclass[39m=[32m"h-8 w-16 bg-muted animate-pulse rounded"[39m
                  [36m/>[39m
                [36m</div>[39m
              [36m</div>[39m
            [36m</div>[39m
          [36m</div>[39m
        [36m</div>[39m
      [36m</div>[39m
    [36m</body>[39m

      332 |     render(<AttendancePredictiveAnalytics classId="class-1" />);
      333 |
    > 334 |     fireEvent.click(screen.getByText('Anomalies'));
          |                            ^
      335 |
      336 |     await waitFor(() => {
      337 |       expect(screen.getByText('high severity')).toBeInTheDocument();

      at Object.getElementError (node_modules/.pnpm/@testing-library+dom@10.4.0/node_modules/@testing-library/dom/dist/config.js:37:19)
      at node_modules/.pnpm/@testing-library+dom@10.4.0/node_modules/@testing-library/dom/dist/query-helpers.js:76:38
      at node_modules/.pnpm/@testing-library+dom@10.4.0/node_modules/@testing-library/dom/dist/query-helpers.js:52:17
      at node_modules/.pnpm/@testing-library+dom@10.4.0/node_modules/@testing-library/dom/dist/query-helpers.js:95:19
      at Object.getByText (src/components/admin/attendance/__tests__/AttendancePredictiveAnalytics.test.tsx:334:28)

  ● AttendancePredictiveAnalytics › shows insights with actionable indicators

    TestingLibraryElementError: Unable to find an element with the text: Insights. This could be because the text is broken up by multiple elements. In this case, you can provide a function for your text matcher to make your matcher more flexible.

    Ignored nodes: comments, script, style
    [36m<body>[39m
      [36m<div>[39m
        [36m<div[39m
          [33mclass[39m=[32m"space-y-6"[39m
        [36m>[39m
          [36m<div[39m
            [33mclass[39m=[32m"flex items-center justify-between"[39m
          [36m>[39m
            [36m<div[39m
              [33mclass[39m=[32m"space-y-2"[39m
            [36m>[39m
              [36m<div[39m
                [33mclass[39m=[32m"h-6 w-48 bg-muted animate-pulse rounded"[39m
              [36m/>[39m
              [36m<div[39m
                [33mclass[39m=[32m"h-4 w-32 bg-muted animate-pulse rounded"[39m
              [36m/>[39m
            [36m</div>[39m
          [36m</div>[39m
          [36m<div[39m
            [33mclass[39m=[32m"grid gap-4 md:grid-cols-2 lg:grid-cols-4"[39m
          [36m>[39m
            [36m<div[39m
              [33mclass[39m=[32m"bg-card text-card-foreground flex flex-col gap-6 rounded-xl border py-6 shadow-sm"[39m
              [33mdata-slot[39m=[32m"card"[39m
            [36m>[39m
              [36m<div[39m
                [33mclass[39m=[32m"p-6"[39m
                [33mdata-slot[39m=[32m"card-content"[39m
              [36m>[39m
                [36m<div[39m
                  [33mclass[39m=[32m"space-y-2"[39m
                [36m>[39m
                  [36m<div[39m
                    [33mclass[39m=[32m"h-4 w-24 bg-muted animate-pulse rounded"[39m
                  [36m/>[39m
                  [36m<div[39m
                    [33mclass[39m=[32m"h-8 w-16 bg-muted animate-pulse rounded"[39m
                  [36m/>[39m
                [36m</div>[39m
              [36m</div>[39m
            [36m</div>[39m
            [36m<div[39m
              [33mclass[39m=[32m"bg-card text-card-foreground flex flex-col gap-6 rounded-xl border py-6 shadow-sm"[39m
              [33mdata-slot[39m=[32m"card"[39m
            [36m>[39m
              [36m<div[39m
                [33mclass[39m=[32m"p-6"[39m
                [33mdata-slot[39m=[32m"card-content"[39m
              [36m>[39m
                [36m<div[39m
                  [33mclass[39m=[32m"space-y-2"[39m
                [36m>[39m
                  [36m<div[39m
                    [33mclass[39m=[32m"h-4 w-24 bg-muted animate-pulse rounded"[39m
                  [36m/>[39m
                  [36m<div[39m
                    [33mclass[39m=[32m"h-8 w-16 bg-muted animate-pulse rounded"[39m
                  [36m/>[39m
                [36m</div>[39m
              [36m</div>[39m
            [36m</div>[39m
            [36m<div[39m
              [33mclass[39m=[32m"bg-card text-card-foreground flex flex-col gap-6 rounded-xl border py-6 shadow-sm"[39m
              [33mdata-slot[39m=[32m"card"[39m
            [36m>[39m
              [36m<div[39m
                [33mclass[39m=[32m"p-6"[39m
                [33mdata-slot[39m=[32m"card-content"[39m
              [36m>[39m
                [36m<div[39m
                  [33mclass[39m=[32m"space-y-2"[39m
                [36m>[39m
                  [36m<div[39m
                    [33mclass[39m=[32m"h-4 w-24 bg-muted animate-pulse rounded"[39m
                  [36m/>[39m
                  [36m<div[39m
                    [33mclass[39m=[32m"h-8 w-16 bg-muted animate-pulse rounded"[39m
                  [36m/>[39m
                [36m</div>[39m
              [36m</div>[39m
            [36m</div>[39m
            [36m<div[39m
              [33mclass[39m=[32m"bg-card text-card-foreground flex flex-col gap-6 rounded-xl border py-6 shadow-sm"[39m
              [33mdata-slot[39m=[32m"card"[39m
            [36m>[39m
              [36m<div[39m
                [33mclass[39m=[32m"p-6"[39m
                [33mdata-slot[39m=[32m"card-content"[39m
              [36m>[39m
                [36m<div[39m
                  [33mclass[39m=[32m"space-y-2"[39m
                [36m>[39m
                  [36m<div[39m
                    [33mclass[39m=[32m"h-4 w-24 bg-muted animate-pulse rounded"[39m
                  [36m/>[39m
                  [36m<div[39m
                    [33mclass[39m=[32m"h-8 w-16 bg-muted animate-pulse rounded"[39m
                  [36m/>[39m
                [36m</div>[39m
              [36m</div>[39m
            [36m</div>[39m
          [36m</div>[39m
        [36m</div>[39m
      [36m</div>[39m
    [36m</body>[39m

      347 |     render(<AttendancePredictiveAnalytics classId="class-1" />);
      348 |
    > 349 |     fireEvent.click(screen.getByText('Insights'));
          |                            ^
      350 |
      351 |     await waitFor(() => {
      352 |       expect(screen.getByText('Optimal Time Slot Identified')).toBeInTheDocument();

      at Object.getElementError (node_modules/.pnpm/@testing-library+dom@10.4.0/node_modules/@testing-library/dom/dist/config.js:37:19)
      at node_modules/.pnpm/@testing-library+dom@10.4.0/node_modules/@testing-library/dom/dist/query-helpers.js:76:38
      at node_modules/.pnpm/@testing-library+dom@10.4.0/node_modules/@testing-library/dom/dist/query-helpers.js:52:17
      at node_modules/.pnpm/@testing-library+dom@10.4.0/node_modules/@testing-library/dom/dist/query-helpers.js:95:19
      at Object.getByText (src/components/admin/attendance/__tests__/AttendancePredictiveAnalytics.test.tsx:349:28)

  ● AttendancePredictiveAnalytics › handles empty patterns gracefully

    TestingLibraryElementError: Unable to find an element with the text: Patterns. This could be because the text is broken up by multiple elements. In this case, you can provide a function for your text matcher to make your matcher more flexible.

    Ignored nodes: comments, script, style
    [36m<body>[39m
      [36m<div>[39m
        [36m<div[39m
          [33mclass[39m=[32m"space-y-6"[39m
        [36m>[39m
          [36m<div[39m
            [33mclass[39m=[32m"flex items-center justify-between"[39m
          [36m>[39m
            [36m<div[39m
              [33mclass[39m=[32m"space-y-2"[39m
            [36m>[39m
              [36m<div[39m
                [33mclass[39m=[32m"h-6 w-48 bg-muted animate-pulse rounded"[39m
              [36m/>[39m
              [36m<div[39m
                [33mclass[39m=[32m"h-4 w-32 bg-muted animate-pulse rounded"[39m
              [36m/>[39m
            [36m</div>[39m
          [36m</div>[39m
          [36m<div[39m
            [33mclass[39m=[32m"grid gap-4 md:grid-cols-2 lg:grid-cols-4"[39m
          [36m>[39m
            [36m<div[39m
              [33mclass[39m=[32m"bg-card text-card-foreground flex flex-col gap-6 rounded-xl border py-6 shadow-sm"[39m
              [33mdata-slot[39m=[32m"card"[39m
            [36m>[39m
              [36m<div[39m
                [33mclass[39m=[32m"p-6"[39m
                [33mdata-slot[39m=[32m"card-content"[39m
              [36m>[39m
                [36m<div[39m
                  [33mclass[39m=[32m"space-y-2"[39m
                [36m>[39m
                  [36m<div[39m
                    [33mclass[39m=[32m"h-4 w-24 bg-muted animate-pulse rounded"[39m
                  [36m/>[39m
                  [36m<div[39m
                    [33mclass[39m=[32m"h-8 w-16 bg-muted animate-pulse rounded"[39m
                  [36m/>[39m
                [36m</div>[39m
              [36m</div>[39m
            [36m</div>[39m
            [36m<div[39m
              [33mclass[39m=[32m"bg-card text-card-foreground flex flex-col gap-6 rounded-xl border py-6 shadow-sm"[39m
              [33mdata-slot[39m=[32m"card"[39m
            [36m>[39m
              [36m<div[39m
                [33mclass[39m=[32m"p-6"[39m
                [33mdata-slot[39m=[32m"card-content"[39m
              [36m>[39m
                [36m<div[39m
                  [33mclass[39m=[32m"space-y-2"[39m
                [36m>[39m
                  [36m<div[39m
                    [33mclass[39m=[32m"h-4 w-24 bg-muted animate-pulse rounded"[39m
                  [36m/>[39m
                  [36m<div[39m
                    [33mclass[39m=[32m"h-8 w-16 bg-muted animate-pulse rounded"[39m
                  [36m/>[39m
                [36m</div>[39m
              [36m</div>[39m
            [36m</div>[39m
            [36m<div[39m
              [33mclass[39m=[32m"bg-card text-card-foreground flex flex-col gap-6 rounded-xl border py-6 shadow-sm"[39m
              [33mdata-slot[39m=[32m"card"[39m
            [36m>[39m
              [36m<div[39m
                [33mclass[39m=[32m"p-6"[39m
                [33mdata-slot[39m=[32m"card-content"[39m
              [36m>[39m
                [36m<div[39m
                  [33mclass[39m=[32m"space-y-2"[39m
                [36m>[39m
                  [36m<div[39m
                    [33mclass[39m=[32m"h-4 w-24 bg-muted animate-pulse rounded"[39m
                  [36m/>[39m
                  [36m<div[39m
                    [33mclass[39m=[32m"h-8 w-16 bg-muted animate-pulse rounded"[39m
                  [36m/>[39m
                [36m</div>[39m
              [36m</div>[39m
            [36m</div>[39m
            [36m<div[39m
              [33mclass[39m=[32m"bg-card text-card-foreground flex flex-col gap-6 rounded-xl border py-6 shadow-sm"[39m
              [33mdata-slot[39m=[32m"card"[39m
            [36m>[39m
              [36m<div[39m
                [33mclass[39m=[32m"p-6"[39m
                [33mdata-slot[39m=[32m"card-content"[39m
              [36m>[39m
                [36m<div[39m
                  [33mclass[39m=[32m"space-y-2"[39m
                [36m>[39m
                  [36m<div[39m
                    [33mclass[39m=[32m"h-4 w-24 bg-muted animate-pulse rounded"[39m
                  [36m/>[39m
                  [36m<div[39m
                    [33mclass[39m=[32m"h-8 w-16 bg-muted animate-pulse rounded"[39m
                  [36m/>[39m
                [36m</div>[39m
              [36m</div>[39m
            [36m</div>[39m
          [36m</div>[39m
        [36m</div>[39m
      [36m</div>[39m
    [36m</body>[39m

      371 |     render(<AttendancePredictiveAnalytics classId="class-1" />);
      372 |
    > 373 |     fireEvent.click(screen.getByText('Patterns'));
          |                            ^
      374 |
      375 |     await waitFor(() => {
      376 |       expect(screen.getByText('No Patterns Detected')).toBeInTheDocument();

      at Object.getElementError (node_modules/.pnpm/@testing-library+dom@10.4.0/node_modules/@testing-library/dom/dist/config.js:37:19)
      at node_modules/.pnpm/@testing-library+dom@10.4.0/node_modules/@testing-library/dom/dist/query-helpers.js:76:38
      at node_modules/.pnpm/@testing-library+dom@10.4.0/node_modules/@testing-library/dom/dist/query-helpers.js:52:17
      at node_modules/.pnpm/@testing-library+dom@10.4.0/node_modules/@testing-library/dom/dist/query-helpers.js:95:19
      at Object.getByText (src/components/admin/attendance/__tests__/AttendancePredictiveAnalytics.test.tsx:373:28)

  ● AttendancePredictiveAnalytics › handles empty anomalies gracefully

    TestingLibraryElementError: Unable to find an element with the text: Anomalies. This could be because the text is broken up by multiple elements. In this case, you can provide a function for your text matcher to make your matcher more flexible.

    Ignored nodes: comments, script, style
    [36m<body>[39m
      [36m<div>[39m
        [36m<div[39m
          [33mclass[39m=[32m"space-y-6"[39m
        [36m>[39m
          [36m<div[39m
            [33mclass[39m=[32m"flex items-center justify-between"[39m
          [36m>[39m
            [36m<div[39m
              [33mclass[39m=[32m"space-y-2"[39m
            [36m>[39m
              [36m<div[39m
                [33mclass[39m=[32m"h-6 w-48 bg-muted animate-pulse rounded"[39m
              [36m/>[39m
              [36m<div[39m
                [33mclass[39m=[32m"h-4 w-32 bg-muted animate-pulse rounded"[39m
              [36m/>[39m
            [36m</div>[39m
          [36m</div>[39m
          [36m<div[39m
            [33mclass[39m=[32m"grid gap-4 md:grid-cols-2 lg:grid-cols-4"[39m
          [36m>[39m
            [36m<div[39m
              [33mclass[39m=[32m"bg-card text-card-foreground flex flex-col gap-6 rounded-xl border py-6 shadow-sm"[39m
              [33mdata-slot[39m=[32m"card"[39m
            [36m>[39m
              [36m<div[39m
                [33mclass[39m=[32m"p-6"[39m
                [33mdata-slot[39m=[32m"card-content"[39m
              [36m>[39m
                [36m<div[39m
                  [33mclass[39m=[32m"space-y-2"[39m
                [36m>[39m
                  [36m<div[39m
                    [33mclass[39m=[32m"h-4 w-24 bg-muted animate-pulse rounded"[39m
                  [36m/>[39m
                  [36m<div[39m
                    [33mclass[39m=[32m"h-8 w-16 bg-muted animate-pulse rounded"[39m
                  [36m/>[39m
                [36m</div>[39m
              [36m</div>[39m
            [36m</div>[39m
            [36m<div[39m
              [33mclass[39m=[32m"bg-card text-card-foreground flex flex-col gap-6 rounded-xl border py-6 shadow-sm"[39m
              [33mdata-slot[39m=[32m"card"[39m
            [36m>[39m
              [36m<div[39m
                [33mclass[39m=[32m"p-6"[39m
                [33mdata-slot[39m=[32m"card-content"[39m
              [36m>[39m
                [36m<div[39m
                  [33mclass[39m=[32m"space-y-2"[39m
                [36m>[39m
                  [36m<div[39m
                    [33mclass[39m=[32m"h-4 w-24 bg-muted animate-pulse rounded"[39m
                  [36m/>[39m
                  [36m<div[39m
                    [33mclass[39m=[32m"h-8 w-16 bg-muted animate-pulse rounded"[39m
                  [36m/>[39m
                [36m</div>[39m
              [36m</div>[39m
            [36m</div>[39m
            [36m<div[39m
              [33mclass[39m=[32m"bg-card text-card-foreground flex flex-col gap-6 rounded-xl border py-6 shadow-sm"[39m
              [33mdata-slot[39m=[32m"card"[39m
            [36m>[39m
              [36m<div[39m
                [33mclass[39m=[32m"p-6"[39m
                [33mdata-slot[39m=[32m"card-content"[39m
              [36m>[39m
                [36m<div[39m
                  [33mclass[39m=[32m"space-y-2"[39m
                [36m>[39m
                  [36m<div[39m
                    [33mclass[39m=[32m"h-4 w-24 bg-muted animate-pulse rounded"[39m
                  [36m/>[39m
                  [36m<div[39m
                    [33mclass[39m=[32m"h-8 w-16 bg-muted animate-pulse rounded"[39m
                  [36m/>[39m
                [36m</div>[39m
              [36m</div>[39m
            [36m</div>[39m
            [36m<div[39m
              [33mclass[39m=[32m"bg-card text-card-foreground flex flex-col gap-6 rounded-xl border py-6 shadow-sm"[39m
              [33mdata-slot[39m=[32m"card"[39m
            [36m>[39m
              [36m<div[39m
                [33mclass[39m=[32m"p-6"[39m
                [33mdata-slot[39m=[32m"card-content"[39m
              [36m>[39m
                [36m<div[39m
                  [33mclass[39m=[32m"space-y-2"[39m
                [36m>[39m
                  [36m<div[39m
                    [33mclass[39m=[32m"h-4 w-24 bg-muted animate-pulse rounded"[39m
                  [36m/>[39m
                  [36m<div[39m
                    [33mclass[39m=[32m"h-8 w-16 bg-muted animate-pulse rounded"[39m
                  [36m/>[39m
                [36m</div>[39m
              [36m</div>[39m
            [36m</div>[39m
          [36m</div>[39m
        [36m</div>[39m
      [36m</div>[39m
    [36m</body>[39m

      390 |     render(<AttendancePredictiveAnalytics classId="class-1" />);
      391 |
    > 392 |     fireEvent.click(screen.getByText('Anomalies'));
          |                            ^
      393 |
      394 |     await waitFor(() => {
      395 |       expect(screen.getByText('No Anomalies Detected')).toBeInTheDocument();

      at Object.getElementError (node_modules/.pnpm/@testing-library+dom@10.4.0/node_modules/@testing-library/dom/dist/config.js:37:19)
      at node_modules/.pnpm/@testing-library+dom@10.4.0/node_modules/@testing-library/dom/dist/query-helpers.js:76:38
      at node_modules/.pnpm/@testing-library+dom@10.4.0/node_modules/@testing-library/dom/dist/query-helpers.js:52:17
      at node_modules/.pnpm/@testing-library+dom@10.4.0/node_modules/@testing-library/dom/dist/query-helpers.js:95:19
      at Object.getByText (src/components/admin/attendance/__tests__/AttendancePredictiveAnalytics.test.tsx:392:28)

  ● AttendancePredictiveAnalytics › handles empty insights gracefully

    TestingLibraryElementError: Unable to find an element with the text: Insights. This could be because the text is broken up by multiple elements. In this case, you can provide a function for your text matcher to make your matcher more flexible.

    Ignored nodes: comments, script, style
    [36m<body>[39m
      [36m<div>[39m
        [36m<div[39m
          [33mclass[39m=[32m"space-y-6"[39m
        [36m>[39m
          [36m<div[39m
            [33mclass[39m=[32m"flex items-center justify-between"[39m
          [36m>[39m
            [36m<div[39m
              [33mclass[39m=[32m"space-y-2"[39m
            [36m>[39m
              [36m<div[39m
                [33mclass[39m=[32m"h-6 w-48 bg-muted animate-pulse rounded"[39m
              [36m/>[39m
              [36m<div[39m
                [33mclass[39m=[32m"h-4 w-32 bg-muted animate-pulse rounded"[39m
              [36m/>[39m
            [36m</div>[39m
          [36m</div>[39m
          [36m<div[39m
            [33mclass[39m=[32m"grid gap-4 md:grid-cols-2 lg:grid-cols-4"[39m
          [36m>[39m
            [36m<div[39m
              [33mclass[39m=[32m"bg-card text-card-foreground flex flex-col gap-6 rounded-xl border py-6 shadow-sm"[39m
              [33mdata-slot[39m=[32m"card"[39m
            [36m>[39m
              [36m<div[39m
                [33mclass[39m=[32m"p-6"[39m
                [33mdata-slot[39m=[32m"card-content"[39m
              [36m>[39m
                [36m<div[39m
                  [33mclass[39m=[32m"space-y-2"[39m
                [36m>[39m
                  [36m<div[39m
                    [33mclass[39m=[32m"h-4 w-24 bg-muted animate-pulse rounded"[39m
                  [36m/>[39m
                  [36m<div[39m
                    [33mclass[39m=[32m"h-8 w-16 bg-muted animate-pulse rounded"[39m
                  [36m/>[39m
                [36m</div>[39m
              [36m</div>[39m
            [36m</div>[39m
            [36m<div[39m
              [33mclass[39m=[32m"bg-card text-card-foreground flex flex-col gap-6 rounded-xl border py-6 shadow-sm"[39m
              [33mdata-slot[39m=[32m"card"[39m
            [36m>[39m
              [36m<div[39m
                [33mclass[39m=[32m"p-6"[39m
                [33mdata-slot[39m=[32m"card-content"[39m
              [36m>[39m
                [36m<div[39m
                  [33mclass[39m=[32m"space-y-2"[39m
                [36m>[39m
                  [36m<div[39m
                    [33mclass[39m=[32m"h-4 w-24 bg-muted animate-pulse rounded"[39m
                  [36m/>[39m
                  [36m<div[39m
                    [33mclass[39m=[32m"h-8 w-16 bg-muted animate-pulse rounded"[39m
                  [36m/>[39m
                [36m</div>[39m
              [36m</div>[39m
            [36m</div>[39m
            [36m<div[39m
              [33mclass[39m=[32m"bg-card text-card-foreground flex flex-col gap-6 rounded-xl border py-6 shadow-sm"[39m
              [33mdata-slot[39m=[32m"card"[39m
            [36m>[39m
              [36m<div[39m
                [33mclass[39m=[32m"p-6"[39m
                [33mdata-slot[39m=[32m"card-content"[39m
              [36m>[39m
                [36m<div[39m
                  [33mclass[39m=[32m"space-y-2"[39m
                [36m>[39m
                  [36m<div[39m
                    [33mclass[39m=[32m"h-4 w-24 bg-muted animate-pulse rounded"[39m
                  [36m/>[39m
                  [36m<div[39m
                    [33mclass[39m=[32m"h-8 w-16 bg-muted animate-pulse rounded"[39m
                  [36m/>[39m
                [36m</div>[39m
              [36m</div>[39m
            [36m</div>[39m
            [36m<div[39m
              [33mclass[39m=[32m"bg-card text-card-foreground flex flex-col gap-6 rounded-xl border py-6 shadow-sm"[39m
              [33mdata-slot[39m=[32m"card"[39m
            [36m>[39m
              [36m<div[39m
                [33mclass[39m=[32m"p-6"[39m
                [33mdata-slot[39m=[32m"card-content"[39m
              [36m>[39m
                [36m<div[39m
                  [33mclass[39m=[32m"space-y-2"[39m
                [36m>[39m
                  [36m<div[39m
                    [33mclass[39m=[32m"h-4 w-24 bg-muted animate-pulse rounded"[39m
                  [36m/>[39m
                  [36m<div[39m
                    [33mclass[39m=[32m"h-8 w-16 bg-muted animate-pulse rounded"[39m
                  [36m/>[39m
                [36m</div>[39m
              [36m</div>[39m
            [36m</div>[39m
          [36m</div>[39m
        [36m</div>[39m
      [36m</div>[39m
    [36m</body>[39m

      409 |     render(<AttendancePredictiveAnalytics classId="class-1" />);
      410 |
    > 411 |     fireEvent.click(screen.getByText('Insights'));
          |                            ^
      412 |
      413 |     await waitFor(() => {
      414 |       expect(screen.getByText('No Insights Available')).toBeInTheDocument();

      at Object.getElementError (node_modules/.pnpm/@testing-library+dom@10.4.0/node_modules/@testing-library/dom/dist/config.js:37:19)
      at node_modules/.pnpm/@testing-library+dom@10.4.0/node_modules/@testing-library/dom/dist/query-helpers.js:76:38
      at node_modules/.pnpm/@testing-library+dom@10.4.0/node_modules/@testing-library/dom/dist/query-helpers.js:52:17
      at node_modules/.pnpm/@testing-library+dom@10.4.0/node_modules/@testing-library/dom/dist/query-helpers.js:95:19
      at Object.getByText (src/components/admin/attendance/__tests__/AttendancePredictiveAnalytics.test.tsx:411:28)

  ● AttendancePredictiveAnalytics › handles refresh functionality

    TestingLibraryElementError: Unable to find an accessible element with the role "button" and name `/refresh/i`

    Here are the accessible roles:

      heading:

      Name "Predictive Attendance Analytics":
      [36m<h2[39m
        [33mclass[39m=[32m"text-2xl font-bold tracking-tight"[39m
      [36m/>[39m

      --------------------------------------------------
      paragraph:

      Name "":
      [36m<p[39m
        [33mclass[39m=[32m"text-muted-foreground"[39m
      [36m/>[39m

      Name "":
      [36m<p[39m
        [33mclass[39m=[32m"text-sm font-medium text-muted-foreground"[39m
      [36m/>[39m

      Name "":
      [36m<p[39m
        [33mclass[39m=[32m"text-2xl font-bold"[39m
      [36m/>[39m

      Name "":
      [36m<p[39m
        [33mclass[39m=[32m"text-sm font-medium text-muted-foreground"[39m
      [36m/>[39m

      Name "":
      [36m<p[39m
        [33mclass[39m=[32m"text-2xl font-bold"[39m
      [36m/>[39m

      Name "":
      [36m<p[39m
        [33mclass[39m=[32m"text-xs text-muted-foreground"[39m
      [36m/>[39m

      Name "":
      [36m<p[39m
        [33mclass[39m=[32m"text-xs text-muted-foreground"[39m
      [36m/>[39m

      --------------------------------------------------
      button:

      Name "":
      [36m<button[39m
        [33mclass[39m=[32m"inline-flex items-center justify-center whitespace-nowrap text-sm font-medium transition-all disabled:pointer-events-none disabled:opacity-50 [&_svg]:pointer-events-none [&_svg:not([class*='size-'])]:size-4 shrink-0 [&_svg]:shrink-0 outline-none focus-visible:border-ring focus-visible:ring-ring/50 focus-visible:ring-[3px] aria-invalid:ring-destructive/20 dark:aria-invalid:ring-destructive/40 aria-invalid:border-destructive border bg-background shadow-xs hover:bg-accent hover:text-accent-foreground dark:bg-input/30 dark:border-input dark:hover:bg-input/50 h-8 rounded-md gap-1.5 px-3 has-[>svg]:px-2.5"[39m
        [33mdata-slot[39m=[32m"button"[39m
      [36m/>[39m

      Name "":
      [36m<button[39m
        [33mclass[39m=[32m"inline-flex items-center justify-center whitespace-nowrap text-sm font-medium transition-all disabled:pointer-events-none disabled:opacity-50 [&_svg]:pointer-events-none [&_svg:not([class*='size-'])]:size-4 shrink-0 [&_svg]:shrink-0 outline-none focus-visible:border-ring focus-visible:ring-ring/50 focus-visible:ring-[3px] aria-invalid:ring-destructive/20 dark:aria-invalid:ring-destructive/40 aria-invalid:border-destructive border bg-background shadow-xs hover:bg-accent hover:text-accent-foreground dark:bg-input/30 dark:border-input dark:hover:bg-input/50 h-8 rounded-md gap-1.5 px-3 has-[>svg]:px-2.5"[39m
        [33mdata-slot[39m=[32m"button"[39m
      [36m/>[39m

      --------------------------------------------------
      combobox:

      Name "":
      [36m<button[39m
        [33maria-autocomplete[39m=[32m"none"[39m
        [33maria-controls[39m=[32m"radix-:r3n:"[39m
        [33maria-expanded[39m=[32m"false"[39m
        [33mclass[39m=[32m"flex h-9 items-center justify-between rounded-md border border-input bg-transparent px-3 py-2 text-sm ring-offset-background placeholder:text-muted-foreground focus:outline-none focus:ring-2 focus:ring-ring focus:ring-offset-2 disabled:cursor-not-allowed disabled:opacity-50 [&>span]:line-clamp-1 w-[160px]"[39m
        [33mdata-state[39m=[32m"closed"[39m
        [33mdir[39m=[32m"ltr"[39m
        [33mrole[39m=[32m"combobox"[39m
        [33mtype[39m=[32m"button"[39m
      [36m/>[39m

      Name "":
      [36m<button[39m
        [33maria-autocomplete[39m=[32m"none"[39m
        [33maria-controls[39m=[32m"radix-:r3o:"[39m
        [33maria-expanded[39m=[32m"false"[39m
        [33mclass[39m=[32m"flex h-9 items-center justify-between rounded-md border border-input bg-transparent px-3 py-2 text-sm ring-offset-background placeholder:text-muted-foreground focus:outline-none focus:ring-2 focus:ring-ring focus:ring-offset-2 disabled:cursor-not-allowed disabled:opacity-50 [&>span]:line-clamp-1 w-[200px]"[39m
        [33mdata-state[39m=[32m"closed"[39m
        [33mdir[39m=[32m"ltr"[39m
        [33mrole[39m=[32m"combobox"[39m
        [33mtype[39m=[32m"button"[39m
      [36m/>[39m

      Name "":
      [36m<button[39m
        [33maria-autocomplete[39m=[32m"none"[39m
        [33maria-controls[39m=[32m"radix-:r3p:"[39m
        [33maria-expanded[39m=[32m"false"[39m
        [33mclass[39m=[32m"flex h-9 items-center justify-between rounded-md border border-input bg-transparent px-3 py-2 text-sm ring-offset-background placeholder:text-muted-foreground focus:outline-none focus:ring-2 focus:ring-ring focus:ring-offset-2 disabled:cursor-not-allowed disabled:opacity-50 [&>span]:line-clamp-1 w-[140px]"[39m
        [33mdata-state[39m=[32m"closed"[39m
        [33mdir[39m=[32m"ltr"[39m
        [33mrole[39m=[32m"combobox"[39m
        [33mtype[39m=[32m"button"[39m
      [36m/>[39m

      --------------------------------------------------
      progressbar:

      Name "":
      [36m<div[39m
        [33maria-valuemax[39m=[32m"100"[39m
        [33maria-valuemin[39m=[32m"0"[39m
        [33mclass[39m=[32m"bg-primary/20 relative w-full overflow-hidden rounded-full h-1"[39m
        [33mdata-max[39m=[32m"100"[39m
        [33mdata-slot[39m=[32m"progress"[39m
        [33mdata-state[39m=[32m"indeterminate"[39m
        [33mrole[39m=[32m"progressbar"[39m
      [36m/>[39m

      Name "":
      [36m<div[39m
        [33maria-valuemax[39m=[32m"100"[39m
        [33maria-valuemin[39m=[32m"0"[39m
        [33mclass[39m=[32m"bg-primary/20 relative w-full overflow-hidden rounded-full h-1"[39m
        [33mdata-max[39m=[32m"100"[39m
        [33mdata-slot[39m=[32m"progress"[39m
        [33mdata-state[39m=[32m"indeterminate"[39m
        [33mrole[39m=[32m"progressbar"[39m
      [36m/>[39m

      Name "":
      [36m<div[39m
        [33maria-valuemax[39m=[32m"100"[39m
        [33maria-valuemin[39m=[32m"0"[39m
        [33mclass[39m=[32m"bg-primary/20 relative w-full overflow-hidden rounded-full h-2"[39m
        [33mdata-max[39m=[32m"100"[39m
        [33mdata-slot[39m=[32m"progress"[39m
        [33mdata-state[39m=[32m"indeterminate"[39m
        [33mrole[39m=[32m"progressbar"[39m
      [36m/>[39m

      Name "":
      [36m<div[39m
        [33maria-valuemax[39m=[32m"100"[39m
        [33maria-valuemin[39m=[32m"0"[39m
        [33mclass[39m=[32m"bg-primary/20 relative w-full overflow-hidden rounded-full h-2"[39m
        [33mdata-max[39m=[32m"100"[39m
        [33mdata-slot[39m=[32m"progress"[39m
        [33mdata-state[39m=[32m"indeterminate"[39m
        [33mrole[39m=[32m"progressbar"[39m
      [36m/>[39m

      --------------------------------------------------
      tablist:

      Name "":
      [36m<div[39m
        [33maria-orientation[39m=[32m"horizontal"[39m
        [33mclass[39m=[32m"h-10 items-center justify-center rounded-md bg-muted p-1 text-muted-foreground grid w-full grid-cols-4"[39m
        [33mdata-orientation[39m=[32m"horizontal"[39m
        [33mrole[39m=[32m"tablist"[39m
        [33mstyle[39m=[32m"outline: none;"[39m
        [33mtabindex[39m=[32m"0"[39m
      [36m/>[39m

      --------------------------------------------------
      tab:

      Name "Forecast":
      [36m<button[39m
        [33maria-controls[39m=[32m"radix-:r3q:-content-forecast"[39m
        [33maria-selected[39m=[32m"true"[39m
        [33mclass[39m=[32m"inline-flex items-center justify-center whitespace-nowrap rounded-sm px-3 py-1.5 text-sm font-medium ring-offset-background transition-all focus-visible:outline-none focus-visible:ring-2 focus-visible:ring-ring focus-visible:ring-offset-2 disabled:pointer-events-none disabled:opacity-50 data-[state=active]:bg-background data-[state=active]:text-foreground data-[state=active]:shadow-sm"[39m
        [33mdata-orientation[39m=[32m"horizontal"[39m
        [33mdata-radix-collection-item[39m=[32m""[39m
        [33mdata-state[39m=[32m"active"[39m
        [33mid[39m=[32m"radix-:r3q:-trigger-forecast"[39m
        [33mrole[39m=[32m"tab"[39m
        [33mtabindex[39m=[32m"-1"[39m
        [33mtype[39m=[32m"button"[39m
      [36m/>[39m

      Name "Patterns":
      [36m<button[39m
        [33maria-controls[39m=[32m"radix-:r3q:-content-patterns"[39m
        [33maria-selected[39m=[32m"false"[39m
        [33mclass[39m=[32m"inline-flex items-center justify-center whitespace-nowrap rounded-sm px-3 py-1.5 text-sm font-medium ring-offset-background transition-all focus-visible:outline-none focus-visible:ring-2 focus-visible:ring-ring focus-visible:ring-offset-2 disabled:pointer-events-none disabled:opacity-50 data-[state=active]:bg-background data-[state=active]:text-foreground data-[state=active]:shadow-sm"[39m
        [33mdata-orientation[39m=[32m"horizontal"[39m
        [33mdata-radix-collection-item[39m=[32m""[39m
        [33mdata-state[39m=[32m"inactive"[39m
        [33mid[39m=[32m"radix-:r3q:-trigger-patterns"[39m
        [33mrole[39m=[32m"tab"[39m
        [33mtabindex[39m=[32m"-1"[39m
        [33mtype[39m=[32m"button"[39m
      [36m/>[39m

      Name "Anomalies":
      [36m<button[39m
        [33maria-controls[39m=[32m"radix-:r3q:-content-anomalies"[39m
        [33maria-selected[39m=[32m"false"[39m
        [33mclass[39m=[32m"inline-flex items-center justify-center whitespace-nowrap rounded-sm px-3 py-1.5 text-sm font-medium ring-offset-background transition-all focus-visible:outline-none focus-visible:ring-2 focus-visible:ring-ring focus-visible:ring-offset-2 disabled:pointer-events-none disabled:opacity-50 data-[state=active]:bg-background data-[state=active]:text-foreground data-[state=active]:shadow-sm"[39m
        [33mdata-orientation[39m=[32m"horizontal"[39m
        [33mdata-radix-collection-item[39m=[32m""[39m
        [33mdata-state[39m=[32m"inactive"[39m
        [33mid[39m=[32m"radix-:r3q:-trigger-anomalies"[39m
        [33mrole[39m=[32m"tab"[39m
        [33mtabindex[39m=[32m"-1"[39m
        [33mtype[39m=[32m"button"[39m
      [36m/>[39m

      Name "Insights":
      [36m<button[39m
        [33maria-controls[39m=[32m"radix-:r3q:-content-insights"[39m
        [33maria-selected[39m=[32m"false"[39m
        [33mclass[39m=[32m"inline-flex items-center justify-center whitespace-nowrap rounded-sm px-3 py-1.5 text-sm font-medium ring-offset-background transition-all focus-visible:outline-none focus-visible:ring-2 focus-visible:ring-ring focus-visible:ring-offset-2 disabled:pointer-events-none disabled:opacity-50 data-[state=active]:bg-background data-[state=active]:text-foreground data-[state=active]:shadow-sm"[39m
        [33mdata-orientation[39m=[32m"horizontal"[39m
        [33mdata-radix-collection-item[39m=[32m""[39m
        [33mdata-state[39m=[32m"inactive"[39m
        [33mid[39m=[32m"radix-:r3q:-trigger-insights"[39m
        [33mrole[39m=[32m"tab"[39m
        [33mtabindex[39m=[32m"-1"[39m
        [33mtype[39m=[32m"button"[39m
      [36m/>[39m

      --------------------------------------------------
      tabpanel:

      Name "Forecast":
      [36m<div[39m
        [33maria-labelledby[39m=[32m"radix-:r3q:-trigger-forecast"[39m
        [33mclass[39m=[32m"mt-2 ring-offset-background focus-visible:outline-none focus-visible:ring-2 focus-visible:ring-ring focus-visible:ring-offset-2 space-y-6"[39m
        [33mdata-orientation[39m=[32m"horizontal"[39m
        [33mdata-state[39m=[32m"active"[39m
        [33mid[39m=[32m"radix-:r3q:-content-forecast"[39m
        [33mrole[39m=[32m"tabpanel"[39m
        [33mstyle[39m=[32m"animation-duration: 0s;"[39m
        [33mtabindex[39m=[32m"0"[39m
      [36m/>[39m

      --------------------------------------------------

    Ignored nodes: comments, script, style
    [36m<body>[39m
      [36m<div>[39m
        [36m<div[39m
          [33mclass[39m=[32m"space-y-6"[39m
        [36m>[39m
          [36m<div[39m
            [33mclass[39m=[32m"flex items-center justify-between"[39m
          [36m>[39m
            [36m<div[39m
              [33mclass[39m=[32m"space-y-1"[39m
            [36m>[39m
              [36m<h2[39m
                [33mclass[39m=[32m"text-2xl font-bold tracking-tight"[39m
              [36m>[39m
                [0mPredictive Attendance Analytics[0m
              [36m</h2>[39m
              [36m<p[39m
                [33mclass[39m=[32m"text-muted-foreground"[39m
              [36m>[39m
                [0mAI-powered attendance forecasting and pattern analysis[0m
              [36m</p>[39m
            [36m</div>[39m
            [36m<div[39m
              [33mclass[39m=[32m"flex items-center gap-2"[39m
            [36m>[39m
              [36m<button[39m
                [33mclass[39m=[32m"inline-flex items-center justify-center whitespace-nowrap text-sm font-medium transition-all disabled:pointer-events-none disabled:opacity-50 [&_svg]:pointer-events-none [&_svg:not([class*='size-'])]:size-4 shrink-0 [&_svg]:shrink-0 outline-none focus-visible:border-ring focus-visible:ring-ring/50 focus-visible:ring-[3px] aria-invalid:ring-destructive/20 dark:aria-invalid:ring-destructive/40 aria-invalid:border-destructive border bg-background shadow-xs hover:bg-accent hover:text-accent-foreground dark:bg-input/30 dark:border-input dark:hover:bg-input/50 h-8 rounded-md gap-1.5 px-3 has-[>svg]:px-2.5"[39m
                [33mdata-slot[39m=[32m"button"[39m
              [36m>[39m
                [36m<svg[39m
                  [33maria-hidden[39m=[32m"true"[39m
                  [33mclass[39m=[32m"lucide lucide-refresh-cw h-4 w-4"[39m
                  [33mfill[39m=[32m"none"[39m
                  [33mheight[39m=[32m"24"[39m
                  [33mstroke[39m=[32m"currentColor"[39m
                  [33mstroke-linecap[39m=[32m"round"[39m
                  [33mstroke-linejoin[39m=[32m"round"[39m
                  [33mstroke-width[39m=[32m"2"[39m
                  [33mviewBox[39m=[32m"0 0 24 24"[39m
                  [33mwidth[39m=[32m"24"[39m
                  [33mxmlns[39m=[32m"http://www.w3.org/2000/svg"[39m
                [36m>[39m
                  [36m<path[39m
                    [33md[39m=[32m"M3 12a9 9 0 0 1 9-9 9.75 9.75 0 0 1 6.74 2.74L21 8"[39m
                  [36m/>[39m
                  [36m<path[39m
                    [33md[39m=[32m"M21 3v5h-5"[39m
                  [36m/>[39m
                  [36m<path[39m
                    [33md[39m=[32m"M21 12a9 9 0 0 1-9 9 9.75 9.75 0 0 1-6.74-2.74L3 16"[39m
                  [36m/>[39m
                  [36m<path[39m
                    [33md[39m=[32m"M8 16H3v5"[39m
                  [36m/>[39m
                [36m</svg>[39m
              [36m</button>[39m
              [36m<button[39m
                [33mclass[39m=[32m"inline-flex items-center justify-center whitespace-nowrap text-sm font-medium transition-all disabled:pointer-events-none disabled:opacity-50 [&_svg]:pointer-events-none [&_svg:not([class*='size-'])]:size-4 shrink-0 [&_svg]:shrink-0 outline-none focus-visible:border-ring focus-visible:ring-ring/50 focus-visible:ring-[3px] aria-invalid:ring-destructive/20 dark:aria-invalid:ring-destructive/40 aria-invalid:border-destructive border bg-background shadow-xs hover:bg-accent hover:text-accent-foreground dark:bg-input/30 dark:border-input dark:hover:bg-input/50 h-8 rounded-md gap-1.5 px-3 has-[>svg]:px-2.5"[39m
                [33mdata-slot[39m=[32m"button"[39m
              [36m>[39m
                [36m<svg[39m
                  [33maria-hidden[39m=[32m"true"[39m
                  [33mclass[39m=[32m"lucide lucide-download h-4 w-4"[39m
                  [33mfill[39m=[32m"none"[39m
                  [33mheight[39m=[32m"24"[39m
                  [33mstroke[39m=[32m"currentColor"[39m
                  [33mstroke-linecap[39m=[32m"round"[39m
                  [33mstroke-linejoin[39m=[32m"round"[39m
                  [33mstroke-width[39m=[32m"2"[39m
                  [33mviewBox[39m=[32m"0 0 24 24"[39m
                  [33mwidth[39m=[32m"24"[39m
                  [33mxmlns[39m=[32m"http://www.w3.org/2000/svg"[39m
                [36m>[39m
                  [36m<path[39m
                    [33md[39m=[32m"M12 15V3"[39m
                  [36m/>[39m
                  [36m<path[39m
                    [33md[39m=[32m"M21 15v4a2 2 0 0 1-2 2H5a2 2 0 0 1-2-2v-4"[39m
                  [36m/>[39m
                  [36m<path[39m
                    [33md[39m=[32m"m7 10 5 5 5-5"[39m
                  [36m/>[39m
                [36m</svg>[39m
              [36m</button>[39m
            [36m</div>[39m
          [36m</div>[39m
          [36m<div[39m
            [33mclass[39m=[32m"flex flex-wrap items-center gap-4"[39m
          [36m>[39m
            [36m<button[39m
              [33maria-autocomplete[39m=[32m"none"[39m
              [33maria-controls[39m=[32m"radix-:r3n:"[39m
              [33maria-expanded[39m=[32m"false"[39m
              [33mclass[39m=[32m"flex h-9 items-center justify-between rounded-md border border-input bg-transparent px-3 py-2 text-sm ring-offset-background placeholder:text-muted-foreground focus:outline-none focus:ring-2 focus:ring-ring focus:ring-offset-2 disabled:cursor-not-allowed disabled:opacity-50 [&>span]:line-clamp-1 w-[160px]"[39m
              [33mdata-state[39m=[32m"closed"[39m
              [33mdir[39m=[32m"ltr"[39m
              [33mrole[39m=[32m"combobox"[39m
              [33mtype[39m=[32m"button"[39m
            [36m>[39m
              [36m<span[39m
                [33mstyle[39m=[32m"pointer-events: none;"[39m
              [36m>[39m
                [0mSingle Class[0m
              [36m</span>[39m
              [36m<svg[39m
                [33maria-hidden[39m=[32m"true"[39m
                [33mclass[39m=[32m"lucide lucide-chevron-down h-4 w-4 opacity-50"[39m
                [33mfill[39m=[32m"none"[39m
                [33mheight[39m=[32m"24"[39m
                [33mstroke[39m=[32m"currentColor"[39m
                [33mstroke-linecap[39m=[32m"round"[39m
                [33mstroke-linejoin[39m=[32m"round"[39m
                [33mstroke-width[39m=[32m"2"[39m
                [33mviewBox[39m=[32m"0 0 24 24"[39m
                [33mwidth[39m=[32m"24"[39m
                [33mxmlns[39m=[32m"http://www.w3.org/2000/svg"[39m
              [36m>[39m
                [36m<path[39m
                  [33md[39m=[32m"m6 9 6 6 6-6"[39m
                [36m/>[39m
              [36m</svg>[39m
            [36m</button>[39m
            [36m<button[39m
              [33maria-autocomplete[39m=[32m"none"[39m
              [33maria-controls[39m=[32m"radix-:r3o:"[39m
              [33maria-expanded[39m=[32m"false"[39m
              [33mclass[39m=[32m"flex h-9 items-center justify-between rounded-md border border-input bg-transparent px-3 py-2 text-sm ring-offset-background placeholder:text-muted-foreground focus:outline-none focus:ring-2 focus:ring-ring focus:ring-offset-2 disabled:cursor-not-allowed ...

      440 |
      441 |     // Click refresh button
    > 442 |     const refreshButton = screen.getByRole('button', { name: /refresh/i });
          |                                  ^
      443 |     fireEvent.click(refreshButton);
      444 |
      445 |     await waitFor(() => {

      at Object.getElementError (node_modules/.pnpm/@testing-library+dom@10.4.0/node_modules/@testing-library/dom/dist/config.js:37:19)
      at node_modules/.pnpm/@testing-library+dom@10.4.0/node_modules/@testing-library/dom/dist/query-helpers.js:76:38
      at node_modules/.pnpm/@testing-library+dom@10.4.0/node_modules/@testing-library/dom/dist/query-helpers.js:52:17
      at node_modules/.pnpm/@testing-library+dom@10.4.0/node_modules/@testing-library/dom/dist/query-helpers.js:95:19
      at Object.getByRole (src/components/admin/attendance/__tests__/AttendancePredictiveAnalytics.test.tsx:442:34)

  ● AttendancePredictiveAnalytics › shows no data state when no class is selected

    Unable to find an element with the text: No Predictive Data Available. This could be because the text is broken up by multiple elements. In this case, you can provide a function for your text matcher to make your matcher more flexible.

    Ignored nodes: comments, script, style
    [36m<body>[39m
      [36m<div>[39m
        [36m<div[39m
          [33mclass[39m=[32m"space-y-6"[39m
        [36m>[39m
          [36m<div[39m
            [33mclass[39m=[32m"flex items-center justify-between"[39m
          [36m>[39m
            [36m<div[39m
              [33mclass[39m=[32m"space-y-2"[39m
            [36m>[39m
              [36m<div[39m
                [33mclass[39m=[32m"h-6 w-48 bg-muted animate-pulse rounded"[39m
              [36m/>[39m
              [36m<div[39m
                [33mclass[39m=[32m"h-4 w-32 bg-muted animate-pulse rounded"[39m
              [36m/>[39m
            [36m</div>[39m
          [36m</div>[39m
          [36m<div[39m
            [33mclass[39m=[32m"grid gap-4 md:grid-cols-2 lg:grid-cols-4"[39m
          [36m>[39m
            [36m<div[39m
              [33mclass[39m=[32m"bg-card text-card-foreground flex flex-col gap-6 rounded-xl border py-6 shadow-sm"[39m
              [33mdata-slot[39m=[32m"card"[39m
            [36m>[39m
              [36m<div[39m
                [33mclass[39m=[32m"p-6"[39m
                [33mdata-slot[39m=[32m"card-content"[39m
              [36m>[39m
                [36m<div[39m
                  [33mclass[39m=[32m"space-y-2"[39m
                [36m>[39m
                  [36m<div[39m
                    [33mclass[39m=[32m"h-4 w-24 bg-muted animate-pulse rounded"[39m
                  [36m/>[39m
                  [36m<div[39m
                    [33mclass[39m=[32m"h-8 w-16 bg-muted animate-pulse rounded"[39m
                  [36m/>[39m
                [36m</div>[39m
              [36m</div>[39m
            [36m</div>[39m
            [36m<div[39m
              [33mclass[39m=[32m"bg-card text-card-foreground flex flex-col gap-6 rounded-xl border py-6 shadow-sm"[39m
              [33mdata-slot[39m=[32m"card"[39m
            [36m>[39m
              [36m<div[39m
                [33mclass[39m=[32m"p-6"[39m
                [33mdata-slot[39m=[32m"card-content"[39m
              [36m>[39m
                [36m<div[39m
                  [33mclass[39m=[32m"space-y-2"[39m
                [36m>[39m
                  [36m<div[39m
                    [33mclass[39m=[32m"h-4 w-24 bg-muted animate-pulse rounded"[39m
                  [36m/>[39m
                  [36m<div[39m
                    [33mclass[39m=[32m"h-8 w-16 bg-muted animate-pulse rounded"[39m
                  [36m/>[39m
                [36m</div>[39m
              [36m</div>[39m
            [36m</div>[39m
            [36m<div[39m
              [33mclass[39m=[32m"bg-card text-card-foreground flex flex-col gap-6 rounded-xl border py-6 shadow-sm"[39m
              [33mdata-slot[39m=[32m"card"[39m
            [36m>[39m
              [36m<div[39m
                [33mclass[39m=[32m"p-6"[39m
                [33mdata-slot[39m=[32m"card-content"[39m
              [36m>[39m
                [36m<div[39m
                  [33mclass[39m=[32m"space-y-2"[39m
                [36m>[39m
                  [36m<div[39m
                    [33mclass[39m=[32m"h-4 w-24 bg-muted animate-pulse rounded"[39m
                  [36m/>[39m
                  [36m<div[39m
                    [33mclass[39m=[32m"h-8 w-16 bg-muted animate-pulse rounded"[39m
                  [36m/>[39m
                [36m</div>[39m
              [36m</div>[39m
            [36m</div>[39m
            [36m<div[39m
              [33mclass[39m=[32m"bg-card text-card-foreground flex flex-col gap-6 rounded-xl border py-6 shadow-sm"[39m
              [33mdata-slot[39m=[32m"card"[39m
            [36m>[39m
              [36m<div[39m
                [33mclass[39m=[32m"p-6"[39m
                [33mdata-slot[39m=[32m"card-content"[39m
              [36m>[39m
                [36m<div[39m
                  [33mclass[39m=[32m"space-y-2"[39m
                [36m>[39m
                  [36m<div[39m
                    [33mclass[39m=[32m"h-4 w-24 bg-muted animate-pulse rounded"[39m
                  [36m/>[39m
                  [36m<div[39m
                    [33mclass[39m=[32m"h-8 w-16 bg-muted animate-pulse rounded"[39m
                  [36m/>[39m
                [36m</div>[39m
              [36m</div>[39m
            [36m</div>[39m
          [36m</div>[39m
        [36m</div>[39m
      [36m</div>[39m
    [36m</body>[39m

      452 |     render(<AttendancePredictiveAnalytics />);
      453 |
    > 454 |     await waitFor(() => {
          |                  ^
      455 |       expect(screen.getByText('No Predictive Data Available')).toBeInTheDocument();
      456 |       expect(screen.getByText('Select a class to view predictive analytics.')).toBeInTheDocument();
      457 |     });

      at waitForWrapper (node_modules/.pnpm/@testing-library+dom@10.4.0/node_modules/@testing-library/dom/dist/wait-for.js:163:27)
      at Object.<anonymous> (src/components/admin/attendance/__tests__/AttendancePredictiveAnalytics.test.tsx:454:18)

  ● AttendancePredictiveAnalytics › displays target dates for predictions

    Found multiple elements with the text: Target: Feb 15, 2024

    Here are the matching elements:

    Ignored nodes: comments, script, style
    [36m<div[39m
      [33mclass[39m=[32m"mt-2 text-xs text-muted-foreground"[39m
    [36m>[39m
      [0mTarget: [0m
      [0mFeb 15, 2024[0m
    [36m</div>[39m

    Ignored nodes: comments, script, style
    [36m<div[39m
      [33mclass[39m=[32m"mt-2 text-xs text-muted-foreground"[39m
    [36m>[39m
      [0mTarget: [0m
      [0mFeb 15, 2024[0m
    [36m</div>[39m

    (If this is intentional, then use the `*AllBy*` variant of the query (like `queryAllByText`, `getAllByText`, or `findAllByText`)).

    Ignored nodes: comments, script, style
    [36m<body>[39m
      [36m<div>[39m
        [36m<div[39m
          [33mclass[39m=[32m"space-y-6"[39m
        [36m>[39m
          [36m<div[39m
            [33mclass[39m=[32m"flex items-center justify-between"[39m
          [36m>[39m
            [36m<div[39m
              [33mclass[39m=[32m"space-y-1"[39m
            [36m>[39m
              [36m<h2[39m
                [33mclass[39m=[32m"text-2xl font-bold tracking-tight"[39m
              [36m>[39m
                [0mPredictive Attendance Analytics[0m
              [36m</h2>[39m
              [36m<p[39m
                [33mclass[39m=[32m"text-muted-foreground"[39m
              [36m>[39m
                [0mAI-powered attendance forecasting and pattern analysis[0m
              [36m</p>[39m
            [36m</div>[39m
            [36m<div[39m
              [33mclass[39m=[32m"flex items-center gap-2"[39m
            [36m>[39m
              [36m<button[39m
                [33mclass[39m=[32m"inline-flex items-center justify-center whitespace-nowrap text-sm font-medium transition-all disabled:pointer-events-none disabled:opacity-50 [&_svg]:pointer-events-none [&_svg:not([class*='size-'])]:size-4 shrink-0 [&_svg]:shrink-0 outline-none focus-visible:border-ring focus-visible:ring-ring/50 focus-visible:ring-[3px] aria-invalid:ring-destructive/20 dark:aria-invalid:ring-destructive/40 aria-invalid:border-destructive border bg-background shadow-xs hover:bg-accent hover:text-accent-foreground dark:bg-input/30 dark:border-input dark:hover:bg-input/50 h-8 rounded-md gap-1.5 px-3 has-[>svg]:px-2.5"[39m
                [33mdata-slot[39m=[32m"button"[39m
              [36m>[39m
                [36m<svg[39m
                  [33maria-hidden[39m=[32m"true"[39m
                  [33mclass[39m=[32m"lucide lucide-refresh-cw h-4 w-4"[39m
                  [33mfill[39m=[32m"none"[39m
                  [33mheight[39m=[32m"24"[39m
                  [33mstroke[39m=[32m"currentColor"[39m
                  [33mstroke-linecap[39m=[32m"round"[39m
                  [33mstroke-linejoin[39m=[32m"round"[39m
                  [33mstroke-width[39m=[32m"2"[39m
                  [33mviewBox[39m=[32m"0 0 24 24"[39m
                  [33mwidth[39m=[32m"24"[39m
                  [33mxmlns[39m=[32m"http://www.w3.org/2000/svg"[39m
                [36m>[39m
                  [36m<path[39m
                    [33md[39m=[32m"M3 12a9 9 0 0 1 9-9 9.75 9.75 0 0 1 6.74 2.74L21 8"[39m
                  [36m/>[39m
                  [36m<path[39m
                    [33md[39m=[32m"M21 3v5h-5"[39m
                  [36m/>[39m
                  [36m<path[39m
                    [33md[39m=[32m"M21 12a9 9 0 0 1-9 9 9.75 9.75 0 0 1-6.74-2.74L3 16"[39m
                  [36m/>[39m
                  [36m<path[39m
                    [33md[39m=[32m"M8 16H3v5"[39m
                  [36m/>[39m
                [36m</svg>[39m
              [36m</button>[39m
              [36m<button[39m
                [33mclass[39m=[32m"inline-flex items-center justify-center whitespace-nowrap text-sm font-medium transition-all disabled:pointer-events-none disabled:opacity-50 [&_svg]:pointer-events-none [&_svg:not([class*='size-'])]:size-4 shrink-0 [&_svg]:shrink-0 outline-none focus-visible:border-ring focus-visible:ring-ring/50 focus-visible:ring-[3px] aria-invalid:ring-destructive/20 dark:aria-invalid:ring-destructive/40 aria-invalid:border-destructive border bg-background shadow-xs hover:bg-accent hover:text-accent-foreground dark:bg-input/30 dark:border-input dark:hover:bg-input/50 h-8 rounded-md gap-1.5 px-3 has-[>svg]:px-2.5"[39m
                [33mdata-slot[39m=[32m"button"[39m
              [36m>[39m
                [36m<svg[39m
                  [33maria-hidden[39m=[32m"true"[39m
                  [33mclass[39m=[32m"lucide lucide-download h-4 w-4"[39m
                  [33mfill[39m=[32m"none"[39m
                  [33mheight[39m=[32m"24"[39m
                  [33mstroke[39m=[32m"currentColor"[39m
                  [33mstroke-linecap[39m=[32m"round"[39m
                  [33mstroke-linejoin[39m=[32m"round"[39m
                  [33mstroke-width[39m=[32m"2"[39m
                  [33mviewBox[39m=[32m"0 0 24 24"[39m
                  [33mwidth[39m=[32m"24"[39m
                  [33mxmlns[39m=[32m"http://www.w3.org/2000/svg"[39m
                [36m>[39m
                  [36m<path[39m
                    [33md[39m=[32m"M12 15V3"[39m
                  [36m/>[39m
                  [36m<path[39m
                    [33md[39m=[32m"M21 15v4a2 2 0 0 1-2 2H5a2 2 0 0 1-2-2v-4"[39m
                  [36m/>[39m
                  [36m<path[39m
                    [33md[39m=[32m"m7 10 5 5 5-5"[39m
                  [36m/>[39m
                [36m</svg>[39m
              [36m</button>[39m
            [36m</div>[39m
          [36m</div>[39m
          [36m<div[39m
            [33mclass[39m=[32m"flex flex-wrap items-center gap-4"[39m
          [36m>[39m
            [36m<button[39m
              [33maria-autocomplete[39m=[32m"none"[39m
              [33maria-controls[39m=[32m"radix-:r48:"[39m
              [33maria-expanded[39m=[32m"false"[39m
              [33mclass[39m=[32m"flex h-9 items-center justify-between rounded-md border border-input bg-transparent px-3 py-2 text-sm ring-offset-background placeholder:text-muted-foreground focus:outline-none focus:ring-2 focus:ring-ring focus:ring-offset-2 disabled:cursor-not-allowed disabled:opacity-50 [&>span]:line-clamp-1 w-[160px]"[39m
              [33mdata-state[39m=[32m"closed"[39m
              [33mdir[39m=[32m"ltr"[39m
              [33mrole[39m=[32m"combobox"[39m
              [33mtype[39m=[32m"button"[39m
            [36m>[39m
              [36m<span[39m
                [33mstyle[39m=[32m"pointer-events: none;"[39m
              [36m>[39m
                [0mSingle Class[0m
              [36m</span>[39m
              [36m<svg[39m
                [33maria-hidden[39m=[32m"true"[39m
                [33mclass[39m=[32m"lucide lucide-chevron-down h-4 w-4 opacity-50"[39m
                [33mfill[39m=[32m"none"[39m
                [33mheight[39m=[32m"24"[39m
                [33mstroke[39m=[32m"currentColor"[39m
                [33mstroke-linecap[39m=[32m"round"[39m
                [33mstroke-linejoin[39m=[32m"round"[39m
                [33mstroke-width[39m=[32m"2"[39m
                [33mviewBox[39m=[32m"0 0 24 24"[39m
                [33mwidth[39m=[32m"24"[39m
                [33mxmlns[39m=[32m"http://www.w3.org/2000/svg"[39m
              [36m>[39m
                [36m<path[39m
                  [33md[39m=[32m"m6 9 6 6 6-6"[39m
                [36m/>[39m
              [36m</svg>[39m
            [36m</button>[39m
            [36m<button[39m
              [33maria-autocomplete[39m=[32m"none"[39m
              [33maria-controls[39m=[32m"radix-:r49:"[39m
              [33maria-expanded[39m=[32m"false"[39m
              [33mclass[39m=[32m"flex h-9 items-center justify-between rounded-md border border-input bg-transparent px-3 py-2 text-sm ring-offset-background placeholder:text-muted-foreground focus:outline-none focus:ring-2 focus:ring-ring focus:ring-offset-2 disabled:cursor-not-allowed ...

      461 |     render(<AttendancePredictiveAnalytics classId="class-1" />);
      462 |
    > 463 |     await waitFor(() => {
          |                  ^
      464 |       expect(screen.getByText('Target: Feb 15, 2024')).toBeInTheDocument();
      465 |     });
      466 |   });

      at waitForWrapper (node_modules/.pnpm/@testing-library+dom@10.4.0/node_modules/@testing-library/dom/dist/wait-for.js:163:27)
      at Object.<anonymous> (src/components/admin/attendance/__tests__/AttendancePredictiveAnalytics.test.tsx:463:18)

  ● AttendancePredictiveAnalytics › handles different risk level colors

    Unable to find an element with the text: high risk. This could be because the text is broken up by multiple elements. In this case, you can provide a function for your text matcher to make your matcher more flexible.

    Ignored nodes: comments, script, style
    [36m<body>[39m
      [36m<div>[39m
        [36m<div[39m
          [33mclass[39m=[32m"space-y-6"[39m
        [36m>[39m
          [36m<div[39m
            [33mclass[39m=[32m"flex items-center justify-between"[39m
          [36m>[39m
            [36m<div[39m
              [33mclass[39m=[32m"space-y-1"[39m
            [36m>[39m
              [36m<h2[39m
                [33mclass[39m=[32m"text-2xl font-bold tracking-tight"[39m
              [36m>[39m
                [0mPredictive Attendance Analytics[0m
              [36m</h2>[39m
              [36m<p[39m
                [33mclass[39m=[32m"text-muted-foreground"[39m
              [36m>[39m
                [0mAI-powered attendance forecasting and pattern analysis[0m
              [36m</p>[39m
            [36m</div>[39m
            [36m<div[39m
              [33mclass[39m=[32m"flex items-center gap-2"[39m
            [36m>[39m
              [36m<button[39m
                [33mclass[39m=[32m"inline-flex items-center justify-center whitespace-nowrap text-sm font-medium transition-all disabled:pointer-events-none disabled:opacity-50 [&_svg]:pointer-events-none [&_svg:not([class*='size-'])]:size-4 shrink-0 [&_svg]:shrink-0 outline-none focus-visible:border-ring focus-visible:ring-ring/50 focus-visible:ring-[3px] aria-invalid:ring-destructive/20 dark:aria-invalid:ring-destructive/40 aria-invalid:border-destructive border bg-background shadow-xs hover:bg-accent hover:text-accent-foreground dark:bg-input/30 dark:border-input dark:hover:bg-input/50 h-8 rounded-md gap-1.5 px-3 has-[>svg]:px-2.5"[39m
                [33mdata-slot[39m=[32m"button"[39m
              [36m>[39m
                [36m<svg[39m
                  [33maria-hidden[39m=[32m"true"[39m
                  [33mclass[39m=[32m"lucide lucide-refresh-cw h-4 w-4"[39m
                  [33mfill[39m=[32m"none"[39m
                  [33mheight[39m=[32m"24"[39m
                  [33mstroke[39m=[32m"currentColor"[39m
                  [33mstroke-linecap[39m=[32m"round"[39m
                  [33mstroke-linejoin[39m=[32m"round"[39m
                  [33mstroke-width[39m=[32m"2"[39m
                  [33mviewBox[39m=[32m"0 0 24 24"[39m
                  [33mwidth[39m=[32m"24"[39m
                  [33mxmlns[39m=[32m"http://www.w3.org/2000/svg"[39m
                [36m>[39m
                  [36m<path[39m
                    [33md[39m=[32m"M3 12a9 9 0 0 1 9-9 9.75 9.75 0 0 1 6.74 2.74L21 8"[39m
                  [36m/>[39m
                  [36m<path[39m
                    [33md[39m=[32m"M21 3v5h-5"[39m
                  [36m/>[39m
                  [36m<path[39m
                    [33md[39m=[32m"M21 12a9 9 0 0 1-9 9 9.75 9.75 0 0 1-6.74-2.74L3 16"[39m
                  [36m/>[39m
                  [36m<path[39m
                    [33md[39m=[32m"M8 16H3v5"[39m
                  [36m/>[39m
                [36m</svg>[39m
              [36m</button>[39m
              [36m<button[39m
                [33mclass[39m=[32m"inline-flex items-center justify-center whitespace-nowrap text-sm font-medium transition-all disabled:pointer-events-none disabled:opacity-50 [&_svg]:pointer-events-none [&_svg:not([class*='size-'])]:size-4 shrink-0 [&_svg]:shrink-0 outline-none focus-visible:border-ring focus-visible:ring-ring/50 focus-visible:ring-[3px] aria-invalid:ring-destructive/20 dark:aria-invalid:ring-destructive/40 aria-invalid:border-destructive border bg-background shadow-xs hover:bg-accent hover:text-accent-foreground dark:bg-input/30 dark:border-input dark:hover:bg-input/50 h-8 rounded-md gap-1.5 px-3 has-[>svg]:px-2.5"[39m
                [33mdata-slot[39m=[32m"button"[39m
              [36m>[39m
                [36m<svg[39m
                  [33maria-hidden[39m=[32m"true"[39m
                  [33mclass[39m=[32m"lucide lucide-download h-4 w-4"[39m
                  [33mfill[39m=[32m"none"[39m
                  [33mheight[39m=[32m"24"[39m
                  [33mstroke[39m=[32m"currentColor"[39m
                  [33mstroke-linecap[39m=[32m"round"[39m
                  [33mstroke-linejoin[39m=[32m"round"[39m
                  [33mstroke-width[39m=[32m"2"[39m
                  [33mviewBox[39m=[32m"0 0 24 24"[39m
                  [33mwidth[39m=[32m"24"[39m
                  [33mxmlns[39m=[32m"http://www.w3.org/2000/svg"[39m
                [36m>[39m
                  [36m<path[39m
                    [33md[39m=[32m"M12 15V3"[39m
                  [36m/>[39m
                  [36m<path[39m
                    [33md[39m=[32m"M21 15v4a2 2 0 0 1-2 2H5a2 2 0 0 1-2-2v-4"[39m
                  [36m/>[39m
                  [36m<path[39m
                    [33md[39m=[32m"m7 10 5 5 5-5"[39m
                  [36m/>[39m
                [36m</svg>[39m
              [36m</button>[39m
            [36m</div>[39m
          [36m</div>[39m
          [36m<div[39m
            [33mclass[39m=[32m"flex flex-wrap items-center gap-4"[39m
          [36m>[39m
            [36m<button[39m
              [33maria-autocomplete[39m=[32m"none"[39m
              [33maria-controls[39m=[32m"radix-:r6c:"[39m
              [33maria-expanded[39m=[32m"false"[39m
              [33mclass[39m=[32m"flex h-9 items-center justify-between rounded-md border border-input bg-transparent px-3 py-2 text-sm ring-offset-background placeholder:text-muted-foreground focus:outline-none focus:ring-2 focus:ring-ring focus:ring-offset-2 disabled:cursor-not-allowed disabled:opacity-50 [&>span]:line-clamp-1 w-[160px]"[39m
              [33mdata-state[39m=[32m"closed"[39m
              [33mdir[39m=[32m"ltr"[39m
              [33mrole[39m=[32m"combobox"[39m
              [33mtype[39m=[32m"button"[39m
            [36m>[39m
              [36m<span[39m
                [33mstyle[39m=[32m"pointer-events: none;"[39m
              [36m>[39m
                [0mSingle Class[0m
              [36m</span>[39m
              [36m<svg[39m
                [33maria-hidden[39m=[32m"true"[39m
                [33mclass[39m=[32m"lucide lucide-chevron-down h-4 w-4 opacity-50"[39m
                [33mfill[39m=[32m"none"[39m
                [33mheight[39m=[32m"24"[39m
                [33mstroke[39m=[32m"currentColor"[39m
                [33mstroke-linecap[39m=[32m"round"[39m
                [33mstroke-linejoin[39m=[32m"round"[39m
                [33mstroke-width[39m=[32m"2"[39m
                [33mviewBox[39m=[32m"0 0 24 24"[39m
                [33mwidth[39m=[32m"24"[39m
                [33mxmlns[39m=[32m"http://www.w3.org/2000/svg"[39m
              [36m>[39m
                [36m<path[39m
                  [33md[39m=[32m"m6 9 6 6 6-6"[39m
                [36m/>[39m
              [36m</svg>[39m
            [36m</button>[39m
            [36m<button[39m
              [33maria-autocomplete[39m=[32m"none"[39m
              [33maria-controls[39m=[32m"radix-:r6d:"[39m
              [33maria-expanded[39m=[32m"false"[39m
              [33mclass[39m=[32m"flex h-9 items-center justify-between rounded-md border border-input bg-transparent px-3 py-2 text-sm ring-offset-background placeholder:text-muted-foreground focus:outline-none focus:ring-2 focus:ring-ring focus:ring-offset-2 disabled:cursor-not-allowed ...

      514 |     render(<AttendancePredictiveAnalytics classId="class-1" />);
      515 |
    > 516 |     await waitFor(() => {
          |                  ^
      517 |       expect(screen.getByText('high risk')).toBeInTheDocument();
      518 |       expect(screen.getByText('55.0%')).toBeInTheDocument();
      519 |     });

      at waitForWrapper (node_modules/.pnpm/@testing-library+dom@10.4.0/node_modules/@testing-library/dom/dist/wait-for.js:163:27)
      at Object.<anonymous> (src/components/admin/attendance/__tests__/AttendancePredictiveAnalytics.test.tsx:516:18)

FAIL src/lib/services/__tests__/content-similarity-service.test.ts (15.244 s)
  ● ContentSimilarityService › analyzeClassSimilarity › should calculate realistic similarity scores

    expect(received).toBeGreaterThan(expected)

    Expected: > 0.5
    Received:   0

      242 |
      243 |       // Same class should have high similarity
    > 244 |       expect(result.overallSimilarity).toBeGreaterThan(0.5);
          |                                        ^
      245 |     });
      246 |   });
      247 |

      at Object.toBeGreaterThan (src/lib/services/__tests__/content-similarity-service.test.ts:244:40)

  ● ContentSimilarityService › findSimilarContentClasses › should find similar content classes

    TypeError: Cannot destructure property 'data' of '(intermediate value)' as it is undefined.

      452 |    */
      453 |   private async buildRecommendationContext(studentId: string): Promise<ContentRecommendationContext> {
    > 454 |     const { data: student } = await supabase
          |                   ^
      455 |       .from('students')
      456 |       .select('*')
      457 |       .eq('id', studentId)

      at ContentSimilarityService.student [as buildRecommendationContext] (src/lib/services/content-similarity-service.ts:454:19)
      at src/lib/services/content-similarity-service.ts:151:23
      at withRetry (src/lib/services/crud-service.ts:284:14)
      at Object.<anonymous> (src/lib/services/__tests__/content-similarity-service.test.ts:335:23)

  ● ContentSimilarityService › findSimilarContentClasses › should filter out classes below similarity threshold

    TypeError: Cannot destructure property 'data' of '(intermediate value)' as it is undefined.

      452 |    */
      453 |   private async buildRecommendationContext(studentId: string): Promise<ContentRecommendationContext> {
    > 454 |     const { data: student } = await supabase
          |                   ^
      455 |       .from('students')
      456 |       .select('*')
      457 |       .eq('id', studentId)

      at ContentSimilarityService.student [as buildRecommendationContext] (src/lib/services/content-similarity-service.ts:454:19)
      at src/lib/services/content-similarity-service.ts:151:23
      at withRetry (src/lib/services/crud-service.ts:284:14)
      at Object.<anonymous> (src/lib/services/__tests__/content-similarity-service.test.ts:407:23)

  ● ContentSimilarityService › findSimilarContentClasses › should sort results by similarity score

    TypeError: Cannot destructure property 'data' of '(intermediate value)' as it is undefined.

      452 |    */
      453 |   private async buildRecommendationContext(studentId: string): Promise<ContentRecommendationContext> {
    > 454 |     const { data: student } = await supabase
          |                   ^
      455 |       .from('students')
      456 |       .select('*')
      457 |       .eq('id', studentId)

      at ContentSimilarityService.student [as buildRecommendationContext] (src/lib/services/content-similarity-service.ts:454:19)
      at src/lib/services/content-similarity-service.ts:151:23
      at withRetry (src/lib/services/crud-service.ts:284:14)
      at Object.<anonymous> (src/lib/services/__tests__/content-similarity-service.test.ts:466:23)

  ● ContentSimilarityService › Error handling › should handle database errors gracefully

    Database error

      487 |         select: jest.fn().mockReturnThis(),
      488 |         eq: jest.fn().mockReturnThis(),
    > 489 |         single: jest.fn().mockRejectedValue(new Error('Database error')),
          |                                             ^
      490 |       }));
      491 |
      492 |       const mockContext = {

      at Object.<anonymous> (src/lib/services/__tests__/content-similarity-service.test.ts:489:45)
      at ContentSimilarityService.from [as getClassContent] (src/lib/services/content-similarity-service.ts:263:8)
      at getClassContent (src/lib/services/content-similarity-service.ts:94:43)
      at fn (src/lib/services/crud-service.ts:284:20)
      at Object.<anonymous> (src/lib/services/__tests__/content-similarity-service.test.ts:500:22)

  ● ContentSimilarityService › Content mapping and inference › should correctly infer skills from material types

    expect(received).toBeGreaterThan(expected)

    Expected: > 0
    Received:   0

      577 |
      578 |       // Should have inferred listening and reading skills
    > 579 |       expect(result.breakdown.matchingSkills.length + result.breakdown.missingSkills.length + result.breakdown.additionalSkills.length).toBeGreaterThan(0);
          |                                                                                                                                         ^
      580 |     });
      581 |
      582 |     it('should calculate appropriate difficulty levels', async () => {

      at Object.toBeGreaterThan (src/lib/services/__tests__/content-similarity-service.test.ts:579:137)

FAIL src/components/student/__tests__/StudentMessaging.test.tsx (21.326 s)
  ● Console

    console.error
      Warning: An update to StudentMessaging inside a test was not wrapped in act(...).
      
      When testing, code that causes React state updates should be wrapped into act(...):
      
      act(() => {
        /* fire events that update state */
      });
      /* assert on the output */
      
      This ensures that you're testing the behavior the user would see in the browser. Learn more at https://reactjs.org/link/wrap-tests-with-act
          at StudentMessaging (/Users/invoture/dev.local/hey-peter/src/components/student/StudentMessaging.tsx:119:37)
          at QueryClientProvider (/Users/invoture/dev.local/hey-peter/node_modules/.pnpm/@tanstack+react-query@5.80.10_react@18.3.1/node_modules/@tanstack/react-query/src/QueryClientProvider.tsx:30:3)
          at children (/Users/invoture/dev.local/hey-peter/src/components/student/__tests__/StudentMessaging.test.tsx:177:13)

      491 |         const presenceState = channel.presenceState();
      492 |         const online = new Set(Object.keys(presenceState));
    > 493 |         setOnlineUsers(online);
          |         ^
      494 |
      495 |         // Update typing indicators
      496 |         const typing = Object.entries(presenceState).reduce((acc: TypingUser[], [userId, presence]) => {

      at printWarning (node_modules/.pnpm/react-dom@18.3.1_react@18.3.1/node_modules/react-dom/cjs/react-dom.development.js:86:30)
      at error (node_modules/.pnpm/react-dom@18.3.1_react@18.3.1/node_modules/react-dom/cjs/react-dom.development.js:60:7)
      at warnIfUpdatesNotWrappedWithActDEV (node_modules/.pnpm/react-dom@18.3.1_react@18.3.1/node_modules/react-dom/cjs/react-dom.development.js:27628:9)
      at scheduleUpdateOnFiber (node_modules/.pnpm/react-dom@18.3.1_react@18.3.1/node_modules/react-dom/cjs/react-dom.development.js:25547:5)
      at dispatchSetState (node_modules/.pnpm/react-dom@18.3.1_react@18.3.1/node_modules/react-dom/cjs/react-dom.development.js:16708:7)
      at setOnlineUsers (src/components/student/StudentMessaging.tsx:493:9)
      at Object.typingCallback (src/components/student/__tests__/StudentMessaging.test.tsx:834:9)

    console.error
      Warning: An update to StudentMessaging inside a test was not wrapped in act(...).
      
      When testing, code that causes React state updates should be wrapped into act(...):
      
      act(() => {
        /* fire events that update state */
      });
      /* assert on the output */
      
      This ensures that you're testing the behavior the user would see in the browser. Learn more at https://reactjs.org/link/wrap-tests-with-act
          at StudentMessaging (/Users/invoture/dev.local/hey-peter/src/components/student/StudentMessaging.tsx:119:37)
          at QueryClientProvider (/Users/invoture/dev.local/hey-peter/node_modules/.pnpm/@tanstack+react-query@5.80.10_react@18.3.1/node_modules/@tanstack/react-query/src/QueryClientProvider.tsx:30:3)
          at children (/Users/invoture/dev.local/hey-peter/src/components/student/__tests__/StudentMessaging.test.tsx:177:13)

      505 |           return acc;
      506 |         }, []);
    > 507 |         setTypingUsers(typing);
          |         ^
      508 |       })
      509 |       .on('presence', { event: 'join' }, ({ key }) => {
      510 |         setOnlineUsers(prev => new Set([...prev, key]));

      at printWarning (node_modules/.pnpm/react-dom@18.3.1_react@18.3.1/node_modules/react-dom/cjs/react-dom.development.js:86:30)
      at error (node_modules/.pnpm/react-dom@18.3.1_react@18.3.1/node_modules/react-dom/cjs/react-dom.development.js:60:7)
      at warnIfUpdatesNotWrappedWithActDEV (node_modules/.pnpm/react-dom@18.3.1_react@18.3.1/node_modules/react-dom/cjs/react-dom.development.js:27628:9)
      at scheduleUpdateOnFiber (node_modules/.pnpm/react-dom@18.3.1_react@18.3.1/node_modules/react-dom/cjs/react-dom.development.js:25547:5)
      at dispatchSetState (node_modules/.pnpm/react-dom@18.3.1_react@18.3.1/node_modules/react-dom/cjs/react-dom.development.js:16708:7)
      at setTypingUsers (src/components/student/StudentMessaging.tsx:507:9)
      at Object.typingCallback (src/components/student/__tests__/StudentMessaging.test.tsx:834:9)

    console.warn
      Warning: Missing `Description` or `aria-describedby={undefined}` for {DialogContent}.

      1111 |
      1112 |       const viewParticipantsBtn = screen.getByText('View Participants');
    > 1113 |       await user.click(viewParticipantsBtn);
           |       ^
      1114 |
      1115 |       await waitFor(() => {
      1116 |         expect(screen.getByText('Jane Student')).toBeInTheDocument();

      at node_modules/@radix-ui/react-dialog/src/dialog.tsx:543:36
      at commitHookEffectListMount (node_modules/.pnpm/react-dom@18.3.1_react@18.3.1/node_modules/react-dom/cjs/react-dom.development.js:23189:26)
      at commitPassiveMountOnFiber (node_modules/.pnpm/react-dom@18.3.1_react@18.3.1/node_modules/react-dom/cjs/react-dom.development.js:24970:11)
      at commitPassiveMountEffects_complete (node_modules/.pnpm/react-dom@18.3.1_react@18.3.1/node_modules/react-dom/cjs/react-dom.development.js:24930:9)
      at commitPassiveMountEffects_begin (node_modules/.pnpm/react-dom@18.3.1_react@18.3.1/node_modules/react-dom/cjs/react-dom.development.js:24917:7)
      at commitPassiveMountEffects (node_modules/.pnpm/react-dom@18.3.1_react@18.3.1/node_modules/react-dom/cjs/react-dom.development.js:24905:3)
      at flushPassiveEffectsImpl (node_modules/.pnpm/react-dom@18.3.1_react@18.3.1/node_modules/react-dom/cjs/react-dom.development.js:27078:3)
      at flushPassiveEffects (node_modules/.pnpm/react-dom@18.3.1_react@18.3.1/node_modules/react-dom/cjs/react-dom.development.js:27023:14)
      at commitRootImpl (node_modules/.pnpm/react-dom@18.3.1_react@18.3.1/node_modules/react-dom/cjs/react-dom.development.js:26974:5)
      at commitRoot (node_modules/.pnpm/react-dom@18.3.1_react@18.3.1/node_modules/react-dom/cjs/react-dom.development.js:26721:5)
      at performSyncWorkOnRoot (node_modules/.pnpm/react-dom@18.3.1_react@18.3.1/node_modules/react-dom/cjs/react-dom.development.js:26156:3)
      at flushSyncCallbacks (node_modules/.pnpm/react-dom@18.3.1_react@18.3.1/node_modules/react-dom/cjs/react-dom.development.js:12042:22)
      at flushActQueue (node_modules/.pnpm/react@18.3.1/node_modules/react/cjs/react.development.js:2667:24)
      at act (node_modules/.pnpm/react@18.3.1/node_modules/react/cjs/react.development.js:2582:11)
      at node_modules/.pnpm/@testing-library+react@16.3.0_@testing-library+dom@10.4.0_@types+react-dom@18.3.7_@type_efee5276f61270375aed4c032a71d5e5/node_modules/@testing-library/react/dist/act-compat.js:47:25
      at Object.eventWrapper (node_modules/.pnpm/@testing-library+react@16.3.0_@testing-library+dom@10.4.0_@types+react-dom@18.3.7_@type_efee5276f61270375aed4c032a71d5e5/node_modules/@testing-library/react/dist/pure.js:107:28)
      at Object.wrapEvent (node_modules/.pnpm/@testing-library+user-event@14.6.1_@testing-library+dom@10.4.0/node_modules/@testing-library/user-event/dist/cjs/event/wrapEvent.js:6:28)
      at Object.dispatchEvent (node_modules/.pnpm/@testing-library+user-event@14.6.1_@testing-library+dom@10.4.0/node_modules/@testing-library/user-event/dist/cjs/event/dispatchEvent.js:45:22)
      at Object.dispatchUIEvent (node_modules/.pnpm/@testing-library+user-event@14.6.1_@testing-library+dom@10.4.0/node_modules/@testing-library/user-event/dist/cjs/event/dispatchEvent.js:22:26)
      at Mouse.up (node_modules/.pnpm/@testing-library+user-event@14.6.1_@testing-library+dom@10.4.0/node_modules/@testing-library/user-event/dist/cjs/system/pointer/mouse.js:100:30)
      at PointerHost.release (node_modules/.pnpm/@testing-library+user-event@14.6.1_@testing-library+dom@10.4.0/node_modules/@testing-library/user-event/dist/cjs/system/pointer/index.js:87:24)
      at pointerAction (node_modules/.pnpm/@testing-library+user-event@14.6.1_@testing-library+dom@10.4.0/node_modules/@testing-library/user-event/dist/cjs/pointer/index.js:54:47)
      at Object.pointer (node_modules/.pnpm/@testing-library+user-event@14.6.1_@testing-library+dom@10.4.0/node_modules/@testing-library/user-event/dist/cjs/pointer/index.js:27:9)
      at Object.asyncWrapper (node_modules/.pnpm/@testing-library+react@16.3.0_@testing-library+dom@10.4.0_@types+react-dom@18.3.7_@type_efee5276f61270375aed4c032a71d5e5/node_modules/@testing-library/react/dist/pure.js:88:22)
      at Object.<anonymous> (src/components/student/__tests__/StudentMessaging.test.tsx:1113:7)

  ● StudentMessaging › Conversation List › should create new conversation

    Unable to find an element with the text: Start New Conversation. This could be because the text is broken up by multiple elements. In this case, you can provide a function for your text matcher to make your matcher more flexible.

    Ignored nodes: comments, script, style
    [36m<body>[39m
      [36m<div>[39m
        [36m<div[39m
          [33mclass[39m=[32m"flex items-center justify-center h-full"[39m
        [36m>[39m
          [36m<div[39m
            [33mclass[39m=[32m"text-center"[39m
          [36m>[39m
            [36m<svg[39m
              [33maria-hidden[39m=[32m"true"[39m
              [33mclass[39m=[32m"lucide lucide-circle-alert h-12 w-12 text-red-500 mx-auto mb-4"[39m
              [33mfill[39m=[32m"none"[39m
              [33mheight[39m=[32m"24"[39m
              [33mstroke[39m=[32m"currentColor"[39m
              [33mstroke-linecap[39m=[32m"round"[39m
              [33mstroke-linejoin[39m=[32m"round"[39m
              [33mstroke-width[39m=[32m"2"[39m
              [33mviewBox[39m=[32m"0 0 24 24"[39m
              [33mwidth[39m=[32m"24"[39m
              [33mxmlns[39m=[32m"http://www.w3.org/2000/svg"[39m
            [36m>[39m
              [36m<circle[39m
                [33mcx[39m=[32m"12"[39m
                [33mcy[39m=[32m"12"[39m
                [33mr[39m=[32m"10"[39m
              [36m/>[39m
              [36m<line[39m
                [33mx1[39m=[32m"12"[39m
                [33mx2[39m=[32m"12"[39m
                [33my1[39m=[32m"8"[39m
                [33my2[39m=[32m"12"[39m
              [36m/>[39m
              [36m<line[39m
                [33mx1[39m=[32m"12"[39m
                [33mx2[39m=[32m"12.01"[39m
                [33my1[39m=[32m"16"[39m
                [33my2[39m=[32m"16"[39m
              [36m/>[39m
            [36m</svg>[39m
            [36m<h3[39m
              [33mclass[39m=[32m"text-lg font-semibold mb-2"[39m
            [36m>[39m
              [0mFailed to load conversations[0m
            [36m</h3>[39m
            [36m<button[39m
              [33mclass[39m=[32m"inline-flex items-center justify-center gap-2 whitespace-nowrap rounded-md text-sm font-medium transition-all disabled:pointer-events-none disabled:opacity-50 [&_svg]:pointer-events-none [&_svg:not([class*='size-'])]:size-4 shrink-0 [&_svg]:shrink-0 outline-none focus-visible:border-ring focus-visible:ring-ring/50 focus-visible:ring-[3px] aria-invalid:ring-destructive/20 dark:aria-invalid:ring-destructive/40 aria-invalid:border-destructive bg-primary text-primary-foreground shadow-xs hover:bg-primary/90 h-9 px-4 py-2 has-[>svg]:px-3"[39m
              [33mdata-slot[39m=[32m"button"[39m
            [36m>[39m
              [0mTry Again[0m
            [36m</button>[39m
          [36m</div>[39m
        [36m</div>[39m
      [36m</div>[39m
    [36m</body>[39m

      300 |       await user.click(newConversationBtn);
      301 |
    > 302 |       await waitFor(() => {
          |                    ^
      303 |         expect(screen.getByText('Start New Conversation')).toBeInTheDocument();
      304 |       });
      305 |

      at waitForWrapper (node_modules/.pnpm/@testing-library+dom@10.4.0/node_modules/@testing-library/dom/dist/wait-for.js:163:27)
      at Object.<anonymous> (src/components/student/__tests__/StudentMessaging.test.tsx:302:20)

  ● StudentMessaging › Conversation List › should archive conversation

    expect(jest.fn()).toHaveBeenCalledWith(...expected)

    Expected: {"title": "Conversation archived"}

    Number of calls: 0

    Ignored nodes: comments, script, style
    [36m<html>[39m
      [36m<head />[39m
      [36m<body[39m
        [33mstyle[39m=[32m""[39m
      [36m>[39m
        [36m<div>[39m
          [36m<div[39m
            [33maria-label[39m=[32m"Messages"[39m
            [33mclass[39m=[32m"flex h-screen bg-background"[39m
          [36m>[39m
            [36m<div[39m
              [33maria-label[39m=[32m"Message updates"[39m
              [33maria-live[39m=[32m"polite"[39m
              [33mclass[39m=[32m"sr-only"[39m
              [33mrole[39m=[32m"log"[39m
            [36m/>[39m
            [36m<div[39m
              [33maria-label[39m=[32m"Conversations"[39m
              [33mclass[39m=[32m"w-80 border-r flex flex-col"[39m
            [36m>[39m
              [36m<div[39m
                [33mclass[39m=[32m"p-4 border-b"[39m
              [36m>[39m
                [36m<div[39m
                  [33mclass[39m=[32m"flex items-center justify-between mb-4"[39m
                [36m>[39m
                  [36m<h2[39m
                    [33mclass[39m=[32m"text-lg font-semibold"[39m
                  [36m>[39m
                    [0mMessages[0m
                  [36m</h2>[39m
                  [36m<button[39m
                    [33maria-controls[39m=[32m"radix-:r2c:"[39m
                    [33maria-expanded[39m=[32m"false"[39m
                    [33maria-haspopup[39m=[32m"dialog"[39m
                    [33mclass[39m=[32m"inline-flex items-center justify-center whitespace-nowrap text-sm font-medium transition-all disabled:pointer-events-none disabled:opacity-50 [&_svg]:pointer-events-none [&_svg:not([class*='size-'])]:size-4 shrink-0 [&_svg]:shrink-0 outline-none focus-visible:border-ring focus-visible:ring-ring/50 focus-visible:ring-[3px] aria-invalid:ring-destructive/20 dark:aria-invalid:ring-destructive/40 aria-invalid:border-destructive bg-primary text-primary-foreground shadow-xs hover:bg-primary/90 h-8 rounded-md gap-1.5 px-3 has-[>svg]:px-2.5"[39m
                    [33mdata-slot[39m=[32m"button"[39m
                    [33mdata-state[39m=[32m"closed"[39m
                    [33mtype[39m=[32m"button"[39m
                  [36m>[39m
                    [36m<svg[39m
                      [33maria-hidden[39m=[32m"true"[39m
                      [33mclass[39m=[32m"lucide lucide-plus h-4 w-4 mr-2"[39m
                      [33mfill[39m=[32m"none"[39m
                      [33mheight[39m=[32m"24"[39m
                      [33mstroke[39m=[32m"currentColor"[39m
                      [33mstroke-linecap[39m=[32m"round"[39m
                      [33mstroke-linejoin[39m=[32m"round"[39m
                      [33mstroke-width[39m=[32m"2"[39m
                      [33mviewBox[39m=[32m"0 0 24 24"[39m
                      [33mwidth[39m=[32m"24"[39m
                      [33mxmlns[39m=[32m"http://www.w3.org/2000/svg"[39m
                    [36m>[39m
                      [36m<path[39m
                        [33md[39m=[32m"M5 12h14"[39m
                      [36m/>[39m
                      [36m<path[39m
                        [33md[39m=[32m"M12 5v14"[39m
                      [36m/>[39m
                    [36m</svg>[39m
                    [0mNew Conversation[0m
                  [36m</button>[39m
                [36m</div>[39m
                [36m<div[39m
                  [33mclass[39m=[32m"relative"[39m
                [36m>[39m
                  [36m<svg[39m
                    [33maria-hidden[39m=[32m"true"[39m
                    [33mclass[39m=[32m"lucide lucide-search absolute left-3 top-3 h-4 w-4 text-muted-foreground"[39m
                    [33mfill[39m=[32m"none"[39m
                    [33mheight[39m=[32m"24"[39m
                    [33mstroke[39m=[32m"currentColor"[39m
                    [33mstroke-linecap[39m=[32m"round"[39m
                    [33mstroke-linejoin[39m=[32m"round"[39m
                    [33mstroke-width[39m=[32m"2"[39m
                    [33mviewBox[39m=[32m"0 0 24 24"[39m
                    [33mwidth[39m=[32m"24"[39m
                    [33mxmlns[39m=[32m"http://www.w3.org/2000/svg"[39m
                  [36m>[39m
                    [36m<path[39m
                      [33md[39m=[32m"m21 21-4.34-4.34"[39m
                    [36m/>[39m
                    [36m<circle[39m
                      [33mcx[39m=[32m"11"[39m
                      [33mcy[39m=[32m"11"[39m
                      [33mr[39m=[32m"8"[39m
                    [36m/>[39m
                  [36m</svg>[39m
                  [36m<input[39m
                    [33maria-label[39m=[32m"Search conversations"[39m
                    [33mclass[39m=[32m"file:text-foreground placeholder:text-muted-foreground selection:bg-primary selection:text-primary-foreground dark:bg-input/30 border-input flex h-9 w-full min-w-0 rounded-md border bg-transparent px-3 py-1 text-base shadow-xs transition-[color,box-shadow] outline-none file:inline-flex file:h-7 file:border-0 file:bg-transparent file:text-sm file:font-medium disabled:pointer-events-none disabled:cursor-not-allowed disabled:opacity-50 md:text-sm focus-visible:border-ring focus-visible:ring-ring/50 focus-visible:ring-[3px] aria-invalid:ring-destructive/20 dark:aria-invalid:ring-destructive/40 aria-invalid:border-destructive pl-9"[39m
                    [33mdata-slot[39m=[32m"input"[39m
                    [33mplaceholder[39m=[32m"Search conversations..."[39m
                    [33mvalue[39m=[32m""[39m
                  [36m/>[39m
                [36m</div>[39m
              [36m</div>[39m
              [36m<div[39m
                [33mclass[39m=[32m"relative overflow-hidden flex-1"[39m
                [33mdir[39m=[32m"ltr"[39m
                [33mstyle[39m=[32m"position: relative; --radix-scroll-area-corner-width: 0px; --radix-scroll-area-corner-height: 0px;"[39m
              [36m>[39m
                [36m<div[39m
                  [33mclass[39m=[32m"h-full w-full rounded-[inherit]"[39m
                  [33mdata-radix-scroll-area-viewport[39m=[32m""[39m
                  [33mstyle[39m=[32m"overflow-x: hidden; overflow-y: scroll;"[39m
                [36m>[39m
                  [36m<div[39m
                    [33mstyle[39m=[32m"min-width: 100%; display: table;"[39m
                  [36m>[39m
                    [36m<div[39m
                      [33mclass[39m=[32m"space-y-1 p-2"[39m
                    [36m>[39m
                      [36m<div[39m
                        [33mclass[39m=[32m"text-card-foreground flex flex-col gap-6 rounded-xl border py-6 shadow-sm cursor-pointer hover:bg-accent transition-colors bg-accent"[39m
                        [33mdata-slot[39m=[32m"card"[39m
                        [33mtabindex[39m=[32m"0"[39m
                      [36m>[39m
                        [36m<div[39m
                          [33mclass[39m=[32m"p-3"[39m
                          [33mdata-slot[39m=[32m"card-content"[39m
                        [36m>[39m
                          [36m<div[39m
                            [33mclass[39m=[32m"flex items-start gap-3"[39m
                          [36m>[39m
                            [36m<div[39m
                              [33mclass[39m=[32m"relative"[39m
          ...

      346 |
      347 |       await waitFor(() => {
    > 348 |         expect(toast).toHaveBeenCalledWith({
          |                       ^
      349 |           title: 'Conversation archived',
      350 |         });
      351 |       });

      at toHaveBeenCalledWith (src/components/student/__tests__/StudentMessaging.test.tsx:348:23)
      at runWithExpensiveErrorDiagnosticsDisabled (node_modules/.pnpm/@testing-library+dom@10.4.0/node_modules/@testing-library/dom/dist/config.js:47:12)
      at checkCallback (node_modules/.pnpm/@testing-library+dom@10.4.0/node_modules/@testing-library/dom/dist/wait-for.js:124:77)
      at checkRealTimersCallback (node_modules/.pnpm/@testing-library+dom@10.4.0/node_modules/@testing-library/dom/dist/wait-for.js:118:16)
      at Timeout.task [as _onTimeout] (node_modules/.pnpm/jsdom@26.1.0/node_modules/jsdom/lib/jsdom/browser/Window.js:579:19)

  ● StudentMessaging › Conversation List › should delete conversation

    TestingLibraryElementError: Unable to find an element with the text: Yes, delete. This could be because the text is broken up by multiple elements. In this case, you can provide a function for your text matcher to make your matcher more flexible.

    Ignored nodes: comments, script, style
    [36m<body[39m
      [33mstyle[39m=[32m""[39m
    [36m>[39m
      [36m<div>[39m
        [36m<div[39m
          [33maria-label[39m=[32m"Messages"[39m
          [33mclass[39m=[32m"flex h-screen bg-background"[39m
        [36m>[39m
          [36m<div[39m
            [33maria-label[39m=[32m"Message updates"[39m
            [33maria-live[39m=[32m"polite"[39m
            [33mclass[39m=[32m"sr-only"[39m
            [33mrole[39m=[32m"log"[39m
          [36m/>[39m
          [36m<div[39m
            [33maria-label[39m=[32m"Conversations"[39m
            [33mclass[39m=[32m"w-80 border-r flex flex-col"[39m
          [36m>[39m
            [36m<div[39m
              [33mclass[39m=[32m"p-4 border-b"[39m
            [36m>[39m
              [36m<div[39m
                [33mclass[39m=[32m"flex items-center justify-between mb-4"[39m
              [36m>[39m
                [36m<h2[39m
                  [33mclass[39m=[32m"text-lg font-semibold"[39m
                [36m>[39m
                  [0mMessages[0m
                [36m</h2>[39m
                [36m<button[39m
                  [33maria-controls[39m=[32m"radix-:r2u:"[39m
                  [33maria-expanded[39m=[32m"false"[39m
                  [33maria-haspopup[39m=[32m"dialog"[39m
                  [33mclass[39m=[32m"inline-flex items-center justify-center whitespace-nowrap text-sm font-medium transition-all disabled:pointer-events-none disabled:opacity-50 [&_svg]:pointer-events-none [&_svg:not([class*='size-'])]:size-4 shrink-0 [&_svg]:shrink-0 outline-none focus-visible:border-ring focus-visible:ring-ring/50 focus-visible:ring-[3px] aria-invalid:ring-destructive/20 dark:aria-invalid:ring-destructive/40 aria-invalid:border-destructive bg-primary text-primary-foreground shadow-xs hover:bg-primary/90 h-8 rounded-md gap-1.5 px-3 has-[>svg]:px-2.5"[39m
                  [33mdata-slot[39m=[32m"button"[39m
                  [33mdata-state[39m=[32m"closed"[39m
                  [33mtype[39m=[32m"button"[39m
                [36m>[39m
                  [36m<svg[39m
                    [33maria-hidden[39m=[32m"true"[39m
                    [33mclass[39m=[32m"lucide lucide-plus h-4 w-4 mr-2"[39m
                    [33mfill[39m=[32m"none"[39m
                    [33mheight[39m=[32m"24"[39m
                    [33mstroke[39m=[32m"currentColor"[39m
                    [33mstroke-linecap[39m=[32m"round"[39m
                    [33mstroke-linejoin[39m=[32m"round"[39m
                    [33mstroke-width[39m=[32m"2"[39m
                    [33mviewBox[39m=[32m"0 0 24 24"[39m
                    [33mwidth[39m=[32m"24"[39m
                    [33mxmlns[39m=[32m"http://www.w3.org/2000/svg"[39m
                  [36m>[39m
                    [36m<path[39m
                      [33md[39m=[32m"M5 12h14"[39m
                    [36m/>[39m
                    [36m<path[39m
                      [33md[39m=[32m"M12 5v14"[39m
                    [36m/>[39m
                  [36m</svg>[39m
                  [0mNew Conversation[0m
                [36m</button>[39m
              [36m</div>[39m
              [36m<div[39m
                [33mclass[39m=[32m"relative"[39m
              [36m>[39m
                [36m<svg[39m
                  [33maria-hidden[39m=[32m"true"[39m
                  [33mclass[39m=[32m"lucide lucide-search absolute left-3 top-3 h-4 w-4 text-muted-foreground"[39m
                  [33mfill[39m=[32m"none"[39m
                  [33mheight[39m=[32m"24"[39m
                  [33mstroke[39m=[32m"currentColor"[39m
                  [33mstroke-linecap[39m=[32m"round"[39m
                  [33mstroke-linejoin[39m=[32m"round"[39m
                  [33mstroke-width[39m=[32m"2"[39m
                  [33mviewBox[39m=[32m"0 0 24 24"[39m
                  [33mwidth[39m=[32m"24"[39m
                  [33mxmlns[39m=[32m"http://www.w3.org/2000/svg"[39m
                [36m>[39m
                  [36m<path[39m
                    [33md[39m=[32m"m21 21-4.34-4.34"[39m
                  [36m/>[39m
                  [36m<circle[39m
                    [33mcx[39m=[32m"11"[39m
                    [33mcy[39m=[32m"11"[39m
                    [33mr[39m=[32m"8"[39m
                  [36m/>[39m
                [36m</svg>[39m
                [36m<input[39m
                  [33maria-label[39m=[32m"Search conversations"[39m
                  [33mclass[39m=[32m"file:text-foreground placeholder:text-muted-foreground selection:bg-primary selection:text-primary-foreground dark:bg-input/30 border-input flex h-9 w-full min-w-0 rounded-md border bg-transparent px-3 py-1 text-base shadow-xs transition-[color,box-shadow] outline-none file:inline-flex file:h-7 file:border-0 file:bg-transparent file:text-sm file:font-medium disabled:pointer-events-none disabled:cursor-not-allowed disabled:opacity-50 md:text-sm focus-visible:border-ring focus-visible:ring-ring/50 focus-visible:ring-[3px] aria-invalid:ring-destructive/20 dark:aria-invalid:ring-destructive/40 aria-invalid:border-destructive pl-9"[39m
                  [33mdata-slot[39m=[32m"input"[39m
                  [33mplaceholder[39m=[32m"Search conversations..."[39m
                  [33mvalue[39m=[32m""[39m
                [36m/>[39m
              [36m</div>[39m
            [36m</div>[39m
            [36m<div[39m
              [33mclass[39m=[32m"relative overflow-hidden flex-1"[39m
              [33mdir[39m=[32m"ltr"[39m
              [33mstyle[39m=[32m"position: relative; --radix-scroll-area-corner-width: 0px; --radix-scroll-area-corner-height: 0px;"[39m
            [36m>[39m
              [36m<div[39m
                [33mclass[39m=[32m"h-full w-full rounded-[inherit]"[39m
                [33mdata-radix-scroll-area-viewport[39m=[32m""[39m
                [33mstyle[39m=[32m"overflow-x: hidden; overflow-y: scroll;"[39m
              [36m>[39m
                [36m<div[39m
                  [33mstyle[39m=[32m"min-width: 100%; display: table;"[39m
                [36m>[39m
                  [36m<div[39m
                    [33mclass[39m=[32m"space-y-1 p-2"[39m
                  [36m>[39m
                    [36m<div[39m
                      [33mclass[39m=[32m"text-card-foreground flex flex-col gap-6 rounded-xl border py-6 shadow-sm cursor-pointer hover:bg-accent transition-colors bg-accent"[39m
                      [33mdata-slot[39m=[32m"card"[39m
                      [33mtabindex[39m=[32m"0"[39m
                    [36m>[39m
                      [36m<div[39m
                        [33mclass[39m=[32m"p-3"[39m
                        [33mdata-slot[39m=[32m"card-content"[39m
                      [36m>[39m
                        [36m<div[39m
                          [33mclass[39m=[32m"flex items-start gap-3"[39m
                        [36m>[39m
                          [36m<div[39m
                            [33mclass[39m=[32m"relative"[39m
                          [36m>[39m
                            [36m<span[39m
                              [33mclass[39m=[32m"relative flex size-8 shrink-0 overflow-hidden rounded-full h-10 w-10"[39m
                              [33mdata-slot[39m=[32m"avatar"[39m
                            [36m>[...

      377 |
      378 |       // Confirm deletion
    > 379 |       const confirmBtn = screen.getByText('Yes, delete');
          |                                 ^
      380 |       await user.click(confirmBtn);
      381 |
      382 |       await waitFor(() => {

      at Object.getElementError (node_modules/.pnpm/@testing-library+dom@10.4.0/node_modules/@testing-library/dom/dist/config.js:37:19)
      at node_modules/.pnpm/@testing-library+dom@10.4.0/node_modules/@testing-library/dom/dist/query-helpers.js:76:38
      at node_modules/.pnpm/@testing-library+dom@10.4.0/node_modules/@testing-library/dom/dist/query-helpers.js:52:17
      at node_modules/.pnpm/@testing-library+dom@10.4.0/node_modules/@testing-library/dom/dist/query-helpers.js:95:19
      at Object.getByText (src/components/student/__tests__/StudentMessaging.test.tsx:379:33)

  ● StudentMessaging › Message Display › should display messages with timestamps

    Found multiple elements with the text: Hello student!

    Here are the matching elements:

    Ignored nodes: comments, script, style
    [36m<p[39m
      [33mclass[39m=[32m"text-sm text-muted-foreground truncate"[39m
    [36m>[39m
      [0mHello student![0m
    [36m</p>[39m

    Ignored nodes: comments, script, style
    [36m<p[39m
      [33mclass[39m=[32m"text-sm"[39m
    [36m>[39m
      [0mHello student![0m
    [36m</p>[39m

    (If this is intentional, then use the `*AllBy*` variant of the query (like `queryAllByText`, `getAllByText`, or `findAllByText`)).

    Ignored nodes: comments, script, style
    [36m<body[39m
      [33mstyle[39m=[32m""[39m
    [36m>[39m
      [36m<div>[39m
        [36m<div[39m
          [33maria-label[39m=[32m"Messages"[39m
          [33mclass[39m=[32m"flex h-screen bg-background"[39m
        [36m>[39m
          [36m<div[39m
            [33maria-label[39m=[32m"Message updates"[39m
            [33maria-live[39m=[32m"polite"[39m
            [33mclass[39m=[32m"sr-only"[39m
            [33mrole[39m=[32m"log"[39m
          [36m/>[39m
          [36m<div[39m
            [33maria-label[39m=[32m"Conversations"[39m
            [33mclass[39m=[32m"w-80 border-r flex flex-col"[39m
          [36m>[39m
            [36m<div[39m
              [33mclass[39m=[32m"p-4 border-b"[39m
            [36m>[39m
              [36m<div[39m
                [33mclass[39m=[32m"flex items-center justify-between mb-4"[39m
              [36m>[39m
                [36m<h2[39m
                  [33mclass[39m=[32m"text-lg font-semibold"[39m
                [36m>[39m
                  [0mMessages[0m
                [36m</h2>[39m
                [36m<button[39m
                  [33maria-controls[39m=[32m"radix-:r3g:"[39m
                  [33maria-expanded[39m=[32m"false"[39m
                  [33maria-haspopup[39m=[32m"dialog"[39m
                  [33mclass[39m=[32m"inline-flex items-center justify-center whitespace-nowrap text-sm font-medium transition-all disabled:pointer-events-none disabled:opacity-50 [&_svg]:pointer-events-none [&_svg:not([class*='size-'])]:size-4 shrink-0 [&_svg]:shrink-0 outline-none focus-visible:border-ring focus-visible:ring-ring/50 focus-visible:ring-[3px] aria-invalid:ring-destructive/20 dark:aria-invalid:ring-destructive/40 aria-invalid:border-destructive bg-primary text-primary-foreground shadow-xs hover:bg-primary/90 h-8 rounded-md gap-1.5 px-3 has-[>svg]:px-2.5"[39m
                  [33mdata-slot[39m=[32m"button"[39m
                  [33mdata-state[39m=[32m"closed"[39m
                  [33mtype[39m=[32m"button"[39m
                [36m>[39m
                  [36m<svg[39m
                    [33maria-hidden[39m=[32m"true"[39m
                    [33mclass[39m=[32m"lucide lucide-plus h-4 w-4 mr-2"[39m
                    [33mfill[39m=[32m"none"[39m
                    [33mheight[39m=[32m"24"[39m
                    [33mstroke[39m=[32m"currentColor"[39m
                    [33mstroke-linecap[39m=[32m"round"[39m
                    [33mstroke-linejoin[39m=[32m"round"[39m
                    [33mstroke-width[39m=[32m"2"[39m
                    [33mviewBox[39m=[32m"0 0 24 24"[39m
                    [33mwidth[39m=[32m"24"[39m
                    [33mxmlns[39m=[32m"http://www.w3.org/2000/svg"[39m
                  [36m>[39m
                    [36m<path[39m
                      [33md[39m=[32m"M5 12h14"[39m
                    [36m/>[39m
                    [36m<path[39m
                      [33md[39m=[32m"M12 5v14"[39m
                    [36m/>[39m
                  [36m</svg>[39m
                  [0mNew Conversation[0m
                [36m</button>[39m
              [36m</div>[39m
              [36m<div[39m
                [33mclass[39m=[32m"relative"[39m
              [36m>[39m
                [36m<svg[39m
                  [33maria-hidden[39m=[32m"true"[39m
                  [33mclass[39m=[32m"lucide lucide-search absolute left-3 top-3 h-4 w-4 text-muted-foreground"[39m
                  [33mfill[39m=[32m"none"[39m
                  [33mheight[39m=[32m"24"[39m
                  [33mstroke[39m=[32m"currentColor"[39m
                  [33mstroke-linecap[39m=[32m"round"[39m
                  [33mstroke-linejoin[39m=[32m"round"[39m
                  [33mstroke-width[39m=[32m"2"[39m
                  [33mviewBox[39m=[32m"0 0 24 24"[39m
                  [33mwidth[39m=[32m"24"[39m
                  [33mxmlns[39m=[32m"http://www.w3.org/2000/svg"[39m
                [36m>[39m
                  [36m<path[39m
                    [33md[39m=[32m"m21 21-4.34-4.34"[39m
                  [36m/>[39m
                  [36m<circle[39m
                    [33mcx[39m=[32m"11"[39m
                    [33mcy[39m=[32m"11"[39m
                    [33mr[39m=[32m"8"[39m
                  [36m/>[39m
                [36m</svg>[39m
                [36m<input[39m
                  [33maria-label[39m=[32m"Search conversations"[39m
                  [33mclass[39m=[32m"file:text-foreground placeholder:text-muted-foreground selection:bg-primary selection:text-primary-foreground dark:bg-input/30 border-input flex h-9 w-full min-w-0 rounded-md border bg-transparent px-3 py-1 text-base shadow-xs transition-[color,box-shadow] outline-none file:inline-flex file:h-7 file:border-0 file:bg-transparent file:text-sm file:font-medium disabled:pointer-events-none disabled:cursor-not-allowed disabled:opacity-50 md:text-sm focus-visible:border-ring focus-visible:ring-ring/50 focus-visible:ring-[3px] aria-invalid:ring-destructive/20 dark:aria-invalid:ring-destructive/40 aria-invalid:border-destructive pl-9"[39m
                  [33mdata-slot[39m=[32m"input"[39m
                  [33mplaceholder[39m=[32m"Search conversations..."[39m
                  [33mvalue[39m=[32m""[39m
                [36m/>[39m
              [36m</div>[39m
            [36m</div>[39m
            [36m<div[39m
              [33mclass[39m=[32m"relative overflow-hidden flex-1"[39m
              [33mdir[39m=[32m"ltr"[39m
              [33mstyle[39m=[32m"position: relative; --radix-scroll-area-corner-width: 0px; --radix-scroll-area-corner-height: 0px;"[39m
            [36m>[39m
              [36m<div[39m
                [33mclass[39m=[32m"h-full w-full rounded-[inherit]"[39m
                [33mdata-radix-scroll-area-viewport[39m=[32m""[39m
                [33mstyle[39m=[32m"overflow-x: hidden; overflow-y: scroll;"[39m
              [36m>[39m
                [36m<div[39m
                  [33mstyle[39m=[32m"min-width: 100%; display: table;"[39m
                [36m>[39m
                  [36m<div[39m
                    [33mclass[39m=[32m"space-y-1 p-2"[39m
                  [36m>[39m
                    [36m<div[39m
                      [33mclass[39m=[32m"text-card-foreground flex flex-col gap-6 rounded-xl border py-6 shadow-sm cursor-pointer hover:bg-accent transition-colors bg-accent"[39m
                      [33mdata-slot[39m=[32m"card"[39m
                      [33mtabindex[39m=[32m"0"[39m
                    [36m>[39m
                      [36m<div[39m
                        [33mclass[39m=[32m"p-3"[39m
                        [33mdata-slot[39m=[32m"card-content"[39m
                      [36m>[39m
                        [36m<div[39m
                          [33mclass[39m=[32m"flex items-start gap-3"[39m
                        [36m>[39m
                          [36m<div[39m
                            [33mclass[39m=[32m"relative"[39m
                          [36m>[39m
                            [36m<span[39m
                              [33mclass[39m=[32m"relative flex size-8 shrink-0 overflow-hidden rounded-full h-10 w-10"[39m
                              [33mdata-slot[39m=[32m"avatar"[39m
                            [36m>[...

      412 |       await user.click(conversation);
      413 |
    > 414 |       await waitFor(() => {
          |                    ^
      415 |         expect(screen.getByText('Hello student!')).toBeInTheDocument();
      416 |         expect(screen.getByText('Hi teacher!')).toBeInTheDocument();
      417 |         expect(screen.getByText('12:00 PM')).toBeInTheDocument();

      at waitForWrapper (node_modules/.pnpm/@testing-library+dom@10.4.0/node_modules/@testing-library/dom/dist/wait-for.js:163:27)
      at Object.<anonymous> (src/components/student/__tests__/StudentMessaging.test.tsx:414:20)

  ● StudentMessaging › Message Display › should show message reactions

    Unable to find an element with the text: 👍. This could be because the text is broken up by multiple elements. In this case, you can provide a function for your text matcher to make your matcher more flexible.

    Ignored nodes: comments, script, style
    [36m<body[39m
      [33mstyle[39m=[32m""[39m
    [36m>[39m
      [36m<div>[39m
        [36m<div[39m
          [33maria-label[39m=[32m"Messages"[39m
          [33mclass[39m=[32m"flex h-screen bg-background"[39m
        [36m>[39m
          [36m<div[39m
            [33maria-label[39m=[32m"Message updates"[39m
            [33maria-live[39m=[32m"polite"[39m
            [33mclass[39m=[32m"sr-only"[39m
            [33mrole[39m=[32m"log"[39m
          [36m/>[39m
          [36m<div[39m
            [33maria-label[39m=[32m"Conversations"[39m
            [33mclass[39m=[32m"w-80 border-r flex flex-col"[39m
          [36m>[39m
            [36m<div[39m
              [33mclass[39m=[32m"p-4 border-b"[39m
            [36m>[39m
              [36m<div[39m
                [33mclass[39m=[32m"flex items-center justify-between mb-4"[39m
              [36m>[39m
                [36m<h2[39m
                  [33mclass[39m=[32m"text-lg font-semibold"[39m
                [36m>[39m
                  [0mMessages[0m
                [36m</h2>[39m
                [36m<button[39m
                  [33maria-controls[39m=[32m"radix-:r5o:"[39m
                  [33maria-expanded[39m=[32m"false"[39m
                  [33maria-haspopup[39m=[32m"dialog"[39m
                  [33mclass[39m=[32m"inline-flex items-center justify-center whitespace-nowrap text-sm font-medium transition-all disabled:pointer-events-none disabled:opacity-50 [&_svg]:pointer-events-none [&_svg:not([class*='size-'])]:size-4 shrink-0 [&_svg]:shrink-0 outline-none focus-visible:border-ring focus-visible:ring-ring/50 focus-visible:ring-[3px] aria-invalid:ring-destructive/20 dark:aria-invalid:ring-destructive/40 aria-invalid:border-destructive bg-primary text-primary-foreground shadow-xs hover:bg-primary/90 h-8 rounded-md gap-1.5 px-3 has-[>svg]:px-2.5"[39m
                  [33mdata-slot[39m=[32m"button"[39m
                  [33mdata-state[39m=[32m"closed"[39m
                  [33mtype[39m=[32m"button"[39m
                [36m>[39m
                  [36m<svg[39m
                    [33maria-hidden[39m=[32m"true"[39m
                    [33mclass[39m=[32m"lucide lucide-plus h-4 w-4 mr-2"[39m
                    [33mfill[39m=[32m"none"[39m
                    [33mheight[39m=[32m"24"[39m
                    [33mstroke[39m=[32m"currentColor"[39m
                    [33mstroke-linecap[39m=[32m"round"[39m
                    [33mstroke-linejoin[39m=[32m"round"[39m
                    [33mstroke-width[39m=[32m"2"[39m
                    [33mviewBox[39m=[32m"0 0 24 24"[39m
                    [33mwidth[39m=[32m"24"[39m
                    [33mxmlns[39m=[32m"http://www.w3.org/2000/svg"[39m
                  [36m>[39m
                    [36m<path[39m
                      [33md[39m=[32m"M5 12h14"[39m
                    [36m/>[39m
                    [36m<path[39m
                      [33md[39m=[32m"M12 5v14"[39m
                    [36m/>[39m
                  [36m</svg>[39m
                  [0mNew Conversation[0m
                [36m</button>[39m
              [36m</div>[39m
              [36m<div[39m
                [33mclass[39m=[32m"relative"[39m
              [36m>[39m
                [36m<svg[39m
                  [33maria-hidden[39m=[32m"true"[39m
                  [33mclass[39m=[32m"lucide lucide-search absolute left-3 top-3 h-4 w-4 text-muted-foreground"[39m
                  [33mfill[39m=[32m"none"[39m
                  [33mheight[39m=[32m"24"[39m
                  [33mstroke[39m=[32m"currentColor"[39m
                  [33mstroke-linecap[39m=[32m"round"[39m
                  [33mstroke-linejoin[39m=[32m"round"[39m
                  [33mstroke-width[39m=[32m"2"[39m
                  [33mviewBox[39m=[32m"0 0 24 24"[39m
                  [33mwidth[39m=[32m"24"[39m
                  [33mxmlns[39m=[32m"http://www.w3.org/2000/svg"[39m
                [36m>[39m
                  [36m<path[39m
                    [33md[39m=[32m"m21 21-4.34-4.34"[39m
                  [36m/>[39m
                  [36m<circle[39m
                    [33mcx[39m=[32m"11"[39m
                    [33mcy[39m=[32m"11"[39m
                    [33mr[39m=[32m"8"[39m
                  [36m/>[39m
                [36m</svg>[39m
                [36m<input[39m
                  [33maria-label[39m=[32m"Search conversations"[39m
                  [33mclass[39m=[32m"file:text-foreground placeholder:text-muted-foreground selection:bg-primary selection:text-primary-foreground dark:bg-input/30 border-input flex h-9 w-full min-w-0 rounded-md border bg-transparent px-3 py-1 text-base shadow-xs transition-[color,box-shadow] outline-none file:inline-flex file:h-7 file:border-0 file:bg-transparent file:text-sm file:font-medium disabled:pointer-events-none disabled:cursor-not-allowed disabled:opacity-50 md:text-sm focus-visible:border-ring focus-visible:ring-ring/50 focus-visible:ring-[3px] aria-invalid:ring-destructive/20 dark:aria-invalid:ring-destructive/40 aria-invalid:border-destructive pl-9"[39m
                  [33mdata-slot[39m=[32m"input"[39m
                  [33mplaceholder[39m=[32m"Search conversations..."[39m
                  [33mvalue[39m=[32m""[39m
                [36m/>[39m
              [36m</div>[39m
            [36m</div>[39m
            [36m<div[39m
              [33mclass[39m=[32m"relative overflow-hidden flex-1"[39m
              [33mdir[39m=[32m"ltr"[39m
              [33mstyle[39m=[32m"position: relative; --radix-scroll-area-corner-width: 0px; --radix-scroll-area-corner-height: 0px;"[39m
            [36m>[39m
              [36m<div[39m
                [33mclass[39m=[32m"h-full w-full rounded-[inherit]"[39m
                [33mdata-radix-scroll-area-viewport[39m=[32m""[39m
                [33mstyle[39m=[32m"overflow-x: hidden; overflow-y: scroll;"[39m
              [36m>[39m
                [36m<div[39m
                  [33mstyle[39m=[32m"min-width: 100%; display: table;"[39m
                [36m>[39m
                  [36m<div[39m
                    [33mclass[39m=[32m"space-y-1 p-2"[39m
                  [36m>[39m
                    [36m<div[39m
                      [33mclass[39m=[32m"text-card-foreground flex flex-col gap-6 rounded-xl border py-6 shadow-sm cursor-pointer hover:bg-accent transition-colors bg-accent"[39m
                      [33mdata-slot[39m=[32m"card"[39m
                      [33mtabindex[39m=[32m"0"[39m
                    [36m>[39m
                      [36m<div[39m
                        [33mclass[39m=[32m"p-3"[39m
                        [33mdata-slot[39m=[32m"card-content"[39m
                      [36m>[39m
                        [36m<div[39m
                          [33mclass[39m=[32m"flex items-start gap-3"[39m
                        [36m>[39m
                          [36m<div[39m
                            [33mclass[39m=[32m"relative"[39m
                          [36m>[39m
                            [36m<span[39m
                              [33mclass[39m=[32m"relative flex size-8 shrink-0 overflow-hidden rounded-full h-10 w-10"[39m
                              [33mdata-slot[39m=[32m"avatar"[39m
                            [36m>[...

      473 |       await user.click(conversation);
      474 |
    > 475 |       await waitFor(() => {
          |                    ^
      476 |         const reaction = screen.getByText('👍');
      477 |         expect(reaction).toBeInTheDocument();
      478 |       });

      at waitForWrapper (node_modules/.pnpm/@testing-library+dom@10.4.0/node_modules/@testing-library/dom/dist/wait-for.js:163:27)
      at Object.<anonymous> (src/components/student/__tests__/StudentMessaging.test.tsx:475:20)

  ● StudentMessaging › Message Display › should display file attachments

    Unable to find an element with the text: 1 MB. This could be because the text is broken up by multiple elements. In this case, you can provide a function for your text matcher to make your matcher more flexible.

    Ignored nodes: comments, script, style
    [36m<body[39m
      [33mstyle[39m=[32m""[39m
    [36m>[39m
      [36m<div>[39m
        [36m<div[39m
          [33maria-label[39m=[32m"Messages"[39m
          [33mclass[39m=[32m"flex h-screen bg-background"[39m
        [36m>[39m
          [36m<div[39m
            [33maria-label[39m=[32m"Message updates"[39m
            [33maria-live[39m=[32m"polite"[39m
            [33mclass[39m=[32m"sr-only"[39m
            [33mrole[39m=[32m"log"[39m
          [36m/>[39m
          [36m<div[39m
            [33maria-label[39m=[32m"Conversations"[39m
            [33mclass[39m=[32m"w-80 border-r flex flex-col"[39m
          [36m>[39m
            [36m<div[39m
              [33mclass[39m=[32m"p-4 border-b"[39m
            [36m>[39m
              [36m<div[39m
                [33mclass[39m=[32m"flex items-center justify-between mb-4"[39m
              [36m>[39m
                [36m<h2[39m
                  [33mclass[39m=[32m"text-lg font-semibold"[39m
                [36m>[39m
                  [0mMessages[0m
                [36m</h2>[39m
                [36m<button[39m
                  [33maria-controls[39m=[32m"radix-:r7c:"[39m
                  [33maria-expanded[39m=[32m"false"[39m
                  [33maria-haspopup[39m=[32m"dialog"[39m
                  [33mclass[39m=[32m"inline-flex items-center justify-center whitespace-nowrap text-sm font-medium transition-all disabled:pointer-events-none disabled:opacity-50 [&_svg]:pointer-events-none [&_svg:not([class*='size-'])]:size-4 shrink-0 [&_svg]:shrink-0 outline-none focus-visible:border-ring focus-visible:ring-ring/50 focus-visible:ring-[3px] aria-invalid:ring-destructive/20 dark:aria-invalid:ring-destructive/40 aria-invalid:border-destructive bg-primary text-primary-foreground shadow-xs hover:bg-primary/90 h-8 rounded-md gap-1.5 px-3 has-[>svg]:px-2.5"[39m
                  [33mdata-slot[39m=[32m"button"[39m
                  [33mdata-state[39m=[32m"closed"[39m
                  [33mtype[39m=[32m"button"[39m
                [36m>[39m
                  [36m<svg[39m
                    [33maria-hidden[39m=[32m"true"[39m
                    [33mclass[39m=[32m"lucide lucide-plus h-4 w-4 mr-2"[39m
                    [33mfill[39m=[32m"none"[39m
                    [33mheight[39m=[32m"24"[39m
                    [33mstroke[39m=[32m"currentColor"[39m
                    [33mstroke-linecap[39m=[32m"round"[39m
                    [33mstroke-linejoin[39m=[32m"round"[39m
                    [33mstroke-width[39m=[32m"2"[39m
                    [33mviewBox[39m=[32m"0 0 24 24"[39m
                    [33mwidth[39m=[32m"24"[39m
                    [33mxmlns[39m=[32m"http://www.w3.org/2000/svg"[39m
                  [36m>[39m
                    [36m<path[39m
                      [33md[39m=[32m"M5 12h14"[39m
                    [36m/>[39m
                    [36m<path[39m
                      [33md[39m=[32m"M12 5v14"[39m
                    [36m/>[39m
                  [36m</svg>[39m
                  [0mNew Conversation[0m
                [36m</button>[39m
              [36m</div>[39m
              [36m<div[39m
                [33mclass[39m=[32m"relative"[39m
              [36m>[39m
                [36m<svg[39m
                  [33maria-hidden[39m=[32m"true"[39m
                  [33mclass[39m=[32m"lucide lucide-search absolute left-3 top-3 h-4 w-4 text-muted-foreground"[39m
                  [33mfill[39m=[32m"none"[39m
                  [33mheight[39m=[32m"24"[39m
                  [33mstroke[39m=[32m"currentColor"[39m
                  [33mstroke-linecap[39m=[32m"round"[39m
                  [33mstroke-linejoin[39m=[32m"round"[39m
                  [33mstroke-width[39m=[32m"2"[39m
                  [33mviewBox[39m=[32m"0 0 24 24"[39m
                  [33mwidth[39m=[32m"24"[39m
                  [33mxmlns[39m=[32m"http://www.w3.org/2000/svg"[39m
                [36m>[39m
                  [36m<path[39m
                    [33md[39m=[32m"m21 21-4.34-4.34"[39m
                  [36m/>[39m
                  [36m<circle[39m
                    [33mcx[39m=[32m"11"[39m
                    [33mcy[39m=[32m"11"[39m
                    [33mr[39m=[32m"8"[39m
                  [36m/>[39m
                [36m</svg>[39m
                [36m<input[39m
                  [33maria-label[39m=[32m"Search conversations"[39m
                  [33mclass[39m=[32m"file:text-foreground placeholder:text-muted-foreground selection:bg-primary selection:text-primary-foreground dark:bg-input/30 border-input flex h-9 w-full min-w-0 rounded-md border bg-transparent px-3 py-1 text-base shadow-xs transition-[color,box-shadow] outline-none file:inline-flex file:h-7 file:border-0 file:bg-transparent file:text-sm file:font-medium disabled:pointer-events-none disabled:cursor-not-allowed disabled:opacity-50 md:text-sm focus-visible:border-ring focus-visible:ring-ring/50 focus-visible:ring-[3px] aria-invalid:ring-destructive/20 dark:aria-invalid:ring-destructive/40 aria-invalid:border-destructive pl-9"[39m
                  [33mdata-slot[39m=[32m"input"[39m
                  [33mplaceholder[39m=[32m"Search conversations..."[39m
                  [33mvalue[39m=[32m""[39m
                [36m/>[39m
              [36m</div>[39m
            [36m</div>[39m
            [36m<div[39m
              [33mclass[39m=[32m"relative overflow-hidden flex-1"[39m
              [33mdir[39m=[32m"ltr"[39m
              [33mstyle[39m=[32m"position: relative; --radix-scroll-area-corner-width: 0px; --radix-scroll-area-corner-height: 0px;"[39m
            [36m>[39m
              [36m<div[39m
                [33mclass[39m=[32m"h-full w-full rounded-[inherit]"[39m
                [33mdata-radix-scroll-area-viewport[39m=[32m""[39m
                [33mstyle[39m=[32m"overflow-x: hidden; overflow-y: scroll;"[39m
              [36m>[39m
                [36m<div[39m
                  [33mstyle[39m=[32m"min-width: 100%; display: table;"[39m
                [36m>[39m
                  [36m<div[39m
                    [33mclass[39m=[32m"space-y-1 p-2"[39m
                  [36m>[39m
                    [36m<div[39m
                      [33mclass[39m=[32m"text-card-foreground flex flex-col gap-6 rounded-xl border py-6 shadow-sm cursor-pointer hover:bg-accent transition-colors bg-accent"[39m
                      [33mdata-slot[39m=[32m"card"[39m
                      [33mtabindex[39m=[32m"0"[39m
                    [36m>[39m
                      [36m<div[39m
                        [33mclass[39m=[32m"p-3"[39m
                        [33mdata-slot[39m=[32m"card-content"[39m
                      [36m>[39m
                        [36m<div[39m
                          [33mclass[39m=[32m"flex items-start gap-3"[39m
                        [36m>[39m
                          [36m<div[39m
                            [33mclass[39m=[32m"relative"[39m
                          [36m>[39m
                            [36m<span[39m
                              [33mclass[39m=[32m"relative flex size-8 shrink-0 overflow-hidden rounded-full h-10 w-10"[39m
                              [33mdata-slot[39m=[32m"avatar"[39m
                            [36m>[...

      569 |       await user.click(conversation);
      570 |
    > 571 |       await waitFor(() => {
          |                    ^
      572 |         expect(screen.getByText('document.pdf')).toBeInTheDocument();
      573 |         expect(screen.getByText('1 MB')).toBeInTheDocument();
      574 |         expect(screen.getByAltText('image.jpg')).toBeInTheDocument();

      at waitForWrapper (node_modules/.pnpm/@testing-library+dom@10.4.0/node_modules/@testing-library/dom/dist/wait-for.js:163:27)
      at Object.<anonymous> (src/components/student/__tests__/StudentMessaging.test.tsx:571:20)

  ● StudentMessaging › Message Display › should search message history

    Found multiple elements with the text: Hello student!

    Here are the matching elements:

    Ignored nodes: comments, script, style
    [36m<p[39m
      [33mclass[39m=[32m"text-sm text-muted-foreground truncate"[39m
    [36m>[39m
      [0mHello student![0m
    [36m</p>[39m

    Ignored nodes: comments, script, style
    [36m<p[39m
      [33mclass[39m=[32m"text-sm"[39m
    [36m>[39m
      [0mHello student![0m
    [36m</p>[39m

    (If this is intentional, then use the `*AllBy*` variant of the query (like `queryAllByText`, `getAllByText`, or `findAllByText`)).

    Ignored nodes: comments, script, style
    [36m<body[39m
      [33mstyle[39m=[32m""[39m
    [36m>[39m
      [36m<div>[39m
        [36m<div[39m
          [33maria-label[39m=[32m"Messages"[39m
          [33mclass[39m=[32m"flex h-screen bg-background"[39m
        [36m>[39m
          [36m<div[39m
            [33maria-label[39m=[32m"Message updates"[39m
            [33maria-live[39m=[32m"polite"[39m
            [33mclass[39m=[32m"sr-only"[39m
            [33mrole[39m=[32m"log"[39m
          [36m/>[39m
          [36m<div[39m
            [33maria-label[39m=[32m"Conversations"[39m
            [33mclass[39m=[32m"w-80 border-r flex flex-col"[39m
          [36m>[39m
            [36m<div[39m
              [33mclass[39m=[32m"p-4 border-b"[39m
            [36m>[39m
              [36m<div[39m
                [33mclass[39m=[32m"flex items-center justify-between mb-4"[39m
              [36m>[39m
                [36m<h2[39m
                  [33mclass[39m=[32m"text-lg font-semibold"[39m
                [36m>[39m
                  [0mMessages[0m
                [36m</h2>[39m
                [36m<button[39m
                  [33maria-controls[39m=[32m"radix-:r80:"[39m
                  [33maria-expanded[39m=[32m"false"[39m
                  [33maria-haspopup[39m=[32m"dialog"[39m
                  [33mclass[39m=[32m"inline-flex items-center justify-center whitespace-nowrap text-sm font-medium transition-all disabled:pointer-events-none disabled:opacity-50 [&_svg]:pointer-events-none [&_svg:not([class*='size-'])]:size-4 shrink-0 [&_svg]:shrink-0 outline-none focus-visible:border-ring focus-visible:ring-ring/50 focus-visible:ring-[3px] aria-invalid:ring-destructive/20 dark:aria-invalid:ring-destructive/40 aria-invalid:border-destructive bg-primary text-primary-foreground shadow-xs hover:bg-primary/90 h-8 rounded-md gap-1.5 px-3 has-[>svg]:px-2.5"[39m
                  [33mdata-slot[39m=[32m"button"[39m
                  [33mdata-state[39m=[32m"closed"[39m
                  [33mtype[39m=[32m"button"[39m
                [36m>[39m
                  [36m<svg[39m
                    [33maria-hidden[39m=[32m"true"[39m
                    [33mclass[39m=[32m"lucide lucide-plus h-4 w-4 mr-2"[39m
                    [33mfill[39m=[32m"none"[39m
                    [33mheight[39m=[32m"24"[39m
                    [33mstroke[39m=[32m"currentColor"[39m
                    [33mstroke-linecap[39m=[32m"round"[39m
                    [33mstroke-linejoin[39m=[32m"round"[39m
                    [33mstroke-width[39m=[32m"2"[39m
                    [33mviewBox[39m=[32m"0 0 24 24"[39m
                    [33mwidth[39m=[32m"24"[39m
                    [33mxmlns[39m=[32m"http://www.w3.org/2000/svg"[39m
                  [36m>[39m
                    [36m<path[39m
                      [33md[39m=[32m"M5 12h14"[39m
                    [36m/>[39m
                    [36m<path[39m
                      [33md[39m=[32m"M12 5v14"[39m
                    [36m/>[39m
                  [36m</svg>[39m
                  [0mNew Conversation[0m
                [36m</button>[39m
              [36m</div>[39m
              [36m<div[39m
                [33mclass[39m=[32m"relative"[39m
              [36m>[39m
                [36m<svg[39m
                  [33maria-hidden[39m=[32m"true"[39m
                  [33mclass[39m=[32m"lucide lucide-search absolute left-3 top-3 h-4 w-4 text-muted-foreground"[39m
                  [33mfill[39m=[32m"none"[39m
                  [33mheight[39m=[32m"24"[39m
                  [33mstroke[39m=[32m"currentColor"[39m
                  [33mstroke-linecap[39m=[32m"round"[39m
                  [33mstroke-linejoin[39m=[32m"round"[39m
                  [33mstroke-width[39m=[32m"2"[39m
                  [33mviewBox[39m=[32m"0 0 24 24"[39m
                  [33mwidth[39m=[32m"24"[39m
                  [33mxmlns[39m=[32m"http://www.w3.org/2000/svg"[39m
                [36m>[39m
                  [36m<path[39m
                    [33md[39m=[32m"m21 21-4.34-4.34"[39m
                  [36m/>[39m
                  [36m<circle[39m
                    [33mcx[39m=[32m"11"[39m
                    [33mcy[39m=[32m"11"[39m
                    [33mr[39m=[32m"8"[39m
                  [36m/>[39m
                [36m</svg>[39m
                [36m<input[39m
                  [33maria-label[39m=[32m"Search conversations"[39m
                  [33mclass[39m=[32m"file:text-foreground placeholder:text-muted-foreground selection:bg-primary selection:text-primary-foreground dark:bg-input/30 border-input flex h-9 w-full min-w-0 rounded-md border bg-transparent px-3 py-1 text-base shadow-xs transition-[color,box-shadow] outline-none file:inline-flex file:h-7 file:border-0 file:bg-transparent file:text-sm file:font-medium disabled:pointer-events-none disabled:cursor-not-allowed disabled:opacity-50 md:text-sm focus-visible:border-ring focus-visible:ring-ring/50 focus-visible:ring-[3px] aria-invalid:ring-destructive/20 dark:aria-invalid:ring-destructive/40 aria-invalid:border-destructive pl-9"[39m
                  [33mdata-slot[39m=[32m"input"[39m
                  [33mplaceholder[39m=[32m"Search conversations..."[39m
                  [33mvalue[39m=[32m""[39m
                [36m/>[39m
              [36m</div>[39m
            [36m</div>[39m
            [36m<div[39m
              [33mclass[39m=[32m"relative overflow-hidden flex-1"[39m
              [33mdir[39m=[32m"ltr"[39m
              [33mstyle[39m=[32m"position: relative; --radix-scroll-area-corner-width: 0px; --radix-scroll-area-corner-height: 0px;"[39m
            [36m>[39m
              [36m<div[39m
                [33mclass[39m=[32m"h-full w-full rounded-[inherit]"[39m
                [33mdata-radix-scroll-area-viewport[39m=[32m""[39m
                [33mstyle[39m=[32m"overflow-x: hidden; overflow-y: scroll;"[39m
              [36m>[39m
                [36m<div[39m
                  [33mstyle[39m=[32m"min-width: 100%; display: table;"[39m
                [36m>[39m
                  [36m<div[39m
                    [33mclass[39m=[32m"space-y-1 p-2"[39m
                  [36m>[39m
                    [36m<div[39m
                      [33mclass[39m=[32m"text-card-foreground flex flex-col gap-6 rounded-xl border py-6 shadow-sm cursor-pointer hover:bg-accent transition-colors bg-accent"[39m
                      [33mdata-slot[39m=[32m"card"[39m
                      [33mtabindex[39m=[32m"0"[39m
                    [36m>[39m
                      [36m<div[39m
                        [33mclass[39m=[32m"p-3"[39m
                        [33mdata-slot[39m=[32m"card-content"[39m
                      [36m>[39m
                        [36m<div[39m
                          [33mclass[39m=[32m"flex items-start gap-3"[39m
                        [36m>[39m
                          [36m<div[39m
                            [33mclass[39m=[32m"relative"[39m
                          [36m>[39m
                            [36m<span[39m
                              [33mclass[39m=[32m"relative flex size-8 shrink-0 overflow-hidden rounded-full h-10 w-10"[39m
                              [33mdata-slot[39m=[32m"avatar"[39m
                            [36m>[...

      586 |       await user.click(conversation);
      587 |
    > 588 |       await waitFor(() => {
          |                    ^
      589 |         expect(screen.getByText('Hello student!')).toBeInTheDocument();
      590 |       });
      591 |

      at waitForWrapper (node_modules/.pnpm/@testing-library+dom@10.4.0/node_modules/@testing-library/dom/dist/wait-for.js:163:27)
      at Object.<anonymous> (src/components/student/__tests__/StudentMessaging.test.tsx:588:20)

  ● StudentMessaging › Message Sending › should send text message

    expect(element).toHaveValue()

    Expected the element to have value:

    Received:
      New message

    Ignored nodes: comments, script, style
    [36m<html>[39m
      [36m<head />[39m
      [36m<body[39m
        [33mstyle[39m=[32m""[39m
      [36m>[39m
        [36m<div>[39m
          [36m<div[39m
            [33maria-label[39m=[32m"Messages"[39m
            [33mclass[39m=[32m"flex h-screen bg-background"[39m
          [36m>[39m
            [36m<div[39m
              [33maria-label[39m=[32m"Message updates"[39m
              [33maria-live[39m=[32m"polite"[39m
              [33mclass[39m=[32m"sr-only"[39m
              [33mrole[39m=[32m"log"[39m
            [36m/>[39m
            [36m<div[39m
              [33maria-label[39m=[32m"Conversations"[39m
              [33mclass[39m=[32m"w-80 border-r flex flex-col"[39m
            [36m>[39m
              [36m<div[39m
                [33mclass[39m=[32m"p-4 border-b"[39m
              [36m>[39m
                [36m<div[39m
                  [33mclass[39m=[32m"flex items-center justify-between mb-4"[39m
                [36m>[39m
                  [36m<h2[39m
                    [33mclass[39m=[32m"text-lg font-semibold"[39m
                  [36m>[39m
                    [0mMessages[0m
                  [36m</h2>[39m
                  [36m<button[39m
                    [33maria-controls[39m=[32m"radix-:r8o:"[39m
                    [33maria-expanded[39m=[32m"false"[39m
                    [33maria-haspopup[39m=[32m"dialog"[39m
                    [33mclass[39m=[32m"inline-flex items-center justify-center whitespace-nowrap text-sm font-medium transition-all disabled:pointer-events-none disabled:opacity-50 [&_svg]:pointer-events-none [&_svg:not([class*='size-'])]:size-4 shrink-0 [&_svg]:shrink-0 outline-none focus-visible:border-ring focus-visible:ring-ring/50 focus-visible:ring-[3px] aria-invalid:ring-destructive/20 dark:aria-invalid:ring-destructive/40 aria-invalid:border-destructive bg-primary text-primary-foreground shadow-xs hover:bg-primary/90 h-8 rounded-md gap-1.5 px-3 has-[>svg]:px-2.5"[39m
                    [33mdata-slot[39m=[32m"button"[39m
                    [33mdata-state[39m=[32m"closed"[39m
                    [33mtype[39m=[32m"button"[39m
                  [36m>[39m
                    [36m<svg[39m
                      [33maria-hidden[39m=[32m"true"[39m
                      [33mclass[39m=[32m"lucide lucide-plus h-4 w-4 mr-2"[39m
                      [33mfill[39m=[32m"none"[39m
                      [33mheight[39m=[32m"24"[39m
                      [33mstroke[39m=[32m"currentColor"[39m
                      [33mstroke-linecap[39m=[32m"round"[39m
                      [33mstroke-linejoin[39m=[32m"round"[39m
                      [33mstroke-width[39m=[32m"2"[39m
                      [33mviewBox[39m=[32m"0 0 24 24"[39m
                      [33mwidth[39m=[32m"24"[39m
                      [33mxmlns[39m=[32m"http://www.w3.org/2000/svg"[39m
                    [36m>[39m
                      [36m<path[39m
                        [33md[39m=[32m"M5 12h14"[39m
                      [36m/>[39m
                      [36m<path[39m
                        [33md[39m=[32m"M12 5v14"[39m
                      [36m/>[39m
                    [36m</svg>[39m
                    [0mNew Conversation[0m
                  [36m</button>[39m
                [36m</div>[39m
                [36m<div[39m
                  [33mclass[39m=[32m"relative"[39m
                [36m>[39m
                  [36m<svg[39m
                    [33maria-hidden[39m=[32m"true"[39m
                    [33mclass[39m=[32m"lucide lucide-search absolute left-3 top-3 h-4 w-4 text-muted-foreground"[39m
                    [33mfill[39m=[32m"none"[39m
                    [33mheight[39m=[32m"24"[39m
                    [33mstroke[39m=[32m"currentColor"[39m
                    [33mstroke-linecap[39m=[32m"round"[39m
                    [33mstroke-linejoin[39m=[32m"round"[39m
                    [33mstroke-width[39m=[32m"2"[39m
                    [33mviewBox[39m=[32m"0 0 24 24"[39m
                    [33mwidth[39m=[32m"24"[39m
                    [33mxmlns[39m=[32m"http://www.w3.org/2000/svg"[39m
                  [36m>[39m
                    [36m<path[39m
                      [33md[39m=[32m"m21 21-4.34-4.34"[39m
                    [36m/>[39m
                    [36m<circle[39m
                      [33mcx[39m=[32m"11"[39m
                      [33mcy[39m=[32m"11"[39m
                      [33mr[39m=[32m"8"[39m
                    [36m/>[39m
                  [36m</svg>[39m
                  [36m<input[39m
                    [33maria-label[39m=[32m"Search conversations"[39m
                    [33mclass[39m=[32m"file:text-foreground placeholder:text-muted-foreground selection:bg-primary selection:text-primary-foreground dark:bg-input/30 border-input flex h-9 w-full min-w-0 rounded-md border bg-transparent px-3 py-1 text-base shadow-xs transition-[color,box-shadow] outline-none file:inline-flex file:h-7 file:border-0 file:bg-transparent file:text-sm file:font-medium disabled:pointer-events-none disabled:cursor-not-allowed disabled:opacity-50 md:text-sm focus-visible:border-ring focus-visible:ring-ring/50 focus-visible:ring-[3px] aria-invalid:ring-destructive/20 dark:aria-invalid:ring-destructive/40 aria-invalid:border-destructive pl-9"[39m
                    [33mdata-slot[39m=[32m"input"[39m
                    [33mplaceholder[39m=[32m"Search conversations..."[39m
                    [33mvalue[39m=[32m""[39m
                  [36m/>[39m
                [36m</div>[39m
              [36m</div>[39m
              [36m<div[39m
                [33mclass[39m=[32m"relative overflow-hidden flex-1"[39m
                [33mdir[39m=[32m"ltr"[39m
                [33mstyle[39m=[32m"position: relative; --radix-scroll-area-corner-width: 0px; --radix-scroll-area-corner-height: 0px;"[39m
              [36m>[39m
                [36m<div[39m
                  [33mclass[39m=[32m"h-full w-full rounded-[inherit]"[39m
                  [33mdata-radix-scroll-area-viewport[39m=[32m""[39m
                  [33mstyle[39m=[32m"overflow-x: hidden; overflow-y: scroll;"[39m
                [36m>[39m
                  [36m<div[39m
                    [33mstyle[39m=[32m"min-width: 100%; display: table;"[39m
                  [36m>[39m
                    [36m<div[39m
                      [33mclass[39m=[32m"space-y-1 p-2"[39m
                    [36m>[39m
                      [36m<div[39m
                        [33mclass[39m=[32m"text-card-foreground flex flex-col gap-6 rounded-xl border py-6 shadow-sm cursor-pointer hover:bg-accent transition-colors bg-accent"[39m
                        [33mdata-slot[39m=[32m"card"[39m
                        [33mtabindex[39m=[32m"0"[39m
                      [36m>[39m
                        [36m<div[39m
                          [33mclass[39m=[32m"p-3"[39m
                          [33mdata-slot[39m=[32m"card-content"[39m
                        [36m>[39m
                          [36m<div[39m
                            [33mclass[39m=[32m"flex items-start gap-3"[39m
                          [36m>[39m
                            [36m<div[39m
                              [33mclass[39m=[32m"relative"[39m
          ...

      660 |       await waitFor(() => {
      661 |         // Since we're mocking, just verify the form submission worked
    > 662 |         expect(messageInput).toHaveValue('');
          |                              ^
      663 |       });
      664 |     });
      665 |

      at toHaveValue (src/components/student/__tests__/StudentMessaging.test.tsx:662:30)
      at runWithExpensiveErrorDiagnosticsDisabled (node_modules/.pnpm/@testing-library+dom@10.4.0/node_modules/@testing-library/dom/dist/config.js:47:12)
      at checkCallback (node_modules/.pnpm/@testing-library+dom@10.4.0/node_modules/@testing-library/dom/dist/wait-for.js:124:77)
      at checkRealTimersCallback (node_modules/.pnpm/@testing-library+dom@10.4.0/node_modules/@testing-library/dom/dist/wait-for.js:118:16)
      at Timeout.task [as _onTimeout] (node_modules/.pnpm/jsdom@26.1.0/node_modules/jsdom/lib/jsdom/browser/Window.js:579:19)

  ● StudentMessaging › Message Sending › should validate file types

    ReferenceError: toast is not defined

    Ignored nodes: comments, script, style
    [36m<html>[39m
      [36m<head />[39m
      [36m<body[39m
        [33mstyle[39m=[32m""[39m
      [36m>[39m
        [36m<div>[39m
          [36m<div[39m
            [33maria-label[39m=[32m"Messages"[39m
            [33mclass[39m=[32m"flex h-screen bg-background"[39m
          [36m>[39m
            [36m<div[39m
              [33maria-label[39m=[32m"Message updates"[39m
              [33maria-live[39m=[32m"polite"[39m
              [33mclass[39m=[32m"sr-only"[39m
              [33mrole[39m=[32m"log"[39m
            [36m/>[39m
            [36m<div[39m
              [33maria-label[39m=[32m"Conversations"[39m
              [33mclass[39m=[32m"w-80 border-r flex flex-col"[39m
            [36m>[39m
              [36m<div[39m
                [33mclass[39m=[32m"p-4 border-b"[39m
              [36m>[39m
                [36m<div[39m
                  [33mclass[39m=[32m"flex items-center justify-between mb-4"[39m
                [36m>[39m
                  [36m<h2[39m
                    [33mclass[39m=[32m"text-lg font-semibold"[39m
                  [36m>[39m
                    [0mMessages[0m
                  [36m</h2>[39m
                  [36m<button[39m
                    [33maria-controls[39m=[32m"radix-:ra8:"[39m
                    [33maria-expanded[39m=[32m"false"[39m
                    [33maria-haspopup[39m=[32m"dialog"[39m
                    [33mclass[39m=[32m"inline-flex items-center justify-center whitespace-nowrap text-sm font-medium transition-all disabled:pointer-events-none disabled:opacity-50 [&_svg]:pointer-events-none [&_svg:not([class*='size-'])]:size-4 shrink-0 [&_svg]:shrink-0 outline-none focus-visible:border-ring focus-visible:ring-ring/50 focus-visible:ring-[3px] aria-invalid:ring-destructive/20 dark:aria-invalid:ring-destructive/40 aria-invalid:border-destructive bg-primary text-primary-foreground shadow-xs hover:bg-primary/90 h-8 rounded-md gap-1.5 px-3 has-[>svg]:px-2.5"[39m
                    [33mdata-slot[39m=[32m"button"[39m
                    [33mdata-state[39m=[32m"closed"[39m
                    [33mtype[39m=[32m"button"[39m
                  [36m>[39m
                    [36m<svg[39m
                      [33maria-hidden[39m=[32m"true"[39m
                      [33mclass[39m=[32m"lucide lucide-plus h-4 w-4 mr-2"[39m
                      [33mfill[39m=[32m"none"[39m
                      [33mheight[39m=[32m"24"[39m
                      [33mstroke[39m=[32m"currentColor"[39m
                      [33mstroke-linecap[39m=[32m"round"[39m
                      [33mstroke-linejoin[39m=[32m"round"[39m
                      [33mstroke-width[39m=[32m"2"[39m
                      [33mviewBox[39m=[32m"0 0 24 24"[39m
                      [33mwidth[39m=[32m"24"[39m
                      [33mxmlns[39m=[32m"http://www.w3.org/2000/svg"[39m
                    [36m>[39m
                      [36m<path[39m
                        [33md[39m=[32m"M5 12h14"[39m
                      [36m/>[39m
                      [36m<path[39m
                        [33md[39m=[32m"M12 5v14"[39m
                      [36m/>[39m
                    [36m</svg>[39m
                    [0mNew Conversation[0m
                  [36m</button>[39m
                [36m</div>[39m
                [36m<div[39m
                  [33mclass[39m=[32m"relative"[39m
                [36m>[39m
                  [36m<svg[39m
                    [33maria-hidden[39m=[32m"true"[39m
                    [33mclass[39m=[32m"lucide lucide-search absolute left-3 top-3 h-4 w-4 text-muted-foreground"[39m
                    [33mfill[39m=[32m"none"[39m
                    [33mheight[39m=[32m"24"[39m
                    [33mstroke[39m=[32m"currentColor"[39m
                    [33mstroke-linecap[39m=[32m"round"[39m
                    [33mstroke-linejoin[39m=[32m"round"[39m
                    [33mstroke-width[39m=[32m"2"[39m
                    [33mviewBox[39m=[32m"0 0 24 24"[39m
                    [33mwidth[39m=[32m"24"[39m
                    [33mxmlns[39m=[32m"http://www.w3.org/2000/svg"[39m
                  [36m>[39m
                    [36m<path[39m
                      [33md[39m=[32m"m21 21-4.34-4.34"[39m
                    [36m/>[39m
                    [36m<circle[39m
                      [33mcx[39m=[32m"11"[39m
                      [33mcy[39m=[32m"11"[39m
                      [33mr[39m=[32m"8"[39m
                    [36m/>[39m
                  [36m</svg>[39m
                  [36m<input[39m
                    [33maria-label[39m=[32m"Search conversations"[39m
                    [33mclass[39m=[32m"file:text-foreground placeholder:text-muted-foreground selection:bg-primary selection:text-primary-foreground dark:bg-input/30 border-input flex h-9 w-full min-w-0 rounded-md border bg-transparent px-3 py-1 text-base shadow-xs transition-[color,box-shadow] outline-none file:inline-flex file:h-7 file:border-0 file:bg-transparent file:text-sm file:font-medium disabled:pointer-events-none disabled:cursor-not-allowed disabled:opacity-50 md:text-sm focus-visible:border-ring focus-visible:ring-ring/50 focus-visible:ring-[3px] aria-invalid:ring-destructive/20 dark:aria-invalid:ring-destructive/40 aria-invalid:border-destructive pl-9"[39m
                    [33mdata-slot[39m=[32m"input"[39m
                    [33mplaceholder[39m=[32m"Search conversations..."[39m
                    [33mvalue[39m=[32m""[39m
                  [36m/>[39m
                [36m</div>[39m
              [36m</div>[39m
              [36m<div[39m
                [33mclass[39m=[32m"relative overflow-hidden flex-1"[39m
                [33mdir[39m=[32m"ltr"[39m
                [33mstyle[39m=[32m"position: relative; --radix-scroll-area-corner-width: 0px; --radix-scroll-area-corner-height: 0px;"[39m
              [36m>[39m
                [36m<div[39m
                  [33mclass[39m=[32m"h-full w-full rounded-[inherit]"[39m
                  [33mdata-radix-scroll-area-viewport[39m=[32m""[39m
                  [33mstyle[39m=[32m"overflow-x: hidden; overflow-y: scroll;"[39m
                [36m>[39m
                  [36m<div[39m
                    [33mstyle[39m=[32m"min-width: 100%; display: table;"[39m
                  [36m>[39m
                    [36m<div[39m
                      [33mclass[39m=[32m"space-y-1 p-2"[39m
                    [36m>[39m
                      [36m<div[39m
                        [33mclass[39m=[32m"text-card-foreground flex flex-col gap-6 rounded-xl border py-6 shadow-sm cursor-pointer hover:bg-accent transition-colors bg-accent"[39m
                        [33mdata-slot[39m=[32m"card"[39m
                        [33mtabindex[39m=[32m"0"[39m
                      [36m>[39m
                        [36m<div[39m
                          [33mclass[39m=[32m"p-3"[39m
                          [33mdata-slot[39m=[32m"card-content"[39m
                        [36m>[39m
                          [36m<div[39m
                            [33mclass[39m=[32m"flex items-start gap-3"[39m
                          [36m>[39m
                            [36m<div[39m
                              [33mclass[39m=[32m"relative"[39m
          ...

      736 |
      737 |       await waitFor(() => {
    > 738 |         expect(toast).toHaveBeenCalledWith({
          |                ^
      739 |           title: 'Invalid file type',
      740 |           description: 'File type not allowed',
      741 |           variant: 'destructive',

      at toast (src/components/student/__tests__/StudentMessaging.test.tsx:738:16)
      at runWithExpensiveErrorDiagnosticsDisabled (node_modules/.pnpm/@testing-library+dom@10.4.0/node_modules/@testing-library/dom/dist/config.js:47:12)
      at checkCallback (node_modules/.pnpm/@testing-library+dom@10.4.0/node_modules/@testing-library/dom/dist/wait-for.js:124:77)
      at checkRealTimersCallback (node_modules/.pnpm/@testing-library+dom@10.4.0/node_modules/@testing-library/dom/dist/wait-for.js:118:16)
      at Timeout.task [as _onTimeout] (node_modules/.pnpm/jsdom@26.1.0/node_modules/jsdom/lib/jsdom/browser/Window.js:579:19)

  ● StudentMessaging › Message Sending › should validate file size

    ReferenceError: toast is not defined

    Ignored nodes: comments, script, style
    [36m<html>[39m
      [36m<head />[39m
      [36m<body[39m
        [33mstyle[39m=[32m""[39m
      [36m>[39m
        [36m<div>[39m
          [36m<div[39m
            [33maria-label[39m=[32m"Messages"[39m
            [33mclass[39m=[32m"flex h-screen bg-background"[39m
          [36m>[39m
            [36m<div[39m
              [33maria-label[39m=[32m"Message updates"[39m
              [33maria-live[39m=[32m"polite"[39m
              [33mclass[39m=[32m"sr-only"[39m
              [33mrole[39m=[32m"log"[39m
            [36m/>[39m
            [36m<div[39m
              [33maria-label[39m=[32m"Conversations"[39m
              [33mclass[39m=[32m"w-80 border-r flex flex-col"[39m
            [36m>[39m
              [36m<div[39m
                [33mclass[39m=[32m"p-4 border-b"[39m
              [36m>[39m
                [36m<div[39m
                  [33mclass[39m=[32m"flex items-center justify-between mb-4"[39m
                [36m>[39m
                  [36m<h2[39m
                    [33mclass[39m=[32m"text-lg font-semibold"[39m
                  [36m>[39m
                    [0mMessages[0m
                  [36m</h2>[39m
                  [36m<button[39m
                    [33maria-controls[39m=[32m"radix-:rao:"[39m
                    [33maria-expanded[39m=[32m"false"[39m
                    [33maria-haspopup[39m=[32m"dialog"[39m
                    [33mclass[39m=[32m"inline-flex items-center justify-center whitespace-nowrap text-sm font-medium transition-all disabled:pointer-events-none disabled:opacity-50 [&_svg]:pointer-events-none [&_svg:not([class*='size-'])]:size-4 shrink-0 [&_svg]:shrink-0 outline-none focus-visible:border-ring focus-visible:ring-ring/50 focus-visible:ring-[3px] aria-invalid:ring-destructive/20 dark:aria-invalid:ring-destructive/40 aria-invalid:border-destructive bg-primary text-primary-foreground shadow-xs hover:bg-primary/90 h-8 rounded-md gap-1.5 px-3 has-[>svg]:px-2.5"[39m
                    [33mdata-slot[39m=[32m"button"[39m
                    [33mdata-state[39m=[32m"closed"[39m
                    [33mtype[39m=[32m"button"[39m
                  [36m>[39m
                    [36m<svg[39m
                      [33maria-hidden[39m=[32m"true"[39m
                      [33mclass[39m=[32m"lucide lucide-plus h-4 w-4 mr-2"[39m
                      [33mfill[39m=[32m"none"[39m
                      [33mheight[39m=[32m"24"[39m
                      [33mstroke[39m=[32m"currentColor"[39m
                      [33mstroke-linecap[39m=[32m"round"[39m
                      [33mstroke-linejoin[39m=[32m"round"[39m
                      [33mstroke-width[39m=[32m"2"[39m
                      [33mviewBox[39m=[32m"0 0 24 24"[39m
                      [33mwidth[39m=[32m"24"[39m
                      [33mxmlns[39m=[32m"http://www.w3.org/2000/svg"[39m
                    [36m>[39m
                      [36m<path[39m
                        [33md[39m=[32m"M5 12h14"[39m
                      [36m/>[39m
                      [36m<path[39m
                        [33md[39m=[32m"M12 5v14"[39m
                      [36m/>[39m
                    [36m</svg>[39m
                    [0mNew Conversation[0m
                  [36m</button>[39m
                [36m</div>[39m
                [36m<div[39m
                  [33mclass[39m=[32m"relative"[39m
                [36m>[39m
                  [36m<svg[39m
                    [33maria-hidden[39m=[32m"true"[39m
                    [33mclass[39m=[32m"lucide lucide-search absolute left-3 top-3 h-4 w-4 text-muted-foreground"[39m
                    [33mfill[39m=[32m"none"[39m
                    [33mheight[39m=[32m"24"[39m
                    [33mstroke[39m=[32m"currentColor"[39m
                    [33mstroke-linecap[39m=[32m"round"[39m
                    [33mstroke-linejoin[39m=[32m"round"[39m
                    [33mstroke-width[39m=[32m"2"[39m
                    [33mviewBox[39m=[32m"0 0 24 24"[39m
                    [33mwidth[39m=[32m"24"[39m
                    [33mxmlns[39m=[32m"http://www.w3.org/2000/svg"[39m
                  [36m>[39m
                    [36m<path[39m
                      [33md[39m=[32m"m21 21-4.34-4.34"[39m
                    [36m/>[39m
                    [36m<circle[39m
                      [33mcx[39m=[32m"11"[39m
                      [33mcy[39m=[32m"11"[39m
                      [33mr[39m=[32m"8"[39m
                    [36m/>[39m
                  [36m</svg>[39m
                  [36m<input[39m
                    [33maria-label[39m=[32m"Search conversations"[39m
                    [33mclass[39m=[32m"file:text-foreground placeholder:text-muted-foreground selection:bg-primary selection:text-primary-foreground dark:bg-input/30 border-input flex h-9 w-full min-w-0 rounded-md border bg-transparent px-3 py-1 text-base shadow-xs transition-[color,box-shadow] outline-none file:inline-flex file:h-7 file:border-0 file:bg-transparent file:text-sm file:font-medium disabled:pointer-events-none disabled:cursor-not-allowed disabled:opacity-50 md:text-sm focus-visible:border-ring focus-visible:ring-ring/50 focus-visible:ring-[3px] aria-invalid:ring-destructive/20 dark:aria-invalid:ring-destructive/40 aria-invalid:border-destructive pl-9"[39m
                    [33mdata-slot[39m=[32m"input"[39m
                    [33mplaceholder[39m=[32m"Search conversations..."[39m
                    [33mvalue[39m=[32m""[39m
                  [36m/>[39m
                [36m</div>[39m
              [36m</div>[39m
              [36m<div[39m
                [33mclass[39m=[32m"relative overflow-hidden flex-1"[39m
                [33mdir[39m=[32m"ltr"[39m
                [33mstyle[39m=[32m"position: relative; --radix-scroll-area-corner-width: 0px; --radix-scroll-area-corner-height: 0px;"[39m
              [36m>[39m
                [36m<div[39m
                  [33mclass[39m=[32m"h-full w-full rounded-[inherit]"[39m
                  [33mdata-radix-scroll-area-viewport[39m=[32m""[39m
                  [33mstyle[39m=[32m"overflow-x: hidden; overflow-y: scroll;"[39m
                [36m>[39m
                  [36m<div[39m
                    [33mstyle[39m=[32m"min-width: 100%; display: table;"[39m
                  [36m>[39m
                    [36m<div[39m
                      [33mclass[39m=[32m"space-y-1 p-2"[39m
                    [36m>[39m
                      [36m<div[39m
                        [33mclass[39m=[32m"text-card-foreground flex flex-col gap-6 rounded-xl border py-6 shadow-sm cursor-pointer hover:bg-accent transition-colors bg-accent"[39m
                        [33mdata-slot[39m=[32m"card"[39m
                        [33mtabindex[39m=[32m"0"[39m
                      [36m>[39m
                        [36m<div[39m
                          [33mclass[39m=[32m"p-3"[39m
                          [33mdata-slot[39m=[32m"card-content"[39m
                        [36m>[39m
                          [36m<div[39m
                            [33mclass[39m=[32m"flex items-start gap-3"[39m
                          [36m>[39m
                            [36m<div[39m
                              [33mclass[39m=[32m"relative"[39m
          ...

      761 |
      762 |       await waitFor(() => {
    > 763 |         expect(toast).toHaveBeenCalledWith({
          |                ^
      764 |           title: 'File too large',
      765 |           description: 'Maximum file size is 10MB',
      766 |           variant: 'destructive',

      at toast (src/components/student/__tests__/StudentMessaging.test.tsx:763:16)
      at runWithExpensiveErrorDiagnosticsDisabled (node_modules/.pnpm/@testing-library+dom@10.4.0/node_modules/@testing-library/dom/dist/config.js:47:12)
      at checkCallback (node_modules/.pnpm/@testing-library+dom@10.4.0/node_modules/@testing-library/dom/dist/wait-for.js:124:77)
      at checkRealTimersCallback (node_modules/.pnpm/@testing-library+dom@10.4.0/node_modules/@testing-library/dom/dist/wait-for.js:118:16)
      at Timeout.task [as _onTimeout] (node_modules/.pnpm/jsdom@26.1.0/node_modules/jsdom/lib/jsdom/browser/Window.js:579:19)

  ● StudentMessaging › Message Sending › should reply to a message

    TypeError: Expected container to be an Element, a Document or a DocumentFragment but got null.

      784 |
      785 |       const messageElement = screen.getByText('Hello student!').closest('[data-message-id]');
    > 786 |       const replyBtn = within(messageElement!).getByTestId('reply-btn');
          |                                                ^
      787 |       await user.click(replyBtn);
      788 |
      789 |       expect(screen.getByText('Replying to: Hello student!')).toBeInTheDocument();

      at checkContainerType (node_modules/.pnpm/@testing-library+dom@10.4.0/node_modules/@testing-library/dom/dist/helpers.js:61:11)
      at queryAllByTestId (node_modules/.pnpm/@testing-library+dom@10.4.0/node_modules/@testing-library/dom/dist/queries/test-id.js:12:35)
      at node_modules/.pnpm/@testing-library+dom@10.4.0/node_modules/@testing-library/dom/dist/query-helpers.js:74:17
      at node_modules/.pnpm/@testing-library+dom@10.4.0/node_modules/@testing-library/dom/dist/query-helpers.js:52:17
      at node_modules/.pnpm/@testing-library+dom@10.4.0/node_modules/@testing-library/dom/dist/query-helpers.js:95:19
      at Object.getByTestId (src/components/student/__tests__/StudentMessaging.test.tsx:786:48)

  ● StudentMessaging › Real-time Features › should show typing indicators

    Unable to find an element with the text: John Teacher is typing.... This could be because the text is broken up by multiple elements. In this case, you can provide a function for your text matcher to make your matcher more flexible.

    Ignored nodes: comments, script, style
    [36m<body[39m
      [33mstyle[39m=[32m""[39m
    [36m>[39m
      [36m<div>[39m
        [36m<div[39m
          [33maria-label[39m=[32m"Messages"[39m
          [33mclass[39m=[32m"flex h-screen bg-background"[39m
        [36m>[39m
          [36m<div[39m
            [33maria-label[39m=[32m"Message updates"[39m
            [33maria-live[39m=[32m"polite"[39m
            [33mclass[39m=[32m"sr-only"[39m
            [33mrole[39m=[32m"log"[39m
          [36m/>[39m
          [36m<div[39m
            [33maria-label[39m=[32m"Conversations"[39m
            [33mclass[39m=[32m"w-80 border-r flex flex-col"[39m
          [36m>[39m
            [36m<div[39m
              [33mclass[39m=[32m"p-4 border-b"[39m
            [36m>[39m
              [36m<div[39m
                [33mclass[39m=[32m"flex items-center justify-between mb-4"[39m
              [36m>[39m
                [36m<h2[39m
                  [33mclass[39m=[32m"text-lg font-semibold"[39m
                [36m>[39m
                  [0mMessages[0m
                [36m</h2>[39m
                [36m<button[39m
                  [33maria-controls[39m=[32m"radix-:rbo:"[39m
                  [33maria-expanded[39m=[32m"false"[39m
                  [33maria-haspopup[39m=[32m"dialog"[39m
                  [33mclass[39m=[32m"inline-flex items-center justify-center whitespace-nowrap text-sm font-medium transition-all disabled:pointer-events-none disabled:opacity-50 [&_svg]:pointer-events-none [&_svg:not([class*='size-'])]:size-4 shrink-0 [&_svg]:shrink-0 outline-none focus-visible:border-ring focus-visible:ring-ring/50 focus-visible:ring-[3px] aria-invalid:ring-destructive/20 dark:aria-invalid:ring-destructive/40 aria-invalid:border-destructive bg-primary text-primary-foreground shadow-xs hover:bg-primary/90 h-8 rounded-md gap-1.5 px-3 has-[>svg]:px-2.5"[39m
                  [33mdata-slot[39m=[32m"button"[39m
                  [33mdata-state[39m=[32m"closed"[39m
                  [33mtype[39m=[32m"button"[39m
                [36m>[39m
                  [36m<svg[39m
                    [33maria-hidden[39m=[32m"true"[39m
                    [33mclass[39m=[32m"lucide lucide-plus h-4 w-4 mr-2"[39m
                    [33mfill[39m=[32m"none"[39m
                    [33mheight[39m=[32m"24"[39m
                    [33mstroke[39m=[32m"currentColor"[39m
                    [33mstroke-linecap[39m=[32m"round"[39m
                    [33mstroke-linejoin[39m=[32m"round"[39m
                    [33mstroke-width[39m=[32m"2"[39m
                    [33mviewBox[39m=[32m"0 0 24 24"[39m
                    [33mwidth[39m=[32m"24"[39m
                    [33mxmlns[39m=[32m"http://www.w3.org/2000/svg"[39m
                  [36m>[39m
                    [36m<path[39m
                      [33md[39m=[32m"M5 12h14"[39m
                    [36m/>[39m
                    [36m<path[39m
                      [33md[39m=[32m"M12 5v14"[39m
                    [36m/>[39m
                  [36m</svg>[39m
                  [0mNew Conversation[0m
                [36m</button>[39m
              [36m</div>[39m
              [36m<div[39m
                [33mclass[39m=[32m"relative"[39m
              [36m>[39m
                [36m<svg[39m
                  [33maria-hidden[39m=[32m"true"[39m
                  [33mclass[39m=[32m"lucide lucide-search absolute left-3 top-3 h-4 w-4 text-muted-foreground"[39m
                  [33mfill[39m=[32m"none"[39m
                  [33mheight[39m=[32m"24"[39m
                  [33mstroke[39m=[32m"currentColor"[39m
                  [33mstroke-linecap[39m=[32m"round"[39m
                  [33mstroke-linejoin[39m=[32m"round"[39m
                  [33mstroke-width[39m=[32m"2"[39m
                  [33mviewBox[39m=[32m"0 0 24 24"[39m
                  [33mwidth[39m=[32m"24"[39m
                  [33mxmlns[39m=[32m"http://www.w3.org/2000/svg"[39m
                [36m>[39m
                  [36m<path[39m
                    [33md[39m=[32m"m21 21-4.34-4.34"[39m
                  [36m/>[39m
                  [36m<circle[39m
                    [33mcx[39m=[32m"11"[39m
                    [33mcy[39m=[32m"11"[39m
                    [33mr[39m=[32m"8"[39m
                  [36m/>[39m
                [36m</svg>[39m
                [36m<input[39m
                  [33maria-label[39m=[32m"Search conversations"[39m
                  [33mclass[39m=[32m"file:text-foreground placeholder:text-muted-foreground selection:bg-primary selection:text-primary-foreground dark:bg-input/30 border-input flex h-9 w-full min-w-0 rounded-md border bg-transparent px-3 py-1 text-base shadow-xs transition-[color,box-shadow] outline-none file:inline-flex file:h-7 file:border-0 file:bg-transparent file:text-sm file:font-medium disabled:pointer-events-none disabled:cursor-not-allowed disabled:opacity-50 md:text-sm focus-visible:border-ring focus-visible:ring-ring/50 focus-visible:ring-[3px] aria-invalid:ring-destructive/20 dark:aria-invalid:ring-destructive/40 aria-invalid:border-destructive pl-9"[39m
                  [33mdata-slot[39m=[32m"input"[39m
                  [33mplaceholder[39m=[32m"Search conversations..."[39m
                  [33mvalue[39m=[32m""[39m
                [36m/>[39m
              [36m</div>[39m
            [36m</div>[39m
            [36m<div[39m
              [33mclass[39m=[32m"relative overflow-hidden flex-1"[39m
              [33mdir[39m=[32m"ltr"[39m
              [33mstyle[39m=[32m"position: relative; --radix-scroll-area-corner-width: 0px; --radix-scroll-area-corner-height: 0px;"[39m
            [36m>[39m
              [36m<div[39m
                [33mclass[39m=[32m"h-full w-full rounded-[inherit]"[39m
                [33mdata-radix-scroll-area-viewport[39m=[32m""[39m
                [33mstyle[39m=[32m"overflow-x: hidden; overflow-y: scroll;"[39m
              [36m>[39m
                [36m<div[39m
                  [33mstyle[39m=[32m"min-width: 100%; display: table;"[39m
                [36m>[39m
                  [36m<div[39m
                    [33mclass[39m=[32m"space-y-1 p-2"[39m
                  [36m>[39m
                    [36m<div[39m
                      [33mclass[39m=[32m"text-card-foreground flex flex-col gap-6 rounded-xl border py-6 shadow-sm cursor-pointer hover:bg-accent transition-colors bg-accent"[39m
                      [33mdata-slot[39m=[32m"card"[39m
                      [33mtabindex[39m=[32m"0"[39m
                    [36m>[39m
                      [36m<div[39m
                        [33mclass[39m=[32m"p-3"[39m
                        [33mdata-slot[39m=[32m"card-content"[39m
                      [36m>[39m
                        [36m<div[39m
                          [33mclass[39m=[32m"flex items-start gap-3"[39m
                        [36m>[39m
                          [36m<div[39m
                            [33mclass[39m=[32m"relative"[39m
                          [36m>[39m
                            [36m<span[39m
                              [33mclass[39m=[32m"relative flex size-8 shrink-0 overflow-hidden rounded-full h-10 w-10"[39m
                              [33mdata-slot[39m=[32m"avatar"[39m
                            [36m>[...

      842 |         });
      843 |
    > 844 |         await waitFor(() => {
          |                      ^
      845 |           expect(screen.getByText('John Teacher is typing...')).toBeInTheDocument();
      846 |         });
      847 |       } else {

      at waitForWrapper (node_modules/.pnpm/@testing-library+dom@10.4.0/node_modules/@testing-library/dom/dist/wait-for.js:163:27)
      at Object.<anonymous> (src/components/student/__tests__/StudentMessaging.test.tsx:844:22)

  ● StudentMessaging › Real-time Features › should update online status in real-time

    expect(jest.fn()).toHaveBeenCalledWith(...expected)

    Expected: "presence", ObjectContaining {"event": "leave"}, Any<Function>

    Number of calls: 0

      898 |
      899 |       // Verify that presence tracking was set up
    > 900 |       expect(mockChannel.on).toHaveBeenCalledWith(
          |                              ^
      901 |         'presence',
      902 |         expect.objectContaining({ event: 'leave' }),
      903 |         expect.any(Function)

      at Object.toHaveBeenCalledWith (src/components/student/__tests__/StudentMessaging.test.tsx:900:30)

  ● StudentMessaging › Message Actions › should add message reaction

    Found multiple elements with the text: Hello student!

    Here are the matching elements:

    Ignored nodes: comments, script, style
    [36m<p[39m
      [33mclass[39m=[32m"text-sm text-muted-foreground truncate"[39m
    [36m>[39m
      [0mHello student![0m
    [36m</p>[39m

    Ignored nodes: comments, script, style
    [36m<p[39m
      [33mclass[39m=[32m"text-sm"[39m
    [36m>[39m
      [0mHello student![0m
    [36m</p>[39m

    (If this is intentional, then use the `*AllBy*` variant of the query (like `queryAllByText`, `getAllByText`, or `findAllByText`)).

    Ignored nodes: comments, script, style
    [36m<body[39m
      [33mstyle[39m=[32m""[39m
    [36m>[39m
      [36m<div>[39m
        [36m<div[39m
          [33maria-label[39m=[32m"Messages"[39m
          [33mclass[39m=[32m"flex h-screen bg-background"[39m
        [36m>[39m
          [36m<div[39m
            [33maria-label[39m=[32m"Message updates"[39m
            [33maria-live[39m=[32m"polite"[39m
            [33mclass[39m=[32m"sr-only"[39m
            [33mrole[39m=[32m"log"[39m
          [36m/>[39m
          [36m<div[39m
            [33maria-label[39m=[32m"Conversations"[39m
            [33mclass[39m=[32m"w-80 border-r flex flex-col"[39m
          [36m>[39m
            [36m<div[39m
              [33mclass[39m=[32m"p-4 border-b"[39m
            [36m>[39m
              [36m<div[39m
                [33mclass[39m=[32m"flex items-center justify-between mb-4"[39m
              [36m>[39m
                [36m<h2[39m
                  [33mclass[39m=[32m"text-lg font-semibold"[39m
                [36m>[39m
                  [0mMessages[0m
                [36m</h2>[39m
                [36m<button[39m
                  [33maria-controls[39m=[32m"radix-:rdo:"[39m
                  [33maria-expanded[39m=[32m"false"[39m
                  [33maria-haspopup[39m=[32m"dialog"[39m
                  [33mclass[39m=[32m"inline-flex items-center justify-center whitespace-nowrap text-sm font-medium transition-all disabled:pointer-events-none disabled:opacity-50 [&_svg]:pointer-events-none [&_svg:not([class*='size-'])]:size-4 shrink-0 [&_svg]:shrink-0 outline-none focus-visible:border-ring focus-visible:ring-ring/50 focus-visible:ring-[3px] aria-invalid:ring-destructive/20 dark:aria-invalid:ring-destructive/40 aria-invalid:border-destructive bg-primary text-primary-foreground shadow-xs hover:bg-primary/90 h-8 rounded-md gap-1.5 px-3 has-[>svg]:px-2.5"[39m
                  [33mdata-slot[39m=[32m"button"[39m
                  [33mdata-state[39m=[32m"closed"[39m
                  [33mtype[39m=[32m"button"[39m
                [36m>[39m
                  [36m<svg[39m
                    [33maria-hidden[39m=[32m"true"[39m
                    [33mclass[39m=[32m"lucide lucide-plus h-4 w-4 mr-2"[39m
                    [33mfill[39m=[32m"none"[39m
                    [33mheight[39m=[32m"24"[39m
                    [33mstroke[39m=[32m"currentColor"[39m
                    [33mstroke-linecap[39m=[32m"round"[39m
                    [33mstroke-linejoin[39m=[32m"round"[39m
                    [33mstroke-width[39m=[32m"2"[39m
                    [33mviewBox[39m=[32m"0 0 24 24"[39m
                    [33mwidth[39m=[32m"24"[39m
                    [33mxmlns[39m=[32m"http://www.w3.org/2000/svg"[39m
                  [36m>[39m
                    [36m<path[39m
                      [33md[39m=[32m"M5 12h14"[39m
                    [36m/>[39m
                    [36m<path[39m
                      [33md[39m=[32m"M12 5v14"[39m
                    [36m/>[39m
                  [36m</svg>[39m
                  [0mNew Conversation[0m
                [36m</button>[39m
              [36m</div>[39m
              [36m<div[39m
                [33mclass[39m=[32m"relative"[39m
              [36m>[39m
                [36m<svg[39m
                  [33maria-hidden[39m=[32m"true"[39m
                  [33mclass[39m=[32m"lucide lucide-search absolute left-3 top-3 h-4 w-4 text-muted-foreground"[39m
                  [33mfill[39m=[32m"none"[39m
                  [33mheight[39m=[32m"24"[39m
                  [33mstroke[39m=[32m"currentColor"[39m
                  [33mstroke-linecap[39m=[32m"round"[39m
                  [33mstroke-linejoin[39m=[32m"round"[39m
                  [33mstroke-width[39m=[32m"2"[39m
                  [33mviewBox[39m=[32m"0 0 24 24"[39m
                  [33mwidth[39m=[32m"24"[39m
                  [33mxmlns[39m=[32m"http://www.w3.org/2000/svg"[39m
                [36m>[39m
                  [36m<path[39m
                    [33md[39m=[32m"m21 21-4.34-4.34"[39m
                  [36m/>[39m
                  [36m<circle[39m
                    [33mcx[39m=[32m"11"[39m
                    [33mcy[39m=[32m"11"[39m
                    [33mr[39m=[32m"8"[39m
                  [36m/>[39m
                [36m</svg>[39m
                [36m<input[39m
                  [33maria-label[39m=[32m"Search conversations"[39m
                  [33mclass[39m=[32m"file:text-foreground placeholder:text-muted-foreground selection:bg-primary selection:text-primary-foreground dark:bg-input/30 border-input flex h-9 w-full min-w-0 rounded-md border bg-transparent px-3 py-1 text-base shadow-xs transition-[color,box-shadow] outline-none file:inline-flex file:h-7 file:border-0 file:bg-transparent file:text-sm file:font-medium disabled:pointer-events-none disabled:cursor-not-allowed disabled:opacity-50 md:text-sm focus-visible:border-ring focus-visible:ring-ring/50 focus-visible:ring-[3px] aria-invalid:ring-destructive/20 dark:aria-invalid:ring-destructive/40 aria-invalid:border-destructive pl-9"[39m
                  [33mdata-slot[39m=[32m"input"[39m
                  [33mplaceholder[39m=[32m"Search conversations..."[39m
                  [33mvalue[39m=[32m""[39m
                [36m/>[39m
              [36m</div>[39m
            [36m</div>[39m
            [36m<div[39m
              [33mclass[39m=[32m"relative overflow-hidden flex-1"[39m
              [33mdir[39m=[32m"ltr"[39m
              [33mstyle[39m=[32m"position: relative; --radix-scroll-area-corner-width: 0px; --radix-scroll-area-corner-height: 0px;"[39m
            [36m>[39m
              [36m<div[39m
                [33mclass[39m=[32m"h-full w-full rounded-[inherit]"[39m
                [33mdata-radix-scroll-area-viewport[39m=[32m""[39m
                [33mstyle[39m=[32m"overflow-x: hidden; overflow-y: scroll;"[39m
              [36m>[39m
                [36m<div[39m
                  [33mstyle[39m=[32m"min-width: 100%; display: table;"[39m
                [36m>[39m
                  [36m<div[39m
                    [33mclass[39m=[32m"space-y-1 p-2"[39m
                  [36m>[39m
                    [36m<div[39m
                      [33mclass[39m=[32m"text-card-foreground flex flex-col gap-6 rounded-xl border py-6 shadow-sm cursor-pointer hover:bg-accent transition-colors bg-accent"[39m
                      [33mdata-slot[39m=[32m"card"[39m
                      [33mtabindex[39m=[32m"0"[39m
                    [36m>[39m
                      [36m<div[39m
                        [33mclass[39m=[32m"p-3"[39m
                        [33mdata-slot[39m=[32m"card-content"[39m
                      [36m>[39m
                        [36m<div[39m
                          [33mclass[39m=[32m"flex items-start gap-3"[39m
                        [36m>[39m
                          [36m<div[39m
                            [33mclass[39m=[32m"relative"[39m
                          [36m>[39m
                            [36m<span[39m
                              [33mclass[39m=[32m"relative flex size-8 shrink-0 overflow-hidden rounded-full h-10 w-10"[39m
                              [33mdata-slot[39m=[32m"avatar"[39m
                            [36m>[...

      935 |       await user.click(conversation);
      936 |
    > 937 |       await waitFor(() => {
          |                    ^
      938 |         expect(screen.getByText('Hello student!')).toBeInTheDocument();
      939 |       });
      940 |

      at waitForWrapper (node_modules/.pnpm/@testing-library+dom@10.4.0/node_modules/@testing-library/dom/dist/wait-for.js:163:27)
      at Object.<anonymous> (src/components/student/__tests__/StudentMessaging.test.tsx:937:20)

  ● StudentMessaging › Message Actions › should report inappropriate message

    Found multiple elements with the text: Hello student!

    Here are the matching elements:

    Ignored nodes: comments, script, style
    [36m<p[39m
      [33mclass[39m=[32m"text-sm text-muted-foreground truncate"[39m
    [36m>[39m
      [0mHello student![0m
    [36m</p>[39m

    Ignored nodes: comments, script, style
    [36m<p[39m
      [33mclass[39m=[32m"text-sm"[39m
    [36m>[39m
      [0mHello student![0m
    [36m</p>[39m

    (If this is intentional, then use the `*AllBy*` variant of the query (like `queryAllByText`, `getAllByText`, or `findAllByText`)).

    Ignored nodes: comments, script, style
    [36m<body[39m
      [33mstyle[39m=[32m""[39m
    [36m>[39m
      [36m<div>[39m
        [36m<div[39m
          [33maria-label[39m=[32m"Messages"[39m
          [33mclass[39m=[32m"flex h-screen bg-background"[39m
        [36m>[39m
          [36m<div[39m
            [33maria-label[39m=[32m"Message updates"[39m
            [33maria-live[39m=[32m"polite"[39m
            [33mclass[39m=[32m"sr-only"[39m
            [33mrole[39m=[32m"log"[39m
          [36m/>[39m
          [36m<div[39m
            [33maria-label[39m=[32m"Conversations"[39m
            [33mclass[39m=[32m"w-80 border-r flex flex-col"[39m
          [36m>[39m
            [36m<div[39m
              [33mclass[39m=[32m"p-4 border-b"[39m
            [36m>[39m
              [36m<div[39m
                [33mclass[39m=[32m"flex items-center justify-between mb-4"[39m
              [36m>[39m
                [36m<h2[39m
                  [33mclass[39m=[32m"text-lg font-semibold"[39m
                [36m>[39m
                  [0mMessages[0m
                [36m</h2>[39m
                [36m<button[39m
                  [33maria-controls[39m=[32m"radix-:rf8:"[39m
                  [33maria-expanded[39m=[32m"false"[39m
                  [33maria-haspopup[39m=[32m"dialog"[39m
                  [33mclass[39m=[32m"inline-flex items-center justify-center whitespace-nowrap text-sm font-medium transition-all disabled:pointer-events-none disabled:opacity-50 [&_svg]:pointer-events-none [&_svg:not([class*='size-'])]:size-4 shrink-0 [&_svg]:shrink-0 outline-none focus-visible:border-ring focus-visible:ring-ring/50 focus-visible:ring-[3px] aria-invalid:ring-destructive/20 dark:aria-invalid:ring-destructive/40 aria-invalid:border-destructive bg-primary text-primary-foreground shadow-xs hover:bg-primary/90 h-8 rounded-md gap-1.5 px-3 has-[>svg]:px-2.5"[39m
                  [33mdata-slot[39m=[32m"button"[39m
                  [33mdata-state[39m=[32m"closed"[39m
                  [33mtype[39m=[32m"button"[39m
                [36m>[39m
                  [36m<svg[39m
                    [33maria-hidden[39m=[32m"true"[39m
                    [33mclass[39m=[32m"lucide lucide-plus h-4 w-4 mr-2"[39m
                    [33mfill[39m=[32m"none"[39m
                    [33mheight[39m=[32m"24"[39m
                    [33mstroke[39m=[32m"currentColor"[39m
                    [33mstroke-linecap[39m=[32m"round"[39m
                    [33mstroke-linejoin[39m=[32m"round"[39m
                    [33mstroke-width[39m=[32m"2"[39m
                    [33mviewBox[39m=[32m"0 0 24 24"[39m
                    [33mwidth[39m=[32m"24"[39m
                    [33mxmlns[39m=[32m"http://www.w3.org/2000/svg"[39m
                  [36m>[39m
                    [36m<path[39m
                      [33md[39m=[32m"M5 12h14"[39m
                    [36m/>[39m
                    [36m<path[39m
                      [33md[39m=[32m"M12 5v14"[39m
                    [36m/>[39m
                  [36m</svg>[39m
                  [0mNew Conversation[0m
                [36m</button>[39m
              [36m</div>[39m
              [36m<div[39m
                [33mclass[39m=[32m"relative"[39m
              [36m>[39m
                [36m<svg[39m
                  [33maria-hidden[39m=[32m"true"[39m
                  [33mclass[39m=[32m"lucide lucide-search absolute left-3 top-3 h-4 w-4 text-muted-foreground"[39m
                  [33mfill[39m=[32m"none"[39m
                  [33mheight[39m=[32m"24"[39m
                  [33mstroke[39m=[32m"currentColor"[39m
                  [33mstroke-linecap[39m=[32m"round"[39m
                  [33mstroke-linejoin[39m=[32m"round"[39m
                  [33mstroke-width[39m=[32m"2"[39m
                  [33mviewBox[39m=[32m"0 0 24 24"[39m
                  [33mwidth[39m=[32m"24"[39m
                  [33mxmlns[39m=[32m"http://www.w3.org/2000/svg"[39m
                [36m>[39m
                  [36m<path[39m
                    [33md[39m=[32m"m21 21-4.34-4.34"[39m
                  [36m/>[39m
                  [36m<circle[39m
                    [33mcx[39m=[32m"11"[39m
                    [33mcy[39m=[32m"11"[39m
                    [33mr[39m=[32m"8"[39m
                  [36m/>[39m
                [36m</svg>[39m
                [36m<input[39m
                  [33maria-label[39m=[32m"Search conversations"[39m
                  [33mclass[39m=[32m"file:text-foreground placeholder:text-muted-foreground selection:bg-primary selection:text-primary-foreground dark:bg-input/30 border-input flex h-9 w-full min-w-0 rounded-md border bg-transparent px-3 py-1 text-base shadow-xs transition-[color,box-shadow] outline-none file:inline-flex file:h-7 file:border-0 file:bg-transparent file:text-sm file:font-medium disabled:pointer-events-none disabled:cursor-not-allowed disabled:opacity-50 md:text-sm focus-visible:border-ring focus-visible:ring-ring/50 focus-visible:ring-[3px] aria-invalid:ring-destructive/20 dark:aria-invalid:ring-destructive/40 aria-invalid:border-destructive pl-9"[39m
                  [33mdata-slot[39m=[32m"input"[39m
                  [33mplaceholder[39m=[32m"Search conversations..."[39m
                  [33mvalue[39m=[32m""[39m
                [36m/>[39m
              [36m</div>[39m
            [36m</div>[39m
            [36m<div[39m
              [33mclass[39m=[32m"relative overflow-hidden flex-1"[39m
              [33mdir[39m=[32m"ltr"[39m
              [33mstyle[39m=[32m"position: relative; --radix-scroll-area-corner-width: 0px; --radix-scroll-area-corner-height: 0px;"[39m
            [36m>[39m
              [36m<div[39m
                [33mclass[39m=[32m"h-full w-full rounded-[inherit]"[39m
                [33mdata-radix-scroll-area-viewport[39m=[32m""[39m
                [33mstyle[39m=[32m"overflow-x: hidden; overflow-y: scroll;"[39m
              [36m>[39m
                [36m<div[39m
                  [33mstyle[39m=[32m"min-width: 100%; display: table;"[39m
                [36m>[39m
                  [36m<div[39m
                    [33mclass[39m=[32m"space-y-1 p-2"[39m
                  [36m>[39m
                    [36m<div[39m
                      [33mclass[39m=[32m"text-card-foreground flex flex-col gap-6 rounded-xl border py-6 shadow-sm cursor-pointer hover:bg-accent transition-colors bg-accent"[39m
                      [33mdata-slot[39m=[32m"card"[39m
                      [33mtabindex[39m=[32m"0"[39m
                    [36m>[39m
                      [36m<div[39m
                        [33mclass[39m=[32m"p-3"[39m
                        [33mdata-slot[39m=[32m"card-content"[39m
                      [36m>[39m
                        [36m<div[39m
                          [33mclass[39m=[32m"flex items-start gap-3"[39m
                        [36m>[39m
                          [36m<div[39m
                            [33mclass[39m=[32m"relative"[39m
                          [36m>[39m
                            [36m<span[39m
                              [33mclass[39m=[32m"relative flex size-8 shrink-0 overflow-hidden rounded-full h-10 w-10"[39m
                              [33mdata-slot[39m=[32m"avatar"[39m
                            [36m>[...

       998 |       await user.click(conversation);
       999 |
    > 1000 |       await waitFor(() => {
           |                    ^
      1001 |         expect(screen.getByText('Hello student!')).toBeInTheDocument();
      1002 |       });
      1003 |

      at waitForWrapper (node_modules/.pnpm/@testing-library+dom@10.4.0/node_modules/@testing-library/dom/dist/wait-for.js:163:27)
      at Object.<anonymous> (src/components/student/__tests__/StudentMessaging.test.tsx:1000:20)

  ● StudentMessaging › Group Messaging › should support group messaging for class discussions

    Found multiple elements with the text: 1 participant

    Here are the matching elements:

    Ignored nodes: comments, script, style
    [36m<p[39m
      [33mclass[39m=[32m"text-sm text-muted-foreground"[39m
    [36m>[39m
      [0m1[0m
      [0m participant[0m
    [36m</p>[39m

    Ignored nodes: comments, script, style
    [36m<p[39m
      [33mclass[39m=[32m"text-sm text-muted-foreground"[39m
    [36m>[39m
      [0m1 participant[0m
    [36m</p>[39m

    (If this is intentional, then use the `*AllBy*` variant of the query (like `queryAllByText`, `getAllByText`, or `findAllByText`)).

    Ignored nodes: comments, script, style
    [36m<body[39m
      [33mstyle[39m=[32m""[39m
    [36m>[39m
      [36m<div>[39m
        [36m<div[39m
          [33maria-label[39m=[32m"Messages"[39m
          [33mclass[39m=[32m"flex h-screen bg-background"[39m
        [36m>[39m
          [36m<div[39m
            [33maria-label[39m=[32m"Message updates"[39m
            [33maria-live[39m=[32m"polite"[39m
            [33mclass[39m=[32m"sr-only"[39m
            [33mrole[39m=[32m"log"[39m
          [36m/>[39m
          [36m<div[39m
            [33maria-label[39m=[32m"Conversations"[39m
            [33mclass[39m=[32m"w-80 border-r flex flex-col"[39m
          [36m>[39m
            [36m<div[39m
              [33mclass[39m=[32m"p-4 border-b"[39m
            [36m>[39m
              [36m<div[39m
                [33mclass[39m=[32m"flex items-center justify-between mb-4"[39m
              [36m>[39m
                [36m<h2[39m
                  [33mclass[39m=[32m"text-lg font-semibold"[39m
                [36m>[39m
                  [0mMessages[0m
                [36m</h2>[39m
                [36m<button[39m
                  [33maria-controls[39m=[32m"radix-:rg0:"[39m
                  [33maria-expanded[39m=[32m"false"[39m
                  [33maria-haspopup[39m=[32m"dialog"[39m
                  [33mclass[39m=[32m"inline-flex items-center justify-center whitespace-nowrap text-sm font-medium transition-all disabled:pointer-events-none disabled:opacity-50 [&_svg]:pointer-events-none [&_svg:not([class*='size-'])]:size-4 shrink-0 [&_svg]:shrink-0 outline-none focus-visible:border-ring focus-visible:ring-ring/50 focus-visible:ring-[3px] aria-invalid:ring-destructive/20 dark:aria-invalid:ring-destructive/40 aria-invalid:border-destructive bg-primary text-primary-foreground shadow-xs hover:bg-primary/90 h-8 rounded-md gap-1.5 px-3 has-[>svg]:px-2.5"[39m
                  [33mdata-slot[39m=[32m"button"[39m
                  [33mdata-state[39m=[32m"closed"[39m
                  [33mtype[39m=[32m"button"[39m
                [36m>[39m
                  [36m<svg[39m
                    [33maria-hidden[39m=[32m"true"[39m
                    [33mclass[39m=[32m"lucide lucide-plus h-4 w-4 mr-2"[39m
                    [33mfill[39m=[32m"none"[39m
                    [33mheight[39m=[32m"24"[39m
                    [33mstroke[39m=[32m"currentColor"[39m
                    [33mstroke-linecap[39m=[32m"round"[39m
                    [33mstroke-linejoin[39m=[32m"round"[39m
                    [33mstroke-width[39m=[32m"2"[39m
                    [33mviewBox[39m=[32m"0 0 24 24"[39m
                    [33mwidth[39m=[32m"24"[39m
                    [33mxmlns[39m=[32m"http://www.w3.org/2000/svg"[39m
                  [36m>[39m
                    [36m<path[39m
                      [33md[39m=[32m"M5 12h14"[39m
                    [36m/>[39m
                    [36m<path[39m
                      [33md[39m=[32m"M12 5v14"[39m
                    [36m/>[39m
                  [36m</svg>[39m
                  [0mNew Conversation[0m
                [36m</button>[39m
              [36m</div>[39m
              [36m<div[39m
                [33mclass[39m=[32m"relative"[39m
              [36m>[39m
                [36m<svg[39m
                  [33maria-hidden[39m=[32m"true"[39m
                  [33mclass[39m=[32m"lucide lucide-search absolute left-3 top-3 h-4 w-4 text-muted-foreground"[39m
                  [33mfill[39m=[32m"none"[39m
                  [33mheight[39m=[32m"24"[39m
                  [33mstroke[39m=[32m"currentColor"[39m
                  [33mstroke-linecap[39m=[32m"round"[39m
                  [33mstroke-linejoin[39m=[32m"round"[39m
                  [33mstroke-width[39m=[32m"2"[39m
                  [33mviewBox[39m=[32m"0 0 24 24"[39m
                  [33mwidth[39m=[32m"24"[39m
                  [33mxmlns[39m=[32m"http://www.w3.org/2000/svg"[39m
                [36m>[39m
                  [36m<path[39m
                    [33md[39m=[32m"m21 21-4.34-4.34"[39m
                  [36m/>[39m
                  [36m<circle[39m
                    [33mcx[39m=[32m"11"[39m
                    [33mcy[39m=[32m"11"[39m
                    [33mr[39m=[32m"8"[39m
                  [36m/>[39m
                [36m</svg>[39m
                [36m<input[39m
                  [33maria-label[39m=[32m"Search conversations"[39m
                  [33mclass[39m=[32m"file:text-foreground placeholder:text-muted-foreground selection:bg-primary selection:text-primary-foreground dark:bg-input/30 border-input flex h-9 w-full min-w-0 rounded-md border bg-transparent px-3 py-1 text-base shadow-xs transition-[color,box-shadow] outline-none file:inline-flex file:h-7 file:border-0 file:bg-transparent file:text-sm file:font-medium disabled:pointer-events-none disabled:cursor-not-allowed disabled:opacity-50 md:text-sm focus-visible:border-ring focus-visible:ring-ring/50 focus-visible:ring-[3px] aria-invalid:ring-destructive/20 dark:aria-invalid:ring-destructive/40 aria-invalid:border-destructive pl-9"[39m
                  [33mdata-slot[39m=[32m"input"[39m
                  [33mplaceholder[39m=[32m"Search conversations..."[39m
                  [33mvalue[39m=[32m""[39m
                [36m/>[39m
              [36m</div>[39m
            [36m</div>[39m
            [36m<div[39m
              [33mclass[39m=[32m"relative overflow-hidden flex-1"[39m
              [33mdir[39m=[32m"ltr"[39m
              [33mstyle[39m=[32m"position: relative; --radix-scroll-area-corner-width: 0px; --radix-scroll-area-corner-height: 0px;"[39m
            [36m>[39m
              [36m<div[39m
                [33mclass[39m=[32m"h-full w-full rounded-[inherit]"[39m
                [33mdata-radix-scroll-area-viewport[39m=[32m""[39m
                [33mstyle[39m=[32m"overflow-x: hidden; overflow-y: scroll;"[39m
              [36m>[39m
                [36m<div[39m
                  [33mstyle[39m=[32m"min-width: 100%; display: table;"[39m
                [36m>[39m
                  [36m<div[39m
                    [33mclass[39m=[32m"space-y-1 p-2"[39m
                  [36m>[39m
                    [36m<div[39m
                      [33mclass[39m=[32m"bg-card text-card-foreground flex flex-col gap-6 rounded-xl border py-6 shadow-sm cursor-pointer hover:bg-accent transition-colors"[39m
                      [33mdata-slot[39m=[32m"card"[39m
                      [33mtabindex[39m=[32m"0"[39m
                    [36m>[39m
                      [36m<div[39m
                        [33mclass[39m=[32m"p-3"[39m
                        [33mdata-slot[39m=[32m"card-content"[39m
                      [36m>[39m
                        [36m<div[39m
                          [33mclass[39m=[32m"flex items-start gap-3"[39m
                        [36m>[39m
                          [36m<div[39m
                            [33mclass[39m=[32m"relative"[39m
                          [36m>[39m
                            [36m<span[39m
                              [33mclass[39m=[32m"relative flex size-8 shrink-0 overflow-hidden rounded-full h-10 w-10"[39m
                              [33mdata-slot[39m=[32m"avatar"[39m
                            [36m>[39...

      1048 |       await user.click(groupConversation);
      1049 |
    > 1050 |       await waitFor(() => {
           |                    ^
      1051 |         expect(screen.getByText('Group Chat')).toBeInTheDocument();
      1052 |         expect(screen.getByText('1 participant')).toBeInTheDocument();
      1053 |       });

      at waitForWrapper (node_modules/.pnpm/@testing-library+dom@10.4.0/node_modules/@testing-library/dom/dist/wait-for.js:163:27)
      at Object.<anonymous> (src/components/student/__tests__/StudentMessaging.test.tsx:1050:20)

  ● StudentMessaging › Group Messaging › should show all participants in group chat

    Found multiple elements with the text: John Teacher

    Here are the matching elements:

    Ignored nodes: comments, script, style
    [36m<h3[39m
      [33mclass[39m=[32m"font-medium truncate"[39m
    [36m>[39m
      [0mJohn Teacher[0m
    [36m</h3>[39m

    Ignored nodes: comments, script, style
    [36m<p[39m
      [33mclass[39m=[32m"font-medium"[39m
    [36m>[39m
      [0mJohn Teacher[0m
    [36m</p>[39m

    (If this is intentional, then use the `*AllBy*` variant of the query (like `queryAllByText`, `getAllByText`, or `findAllByText`)).

    Ignored nodes: comments, script, style
    [36m<body[39m
      [33mdata-scroll-locked[39m=[32m"1"[39m
      [33mstyle[39m=[32m"pointer-events: none;"[39m
    [36m>[39m
      [36m<span[39m
        [33maria-hidden[39m=[32m"true"[39m
        [33mdata-aria-hidden[39m=[32m"true"[39m
        [33mdata-radix-focus-guard[39m=[32m""[39m
        [33mstyle[39m=[32m"outline: none; opacity: 0; position: fixed; pointer-events: none;"[39m
        [33mtabindex[39m=[32m"0"[39m
      [36m/>[39m
      [36m<div>[39m
        [36m<div[39m
          [33maria-label[39m=[32m"Messages"[39m
          [33mclass[39m=[32m"flex h-screen bg-background"[39m
        [36m>[39m
          [36m<div[39m
            [33maria-label[39m=[32m"Message updates"[39m
            [33maria-live[39m=[32m"polite"[39m
            [33mclass[39m=[32m"sr-only"[39m
            [33mrole[39m=[32m"log"[39m
          [36m/>[39m
          [36m<div[39m
            [33maria-hidden[39m=[32m"true"[39m
            [33maria-label[39m=[32m"Conversations"[39m
            [33mclass[39m=[32m"w-80 border-r flex flex-col"[39m
            [33mdata-aria-hidden[39m=[32m"true"[39m
          [36m>[39m
            [36m<div[39m
              [33mclass[39m=[32m"p-4 border-b"[39m
            [36m>[39m
              [36m<div[39m
                [33mclass[39m=[32m"flex items-center justify-between mb-4"[39m
              [36m>[39m
                [36m<h2[39m
                  [33mclass[39m=[32m"text-lg font-semibold"[39m
                [36m>[39m
                  [0mMessages[0m
                [36m</h2>[39m
                [36m<button[39m
                  [33maria-controls[39m=[32m"radix-:rgg:"[39m
                  [33maria-expanded[39m=[32m"false"[39m
                  [33maria-haspopup[39m=[32m"dialog"[39m
                  [33mclass[39m=[32m"inline-flex items-center justify-center whitespace-nowrap text-sm font-medium transition-all disabled:pointer-events-none disabled:opacity-50 [&_svg]:pointer-events-none [&_svg:not([class*='size-'])]:size-4 shrink-0 [&_svg]:shrink-0 outline-none focus-visible:border-ring focus-visible:ring-ring/50 focus-visible:ring-[3px] aria-invalid:ring-destructive/20 dark:aria-invalid:ring-destructive/40 aria-invalid:border-destructive bg-primary text-primary-foreground shadow-xs hover:bg-primary/90 h-8 rounded-md gap-1.5 px-3 has-[>svg]:px-2.5"[39m
                  [33mdata-slot[39m=[32m"button"[39m
                  [33mdata-state[39m=[32m"closed"[39m
                  [33mtype[39m=[32m"button"[39m
                [36m>[39m
                  [36m<svg[39m
                    [33maria-hidden[39m=[32m"true"[39m
                    [33mclass[39m=[32m"lucide lucide-plus h-4 w-4 mr-2"[39m
                    [33mfill[39m=[32m"none"[39m
                    [33mheight[39m=[32m"24"[39m
                    [33mstroke[39m=[32m"currentColor"[39m
                    [33mstroke-linecap[39m=[32m"round"[39m
                    [33mstroke-linejoin[39m=[32m"round"[39m
                    [33mstroke-width[39m=[32m"2"[39m
                    [33mviewBox[39m=[32m"0 0 24 24"[39m
                    [33mwidth[39m=[32m"24"[39m
                    [33mxmlns[39m=[32m"http://www.w3.org/2000/svg"[39m
                  [36m>[39m
                    [36m<path[39m
                      [33md[39m=[32m"M5 12h14"[39m
                    [36m/>[39m
                    [36m<path[39m
                      [33md[39m=[32m"M12 5v14"[39m
                    [36m/>[39m
                  [36m</svg>[39m
                  [0mNew Conversation[0m
                [36m</button>[39m
              [36m</div>[39m
              [36m<div[39m
                [33mclass[39m=[32m"relative"[39m
              [36m>[39m
                [36m<svg[39m
                  [33maria-hidden[39m=[32m"true"[39m
                  [33mclass[39m=[32m"lucide lucide-search absolute left-3 top-3 h-4 w-4 text-muted-foreground"[39m
                  [33mfill[39m=[32m"none"[39m
                  [33mheight[39m=[32m"24"[39m
                  [33mstroke[39m=[32m"currentColor"[39m
                  [33mstroke-linecap[39m=[32m"round"[39m
                  [33mstroke-linejoin[39m=[32m"round"[39m
                  [33mstroke-width[39m=[32m"2"[39m
                  [33mviewBox[39m=[32m"0 0 24 24"[39m
                  [33mwidth[39m=[32m"24"[39m
                  [33mxmlns[39m=[32m"http://www.w3.org/2000/svg"[39m
                [36m>[39m
                  [36m<path[39m
                    [33md[39m=[32m"m21 21-4.34-4.34"[39m
                  [36m/>[39m
                  [36m<circle[39m
                    [33mcx[39m=[32m"11"[39m
                    [33mcy[39m=[32m"11"[39m
                    [33mr[39m=[32m"8"[39m
                  [36m/>[39m
                [36m</svg>[39m
                [36m<input[39m
                  [33maria-label[39m=[32m"Search conversations"[39m
                  [33mclass[39m=[32m"file:text-foreground placeholder:text-muted-foreground selection:bg-primary selection:text-primary-foreground dark:bg-input/30 border-input flex h-9 w-full min-w-0 rounded-md border bg-transparent px-3 py-1 text-base shadow-xs transition-[color,box-shadow] outline-none file:inline-flex file:h-7 file:border-0 file:bg-transparent file:text-sm file:font-medium disabled:pointer-events-none disabled:cursor-not-allowed disabled:opacity-50 md:text-sm focus-visible:border-ring focus-visible:ring-ring/50 focus-visible:ring-[3px] aria-invalid:ring-destructive/20 dark:aria-invalid:ring-destructive/40 aria-invalid:border-destructive pl-9"[39m
                  [33mdata-slot[39m=[32m"input"[39m
                  [33mplaceholder[39m=[32m"Search conversations..."[39m
                  [33mvalue[39m=[32m""[39m
                [36m/>[39m
              [36m</div>[39m
            [36m</div>[39m
            [36m<div[39m
              [33mclass[39m=[32m"relative overflow-hidden flex-1"[39m
              [33mdir[39m=[32m"ltr"[39m
              [33mstyle[39m=[32m"position: relative; --radix-scroll-area-corner-width: 0px; --radix-scroll-area-corner-height: 0px;"[39m
            [36m>[39m
              [36m<div[39m
                [33mclass[39m=[32m"h-full w-full rounded-[inherit]"[39m
                [33mdata-radix-scroll-area-viewport[39m=[32m""[39m
                [33mstyle[39m=[32m"overflow-x: hidden; overflow-y: scroll;"[39m
              [36m>[39m
                [36m<div[39m
                  [33mstyle[39m=[32m"min-width: 100%; display: table;"[39m
                [36m>[39m
                  [36m<div[39m
                    [33mclass[39m=[32m"space-y-1 p-2"[39m
                  [36m>[39m
                    [36m<div[39m
                      [33mclass[39m=[32m"bg-card text-card-foreground flex flex-col gap-6 rounded-xl border py-6 shadow-sm cursor-pointer hover:bg-accent transition-colors"[39m
                      [33mdata-slot[39m=[32m"card"[39m
                      [33mtabindex[39m=[32m"0"[39m
                    [36m>[39m
                      [36m<div[39m
                        [33mclass[39m=[32m"p-3"[39m
                        [33mdata-slot[39m=[32m"card-content"[39m
                      [36m>[39m
                        [36m<div[39m
                          [3...

      1113 |       await user.click(viewParticipantsBtn);
      1114 |
    > 1115 |       await waitFor(() => {
           |                    ^
      1116 |         expect(screen.getByText('Jane Student')).toBeInTheDocument();
      1117 |         expect(screen.getByText('Bob Student')).toBeInTheDocument();
      1118 |         expect(screen.getByText('John Teacher')).toBeInTheDocument();

      at waitForWrapper (node_modules/.pnpm/@testing-library+dom@10.4.0/node_modules/@testing-library/dom/dist/wait-for.js:163:27)
      at Object.<anonymous> (src/components/student/__tests__/StudentMessaging.test.tsx:1115:20)

  ● StudentMessaging › Accessibility › should support keyboard navigation

    Found multiple elements with the text: Hello student!

    Here are the matching elements:

    Ignored nodes: comments, script, style
    [36m<p[39m
      [33mclass[39m=[32m"text-sm text-muted-foreground truncate"[39m
    [36m>[39m
      [0mHello student![0m
    [36m</p>[39m

    Ignored nodes: comments, script, style
    [36m<p[39m
      [33mclass[39m=[32m"text-sm"[39m
    [36m>[39m
      [0mHello student![0m
    [36m</p>[39m

    (If this is intentional, then use the `*AllBy*` variant of the query (like `queryAllByText`, `getAllByText`, or `findAllByText`)).

    Ignored nodes: comments, script, style
    [36m<body[39m
      [33mstyle[39m=[32m""[39m
    [36m>[39m
      [36m<div>[39m
        [36m<div[39m
          [33maria-label[39m=[32m"Messages"[39m
          [33mclass[39m=[32m"flex h-screen bg-background"[39m
        [36m>[39m
          [36m<div[39m
            [33maria-label[39m=[32m"Message updates"[39m
            [33maria-live[39m=[32m"polite"[39m
            [33mclass[39m=[32m"sr-only"[39m
            [33mrole[39m=[32m"log"[39m
          [36m/>[39m
          [36m<div[39m
            [33maria-label[39m=[32m"Conversations"[39m
            [33mclass[39m=[32m"w-80 border-r flex flex-col"[39m
          [36m>[39m
            [36m<div[39m
              [33mclass[39m=[32m"p-4 border-b"[39m
            [36m>[39m
              [36m<div[39m
                [33mclass[39m=[32m"flex items-center justify-between mb-4"[39m
              [36m>[39m
                [36m<h2[39m
                  [33mclass[39m=[32m"text-lg font-semibold"[39m
                [36m>[39m
                  [0mMessages[0m
                [36m</h2>[39m
                [36m<button[39m
                  [33maria-controls[39m=[32m"radix-:rhc:"[39m
                  [33maria-expanded[39m=[32m"false"[39m
                  [33maria-haspopup[39m=[32m"dialog"[39m
                  [33mclass[39m=[32m"inline-flex items-center justify-center whitespace-nowrap text-sm font-medium transition-all disabled:pointer-events-none disabled:opacity-50 [&_svg]:pointer-events-none [&_svg:not([class*='size-'])]:size-4 shrink-0 [&_svg]:shrink-0 outline-none focus-visible:border-ring focus-visible:ring-ring/50 focus-visible:ring-[3px] aria-invalid:ring-destructive/20 dark:aria-invalid:ring-destructive/40 aria-invalid:border-destructive bg-primary text-primary-foreground shadow-xs hover:bg-primary/90 h-8 rounded-md gap-1.5 px-3 has-[>svg]:px-2.5"[39m
                  [33mdata-slot[39m=[32m"button"[39m
                  [33mdata-state[39m=[32m"closed"[39m
                  [33mtype[39m=[32m"button"[39m
                [36m>[39m
                  [36m<svg[39m
                    [33maria-hidden[39m=[32m"true"[39m
                    [33mclass[39m=[32m"lucide lucide-plus h-4 w-4 mr-2"[39m
                    [33mfill[39m=[32m"none"[39m
                    [33mheight[39m=[32m"24"[39m
                    [33mstroke[39m=[32m"currentColor"[39m
                    [33mstroke-linecap[39m=[32m"round"[39m
                    [33mstroke-linejoin[39m=[32m"round"[39m
                    [33mstroke-width[39m=[32m"2"[39m
                    [33mviewBox[39m=[32m"0 0 24 24"[39m
                    [33mwidth[39m=[32m"24"[39m
                    [33mxmlns[39m=[32m"http://www.w3.org/2000/svg"[39m
                  [36m>[39m
                    [36m<path[39m
                      [33md[39m=[32m"M5 12h14"[39m
                    [36m/>[39m
                    [36m<path[39m
                      [33md[39m=[32m"M12 5v14"[39m
                    [36m/>[39m
                  [36m</svg>[39m
                  [0mNew Conversation[0m
                [36m</button>[39m
              [36m</div>[39m
              [36m<div[39m
                [33mclass[39m=[32m"relative"[39m
              [36m>[39m
                [36m<svg[39m
                  [33maria-hidden[39m=[32m"true"[39m
                  [33mclass[39m=[32m"lucide lucide-search absolute left-3 top-3 h-4 w-4 text-muted-foreground"[39m
                  [33mfill[39m=[32m"none"[39m
                  [33mheight[39m=[32m"24"[39m
                  [33mstroke[39m=[32m"currentColor"[39m
                  [33mstroke-linecap[39m=[32m"round"[39m
                  [33mstroke-linejoin[39m=[32m"round"[39m
                  [33mstroke-width[39m=[32m"2"[39m
                  [33mviewBox[39m=[32m"0 0 24 24"[39m
                  [33mwidth[39m=[32m"24"[39m
                  [33mxmlns[39m=[32m"http://www.w3.org/2000/svg"[39m
                [36m>[39m
                  [36m<path[39m
                    [33md[39m=[32m"m21 21-4.34-4.34"[39m
                  [36m/>[39m
                  [36m<circle[39m
                    [33mcx[39m=[32m"11"[39m
                    [33mcy[39m=[32m"11"[39m
                    [33mr[39m=[32m"8"[39m
                  [36m/>[39m
                [36m</svg>[39m
                [36m<input[39m
                  [33maria-label[39m=[32m"Search conversations"[39m
                  [33mclass[39m=[32m"file:text-foreground placeholder:text-muted-foreground selection:bg-primary selection:text-primary-foreground dark:bg-input/30 border-input flex h-9 w-full min-w-0 rounded-md border bg-transparent px-3 py-1 text-base shadow-xs transition-[color,box-shadow] outline-none file:inline-flex file:h-7 file:border-0 file:bg-transparent file:text-sm file:font-medium disabled:pointer-events-none disabled:cursor-not-allowed disabled:opacity-50 md:text-sm focus-visible:border-ring focus-visible:ring-ring/50 focus-visible:ring-[3px] aria-invalid:ring-destructive/20 dark:aria-invalid:ring-destructive/40 aria-invalid:border-destructive pl-9"[39m
                  [33mdata-slot[39m=[32m"input"[39m
                  [33mplaceholder[39m=[32m"Search conversations..."[39m
                  [33mvalue[39m=[32m""[39m
                [36m/>[39m
              [36m</div>[39m
            [36m</div>[39m
            [36m<div[39m
              [33mclass[39m=[32m"relative overflow-hidden flex-1"[39m
              [33mdir[39m=[32m"ltr"[39m
              [33mstyle[39m=[32m"position: relative; --radix-scroll-area-corner-width: 0px; --radix-scroll-area-corner-height: 0px;"[39m
            [36m>[39m
              [36m<div[39m
                [33mclass[39m=[32m"h-full w-full rounded-[inherit]"[39m
                [33mdata-radix-scroll-area-viewport[39m=[32m""[39m
                [33mstyle[39m=[32m"overflow-x: hidden; overflow-y: scroll;"[39m
              [36m>[39m
                [36m<div[39m
                  [33mstyle[39m=[32m"min-width: 100%; display: table;"[39m
                [36m>[39m
                  [36m<div[39m
                    [33mclass[39m=[32m"space-y-1 p-2"[39m
                  [36m>[39m
                    [36m<div[39m
                      [33mclass[39m=[32m"text-card-foreground flex flex-col gap-6 rounded-xl border py-6 shadow-sm cursor-pointer hover:bg-accent transition-colors bg-accent"[39m
                      [33mdata-slot[39m=[32m"card"[39m
                      [33mtabindex[39m=[32m"0"[39m
                    [36m>[39m
                      [36m<div[39m
                        [33mclass[39m=[32m"p-3"[39m
                        [33mdata-slot[39m=[32m"card-content"[39m
                      [36m>[39m
                        [36m<div[39m
                          [33mclass[39m=[32m"flex items-start gap-3"[39m
                        [36m>[39m
                          [36m<div[39m
                            [33mclass[39m=[32m"relative"[39m
                          [36m>[39m
                            [36m<span[39m
                              [33mclass[39m=[32m"relative flex size-8 shrink-0 overflow-hidden rounded-full h-10 w-10"[39m
                              [33mdata-slot[39m=[32m"avatar"[39m
                            [36m>[...

      1155 |       await user.click(conversation);
      1156 |
    > 1157 |       await waitFor(() => {
           |                    ^
      1158 |         expect(screen.getByText('Hello student!')).toBeInTheDocument();
      1159 |       });
      1160 |

      at waitForWrapper (node_modules/.pnpm/@testing-library+dom@10.4.0/node_modules/@testing-library/dom/dist/wait-for.js:163:27)
      at Object.<anonymous> (src/components/student/__tests__/StudentMessaging.test.tsx:1157:20)

  ● StudentMessaging › Error Handling › should handle message send failure

    expect(jest.fn()).toHaveBeenCalledWith(...expected)

    - Expected
    + Received

      Object {
    -   "description": "Network error",
    +   "description": "supabase.from(...).insert(...).select is not a function",
        "title": "Failed to send message",
        "variant": "destructive",
      },

    Number of calls: 1

    Ignored nodes: comments, script, style
    [36m<html>[39m
      [36m<head />[39m
      [36m<body[39m
        [33mstyle[39m=[32m""[39m
      [36m>[39m
        [36m<div>[39m
          [36m<div[39m
            [33maria-label[39m=[32m"Messages"[39m
            [33mclass[39m=[32m"flex h-screen bg-background"[39m
          [36m>[39m
            [36m<div[39m
              [33maria-label[39m=[32m"Message updates"[39m
              [33maria-live[39m=[32m"polite"[39m
              [33mclass[39m=[32m"sr-only"[39m
              [33mrole[39m=[32m"log"[39m
            [36m/>[39m
            [36m<div[39m
              [33maria-label[39m=[32m"Conversations"[39m
              [33mclass[39m=[32m"w-80 border-r flex flex-col"[39m
            [36m>[39m
              [36m<div[39m
                [33mclass[39m=[32m"p-4 border-b"[39m
              [36m>[39m
                [36m<div[39m
                  [33mclass[39m=[32m"flex items-center justify-between mb-4"[39m
                [36m>[39m
                  [36m<h2[39m
                    [33mclass[39m=[32m"text-lg font-semibold"[39m
                  [36m>[39m
                    [0mMessages[0m
                  [36m</h2>[39m
                  [36m<button[39m
                    [33maria-controls[39m=[32m"radix-:ris:"[39m
                    [33maria-expanded[39m=[32m"false"[39m
                    [33maria-haspopup[39m=[32m"dialog"[39m
                    [33mclass[39m=[32m"inline-flex items-center justify-center whitespace-nowrap text-sm font-medium transition-all disabled:pointer-events-none disabled:opacity-50 [&_svg]:pointer-events-none [&_svg:not([class*='size-'])]:size-4 shrink-0 [&_svg]:shrink-0 outline-none focus-visible:border-ring focus-visible:ring-ring/50 focus-visible:ring-[3px] aria-invalid:ring-destructive/20 dark:aria-invalid:ring-destructive/40 aria-invalid:border-destructive bg-primary text-primary-foreground shadow-xs hover:bg-primary/90 h-8 rounded-md gap-1.5 px-3 has-[>svg]:px-2.5"[39m
                    [33mdata-slot[39m=[32m"button"[39m
                    [33mdata-state[39m=[32m"closed"[39m
                    [33mtype[39m=[32m"button"[39m
                  [36m>[39m
                    [36m<svg[39m
                      [33maria-hidden[39m=[32m"true"[39m
                      [33mclass[39m=[32m"lucide lucide-plus h-4 w-4 mr-2"[39m
                      [33mfill[39m=[32m"none"[39m
                      [33mheight[39m=[32m"24"[39m
                      [33mstroke[39m=[32m"currentColor"[39m
                      [33mstroke-linecap[39m=[32m"round"[39m
                      [33mstroke-linejoin[39m=[32m"round"[39m
                      [33mstroke-width[39m=[32m"2"[39m
                      [33mviewBox[39m=[32m"0 0 24 24"[39m
                      [33mwidth[39m=[32m"24"[39m
                      [33mxmlns[39m=[32m"http://www.w3.org/2000/svg"[39m
                    [36m>[39m
                      [36m<path[39m
                        [33md[39m=[32m"M5 12h14"[39m
                      [36m/>[39m
                      [36m<path[39m
                        [33md[39m=[32m"M12 5v14"[39m
                      [36m/>[39m
                    [36m</svg>[39m
                    [0mNew Conversation[0m
                  [36m</button>[39m
                [36m</div>[39m
                [36m<div[39m
                  [33mclass[39m=[32m"relative"[39m
                [36m>[39m
                  [36m<svg[39m
                    [33maria-hidden[39m=[32m"true"[39m
                    [33mclass[39m=[32m"lucide lucide-search absolute left-3 top-3 h-4 w-4 text-muted-foreground"[39m
                    [33mfill[39m=[32m"none"[39m
                    [33mheight[39m=[32m"24"[39m
                    [33mstroke[39m=[32m"currentColor"[39m
                    [33mstroke-linecap[39m=[32m"round"[39m
                    [33mstroke-linejoin[39m=[32m"round"[39m
                    [33mstroke-width[39m=[32m"2"[39m
                    [33mviewBox[39m=[32m"0 0 24 24"[39m
                    [33mwidth[39m=[32m"24"[39m
                    [33mxmlns[39m=[32m"http://www.w3.org/2000/svg"[39m
                  [36m>[39m
                    [36m<path[39m
                      [33md[39m=[32m"m21 21-4.34-4.34"[39m
                    [36m/>[39m
                    [36m<circle[39m
                      [33mcx[39m=[32m"11"[39m
                      [33mcy[39m=[32m"11"[39m
                      [33mr[39m=[32m"8"[39m
                    [36m/>[39m
                  [36m</svg>[39m
                  [36m<input[39m
                    [33maria-label[39m=[32m"Search conversations"[39m
                    [33mclass[39m=[32m"file:text-foreground placeholder:text-muted-foreground selection:bg-primary selection:text-primary-foreground dark:bg-input/30 border-input flex h-9 w-full min-w-0 rounded-md border bg-transparent px-3 py-1 text-base shadow-xs transition-[color,box-shadow] outline-none file:inline-flex file:h-7 file:border-0 file:bg-transparent file:text-sm file:font-medium disabled:pointer-events-none disabled:cursor-not-allowed disabled:opacity-50 md:text-sm focus-visible:border-ring focus-visible:ring-ring/50 focus-visible:ring-[3px] aria-invalid:ring-destructive/20 dark:aria-invalid:ring-destructive/40 aria-invalid:border-destructive pl-9"[39m
                    [33mdata-slot[39m=[32m"input"[39m
                    [33mplaceholder[39m=[32m"Search conversations..."[39m
                    [33mvalue[39m=[32m""[39m
                  [36m/>[39m
                [36m</div>[39m
              [36m</div>[39m
              [36m<div[39m
                [33mclass[39m=[32m"relative overflow-hidden flex-1"[39m
                [33mdir[39m=[32m"ltr"[39m
                [33mstyle[39m=[32m"position: relative; --radix-scroll-area-corner-width: 0px; --radix-scroll-area-corner-height: 0px;"[39m
              [36m>[39m
                [36m<div[39m
                  [33mclass[39m=[32m"h-full w-full rounded-[inherit]"[39m
                  [33mdata-radix-scroll-area-viewport[39m=[32m""[39m
                  [33mstyle[39m=[32m"overflow-x: hidden; overflow-y: scroll;"[39m
                [36m>[39m
                  [36m<div[39m
                    [33mstyle[39m=[32m"min-width: 100%; display: table;"[39m
                  [36m>[39m
                    [36m<div[39m
                      [33mclass[39m=[32m"space-y-1 p-2"[39m
                    [36m>[39m
                      [36m<div[39m
                        [33mclass[39m=[32m"text-card-foreground flex flex-col gap-6 rounded-xl border py-6 shadow-sm cursor-pointer hover:bg-accent transition-colors bg-accent"[39m
                        [33mdata-slot[39m=[32m"card"[39m
                        [33mtabindex[39m=[32m"0"[39m
                      [36m>[39m
                        [36m<div[39m
                          [33mclass[39m=[32m"p-3"[39m
                          [33mdata-slot[39m=[32m"card-content"[39m
                        [36m>[39m
                          [36m<div[39m
                            [33mclass[39m=[32m"flex items-start gap-3"[39m
                          [36m>[39m
                            [36m<div[39m
                              [33mclass[39m=[32m"relative"[39m
          ...

      1228 |
      1229 |       await waitFor(() => {
    > 1230 |         expect(toast).toHaveBeenCalledWith({
           |                       ^
      1231 |           title: 'Failed to send message',
      1232 |           description: 'Network error',
      1233 |           variant: 'destructive',

      at toHaveBeenCalledWith (src/components/student/__tests__/StudentMessaging.test.tsx:1230:23)
      at runWithExpensiveErrorDiagnosticsDisabled (node_modules/.pnpm/@testing-library+dom@10.4.0/node_modules/@testing-library/dom/dist/config.js:47:12)
      at checkCallback (node_modules/.pnpm/@testing-library+dom@10.4.0/node_modules/@testing-library/dom/dist/wait-for.js:124:77)
      at checkRealTimersCallback (node_modules/.pnpm/@testing-library+dom@10.4.0/node_modules/@testing-library/dom/dist/wait-for.js:118:16)
      at Timeout.task [as _onTimeout] (node_modules/.pnpm/jsdom@26.1.0/node_modules/jsdom/lib/jsdom/browser/Window.js:579:19)

FAIL src/lib/services/__tests__/content-analysis-service.test.ts (24.354 s)
  ● ContentAnalysisService › analyzeStudentProgress › should analyze student progress correctly

    expect(received).toBeGreaterThan(expected)

    Expected: > 0
    Received:   0

      171 |       expect(progress).toBeDefined();
      172 |       expect(Array.isArray(progress)).toBe(true);
    > 173 |       expect(progress.length).toBeGreaterThan(0);
          |                               ^
      174 |
      175 |       const firstProgress = progress[0];
      176 |       expect(firstProgress.student_id).toBe('student1');

      at Object.toBeGreaterThan (src/lib/services/__tests__/content-analysis-service.test.ts:173:31)

  ● ContentAnalysisService › analyzeStudentProgress › should calculate learning pace correctly based on completion history

    TypeError: Cannot read properties of undefined (reading 'learning_pace')

      188 |       const firstProgress = progress[0];
      189 |
    > 190 |       expect(['slow', 'average', 'fast']).toContain(firstProgress.learning_pace);
          |                                                                   ^
      191 |     });
      192 |
      193 |     it('should identify struggling and mastered topics', async () => {

      at Object.learning_pace (src/lib/services/__tests__/content-analysis-service.test.ts:190:67)

  ● ContentAnalysisService › analyzeStudentProgress › should identify struggling and mastered topics

    TypeError: Cannot read properties of undefined (reading 'struggling_topics')

      195 |       const firstProgress = progress[0];
      196 |
    > 197 |       expect(firstProgress.struggling_topics).toEqual(expect.arrayContaining(['grammar']));
          |                            ^
      198 |       expect(firstProgress.mastered_topics).toEqual(expect.arrayContaining(['vocabulary']));
      199 |     });
      200 |

      at Object.struggling_topics (src/lib/services/__tests__/content-analysis-service.test.ts:197:28)

  ● ContentAnalysisService › identifyUnlearnedContent › should identify unlearned content for a student

    expect(received).toBeGreaterThan(expected)

    Expected: > 0
    Received:   0

      225 |       expect(unlearnedContent).toBeDefined();
      226 |       expect(Array.isArray(unlearnedContent)).toBe(true);
    > 227 |       expect(unlearnedContent.length).toBeGreaterThan(0);
          |                                       ^
      228 |
      229 |       const firstUnlearned = unlearnedContent[0];
      230 |       expect(firstUnlearned.student_id).toBe('student1');

      at Object.toBeGreaterThan (src/lib/services/__tests__/content-analysis-service.test.ts:227:39)

  ● ContentAnalysisService › generateLearningAnalytics › should generate comprehensive learning analytics

    TypeError: _supabase.supabase.from(...).select(...).eq(...).single is not a function

      169 |         .select("*")
      170 |         .eq("id", studentId)
    > 171 |         .single();
          |          ^
      172 |
      173 |       if (!student) throw new Error("Student not found");
      174 |

      at single (src/lib/services/content-analysis-service.ts:171:10)
      at fn (src/lib/services/crud-service.ts:284:20)
      at Object.<anonymous> (src/lib/services/__tests__/content-analysis-service.test.ts:287:25)

  ● ContentAnalysisService › generateLearningAnalytics › should calculate learning velocity based on attendance history

    TypeError: _supabase.supabase.from(...).select(...).eq(...).single is not a function

      169 |         .select("*")
      170 |         .eq("id", studentId)
    > 171 |         .single();
          |          ^
      172 |
      173 |       if (!student) throw new Error("Student not found");
      174 |

      at single (src/lib/services/content-analysis-service.ts:171:10)
      at fn (src/lib/services/crud-service.ts:284:20)
      at Object.<anonymous> (src/lib/services/__tests__/content-analysis-service.test.ts:308:25)

  ● ContentAnalysisService › generateLearningAnalytics › should calculate retention rate from feedback data

    TypeError: _supabase.supabase.from(...).select(...).eq(...).single is not a function

      169 |         .select("*")
      170 |         .eq("id", studentId)
    > 171 |         .single();
          |          ^
      172 |
      173 |       if (!student) throw new Error("Student not found");
      174 |

      at single (src/lib/services/content-analysis-service.ts:171:10)
      at fn (src/lib/services/crud-service.ts:284:20)
      at Object.<anonymous> (src/lib/services/__tests__/content-analysis-service.test.ts:315:25)

  ● ContentAnalysisService › generateLearningAnalytics › should identify optimal class size based on performance history

    TypeError: _supabase.supabase.from(...).select(...).eq(...).single is not a function

      169 |         .select("*")
      170 |         .eq("id", studentId)
    > 171 |         .single();
          |          ^
      172 |
      173 |       if (!student) throw new Error("Student not found");
      174 |

      at single (src/lib/services/content-analysis-service.ts:171:10)
      at fn (src/lib/services/crud-service.ts:284:20)
      at Object.<anonymous> (src/lib/services/__tests__/content-analysis-service.test.ts:323:25)

  ● ContentAnalysisService › generateLearningAnalytics › should identify best time slots from attendance patterns

    TypeError: _supabase.supabase.from(...).select(...).eq(...).single is not a function

      169 |         .select("*")
      170 |         .eq("id", studentId)
    > 171 |         .single();
          |          ^
      172 |
      173 |       if (!student) throw new Error("Student not found");
      174 |

      at single (src/lib/services/content-analysis-service.ts:171:10)
      at fn (src/lib/services/crud-service.ts:284:20)
      at Object.<anonymous> (src/lib/services/__tests__/content-analysis-service.test.ts:331:25)

  ● ContentAnalysisService › generateLearningAnalytics › should analyze topic performance accurately

    TypeError: _supabase.supabase.from(...).select(...).eq(...).single is not a function

      169 |         .select("*")
      170 |         .eq("id", studentId)
    > 171 |         .single();
          |          ^
      172 |
      173 |       if (!student) throw new Error("Student not found");
      174 |

      at single (src/lib/services/content-analysis-service.ts:171:10)
      at fn (src/lib/services/crud-service.ts:284:20)
      at Object.<anonymous> (src/lib/services/__tests__/content-analysis-service.test.ts:346:25)

  ● ContentAnalysisService › Error handling and edge cases › should handle database errors gracefully

    expect(received).rejects.toThrow()

    Received promise resolved instead of rejected
    Resolved to value: []

      439 |       require('@/lib/supabase').supabase.from = mockErrorFrom;
      440 |
    > 441 |       await expect(
          |             ^
      442 |         contentAnalysisService.analyzeStudentProgress('student1')
      443 |       ).rejects.toThrow('Database error');
      444 |     });

      at expect (node_modules/.pnpm/expect@30.0.2/node_modules/expect/build/index.js:2113:15)
      at Object.expect (src/lib/services/__tests__/content-analysis-service.test.ts:441:13)

  ● ContentAnalysisService › Error handling and edge cases › should handle empty feedback and attendance data

    TypeError: _supabase.supabase.from(...).select(...).eq(...).single is not a function

      169 |         .select("*")
      170 |         .eq("id", studentId)
    > 171 |         .single();
          |          ^
      172 |
      173 |       if (!student) throw new Error("Student not found");
      174 |

      at single (src/lib/services/content-analysis-service.ts:171:10)
      at fn (src/lib/services/crud-service.ts:284:20)
      at Object.<anonymous> (src/lib/services/__tests__/content-analysis-service.test.ts:473:25)

FAIL src/lib/services/__tests__/class-recommendation-service.test.ts (24.146 s)
  ● ClassRecommendationService › generateAlternativeRecommendations › should generate alternative recommendations when preferred class is full

    TypeError: Cannot read properties of undefined (reading 'optimal_class_size')

      809 |     const analytics = await contentAnalysisService.generateLearningAnalytics(studentId);
      810 |     return {
    > 811 |       optimalClassSize: analytics.optimal_class_size,
          |                                   ^
      812 |       preferredLearningStyle: analytics.preferred_learning_style,
      813 |       bestTimeSlots: analytics.best_time_slots,
      814 |       peerCompatibility: analytics.peer_compatibility,

      at ClassRecommendationService.optimal_class_size [as getStudentPreferences] (src/lib/services/class-recommendation-service.ts:811:35)
      at src/lib/services/class-recommendation-service.ts:171:34
      at withRetry (src/lib/services/crud-service.ts:284:14)
      at Object.<anonymous> (src/lib/services/__tests__/class-recommendation-service.test.ts:180:31)

  ● ClassRecommendationService › generateAlternativeRecommendations › should handle empty alternative classes gracefully

    TypeError: Cannot read properties of undefined (reading 'optimal_class_size')

      809 |     const analytics = await contentAnalysisService.generateLearningAnalytics(studentId);
      810 |     return {
    > 811 |       optimalClassSize: analytics.optimal_class_size,
          |                                   ^
      812 |       preferredLearningStyle: analytics.preferred_learning_style,
      813 |       bestTimeSlots: analytics.best_time_slots,
      814 |       peerCompatibility: analytics.peer_compatibility,

      at ClassRecommendationService.optimal_class_size [as getStudentPreferences] (src/lib/services/class-recommendation-service.ts:811:35)
      at src/lib/services/class-recommendation-service.ts:171:34
      at withRetry (src/lib/services/crud-service.ts:284:14)
      at Object.<anonymous> (src/lib/services/__tests__/class-recommendation-service.test.ts:221:31)

  ● ClassRecommendationService › generateAlternativeRecommendations › should prioritize recommendations by score and confidence

    TypeError: Cannot read properties of undefined (reading 'optimal_class_size')

      809 |     const analytics = await contentAnalysisService.generateLearningAnalytics(studentId);
      810 |     return {
    > 811 |       optimalClassSize: analytics.optimal_class_size,
          |                                   ^
      812 |       preferredLearningStyle: analytics.preferred_learning_style,
      813 |       bestTimeSlots: analytics.best_time_slots,
      814 |       peerCompatibility: analytics.peer_compatibility,

      at ClassRecommendationService.optimal_class_size [as getStudentPreferences] (src/lib/services/class-recommendation-service.ts:811:35)
      at src/lib/services/class-recommendation-service.ts:171:34
      at withRetry (src/lib/services/crud-service.ts:284:14)
      at Object.<anonymous> (src/lib/services/__tests__/class-recommendation-service.test.ts:262:31)

  ● ClassRecommendationService › generateAlternativeRecommendations › should include waitlist recommendations when requested

    TypeError: Cannot read properties of undefined (reading 'optimal_class_size')

      809 |     const analytics = await contentAnalysisService.generateLearningAnalytics(studentId);
      810 |     return {
    > 811 |       optimalClassSize: analytics.optimal_class_size,
          |                                   ^
      812 |       preferredLearningStyle: analytics.preferred_learning_style,
      813 |       bestTimeSlots: analytics.best_time_slots,
      814 |       peerCompatibility: analytics.peer_compatibility,

      at ClassRecommendationService.optimal_class_size [as getStudentPreferences] (src/lib/services/class-recommendation-service.ts:811:35)
      at src/lib/services/class-recommendation-service.ts:171:34
      at withRetry (src/lib/services/crud-service.ts:284:14)
      at Object.<anonymous> (src/lib/services/__tests__/class-recommendation-service.test.ts:309:31)

  ● ClassRecommendationService › Score calculation › should calculate realistic scores for different scenarios

    TypeError: Cannot read properties of undefined (reading 'optimal_class_size')

      809 |     const analytics = await contentAnalysisService.generateLearningAnalytics(studentId);
      810 |     return {
    > 811 |       optimalClassSize: analytics.optimal_class_size,
          |                                   ^
      812 |       preferredLearningStyle: analytics.preferred_learning_style,
      813 |       bestTimeSlots: analytics.best_time_slots,
      814 |       peerCompatibility: analytics.peer_compatibility,

      at ClassRecommendationService.optimal_class_size [as getStudentPreferences] (src/lib/services/class-recommendation-service.ts:811:35)
      at src/lib/services/class-recommendation-service.ts:171:34
      at withRetry (src/lib/services/crud-service.ts:284:14)
      at Object.<anonymous> (src/lib/services/__tests__/class-recommendation-service.test.ts:359:31)

  ● ClassRecommendationService › Error handling › should handle database errors gracefully

    TypeError: Cannot read properties of undefined (reading 'optimal_class_size')

      809 |     const analytics = await contentAnalysisService.generateLearningAnalytics(studentId);
      810 |     return {
    > 811 |       optimalClassSize: analytics.optimal_class_size,
          |                                   ^
      812 |       preferredLearningStyle: analytics.preferred_learning_style,
      813 |       bestTimeSlots: analytics.best_time_slots,
      814 |       peerCompatibility: analytics.peer_compatibility,

      at ClassRecommendationService.optimal_class_size [as getStudentPreferences] (src/lib/services/class-recommendation-service.ts:811:35)
      at src/lib/services/class-recommendation-service.ts:171:34
      at withRetry (src/lib/services/crud-service.ts:284:14)
      at Object.<anonymous> (src/lib/services/__tests__/class-recommendation-service.test.ts:390:31)

  ● ClassRecommendationService › Error handling › should handle missing preferred class

    expect(received).rejects.toThrow(expected)

    Expected substring: "Preferred class non-existent-class not found"
    Received message:   "Cannot read properties of undefined (reading 'optimal_class_size')"

          809 |     const analytics = await contentAnalysisService.generateLearningAnalytics(studentId);
          810 |     return {
        > 811 |       optimalClassSize: analytics.optimal_class_size,
              |                                   ^
          812 |       preferredLearningStyle: analytics.preferred_learning_style,
          813 |       bestTimeSlots: analytics.best_time_slots,
          814 |       peerCompatibility: analytics.peer_compatibility,

      at ClassRecommendationService.optimal_class_size [as getStudentPreferences] (src/lib/services/class-recommendation-service.ts:811:35)
      at src/lib/services/class-recommendation-service.ts:171:34
      at withRetry (src/lib/services/crud-service.ts:284:14)
      at Object.<anonymous> (src/lib/services/__tests__/class-recommendation-service.test.ts:416:7)
      at Object.toThrow (node_modules/.pnpm/expect@30.0.2/node_modules/expect/build/index.js:2151:20)
      at Object.toThrow (src/lib/services/__tests__/class-recommendation-service.test.ts:418:17)

  ● ClassRecommendationService › Recommendation types › should generate different types of recommendations

    TypeError: Cannot read properties of undefined (reading 'optimal_class_size')

      809 |     const analytics = await contentAnalysisService.generateLearningAnalytics(studentId);
      810 |     return {
    > 811 |       optimalClassSize: analytics.optimal_class_size,
          |                                   ^
      812 |       preferredLearningStyle: analytics.preferred_learning_style,
      813 |       bestTimeSlots: analytics.best_time_slots,
      814 |       peerCompatibility: analytics.peer_compatibility,

      at ClassRecommendationService.optimal_class_size [as getStudentPreferences] (src/lib/services/class-recommendation-service.ts:811:35)
      at src/lib/services/class-recommendation-service.ts:171:34
      at withRetry (src/lib/services/crud-service.ts:284:14)
      at Object.<anonymous> (src/lib/services/__tests__/class-recommendation-service.test.ts:487:31)

FAIL src/lib/services/__tests__/time-slot-alternative-service.test.ts (36.383 s)
  ● TimeSlotAlternativeService › generateTimeAlternatives › should generate time slot alternatives

    expect(received).toBeGreaterThan(expected)

    Expected: > 0
    Received:   0

      175 |       expect(recommendations).toBeDefined();
      176 |       expect(Array.isArray(recommendations)).toBe(true);
    > 177 |       expect(recommendations.length).toBeGreaterThan(0);
          |                                      ^
      178 |
      179 |       // Check recommendation structure
      180 |       recommendations.forEach(rec => {

      at Object.toBeGreaterThan (src/lib/services/__tests__/time-slot-alternative-service.test.ts:177:38)

  ● TimeSlotAlternativeService › generateTimeAlternatives › should exclude preferred time slots from recommendations

    TypeError: _supabase.supabase.from(...).select(...).eq(...).eq(...).gte is not a function

      375 |       .eq('course.type', courseType)
      376 |       .eq('is_active', true)
    > 377 |       .gte('scheduled_start', slotStart.toISOString())
          |        ^
      378 |       .lt('scheduled_start', slotEnd.toISOString());
      379 |
      380 |     if (!classes?.length) return [];

      at TimeSlotAlternativeService.gte [as getAvailableClassesInTimeSlot] (src/lib/services/time-slot-alternative-service.ts:377:8)
      at getAvailableClassesInTimeSlot (src/lib/services/time-slot-alternative-service.ts:149:45)
      at withRetry (src/lib/services/crud-service.ts:284:14)
      at Object.<anonymous> (src/lib/services/__tests__/time-slot-alternative-service.test.ts:225:31)

  ● TimeSlotAlternativeService › generateTimeAlternatives › should filter out time slots with conflicts

    TypeError: _supabase.supabase.from(...).select(...).eq(...).eq(...).gte is not a function

      375 |       .eq('course.type', courseType)
      376 |       .eq('is_active', true)
    > 377 |       .gte('scheduled_start', slotStart.toISOString())
          |        ^
      378 |       .lt('scheduled_start', slotEnd.toISOString());
      379 |
      380 |     if (!classes?.length) return [];

      at TimeSlotAlternativeService.gte [as getAvailableClassesInTimeSlot] (src/lib/services/time-slot-alternative-service.ts:377:8)
      at getAvailableClassesInTimeSlot (src/lib/services/time-slot-alternative-service.ts:149:45)
      at withRetry (src/lib/services/crud-service.ts:284:14)
      at Object.<anonymous> (src/lib/services/__tests__/time-slot-alternative-service.test.ts:264:31)

  ● TimeSlotAlternativeService › generateTimeAlternatives › should respect available days constraint

    TypeError: _supabase.supabase.from(...).select(...).eq(...).eq(...).gte is not a function

      375 |       .eq('course.type', courseType)
      376 |       .eq('is_active', true)
    > 377 |       .gte('scheduled_start', slotStart.toISOString())
          |        ^
      378 |       .lt('scheduled_start', slotEnd.toISOString());
      379 |
      380 |     if (!classes?.length) return [];

      at TimeSlotAlternativeService.gte [as getAvailableClassesInTimeSlot] (src/lib/services/time-slot-alternative-service.ts:377:8)
      at getAvailableClassesInTimeSlot (src/lib/services/time-slot-alternative-service.ts:149:45)
      at withRetry (src/lib/services/crud-service.ts:284:14)
      at Object.<anonymous> (src/lib/services/__tests__/time-slot-alternative-service.test.ts:292:31)

  ● TimeSlotAlternativeService › generateTimeAlternatives › should sort recommendations by compatibility score

    TypeError: _supabase.supabase.from(...).select(...).eq(...).eq(...).gte is not a function

      375 |       .eq('course.type', courseType)
      376 |       .eq('is_active', true)
    > 377 |       .gte('scheduled_start', slotStart.toISOString())
          |        ^
      378 |       .lt('scheduled_start', slotEnd.toISOString());
      379 |
      380 |     if (!classes?.length) return [];

      at TimeSlotAlternativeService.gte [as getAvailableClassesInTimeSlot] (src/lib/services/time-slot-alternative-service.ts:377:8)
      at getAvailableClassesInTimeSlot (src/lib/services/time-slot-alternative-service.ts:149:45)
      at withRetry (src/lib/services/crud-service.ts:284:14)
      at Object.<anonymous> (src/lib/services/__tests__/time-slot-alternative-service.test.ts:339:31)

  ● TimeSlotAlternativeService › Student time preference analysis › should analyze student historical performance by time

    TypeError: _supabase.supabase.from(...).select(...).eq(...).eq(...).gte is not a function

      375 |       .eq('course.type', courseType)
      376 |       .eq('is_active', true)
    > 377 |       .gte('scheduled_start', slotStart.toISOString())
          |        ^
      378 |       .lt('scheduled_start', slotEnd.toISOString());
      379 |
      380 |     if (!classes?.length) return [];

      at TimeSlotAlternativeService.gte [as getAvailableClassesInTimeSlot] (src/lib/services/time-slot-alternative-service.ts:377:8)
      at getAvailableClassesInTimeSlot (src/lib/services/time-slot-alternative-service.ts:149:45)
      at withRetry (src/lib/services/crud-service.ts:284:14)
      at Object.<anonymous> (src/lib/services/__tests__/time-slot-alternative-service.test.ts:405:31)

  ● TimeSlotAlternativeService › Student time preference analysis › should handle students with no historical data

    TypeError: _supabase.supabase.from(...).select(...).eq(...).eq(...).gte is not a function

      375 |       .eq('course.type', courseType)
      376 |       .eq('is_active', true)
    > 377 |       .gte('scheduled_start', slotStart.toISOString())
          |        ^
      378 |       .lt('scheduled_start', slotEnd.toISOString());
      379 |
      380 |     if (!classes?.length) return [];

      at TimeSlotAlternativeService.gte [as getAvailableClassesInTimeSlot] (src/lib/services/time-slot-alternative-service.ts:377:8)
      at getAvailableClassesInTimeSlot (src/lib/services/time-slot-alternative-service.ts:149:45)
      at withRetry (src/lib/services/crud-service.ts:284:14)
      at Object.<anonymous> (src/lib/services/__tests__/time-slot-alternative-service.test.ts:448:31)

  ● TimeSlotAlternativeService › Performance prediction › should predict realistic student performance

    TypeError: _supabase.supabase.from(...).select(...).eq(...).eq(...).gte is not a function

      375 |       .eq('course.type', courseType)
      376 |       .eq('is_active', true)
    > 377 |       .gte('scheduled_start', slotStart.toISOString())
          |        ^
      378 |       .lt('scheduled_start', slotEnd.toISOString());
      379 |
      380 |     if (!classes?.length) return [];

      at TimeSlotAlternativeService.gte [as getAvailableClassesInTimeSlot] (src/lib/services/time-slot-alternative-service.ts:377:8)
      at getAvailableClassesInTimeSlot (src/lib/services/time-slot-alternative-service.ts:149:45)
      at withRetry (src/lib/services/crud-service.ts:284:14)
      at Object.<anonymous> (src/lib/services/__tests__/time-slot-alternative-service.test.ts:492:31)

  ● TimeSlotAlternativeService › Performance prediction › should identify optimal learning times

    TypeError: _supabase.supabase.from(...).select(...).eq(...).eq(...).gte is not a function

      375 |       .eq('course.type', courseType)
      376 |       .eq('is_active', true)
    > 377 |       .gte('scheduled_start', slotStart.toISOString())
          |        ^
      378 |       .lt('scheduled_start', slotEnd.toISOString());
      379 |
      380 |     if (!classes?.length) return [];

      at TimeSlotAlternativeService.gte [as getAvailableClassesInTimeSlot] (src/lib/services/time-slot-alternative-service.ts:377:8)
      at getAvailableClassesInTimeSlot (src/lib/services/time-slot-alternative-service.ts:149:45)
      at withRetry (src/lib/services/crud-service.ts:284:14)
      at Object.<anonymous> (src/lib/services/__tests__/time-slot-alternative-service.test.ts:530:31)

  ● TimeSlotAlternativeService › Error handling › should handle database errors gracefully

    Database error

      559 |         eq: jest.fn().mockReturnThis(),
      560 |         order: jest.fn().mockReturnThis(),
    > 561 |         limit: jest.fn().mockRejectedValue(new Error('Database error')),
          |                                            ^
      562 |       }));
      563 |
      564 |       const mockRequest = {

      at Object.<anonymous> (src/lib/services/__tests__/time-slot-alternative-service.test.ts:561:44)
      at TimeSlotAlternativeService.from [as analyzeStudentTimePreferences] (src/lib/services/time-slot-alternative-service.ts:215:8)
      at analyzeStudentTimePreferences (src/lib/services/time-slot-alternative-service.ts:136:42)
      at fn (src/lib/services/crud-service.ts:284:20)
      at Object.<anonymous> (src/lib/services/__tests__/time-slot-alternative-service.test.ts:570:31)

  ● TimeSlotAlternativeService › Error handling › should handle conflict detection service errors

    TypeError: _supabase.supabase.from(...).select(...).eq(...).eq(...).gte is not a function

      375 |       .eq('course.type', courseType)
      376 |       .eq('is_active', true)
    > 377 |       .gte('scheduled_start', slotStart.toISOString())
          |        ^
      378 |       .lt('scheduled_start', slotEnd.toISOString());
      379 |
      380 |     if (!classes?.length) return [];

      at TimeSlotAlternativeService.gte [as getAvailableClassesInTimeSlot] (src/lib/services/time-slot-alternative-service.ts:377:8)
      at getAvailableClassesInTimeSlot (src/lib/services/time-slot-alternative-service.ts:149:45)
      at withRetry (src/lib/services/crud-service.ts:284:14)
      at Object.<anonymous> (src/lib/services/__tests__/time-slot-alternative-service.test.ts:600:31)

  ● TimeSlotAlternativeService › Time slot generation › should respect advance booking constraints

    TypeError: _supabase.supabase.from(...).select(...).eq(...).eq(...).gte is not a function

      375 |       .eq('course.type', courseType)
      376 |       .eq('is_active', true)
    > 377 |       .gte('scheduled_start', slotStart.toISOString())
          |        ^
      378 |       .lt('scheduled_start', slotEnd.toISOString());
      379 |
      380 |     if (!classes?.length) return [];

      at TimeSlotAlternativeService.gte [as getAvailableClassesInTimeSlot] (src/lib/services/time-slot-alternative-service.ts:377:8)
      at getAvailableClassesInTimeSlot (src/lib/services/time-slot-alternative-service.ts:149:45)
      at withRetry (src/lib/services/crud-service.ts:284:14)
      at Object.<anonymous> (src/lib/services/__tests__/time-slot-alternative-service.test.ts:634:31)

  ● TimeSlotAlternativeService › Time slot generation › should limit recommendations to reasonable number

    TypeError: _supabase.supabase.from(...).select(...).eq(...).eq(...).gte is not a function

      375 |       .eq('course.type', courseType)
      376 |       .eq('is_active', true)
    > 377 |       .gte('scheduled_start', slotStart.toISOString())
          |        ^
      378 |       .lt('scheduled_start', slotEnd.toISOString());
      379 |
      380 |     if (!classes?.length) return [];

      at TimeSlotAlternativeService.gte [as getAvailableClassesInTimeSlot] (src/lib/services/time-slot-alternative-service.ts:377:8)
      at getAvailableClassesInTimeSlot (src/lib/services/time-slot-alternative-service.ts:149:45)
      at withRetry (src/lib/services/crud-service.ts:284:14)
      at Object.<anonymous> (src/lib/services/__tests__/time-slot-alternative-service.test.ts:669:31)

